python setup.py bdist_wheel
Building wheel torch-1.7.0a0+4f72382
-- Building version 1.7.0a0+4f72382
cmake -DBUILD_PYTHON=True -DBUILD_TEST=True -DCMAKE_BUILD_TYPE=Release -DCMAKE_INSTALL_PREFIX=/castles/nr/projects/d/duanj-ai-in-medical-imaging/.share/download/t1/pytorch/torch -DCMAKE_PREFIX_PATH=/rds/bear-apps/2019b/EL7-power9/software/Python/3.7.4-GCCcore-8.3.0/lib/python3.7/site-packages -DCUDNN_INCLUDE_DIR=/rds/bear-apps/2019b/EL7-power9/software/cuDNN/7.6.4.38-gcccuda-2019b/include -DCUDNN_LIBRARY=/rds/bear-apps/2019b/EL7-power9/software/cuDNN/7.6.4.38-gcccuda-2019b/lib -DNUMPY_INCLUDE_DIR=/castles/nr/projects/d/duanj-ai-in-medical-imaging/.share/conda-env/ml/lib/python3.7/site-packages/numpy/core/include -DPYTHON_EXECUTABLE=/rds/bear-apps/2019b/EL7-power9/software/Python/3.7.4-GCCcore-8.3.0/bin/python -DPYTHON_INCLUDE_DIR=/rds/bear-apps/2019b/EL7-power9/software/Python/3.7.4-GCCcore-8.3.0/include/python3.7m -DPYTHON_LIBRARY=/rds/bear-apps/2019b/EL7-power9/software/Python/3.7.4-GCCcore-8.3.0/lib/libpython3.7m.so.1.0 -DTORCH_BUILD_VERSION=1.7.0a0+4f72382 -DUSE_NUMPY=True /castles/nr/projects/d/duanj-ai-in-medical-imaging/.share/download/t1/pytorch
-- The CXX compiler identification is GNU 8.3.0
-- The C compiler identification is GNU 8.3.0
-- Check for working CXX compiler: /rds/bear-apps/2019b/EL7-power9/software/GCCcore/8.3.0/bin/c++
-- Check for working CXX compiler: /rds/bear-apps/2019b/EL7-power9/software/GCCcore/8.3.0/bin/c++ -- works
-- Detecting CXX compiler ABI info
-- Detecting CXX compiler ABI info - done
-- Detecting CXX compile features
-- Detecting CXX compile features - done
-- Check for working C compiler: /rds/bear-apps/2019b/EL7-power9/software/GCCcore/8.3.0/bin/cc
-- Check for working C compiler: /rds/bear-apps/2019b/EL7-power9/software/GCCcore/8.3.0/bin/cc -- works
-- Detecting C compiler ABI info
-- Detecting C compiler ABI info - done
-- Detecting C compile features
-- Detecting C compile features - done
-- Not forcing any particular BLAS to be found
-- Performing Test COMPILER_WORKS
-- Performing Test COMPILER_WORKS - Success
-- Performing Test SUPPORT_GLIBCXX_USE_C99
-- Performing Test SUPPORT_GLIBCXX_USE_C99 - Success
-- Performing Test CAFFE2_EXCEPTION_PTR_SUPPORTED
-- Performing Test CAFFE2_EXCEPTION_PTR_SUPPORTED - Success
-- std::exception_ptr is supported.
-- Performing Test CAFFE2_NEED_TO_TURN_OFF_DEPRECATION_WARNING
-- Performing Test CAFFE2_NEED_TO_TURN_OFF_DEPRECATION_WARNING - Failed
-- Turning off deprecation warning due to glog.
-- Performing Test CAFFE2_COMPILER_SUPPORTS_AVX2_EXTENSIONS
-- Performing Test CAFFE2_COMPILER_SUPPORTS_AVX2_EXTENSIONS - Failed
-- Performing Test CAFFE2_COMPILER_SUPPORTS_AVX512_EXTENSIONS
-- Performing Test CAFFE2_COMPILER_SUPPORTS_AVX512_EXTENSIONS - Failed
-- Performing Test COMPILER_SUPPORTS_HIDDEN_VISIBILITY
-- Performing Test COMPILER_SUPPORTS_HIDDEN_VISIBILITY - Success
-- Performing Test COMPILER_SUPPORTS_HIDDEN_INLINE_VISIBILITY
-- Performing Test COMPILER_SUPPORTS_HIDDEN_INLINE_VISIBILITY - Success
-- Performing Test COMPILER_SUPPORTS_RDYNAMIC
-- Performing Test COMPILER_SUPPORTS_RDYNAMIC - Success
-- Building using own protobuf under third_party per request.
-- Use custom protobuf build.
--
-- 3.11.4.0
-- Looking for pthread.h
-- Looking for pthread.h - found
-- Performing Test CMAKE_HAVE_LIBC_PTHREAD
-- Performing Test CMAKE_HAVE_LIBC_PTHREAD - Failed
-- Check if compiler accepts -pthread
-- Check if compiler accepts -pthread - yes
-- Found Threads: TRUE
-- Performing Test protobuf_HAVE_BUILTIN_ATOMICS
-- Performing Test protobuf_HAVE_BUILTIN_ATOMICS - Success
-- Caffe2 protobuf include directory: $<BUILD_INTERFACE:/castles/nr/projects/d/duanj-ai-in-medical-imaging/.share/download/t1/pytorch/third_party/protobuf/src>$<INSTALL_INTERFACE:include>
-- Trying to find preferred BLAS backend of choice: MKL
-- MKL_THREADING = OMP
-- Looking for sys/types.h
-- Looking for sys/types.h - found
-- Looking for stdint.h
-- Looking for stdint.h - found
-- Looking for stddef.h
-- Looking for stddef.h - found
-- Check size of void*
-- Check size of void* - done
-- MKL_THREADING = OMP
CMake Warning at cmake/Dependencies.cmake:148 (message):
  MKL could not be found.  Defaulting to Eigen
Call Stack (most recent call first):
  CMakeLists.txt:472 (include)


CMake Warning at cmake/Dependencies.cmake:172 (message):
  Preferred BLAS (MKL) cannot be found, now searching for a general BLAS
  library
Call Stack (most recent call first):
  CMakeLists.txt:472 (include)


-- MKL_THREADING = OMP
-- Checking for [mkl_intel_lp64 - mkl_gnu_thread - mkl_core - gomp - pthread - m - dl]
--   Library mkl_intel_lp64: not found
-- Checking for [mkl_intel_lp64 - mkl_intel_thread - mkl_core - gomp - pthread - m - dl]
--   Library mkl_intel_lp64: not found
-- Checking for [mkl_intel - mkl_gnu_thread - mkl_core - gomp - pthread - m - dl]
--   Library mkl_intel: not found
-- Checking for [mkl_intel - mkl_intel_thread - mkl_core - gomp - pthread - m - dl]
--   Library mkl_intel: not found
-- Checking for [mkl_gf_lp64 - mkl_gnu_thread - mkl_core - gomp - pthread - m - dl]
--   Library mkl_gf_lp64: not found
-- Checking for [mkl_gf_lp64 - mkl_intel_thread - mkl_core - gomp - pthread - m - dl]
--   Library mkl_gf_lp64: not found
-- Checking for [mkl_gf - mkl_gnu_thread - mkl_core - gomp - pthread - m - dl]
--   Library mkl_gf: not found
-- Checking for [mkl_gf - mkl_intel_thread - mkl_core - gomp - pthread - m - dl]
--   Library mkl_gf: not found
-- Checking for [mkl_intel_lp64 - mkl_gnu_thread - mkl_core - iomp5 - pthread - m - dl]
--   Library mkl_intel_lp64: not found
-- Checking for [mkl_intel_lp64 - mkl_intel_thread - mkl_core - iomp5 - pthread - m - dl]
--   Library mkl_intel_lp64: not found
-- Checking for [mkl_intel - mkl_gnu_thread - mkl_core - iomp5 - pthread - m - dl]
--   Library mkl_intel: not found
-- Checking for [mkl_intel - mkl_intel_thread - mkl_core - iomp5 - pthread - m - dl]
--   Library mkl_intel: not found
-- Checking for [mkl_gf_lp64 - mkl_gnu_thread - mkl_core - iomp5 - pthread - m - dl]
--   Library mkl_gf_lp64: not found
-- Checking for [mkl_gf_lp64 - mkl_intel_thread - mkl_core - iomp5 - pthread - m - dl]
--   Library mkl_gf_lp64: not found
-- Checking for [mkl_gf - mkl_gnu_thread - mkl_core - iomp5 - pthread - m - dl]
--   Library mkl_gf: not found
-- Checking for [mkl_gf - mkl_intel_thread - mkl_core - iomp5 - pthread - m - dl]
--   Library mkl_gf: not found
-- Checking for [mkl_intel_lp64 - mkl_gnu_thread - mkl_core - pthread - m - dl]
--   Library mkl_intel_lp64: not found
-- Checking for [mkl_intel_lp64 - mkl_intel_thread - mkl_core - pthread - m - dl]
--   Library mkl_intel_lp64: not found
-- Checking for [mkl_intel - mkl_gnu_thread - mkl_core - pthread - m - dl]
--   Library mkl_intel: not found
-- Checking for [mkl_intel - mkl_intel_thread - mkl_core - pthread - m - dl]
--   Library mkl_intel: not found
-- Checking for [mkl_gf_lp64 - mkl_gnu_thread - mkl_core - pthread - m - dl]
--   Library mkl_gf_lp64: not found
-- Checking for [mkl_gf_lp64 - mkl_intel_thread - mkl_core - pthread - m - dl]
--   Library mkl_gf_lp64: not found
-- Checking for [mkl_gf - mkl_gnu_thread - mkl_core - pthread - m - dl]
--   Library mkl_gf: not found
-- Checking for [mkl_gf - mkl_intel_thread - mkl_core - pthread - m - dl]
--   Library mkl_gf: not found
-- Checking for [mkl_intel_lp64 - mkl_sequential - mkl_core - m - dl]
--   Library mkl_intel_lp64: not found
-- Checking for [mkl_intel - mkl_sequential - mkl_core - m - dl]
--   Library mkl_intel: not found
-- Checking for [mkl_gf_lp64 - mkl_sequential - mkl_core - m - dl]
--   Library mkl_gf_lp64: not found
-- Checking for [mkl_gf - mkl_sequential - mkl_core - m - dl]
--   Library mkl_gf: not found
-- Checking for [mkl_intel_lp64 - mkl_core - gomp - pthread - m - dl]
--   Library mkl_intel_lp64: not found
-- Checking for [mkl_intel - mkl_core - gomp - pthread - m - dl]
--   Library mkl_intel: not found
-- Checking for [mkl_gf_lp64 - mkl_core - gomp - pthread - m - dl]
--   Library mkl_gf_lp64: not found
-- Checking for [mkl_gf - mkl_core - gomp - pthread - m - dl]
--   Library mkl_gf: not found
-- Checking for [mkl_intel_lp64 - mkl_core - iomp5 - pthread - m - dl]
--   Library mkl_intel_lp64: not found
-- Checking for [mkl_intel - mkl_core - iomp5 - pthread - m - dl]
--   Library mkl_intel: not found
-- Checking for [mkl_gf_lp64 - mkl_core - iomp5 - pthread - m - dl]
--   Library mkl_gf_lp64: not found
-- Checking for [mkl_gf - mkl_core - iomp5 - pthread - m - dl]
--   Library mkl_gf: not found
-- Checking for [mkl_intel_lp64 - mkl_core - pthread - m - dl]
--   Library mkl_intel_lp64: not found
-- Checking for [mkl_intel - mkl_core - pthread - m - dl]
--   Library mkl_intel: not found
-- Checking for [mkl_gf_lp64 - mkl_core - pthread - m - dl]
--   Library mkl_gf_lp64: not found
-- Checking for [mkl_gf - mkl_core - pthread - m - dl]
--   Library mkl_gf: not found
-- Checking for [mkl - guide - pthread - m]
--   Library mkl: not found
-- MKL library not found
-- Checking for [Accelerate]
--   Library Accelerate: BLAS_Accelerate_LIBRARY-NOTFOUND
-- Checking for [vecLib]
--   Library vecLib: BLAS_vecLib_LIBRARY-NOTFOUND
-- Checking for [openblas]
--   Library openblas: /rds/bear-apps/2019b/EL7-power9/software/OpenBLAS/0.3.7-GCC-8.3.0/lib/libopenblas.so
-- Looking for sgemm_
-- Looking for sgemm_ - found
-- Performing Test BLAS_F2C_DOUBLE_WORKS
-- Performing Test BLAS_F2C_DOUBLE_WORKS - Success
-- Performing Test BLAS_F2C_FLOAT_WORKS
-- Performing Test BLAS_F2C_FLOAT_WORKS - Success
-- Performing Test BLAS_USE_CBLAS_DOT
-- Performing Test BLAS_USE_CBLAS_DOT - Success
-- Found a library with BLAS API (open).
CMake Warning at cmake/Dependencies.cmake:233 (message):
  Target architecture "ppc64le" is not supported in {Q/X}NNPACK.  Supported
  architectures are x86, x86-64, ARM, and ARM64.  Turn this warning off by
  USE_{Q/X}NNPACK=OFF.
Call Stack (most recent call first):
  CMakeLists.txt:472 (include)


CMake Warning at third_party/cpuinfo/CMakeLists.txt:71 (MESSAGE):
  Target processor architecture "ppc64le" is not supported in cpuinfo.
  cpuinfo will compile, but cpuinfo_initialize() will always fail.


-- Found PythonInterp: /rds/bear-apps/2019b/EL7-power9/software/Python/3.7.4-GCCcore-8.3.0/bin/python (found version "3.7.4")
-- Found Git: /usr/bin/git (found version "1.8.3.1")
-- git Version: v1.4.0-505be96a-dirty
-- Version: 1.4.0
-- Performing Test HAVE_CXX_FLAG_STD_CXX11
-- Performing Test HAVE_CXX_FLAG_STD_CXX11 - Success
-- Performing Test HAVE_CXX_FLAG_WALL
-- Performing Test HAVE_CXX_FLAG_WALL - Success
-- Performing Test HAVE_CXX_FLAG_WEXTRA
-- Performing Test HAVE_CXX_FLAG_WEXTRA - Success
-- Performing Test HAVE_CXX_FLAG_WSHADOW
-- Performing Test HAVE_CXX_FLAG_WSHADOW - Success
-- Performing Test HAVE_CXX_FLAG_WERROR
-- Performing Test HAVE_CXX_FLAG_WERROR - Success
-- Performing Test HAVE_CXX_FLAG_PEDANTIC
-- Performing Test HAVE_CXX_FLAG_PEDANTIC - Success
-- Performing Test HAVE_CXX_FLAG_PEDANTIC_ERRORS
-- Performing Test HAVE_CXX_FLAG_PEDANTIC_ERRORS - Success
-- Performing Test HAVE_CXX_FLAG_WSHORTEN_64_TO_32
-- Performing Test HAVE_CXX_FLAG_WSHORTEN_64_TO_32 - Failed
-- Performing Test HAVE_CXX_FLAG_WFLOAT_EQUAL
-- Performing Test HAVE_CXX_FLAG_WFLOAT_EQUAL - Success
-- Performing Test HAVE_CXX_FLAG_FSTRICT_ALIASING
-- Performing Test HAVE_CXX_FLAG_FSTRICT_ALIASING - Success
-- Performing Test HAVE_CXX_FLAG_WNO_DEPRECATED_DECLARATIONS
-- Performing Test HAVE_CXX_FLAG_WNO_DEPRECATED_DECLARATIONS - Success
-- Performing Test HAVE_CXX_FLAG_WSTRICT_ALIASING
-- Performing Test HAVE_CXX_FLAG_WSTRICT_ALIASING - Success
-- Performing Test HAVE_CXX_FLAG_WD654
-- Performing Test HAVE_CXX_FLAG_WD654 - Failed
-- Performing Test HAVE_CXX_FLAG_WTHREAD_SAFETY
-- Performing Test HAVE_CXX_FLAG_WTHREAD_SAFETY - Failed
-- Performing Test HAVE_CXX_FLAG_COVERAGE
-- Performing Test HAVE_CXX_FLAG_COVERAGE - Success
-- Performing Test HAVE_STD_REGEX
-- Performing Test HAVE_STD_REGEX
-- Performing Test HAVE_STD_REGEX -- success
-- Performing Test HAVE_GNU_POSIX_REGEX
-- Performing Test HAVE_GNU_POSIX_REGEX
-- Performing Test HAVE_GNU_POSIX_REGEX -- failed to compile
-- Performing Test HAVE_POSIX_REGEX
-- Performing Test HAVE_POSIX_REGEX
-- Performing Test HAVE_POSIX_REGEX -- success
-- Performing Test HAVE_STEADY_CLOCK
-- Performing Test HAVE_STEADY_CLOCK
-- Performing Test HAVE_STEADY_CLOCK -- success
CMake Warning at cmake/Dependencies.cmake:659 (message):
  A compiler with AVX512 support is required for FBGEMM.  Not compiling with
  FBGEMM.  Turn this warning off by USE_FBGEMM=OFF.
Call Stack (most recent call first):
  CMakeLists.txt:472 (include)


CMake Warning at cmake/Dependencies.cmake:698 (message):
  Turning USE_FAKELOWP off as it depends on USE_FBGEMM.
Call Stack (most recent call first):
  CMakeLists.txt:472 (include)


-- Found Numa: /usr/include
-- Found Numa  (include: /usr/include, library: /usr/lib64/libnuma.so)
-- Using third party subdirectory Eigen.
-- Found PythonInterp: /rds/bear-apps/2019b/EL7-power9/software/Python/3.7.4-GCCcore-8.3.0/bin/python (found suitable version "3.7.4", minimum required is "3.0")
-- Found PythonLibs: /rds/bear-apps/2019b/EL7-power9/software/Python/3.7.4-GCCcore-8.3.0/lib/libpython3.7m.so.1.0 (found suitable version "3.7.4", minimum required is "3.0")
-- Could NOT find pybind11 (missing: pybind11_DIR)
-- Could NOT find pybind11 (missing: pybind11_INCLUDE_DIR)
-- Using third_party/pybind11.
-- pybind11 include dirs: /castles/nr/projects/d/duanj-ai-in-medical-imaging/.share/download/t1/pytorch/cmake/../third_party/pybind11/include
-- Found MPI_C: /rds/bear-apps/2019b/EL7-power9/software/OpenMPI/3.1.4-gcccuda-2019b/lib/libmpi.so (found version "3.1")
-- Found MPI_CXX: /rds/bear-apps/2019b/EL7-power9/software/OpenMPI/3.1.4-gcccuda-2019b/lib/libmpi.so (found version "3.1")
-- Found MPI: TRUE (found version "3.1")
-- MPI support found
-- MPI compile flags:
-- MPI include path: /rds/bear-apps/2019b/EL7-power9/software/OpenMPI/3.1.4-gcccuda-2019b/include
-- MPI LINK flags path: -Wl,-rpath -Wl,/rds/bear-apps/2019b/EL7-power9/software/hwloc/1.11.12-GCCcore-8.3.0/lib -Wl,-rpath -Wl,/rds/bear-apps/2019b/EL7-power9/software/OpenMPI/3.1.4-gcccuda-2019b/lib -Wl,--enable-new-dtags -L/rds/bear-apps/2019b/EL7-power9/software/hwloc/1.11.12-GCCcore-8.3.0/lib
-- MPI libraries: /rds/bear-apps/2019b/EL7-power9/software/OpenMPI/3.1.4-gcccuda-2019b/lib/libmpi.so
-- Found OpenMPI with CUDA support built.
-- Adding OpenMP CXX_FLAGS: -fopenmp
-- Will link against OpenMP libraries: /rds/bear-apps/2019b/EL7-power9/software/GCCcore/8.3.0/lib64/libgomp.so;/lib64/libpthread.so
CMake Warning (dev) at cmake/public/cuda.cmake:29 (find_package):
  Policy CMP0074 is not set: find_package uses <PackageName>_ROOT variables.
  Run "cmake --help-policy CMP0074" for policy details.  Use the cmake_policy
  command to set the policy and suppress this warning.

  Environment variable CUDA_ROOT is set to:

    /rds/bear-apps/2019b/EL7-power9/software/CUDA/10.1.243-GCC-8.3.0

  For compatibility, CMake is ignoring the variable.
Call Stack (most recent call first):
  cmake/Dependencies.cmake:1111 (include)
  CMakeLists.txt:472 (include)
This warning is for project developers.  Use -Wno-dev to suppress it.

-- Found CUDA: /rds/bear-apps/2019b/EL7-power9/software/CUDA/10.1.243-GCC-8.3.0 (found version "10.1")
-- Caffe2: CUDA detected: 10.1
-- Caffe2: CUDA nvcc is: /rds/bear-apps/2019b/EL7-power9/software/CUDA/10.1.243-GCC-8.3.0/bin/nvcc
-- Caffe2: CUDA toolkit directory: /rds/bear-apps/2019b/EL7-power9/software/CUDA/10.1.243-GCC-8.3.0
-- Caffe2: Header version is: 10.1
-- Found CUDNN: /rds/bear-apps/2019b/EL7-power9/software/cuDNN/7.6.4.38-gcccuda-2019b/lib/libcudnn.so
-- Found cuDNN: v7.6.4  (include: /rds/bear-apps/2019b/EL7-power9/software/cuDNN/7.6.4.38-gcccuda-2019b/include, library: /rds/bear-apps/2019b/EL7-power9/software/cuDNN/7.6.4.38-gcccuda-2019b/lib/libcudnn.so)
-- Autodetected CUDA architecture(s):  7.0 7.0 7.0 7.0
-- Added CUDA NVCC flags for: -gencode;arch=compute_70,code=sm_70
-- Autodetected CUDA architecture(s):  7.0 7.0 7.0 7.0
CMake Warning at cmake/External/nccl.cmake:65 (message):
  Objcopy version is too old to support NCCL library slimming
Call Stack (most recent call first):
  cmake/Dependencies.cmake:1233 (include)
  CMakeLists.txt:472 (include)


-- Could NOT find CUB (missing: CUB_INCLUDE_DIR)
CMake Warning (dev) at third_party/gloo/CMakeLists.txt:21 (option):
  Policy CMP0077 is not set: option() honors normal variables.  Run "cmake
  --help-policy CMP0077" for policy details.  Use the cmake_policy command to
  set the policy and suppress this warning.

  For compatibility with older versions of CMake, option is clearing the
  normal variable 'BUILD_BENCHMARK'.
This warning is for project developers.  Use -Wno-dev to suppress it.

-- MPI include path: /rds/bear-apps/2019b/EL7-power9/software/OpenMPI/3.1.4-gcccuda-2019b/include
-- MPI libraries: /rds/bear-apps/2019b/EL7-power9/software/OpenMPI/3.1.4-gcccuda-2019b/lib/libmpi.so
CMake Warning (dev) at third_party/gloo/cmake/Cuda.cmake:133 (find_package):
  Policy CMP0074 is not set: find_package uses <PackageName>_ROOT variables.
  Run "cmake --help-policy CMP0074" for policy details.  Use the cmake_policy
  command to set the policy and suppress this warning.

  Environment variable CUDA_ROOT is set to:

    /rds/bear-apps/2019b/EL7-power9/software/CUDA/10.1.243-GCC-8.3.0

  For compatibility, CMake is ignoring the variable.
Call Stack (most recent call first):
  third_party/gloo/cmake/Dependencies.cmake:78 (include)
  third_party/gloo/CMakeLists.txt:75 (include)
This warning is for project developers.  Use -Wno-dev to suppress it.

-- Found CUDA: /rds/bear-apps/2019b/EL7-power9/software/CUDA/10.1.243-GCC-8.3.0 (found suitable version "10.1", minimum required is "7.0")
-- CUDA detected: 10.1
-- Could NOT find NCCL (missing: NCCL_INCLUDE_DIR NCCL_LIBRARY)
CMake Warning at third_party/gloo/cmake/Dependencies.cmake:96 (message):
  Not compiling with NCCL support.  Suppress this warning with
  -DUSE_NCCL=OFF.
Call Stack (most recent call first):
  third_party/gloo/CMakeLists.txt:75 (include)


CMake Warning (dev) at /rds/bear-apps/2019b/EL7-power9/software/CMake/3.15.3-GCCcore-8.3.0/share/cmake-3.15/Modules/CTest.cmake:50 (option):
  Policy CMP0077 is not set: option() honors normal variables.  Run "cmake
  --help-policy CMP0077" for policy details.  Use the cmake_policy command to
  set the policy and suppress this warning.

  For compatibility with older versions of CMake, option is clearing the
  normal variable 'BUILD_TESTING'.
Call Stack (most recent call first):
  third_party/tensorpipe/third_party/libuv/CMakeLists.txt:13 (include)
This warning is for project developers.  Use -Wno-dev to suppress it.

-- Performing Test UV_LINT_W4
-- Performing Test UV_LINT_W4 - Failed
-- Performing Test UV_LINT_WALL
-- Performing Test UV_LINT_WALL - Success
-- Performing Test UV_LINT_NO_UNUSED_PARAMETER
-- Performing Test UV_LINT_NO_UNUSED_PARAMETER - Success
-- Performing Test UV_LINT_STRICT_PROTOTYPES
-- Performing Test UV_LINT_STRICT_PROTOTYPES - Success
-- Performing Test UV_LINT_EXTRA
-- Performing Test UV_LINT_EXTRA - Success
-- Found uv: 1.37.0 (found version "1.37.0")
CMake Warning at cmake/Dependencies.cmake:1351 (message):
  Metal is only used in ios builds.
Call Stack (most recent call first):
  CMakeLists.txt:472 (include)


Generated: /castles/nr/projects/d/duanj-ai-in-medical-imaging/.share/download/t1/pytorch/build/third_party/onnx/onnx/onnx_onnx_torch-ml.proto
Generated: /castles/nr/projects/d/duanj-ai-in-medical-imaging/.share/download/t1/pytorch/build/third_party/onnx/onnx/onnx-operators_onnx_torch-ml.proto
--
-- ******** Summary ********
--   CMake version         : 3.15.3
--   CMake command         : /rds/bear-apps/2019b/EL7-power9/software/CMake/3.15.3-GCCcore-8.3.0/bin/cmake
--   System                : Linux
--   C++ compiler          : /rds/bear-apps/2019b/EL7-power9/software/GCCcore/8.3.0/bin/c++
--   C++ compiler version  : 8.3.0
--   CXX flags             :  -Wno-deprecated -fvisibility-inlines-hidden -fopenmp -Wnon-virtual-dtor
--   Build type            : Release
--   Compile definitions   : ONNX_ML=1;ONNXIFI_ENABLE_EXT=1
--   CMAKE_PREFIX_PATH     : /rds/bear-apps/2019b/EL7-power9/software/Python/3.7.4-GCCcore-8.3.0/lib/python3.7/site-packages;/rds/bear-apps/2019b/EL7-power9/software/CUDA/10.1.243-GCC-8.3.0
--   CMAKE_INSTALL_PREFIX  : /castles/nr/projects/d/duanj-ai-in-medical-imaging/.share/download/t1/pytorch/torch
--   CMAKE_MODULE_PATH     : /castles/nr/projects/d/duanj-ai-in-medical-imaging/.share/download/t1/pytorch/cmake/Modules;/castles/nr/projects/d/duanj-ai-in-medical-imaging/.share/download/t1/pytorch/cmake/public/../Modules_CUDA_fix
--
--   ONNX version          : 1.7.0
--   ONNX NAMESPACE        : onnx_torch
--   ONNX_BUILD_TESTS      : OFF
--   ONNX_BUILD_BENCHMARKS : OFF
--   ONNX_USE_LITE_PROTO   : OFF
--   ONNXIFI_DUMMY_BACKEND : OFF
--   ONNXIFI_ENABLE_EXT    : OFF
--
--   Protobuf compiler     :
--   Protobuf includes     :
--   Protobuf libraries    :
--   BUILD_ONNX_PYTHON     : OFF
--
-- ******** Summary ********
--   CMake version         : 3.15.3
--   CMake command         : /rds/bear-apps/2019b/EL7-power9/software/CMake/3.15.3-GCCcore-8.3.0/bin/cmake
--   System                : Linux
--   C++ compiler          : /rds/bear-apps/2019b/EL7-power9/software/GCCcore/8.3.0/bin/c++
--   C++ compiler version  : 8.3.0
--   CXX flags             :  -Wno-deprecated -fvisibility-inlines-hidden -fopenmp -Wnon-virtual-dtor
--   Build type            : Release
--   Compile definitions   : ONNX_ML=1;ONNXIFI_ENABLE_EXT=1
--   CMAKE_PREFIX_PATH     : /rds/bear-apps/2019b/EL7-power9/software/Python/3.7.4-GCCcore-8.3.0/lib/python3.7/site-packages;/rds/bear-apps/2019b/EL7-power9/software/CUDA/10.1.243-GCC-8.3.0
--   CMAKE_INSTALL_PREFIX  : /castles/nr/projects/d/duanj-ai-in-medical-imaging/.share/download/t1/pytorch/torch
--   CMAKE_MODULE_PATH     : /castles/nr/projects/d/duanj-ai-in-medical-imaging/.share/download/t1/pytorch/cmake/Modules;/castles/nr/projects/d/duanj-ai-in-medical-imaging/.share/download/t1/pytorch/cmake/public/../Modules_CUDA_fix
--
--   ONNX version          : 1.4.1
--   ONNX NAMESPACE        : onnx_torch
--   ONNX_BUILD_TESTS      : OFF
--   ONNX_BUILD_BENCHMARKS : OFF
--   ONNX_USE_LITE_PROTO   : OFF
--   ONNXIFI_DUMMY_BACKEND : OFF
--
--   Protobuf compiler     :
--   Protobuf includes     :
--   Protobuf libraries    :
--   BUILD_ONNX_PYTHON     : OFF
-- Found CUDA with FP16 support, compiling with torch.cuda.HalfTensor
-- Adding -DNDEBUG to compile flags
-- MAGMA not found. Compiling without MAGMA support
-- Could not find hardware support for NEON on this machine.
-- No OMAP3 processor on this machine.
-- No OMAP4 processor on this machine.
-- Looking for cpuid.h
-- Looking for cpuid.h - not found
-- Performing Test NO_GCC_EBX_FPIC_BUG
-- Performing Test NO_GCC_EBX_FPIC_BUG - Failed
-- Performing Test C_HAS_AVX_1
-- Performing Test C_HAS_AVX_1 - Failed
-- Performing Test C_HAS_AVX_2
-- Performing Test C_HAS_AVX_2 - Failed
-- Performing Test C_HAS_AVX_3
-- Performing Test C_HAS_AVX_3 - Failed
-- Performing Test C_HAS_AVX2_1
-- Performing Test C_HAS_AVX2_1 - Failed
-- Performing Test C_HAS_AVX2_2
-- Performing Test C_HAS_AVX2_2 - Failed
-- Performing Test C_HAS_AVX2_3
-- Performing Test C_HAS_AVX2_3 - Failed
-- Performing Test CXX_HAS_AVX_1
-- Performing Test CXX_HAS_AVX_1 - Failed
-- Performing Test CXX_HAS_AVX_2
-- Performing Test CXX_HAS_AVX_2 - Failed
-- Performing Test CXX_HAS_AVX_3
-- Performing Test CXX_HAS_AVX_3 - Failed
-- Performing Test CXX_HAS_AVX2_1
-- Performing Test CXX_HAS_AVX2_1 - Failed
-- Performing Test CXX_HAS_AVX2_2
-- Performing Test CXX_HAS_AVX2_2 - Failed
-- Performing Test CXX_HAS_AVX2_3
-- Performing Test CXX_HAS_AVX2_3 - Failed
-- Looking for cheev_
-- Looking for cheev_ - found
-- Found a library with LAPACK API (open).
disabling ROCM because NOT USE_ROCM is set
-- MIOpen not found. Compiling without MIOpen support
disabling MKLDNN because USE_MKLDNN is not set
-- Looking for clock_gettime in rt
-- Looking for clock_gettime in rt - found
-- Looking for mmap
-- Looking for mmap - found
-- Looking for shm_open
-- Looking for shm_open - found
-- Looking for shm_unlink
-- Looking for shm_unlink - found
-- Looking for malloc_usable_size
-- Looking for malloc_usable_size - found
-- Performing Test C_HAS_THREAD
-- Performing Test C_HAS_THREAD - Success
-- Version: 6.2.0
-- Build type: Release
-- CXX_STANDARD: 14
-- Performing Test has_std_14_flag
-- Performing Test has_std_14_flag - Success
-- Performing Test has_std_1y_flag
-- Performing Test has_std_1y_flag - Success
-- Performing Test SUPPORTS_USER_DEFINED_LITERALS
-- Performing Test SUPPORTS_USER_DEFINED_LITERALS - Success
-- Performing Test FMT_HAS_VARIANT
-- Performing Test FMT_HAS_VARIANT - Success
-- Required features: cxx_variadic_templates
-- Looking for strtod_l
-- Looking for strtod_l - not found
-- GCC 8.3.0: Adding gcc and gcc_s libs to link line
-- Performing Test HAS_WERROR_FORMAT
-- Performing Test HAS_WERROR_FORMAT - Success
-- Looking for backtrace
-- Looking for backtrace - found
-- backtrace facility detected in default set of libraries
-- Found Backtrace: /usr/include
-- NUMA paths:
-- /usr/include
-- /usr/lib64/libnuma.so
-- Using ATen parallel backend: OMP
CMake Deprecation Warning at third_party/sleef/CMakeLists.txt:20 (cmake_policy):
  The OLD behavior for policy CMP0066 will be removed from a future version
  of CMake.

  The cmake-policies(7) manual explains that the OLD behaviors of all
  policies are deprecated and that a policy should be set to OLD only under
  specific short-term circumstances.  Projects should be ported to the NEW
  behavior and not rely on setting a policy to OLD.


-- Found OpenSSL: /usr/lib64/libcrypto.so (found version "1.0.2k")
-- Check size of long double
-- Check size of long double - done
-- Performing Test COMPILER_SUPPORTS_LONG_DOUBLE
-- Performing Test COMPILER_SUPPORTS_LONG_DOUBLE - Success
-- Performing Test COMPILER_SUPPORTS_FLOAT128
-- Performing Test COMPILER_SUPPORTS_FLOAT128 - Success
-- Performing Test COMPILER_SUPPORTS_VSX
-- Performing Test COMPILER_SUPPORTS_VSX - Failed
-- Found OpenMP_C: -fopenmp (found version "4.5")
-- Found OpenMP_CXX: -fopenmp (found version "4.5")
-- Found OpenMP: TRUE (found version "4.5")
-- Performing Test COMPILER_SUPPORTS_OPENMP
-- Performing Test COMPILER_SUPPORTS_OPENMP - Success
-- Performing Test COMPILER_SUPPORTS_WEAK_ALIASES
-- Performing Test COMPILER_SUPPORTS_WEAK_ALIASES - Success
-- Performing Test COMPILER_SUPPORTS_BUILTIN_MATH
-- Performing Test COMPILER_SUPPORTS_BUILTIN_MATH - Success
-- Performing Test COMPILER_SUPPORTS_SYS_GETRANDOM
-- Performing Test COMPILER_SUPPORTS_SYS_GETRANDOM - Success
-- Configuring build for SLEEF-v3.4.0
   Target system: Linux-4.14.0-115.7.1.el7a.ppc64le
   Target processor: ppc64le
   Host system: Linux-4.14.0-115.7.1.el7a.ppc64le
   Host processor: ppc64le
   Detected C compiler: GNU @ /rds/bear-apps/2019b/EL7-power9/software/GCCcore/8.3.0/bin/cc
-- Using option `-Wall -Wno-unused -Wno-attributes -Wno-unused-result -Wno-psabi -ffp-contract=off -fno-math-errno -fno-trapping-math` to compile libsleef
-- Building shared libs : OFF
-- MPFR : /usr/lib64/libmpfr.so
-- MPFR header file in /usr/include
-- GMP : /usr/lib64/libgmp.so
-- RT : /usr/lib64/librt.so
-- FFTW3 : LIBFFTW3-NOTFOUND
-- OPENSSL : 1.0.2k
-- SDE : SDE_COMMAND-NOTFOUND
-- RUNNING_ON_TRAVIS : 0
-- COMPILER_SUPPORTS_OPENMP : 1
AT_INSTALL_INCLUDE_DIR include/ATen/core
core header install: /castles/nr/projects/d/duanj-ai-in-medical-imaging/.share/download/t1/pytorch/build/aten/src/ATen/core/TensorBody.h
-- Include NCCL operators
-- Excluding FakeLowP operators
-- Excluding ideep operators as we are not using ideep
-- Excluding image processing operators due to no opencv
-- Excluding video processing operators due to no opencv
-- Include Observer library
-- /rds/bear-apps/2019b/EL7-power9/software/GCCcore/8.3.0/bin/c++ /castles/nr/projects/d/duanj-ai-in-medical-imaging/.share/download/t1/pytorch/torch/abi-check.cpp -o /castles/nr/projects/d/duanj-ai-in-medical-imaging/.share/download/t1/pytorch/build/abi-check
-- Determined _GLIBCXX_USE_CXX11_ABI=1
-- MPI_INCLUDE_PATH: /rds/bear-apps/2019b/EL7-power9/software/OpenMPI/3.1.4-gcccuda-2019b/include
-- MPI_LIBRARIES: /rds/bear-apps/2019b/EL7-power9/software/OpenMPI/3.1.4-gcccuda-2019b/lib/libmpi.so
-- MPIEXEC: /rds/bear-apps/2019b/EL7-power9/software/OpenMPI/3.1.4-gcccuda-2019b/bin/mpiexec
-- Autodetected CUDA architecture(s):  7.0 7.0 7.0 7.0
-- pytorch is compiling with OpenMP.
OpenMP CXX_FLAGS: -fopenmp.
OpenMP libraries: /rds/bear-apps/2019b/EL7-power9/software/GCCcore/8.3.0/lib64/libgomp.so;/lib64/libpthread.so.
-- Caffe2 is compiling with OpenMP.
OpenMP CXX_FLAGS: -fopenmp.
OpenMP libraries: /rds/bear-apps/2019b/EL7-power9/software/GCCcore/8.3.0/lib64/libgomp.so;/lib64/libpthread.so.
-- Using lib/python3.7/site-packages as python relative installation path
CMake Warning at CMakeLists.txt:703 (message):
  Generated cmake files are only fully tested if one builds with system glog,
  gflags, and protobuf.  Other settings may generate files that are not well
  tested.


--
-- ******** Summary ********
-- General:
--   CMake version         : 3.15.3
--   CMake command         : /rds/bear-apps/2019b/EL7-power9/software/CMake/3.15.3-GCCcore-8.3.0/bin/cmake
--   System                : Linux
--   C++ compiler          : /rds/bear-apps/2019b/EL7-power9/software/GCCcore/8.3.0/bin/c++
--   C++ compiler id       : GNU
--   C++ compiler version  : 8.3.0
--   BLAS                  : MKL
--   CXX flags             :  -Wno-deprecated -fvisibility-inlines-hidden -fopenmp -DNDEBUG -DUSE_VULKAN_WRAPPER -O2 -fPIC -Wno-narrowing -Wall -Wextra -Werror=return-type -Wno-missing-field-initializers -Wno-type-limits -Wno-array-bounds -Wno-unknown-pragmas -Wno-sign-compare -Wno-unused-parameter -Wno-unused-variable -Wno-unused-function -Wno-unused-result -Wno-unused-local-typedefs -Wno-strict-overflow -Wno-strict-aliasing -Wno-error=deprecated-declarations -Wno-stringop-overflow -Wno-psabi -Wno-error=pedantic -Wno-error=redundant-decls -Wno-error=old-style-cast -fdiagnostics-color=always -faligned-new -Wno-unused-but-set-variable -Wno-maybe-uninitialized -fno-math-errno -fno-trapping-math -Werror=format -Wno-stringop-overflow
--   Build type            : Release
--   Compile definitions   : ONNX_ML=1;ONNXIFI_ENABLE_EXT=1;ONNX_NAMESPACE=onnx_torch;HAVE_MMAP=1;_FILE_OFFSET_BITS=64;HAVE_SHM_OPEN=1;HAVE_SHM_UNLINK=1;HAVE_MALLOC_USABLE_SIZE=1;USE_EXTERNAL_MZCRC;MINIZ_DISABLE_ZIP_READER_CRC32_CHECKS
--   CMAKE_PREFIX_PATH     : /rds/bear-apps/2019b/EL7-power9/software/Python/3.7.4-GCCcore-8.3.0/lib/python3.7/site-packages;/rds/bear-apps/2019b/EL7-power9/software/CUDA/10.1.243-GCC-8.3.0
--   CMAKE_INSTALL_PREFIX  : /castles/nr/projects/d/duanj-ai-in-medical-imaging/.share/download/t1/pytorch/torch
--
--   TORCH_VERSION         : 1.7.0
--   CAFFE2_VERSION        : 1.7.0
--   BUILD_CAFFE2_MOBILE   : OFF
--   USE_STATIC_DISPATCH   : OFF
--   BUILD_BINARY          : OFF
--   BUILD_CUSTOM_PROTOBUF : ON
--     Link local protobuf : ON
--   BUILD_DOCS            : OFF
--   BUILD_PYTHON          : True
--     Python version      : 3.7.4
--     Python executable   : /rds/bear-apps/2019b/EL7-power9/software/Python/3.7.4-GCCcore-8.3.0/bin/python
--     Pythonlibs version  : 3.7.4
--     Python library      : /rds/bear-apps/2019b/EL7-power9/software/Python/3.7.4-GCCcore-8.3.0/lib/libpython3.7m.so.1.0
--     Python includes     : /rds/bear-apps/2019b/EL7-power9/software/Python/3.7.4-GCCcore-8.3.0/include/python3.7m
--     Python site-packages: lib/python3.7/site-packages
--   BUILD_CAFFE2_OPS      : ON
--   BUILD_SHARED_LIBS     : ON
--   BUILD_TEST            : True
--   BUILD_JNI             : OFF
--   INTERN_BUILD_MOBILE   :
--   CLANG_CODE_COVERAGE   : OFF
--   USE_ASAN              : OFF
--   USE_CUDA              : ON
--     CUDA static link    : OFF
--     USE_CUDNN           : ON
--     CUDA version        : 10.1
--     cuDNN version       : 7.6.4
--     CUDA root directory : /rds/bear-apps/2019b/EL7-power9/software/CUDA/10.1.243-GCC-8.3.0
--     CUDA library        : /rds/bear-apps/2019b/EL7-power9/software/CUDA/10.1.243-GCC-8.3.0/lib64/stubs/libcuda.so
--     cudart library      : /rds/bear-apps/2019b/EL7-power9/software/CUDA/10.1.243-GCC-8.3.0/lib64/libcudart.so
--     cublas library      : /rds/bear-apps/2019b/EL7-power9/software/CUDA/10.1.243-GCC-8.3.0/lib64/libcublas.so
--     cufft library       : /rds/bear-apps/2019b/EL7-power9/software/CUDA/10.1.243-GCC-8.3.0/lib64/libcufft.so
--     curand library      : /rds/bear-apps/2019b/EL7-power9/software/CUDA/10.1.243-GCC-8.3.0/lib64/libcurand.so
--     cuDNN library       : /rds/bear-apps/2019b/EL7-power9/software/cuDNN/7.6.4.38-gcccuda-2019b/lib/libcudnn.so
--     nvrtc               : /rds/bear-apps/2019b/EL7-power9/software/CUDA/10.1.243-GCC-8.3.0/lib64/libnvrtc.so
--     CUDA include path   : /rds/bear-apps/2019b/EL7-power9/software/CUDA/10.1.243-GCC-8.3.0/include
--     NVCC executable     : /rds/bear-apps/2019b/EL7-power9/software/CUDA/10.1.243-GCC-8.3.0/bin/nvcc
--     NVCC flags          : -DONNX_NAMESPACE=onnx_torch;-gencode;arch=compute_70,code=sm_70;-Xcudafe;--diag_suppress=cc_clobber_ignored;-Xcudafe;--diag_suppress=integer_sign_change;-Xcudafe;--diag_suppress=useless_using_declaration;-Xcudafe;--diag_suppress=set_but_not_used;-Xcudafe;--diag_suppress=field_without_dll_interface;-Xcudafe;--diag_suppress=base_class_has_different_dll_interface;-Xcudafe;--diag_suppress=dll_interface_conflict_none_assumed;-Xcudafe;--diag_suppress=dll_interface_conflict_dllexport_assumed;-Xcudafe;--diag_suppress=implicit_return_from_non_void_function;-Xcudafe;--diag_suppress=unsigned_compare_with_zero;-Xcudafe;--diag_suppress=declared_but_not_referenced;-Xcudafe;--diag_suppress=bad_friend_decl;-std=c++14;-Xcompiler;-fPIC;--expt-relaxed-constexpr;--expt-extended-lambda;-Wno-deprecated-gpu-targets;--expt-extended-lambda;-gencode;arch=compute_70,code=sm_70;-Xcompiler;-fPIC;-DCUDA_HAS_FP16=1;-D__CUDA_NO_HALF_OPERATORS__;-D__CUDA_NO_HALF_CONVERSIONS__;-D__CUDA_NO_HALF2_OPERATORS__
--     CUDA host compiler  : /rds/bear-apps/2019b/EL7-power9/software/GCCcore/8.3.0/bin/cc
--     NVCC --device-c     : OFF
--     USE_TENSORRT        : OFF
--   USE_ROCM              : OFF
--   USE_EIGEN_FOR_BLAS    : ON
--   USE_FBGEMM            : OFF
--     USE_FAKELOWP          : OFF
--   USE_FFMPEG            : OFF
--   USE_GFLAGS            : OFF
--   USE_GLOG              : OFF
--   USE_LEVELDB           : OFF
--   USE_LITE_PROTO        : OFF
--   USE_LMDB              : OFF
--   USE_METAL             : OFF
--   USE_MKL               : OFF
--   USE_MKLDNN            : OFF
--   USE_NCCL              : ON
--     USE_SYSTEM_NCCL     : OFF
--   USE_NNPACK            : OFF
--   USE_NUMPY             : ON
--   USE_OBSERVERS         : ON
--   USE_OPENCL            : OFF
--   USE_OPENCV            : OFF
--   USE_OPENMP            : ON
--   USE_TBB               : OFF
--   USE_VULKAN            : OFF
--   USE_PROF              : OFF
--   USE_QNNPACK           : OFF
--   USE_PYTORCH_QNNPACK   : OFF
--   USE_REDIS             : OFF
--   USE_ROCKSDB           : OFF
--   USE_ZMQ               : OFF
--   USE_DISTRIBUTED       : ON
--     USE_MPI             : ON
--     USE_GLOO            : ON
--     USE_TENSORPIPE      : ON
--   Public Dependencies  : Threads::Threads
--   Private Dependencies : cpuinfo;/usr/lib64/libnuma.so;fp16;/rds/bear-apps/2019b/EL7-power9/software/OpenMPI/3.1.4-gcccuda-2019b/lib/libmpi.so;gloo;tensorpipe;aten_op_header_gen;foxi_loader;rt;fmt::fmt-header-only;gcc_s;gcc;dl
-- Configuring done
-- Generating done
-- Build files have been written to: /castles/nr/projects/d/duanj-ai-in-medical-imaging/.share/download/t1/pytorch/build
cmake --build . --target install --config Release -- -j 144
Scanning dependencies of target gtest
Scanning dependencies of target nccl_external
Scanning dependencies of target foxi_loader
Scanning dependencies of target benchmark
Scanning dependencies of target c10
Scanning dependencies of target clog
Scanning dependencies of target ATEN_CUDA_FILES_GEN_TARGET
Scanning dependencies of target gloo
Scanning dependencies of target mkrename
Scanning dependencies of target uv
Scanning dependencies of target caffe2_nvrtc
Scanning dependencies of target uv_a
Scanning dependencies of target arraymap
Scanning dependencies of target mkmasked_gnuabi
Scanning dependencies of target libprotobuf
Scanning dependencies of target libprotobuf-lite
Scanning dependencies of target common
Scanning dependencies of target mkrename_gnuabi
Scanning dependencies of target torch_global_deps
[  0%] Creating directories for 'nccl_external'
Scanning dependencies of target ATEN_CPU_FILES_GEN_TARGET
Scanning dependencies of target fmt
Scanning dependencies of target mkdisp
[  0%] Building C object confu-deps/cpuinfo/deps/clog/CMakeFiles/clog.dir/src/clog.c.o
Scanning dependencies of target python_copy_files
Scanning dependencies of target mkalias
[  0%] Generating ../aten/src/ATen/BackendSelectRegister.cpp, ../aten/src/ATen/CPUType.cpp, ../aten/src/ATen/CPUType.h, ../aten/src/ATen/Declarations.yaml, ../aten/src/ATen/Functions.cpp, ../aten/src/ATen/Functions.h, ../aten/src/ATen/LegacyTHFunctionsCPU.cpp, ../aten/src/ATen/LegacyTHFunctionsCPU.h, ../aten/src/ATen/MkldnnCPUType.cpp, ../aten/src/ATen/MkldnnCPUType.h, ../aten/src/ATen/NativeFunctions.h, ../aten/src/ATen/QuantizedCPUType.cpp, ../aten/src/ATen/QuantizedCPUType.h, ../aten/src/ATen/SparseCPUType.cpp, ../aten/src/ATen/SparseCPUType.h, ../aten/src/ATen/TypeDefault.cpp, ../aten/src/ATen/TypeDefault.h, ../aten/src/ATen/CUDAType.cpp, ../aten/src/ATen/CUDAType.h, ../aten/src/ATen/LegacyTHFunctionsCUDA.cpp, ../aten/src/ATen/LegacyTHFunctionsCUDA.h, ../aten/src/ATen/QuantizedCUDAType.cpp, ../aten/src/ATen/QuantizedCUDAType.h, ../aten/src/ATen/SparseCUDAType.cpp, ../aten/src/ATen/SparseCUDAType.h, ../aten/src/ATen/core/ATenOpList.cpp, ../aten/src/ATen/core/TensorBody.h, ../aten/src/ATen/core/TensorMethods.cpp
[  0%] Building C object sleef/src/libm/CMakeFiles/mkrename.dir/mkrename.c.o
Scanning dependencies of target generate-torch-sources
[  0%] Building C object sleef/src/libm/CMakeFiles/mkmasked_gnuabi.dir/mkmasked_gnuabi.c.o
[  0%] Generating ../aten/src/ATen/BackendSelectRegister.cpp, ../aten/src/ATen/CPUType.cpp, ../aten/src/ATen/CPUType.h, ../aten/src/ATen/Declarations.yaml, ../aten/src/ATen/Functions.cpp, ../aten/src/ATen/Functions.h, ../aten/src/ATen/LegacyTHFunctionsCPU.cpp, ../aten/src/ATen/LegacyTHFunctionsCPU.h, ../aten/src/ATen/MkldnnCPUType.cpp, ../aten/src/ATen/MkldnnCPUType.h, ../aten/src/ATen/NativeFunctions.h, ../aten/src/ATen/QuantizedCPUType.cpp, ../aten/src/ATen/QuantizedCPUType.h, ../aten/src/ATen/SparseCPUType.cpp, ../aten/src/ATen/SparseCPUType.h, ../aten/src/ATen/TypeDefault.cpp, ../aten/src/ATen/TypeDefault.h, ../aten/src/ATen/CUDAType.cpp, ../aten/src/ATen/CUDAType.h, ../aten/src/ATen/LegacyTHFunctionsCUDA.cpp, ../aten/src/ATen/LegacyTHFunctionsCUDA.h, ../aten/src/ATen/QuantizedCUDAType.cpp, ../aten/src/ATen/QuantizedCUDAType.h, ../aten/src/ATen/SparseCUDAType.cpp, ../aten/src/ATen/SparseCUDAType.h, ../aten/src/ATen/core/ATenOpList.cpp, ../aten/src/ATen/core/TensorBody.h, ../aten/src/ATen/core/TensorMethods.cpp
[  0%] Building C object third_party/foxi/CMakeFiles/foxi_loader.dir/foxi/onnxifi_loader.c.o
[  0%] Building C object caffe2/CMakeFiles/torch_global_deps.dir/__/torch/csrc/empty.c.o
[  0%] Building C object sleef/src/libm/CMakeFiles/mkrename_gnuabi.dir/mkrename_gnuabi.c.o
[  0%] Generating __init__.py
[  0%] Building C object sleef/src/libm/CMakeFiles/mkdisp.dir/mkdisp.c.o
[  0%] Generating contrib/__init__.py
[  0%] Generating contrib/aten/__init__.py
[  0%] Generating contrib/aten/docs/__init__.py
[  0%] Generating contrib/aten/docs/sample.py
[  0%] Generating contrib/aten/gen_op.py
[  0%] Generating contrib/aten/aten_test.py
[  0%] Generating contrib/fakelowp/test/test_batchmatmul_nnpi_fp16.py
[  0%] Generating contrib/fakelowp/test/test_int8_ops_nnpi.py
[  0%] Generating contrib/fakelowp/test/test_fc_nnpi_fp16.py
[  0%] Generating contrib/fakelowp/test/test_batchnorm_nnpi_fp16.py
[  0%] Generating ../aten/src/ATen/BackendSelectRegister.cpp, ../aten/src/ATen/CPUType.cpp, ../aten/src/ATen/CPUType.h, ../aten/src/ATen/Declarations.yaml, ../aten/src/ATen/Functions.cpp, ../aten/src/ATen/Functions.h, ../aten/src/ATen/LegacyTHFunctionsCPU.cpp, ../aten/src/ATen/LegacyTHFunctionsCPU.h, ../aten/src/ATen/MkldnnCPUType.cpp, ../aten/src/ATen/MkldnnCPUType.h, ../aten/src/ATen/NativeFunctions.h, ../aten/src/ATen/QuantizedCPUType.cpp, ../aten/src/ATen/QuantizedCPUType.h, ../aten/src/ATen/SparseCPUType.cpp, ../aten/src/ATen/SparseCPUType.h, ../aten/src/ATen/TypeDefault.cpp, ../aten/src/ATen/TypeDefault.h, ../aten/src/ATen/CUDAType.cpp, ../aten/src/ATen/CUDAType.h, ../aten/src/ATen/LegacyTHFunctionsCUDA.cpp, ../aten/src/ATen/LegacyTHFunctionsCUDA.h, ../aten/src/ATen/QuantizedCUDAType.cpp, ../aten/src/ATen/QuantizedCUDAType.h, ../aten/src/ATen/SparseCUDAType.cpp, ../aten/src/ATen/SparseCUDAType.h, ../aten/src/ATen/core/ATenOpList.cpp, ../aten/src/ATen/core/TensorBody.h, ../aten/src/ATen/core/TensorMethods.cpp
[  0%] Generating contrib/fakelowp/test/test_op_nnpi_fp16.py
[  0%] Generating contrib/fakelowp/test/test_sls_4bit_nnpi_fp16.py
[  0%] Building C object sleef/src/libm/CMakeFiles/mkalias.dir/mkalias.c.o
[  0%] Generating contrib/fakelowp/test/test_sls_8bit_nnpi_fp16.py
[  0%] Generating contrib/fakelowp/test/test_layernorm_nnpi_fp16.py
[  0%] Building C object sleef/src/common/CMakeFiles/arraymap.dir/arraymap.c.o
[  0%] Generating contrib/fakelowp/test/test_int8_quant.py
[  0%] Generating contrib/gloo/gloo_test.py
[  1%] Generating contrib/nccl/__init__.py
[  1%] Building C object sleef/src/common/CMakeFiles/common.dir/common.c.o
[  1%] Generating contrib/gloo/__init__.py
[  1%] Generating contrib/playground/__init__.py
[  1%] Generating contrib/nnpack/__init__.py
[  1%] Generating contrib/playground/compute_loss.py
[  1%] Generating contrib/playground/AnyExpOnTerm.py
[  1%] Generating contrib/playground/AnyExp.py
[  1%] Generating contrib/nccl/nccl_ops_test.py
[  1%] Generating contrib/playground/module_map.py
[  1%] Generating contrib/playground/compute_topk_accuracy.py
[  1%] Generating contrib/playground/resnetdemo/IN1k_resnet.py
[  1%] No download step for 'nccl_external'
[  1%] Generating contrib/playground/resnetdemo/override_no_test_model_no_checkpoint.py
[  1%] Generating contrib/playground/meter.py
[  1%] Generating contrib/playground/resnetdemo/explicit_resnet_forward.py
[  1%] Generating contrib/playground/resnetdemo/IN1k_resnet_no_test_model.py
[  1%] Generating contrib/playground/output_generator.py
[  1%] Generating contrib/playground/ModuleRegister.py
[  1%] Generating contrib/nnpack/nnpack_ops_test.py
[  1%] Generating contrib/playground/resnetdemo/caffe2_resnet50_default_forward.py
[  1%] Generating contrib/playground/resnetdemo/__init__.py
[  1%] Generating contrib/playground/resnetdemo/rendezvous_filestore.py
[  1%] Generating contrib/prof/cuda_profile_ops_test.py
[  1%] Generating contrib/playground/resnetdemo/caffe2_resnet50_default_param_update.py
[  1%] Generating contrib/playground/checkpoint.py
[  1%] Generating contrib/playground/resnetdemo/gfs_IN1k.py
[  1%] Generating contrib/tensorboard/tensorboard.py
[  1%] Generating contrib/tensorboard/tensorboard_exporter.py
[  1%] Generating contrib/tensorboard/tensorboard_exporter_test.py
[  2%] Generating contrib/warpctc/ctc_ops_test.py
[  2%] Generating contrib/tensorboard/__init__.py
[  2%] Generating core/nomnigraph/__init__.py
[  2%] Generating core/nomnigraph/op_gen.py
[  2%] Generating contrib/tensorboard/tensorboard_test.py
[  2%] Generating distributed/file_store_handler_op_test.py
[  2%] Generating contrib/script/examples/__init__.py
[  2%] Generating contrib/warpctc/__init__.py
[  2%] Generating distributed/store_ops_test_util.py
[  2%] Generating distributed/__init__.py
[  2%] Generating distributed/redis_store_handler_op_test.py
[  2%] Generating experiments/python/__init__.py
[  2%] Generating experiments/python/SparseTransformer.py
[  2%] Generating experiments/python/device_reduce_sum_bench.py
[  2%] Generating contrib/fakelowp/test/test_sls_8bit_nnpi_fp32.py
[  2%] Generating experiments/python/net_construct_bench.py
[  2%] No update step for 'nccl_external'
[  2%] Generating experiments/__init__.py
[  2%] Generating experiments/python/sparse_reshape_op_test.py
[  2%] Generating experiments/python/sparse_funhash_op_test.py
[  2%] Generating perfkernels/hp_emblookup_codegen.py
[  2%] Generating contrib/script/__init__.py
[  2%] Linking C shared library ../lib/libtorch_global_deps.so
[  2%] Generating experiments/python/tt_contraction_op_test.py
[  2%] No patch step for 'nccl_external'
[  2%] Generating experiments/python/tt_pad_op_test.py
[  2%] Generating perfkernels/__init__.py
[  2%] Generating python/allcompare_test.py
[  2%] Generating python/benchmarks/fused_rowwise_nbit_conversion_bench.py
[  2%] Generating python/_import_c_extension.py
[  2%] Generating python/binarysize.py
[  2%] Generating python/brew_test.py
[  2%] Generating python/attention.py
[  2%] Generating python/benchmarks/sparse_lengths_sum_nbit_benchmark.py
[  2%] Generating python/build.py
[  2%] Generating python/cached_reader.py
[  2%] Generating python/__init__.py
[  2%] Generating python/benchmark_generator.py
[  2%] Generating python/checkpoint_test.py
[  2%] Generating python/checkpoint.py
[  2%] Generating python/compatibility.py
[  2%] Generating python/context.py
[  2%] Generating python/control_ops_grad.py
[  2%] Generating python/control.py
[  2%] Generating python/convert.py
[  3%] Generating python/convnet_benchmarks.py
[  3%] Generating python/caffe_translator.py
[  3%] Generating python/cnn.py
[  3%] Generating python/convert_test.py
[  3%] Generating python/control_ops_grad_test.py
[  3%] Generating python/crf_predict.py
[  3%] Generating contrib/playground/resnetdemo/explicit_resnet_param_update.py
[  3%] Generating python/core.py
[  3%] Generating python/core_gradients_test.py
[  3%] Generating python/core_test.py
[  3%] Generating python/crf_viterbi_test.py
[  3%] Generating python/context_test.py
[  3%] Generating python/data_parallel_model.py
[  3%] Generating python/data_parallel_model_test.py
[  3%] Generating contrib/prof/__init__.py
[  3%] Generating python/db_test.py
[  3%] Generating python/dataio.py
[  3%] Generating python/data_workers_test.py
[  3%] Generating python/brew.py
[  3%] Generating python/embedding_generation_benchmark.py
[  3%] Generating python/device_checker.py
[  3%] Generating python/docs/generator.py
[  3%] Generating python/convnet_benchmarks_test.py
[  3%] Generating python/docs/__init__.py
[  3%] Building CXX object third_party/googletest/googlemock/gtest/CMakeFiles/gtest.dir/src/gtest-all.cc.o
[  3%] Generating python/examples/imagenet_trainer.py
[  4%] Generating python/examples/resnet50_trainer.py
[  4%] Generating python/docs/formatter.py
[  4%] Generating python/dyndep.py
[  4%] Generating python/dataset.py
[  4%] Generating python/caffe_translator_test.py
[  4%] Generating python/control_ops_util.py
[  4%] Generating python/db_file_reader.py
[  4%] Generating python/fakelowp/test_utils.py
[  4%] Generating python/control_test.py
[  4%] Generating python/fakelowp/__init__.py
[  4%] Generating python/fakelowp/init_shared_libs.py
[  4%] Generating python/functional.py
[  4%] Generating python/fused_8bit_rowwise_conversion_ops_test.py
[  4%] Generating python/functional_test.py
[  4%] Generating python/gru_cell.py
[  4%] Generating core/__init__.py
[  4%] Generating experiments/python/funhash_op_test.py
[  4%] Generating python/dataio_test.py
[  4%] Generating python/helpers/algebra.py
[  4%] Generating python/data_workers.py
[  4%] Generating python/helpers/control_ops.py
[  4%] Generating python/filler_test.py
[  4%] Generating python/examples/char_rnn.py
[  4%] Generating python/helpers/conv.py
[  4%] Generating python/helpers/arg_scope.py
[  4%] Generating python/docs/parser.py
[  4%] Generating python/helpers/dropout.py
[  4%] Generating experiments/python/convnet_benchmarks.py
[  4%] Generating python/gradient_check_test.py
[  4%] Generating python/helpers/db_input.py
[  4%] Generating python/examples/__init__.py
[  4%] Generating python/helpers/elementwise_linear.py
[  4%] Generating proto/__init__.py
[  4%] Generating python/examples/lmdb_create_example.py
[  4%] Generating python/helpers/fc.py
[  5%] No configure step for 'nccl_external'
[  5%] Generating python/helpers/train.py
[  5%] Generating python/helpers/normalization.py
[  5%] Generating python/helpers/pooling.py
[  5%] Generating python/helpers/tools.py
[  5%] Generating python/ideep/LRN_op_test.py
[  5%] Linking C static library ../../../../lib/libclog.a
[  5%] Generating python/hsm_util.py
[  5%] Generating python/helpers/nonlinearity.py
[  5%] Generating python/ideep/adam_op_test.py
[  5%] Generating python/hypothesis_test.py
[  5%] Generating python/ideep/concat_split_op_test.py
[  5%] Generating python/ideep/__init__.py
[  5%] Generating python/ideep/channel_shuffle_op_test.py
[  5%] Generating python/ideep/conv_transpose_test.py
[  5%] Generating python/docs/github.py
[  5%] Generating python/ideep/expanddims_squeeze_op_test.py
[  5%] Generating python/ideep/copy_op_test.py
[  5%] Generating python/ideep/convfusion_op_test.py
[  5%] Generating python/ideep/fc_op_test.py
[  5%] Generating python/ideep/conv_op_test.py
[  5%] Generating python/ideep/order_switch_op_test.py
[  5%] Generating python/experiment_util.py
[  5%] Generating python/ideep/blobs_queue_db_test.py
[  5%] Generating python/hip_test_util.py
[  5%] Generating python/crf.py
[  5%] Generating python/ideep/leaky_relu_op_test.py
[  5%] Generating python/ideep/reshape_op_test.py
[  5%] Generating python/ideep/elementwise_sum_op_test.py
[  5%] Generating python/ideep/moment_sgd_op_test.py
[  5%] Generating python/ideep/dropout_op_test.py
[  5%] Generating python/ideep/spatial_bn_op_test.py
[  5%] Generating python/ideep/transpose_op_test.py
[  5%] Generating python/ideep_test_util.py
[  5%] Generating python/ideep/test_ideep_net.py
[  5%] Generating python/ideep/softmax_op_test.py
[  5%] Generating python/ideep/shape_op_test.py
[  5%] Generating python/layer_model_helper.py
[  5%] Generating python/ideep/pre_convert_test.py
[  5%] Generating python/ideep/operator_fallback_op_test.py
[  5%] Generating python/ideep/pool_op_test.py
[  5%] Generating python/ideep/sigmoid_op_test.py
[  5%] Generating python/extension_loader.py
[  5%] Building CXX object third_party/fmt/CMakeFiles/fmt.dir/src/format.cc.o
[  5%] Generating python/gradient_checker.py
[  5%] Generating python/ideep/relu_op_test.py
[  5%] Generating python/layer_model_instantiator.py
[  5%] Building CXX object caffe2/CMakeFiles/caffe2_nvrtc.dir/__/aten/src/ATen/cuda/nvrtc_stub/ATenNVRTC.cpp.o
[  5%] Generating python/helpers/array_helpers.py
[  5%] Generating python/helpers/__init__.py
[  6%] Generating python/ideep/weightedsum_op_test.py
[  6%] Generating python/ideep/transform_ideep_net.py
[  6%] Generating python/hypothesis_test_util.py
[  6%] Generating python/layers/arc_cosine_feature_map.py
[  6%] Generating python/layers/batch_huber_loss.py
[  6%] Generating python/layers/add_bias.py
[  6%] Generating python/layers/batch_normalization.py
[  6%] Generating python/layers/batch_sigmoid_cross_entropy_loss.py
[  6%] Building CXX object third_party/fmt/CMakeFiles/fmt.dir/src/os.cc.o
[  6%] Generating python/layers/__init__.py
[  6%] Generating python/layer_test_util.py
[  6%] Generating python/layers/batch_mse_loss.py
[  6%] Generating python/layers/blob_weighted_sum.py
[  6%] Generating python/layer_parameter_sharing_test.py
[  6%] Generating python/layers/build_index.py
[  6%] Built target torch_global_deps
[  6%] Generating python/layers/dropout.py
[  6%] Generating python/layers/batch_lr_loss.py
[  6%] Generating python/layers/concat.py
[  6%] Generating python/layers/constant_weight.py
[  6%] Generating python/layers/fc.py
[  6%] Generating python/layers/fc_with_bootstrap.py
[  6%] Generating python/layers/bucket_weighted.py
[  6%] Performing build step for 'nccl_external'
[  6%] Generating python/layers/homotopy_weight.py
[  6%] Generating python/layers/layer_normalization.py
[  6%] Generating python/layers/layers.py
[  7%] Generating python/layers/last_n_window_collector.py
[  7%] Generating python/layers/margin_rank_loss.py
[  7%] Generating python/layers/merge_id_lists.py
[  7%] Generating python/layers/fc_without_bias.py
[  7%] Generating python/layers/batch_softmax_loss.py
[  7%] Generating python/layers/bpr_loss.py
[  7%] Generating python/layers/random_fourier_features.py
[  7%] Generating python/layers/reservoir_sampling.py
[  7%] Generating python/layers/sampling_trainable_mixin.py
[  7%] Generating python/layers/sparse_feature_hash.py
[  7%] Generating python/layers/functional.py
[  7%] Generating python/layers/semi_random_features.py
[  7%] Generating python/layers/pairwise_similarity.py
[  7%] Generating python/layers/label_smooth.py
[  7%] Generating python/lazy.py
[  7%] Generating python/layers/uniform_sampling.py
[  7%] Generating python/layers/tags.py
[  7%] Generating python/layers/split.py
[  7%] Generating python/layers_test.py
[  7%] Generating python/layers/select_record_by_context.py
[  7%] Generating python/layers/sparse_dropout_with_replacement.py
[  7%] Generating python/lengths_reducer_rowwise_8bit_ops_test.py
[  7%] Generating python/lazy_dyndep_test.py
[  7%] Generating python/lengths_reducer_fused_8bit_rowwise_ops_test.py
make[3]: warning: jobserver unavailable: using -j1.  Add `+' to parent make rule.
[  7%] Generating python/mkl/mkl_concat_op_test.py
[  7%] Generating python/mkl/mkl_LRN_op_test.py
[  7%] Generating python/mint/app.py
[  7%] Generating python/memonger_test.py
[  8%] Generating python/mkl/mkl_conv_op_test.py
[  8%] Generating python/mkl/mkl_pool_speed_test.py
[  8%] Generating python/layers/sampling_train.py
[  8%] Generating python/mkl/mkl_copy_op_test.py
[  8%] Generating python/mint/__init__.py
[  8%] Generating python/mkl/mkl_fc_op_test.py
[  8%] Generating python/mkl/mkl_elementwise_sum_op_test.py
[  8%] Generating python/mkl/mkl_fill_op_test.py
[  8%] Generating python/lazy_dyndep.py
[  8%] Generating python/mkl/mkl_relu_op_test.py
[  8%] Generating python/layers/sparse_lookup.py
[  8%] Generating python/mkl/mkl_sigmoid_op_test.py
[  8%] Generating python/mkl/mkl_speed_test.py
[  8%] Generating python/mkl/mkl_pool_op_test.py
[  8%] Generating python/mkl/mkl_sbn_speed_test.py
[  8%] Generating python/mkl/mkl_squeeze_op_test.py
[  8%] Generating python/mkl/mkl_sbn_op_test.py
[  8%] Generating python/modeling/compute_norm_for_blobs.py
[  8%] Generating python/lstm_benchmark.py
[  8%] Generating python/model_device_test.py
[  8%] Generating python/mkl/rewrite_graph.py
[  8%] Generating python/memonger.py
[  8%] Generating python/mkl/mkl_fc_speed_test.py
[  8%] Built target clog
[  8%] Generating python/modeling/compute_norm_for_blobs_test.py
[  8%] Generating python/modeling/compute_statistics_for_blobs.py
[  8%] Generating python/modeling/compute_histogram_for_blobs.py
[  8%] Generating python/modeling/compute_histogram_for_blobs_test.py
[  8%] Generating python/layers/adaptive_weight.py
[  8%] Generating python/mkl/mkl_LRN_speed_test.py
[  8%] Generating python/modeling/get_entry_from_blobs_test.py
[  8%] Generating python/mkl_test_util.py
[  8%] Generating python/layers/position_weighted.py
[  8%] Generating python/mkl/rewrite_graph_test.py
[  8%] Generating python/modeling/get_entry_from_blobs.py
[  8%] Generating python/modeling/gradient_clipping.py
[  8%] Generating python/modeling/parameter_sharing_test.py
[  8%] Generating python/mkl/mkl_elementwise_add_op_test.py
[  8%] Generating python/layers/conv.py
[  8%] Generating python/modeling/compute_statistics_for_blobs_test.py
[  8%] Generating python/model_helper.py
[  8%] Generating python/net_printer.py
[  8%] Generating python/models/seq2seq/translate.py
[  8%] Generating python/onnx/__init__.py
[  8%] Generating python/models/resnet.py
[  8%] Generating python/models/seq2seq/beam_search.py
[  8%] Generating python/models/download.py
[  9%] Generating python/modeling/initializers.py
[  9%] Generating python/modeling/net_modifier.py
[  9%] Generating python/modeling/__init__.py
[  9%] Generating python/models/seq2seq/train.py
[  9%] Generating python/net_printer_test.py
[  9%] Generating python/models/shufflenet_test.py
[  9%] Generating python/models/__init__.py
[  9%] Generating python/models/imagenet_trainer_test_utils.py
[  9%] Generating python/models/__sym_init__.py
[  9%] Generating python/modeling/parameter_info.py
[  9%] Generating python/modifier_context.py
[  9%] Generating python/onnx/bin/conversion.py
[  9%] Generating python/modeling/initializers_test.py
[  9%] Generating python/nomnigraph_test.py
[  9%] Generating python/normalizer.py
[  9%] Generating python/models/seq2seq/__init__.py
[  9%] Generating python/nomnigraph.py
[  9%] Generating python/modeling/gradient_clipping_test.py
[  9%] Generating python/models/shufflenet.py
[  9%] Generating python/muji_test.py
[  9%] Generating python/models/seq2seq/seq2seq_model_helper_test.py
[  9%] Generating python/models/seq2seq/seq2seq_util.py
[  9%] Generating python/net_drawer.py
[  9%] Generating python/onnx/backend.py
[  9%] Generating python/nomnigraph_transformations_test.py
[  9%] Generating python/muji.py
[  9%] Generating python/modeling/parameter_sharing.py
[  9%] Generating python/layers/feature_sparse_to_dense.py
[  9%] Generating python/numa_benchmark.py
[  9%] Generating python/models/resnet_test.py
[ 10%] Generating python/observer_test.py
[ 10%] Generating python/normalizer_test.py
[ 10%] Generating python/net_builder.py
[ 10%] Generating python/onnx/workspace.py
[ 10%] Generating python/models/seq2seq/seq2seq_beam_search_test.py
[ 10%] Generating python/onnx/tests/test_utils.py
[ 10%] Generating python/operator_test/__init__.py
[ 10%] Generating python/nomnigraph_transformations.py
[ 10%] Generating python/normalizer_context.py
[ 10%] Generating python/onnx/tests/onnx_backend_test.py
[ 10%] Generating python/onnx/onnxifi.py
[ 10%] Generating python/onnx/tests/ssa_test.py
Scanning dependencies of target cpuinfo
[ 11%] Generating python/onnx/tests/c2_ref_test.py
[ 11%] Generating python/layers/gather_record.py
[ 11%] Generating python/operator_test/adadelta_test.py
[ 11%] Generating python/onnx/bin/__init__.py
[ 11%] Generating python/operator_test/adagrad_test.py
[ 11%] Generating python/operator_test/cast_op_test.py
[ 11%] Generating python/onnx/test_onnxifi.py
[ 11%] Generating python/onnx/tests/conversion_test.py
[ 11%] Generating python/onnx/frontend.py
[ 11%] Generating python/operator_test/activation_ops_test.py
[ 11%] Generating python/operator_test/assert_test.py
[ 11%] Generating python/operator_test/affine_channel_op_test.py
[ 11%] Generating python/onnx/helper.py
[ 11%] Generating python/operator_fp_exceptions_test.py
[ 11%] Generating python/net_builder_test.py
[ 11%] Generating python/onnx/tests/__init__.py
[ 11%] Generating python/onnx/backend_rep.py
[ 11%] Generating python/mkl/__init__.py
[ 11%] Generating python/onnx/backend_cpp_rep.py
[ 11%] Generating python/onnx/error.py
[ 11%] Generating python/operator_test/arg_ops_test.py
Scanning dependencies of target cpuinfo_internals
[ 11%] Generating python/operator_test/box_with_nms_limit_op_test.py
[ 11%] Generating python/operator_test/alias_with_name_test.py
[ 11%] Generating python/operator_test/channel_stats_op_test.py
[ 11%] Generating python/operator_test/conditional_test.py
[ 11%] Generating python/operator_test/batch_moments_op_test.py
[ 11%] Generating python/operator_test/batch_box_cox_test.py
[ 11%] Generating python/operator_test/channel_backprop_stats_op_test.py
[ 11%] Generating python/operator_test/basic_rnn_test.py
[ 11%] Generating python/operator_test/bbox_transform_test.py
[ 11%] Generating python/models/seq2seq/seq2seq_model_helper.py
[ 11%] Generating python/operator_test/adam_test.py
[ 11%] Generating python/operator_test/checkpoint_test.py
[ 11%] Generating python/operator_test/clip_tensor_op_test.py
[ 11%] Generating python/operator_test/atomic_ops_test.py
[ 11%] Generating python/model_helper_test.py
[ 11%] Generating python/operator_test/boolean_mask_test.py
[ 11%] Generating python/operator_test/channel_shuffle_test.py
[ 11%] Generating python/operator_test/ceil_op_test.py
[ 11%] Generating python/operator_test/apmeter_test.py
[ 11%] Generating python/operator_test/bisect_percentile_op_test.py
[ 11%] Generating python/operator_test/adagrad_test_helper.py
[ 11%] Generating python/operator_test/batch_bucketize_op_test.py
[ 11%] Generating python/operator_test/bucketize_op_test.py
[ 11%] Generating python/operator_test/blobs_queue_db_test.py
[ 11%] Generating python/operator_test/batch_sparse_to_dense_op_test.py
[ 11%] Generating python/operator_test/boolean_unmask_test.py
[ 11%] Generating python/operator_test/dense_vector_to_id_list_op_test.py
[ 12%] Generating python/operator_test/ctc_beam_search_decoder_op_test.py
[ 12%] Generating python/operator_test/concat_split_op_test.py
[ 12%] Generating python/operator_test/depthwise_3x3_conv_test.py
[ 12%] Generating python/operator_test/collect_and_distribute_fpn_rpn_proposals_op_test.py
[ 12%] Generating python/operator_test/clip_op_test.py
[ 12%] Generating python/operator_test/copy_rows_to_tensor_op_test.py
[ 12%] Generating python/operator_test/ensure_clipped_test.py
[ 12%] Generating python/operator_test/cosine_embedding_criterion_op_test.py
[ 12%] Generating python/operator_test/cudnn_recurrent_test.py
[ 12%] Generating python/operator_test/elementwise_op_broadcast_test.py
[ 12%] Generating python/operator_test/conv_test.py
[ 12%] Generating python/operator_test/crf_test.py
[ 12%] Generating python/operator_test/conv_transpose_test.py
[ 12%] Generating python/operator_test/dataset_ops_test.py
[ 12%] Generating python/operator_test/counter_ops_test.py
[ 12%] Generating python/operator_test/cross_entropy_ops_test.py
[ 12%] Generating python/operator_test/elementwise_ops_test.py
[ 12%] Generating python/operator_test/copy_ops_test.py
[ 12%] Generating python/operator_test/detectron_keypoints.py
[ 13%] Generating python/operator_test/glu_op_test.py
[ 13%] Generating python/operator_test/distance_op_test.py
[ 13%] Generating python/operator_test/floor_op_test.py
[ 13%] Generating python/operator_test/conftest.py
[ 13%] Generating python/operator_test/given_tensor_byte_string_to_uint8_fill_op_test.py
[ 13%] Generating python/operator_test/elementwise_linear_op_test.py
[ 13%] Generating python/operator_test/ctc_greedy_decoder_op_test.py
[ 13%] Generating python/operator_test/data_couple_op_test.py
[ 13%] Generating python/operator_test/fc_operator_test.py
[ 13%] Generating python/operator_test/enforce_finite_op_test.py
[ 13%] Generating python/operator_test/lengths_reducer_fused_nbit_rowwise_ops_test.py
[ 13%] Generating python/operator_test/deform_conv_test.py
[ 13%] Generating python/operator_test/duplicate_operands_test.py
[ 13%] Generating python/operator_test/learning_rate_adaption_op_test.py
[ 13%] Generating python/operator_test/fused_nbit_rowwise_test_helper.py
[ 13%] Generating python/operator_test/expand_op_test.py
[ 13%] Generating python/operator_test/filler_ops_test.py
[ 13%] Generating python/operator_test/histogram_test.py
[ 13%] Generating python/operator_test/hyperbolic_ops_test.py
[ 13%] Generating python/operator_test/feature_maps_ops_test.py
[ 13%] Generating python/operator_test/elementwise_logical_ops_test.py
[ 13%] Generating python/operator_test/gather_ops_test.py
[ 13%] Generating python/operator_test/given_tensor_fill_op_test.py
[ 13%] Generating python/operator_test/gather_ranges_op_test.py
[ 13%] Generating python/operator_test/key_split_ops_test.py
[ 14%] Building C object confu-deps/cpuinfo/CMakeFiles/cpuinfo.dir/src/api.c.o
[ 14%] Generating python/operator_test/hsm_test.py
[ 14%] Generating python/operator_test/flatten_op_test.py
[ 14%] Generating python/operator_test/image_input_op_test.py
[ 14%] Generating python/operator_test/dropout_op_test.py
[ 14%] Building C object confu-deps/cpuinfo/CMakeFiles/cpuinfo.dir/src/init.c.o
[ 14%] Generating python/operator_test/layer_norm_op_test.py
[ 14%] Generating python/operator_test/find_op_test.py
[ 14%] Generating python/operator_test/fused_nbit_rowwise_conversion_ops_test.py
[ 15%] Generating python/operator_test/matmul_op_test.py
[ 15%] Generating python/operator_test/lengths_pad_op_test.py
[ 15%] Generating python/operator_test/erf_op_test.py
[ 15%] Generating python/operator_test/emptysample_ops_test.py
[ 15%] Generating python/operator_test/leaky_relu_test.py
[ 15%] Generating python/operator_test/gru_test.py
[ 15%] Generating python/operator_test/group_conv_test.py
[ 15%] Generating python/operator_test/ensure_cpu_output_op_test.py
[ 15%] Generating python/operator_test/index_hash_ops_test.py
[ 15%] Generating python/operator_test/index_ops_test.py
[ 15%] Generating python/operator_test/lpnorm_op_test.py
[ 15%] Generating python/operator_test/jsd_ops_test.py
[ 15%] Generating python/operator_test/loss_ops_test.py
[ 15%] Generating python/operator_test/listwise_l2r_operator_test.py
[ 15%] Generating python/operator_test/map_ops_test.py
[ 15%] Generating python/operator_test/lengths_tile_op_test.py
[ 15%] Generating python/operator_test/lars_test.py
[ 15%] Generating python/operator_test/length_split_op_test.py
[ 15%] Generating python/operator_test/flexible_top_k_test.py
[ 15%] Generating python/operator_test/learning_rate_op_test.py
[ 15%] Generating python/operator_test/heatmap_max_keypoint_op_test.py
[ 15%] Generating python/numa_test.py
[ 15%] Generating python/operator_test/instance_norm_test.py
[ 15%] Generating python/operator_test/locally_connected_op_test.py
[ 15%] Generating python/operator_test/order_switch_test.py
[ 15%] Building C object confu-deps/cpuinfo/CMakeFiles/cpuinfo.dir/src/cache.c.o
[ 15%] Generating python/operator_test/group_norm_op_test.py
[ 15%] Generating python/operator_test/lengths_top_k_ops_test.py
[ 15%] Generating python/operator_test/margin_ranking_criterion_op_test.py
[ 15%] Generating python/operator_test/pack_ops_test.py
[ 15%] Generating python/operator_test/load_save_test.py
[ 15%] Generating python/operator_test/mul_gradient_benchmark.py
[ 15%] Generating python/operator_test/mod_op_test.py
[ 15%] Generating python/operator_test/math_ops_test.py
[ 15%] Generating python/operator_test/mkl_packed_fc_op_test.py
[ 15%] Generating python/operator_test/mean_op_test.py
[ 15%] Generating python/onnx/tests/helper_test.py
[ 15%] Building CXX object third_party/protobuf/cmake/CMakeFiles/libprotobuf-lite.dir/__/src/google/protobuf/arena.cc.o
[ 15%] Generating python/operator_test/numpy_tile_op_test.py
[ 15%] Generating python/operator_test/mkl_conv_op_test.py
[ 15%] Generating python/operator_test/momentum_sgd_test.py
[ 15%] Generating python/operator_test/normalize_op_test.py
[ 15%] Generating python/operator_test/pack_rnn_sequence_op_test.py
[ 15%] Generating python/operator_test/onnx_while_test.py
[ 15%] Building CXX object third_party/protobuf/cmake/CMakeFiles/libprotobuf-lite.dir/__/src/google/protobuf/io/coded_stream.cc.o
[ 15%] Generating python/operator_test/pooling_test.py
[ 15%] Building C object confu-deps/cpuinfo/CMakeFiles/cpuinfo_internals.dir/src/cache.c.o
[ 15%] Generating python/operator_test/mpi_test.py
[ 15%] Building C object confu-deps/cpuinfo/CMakeFiles/cpuinfo_internals.dir/src/init.c.o
[ 15%] Building CXX object third_party/protobuf/cmake/CMakeFiles/libprotobuf-lite.dir/__/src/google/protobuf/io/io_win32.cc.o
[ 15%] Generating python/operator_test/ngram_ops_test.py
[ 15%] Generating python/operator_test/integral_image_ops_test.py
[ 15%] Building CXX object third_party/protobuf/cmake/CMakeFiles/libprotobuf-lite.dir/__/src/google/protobuf/generated_message_util.cc.o
[ 15%] Building CXX object third_party/protobuf/cmake/CMakeFiles/libprotobuf-lite.dir/__/src/google/protobuf/any_lite.cc.o
[ 15%] Generating python/operator_test/prepend_dim_test.py
[ 15%] Generating python/operator_test/one_hot_ops_test.py
[ 15%] Building CXX object third_party/protobuf/cmake/CMakeFiles/libprotobuf-lite.dir/__/src/google/protobuf/generated_message_table_driven_lite.cc.o
[ 15%] Generating python/operator_test/partition_ops_test.py
[ 15%] Generating python/operator_test/quantile_test.py
[ 15%] Generating python/operator_test/negate_gradient_op_test.py
[ 15%] Building C object confu-deps/cpuinfo/CMakeFiles/cpuinfo_internals.dir/src/api.c.o
[ 15%] Generating python/operator_test/recurrent_net_executor_test.py
[ 15%] Generating python/operator_test/pad_test.py
[ 15%] Generating python/operator_test/python_op_test.py
[ 15%] Building CXX object third_party/protobuf/cmake/CMakeFiles/libprotobuf-lite.dir/__/src/google/protobuf/generated_enum_util.cc.o
[ 15%] Generating python/operator_test/piecewise_linear_transform_test.py
[ 15%] Generating python/operator_test/rand_quantization_op_speed_test.py
[ 15%] Generating python/operator_test/rand_quantization_op_test.py
[ 15%] Generating python/operator_test/percentile_op_test.py
[ 15%] Building CXX object third_party/protobuf/cmake/CMakeFiles/libprotobuf-lite.dir/__/src/google/protobuf/io/zero_copy_stream_impl.cc.o
[ 15%] Building CXX object third_party/protobuf/cmake/CMakeFiles/libprotobuf-lite.dir/__/src/google/protobuf/io/zero_copy_stream_impl_lite.cc.o
[ 15%] Building CXX object third_party/protobuf/cmake/CMakeFiles/libprotobuf-lite.dir/__/src/google/protobuf/stubs/bytestream.cc.o
[ 15%] Generating python/operator_test/resize_op_test.py
[ 15%] Building CXX object third_party/protobuf/cmake/CMakeFiles/libprotobuf-lite.dir/__/src/google/protobuf/implicit_weak_message.cc.o
[ 15%] Building CXX object third_party/protobuf/cmake/CMakeFiles/libprotobuf-lite.dir/__/src/google/protobuf/io/zero_copy_stream.cc.o
[ 15%] Generating python/operator_test/rebatching_queue_test.py
[ 15%] Generating python/operator_test/reduction_ops_test.py
[ 15%] Building CXX object third_party/protobuf/cmake/CMakeFiles/libprotobuf-lite.dir/__/src/google/protobuf/message_lite.cc.o
[ 15%] Generating python/operator_test/im2col_col2im_test.py
[ 15%] Generating python/operator_test/record_queue_test.py
[ 15%] Building CXX object third_party/protobuf/cmake/CMakeFiles/libprotobuf-lite.dir/__/src/google/protobuf/stubs/status.cc.o
[ 15%] Building CXX object third_party/protobuf/cmake/CMakeFiles/libprotobuf-lite.dir/__/src/google/protobuf/io/strtod.cc.o
[ 15%] Generating python/operator_test/rnn_cell_test.py
[ 15%] Generating python/operator_test/reshape_ops_test.py
[ 15%] Building CXX object third_party/protobuf/cmake/CMakeFiles/libprotobuf-lite.dir/__/src/google/protobuf/parse_context.cc.o
[ 15%] Generating python/operator_test/recurrent_network_test.py
[ 15%] Generating python/operator_test/rank_loss_operator_test.py
[ 15%] Building CXX object third_party/protobuf/cmake/CMakeFiles/libprotobuf-lite.dir/__/src/google/protobuf/stubs/statusor.cc.o
[ 16%] Generating python/operator_test/reduce_ops_test.py
[ 16%] Generating python/operator_test/rowwise_counter_test.py
[ 16%] Building CXX object third_party/protobuf/cmake/CMakeFiles/libprotobuf-lite.dir/__/src/google/protobuf/repeated_field.cc.o
[ 16%] Building CXX object third_party/protobuf/cmake/CMakeFiles/libprotobuf-lite.dir/__/src/google/protobuf/stubs/int128.cc.o
[ 16%] Generating python/operator_test/softplus_op_test.py
[ 16%] Building CXX object third_party/protobuf/cmake/CMakeFiles/libprotobuf-lite.dir/__/src/google/protobuf/stubs/stringprintf.cc.o
[ 16%] Building CXX object third_party/protobuf/cmake/CMakeFiles/libprotobuf-lite.dir/__/src/google/protobuf/stubs/common.cc.o
[ 16%] Generating python/operator_test/self_binning_histogram_test.py
[ 16%] Generating python/operator_test/softmax_ops_test.py
[ 16%] Building CXX object third_party/protobuf/cmake/CMakeFiles/libprotobuf-lite.dir/__/src/google/protobuf/stubs/strutil.cc.o
[ 16%] Generating python/operator_test/scale_op_test.py
[ 16%] Generating python/operator_test/roi_align_rotated_op_test.py
[ 16%] Building CXX object third_party/protobuf/cmake/CMakeFiles/libprotobuf-lite.dir/__/src/google/protobuf/stubs/stringpiece.cc.o
[ 16%] Generating python/operator_test/rmac_regions_op_test.py
[ 16%] Building CXX object third_party/protobuf/cmake/CMakeFiles/libprotobuf-lite.dir/__/src/google/protobuf/stubs/time.cc.o
[ 16%] Generating python/operator_test/merge_id_lists_op_test.py
[ 16%] Generating python/operator_test/sequence_ops_test.py
[ 16%] Building CXX object third_party/protobuf/cmake/CMakeFiles/libprotobuf-lite.dir/__/src/google/protobuf/wire_format_lite.cc.o
[ 16%] Generating python/operator_test/selu_op_test.py
[ 16%] Building CXX object third_party/protobuf/cmake/CMakeFiles/libprotobuf-lite.dir/__/src/google/protobuf/stubs/structurally_valid.cc.o
[ 16%] Generating python/operator_test/segment_ops_test.py
[ 16%] Generating python/operator_test/sparse_dropout_with_replacement_op_test.py
[ 16%] Generating python/operator_test/sinusoid_position_encoding_op_test.py
[ 16%] Generating python/operator_test/moments_op_test.py
[ 16%] Generating python/operator_test/shape_inference_test.py
[ 16%] Generating python/operator_test/sparse_to_dense_mask_op_test.py
[ 16%] Generating python/operator_test/sparse_lp_regularizer_test.py
[ 16%] Generating python/operator_test/string_ops_test.py
[ 16%] Generating python/operator_test/sparse_gradient_checker_test.py
[ 16%] Linking C static library ../../lib/libfoxi_loader.a
[ 16%] Generating python/operator_test/stats_put_ops_test.py
[ 16%] Generating python/operator_test/stats_ops_test.py
[ 16%] Generating python/operator_test/transpose_op_test.py
[ 16%] Generating python/operator_test/spatial_bn_op_test.py
[ 16%] Building CXX object third_party/protobuf/cmake/CMakeFiles/libprotobuf-lite.dir/__/src/google/protobuf/extension_set.cc.o
[ 16%] Generating python/operator_test/specialized_segment_ops_test.py
[ 16%] Generating python/operator_test/sparse_ops_test.py
[ 16%] Generating python/operator_test/upsample_op_test.py
In file included from /castles/nr/projects/d/duanj-ai-in-medical-imaging/.share/download/t1/pytorch/third_party/cpuinfo/src/cpuinfo/internal-api.h:11,
                 from /castles/nr/projects/d/duanj-ai-in-medical-imaging/.share/download/t1/pytorch/third_party/cpuinfo/src/api.c:5:
/castles/nr/projects/d/duanj-ai-in-medical-imaging/.share/download/t1/pytorch/third_party/cpuinfo/src/api.c: In function ‘cpuinfo_get_current_processor’:
[ 16%] Generating python/operator_test/storm_test.py
[ 16%] Generating python/operator_test/weighted_sum_test.py
[ 16%] Building CXX object third_party/benchmark/src/CMakeFiles/benchmark.dir/colorprint.cc.o
/castles/nr/projects/d/duanj-ai-in-medical-imaging/.share/download/t1/pytorch/third_party/cpuinfo/src/api.c:319:23: warning: implicit declaration of function ‘syscall’; did you mean ‘sysconf’? [-Wimplicit-function-declaration]
   if CPUINFO_UNLIKELY(syscall(__NR_getcpu, &cpu, NULL, NULL) != 0) {
                       ^~~~~~~
/castles/nr/projects/d/duanj-ai-in-medical-imaging/.share/download/t1/pytorch/third_party/cpuinfo/src/cpuinfo/common.h:16:59: note: in definition of macro ‘CPUINFO_UNLIKELY’
  #define CPUINFO_UNLIKELY(condition) (__builtin_expect(!!(condition), 0))
                                                           ^~~~~~~~~
[ 16%] Generating python/pipeline_test.py
[ 16%] Generating python/optimizer.py
[ 16%] Generating python/predictor/__init__.py
[ 16%] Generating python/operator_test/sparse_normalize_test.py
[ 16%] Generating python/operator_test/weighted_sample_test.py
[ 16%] Generating python/predictor/mobile_exporter_test.py
[ 16%] Generating python/operator_test/thresholded_relu_op_test.py
[ 16%] Generating python/parallel_workers_test.py
[ 16%] Generating python/operator_test/square_root_divide_op_test.py
[ 16%] Generating python/operator_test/weight_scale_test.py
[ 16%] Generating python/optimizer_test.py
[ 16%] Generating python/predictor/mobile_exporter.py
[ 16%] Generating python/operator_test/tile_op_test.py
[ 16%] Generating python/operator_test/sparse_lengths_sum_benchmark.py
[ 16%] Generating python/operator_test/unique_uniform_fill_op_test.py
[ 16%] Generating python/operator_test/wngrad_test.py
[ 16%] Generating python/operator_test/video_input_op_test.py
[ 16%] Generating python/parallel_workers.py
[ 16%] Generating python/parallelize_bmuf_distributed_test.py
[ 16%] Generating python/optimizer_test_util.py
[ 16%] Building CXX object third_party/benchmark/src/CMakeFiles/benchmark.dir/benchmark.cc.o
[ 16%] Generating python/pipeline.py
[ 16%] Generating python/operator_test/trigonometric_op_test.py
[ 16%] Generating python/operator_test/text_file_reader_test.py
[ 16%] Generating python/predictor/predictor_exporter_test.py
[ 16%] Generating python/operator_test/weighted_multi_sample_test.py
[ 16%] Generating python/operator_test/torch_integration_test.py
[ 16%] Generating python/python_op_test.py
[ 16%] Building CXX object third_party/benchmark/src/CMakeFiles/benchmark.dir/console_reporter.cc.o
[ 16%] Building CXX object third_party/benchmark/src/CMakeFiles/benchmark.dir/complexity.cc.o
[ 16%] Building CXX object third_party/benchmark/src/CMakeFiles/benchmark.dir/commandlineflags.cc.o
[ 17%] Generating python/predictor/predictor_exporter.py
[ 17%] Generating python/operator_test/top_k_test.py
[ 17%] Generating python/optimizer_context.py
[ 17%] Generating python/operator_test/utility_ops_test.py
[ 17%] Building CXX object third_party/benchmark/src/CMakeFiles/benchmark.dir/csv_reporter.cc.o
[ 17%] Generating python/regularizer.py
[ 17%] Building CXX object third_party/benchmark/src/CMakeFiles/benchmark.dir/json_reporter.cc.o
[ 17%] Building CXX object third_party/benchmark/src/CMakeFiles/benchmark.dir/reporter.cc.o
[ 17%] Building CXX object third_party/benchmark/src/CMakeFiles/benchmark.dir/benchmark_register.cc.o
[ 17%] Generating python/predictor/serde.py
[ 17%] Generating python/operator_test/unique_ops_test.py
[ 17%] Building CXX object third_party/benchmark/src/CMakeFiles/benchmark.dir/counter.cc.o
[ 17%] Generating python/predictor/predictor_test.py
[ 17%] Building CXX object third_party/benchmark/src/CMakeFiles/benchmark.dir/string_util.cc.o
[ 17%] Generating python/recurrent.py
[ 17%] Generating python/regularizer_test.py
[ 17%] Generating python/predictor_constants.py
[ 18%] Generating python/rnn/__init__.py
[ 18%] Generating python/record_queue.py
[ 18%] Generating python/rnn/rnn_cell_test_util.py
[ 18%] Generating python/queue_util.py
[ 18%] Generating python/predictor/predictor_py_utils.py
[ 18%] Building CXX object third_party/benchmark/src/CMakeFiles/benchmark.dir/sleep.cc.o
[ 18%] Building CXX object third_party/benchmark/src/CMakeFiles/benchmark.dir/statistics.cc.o
[ 18%] Generating python/schema.py
[ 18%] Generating python/scope_test.py
[ 18%] Generating python/regularizer_context.py
[ 18%] Generating python/serialized_test/serialized_test_util.py
[ 18%] Generating python/sparse_to_dense_test.py
[ 18%] Building CXX object third_party/benchmark/src/CMakeFiles/benchmark.dir/timers.cc.o
[ 18%] Generating python/session.py
[ 18%] Generating python/serialized_test/coverage.py
[ 18%] Generating python/scope.py
[ 18%] Generating python/schema_test.py
[ 18%] Building CXX object third_party/benchmark/src/CMakeFiles/benchmark.dir/sysinfo.cc.o
[ 18%] Generating python/sparse_to_dense_mask_test.py
[ 18%] Generating python/serialized_test/__init__.py
[ 18%] Generating python/rnn/lstm_comparison.py
[ 18%] Generating python/test/python_protobuf_test.py
[ 18%] Linking C static library ../../lib/libcpuinfo.a
[ 18%] Generating python/test/blob_deallocation_test.py
[ 18%] Generating python/test/gpu_context_test.py
[ 18%] Generating python/test/__init__.py
[ 18%] Generating python/test_util.py
[ 18%] Generating python/rnn_cell.py
[ 18%] Generating python/task.py
[ 18%] Generating python/text_file_reader.py
[ 18%] Generating python/test/executor_test.py
[ 18%] Generating python/test/inference_lstm_op_test.py
[ 18%] Generating python/test/executor_test_util.py
[ 19%] Generating python/toy_regression_test.py
[ 19%] Generating python/transformations.py
[ 19%] Generating python/session_test.py
[ 19%] Generating python/trt/__init__.py
[ 19%] Generating python/trt/test_trt.py
[ 19%] Generating python/trt/transform.py
[ 19%] Generating python/transformations_test.py
[ 19%] Generating python/tt_core.py
[ 19%] Generating python/task_test.py
[ 19%] Generating python/tt_core_test.py
[ 19%] Generating python/test/do_op_test.py
[ 19%] Generating python/utils.py
[ 19%] Generating python/timeout_guard.py
[ 19%] Built target foxi_loader
[ 19%] Generating python/trt/test_pt_onnx_trt.py
[ 19%] Generating python/utils_test.py
[ 19%] Generating python/visualize.py
[ 19%] Generating python/workspace.py
[ 19%] Generating python/workspace_test.py
[ 19%] Generating quantization/__init__.py
[ 19%] Generating quantization/server/batch_matmul_dnnlowp_op_test.py
In file included from /castles/nr/projects/d/duanj-ai-in-medical-imaging/.share/download/t1/pytorch/third_party/cpuinfo/src/cpuinfo/internal-api.h:11,
                 from /castles/nr/projects/d/duanj-ai-in-medical-imaging/.share/download/t1/pytorch/third_party/cpuinfo/src/api.c:5:
/castles/nr/projects/d/duanj-ai-in-medical-imaging/.share/download/t1/pytorch/third_party/cpuinfo/src/api.c: In function ‘cpuinfo_get_current_processor’:
[ 19%] Generating quantization/server/batch_permutation_dnnlowp_op_test.py
[ 19%] Generating quantization/server/channel_shuffle_dnnlowp_op_test.py
[ 19%] Generating quantization/server/__init__.py
/castles/nr/projects/d/duanj-ai-in-medical-imaging/.share/download/t1/pytorch/third_party/cpuinfo/src/api.c:319:23: warning: implicit declaration of function ‘syscall’; did you mean ‘sysconf’? [-Wimplicit-function-declaration]
   if CPUINFO_UNLIKELY(syscall(__NR_getcpu, &cpu, NULL, NULL) != 0) {
                       ^~~~~~~
/castles/nr/projects/d/duanj-ai-in-medical-imaging/.share/download/t1/pytorch/third_party/cpuinfo/src/cpuinfo/common.h:16:59: note: in definition of macro ‘CPUINFO_UNLIKELY’
  #define CPUINFO_UNLIKELY(condition) (__builtin_expect(!!(condition), 0))
                                                           ^~~~~~~~~
[ 19%] Generating quantization/server/concat_dnnlowp_op_test.py
[ 19%] Generating quantization/server/conv_depthwise_dnnlowp_op_test.py
[ 19%] Generating quantization/server/conv_groupwise_dnnlowp_acc16_op_test.py
[ 19%] Generating quantization/server/conv_dnnlowp_acc16_op_test.py
[ 19%] Generating quantization/server/conv_dnnlowp_op_test.py
[ 19%] Generating quantization/server/dequantize_dnnlowp_op_test.py
[ 19%] Generating quantization/server/dnnlowp_test_utils.py
[ 19%] Generating quantization/server/fully_connected_dnnlowp_acc16_op_test.py
[ 19%] Generating quantization/server/elementwise_add_dnnlowp_op_test.py
[ 19%] Generating quantization/server/conv_groupwise_dnnlowp_op_test.py
[ 19%] Generating quantization/server/elementwise_sum_dnnlowp_op_test.py
[ 19%] Generating quantization/server/elementwise_linear_dnnlowp_op_test.py
[ 19%] Generating quantization/server/fully_connected_dnnlowp_op_test.py
[ 19%] Built target cpuinfo
[ 19%] Generating quantization/server/elementwise_mul_dnnlowp_op_test.py
[ 19%] Generating quantization/server/fully_connected_fp16_test.py
[ 19%] Generating quantization/server/fully_connected_rowwise_dnnlowp_op_test.py
[ 20%] Generating quantization/server/int8_quant_scheme_blob_fill_test.py
[ 20%] Generating quantization/server/group_norm_dnnlowp_op_test.py
[ 20%] Generating quantization/server/pool_dnnlowp_op_test.py
[ 20%] Generating quantization/server/gather_dnnlowp_op_test.py
[ 20%] Generating quantization/server/int8_gen_quant_params_test.py
[ 20%] Generating quantization/server/observer_test.py
[ 20%] Generating quantization/server/lstm_unit_dnnlowp_op_test.py
Generating nccl.h.in                           > /castles/nr/projects/d/duanj-ai-in-medical-imaging/.share/download/t1/pytorch/build/nccl/include/nccl.h
[ 20%] Generating quantization/server/relu_dnnlowp_op_test.py
[ 20%] Generating quantization/server/quantize_dnnlowp_op_test.py
[ 20%] Generating quantization/server/resize_nearest_dnnlowp_op_test.py
[ 20%] Generating quantization/server/sigmoid_dnnlowp_op_test.py
[ 20%] Generating quantization/server/spatial_batch_norm_dnnlowp_op_test.py
[ 20%] Generating quantization/server/tanh_dnnlowp_op_test.py
[ 20%] Generating quantization/server/resize_nearest_3d_dnnlowp_op_test.py
[ 20%] Generating quantization/server/utils.py
Grabbing   include/nccl_net.h                  > /castles/nr/projects/d/duanj-ai-in-medical-imaging/.share/download/t1/pytorch/build/nccl/include/nccl_net.h
[ 20%] Linking C static library ../../lib/libcpuinfo_internals.a
Compiling  init.cc                             > /castles/nr/projects/d/duanj-ai-in-medical-imaging/.share/download/t1/pytorch/build/nccl/obj/init.o
[ 20%] Built target cpuinfo_internals
[ 20%] Built target python_copy_files
[ 20%] Linking C executable ../../bin/mkdisp
[ 20%] Linking C executable ../../bin/mkalias
[ 20%] Built target mkdisp
[ 20%] Linking C executable ../../bin/mkrename_gnuabi
In file included from include/core.h:57,
                 from include/transport.h:13,
                 from include/comm.h:10,
                 from include/channel.h:9,
                 from init.cc:8:
include/param.h: In function ‘void setEnvFile(const char*)’:
include/param.h:37:12: warning: ‘char* strncpy(char*, const char*, size_t)’ specified bound 1024 equals destination size [-Wstringop-truncation]
     strncpy(envValue, line+s, 1024);
     ~~~~~~~^~~~~~~~~~~~~~~~~~~~~~~~
[ 20%] Built target mkalias
[ 20%] Linking C executable ../../bin/mkrename
[ 20%] Built target mkrename_gnuabi
[ 20%] Built target mkrename
Scanning dependencies of target renamePUREC_SCALAR.h_generated
Scanning dependencies of target headers
Scanning dependencies of target renamePURECFMA_SCALAR.h_generated
[ 20%] Generating include/renamepurec_scalar.h
Generating renamepurec_scalar.h: mkrename cinz_ 1 1 purec
[ 20%] Generating include/renamepurec_scalar.h
[ 20%] Generating include/renamepurecfma_scalar.h
[ 20%] Generating ../../../include/sleef.h
[ 20%] Generating include/renamepurecfma_scalar.h
Generating renamepurec_scalar.h: mkrename cinz_ 1 1 purec
Generating renamepurecfma_scalar.h: mkrename finz_ 1 1 purecfma
Generating renamepurecfma_scalar.h: mkrename finz_ 1 1 purecfma
[ 20%] Linking C executable ../../bin/mkmasked_gnuabi
[ 20%] Built target renamePUREC_SCALAR.h_generated
[ 20%] Built target renamePURECFMA_SCALAR.h_generated
Scanning dependencies of target sleefdetpurec_scalar
Generating sleef.h: mkrename finz_ 2 4 vector double vector float vector int vector int __VSX__ vsx
Scanning dependencies of target sleefdetpurecfma_scalar
Scanning dependencies of target sleefpurec_scalar
Generating sleef.h: mkrename finz_ 2 4 vector double vector float vector int vector int __VSX__ vsx
[ 20%] Built target mkmasked_gnuabi
Scanning dependencies of target sleefpurecfma_scalar
Generating sleef.h: mkrename cinz_ 2 4 vector double vector float vector int vector int __VSX__ vsxnofma
Generating sleef.h: mkrename cinz_ 1 1 double float int32_t int32_t __STDC__ purec
Generating sleef.h: mkrename finz_ 1 1 double float int32_t int32_t FP_FAST_FMA purecfma
[ 20%] Built target headers
Compiling  channel.cc                          > /castles/nr/projects/d/duanj-ai-in-medical-imaging/.share/download/t1/pytorch/build/nccl/obj/channel.o
[ 20%] Built target arraymap
[ 20%] Building CXX object third_party/protobuf/cmake/CMakeFiles/libprotobuf.dir/__/src/google/protobuf/any_lite.cc.o
[ 20%] Building CXX object third_party/protobuf/cmake/CMakeFiles/libprotobuf.dir/__/src/google/protobuf/arena.cc.o
[ 20%] Building CXX object third_party/protobuf/cmake/CMakeFiles/libprotobuf.dir/__/src/google/protobuf/generated_enum_util.cc.o
[ 20%] Building CXX object third_party/protobuf/cmake/CMakeFiles/libprotobuf.dir/__/src/google/protobuf/extension_set.cc.o
[ 21%] Building CXX object third_party/protobuf/cmake/CMakeFiles/libprotobuf.dir/__/src/google/protobuf/implicit_weak_message.cc.o
[ 21%] Building CXX object third_party/protobuf/cmake/CMakeFiles/libprotobuf.dir/__/src/google/protobuf/io/coded_stream.cc.o
[ 21%] Building CXX object third_party/protobuf/cmake/CMakeFiles/libprotobuf.dir/__/src/google/protobuf/generated_message_util.cc.o
[ 21%] Building CXX object third_party/protobuf/cmake/CMakeFiles/libprotobuf.dir/__/src/google/protobuf/io/io_win32.cc.o
[ 21%] Building CXX object third_party/protobuf/cmake/CMakeFiles/libprotobuf.dir/__/src/google/protobuf/io/strtod.cc.o
[ 21%] Building CXX object third_party/protobuf/cmake/CMakeFiles/libprotobuf.dir/__/src/google/protobuf/generated_message_table_driven_lite.cc.o
[ 21%] Building CXX object third_party/protobuf/cmake/CMakeFiles/libprotobuf.dir/__/src/google/protobuf/io/zero_copy_stream_impl.cc.o
[ 21%] Building CXX object third_party/protobuf/cmake/CMakeFiles/libprotobuf.dir/__/src/google/protobuf/io/zero_copy_stream_impl_lite.cc.o
[ 21%] Building CXX object third_party/protobuf/cmake/CMakeFiles/libprotobuf.dir/__/src/google/protobuf/message_lite.cc.o
[ 21%] Building CXX object third_party/protobuf/cmake/CMakeFiles/libprotobuf.dir/__/src/google/protobuf/io/zero_copy_stream.cc.o
[ 21%] Building CXX object third_party/protobuf/cmake/CMakeFiles/libprotobuf.dir/__/src/google/protobuf/repeated_field.cc.o
[ 21%] Building CXX object third_party/protobuf/cmake/CMakeFiles/libprotobuf.dir/__/src/google/protobuf/parse_context.cc.o
[ 21%] Building CXX object third_party/protobuf/cmake/CMakeFiles/libprotobuf.dir/__/src/google/protobuf/stubs/bytestream.cc.o
[ 21%] Building CXX object third_party/protobuf/cmake/CMakeFiles/libprotobuf.dir/__/src/google/protobuf/stubs/int128.cc.o
[ 21%] Building CXX object third_party/protobuf/cmake/CMakeFiles/libprotobuf.dir/__/src/google/protobuf/stubs/status.cc.o
[ 21%] Built target common
[ 21%] Building CXX object third_party/protobuf/cmake/CMakeFiles/libprotobuf.dir/__/src/google/protobuf/stubs/stringpiece.cc.o
[ 21%] Building CXX object third_party/protobuf/cmake/CMakeFiles/libprotobuf.dir/__/src/google/protobuf/stubs/statusor.cc.o
[ 21%] Building CXX object third_party/protobuf/cmake/CMakeFiles/libprotobuf.dir/__/src/google/protobuf/stubs/common.cc.o
[ 21%] Building CXX object third_party/protobuf/cmake/CMakeFiles/libprotobuf.dir/__/src/google/protobuf/stubs/stringprintf.cc.o
[ 21%] Building CXX object third_party/protobuf/cmake/CMakeFiles/libprotobuf.dir/__/src/google/protobuf/stubs/strutil.cc.o
[ 21%] Building CXX object third_party/protobuf/cmake/CMakeFiles/libprotobuf.dir/__/src/google/protobuf/stubs/structurally_valid.cc.o
[ 21%] Building CXX object third_party/protobuf/cmake/CMakeFiles/libprotobuf.dir/__/src/google/protobuf/wire_format_lite.cc.o
[ 21%] Building CXX object third_party/protobuf/cmake/CMakeFiles/libprotobuf.dir/__/src/google/protobuf/stubs/time.cc.o
[ 21%] Building CXX object third_party/protobuf/cmake/CMakeFiles/libprotobuf.dir/__/src/google/protobuf/any.cc.o
[ 21%] Building CXX object third_party/protobuf/cmake/CMakeFiles/libprotobuf.dir/__/src/google/protobuf/any.pb.cc.o
[ 21%] Building CXX object third_party/protobuf/cmake/CMakeFiles/libprotobuf.dir/__/src/google/protobuf/api.pb.cc.o
[ 21%] Building CXX object third_party/gloo/gloo/CMakeFiles/gloo.dir/allgather.cc.o
[ 21%] Building CXX object third_party/gloo/gloo/CMakeFiles/gloo.dir/allgatherv.cc.o
[ 21%] Building CXX object third_party/gloo/gloo/CMakeFiles/gloo.dir/algorithm.cc.o
[ 21%] Building CXX object third_party/gloo/gloo/CMakeFiles/gloo.dir/allreduce.cc.o
[ 21%] Building CXX object third_party/gloo/gloo/CMakeFiles/gloo.dir/allreduce_local.cc.o
[ 21%] Building CXX object third_party/protobuf/cmake/CMakeFiles/libprotobuf.dir/__/src/google/protobuf/compiler/importer.cc.o
[ 21%] Building CXX object third_party/gloo/gloo/CMakeFiles/gloo.dir/alltoall.cc.o
[ 21%] Building CXX object third_party/protobuf/cmake/CMakeFiles/libprotobuf.dir/__/src/google/protobuf/compiler/parser.cc.o
[ 21%] Building CXX object third_party/gloo/gloo/CMakeFiles/gloo.dir/broadcast.cc.o
[ 21%] Building CXX object third_party/gloo/gloo/CMakeFiles/gloo.dir/alltoallv.cc.o
[ 21%] Building CXX object third_party/protobuf/cmake/CMakeFiles/libprotobuf.dir/__/src/google/protobuf/descriptor_database.cc.o
[ 21%] Building CXX object third_party/protobuf/cmake/CMakeFiles/libprotobuf.dir/__/src/google/protobuf/descriptor.pb.cc.o
[ 21%] Building CXX object third_party/gloo/gloo/CMakeFiles/gloo.dir/barrier.cc.o
[ 21%] Building CXX object third_party/protobuf/cmake/CMakeFiles/libprotobuf.dir/__/src/google/protobuf/duration.pb.cc.o
[ 21%] Building CXX object third_party/gloo/gloo/CMakeFiles/gloo.dir/context.cc.o
[ 21%] Building CXX object third_party/gloo/gloo/CMakeFiles/gloo.dir/reduce.cc.o
[ 21%] Building CXX object third_party/gloo/gloo/CMakeFiles/gloo.dir/gatherv.cc.o
[ 21%] Building CXX object third_party/gloo/gloo/CMakeFiles/gloo.dir/types.cc.o
[ 21%] Building CXX object third_party/protobuf/cmake/CMakeFiles/libprotobuf.dir/__/src/google/protobuf/dynamic_message.cc.o
[ 21%] Building CXX object third_party/gloo/gloo/CMakeFiles/gloo.dir/common/logging.cc.o
[ 21%] Building CXX object third_party/gloo/gloo/CMakeFiles/gloo.dir/scatter.cc.o
[ 21%] Building CXX object third_party/protobuf/cmake/CMakeFiles/libprotobuf.dir/__/src/google/protobuf/empty.pb.cc.o
[ 21%] Building CXX object third_party/protobuf/cmake/CMakeFiles/libprotobuf.dir/__/src/google/protobuf/field_mask.pb.cc.o
[ 21%] Building CXX object third_party/protobuf/cmake/CMakeFiles/libprotobuf.dir/__/src/google/protobuf/generated_message_table_driven.cc.o
[ 21%] Building CXX object third_party/gloo/gloo/CMakeFiles/gloo.dir/mpi/context.cc.o
[ 21%] Building CXX object third_party/gloo/gloo/CMakeFiles/gloo.dir/gather.cc.o
[ 21%] Building CXX object third_party/protobuf/cmake/CMakeFiles/libprotobuf.dir/__/src/google/protobuf/descriptor.cc.o
[ 21%] Building CXX object third_party/protobuf/cmake/CMakeFiles/libprotobuf.dir/__/src/google/protobuf/io/gzip_stream.cc.o
[ 22%] Building CXX object third_party/protobuf/cmake/CMakeFiles/libprotobuf.dir/__/src/google/protobuf/io/tokenizer.cc.o
[ 22%] Building CXX object third_party/protobuf/cmake/CMakeFiles/libprotobuf.dir/__/src/google/protobuf/extension_set_heavy.cc.o
[ 22%] Building CXX object third_party/protobuf/cmake/CMakeFiles/libprotobuf.dir/__/src/google/protobuf/io/printer.cc.o
[ 22%] Building CXX object third_party/protobuf/cmake/CMakeFiles/libprotobuf.dir/__/src/google/protobuf/generated_message_reflection.cc.o
[ 22%] Building CXX object third_party/gloo/gloo/CMakeFiles/gloo.dir/rendezvous/context.cc.o
[ 22%] Building CXX object third_party/gloo/gloo/CMakeFiles/gloo.dir/rendezvous/file_store.cc.o
[ 23%] Building CXX object third_party/gloo/gloo/CMakeFiles/gloo.dir/common/linux.cc.o
[ 23%] Building CXX object third_party/protobuf/cmake/CMakeFiles/libprotobuf.dir/__/src/google/protobuf/reflection_ops.cc.o
[ 23%] Building CXX object third_party/gloo/gloo/CMakeFiles/gloo.dir/rendezvous/hash_store.cc.o
[ 23%] Building CXX object third_party/protobuf/cmake/CMakeFiles/libprotobuf.dir/__/src/google/protobuf/source_context.pb.cc.o
[ 23%] Building CXX object third_party/protobuf/cmake/CMakeFiles/libprotobuf.dir/__/src/google/protobuf/map_field.cc.o
[ 23%] Building CXX object third_party/gloo/gloo/CMakeFiles/gloo.dir/transport/buffer.cc.o
[ 23%] Building CXX object third_party/gloo/gloo/CMakeFiles/gloo.dir/rendezvous/prefix_store.cc.o
[ 23%] Building CXX object third_party/protobuf/cmake/CMakeFiles/libprotobuf.dir/__/src/google/protobuf/service.cc.o
[ 23%] Building CXX object third_party/gloo/gloo/CMakeFiles/gloo.dir/rendezvous/store.cc.o
[ 23%] Building CXX object third_party/protobuf/cmake/CMakeFiles/libprotobuf.dir/__/src/google/protobuf/struct.pb.cc.o
[ 23%] Building CXX object third_party/gloo/gloo/CMakeFiles/gloo.dir/transport/address.cc.o
[ 23%] Building CXX object third_party/gloo/gloo/CMakeFiles/gloo.dir/transport/context.cc.o
[ 23%] Building CXX object third_party/gloo/gloo/CMakeFiles/gloo.dir/transport/device.cc.o
[ 23%] Building CXX object third_party/protobuf/cmake/CMakeFiles/libprotobuf.dir/__/src/google/protobuf/message.cc.o
[ 23%] Building CXX object third_party/gloo/gloo/CMakeFiles/gloo.dir/transport/pair.cc.o
[ 23%] Building CXX object third_party/protobuf/cmake/CMakeFiles/libprotobuf.dir/__/src/google/protobuf/text_format.cc.o
[ 23%] Building CXX object third_party/protobuf/cmake/CMakeFiles/libprotobuf.dir/__/src/google/protobuf/stubs/substitute.cc.o
[ 23%] Building CXX object third_party/gloo/gloo/CMakeFiles/gloo.dir/transport/unbound_buffer.cc.o
[ 23%] Building CXX object third_party/protobuf/cmake/CMakeFiles/libprotobuf.dir/__/src/google/protobuf/timestamp.pb.cc.o
[ 23%] Building CXX object third_party/protobuf/cmake/CMakeFiles/libprotobuf.dir/__/src/google/protobuf/unknown_field_set.cc.o
[ 23%] Building CXX object third_party/protobuf/cmake/CMakeFiles/libprotobuf.dir/__/src/google/protobuf/type.pb.cc.o
[ 23%] Building CXX object third_party/gloo/gloo/CMakeFiles/gloo.dir/transport/tcp/address.cc.o
[ 23%] Building CXX object third_party/protobuf/cmake/CMakeFiles/libprotobuf.dir/__/src/google/protobuf/util/delimited_message_util.cc.o
[ 23%] Building CXX object third_party/protobuf/cmake/CMakeFiles/libprotobuf.dir/__/src/google/protobuf/util/field_comparator.cc.o
[ 23%] Building CXX object third_party/gloo/gloo/CMakeFiles/gloo.dir/transport/tcp/device.cc.o
[ 23%] Building CXX object third_party/gloo/gloo/CMakeFiles/gloo.dir/transport/tcp/pair.cc.o
[ 23%] Building CXX object third_party/gloo/gloo/CMakeFiles/gloo.dir/transport/tcp/context.cc.o
[ 23%] Building CXX object third_party/gloo/gloo/CMakeFiles/gloo.dir/transport/tcp/loop.cc.o
[ 23%] Building CXX object third_party/gloo/gloo/CMakeFiles/gloo.dir/transport/tcp/buffer.cc.o
[ 23%] Building CXX object third_party/gloo/gloo/CMakeFiles/gloo.dir/transport/tcp/unbound_buffer.cc.o
[ 23%] Building CXX object third_party/protobuf/cmake/CMakeFiles/libprotobuf.dir/__/src/google/protobuf/util/field_mask_util.cc.o
[ 23%] Building CXX object third_party/protobuf/cmake/CMakeFiles/libprotobuf.dir/__/src/google/protobuf/util/internal/datapiece.cc.o
[ 23%] Building CXX object third_party/protobuf/cmake/CMakeFiles/libprotobuf.dir/__/src/google/protobuf/util/internal/default_value_objectwriter.cc.o
[ 23%] Building CXX object third_party/protobuf/cmake/CMakeFiles/libprotobuf.dir/__/src/google/protobuf/util/internal/error_listener.cc.o
[ 23%] Building CXX object third_party/protobuf/cmake/CMakeFiles/libprotobuf.dir/__/src/google/protobuf/util/internal/field_mask_utility.cc.o
[ 23%] Building CXX object third_party/protobuf/cmake/CMakeFiles/libprotobuf.dir/__/src/google/protobuf/util/internal/json_objectwriter.cc.o
[ 23%] Building CXX object third_party/protobuf/cmake/CMakeFiles/libprotobuf.dir/__/src/google/protobuf/util/internal/json_escaping.cc.o
[ 23%] Building CXX object third_party/protobuf/cmake/CMakeFiles/libprotobuf.dir/__/src/google/protobuf/util/internal/json_stream_parser.cc.o
[ 23%] Building CXX object third_party/protobuf/cmake/CMakeFiles/libprotobuf.dir/__/src/google/protobuf/util/internal/proto_writer.cc.o
[ 23%] Building CXX object third_party/protobuf/cmake/CMakeFiles/libprotobuf.dir/__/src/google/protobuf/util/internal/object_writer.cc.o
[ 23%] Building CXX object third_party/protobuf/cmake/CMakeFiles/libprotobuf.dir/__/src/google/protobuf/util/internal/protostream_objectsource.cc.o
[ 23%] Building CXX object third_party/protobuf/cmake/CMakeFiles/libprotobuf.dir/__/src/google/protobuf/util/internal/protostream_objectwriter.cc.o
[ 23%] Building CXX object third_party/protobuf/cmake/CMakeFiles/libprotobuf.dir/__/src/google/protobuf/util/internal/type_info.cc.o
[ 23%] Building CXX object third_party/protobuf/cmake/CMakeFiles/libprotobuf.dir/__/src/google/protobuf/util/internal/type_info_test_helper.cc.o
[ 23%] Linking CXX static library ../../../lib/libprotobuf-lite.a
[ 23%] Building CXX object third_party/protobuf/cmake/CMakeFiles/libprotobuf.dir/__/src/google/protobuf/util/json_util.cc.o
[ 23%] Building CXX object third_party/protobuf/cmake/CMakeFiles/libprotobuf.dir/__/src/google/protobuf/util/internal/utility.cc.o
[ 24%] Building CXX object third_party/protobuf/cmake/CMakeFiles/libprotobuf.dir/__/src/google/protobuf/util/time_util.cc.o
[ 24%] Building CXX object third_party/protobuf/cmake/CMakeFiles/libprotobuf.dir/__/src/google/protobuf/util/message_differencer.cc.o
[ 24%] Building CXX object third_party/protobuf/cmake/CMakeFiles/libprotobuf.dir/__/src/google/protobuf/wire_format.cc.o
[ 24%] Building CXX object third_party/protobuf/cmake/CMakeFiles/libprotobuf.dir/__/src/google/protobuf/util/type_resolver_util.cc.o
[ 24%] Building CXX object third_party/protobuf/cmake/CMakeFiles/libprotobuf.dir/__/src/google/protobuf/wrappers.pb.cc.o
Compiling  bootstrap.cc                        > /castles/nr/projects/d/duanj-ai-in-medical-imaging/.share/download/t1/pytorch/build/nccl/obj/bootstrap.o
[ 24%] Built target libprotobuf-lite
In file included from bootstrap.cc:12:
include/socket.h: In function ‘ncclResult_t connectAddress(int*, socketAddress*)’:
include/socket.h:41:16: warning: ‘<’ directive writing 1 byte into a region of size between 0 and 1024 [-Wformat-overflow=]
   sprintf(buf, "%s<%s>", host, service);
                ^~~~~~~~
include/socket.h:41:10: note: ‘sprintf’ output between 3 and 1058 bytes into a destination of size 1024
   sprintf(buf, "%s<%s>", host, service);
   ~~~~~~~^~~~~~~~~~~~~~~~~~~~~~~~~~~~~~
[ 24%] Building C object sleef/src/libm/CMakeFiles/sleefdetpurecfma_scalar.dir/sleefsimdsp.c.o
[ 24%] Building C object sleef/src/libm/CMakeFiles/sleefdetpurecfma_scalar.dir/sleefsimddp.c.o
include/socket.h: In function ‘int findInterfaceMatchSubnet(char*, socketAddress*, socketAddress*, int, int)’:
include/socket.h:41:16: warning: ‘<’ directive writing 1 byte into a region of size between 0 and 1024 [-Wformat-overflow=]
   sprintf(buf, "%s<%s>", host, service);
                ^~~~~~~~
include/socket.h:41:10: note: ‘sprintf’ output between 3 and 1058 bytes into a destination of size 1024
   sprintf(buf, "%s<%s>", host, service);
   ~~~~~~~^~~~~~~~~~~~~~~~~~~~~~~~~~~~~~
[ 24%] Building C object sleef/src/libm/CMakeFiles/sleefpurec_scalar.dir/sleefsimddp.c.o
[ 24%] Building C object sleef/src/libm/CMakeFiles/sleefpurec_scalar.dir/sleefsimdsp.c.o
[ 24%] Building C object sleef/src/libm/CMakeFiles/sleefdetpurec_scalar.dir/sleefsimdsp.c.o
include/socket.h: In function ‘ncclResult_t bootstrapNetInit()’:
include/socket.h:41:16: warning: ‘<’ directive writing 1 byte into a region of size between 0 and 1024 [-Wformat-overflow=]
   sprintf(buf, "%s<%s>", host, service);
                ^~~~~~~~
include/socket.h:41:10: note: ‘sprintf’ output between 3 and 1058 bytes into a destination of size 1024
   sprintf(buf, "%s<%s>", host, service);
   ~~~~~~~^~~~~~~~~~~~~~~~~~~~~~~~~~~~~~
bootstrap.cc:39:58: warning: ‘%s’ directive output may be truncated writing up to 1023 bytes into a region of size between 1017 and 1018 [-Wformat-truncation=]
           snprintf(line+strlen(line), 1023-strlen(line), " [%d]%s:%s", i, bootstrapNetIfNames+i*MAX_IF_NAME_SIZE,
           ~~~~~~~~~~~~~~~~~~~~~~~~~~~~~~~~~~~~~~~~~~~~~~~^~~~~~~~~~~~~~~~~~~~~~~~~~~~~~~~~~~~~~~~~~~~~~~~~~~~~~~~
               socketToString(&bootstrapNetIfAddrs[i].sa, addrline));
               ~~~~~~~~~~~~~~~~~~~~~~~~~~~~~~~~~~~~~~~~~~~~~~~~~~~~~
bootstrap.cc:39:19: note: ‘snprintf’ output 6 or more bytes (assuming 1030) into a destination of size 1023
           snprintf(line+strlen(line), 1023-strlen(line), " [%d]%s:%s", i, bootstrapNetIfNames+i*MAX_IF_NAME_SIZE,
           ~~~~~~~~^~~~~~~~~~~~~~~~~~~~~~~~~~~~~~~~~~~~~~~~~~~~~~~~~~~~~~~~~~~~~~~~~~~~~~~~~~~~~~~~~~~~~~~~~~~~~~~
               socketToString(&bootstrapNetIfAddrs[i].sa, addrline));
               ~~~~~~~~~~~~~~~~~~~~~~~~~~~~~~~~~~~~~~~~~~~~~~~~~~~~~
[ 24%] Building C object sleef/src/libm/CMakeFiles/sleefpurecfma_scalar.dir/sleefsimdsp.c.o
[ 24%] Building C object sleef/src/libm/CMakeFiles/sleefpurecfma_scalar.dir/sleefsimddp.c.o
[ 24%] Building C object sleef/src/libm/CMakeFiles/sleefdetpurec_scalar.dir/sleefsimddp.c.o
[ 24%] Linking CXX static library ../../../../lib/libgtest.a
Compiling  transport.cc                        > /castles/nr/projects/d/duanj-ai-in-medical-imaging/.share/download/t1/pytorch/build/nccl/obj/transport.o
[ 24%] Built target gtest
Scanning dependencies of target gmock
Scanning dependencies of target gtest_main
[ 24%] Built target ATEN_CUDA_FILES_GEN_TARGET
[ 24%] Building CXX object third_party/googletest/googlemock/gtest/CMakeFiles/gtest_main.dir/src/gtest_main.cc.o
[ 24%] Building CXX object third_party/googletest/googlemock/CMakeFiles/gmock.dir/src/gmock-all.cc.o
Compiling  enqueue.cc                          > /castles/nr/projects/d/duanj-ai-in-medical-imaging/.share/download/t1/pytorch/build/nccl/obj/enqueue.o
[ 24%] Generating ../../torch/csrc/autograd/generated/Functions.cpp, ../../torch/csrc/jit/generated/generated_unboxing_wrappers_0.cpp, ../../torch/csrc/jit/generated/generated_unboxing_wrappers_1.cpp, ../../torch/csrc/jit/generated/generated_unboxing_wrappers_2.cpp, ../../torch/csrc/autograd/generated/VariableType_0.cpp, ../../torch/csrc/autograd/generated/VariableType_1.cpp, ../../torch/csrc/autograd/generated/VariableType_2.cpp, ../../torch/csrc/autograd/generated/VariableType_3.cpp, ../../torch/csrc/autograd/generated/VariableType_4.cpp, ../../torch/csrc/autograd/generated/ProfiledType_0.cpp, ../../torch/csrc/autograd/generated/ProfiledType_1.cpp, ../../torch/csrc/autograd/generated/ProfiledType_2.cpp, ../../torch/csrc/autograd/generated/ProfiledType_3.cpp, ../../torch/csrc/autograd/generated/ProfiledType_4.cpp, ../../torch/csrc/autograd/generated/TraceType_0.cpp, ../../torch/csrc/autograd/generated/TraceType_1.cpp, ../../torch/csrc/autograd/generated/TraceType_2.cpp, ../../torch/csrc/autograd/generated/TraceType_3.cpp, ../../torch/csrc/autograd/generated/TraceType_4.cpp, ../../torch/csrc/autograd/generated/Functions.h, ../../torch/csrc/autograd/generated/variable_factories.h, ../../torch/csrc/autograd/generated/VariableType.h, ../../torch/csrc/autograd/generated/python_functions.cpp, ../../torch/csrc/autograd/generated/python_variable_methods.cpp, ../../torch/csrc/autograd/generated/python_torch_functions.cpp, ../../torch/csrc/autograd/generated/python_nn_functions.cpp, ../../torch/csrc/autograd/generated/python_functions.h, ../../torch/testing/_internal/generated/annotated_fn_args.py
[ 24%] Built target ATEN_CPU_FILES_GEN_TARGET
Scanning dependencies of target torch_python_stubs
Scanning dependencies of target __aten_op_header_gen
[ 24%] Generating ../../../torch/_C/__init__.pyi, ../../../torch/_C/_VariableFunctions.pyi, ../../../torch/nn/functional.pyi
[ 24%] Generating contrib/aten/aten_op.h
[ 24%] Built target sleefdetpurecfma_scalar
[ 24%] Built target sleefdetpurec_scalar
Compiling  group.cc                            > /castles/nr/projects/d/duanj-ai-in-medical-imaging/.share/download/t1/pytorch/build/nccl/obj/group.o
[ 24%] Built target sleefpurecfma_scalar
[ 24%] Built target sleefpurec_scalar
Scanning dependencies of target sleef
Compiling  debug.cc                            > /castles/nr/projects/d/duanj-ai-in-medical-imaging/.share/download/t1/pytorch/build/nccl/obj/debug.o
[ 24%] Building C object sleef/src/libm/CMakeFiles/sleef.dir/sleefdp.c.o
[ 25%] Building C object sleef/src/libm/CMakeFiles/sleef.dir/rempitab.c.o
[ 25%] Building C object sleef/src/libm/CMakeFiles/sleef.dir/sleefsp.c.o
[ 25%] Building C object sleef/src/libm/CMakeFiles/sleef.dir/sleefld.c.o
[ 25%] Building C object sleef/src/libm/CMakeFiles/sleef.dir/sleefqp.c.o
Compiling  proxy.cc                            > /castles/nr/projects/d/duanj-ai-in-medical-imaging/.share/download/t1/pytorch/build/nccl/obj/proxy.o
[ 25%] Linking CXX static library ../../../lib/libprotobuf.a
Compiling  misc/nvmlwrap.cc                    > /castles/nr/projects/d/duanj-ai-in-medical-imaging/.share/download/t1/pytorch/build/nccl/obj/misc/nvmlwrap.o
[ 25%] Built target libprotobuf
Scanning dependencies of target libprotoc
[ 25%] Linking CXX static library ../../../../lib/libgtest_main.a
[ 25%] Built target gtest_main
Compiling  misc/ibvwrap.cc                     > /castles/nr/projects/d/duanj-ai-in-medical-imaging/.share/download/t1/pytorch/build/nccl/obj/misc/ibvwrap.o
[ 25%] Building CXX object c10/CMakeFiles/c10.dir/core/Allocator.cpp.o
[ 25%] Building CXX object c10/CMakeFiles/c10.dir/core/CPUAllocator.cpp.o
[ 25%] Building CXX object c10/CMakeFiles/c10.dir/core/CopyBytes.cpp.o
[ 25%] Building CXX object c10/CMakeFiles/c10.dir/core/DefaultDtype.cpp.o
[ 25%] Building CXX object c10/CMakeFiles/c10.dir/core/Device.cpp.o
[ 25%] Building CXX object c10/CMakeFiles/c10.dir/core/DeviceType.cpp.o
[ 25%] Linking CXX static library ../../../lib/libbenchmark.a
[ 25%] Building CXX object c10/CMakeFiles/c10.dir/core/DispatchKey.cpp.o
[ 25%] Building CXX object c10/CMakeFiles/c10.dir/core/DispatchKeySet.cpp.o
[ 25%] Building CXX object c10/CMakeFiles/c10.dir/core/GeneratorImpl.cpp.o
[ 25%] Building CXX object c10/CMakeFiles/c10.dir/core/Scalar.cpp.o
[ 25%] Building CXX object c10/CMakeFiles/c10.dir/core/Storage.cpp.o
[ 25%] Building CXX object c10/CMakeFiles/c10.dir/core/Stream.cpp.o
[ 25%] Building CXX object c10/CMakeFiles/c10.dir/core/StorageImpl.cpp.o
[ 25%] Building CXX object c10/CMakeFiles/c10.dir/core/TensorImpl.cpp.o
[ 25%] Building CXX object c10/CMakeFiles/c10.dir/core/TensorOptions.cpp.o
[ 25%] Building CXX object c10/CMakeFiles/c10.dir/core/UndefinedTensorImpl.cpp.o
[ 25%] Building CXX object c10/CMakeFiles/c10.dir/core/impl/DeviceGuardImplInterface.cpp.o
[ 25%] Building CXX object c10/CMakeFiles/c10.dir/core/thread_pool.cpp.o
[ 25%] Building CXX object c10/CMakeFiles/c10.dir/util/Array.cpp.o
[ 25%] Building CXX object c10/CMakeFiles/c10.dir/util/Backtrace.cpp.o
[ 25%] Building CXX object c10/CMakeFiles/c10.dir/util/C++17.cpp.o
[ 25%] Building CXX object c10/CMakeFiles/c10.dir/core/impl/LocalDispatchKeySet.cpp.o
[ 25%] Building CXX object c10/CMakeFiles/c10.dir/util/Exception.cpp.o
[ 25%] Building CXX object c10/CMakeFiles/c10.dir/util/Logging.cpp.o
[ 25%] Building CXX object c10/CMakeFiles/c10.dir/util/LeftRight.cpp.o
[ 25%] Building CXX object c10/CMakeFiles/c10.dir/util/Metaprogramming.cpp.o
[ 25%] Building CXX object c10/CMakeFiles/c10.dir/util/Half.cpp.o
[ 26%] Building CXX object c10/CMakeFiles/c10.dir/util/SmallVector.cpp.o
[ 26%] Building CXX object c10/CMakeFiles/c10.dir/util/Optional.cpp.o
[ 26%] Building CXX object c10/CMakeFiles/c10.dir/util/StringUtil.cpp.o
[ 26%] Building CXX object c10/CMakeFiles/c10.dir/util/Type.cpp.o
[ 26%] Building CXX object c10/CMakeFiles/c10.dir/util/ThreadLocalDebugInfo.cpp.o
[ 26%] Building CXX object c10/CMakeFiles/c10.dir/util/TypeList.cpp.o
[ 26%] Building CXX object c10/CMakeFiles/c10.dir/util/flags_use_gflags.cpp.o
[ 26%] Building CXX object c10/CMakeFiles/c10.dir/util/flags_use_no_gflags.cpp.o
[ 26%] Building CXX object c10/CMakeFiles/c10.dir/util/intrusive_ptr.cpp.o
[ 26%] Building CXX object c10/CMakeFiles/c10.dir/util/numa.cpp.o
[ 26%] Building CXX object c10/CMakeFiles/c10.dir/util/thread_name.cpp.o
[ 26%] Building CXX object c10/CMakeFiles/c10.dir/util/typeid.cpp.o
[ 26%] Building CXX object c10/CMakeFiles/c10.dir/util/TypeTraits.cpp.o
[ 26%] Building CXX object c10/CMakeFiles/c10.dir/util/UniqueVoidPtr.cpp.o
[ 26%] Built target benchmark
Scanning dependencies of target benchmark_main
[ 26%] Building CXX object third_party/benchmark/src/CMakeFiles/benchmark_main.dir/benchmark_main.cc.o
Compiling  misc/utils.cc                       > /castles/nr/projects/d/duanj-ai-in-medical-imaging/.share/download/t1/pytorch/build/nccl/obj/misc/utils.o
[ 26%] Linking C static library ../../lib/libsleef.a
[ 26%] Built target sleef
Compiling  misc/argcheck.cc                    > /castles/nr/projects/d/duanj-ai-in-medical-imaging/.share/download/t1/pytorch/build/nccl/obj/misc/argcheck.o
[ 26%] Linking CXX static library ../../../lib/libgmock.a
[ 26%] Built target gmock
Scanning dependencies of target gmock_main
[ 26%] Linking CXX shared library ../lib/libcaffe2_nvrtc.so
Compiling  transport/p2p.cc                    > /castles/nr/projects/d/duanj-ai-in-medical-imaging/.share/download/t1/pytorch/build/nccl/obj/transport/p2p.o
[ 26%] Built target caffe2_nvrtc
[ 26%] Building CXX object third_party/googletest/googlemock/CMakeFiles/gmock_main.dir/src/gmock_main.cc.o
Compiling  transport/shm.cc                    > /castles/nr/projects/d/duanj-ai-in-medical-imaging/.share/download/t1/pytorch/build/nccl/obj/transport/shm.o
Compiling  transport/net.cc                    > /castles/nr/projects/d/duanj-ai-in-medical-imaging/.share/download/t1/pytorch/build/nccl/obj/transport/net.o
Writing torch/csrc/autograd/generated/python_functions.h
Writing torch/csrc/autograd/generated/python_functions.cpp
Skipping rename Because of Arg: c10::optional<DimnameList> (DimnameList)
Skipping align_to Because of Arg: DimnameList (DimnameList)
Skipping align_to Because of Arg: DimnameList (DimnameList)
Skipping refine_names Because of Arg: DimnameList (DimnameList)
Skipping unflatten Because of Arg: Dimname (Dimname)
Skipping unflatten Because of Arg: DimnameList (DimnameList)
Skipping _cudnn_rnn_backward Because of Arg: std::array<bool,4> (std::array<bool,4>)
Skipping _cudnn_init_dropout_state because it is a factory method
Skipping _fused_dropout Because of Arg: c10::optional<Generator> (Generator)
Skipping _sobol_engine_draw Because of Arg: c10::optional<ScalarType> (ScalarType)
Skipping all Because of Arg: Dimname (Dimname)
Skipping all Because of Arg: Dimname (Dimname)
Skipping any Because of Arg: Dimname (Dimname)
Skipping any Because of Arg: Dimname (Dimname)
Skipping arange because it is a factory method
Skipping argmax Because of Arg: c10::optional<int64_t> (int64_t)
Skipping argmax Because of Arg: c10::optional<int64_t> (int64_t)
Skipping argmin Because of Arg: c10::optional<int64_t> (int64_t)
Skipping argmin Because of Arg: c10::optional<int64_t> (int64_t)
Skipping as_strided Because of Arg: c10::optional<int64_t> (int64_t)
Skipping bartlett_window because it is a factory method
Skipping bernoulli Because of Arg: c10::optional<Generator> (Generator)
Skipping bernoulli Because of Arg: c10::optional<Generator> (Generator)
Skipping blackman_window because it is a factory method
Skipping cat Because of Arg: Dimname (Dimname)
Skipping clamp Because of Arg: c10::optional<Scalar> (Scalar)
Skipping clamp Because of Arg: c10::optional<Scalar> (Scalar)
Skipping contiguous Because of Arg: MemoryFormat (MemoryFormat)
Skipping count_nonzero Because of Arg: c10::optional<int64_t> (int64_t)
Skipping cummax Because of Arg: Dimname (Dimname)
Skipping cummin Because of Arg: Dimname (Dimname)
Skipping cumprod Because of Arg: c10::optional<ScalarType> (ScalarType)
Skipping cumprod Because of Arg: Dimname (Dimname)
Skipping cumprod Because of Arg: Dimname (Dimname)
Skipping cumsum Because of Arg: c10::optional<ScalarType> (ScalarType)
Skipping cumsum Because of Arg: Dimname (Dimname)
Skipping cumsum Because of Arg: Dimname (Dimname)
Skipping diagonal Because of Arg: Dimname (Dimname)
Skipping diagonal Because of Arg: Dimname (Dimname)
Skipping einsum Because of Arg: std::string (std::string)
Writing torch/csrc/autograd/generated/python_variable_methods.cpp
Skipping empty_meta because it is a factory method
Skipping empty because it is a factory method
Skipping new_empty because it is a factory method
Skipping new_full because it is a factory method
Skipping new_zeros because it is a factory method
Skipping _empty_affine_quantized because it is a factory method
Skipping _empty_per_channel_affine_quantized because it is a factory method
Skipping empty_like because it is a factory method
Skipping empty_strided because it is a factory method
Skipping eye because it is a factory method
Skipping flatten Because of Arg: Dimname (Dimname)
Skipping flatten Because of Arg: Dimname (Dimname)
Skipping flatten Because of Arg: DimnameList (DimnameList)
Skipping full because it is a factory method
Skipping full_like because it is a factory method
Skipping from_file because it is a factory method
Skipping hann_window because it is a factory method
Skipping hamming_window because it is a factory method
Skipping index_copy Because of Arg: Dimname (Dimname)
Skipping kthvalue Because of Arg: Dimname (Dimname)
Skipping kthvalue Because of Arg: Dimname (Dimname)
Skipping fbgemm_linear_quantize_weight Because of Ret: double (double)
Skipping linspace because it is a factory method
Skipping logspace because it is a factory method
Skipping log_softmax Because of Arg: c10::optional<ScalarType> (ScalarType)
Skipping log_softmax Because of Arg: Dimname (Dimname)
Skipping log_softmax Because of Arg: Dimname (Dimname)
Skipping logcumsumexp Because of Arg: Dimname (Dimname)
Skipping logsumexp Because of Arg: DimnameList (DimnameList)
Skipping logsumexp Because of Arg: DimnameList (DimnameList)
Skipping max Because of Arg: Dimname (Dimname)
Skipping max Because of Arg: Dimname (Dimname)
Skipping max_values Because of Arg: DimnameList (DimnameList)
Skipping max_values Because of Arg: DimnameList (DimnameList)
Skipping mean Because of Arg: c10::optional<ScalarType> (ScalarType)
Skipping mean Because of Arg: c10::optional<ScalarType> (ScalarType)
Skipping mean Because of Arg: DimnameList (DimnameList)
Skipping mean Because of Arg: DimnameList (DimnameList)
Skipping mean Because of Arg: DimnameList (DimnameList)
Skipping median Because of Arg: Dimname (Dimname)
Skipping median Because of Arg: Dimname (Dimname)
Skipping min Because of Arg: Dimname (Dimname)
Skipping min Because of Arg: Dimname (Dimname)
Skipping min_values Because of Arg: DimnameList (DimnameList)
Skipping min_values Because of Arg: DimnameList (DimnameList)
Skipping miopen_rnn_backward Because of Arg: std::array<bool,4> (std::array<bool,4>)
Skipping mode Because of Arg: Dimname (Dimname)
Skipping mode Because of Arg: Dimname (Dimname)
Skipping ones because it is a factory method
Skipping ones_like because it is a factory method
Skipping cdist Because of Arg: c10::optional<int64_t> (int64_t)
Skipping _cdist_forward Because of Arg: c10::optional<int64_t> (int64_t)
Skipping scalar_tensor because it is a factory method
Skipping rand because it is a factory method
Skipping rand_like because it is a factory method
Skipping randint because it is a factory method
Skipping randint_like because it is a factory method
Skipping randn because it is a factory method
Skipping randn_like because it is a factory method
Skipping randperm because it is a factory method
Skipping range because it is a factory method
Skipping repeat_interleave Because of Arg: c10::optional<int64_t> (int64_t)
Skipping repeat_interleave Because of Arg: c10::optional<int64_t> (int64_t)
Skipping rrelu Because of Arg: c10::optional<Generator> (Generator)
Skipping select Because of Arg: Dimname (Dimname)
Skipping logit Because of Arg: c10::optional<double> (double)
Skipping size Because of Arg: Dimname (Dimname)
Skipping softmax Because of Arg: c10::optional<ScalarType> (ScalarType)
Skipping softmax Because of Arg: Dimname (Dimname)
Skipping softmax Because of Arg: Dimname (Dimname)
Skipping squeeze Because of Arg: Dimname (Dimname)
Skipping stft Because of Arg: c10::optional<int64_t> (int64_t)
Skipping stft Because of Arg: c10::optional<int64_t> (int64_t)
Skipping stft Because of Arg: c10::optional<int64_t> (int64_t)
Skipping stft Because of Arg: c10::optional<int64_t> (int64_t)
Skipping stft Because of Arg: c10::optional<int64_t> (int64_t)
Skipping istft Because of Arg: c10::optional<int64_t> (int64_t)
Skipping istft Because of Arg: c10::optional<int64_t> (int64_t)
Skipping istft Because of Arg: c10::optional<int64_t> (int64_t)
Skipping istft Because of Arg: c10::optional<int64_t> (int64_t)
Skipping istft Because of Arg: c10::optional<int64_t> (int64_t)
Skipping istft Because of Arg: c10::optional<int64_t> (int64_t)
Skipping istft Because of Arg: c10::optional<int64_t> (int64_t)
Skipping stride Because of Arg: Dimname (Dimname)
Skipping sum Because of Arg: c10::optional<ScalarType> (ScalarType)
Skipping sum Because of Arg: c10::optional<ScalarType> (ScalarType)
Skipping sum Because of Arg: DimnameList (DimnameList)
Skipping sum Because of Arg: DimnameList (DimnameList)
Skipping sum Because of Arg: DimnameList (DimnameList)
Skipping std_mean Because of Arg: DimnameList (DimnameList)
Skipping std_mean Because of Arg: DimnameList (DimnameList)
Skipping std_mean Because of Arg: DimnameList (DimnameList)
Skipping std Because of Arg: DimnameList (DimnameList)
Skipping std Because of Arg: DimnameList (DimnameList)
Skipping std Because of Arg: DimnameList (DimnameList)
Skipping prod Because of Arg: c10::optional<ScalarType> (ScalarType)
Skipping prod Because of Arg: c10::optional<ScalarType> (ScalarType)
Skipping prod Because of Arg: Dimname (Dimname)
Skipping prod Because of Arg: Dimname (Dimname)
Skipping prod Because of Arg: Dimname (Dimname)
Skipping transpose Because of Arg: Dimname (Dimname)
Skipping unique_consecutive Because of Arg: c10::optional<int64_t> (int64_t)
Skipping vander Because of Arg: c10::optional<int64_t> (int64_t)
Skipping vander Because of Arg: c10::optional<int64_t> (int64_t)
Skipping var Because of Arg: DimnameList (DimnameList)
Skipping var Because of Arg: DimnameList (DimnameList)
Skipping var Because of Arg: DimnameList (DimnameList)
Skipping var_mean Because of Arg: DimnameList (DimnameList)
Skipping var_mean Because of Arg: DimnameList (DimnameList)
Skipping var_mean Because of Arg: DimnameList (DimnameList)
Skipping zeros because it is a factory method
Skipping zeros_like because it is a factory method
Skipping _standard_gamma Because of Arg: c10::optional<Generator> (Generator)
Skipping _sample_dirichlet Because of Arg: c10::optional<Generator> (Generator)
Skipping poisson Because of Arg: c10::optional<Generator> (Generator)
Skipping binomial Because of Arg: c10::optional<Generator> (Generator)
Skipping _sparse_sum Because of Arg: ScalarType (ScalarType)
Skipping _sparse_sum Because of Arg: ScalarType (ScalarType)
Skipping _sparse_softmax Because of Arg: c10::optional<ScalarType> (ScalarType)
Skipping _sparse_softmax Because of Arg: Dimname (Dimname)
Skipping _sparse_softmax Because of Arg: Dimname (Dimname)
Skipping _sparse_log_softmax Because of Arg: c10::optional<ScalarType> (ScalarType)
Skipping _sparse_log_softmax Because of Arg: Dimname (Dimname)
Skipping _sparse_log_softmax Because of Arg: Dimname (Dimname)
Skipping norm Because of Arg: c10::optional<Scalar> (Scalar)
Skipping norm Because of Arg: c10::optional<Scalar> (Scalar)
Skipping norm Because of Arg: c10::optional<Scalar> (Scalar)
Skipping norm Because of Arg: c10::optional<Scalar> (Scalar)
Skipping norm Because of Arg: c10::optional<Scalar> (Scalar)
Skipping norm Because of Arg: c10::optional<Scalar> (Scalar)
Skipping norm Because of Arg: c10::optional<Scalar> (Scalar)
Skipping clone Because of Arg: c10::optional<MemoryFormat> (MemoryFormat)
Skipping sparse_coo_tensor because it is a factory method
Skipping _sparse_coo_tensor_unsafe because it is a factory method
Skipping _sparse_coo_tensor_with_dims because it is a factory method
Skipping _sparse_coo_tensor_with_dims_and_tensors because it is a factory method
Skipping unbind Because of Arg: Dimname (Dimname)
Skipping quantize_per_tensor Because of Arg: ScalarType (ScalarType)
Skipping quantize_per_tensor Because of Arg: ScalarType (ScalarType)
Skipping quantize_per_channel Because of Arg: ScalarType (ScalarType)
Skipping q_scale Because of Ret: double (double)
Skipping qscheme Because of Ret: QScheme (QScheme)
Skipping _choose_qparams_per_tensor Because of Ret: double (double)
Skipping _choose_qparams_per_tensor Because of Ret: double (double)
Skipping to because it is a factory method
Skipping result_type Because of Ret: ScalarType (ScalarType)
Skipping result_type Because of Ret: ScalarType (ScalarType)
Skipping result_type Because of Ret: ScalarType (ScalarType)
Skipping result_type Because of Ret: ScalarType (ScalarType)
Skipping can_cast Because of Arg: ScalarType (ScalarType)
Skipping promote_types Because of Ret: ScalarType (ScalarType)
Skipping index_add Because of Arg: Dimname (Dimname)
Skipping index_fill Because of Arg: Dimname (Dimname)
Skipping index_fill Because of Arg: Dimname (Dimname)
Skipping scatter Because of Arg: Dimname (Dimname)
Skipping scatter Because of Arg: Dimname (Dimname)
Skipping scatter_add Because of Arg: Dimname (Dimname)
Skipping cross Because of Arg: c10::optional<int64_t> (int64_t)
Skipping tril_indices because it is a factory method
Skipping triu_indices because it is a factory method
Skipping index_select Because of Arg: Dimname (Dimname)
Skipping gather Because of Arg: Dimname (Dimname)
Skipping gather Because of Arg: Dimname (Dimname)
Skipping multinomial Because of Arg: c10::optional<Generator> (Generator)
Skipping _multinomial_alias_draw Because of Arg: c10::optional<Generator> (Generator)
Skipping sort Because of Arg: Dimname (Dimname)
Skipping sort Because of Arg: Dimname (Dimname)
Skipping argsort Because of Arg: Dimname (Dimname)
Skipping argsort Because of Arg: Dimname (Dimname)
Skipping normal because it is a factory method
Skipping rrelu_with_noise Because of Arg: c10::optional<Generator> (Generator)
Skipping avg_pool2d Because of Arg: c10::optional<int64_t> (int64_t)
Skipping avg_pool2d_backward Because of Arg: c10::optional<int64_t> (int64_t)
Skipping avg_pool3d Because of Arg: c10::optional<int64_t> (int64_t)
Skipping avg_pool3d_backward Because of Arg: c10::optional<int64_t> (int64_t)
Skipping upsample_linear1d Because of Arg: c10::optional<double> (double)
Skipping upsample_linear1d_backward Because of Arg: c10::optional<double> (double)
Skipping upsample_bilinear2d Because of Arg: c10::optional<double> (double)
Skipping upsample_bilinear2d Because of Arg: c10::optional<double> (double)
Skipping upsample_bilinear2d_backward Because of Arg: c10::optional<double> (double)
Skipping upsample_bilinear2d_backward Because of Arg: c10::optional<double> (double)
Skipping upsample_bicubic2d Because of Arg: c10::optional<double> (double)
Skipping upsample_bicubic2d Because of Arg: c10::optional<double> (double)
Skipping upsample_bicubic2d_backward Because of Arg: c10::optional<double> (double)
Skipping upsample_bicubic2d_backward Because of Arg: c10::optional<double> (double)
Skipping upsample_trilinear3d Because of Arg: c10::optional<double> (double)
Skipping upsample_trilinear3d Because of Arg: c10::optional<double> (double)
Skipping upsample_trilinear3d Because of Arg: c10::optional<double> (double)
Skipping upsample_trilinear3d_backward Because of Arg: c10::optional<double> (double)
Skipping upsample_trilinear3d_backward Because of Arg: c10::optional<double> (double)
Skipping upsample_trilinear3d_backward Because of Arg: c10::optional<double> (double)
Skipping upsample_nearest1d Because of Arg: c10::optional<double> (double)
Skipping upsample_nearest1d_backward Because of Arg: c10::optional<double> (double)
Skipping upsample_nearest2d Because of Arg: c10::optional<double> (double)
Skipping upsample_nearest2d Because of Arg: c10::optional<double> (double)
Skipping upsample_nearest2d_backward Because of Arg: c10::optional<double> (double)
Skipping upsample_nearest2d_backward Because of Arg: c10::optional<double> (double)
Skipping upsample_nearest3d Because of Arg: c10::optional<double> (double)
Skipping upsample_nearest3d Because of Arg: c10::optional<double> (double)
Skipping upsample_nearest3d Because of Arg: c10::optional<double> (double)
Skipping upsample_nearest3d_backward Because of Arg: c10::optional<double> (double)
Skipping upsample_nearest3d_backward Because of Arg: c10::optional<double> (double)
Skipping upsample_nearest3d_backward Because of Arg: c10::optional<double> (double)
Skipping upsample_linear1d Because of Arg: c10::optional<IntArrayRef> (IntArrayRef)
Skipping upsample_linear1d_backward Because of Arg: c10::optional<IntArrayRef> (IntArrayRef)
Skipping upsample_bilinear2d Because of Arg: c10::optional<IntArrayRef> (IntArrayRef)
Skipping upsample_bilinear2d_backward Because of Arg: c10::optional<IntArrayRef> (IntArrayRef)
Skipping upsample_trilinear3d Because of Arg: c10::optional<IntArrayRef> (IntArrayRef)
Skipping upsample_trilinear3d_backward Because of Arg: c10::optional<IntArrayRef> (IntArrayRef)
Skipping upsample_bicubic2d Because of Arg: c10::optional<IntArrayRef> (IntArrayRef)
Skipping upsample_bicubic2d_backward Because of Arg: c10::optional<IntArrayRef> (IntArrayRef)
Skipping upsample_nearest1d Because of Arg: c10::optional<IntArrayRef> (IntArrayRef)
Skipping upsample_nearest1d_backward Because of Arg: c10::optional<IntArrayRef> (IntArrayRef)
Skipping upsample_nearest2d Because of Arg: c10::optional<IntArrayRef> (IntArrayRef)
Skipping upsample_nearest2d_backward Because of Arg: c10::optional<IntArrayRef> (IntArrayRef)
Skipping upsample_nearest3d Because of Arg: c10::optional<IntArrayRef> (IntArrayRef)
Skipping upsample_nearest3d_backward Because of Arg: c10::optional<IntArrayRef> (IntArrayRef)
Skipping logit_backward Because of Arg: c10::optional<double> (double)
Skipping _test_optional_intlist Because of Arg: c10::optional<IntArrayRef> (IntArrayRef)
Skipping _test_optional_floatlist Because of Arg: c10::optional<ArrayRef<double>> (ArrayRef<double>)
[ 26%] Built target __aten_op_header_gen
Writing torch/csrc/autograd/generated/python_torch_functions.cpp
Writing ./torch/_C/__init__.pyi
Writing ./torch/_C/_VariableFunctions.pyi
Writing ./torch/nn/functional.pyi
Writing ./torch/_C/_nn.pyi
Writing torch/csrc/autograd/generated/python_nn_functions.cpp
[ 26%] Built target torch_python_stubs
Compiling  transport/net_socket.cc             > /castles/nr/projects/d/duanj-ai-in-medical-imaging/.share/download/t1/pytorch/build/nccl/obj/transport/net_socket.o
[ 26%] Building C object third_party/tensorpipe/third_party/libuv/CMakeFiles/uv_a.dir/src/inet.c.o
[ 26%] Building C object third_party/tensorpipe/third_party/libuv/CMakeFiles/uv_a.dir/src/idna.c.o
[ 26%] Building C object third_party/tensorpipe/third_party/libuv/CMakeFiles/uv_a.dir/src/fs-poll.c.o
[ 26%] Building C object third_party/tensorpipe/third_party/libuv/CMakeFiles/uv_a.dir/src/random.c.o
[ 26%] Building C object third_party/tensorpipe/third_party/libuv/CMakeFiles/uv_a.dir/src/strscpy.c.o
[ 26%] Building C object third_party/tensorpipe/third_party/libuv/CMakeFiles/uv_a.dir/src/threadpool.c.o
[ 26%] Building C object third_party/tensorpipe/third_party/libuv/CMakeFiles/uv_a.dir/src/timer.c.o
[ 26%] Building C object third_party/tensorpipe/third_party/libuv/CMakeFiles/uv_a.dir/src/version.c.o
[ 26%] Building C object third_party/tensorpipe/third_party/libuv/CMakeFiles/uv_a.dir/src/uv-common.c.o
[ 26%] Building C object third_party/tensorpipe/third_party/libuv/CMakeFiles/uv_a.dir/src/uv-data-getter-setters.c.o
[ 26%] Building C object third_party/tensorpipe/third_party/libuv/CMakeFiles/uv_a.dir/src/unix/async.c.o
[ 26%] Building C object third_party/tensorpipe/third_party/libuv/CMakeFiles/uv_a.dir/src/unix/core.c.o
[ 26%] Building C object third_party/tensorpipe/third_party/libuv/CMakeFiles/uv_a.dir/src/unix/dl.c.o
[ 26%] Building C object third_party/tensorpipe/third_party/libuv/CMakeFiles/uv_a.dir/src/unix/fs.c.o
[ 26%] Building C object third_party/tensorpipe/third_party/libuv/CMakeFiles/uv_a.dir/src/unix/getaddrinfo.c.o
[ 26%] Building C object third_party/tensorpipe/third_party/libuv/CMakeFiles/uv_a.dir/src/unix/getnameinfo.c.o
[ 27%] Building C object third_party/tensorpipe/third_party/libuv/CMakeFiles/uv_a.dir/src/unix/loop-watcher.c.o
[ 27%] Building C object third_party/tensorpipe/third_party/libuv/CMakeFiles/uv_a.dir/src/unix/loop.c.o
[ 27%] Building C object third_party/tensorpipe/third_party/libuv/CMakeFiles/uv_a.dir/src/unix/pipe.c.o
[ 27%] Building C object third_party/tensorpipe/third_party/libuv/CMakeFiles/uv_a.dir/src/unix/poll.c.o
[ 27%] Building C object third_party/tensorpipe/third_party/libuv/CMakeFiles/uv_a.dir/src/unix/random-devurandom.c.o
[ 27%] Building C object third_party/tensorpipe/third_party/libuv/CMakeFiles/uv_a.dir/src/unix/process.c.o
[ 27%] Building C object third_party/tensorpipe/third_party/libuv/CMakeFiles/uv_a.dir/src/unix/signal.c.o
[ 27%] Building C object third_party/tensorpipe/third_party/libuv/CMakeFiles/uv_a.dir/src/unix/stream.c.o
[ 27%] Building C object third_party/tensorpipe/third_party/libuv/CMakeFiles/uv_a.dir/src/unix/tcp.c.o
[ 27%] Building C object third_party/tensorpipe/third_party/libuv/CMakeFiles/uv_a.dir/src/unix/thread.c.o
[ 27%] Building C object third_party/tensorpipe/third_party/libuv/CMakeFiles/uv_a.dir/src/unix/tty.c.o
[ 27%] Building C object third_party/tensorpipe/third_party/libuv/CMakeFiles/uv_a.dir/src/unix/proctitle.c.o
[ 27%] Building C object third_party/tensorpipe/third_party/libuv/CMakeFiles/uv_a.dir/src/unix/udp.c.o
[ 27%] Building C object third_party/tensorpipe/third_party/libuv/CMakeFiles/uv_a.dir/src/unix/linux-core.c.o
[ 27%] Building C object third_party/tensorpipe/third_party/libuv/CMakeFiles/uv_a.dir/src/unix/linux-inotify.c.o
[ 27%] Building C object third_party/tensorpipe/third_party/libuv/CMakeFiles/uv_a.dir/src/unix/linux-syscalls.c.o
[ 27%] Building C object third_party/tensorpipe/third_party/libuv/CMakeFiles/uv_a.dir/src/unix/random-getrandom.c.o
[ 27%] Building C object third_party/tensorpipe/third_party/libuv/CMakeFiles/uv_a.dir/src/unix/procfs-exepath.c.o
[ 27%] Building C object third_party/tensorpipe/third_party/libuv/CMakeFiles/uv_a.dir/src/unix/random-sysctl-linux.c.o
[ 27%] Building C object third_party/tensorpipe/third_party/libuv/CMakeFiles/uv_a.dir/src/unix/sysinfo-loadavg.c.o
[ 27%] Linking CXX static library ../../../lib/libbenchmark_main.a
[ 27%] Building C object third_party/tensorpipe/third_party/libuv/CMakeFiles/uv.dir/src/fs-poll.c.o
[ 27%] Building C object third_party/tensorpipe/third_party/libuv/CMakeFiles/uv.dir/src/idna.c.o
[ 27%] Building C object third_party/tensorpipe/third_party/libuv/CMakeFiles/uv.dir/src/inet.c.o
[ 27%] Building C object third_party/tensorpipe/third_party/libuv/CMakeFiles/uv.dir/src/random.c.o
[ 27%] Building C object third_party/tensorpipe/third_party/libuv/CMakeFiles/uv.dir/src/strscpy.c.o
[ 27%] Building C object third_party/tensorpipe/third_party/libuv/CMakeFiles/uv.dir/src/threadpool.c.o
[ 27%] Building C object third_party/tensorpipe/third_party/libuv/CMakeFiles/uv.dir/src/uv-common.c.o
[ 27%] Building C object third_party/tensorpipe/third_party/libuv/CMakeFiles/uv.dir/src/timer.c.o
[ 27%] Building C object third_party/tensorpipe/third_party/libuv/CMakeFiles/uv.dir/src/uv-data-getter-setters.c.o
[ 27%] Built target benchmark_main
In file included from transport/net_socket.cc:9:
include/socket.h: In function ‘ncclResult_t connectAddress(int*, socketAddress*)’:
include/socket.h:41:16: warning: ‘<’ directive writing 1 byte into a region of size between 0 and 1024 [-Wformat-overflow=]
   sprintf(buf, "%s<%s>", host, service);
                ^~~~~~~~
include/socket.h:41:10: note: ‘sprintf’ output between 3 and 1058 bytes into a destination of size 1024
   sprintf(buf, "%s<%s>", host, service);
   ~~~~~~~^~~~~~~~~~~~~~~~~~~~~~~~~~~~~~
[ 27%] Building C object third_party/tensorpipe/third_party/libuv/CMakeFiles/uv.dir/src/unix/async.c.o
[ 27%] Building C object third_party/tensorpipe/third_party/libuv/CMakeFiles/uv.dir/src/version.c.o
[ 27%] Building C object third_party/tensorpipe/third_party/libuv/CMakeFiles/uv.dir/src/unix/dl.c.o
[ 27%] Building C object third_party/tensorpipe/third_party/libuv/CMakeFiles/uv.dir/src/unix/core.c.o
[ 27%] Building C object third_party/tensorpipe/third_party/libuv/CMakeFiles/uv.dir/src/unix/fs.c.o
include/socket.h: In function ‘ncclResult_t ncclSocketInit(ncclDebugLogger_t)’:
include/socket.h:41:16: warning: ‘<’ directive writing 1 byte into a region of size between 0 and 1024 [-Wformat-overflow=]
   sprintf(buf, "%s<%s>", host, service);
                ^~~~~~~~
include/socket.h:41:10: note: ‘sprintf’ output between 3 and 1058 bytes into a destination of size 1024
   sprintf(buf, "%s<%s>", host, service);
   ~~~~~~~^~~~~~~~~~~~~~~~~~~~~~~~~~~~~~
include/socket.h:41:16: warning: ‘<’ directive writing 1 byte into a region of size between 0 and 1024 [-Wformat-overflow=]
   sprintf(buf, "%s<%s>", host, service);
                ^~~~~~~~
include/socket.h:41:10: note: ‘sprintf’ output between 3 and 1058 bytes into a destination of size 1024
   sprintf(buf, "%s<%s>", host, service);
   ~~~~~~~^~~~~~~~~~~~~~~~~~~~~~~~~~~~~~
transport/net_socket.cc:58:58: warning: ‘%s’ directive output may be truncated writing up to 1023 bytes into a region of size between 1017 and 1018 [-Wformat-truncation=]
           snprintf(line+strlen(line), 1023-strlen(line), " [%d]%s:%s", i, names+i*MAX_IF_NAME_SIZE,
           ~~~~~~~~~~~~~~~~~~~~~~~~~~~~~~~~~~~~~~~~~~~~~~~^~~~~~~~~~~~~~~~~~~~~~~~~~~~~~~~~~~~~~~~~~
               socketToString(&addrs[i].sa, addrline));
               ~~~~~~~~~~~~~~~~~~~~~~~~~~~~~~~~~~~~~~~
transport/net_socket.cc:58:19: note: ‘snprintf’ output 6 or more bytes (assuming 1030) into a destination of size 1023
           snprintf(line+strlen(line), 1023-strlen(line), " [%d]%s:%s", i, names+i*MAX_IF_NAME_SIZE,
           ~~~~~~~~^~~~~~~~~~~~~~~~~~~~~~~~~~~~~~~~~~~~~~~~~~~~~~~~~~~~~~~~~~~~~~~~~~~~~~~~~~~~~~~~~
               socketToString(&addrs[i].sa, addrline));
               ~~~~~~~~~~~~~~~~~~~~~~~~~~~~~~~~~~~~~~~
[ 27%] Building C object third_party/tensorpipe/third_party/libuv/CMakeFiles/uv.dir/src/unix/getaddrinfo.c.o
[ 27%] Building C object third_party/tensorpipe/third_party/libuv/CMakeFiles/uv.dir/src/unix/loop-watcher.c.o
[ 27%] Building C object third_party/tensorpipe/third_party/libuv/CMakeFiles/uv.dir/src/unix/getnameinfo.c.o
[ 27%] Building C object third_party/tensorpipe/third_party/libuv/CMakeFiles/uv.dir/src/unix/loop.c.o
[ 27%] Building C object third_party/tensorpipe/third_party/libuv/CMakeFiles/uv.dir/src/unix/pipe.c.o
[ 28%] Building C object third_party/tensorpipe/third_party/libuv/CMakeFiles/uv.dir/src/unix/poll.c.o
[ 28%] Building C object third_party/tensorpipe/third_party/libuv/CMakeFiles/uv.dir/src/unix/random-devurandom.c.o
[ 28%] Building C object third_party/tensorpipe/third_party/libuv/CMakeFiles/uv.dir/src/unix/process.c.o
[ 28%] Building C object third_party/tensorpipe/third_party/libuv/CMakeFiles/uv.dir/src/unix/signal.c.o
[ 28%] Building C object third_party/tensorpipe/third_party/libuv/CMakeFiles/uv.dir/src/unix/stream.c.o
[ 28%] Building C object third_party/tensorpipe/third_party/libuv/CMakeFiles/uv.dir/src/unix/tcp.c.o
[ 28%] Building C object third_party/tensorpipe/third_party/libuv/CMakeFiles/uv.dir/src/unix/thread.c.o
[ 28%] Building C object third_party/tensorpipe/third_party/libuv/CMakeFiles/uv.dir/src/unix/tty.c.o
[ 28%] Building C object third_party/tensorpipe/third_party/libuv/CMakeFiles/uv.dir/src/unix/proctitle.c.o
[ 28%] Building C object third_party/tensorpipe/third_party/libuv/CMakeFiles/uv.dir/src/unix/udp.c.o
[ 28%] Building C object third_party/tensorpipe/third_party/libuv/CMakeFiles/uv.dir/src/unix/linux-core.c.o
[ 28%] Building C object third_party/tensorpipe/third_party/libuv/CMakeFiles/uv.dir/src/unix/linux-inotify.c.o
[ 28%] Building C object third_party/tensorpipe/third_party/libuv/CMakeFiles/uv.dir/src/unix/linux-syscalls.c.o
[ 28%] Building C object third_party/tensorpipe/third_party/libuv/CMakeFiles/uv.dir/src/unix/procfs-exepath.c.o
[ 28%] Building C object third_party/tensorpipe/third_party/libuv/CMakeFiles/uv.dir/src/unix/random-sysctl-linux.c.o
[ 28%] Building C object third_party/tensorpipe/third_party/libuv/CMakeFiles/uv.dir/src/unix/random-getrandom.c.o
[ 28%] Building C object third_party/tensorpipe/third_party/libuv/CMakeFiles/uv.dir/src/unix/sysinfo-loadavg.c.o
Compiling  transport/net_ib.cc                 > /castles/nr/projects/d/duanj-ai-in-medical-imaging/.share/download/t1/pytorch/build/nccl/obj/transport/net_ib.o
[ 29%] Building CXX object third_party/protobuf/cmake/CMakeFiles/libprotoc.dir/__/src/google/protobuf/compiler/code_generator.cc.o
[ 29%] Building CXX object third_party/protobuf/cmake/CMakeFiles/libprotoc.dir/__/src/google/protobuf/compiler/command_line_interface.cc.o
[ 29%] Building CXX object third_party/protobuf/cmake/CMakeFiles/libprotoc.dir/__/src/google/protobuf/compiler/cpp/cpp_enum.cc.o
[ 29%] Building CXX object third_party/protobuf/cmake/CMakeFiles/libprotoc.dir/__/src/google/protobuf/compiler/cpp/cpp_enum_field.cc.o
[ 29%] Building CXX object third_party/protobuf/cmake/CMakeFiles/libprotoc.dir/__/src/google/protobuf/compiler/cpp/cpp_extension.cc.o
In file included from transport/net_ib.cc:9:
include/socket.h: In function ‘int findInterfaces(const char*, char*, socketAddress*, int, int, int)’:
include/socket.h:113:14: warning: ‘char* strncpy(char*, const char*, size_t)’ specified bound 16 equals destination size [-Wstringop-truncation]
       strncpy(names+found*maxIfNameSize, interface->ifa_name, maxIfNameSize);
       ~~~~~~~^~~~~~~~~~~~~~~~~~~~~~~~~~~~~~~~~~~~~~~~~~~~~~~~~~~~~~~~~~~~~~~
[ 29%] Building CXX object third_party/protobuf/cmake/CMakeFiles/libprotoc.dir/__/src/google/protobuf/compiler/cpp/cpp_field.cc.o
[ 29%] Building CXX object third_party/protobuf/cmake/CMakeFiles/libprotoc.dir/__/src/google/protobuf/compiler/cpp/cpp_file.cc.o
[ 29%] Building CXX object third_party/protobuf/cmake/CMakeFiles/libprotoc.dir/__/src/google/protobuf/compiler/cpp/cpp_generator.cc.o
include/socket.h: In function ‘ncclResult_t ncclIbInit(ncclDebugLogger_t)’:
include/socket.h:41:16: warning: ‘<’ directive writing 1 byte into a region of size between 0 and 1024 [-Wformat-overflow=]
   sprintf(buf, "%s<%s>", host, service);
                ^~~~~~~~
include/socket.h:41:10: note: ‘sprintf’ output between 3 and 1058 bytes into a destination of size 1024
   sprintf(buf, "%s<%s>", host, service);
   ~~~~~~~^~~~~~~~~~~~~~~~~~~~~~~~~~~~~~
include/socket.h:41:16: warning: ‘<’ directive writing 1 byte into a region of size between 0 and 1024 [-Wformat-overflow=]
   sprintf(buf, "%s<%s>", host, service);
                ^~~~~~~~
include/socket.h:41:10: note: ‘sprintf’ output between 3 and 1058 bytes into a destination of size 1024
   sprintf(buf, "%s<%s>", host, service);
   ~~~~~~~^~~~~~~~~~~~~~~~~~~~~~~~~~~~~~
In function ‘int findInterfaceMatchSubnet(char*, socketAddress*, socketAddress*, int, int)’,
    inlined from ‘int findInterfaces(char*, socketAddress*, int, int)’ at include/socket.h:311:40,
    inlined from ‘ncclResult_t ncclIbInit(ncclDebugLogger_t)’ at transport/net_ib.cc:124:25:
include/socket.h:194:12: warning: ‘char* strncpy(char*, const char*, size_t)’ specified bound 16 equals destination size [-Wstringop-truncation]
     strncpy(ifNames+found*ifNameMaxSize, interface->ifa_name, ifNameMaxSize);
     ~~~~~~~^~~~~~~~~~~~~~~~~~~~~~~~~~~~~~~~~~~~~~~~~~~~~~~~~~~~~~~~~~~~~~~~~
[ 29%] Building CXX object third_party/protobuf/cmake/CMakeFiles/libprotoc.dir/__/src/google/protobuf/compiler/cpp/cpp_helpers.cc.o
[ 29%] Building CXX object third_party/protobuf/cmake/CMakeFiles/libprotoc.dir/__/src/google/protobuf/compiler/cpp/cpp_map_field.cc.o
[ 29%] Building CXX object third_party/protobuf/cmake/CMakeFiles/libprotoc.dir/__/src/google/protobuf/compiler/cpp/cpp_message.cc.o
[ 29%] Building CXX object third_party/protobuf/cmake/CMakeFiles/libprotoc.dir/__/src/google/protobuf/compiler/cpp/cpp_message_field.cc.o
[ 29%] Building CXX object third_party/protobuf/cmake/CMakeFiles/libprotoc.dir/__/src/google/protobuf/compiler/cpp/cpp_padding_optimizer.cc.o
[ 29%] Building CXX object third_party/protobuf/cmake/CMakeFiles/libprotoc.dir/__/src/google/protobuf/compiler/cpp/cpp_primitive_field.cc.o
[ 29%] Building CXX object third_party/protobuf/cmake/CMakeFiles/libprotoc.dir/__/src/google/protobuf/compiler/cpp/cpp_service.cc.o
[ 29%] Building CXX object third_party/protobuf/cmake/CMakeFiles/libprotoc.dir/__/src/google/protobuf/compiler/cpp/cpp_string_field.cc.o
include/socket.h: In function ‘ncclResult_t ncclIbConnect(int, void*, void**)’:
include/socket.h:41:16: warning: ‘<’ directive writing 1 byte into a region of size between 0 and 1024 [-Wformat-overflow=]
   sprintf(buf, "%s<%s>", host, service);
                ^~~~~~~~
include/socket.h:41:10: note: ‘sprintf’ output between 3 and 1058 bytes into a destination of size 1024
   sprintf(buf, "%s<%s>", host, service);
   ~~~~~~~^~~~~~~~~~~~~~~~~~~~~~~~~~~~~~
In file included from /castles/nr/projects/d/duanj-ai-in-medical-imaging/.share/download/t1/pytorch/third_party/gloo/gloo/mpi/context.cc:16:
/castles/nr/projects/d/duanj-ai-in-medical-imaging/.share/download/t1/pytorch/third_party/gloo/gloo/mpi/context.cc: In destructor ‘gloo::mpi::MPIScope::~MPIScope()’:
/castles/nr/projects/d/duanj-ai-in-medical-imaging/.share/download/t1/pytorch/third_party/gloo/gloo/common/logging.h:141:58: warning: throw will always call terminate() [-Wterminate]
           r.get_message_and_free(MakeString(__VA_ARGS__))); \
                                                          ^
/castles/nr/projects/d/duanj-ai-in-medical-imaging/.share/download/t1/pytorch/third_party/gloo/gloo/common/logging.h:150:3: note: in expansion of macro ‘GLOO_ENFORCE_THAT_IMPL’
   GLOO_ENFORCE_THAT_IMPL(Equals((x), (y)), #x " == " #y, __VA_ARGS__)
   ^~~~~~~~~~~~~~~~~~~~~~
/castles/nr/projects/d/duanj-ai-in-medical-imaging/.share/download/t1/pytorch/third_party/gloo/gloo/mpi/context.cc:43:3: note: in expansion of macro ‘GLOO_ENFORCE_EQ’
   GLOO_ENFORCE_EQ(rv, MPI_SUCCESS);
   ^~~~~~~~~~~~~~~
/castles/nr/projects/d/duanj-ai-in-medical-imaging/.share/download/t1/pytorch/third_party/gloo/gloo/common/logging.h:141:58: note: in C++11 destructors default to noexcept
           r.get_message_and_free(MakeString(__VA_ARGS__))); \
                                                          ^
/castles/nr/projects/d/duanj-ai-in-medical-imaging/.share/download/t1/pytorch/third_party/gloo/gloo/common/logging.h:150:3: note: in expansion of macro ‘GLOO_ENFORCE_THAT_IMPL’
   GLOO_ENFORCE_THAT_IMPL(Equals((x), (y)), #x " == " #y, __VA_ARGS__)
   ^~~~~~~~~~~~~~~~~~~~~~
/castles/nr/projects/d/duanj-ai-in-medical-imaging/.share/download/t1/pytorch/third_party/gloo/gloo/mpi/context.cc:43:3: note: in expansion of macro ‘GLOO_ENFORCE_EQ’
   GLOO_ENFORCE_EQ(rv, MPI_SUCCESS);
   ^~~~~~~~~~~~~~~
[ 29%] Building CXX object third_party/protobuf/cmake/CMakeFiles/libprotoc.dir/__/src/google/protobuf/compiler/csharp/csharp_doc_comment.cc.o
[ 29%] Building CXX object third_party/protobuf/cmake/CMakeFiles/libprotoc.dir/__/src/google/protobuf/compiler/csharp/csharp_enum.cc.o
[ 29%] Building CXX object third_party/protobuf/cmake/CMakeFiles/libprotoc.dir/__/src/google/protobuf/compiler/csharp/csharp_enum_field.cc.o
In file included from /castles/nr/projects/d/duanj-ai-in-medical-imaging/.share/download/t1/pytorch/third_party/fmt/include/fmt/format.h:44,
                 from /castles/nr/projects/d/duanj-ai-in-medical-imaging/.share/download/t1/pytorch/third_party/fmt/include/fmt/format-inl.h:19,
                 from /castles/nr/projects/d/duanj-ai-in-medical-imaging/.share/download/t1/pytorch/third_party/fmt/src/format.cc:8:
/castles/nr/projects/d/duanj-ai-in-medical-imaging/.share/download/t1/pytorch/third_party/fmt/include/fmt/core.h: In member function ‘void fmt::v6::internal::arg_map<Context>::push_back(fmt::v6::internal::value<Context>) [with Context = fmt::v6::basic_format_context<std::back_insert_iterator<fmt::v6::internal::buffer<char> >, char>]’:
/castles/nr/projects/d/duanj-ai-in-medical-imaging/.share/download/t1/pytorch/third_party/fmt/include/fmt/core.h:1158:8: note: the ABI of passing aggregates with 16-byte alignment has changed in GCC 5
   void push_back(value<Context> val) {
        ^~~~~~~~~
Compiling  transport/coll_net.cc               > /castles/nr/projects/d/duanj-ai-in-medical-imaging/.share/download/t1/pytorch/build/nccl/obj/transport/coll_net.o
[ 29%] Building CXX object third_party/protobuf/cmake/CMakeFiles/libprotoc.dir/__/src/google/protobuf/compiler/csharp/csharp_field_base.cc.o
[ 29%] Building CXX object third_party/protobuf/cmake/CMakeFiles/libprotoc.dir/__/src/google/protobuf/compiler/csharp/csharp_generator.cc.o
[ 29%] Building CXX object third_party/protobuf/cmake/CMakeFiles/libprotoc.dir/__/src/google/protobuf/compiler/csharp/csharp_helpers.cc.o
[ 29%] Building CXX object third_party/protobuf/cmake/CMakeFiles/libprotoc.dir/__/src/google/protobuf/compiler/csharp/csharp_map_field.cc.o
Compiling  collectives/sendrecv.cc             > /castles/nr/projects/d/duanj-ai-in-medical-imaging/.share/download/t1/pytorch/build/nccl/obj/collectives/sendrecv.o
[ 29%] Building CXX object third_party/protobuf/cmake/CMakeFiles/libprotoc.dir/__/src/google/protobuf/compiler/csharp/csharp_message.cc.o
[ 29%] Building CXX object third_party/protobuf/cmake/CMakeFiles/libprotoc.dir/__/src/google/protobuf/compiler/csharp/csharp_message_field.cc.o
[ 29%] Building CXX object third_party/protobuf/cmake/CMakeFiles/libprotoc.dir/__/src/google/protobuf/compiler/csharp/csharp_primitive_field.cc.o
[ 29%] Building CXX object third_party/protobuf/cmake/CMakeFiles/libprotoc.dir/__/src/google/protobuf/compiler/csharp/csharp_reflection_class.cc.o
[ 29%] Building CXX object third_party/protobuf/cmake/CMakeFiles/libprotoc.dir/__/src/google/protobuf/compiler/csharp/csharp_repeated_enum_field.cc.o
[ 29%] Building CXX object third_party/protobuf/cmake/CMakeFiles/libprotoc.dir/__/src/google/protobuf/compiler/csharp/csharp_repeated_message_field.cc.o
[ 29%] Building CXX object third_party/protobuf/cmake/CMakeFiles/libprotoc.dir/__/src/google/protobuf/compiler/csharp/csharp_repeated_primitive_field.cc.o
[ 29%] Building CXX object third_party/protobuf/cmake/CMakeFiles/libprotoc.dir/__/src/google/protobuf/compiler/csharp/csharp_source_generator_base.cc.o
[ 29%] Building CXX object third_party/protobuf/cmake/CMakeFiles/libprotoc.dir/__/src/google/protobuf/compiler/csharp/csharp_wrapper_field.cc.o
[ 29%] Building CXX object third_party/protobuf/cmake/CMakeFiles/libprotoc.dir/__/src/google/protobuf/compiler/java/java_context.cc.o
[ 29%] Building CXX object third_party/protobuf/cmake/CMakeFiles/libprotoc.dir/__/src/google/protobuf/compiler/java/java_doc_comment.cc.o
[ 30%] Building CXX object third_party/protobuf/cmake/CMakeFiles/libprotoc.dir/__/src/google/protobuf/compiler/java/java_enum.cc.o
[ 30%] Building CXX object third_party/protobuf/cmake/CMakeFiles/libprotoc.dir/__/src/google/protobuf/compiler/java/java_enum_field.cc.o
[ 30%] Building CXX object third_party/protobuf/cmake/CMakeFiles/libprotoc.dir/__/src/google/protobuf/compiler/java/java_enum_field_lite.cc.o
[ 30%] Building CXX object third_party/protobuf/cmake/CMakeFiles/libprotoc.dir/__/src/google/protobuf/compiler/java/java_enum_lite.cc.o
[ 30%] Building CXX object third_party/protobuf/cmake/CMakeFiles/libprotoc.dir/__/src/google/protobuf/compiler/java/java_extension.cc.o
Compiling  collectives/all_reduce.cc           > /castles/nr/projects/d/duanj-ai-in-medical-imaging/.share/download/t1/pytorch/build/nccl/obj/collectives/all_reduce.o
[ 30%] Building CXX object third_party/protobuf/cmake/CMakeFiles/libprotoc.dir/__/src/google/protobuf/compiler/java/java_extension_lite.cc.o
[ 30%] Building CXX object third_party/protobuf/cmake/CMakeFiles/libprotoc.dir/__/src/google/protobuf/compiler/java/java_field.cc.o
[ 30%] Linking CXX shared library ../../lib/libfmt.so
[ 30%] Built target fmt
[ 30%] Building CXX object third_party/protobuf/cmake/CMakeFiles/libprotoc.dir/__/src/google/protobuf/compiler/java/java_file.cc.o
[ 30%] Building CXX object third_party/protobuf/cmake/CMakeFiles/libprotoc.dir/__/src/google/protobuf/compiler/java/java_generator.cc.o
[ 30%] Building CXX object third_party/protobuf/cmake/CMakeFiles/libprotoc.dir/__/src/google/protobuf/compiler/java/java_generator_factory.cc.o
[ 30%] Building CXX object third_party/protobuf/cmake/CMakeFiles/libprotoc.dir/__/src/google/protobuf/compiler/java/java_helpers.cc.o
[ 30%] Building CXX object third_party/protobuf/cmake/CMakeFiles/libprotoc.dir/__/src/google/protobuf/compiler/java/java_map_field.cc.o
[ 30%] Building CXX object third_party/protobuf/cmake/CMakeFiles/libprotoc.dir/__/src/google/protobuf/compiler/java/java_map_field_lite.cc.o
[ 30%] Building CXX object third_party/protobuf/cmake/CMakeFiles/libprotoc.dir/__/src/google/protobuf/compiler/java/java_message.cc.o
Compiling  collectives/all_gather.cc           > /castles/nr/projects/d/duanj-ai-in-medical-imaging/.share/download/t1/pytorch/build/nccl/obj/collectives/all_gather.o
Writing torch/csrc/autograd/generated/VariableType.h
Writing torch/csrc/autograd/generated/VariableType_0.cpp
Writing torch/csrc/autograd/generated/ProfiledType_0.cpp
Writing torch/csrc/autograd/generated/TraceType_0.cpp
[ 30%] Building CXX object third_party/protobuf/cmake/CMakeFiles/libprotoc.dir/__/src/google/protobuf/compiler/java/java_message_builder.cc.o
[ 30%] Building CXX object third_party/protobuf/cmake/CMakeFiles/libprotoc.dir/__/src/google/protobuf/compiler/java/java_message_builder_lite.cc.o
Writing torch/csrc/autograd/generated/VariableType_1.cpp
Writing torch/csrc/autograd/generated/ProfiledType_1.cpp
Writing torch/csrc/autograd/generated/TraceType_1.cpp
[ 30%] Building CXX object third_party/protobuf/cmake/CMakeFiles/libprotoc.dir/__/src/google/protobuf/compiler/java/java_message_field.cc.o
[ 30%] Building CXX object third_party/protobuf/cmake/CMakeFiles/libprotoc.dir/__/src/google/protobuf/compiler/java/java_message_field_lite.cc.o
[ 30%] Building CXX object third_party/protobuf/cmake/CMakeFiles/libprotoc.dir/__/src/google/protobuf/compiler/java/java_message_lite.cc.o
Writing torch/csrc/autograd/generated/VariableType_2.cpp
Writing torch/csrc/autograd/generated/ProfiledType_2.cpp
[ 30%] Building CXX object third_party/protobuf/cmake/CMakeFiles/libprotoc.dir/__/src/google/protobuf/compiler/java/java_name_resolver.cc.o
Writing torch/csrc/autograd/generated/TraceType_2.cpp
Writing torch/csrc/autograd/generated/VariableType_3.cpp
Writing torch/csrc/autograd/generated/ProfiledType_3.cpp
Writing torch/csrc/autograd/generated/TraceType_3.cpp
[ 30%] Building CXX object third_party/protobuf/cmake/CMakeFiles/libprotoc.dir/__/src/google/protobuf/compiler/java/java_primitive_field.cc.o
[ 30%] Building CXX object third_party/protobuf/cmake/CMakeFiles/libprotoc.dir/__/src/google/protobuf/compiler/java/java_service.cc.o
Writing torch/csrc/autograd/generated/VariableType_4.cpp
[ 30%] Building CXX object third_party/protobuf/cmake/CMakeFiles/libprotoc.dir/__/src/google/protobuf/compiler/java/java_shared_code_generator.cc.o
[ 30%] Building CXX object third_party/protobuf/cmake/CMakeFiles/libprotoc.dir/__/src/google/protobuf/compiler/java/java_primitive_field_lite.cc.o
Writing torch/csrc/autograd/generated/ProfiledType_4.cpp
Writing torch/csrc/autograd/generated/TraceType_4.cpp
[ 30%] Building CXX object third_party/protobuf/cmake/CMakeFiles/libprotoc.dir/__/src/google/protobuf/compiler/java/java_string_field.cc.o
[ 30%] Building CXX object third_party/protobuf/cmake/CMakeFiles/libprotoc.dir/__/src/google/protobuf/compiler/java/java_string_field_lite.cc.o
[ 30%] Building CXX object third_party/protobuf/cmake/CMakeFiles/libprotoc.dir/__/src/google/protobuf/compiler/js/js_generator.cc.o
Writing torch/csrc/autograd/generated/VariableTypeEverything.cpp
[ 30%] Building CXX object third_party/protobuf/cmake/CMakeFiles/libprotoc.dir/__/src/google/protobuf/compiler/js/well_known_types_embed.cc.o
Writing torch/csrc/autograd/generated/ProfiledTypeEverything.cpp
Writing torch/csrc/autograd/generated/TraceTypeEverything.cpp
[ 30%] Building CXX object third_party/protobuf/cmake/CMakeFiles/libprotoc.dir/__/src/google/protobuf/compiler/objectivec/objectivec_enum.cc.o
Writing torch/csrc/autograd/generated/RegistrationDeclarations.h
[ 30%] Building CXX object third_party/protobuf/cmake/CMakeFiles/libprotoc.dir/__/src/google/protobuf/compiler/objectivec/objectivec_enum_field.cc.o
Writing torch/csrc/autograd/generated/Functions.h
Writing torch/csrc/autograd/generated/Functions.cpp
Writing torch/csrc/autograd/generated/variable_factories.h
[ 30%] Building CXX object third_party/protobuf/cmake/CMakeFiles/libprotoc.dir/__/src/google/protobuf/compiler/objectivec/objectivec_extension.cc.o
[ 30%] Building CXX object third_party/protobuf/cmake/CMakeFiles/libprotoc.dir/__/src/google/protobuf/compiler/objectivec/objectivec_field.cc.o
[ 30%] Building CXX object third_party/protobuf/cmake/CMakeFiles/libprotoc.dir/__/src/google/protobuf/compiler/objectivec/objectivec_file.cc.o
Compiling  collectives/broadcast.cc            > /castles/nr/projects/d/duanj-ai-in-medical-imaging/.share/download/t1/pytorch/build/nccl/obj/collectives/broadcast.o
[ 30%] Building CXX object third_party/protobuf/cmake/CMakeFiles/libprotoc.dir/__/src/google/protobuf/compiler/objectivec/objectivec_generator.cc.o
[ 31%] Building CXX object third_party/protobuf/cmake/CMakeFiles/libprotoc.dir/__/src/google/protobuf/compiler/objectivec/objectivec_helpers.cc.o
[ 31%] Building CXX object third_party/protobuf/cmake/CMakeFiles/libprotoc.dir/__/src/google/protobuf/compiler/objectivec/objectivec_map_field.cc.o
[ 31%] Building CXX object third_party/protobuf/cmake/CMakeFiles/libprotoc.dir/__/src/google/protobuf/compiler/objectivec/objectivec_message.cc.o
[ 31%] Building CXX object third_party/protobuf/cmake/CMakeFiles/libprotoc.dir/__/src/google/protobuf/compiler/objectivec/objectivec_message_field.cc.o
[ 31%] Building CXX object third_party/protobuf/cmake/CMakeFiles/libprotoc.dir/__/src/google/protobuf/compiler/objectivec/objectivec_oneof.cc.o
[ 31%] Building CXX object third_party/protobuf/cmake/CMakeFiles/libprotoc.dir/__/src/google/protobuf/compiler/objectivec/objectivec_primitive_field.cc.o
[ 31%] Building CXX object third_party/protobuf/cmake/CMakeFiles/libprotoc.dir/__/src/google/protobuf/compiler/php/php_generator.cc.o
Compiling  collectives/reduce.cc               > /castles/nr/projects/d/duanj-ai-in-medical-imaging/.share/download/t1/pytorch/build/nccl/obj/collectives/reduce.o
[ 31%] Building CXX object third_party/protobuf/cmake/CMakeFiles/libprotoc.dir/__/src/google/protobuf/compiler/plugin.cc.o
[ 31%] Building CXX object third_party/protobuf/cmake/CMakeFiles/libprotoc.dir/__/src/google/protobuf/compiler/plugin.pb.cc.o
[ 31%] Building CXX object third_party/protobuf/cmake/CMakeFiles/libprotoc.dir/__/src/google/protobuf/compiler/python/python_generator.cc.o
[ 31%] Building CXX object third_party/protobuf/cmake/CMakeFiles/libprotoc.dir/__/src/google/protobuf/compiler/ruby/ruby_generator.cc.o
[ 31%] Building CXX object third_party/protobuf/cmake/CMakeFiles/libprotoc.dir/__/src/google/protobuf/compiler/subprocess.cc.o
[ 31%] Building CXX object third_party/protobuf/cmake/CMakeFiles/libprotoc.dir/__/src/google/protobuf/compiler/zip_writer.cc.o
[ 31%] Linking CXX static library ../../../lib/libgloo.a
Compiling  collectives/reduce_scatter.cc       > /castles/nr/projects/d/duanj-ai-in-medical-imaging/.share/download/t1/pytorch/build/nccl/obj/collectives/reduce_scatter.o
[ 31%] Built target gloo
Compiling  graph/topo.cc                       > /castles/nr/projects/d/duanj-ai-in-medical-imaging/.share/download/t1/pytorch/build/nccl/obj/graph/topo.o
[ 31%] Linking CXX static library ../../../lib/libgmock_main.a
[ 31%] Built target gmock_main
[ 31%] Linking CXX static library ../../../lib/libprotoc.a
[ 31%] Built target libprotoc
Scanning dependencies of target protoc
Compiling  graph/paths.cc                      > /castles/nr/projects/d/duanj-ai-in-medical-imaging/.share/download/t1/pytorch/build/nccl/obj/graph/paths.o
[ 31%] Building CXX object third_party/protobuf/cmake/CMakeFiles/protoc.dir/__/src/google/protobuf/compiler/main.cc.o
Writing torch/csrc/jit/generated/generated_unboxing_wrappers_0.cpp
Writing torch/csrc/jit/generated/generated_unboxing_wrappers_1.cpp
Writing torch/csrc/jit/generated/generated_unboxing_wrappers_2.cpp
Compiling  graph/search.cc                     > /castles/nr/projects/d/duanj-ai-in-medical-imaging/.share/download/t1/pytorch/build/nccl/obj/graph/search.o
[ 31%] Linking CXX executable ../../../bin/protoc
[ 31%] Built target protoc
[ 31%] Running C++/Python protocol buffer compiler on /castles/nr/projects/d/duanj-ai-in-medical-imaging/.share/download/t1/pytorch/caffe2/proto/torch.proto
[ 31%] Running C++/Python protocol buffer compiler on /castles/nr/projects/d/duanj-ai-in-medical-imaging/.share/download/t1/pytorch/caffe2/proto/caffe2.proto
Scanning dependencies of target gen_onnx_proto
[ 31%] Running C++/Python protocol buffer compiler on /castles/nr/projects/d/duanj-ai-in-medical-imaging/.share/download/t1/pytorch/caffe2/proto/caffe2_legacy.proto
[ 31%] Running C++/Python protocol buffer compiler on /castles/nr/projects/d/duanj-ai-in-medical-imaging/.share/download/t1/pytorch/caffe2/proto/hsm.proto
[ 31%] Running C++/Python protocol buffer compiler on /castles/nr/projects/d/duanj-ai-in-medical-imaging/.share/download/t1/pytorch/caffe2/proto/prof_dag.proto
[ 31%] Running C++/Python protocol buffer compiler on /castles/nr/projects/d/duanj-ai-in-medical-imaging/.share/download/t1/pytorch/caffe2/proto/predictor_consts.proto
[ 31%] Running C++/Python protocol buffer compiler on /castles/nr/projects/d/duanj-ai-in-medical-imaging/.share/download/t1/pytorch/caffe2/proto/metanet.proto
[ 31%] Running gen_proto.py on onnx/onnx.in.proto
Scanning dependencies of target Caffe2_PROTO
Processing /castles/nr/projects/d/duanj-ai-in-medical-imaging/.share/download/t1/pytorch/third_party/onnx/onnx/onnx.in.proto
Writing /castles/nr/projects/d/duanj-ai-in-medical-imaging/.share/download/t1/pytorch/build/third_party/onnx/onnx/onnx_onnx_torch-ml.proto
Writing /castles/nr/projects/d/duanj-ai-in-medical-imaging/.share/download/t1/pytorch/build/third_party/onnx/onnx/onnx_onnx_torch-ml.proto3
Writing /castles/nr/projects/d/duanj-ai-in-medical-imaging/.share/download/t1/pytorch/build/third_party/onnx/onnx/onnx-ml.pb.h
generating /castles/nr/projects/d/duanj-ai-in-medical-imaging/.share/download/t1/pytorch/build/third_party/onnx/onnx/onnx_pb.py
[ 31%] Running C++ protocol buffer compiler on /castles/nr/projects/d/duanj-ai-in-medical-imaging/.share/download/t1/pytorch/build/third_party/onnx/onnx/onnx_onnx_torch-ml.proto
Compiling  graph/connect.cc                    > /castles/nr/projects/d/duanj-ai-in-medical-imaging/.share/download/t1/pytorch/build/nccl/obj/graph/connect.o
[ 31%] Built target gen_onnx_proto
[ 31%] Running gen_proto.py on onnx/onnx-operators.in.proto
Processing /castles/nr/projects/d/duanj-ai-in-medical-imaging/.share/download/t1/pytorch/third_party/onnx/onnx/onnx-operators.in.proto
Writing /castles/nr/projects/d/duanj-ai-in-medical-imaging/.share/download/t1/pytorch/build/third_party/onnx/onnx/onnx-operators_onnx_torch-ml.proto
Writing /castles/nr/projects/d/duanj-ai-in-medical-imaging/.share/download/t1/pytorch/build/third_party/onnx/onnx/onnx-operators_onnx_torch-ml.proto3
Writing /castles/nr/projects/d/duanj-ai-in-medical-imaging/.share/download/t1/pytorch/build/third_party/onnx/onnx/onnx-operators-ml.pb.h
generating /castles/nr/projects/d/duanj-ai-in-medical-imaging/.share/download/t1/pytorch/build/third_party/onnx/onnx/onnx_operators_pb.py
[ 31%] Running C++ protocol buffer compiler on /castles/nr/projects/d/duanj-ai-in-medical-imaging/.share/download/t1/pytorch/build/third_party/onnx/onnx/onnx-operators_onnx_torch-ml.proto
Scanning dependencies of target onnx_proto
Compiling  graph/rings.cc                      > /castles/nr/projects/d/duanj-ai-in-medical-imaging/.share/download/t1/pytorch/build/nccl/obj/graph/rings.o
graph/rings.cc: In function ‘ncclResult_t ncclBuildRings(int, int*, int, int, int*, int*)’:
graph/rings.cc:35:21: warning: ‘ : ’ directive writing 3 bytes into a region of size between 1 and 17 [-Wformat-overflow=]
     sprintf(prefix, "Channel %02d/%02d : ", r, nrings);
                     ^~~~~~~~~~~~~~~~~~~~~~
graph/rings.cc:35:12: note: ‘sprintf’ output between 17 and 33 bytes into a destination of size 30
     sprintf(prefix, "Channel %02d/%02d : ", r, nrings);
     ~~~~~~~^~~~~~~~~~~~~~~~~~~~~~~~~~~~~~~~~~~~~~~~~~~
graph/rings.cc:35:21: warning: ‘ : ’ directive writing 3 bytes into a region of size between 1 and 17 [-Wformat-overflow=]
     sprintf(prefix, "Channel %02d/%02d : ", r, nrings);
                     ^~~~~~~~~~~~~~~~~~~~~~
graph/rings.cc:35:12: note: ‘sprintf’ output between 17 and 33 bytes into a destination of size 30
     sprintf(prefix, "Channel %02d/%02d : ", r, nrings);
     ~~~~~~~^~~~~~~~~~~~~~~~~~~~~~~~~~~~~~~~~~~~~~~~~~~
Compiling  graph/trees.cc                      > /castles/nr/projects/d/duanj-ai-in-medical-imaging/.share/download/t1/pytorch/build/nccl/obj/graph/trees.o
[ 31%] Building CXX object third_party/onnx/CMakeFiles/onnx_proto.dir/onnx/onnx_onnx_torch-ml.pb.cc.o
[ 31%] Building CXX object third_party/onnx/CMakeFiles/onnx_proto.dir/onnx/onnx-operators_onnx_torch-ml.pb.cc.o
Compiling  graph/tuning.cc                     > /castles/nr/projects/d/duanj-ai-in-medical-imaging/.share/download/t1/pytorch/build/nccl/obj/graph/tuning.o
[ 31%] Linking C static library ../../../../lib/libuv_a.a
[ 31%] Built target uv_a
[ 31%] Running cpp protocol buffer compiler on tensorpipe/proto/channel/mpt.proto
[ 31%] Running cpp protocol buffer compiler on tensorpipe/proto/channel/xth.proto
[ 31%] Running cpp protocol buffer compiler on tensorpipe/proto/core.proto
[ 31%] Linking C shared library ../../../../lib/libuv.so
Scanning dependencies of target tensorpipe
Compiling  graph/xml.cc                        > /castles/nr/projects/d/duanj-ai-in-medical-imaging/.share/download/t1/pytorch/build/nccl/obj/graph/xml.o
[ 31%] Built target uv
[ 31%] Building CXX object caffe2/proto/CMakeFiles/Caffe2_PROTO.dir/caffe2.pb.cc.o
[ 31%] Building CXX object caffe2/proto/CMakeFiles/Caffe2_PROTO.dir/hsm.pb.cc.o
[ 31%] Building CXX object caffe2/proto/CMakeFiles/Caffe2_PROTO.dir/caffe2_legacy.pb.cc.o
[ 31%] Building CXX object caffe2/proto/CMakeFiles/Caffe2_PROTO.dir/metanet.pb.cc.o
[ 31%] Building CXX object caffe2/proto/CMakeFiles/Caffe2_PROTO.dir/prof_dag.pb.cc.o
[ 31%] Building CXX object caffe2/proto/CMakeFiles/Caffe2_PROTO.dir/predictor_consts.pb.cc.o
[ 31%] Building CXX object caffe2/proto/CMakeFiles/Caffe2_PROTO.dir/torch.pb.cc.o
In file included from graph/xml.cc:14:
In function ‘ncclResult_t xmlSetAttr(ncclXmlNode*, const char*, const char*)’,
    inlined from ‘ncclResult_t ncclTopoGetXmlFromSys(ncclXmlNode*, ncclXml*)’ at graph/xml.cc:530:17:
graph/xml.h:131:10: warning: ‘char* strncpy(char*, const char*, size_t)’ specified bound 256 equals destination size [-Wstringop-truncation]
   strncpy(node->attrs[index].value, value, MAX_STR_LEN);
   ~~~~~~~^~~~~~~~~~~~~~~~~~~~~~~~~~~~~~~~~~~~~~~~~~~~~~
Generating rules                               > /castles/nr/projects/d/duanj-ai-in-medical-imaging/.share/download/t1/pytorch/build/nccl/obj/collectives/device/Makefile.rules
Compiling  sendrecv.cu                         > /castles/nr/projects/d/duanj-ai-in-medical-imaging/.share/download/t1/pytorch/build/nccl/obj/collectives/device/sendrecv_sum_i8.o
[ 31%] Linking CXX shared library ../lib/libc10.so
[ 31%] Built target c10
Scanning dependencies of target c10_Array_test
Scanning dependencies of target c10_intrusive_ptr_benchmark
Scanning dependencies of target c10_Metaprogramming_test
Scanning dependencies of target c10_TypeIndex_test
Scanning dependencies of target c10_complex_test
Scanning dependencies of target c10_flags_test
Scanning dependencies of target c10_string_view_test
Scanning dependencies of target c10_Bitset_test
Scanning dependencies of target c10_InlineDeviceGuard_test
Scanning dependencies of target c10_exception_test
Scanning dependencies of target c10_LeftRight_test
Scanning dependencies of target c10_complex_math_test
Scanning dependencies of target c10_typeid_test
Scanning dependencies of target c10_bfloat16_test
Scanning dependencies of target c10_cuda
Scanning dependencies of target c10_DeviceGuard_test
Scanning dependencies of target c10_Half_test
Scanning dependencies of target c10_DispatchKeySet_test
Scanning dependencies of target c10_tempfile_test
Scanning dependencies of target c10_CompileTimeFunctionPointer_test
Scanning dependencies of target c10_InlineStreamGuard_test
Scanning dependencies of target c10_StreamGuard_test
Scanning dependencies of target c10_registry_test
Scanning dependencies of target c10_ConstexprCrc_test
Scanning dependencies of target c10_TypeTraits_test
Scanning dependencies of target c10_C++17_test
Scanning dependencies of target c10_intrusive_ptr_test
Scanning dependencies of target c10_ordered_preserving_dict_test
Scanning dependencies of target c10_logging_test
Scanning dependencies of target c10_TypeList_test
Scanning dependencies of target c10_either_test
[ 31%] Building CXX object c10/test/CMakeFiles/c10_ConstexprCrc_test.dir/util/ConstexprCrc_test.cpp.o
[ 31%] Building CXX object c10/benchmark/CMakeFiles/c10_intrusive_ptr_benchmark.dir/intrusive_ptr_benchmark.cpp.o
[ 31%] Building CXX object c10/test/CMakeFiles/c10_StreamGuard_test.dir/core/StreamGuard_test.cpp.o
Compiling  sendrecv.cu                         > /castles/nr/projects/d/duanj-ai-in-medical-imaging/.share/download/t1/pytorch/build/nccl/obj/collectives/device/sendrecv_sum_u8.o
[ 31%] Building CXX object c10/test/CMakeFiles/c10_LeftRight_test.dir/util/LeftRight_test.cpp.o
[ 31%] Building CXX object c10/test/CMakeFiles/c10_complex_test.dir/util/complex_test.cpp.o
[ 31%] Building CXX object c10/test/CMakeFiles/c10_CompileTimeFunctionPointer_test.dir/core/CompileTimeFunctionPointer_test.cpp.o
[ 31%] Building CXX object c10/test/CMakeFiles/c10_bfloat16_test.dir/util/bfloat16_test.cpp.o
[ 31%] Building CXX object c10/test/CMakeFiles/c10_flags_test.dir/util/flags_test.cpp.o
[ 31%] Building CXX object c10/test/CMakeFiles/c10_TypeList_test.dir/util/TypeList_test.cpp.o
[ 31%] Building CXX object c10/test/CMakeFiles/c10_Array_test.dir/util/Array_test.cpp.o
[ 31%] Building CXX object c10/test/CMakeFiles/c10_complex_math_test.dir/util/complex_math_test.cpp.o
[ 31%] Building CXX object c10/test/CMakeFiles/c10_exception_test.dir/util/exception_test.cpp.o
[ 31%] Building CXX object c10/test/CMakeFiles/c10_registry_test.dir/util/registry_test.cpp.o
[ 31%] Building CXX object c10/test/CMakeFiles/c10_TypeTraits_test.dir/util/TypeTraits_test.cpp.o
[ 31%] Building CXX object c10/test/CMakeFiles/c10_Metaprogramming_test.dir/util/Metaprogramming_test.cpp.o
[ 31%] Building CXX object c10/test/CMakeFiles/c10_C++17_test.dir/util/C++17_test.cpp.o
[ 31%] Building CXX object c10/test/CMakeFiles/c10_DispatchKeySet_test.dir/core/DispatchKeySet_test.cpp.o
[ 31%] Building CXX object third_party/tensorpipe/CMakeFiles/tensorpipe.dir/tensorpipe/channel/error.cc.o
[ 31%] Building CXX object c10/test/CMakeFiles/c10_Bitset_test.dir/util/Bitset_test.cpp.o
[ 31%] Building CXX object c10/test/CMakeFiles/c10_TypeIndex_test.dir/util/TypeIndex_test.cpp.o
[ 32%] Building CXX object third_party/tensorpipe/CMakeFiles/tensorpipe.dir/tensorpipe/channel/helpers.cc.o
[ 32%] Building CXX object c10/test/CMakeFiles/c10_Half_test.dir/util/Half_test.cpp.o
[ 32%] Building CXX object third_party/tensorpipe/CMakeFiles/tensorpipe.dir/tensorpipe/channel/registry.cc.o
[ 32%] Building CXX object third_party/tensorpipe/CMakeFiles/tensorpipe.dir/tensorpipe/common/address.cc.o
[ 32%] Building CXX object third_party/tensorpipe/CMakeFiles/tensorpipe.dir/tensorpipe/common/error.cc.o
[ 32%] Building CXX object third_party/tensorpipe/CMakeFiles/tensorpipe.dir/tensorpipe/common/system.cc.o
[ 32%] Building CXX object third_party/tensorpipe/CMakeFiles/tensorpipe.dir/tensorpipe/core/context.cc.o
[ 32%] Building CXX object third_party/tensorpipe/CMakeFiles/tensorpipe.dir/tensorpipe/core/error.cc.o
[ 32%] Building CXX object c10/test/CMakeFiles/c10_ordered_preserving_dict_test.dir/util/ordered_preserving_dict_test.cpp.o
[ 33%] Building CXX object c10/test/CMakeFiles/c10_intrusive_ptr_test.dir/util/intrusive_ptr_test.cpp.o
[ 33%] Building CXX object c10/test/CMakeFiles/c10_logging_test.dir/util/logging_test.cpp.o
[ 33%] Building CXX object c10/test/CMakeFiles/c10_tempfile_test.dir/util/tempfile_test.cpp.o
[ 33%] Building CXX object third_party/tensorpipe/CMakeFiles/tensorpipe.dir/tensorpipe/core/pipe.cc.o
[ 33%] Building CXX object third_party/tensorpipe/CMakeFiles/tensorpipe.dir/tensorpipe/transport/error.cc.o
[ 33%] Building CXX object third_party/tensorpipe/CMakeFiles/tensorpipe.dir/tensorpipe/transport/registry.cc.o
[ 33%] Building CXX object third_party/tensorpipe/CMakeFiles/tensorpipe.dir/tensorpipe/transport/connection.cc.o
[ 33%] Building CXX object c10/test/CMakeFiles/c10_DeviceGuard_test.dir/core/DeviceGuard_test.cpp.o
[ 33%] Building CXX object third_party/tensorpipe/CMakeFiles/tensorpipe.dir/tensorpipe/core/listener.cc.o
[ 33%] Building CXX object third_party/tensorpipe/CMakeFiles/tensorpipe.dir/tensorpipe/channel/xth/context.cc.o
[ 33%] Building CXX object third_party/tensorpipe/CMakeFiles/tensorpipe.dir/tensorpipe/channel/basic/channel.cc.o
[ 33%] Building CXX object third_party/tensorpipe/CMakeFiles/tensorpipe.dir/tensorpipe/channel/basic/context.cc.o
[ 33%] Building CXX object third_party/tensorpipe/CMakeFiles/tensorpipe.dir/tensorpipe/channel/mpt/context.cc.o
[ 33%] Building CXX object third_party/tensorpipe/CMakeFiles/tensorpipe.dir/tensorpipe/channel/xth/channel.cc.o
[ 33%] Building CXX object c10/test/CMakeFiles/c10_InlineStreamGuard_test.dir/core/impl/InlineStreamGuard_test.cpp.o
[ 33%] Building CXX object third_party/tensorpipe/CMakeFiles/tensorpipe.dir/tensorpipe/transport/uv/connection.cc.o
[ 33%] Building CXX object c10/test/CMakeFiles/c10_InlineDeviceGuard_test.dir/core/impl/InlineDeviceGuard_test.cpp.o
[ 33%] Building CXX object third_party/tensorpipe/CMakeFiles/tensorpipe.dir/tensorpipe/channel/mpt/channel.cc.o
[ 33%] Building CXX object c10/test/CMakeFiles/c10_string_view_test.dir/util/string_view_test.cpp.o
[ 33%] Building CXX object third_party/tensorpipe/CMakeFiles/tensorpipe.dir/tensorpipe/transport/uv/context.cc.o
[ 33%] Building CXX object third_party/tensorpipe/CMakeFiles/tensorpipe.dir/tensorpipe/transport/uv/listener.cc.o
[ 33%] Building CXX object third_party/tensorpipe/CMakeFiles/tensorpipe.dir/tensorpipe/transport/uv/error.cc.o
[ 33%] Building CXX object third_party/tensorpipe/CMakeFiles/tensorpipe.dir/tensorpipe/transport/uv/loop.cc.o
[ 33%] Building CXX object third_party/tensorpipe/CMakeFiles/tensorpipe.dir/tensorpipe/transport/uv/uv.cc.o
[ 33%] Building CXX object third_party/tensorpipe/CMakeFiles/tensorpipe.dir/tensorpipe/transport/uv/sockaddr.cc.o
[ 33%] Building CXX object third_party/tensorpipe/CMakeFiles/tensorpipe.dir/tensorpipe/proto/channel/mpt.pb.cc.o
[ 33%] Building CXX object third_party/tensorpipe/CMakeFiles/tensorpipe.dir/tensorpipe/proto/channel/xth.pb.cc.o
[ 33%] Building CXX object third_party/tensorpipe/CMakeFiles/tensorpipe.dir/tensorpipe/proto/core.pb.cc.o
[ 33%] Building CXX object c10/test/CMakeFiles/c10_typeid_test.dir/util/typeid_test.cpp.o
[ 33%] Building CXX object c10/test/CMakeFiles/c10_either_test.dir/util/either_test.cpp.o
[ 33%] Building CXX object c10/cuda/CMakeFiles/c10_cuda.dir/CUDAStream.cpp.o
[ 33%] Building CXX object c10/cuda/CMakeFiles/c10_cuda.dir/impl/CUDAGuardImpl.cpp.o
[ 33%] Building CXX object c10/cuda/CMakeFiles/c10_cuda.dir/CUDACachingAllocator.cpp.o
[ 33%] Building CXX object c10/cuda/CMakeFiles/c10_cuda.dir/impl/CUDATest.cpp.o
Compiling  sendrecv.cu                         > /castles/nr/projects/d/duanj-ai-in-medical-imaging/.share/download/t1/pytorch/build/nccl/obj/collectives/device/sendrecv_sum_i32.o
Writing torch/testing/_internal/generated/annotated_fn_args.py
[ 33%] Built target generate-torch-sources
Compiling  sendrecv.cu                         > /castles/nr/projects/d/duanj-ai-in-medical-imaging/.share/download/t1/pytorch/build/nccl/obj/collectives/device/sendrecv_sum_u32.o
Compiling  sendrecv.cu                         > /castles/nr/projects/d/duanj-ai-in-medical-imaging/.share/download/t1/pytorch/build/nccl/obj/collectives/device/sendrecv_sum_i64.o
Compiling  sendrecv.cu                         > /castles/nr/projects/d/duanj-ai-in-medical-imaging/.share/download/t1/pytorch/build/nccl/obj/collectives/device/sendrecv_sum_u64.o
Compiling  sendrecv.cu                         > /castles/nr/projects/d/duanj-ai-in-medical-imaging/.share/download/t1/pytorch/build/nccl/obj/collectives/device/sendrecv_sum_f16.o
Compiling  sendrecv.cu                         > /castles/nr/projects/d/duanj-ai-in-medical-imaging/.share/download/t1/pytorch/build/nccl/obj/collectives/device/sendrecv_sum_f32.o
Compiling  sendrecv.cu                         > /castles/nr/projects/d/duanj-ai-in-medical-imaging/.share/download/t1/pytorch/build/nccl/obj/collectives/device/sendrecv_sum_f64.o
[ 33%] Linking CXX static library ../../lib/libonnx_proto.a
[ 33%] Built target onnx_proto
Scanning dependencies of target onnx
Compiling  sendrecv.cu                         > /castles/nr/projects/d/duanj-ai-in-medical-imaging/.share/download/t1/pytorch/build/nccl/obj/collectives/device/sendrecv_prod_i8.o
Compiling  sendrecv.cu                         > /castles/nr/projects/d/duanj-ai-in-medical-imaging/.share/download/t1/pytorch/build/nccl/obj/collectives/device/sendrecv_prod_u8.o
Compiling  sendrecv.cu                         > /castles/nr/projects/d/duanj-ai-in-medical-imaging/.share/download/t1/pytorch/build/nccl/obj/collectives/device/sendrecv_prod_i32.o
Compiling  sendrecv.cu                         > /castles/nr/projects/d/duanj-ai-in-medical-imaging/.share/download/t1/pytorch/build/nccl/obj/collectives/device/sendrecv_prod_u32.o
Compiling  sendrecv.cu                         > /castles/nr/projects/d/duanj-ai-in-medical-imaging/.share/download/t1/pytorch/build/nccl/obj/collectives/device/sendrecv_prod_i64.o
[ 33%] Built target Caffe2_PROTO
Scanning dependencies of target caffe2_protos
[ 33%] Linking CXX static library ../lib/libcaffe2_protos.a
Compiling  sendrecv.cu                         > /castles/nr/projects/d/duanj-ai-in-medical-imaging/.share/download/t1/pytorch/build/nccl/obj/collectives/device/sendrecv_prod_u64.o
[ 33%] Built target caffe2_protos
Compiling  sendrecv.cu                         > /castles/nr/projects/d/duanj-ai-in-medical-imaging/.share/download/t1/pytorch/build/nccl/obj/collectives/device/sendrecv_prod_f16.o
[ 33%] Linking CXX executable ../../bin/c10_intrusive_ptr_benchmark
Compiling  sendrecv.cu                         > /castles/nr/projects/d/duanj-ai-in-medical-imaging/.share/download/t1/pytorch/build/nccl/obj/collectives/device/sendrecv_prod_f32.o
[ 33%] Built target c10_intrusive_ptr_benchmark
Compiling  sendrecv.cu                         > /castles/nr/projects/d/duanj-ai-in-medical-imaging/.share/download/t1/pytorch/build/nccl/obj/collectives/device/sendrecv_prod_f64.o
[ 33%] Linking CXX executable ../../bin/c10_ConstexprCrc_test
[ 33%] Built target c10_ConstexprCrc_test
Compiling  sendrecv.cu                         > /castles/nr/projects/d/duanj-ai-in-medical-imaging/.share/download/t1/pytorch/build/nccl/obj/collectives/device/sendrecv_min_i8.o
[ 33%] Linking CXX executable ../../bin/c10_StreamGuard_test
Compiling  sendrecv.cu                         > /castles/nr/projects/d/duanj-ai-in-medical-imaging/.share/download/t1/pytorch/build/nccl/obj/collectives/device/sendrecv_min_u8.o
[ 33%] Built target c10_StreamGuard_test
Compiling  sendrecv.cu                         > /castles/nr/projects/d/duanj-ai-in-medical-imaging/.share/download/t1/pytorch/build/nccl/obj/collectives/device/sendrecv_min_i32.o
[ 33%] Linking CXX shared library ../../lib/libc10_cuda.so
[ 33%] Built target c10_cuda
Scanning dependencies of target c10_cuda_CUDATest
Compiling  sendrecv.cu                         > /castles/nr/projects/d/duanj-ai-in-medical-imaging/.share/download/t1/pytorch/build/nccl/obj/collectives/device/sendrecv_min_u32.o
[ 33%] Building CXX object c10/cuda/test/CMakeFiles/c10_cuda_CUDATest.dir/impl/CUDATest.cpp.o
/castles/nr/projects/d/duanj-ai-in-medical-imaging/.share/download/t1/pytorch/third_party/tensorpipe/tensorpipe/transport/connection.cc: In member function ‘virtual void tensorpipe::transport::Connection::write(const google::protobuf::MessageLite&, tensorpipe::transport::Connection::write_callback_fn)’:
/castles/nr/projects/d/duanj-ai-in-medical-imaging/.share/download/t1/pytorch/third_party/tensorpipe/tensorpipe/transport/connection.cc:34:37: warning: ‘int google::protobuf::MessageLite::ByteSize() const’ is deprecated: Please use ByteSizeLong() instead [-Wdeprecated-declarations]
   const auto len = message.ByteSize();
                                     ^
In file included from /castles/nr/projects/d/duanj-ai-in-medical-imaging/.share/download/t1/pytorch/third_party/tensorpipe/tensorpipe/transport/connection.cc:11:
/castles/nr/projects/d/duanj-ai-in-medical-imaging/.share/download/t1/pytorch/third_party/protobuf/src/google/protobuf/message_lite.h:402:7: note: declared here
   int ByteSize() const { return internal::ToIntSize(ByteSizeLong()); }
       ^~~~~~~~
Compiling  sendrecv.cu                         > /castles/nr/projects/d/duanj-ai-in-medical-imaging/.share/download/t1/pytorch/build/nccl/obj/collectives/device/sendrecv_min_i64.o
Compiling  sendrecv.cu                         > /castles/nr/projects/d/duanj-ai-in-medical-imaging/.share/download/t1/pytorch/build/nccl/obj/collectives/device/sendrecv_min_u64.o
[ 33%] Linking CXX executable ../../bin/c10_exception_test
[ 33%] Built target c10_exception_test
[ 33%] Linking CXX executable ../../bin/c10_TypeTraits_test
[ 33%] Built target c10_TypeTraits_test
Compiling  sendrecv.cu                         > /castles/nr/projects/d/duanj-ai-in-medical-imaging/.share/download/t1/pytorch/build/nccl/obj/collectives/device/sendrecv_min_f16.o
[ 33%] Linking CXX executable ../../bin/c10_Array_test
[ 33%] Built target c10_Array_test
[ 33%] Linking CXX executable ../../bin/c10_CompileTimeFunctionPointer_test
[ 33%] Linking CXX executable ../../bin/c10_C++17_test
[ 33%] Built target c10_CompileTimeFunctionPointer_test
[ 33%] Built target c10_C++17_test
[ 33%] Linking CXX executable ../../bin/c10_tempfile_test
[ 33%] Built target c10_tempfile_test
[ 34%] Building CXX object third_party/onnx/CMakeFiles/onnx.dir/onnx/common/interned_strings.cc.o
[ 34%] Building CXX object third_party/onnx/CMakeFiles/onnx.dir/__/__/caffe2/onnx/torch_ops/schema.cc.o
[ 34%] Building CXX object third_party/onnx/CMakeFiles/onnx.dir/__/__/caffe2/onnx/torch_ops/defs.cc.o
[ 34%] Building CXX object third_party/onnx/CMakeFiles/onnx.dir/onnx/common/assertions.cc.o
[ 34%] Building CXX object third_party/onnx/CMakeFiles/onnx.dir/onnx/checker.cc.o
[ 34%] Building CXX object third_party/onnx/CMakeFiles/onnx.dir/onnx/common/ir_pb_converter.cc.o
[ 34%] Building CXX object third_party/onnx/CMakeFiles/onnx.dir/onnx/defs/attr_proto_util.cc.o
[ 34%] Building CXX object third_party/onnx/CMakeFiles/onnx.dir/onnx/defs/logical/old.cc.o
[ 34%] Building CXX object third_party/onnx/CMakeFiles/onnx.dir/onnx/defs/generator/old.cc.o
[ 34%] Building CXX object third_party/onnx/CMakeFiles/onnx.dir/onnx/defs/generator/defs.cc.o
[ 34%] Building CXX object third_party/onnx/CMakeFiles/onnx.dir/onnx/defs/logical/defs.cc.o
[ 34%] Building CXX object third_party/onnx/CMakeFiles/onnx.dir/onnx/defs/controlflow/old.cc.o
[ 34%] Building CXX object third_party/onnx/CMakeFiles/onnx.dir/onnx/defs/math/old.cc.o
[ 34%] Building CXX object third_party/onnx/CMakeFiles/onnx.dir/onnx/defs/function.cc.o
[ 34%] Building CXX object third_party/onnx/CMakeFiles/onnx.dir/onnx/defs/math/defs.cc.o
[ 34%] Building CXX object third_party/onnx/CMakeFiles/onnx.dir/onnx/defs/nn/old.cc.o
[ 34%] Building CXX object third_party/onnx/CMakeFiles/onnx.dir/onnx/defs/nn/defs.cc.o
[ 34%] Building CXX object third_party/onnx/CMakeFiles/onnx.dir/onnx/defs/data_type_utils.cc.o
[ 34%] Building CXX object third_party/onnx/CMakeFiles/onnx.dir/onnx/defs/object_detection/old.cc.o
[ 34%] Building CXX object third_party/onnx/CMakeFiles/onnx.dir/onnx/defs/quantization/defs.cc.o
[ 34%] Building CXX object third_party/onnx/CMakeFiles/onnx.dir/onnx/defs/reduction/defs.cc.o
[ 34%] Building CXX object third_party/onnx/CMakeFiles/onnx.dir/onnx/defs/object_detection/defs.cc.o
[ 34%] Building CXX object third_party/onnx/CMakeFiles/onnx.dir/onnx/defs/rnn/old.cc.o
[ 34%] Building CXX object third_party/onnx/CMakeFiles/onnx.dir/onnx/defs/reduction/old.cc.o
[ 34%] Building CXX object third_party/onnx/CMakeFiles/onnx.dir/onnx/defs/schema.cc.o
[ 34%] Building CXX object third_party/onnx/CMakeFiles/onnx.dir/onnx/defs/sequence/defs.cc.o
[ 34%] Building CXX object third_party/onnx/CMakeFiles/onnx.dir/onnx/defs/tensor/utils.cc.o
[ 34%] Building CXX object third_party/onnx/CMakeFiles/onnx.dir/onnx/defs/tensor/defs.cc.o
[ 34%] Building CXX object third_party/onnx/CMakeFiles/onnx.dir/onnx/defs/tensor/old.cc.o
[ 34%] Building CXX object third_party/onnx/CMakeFiles/onnx.dir/onnx/defs/traditionalml/defs.cc.o
[ 34%] Building CXX object third_party/onnx/CMakeFiles/onnx.dir/onnx/defs/training/defs.cc.o
[ 35%] Building CXX object third_party/onnx/CMakeFiles/onnx.dir/onnx/optimizer/optimize.cc.o
[ 35%] Building CXX object third_party/onnx/CMakeFiles/onnx.dir/onnx/optimizer/pass_registry.cc.o
[ 35%] Building CXX object third_party/onnx/CMakeFiles/onnx.dir/onnx/shape_inference/implementation.cc.o
[ 35%] Building CXX object third_party/onnx/CMakeFiles/onnx.dir/onnx/version_converter/convert.cc.o
[ 35%] Building CXX object third_party/onnx/CMakeFiles/onnx.dir/onnx/optimizer/pass.cc.o
[ 35%] Building CXX object third_party/onnx/CMakeFiles/onnx.dir/onnx/defs/controlflow/defs.cc.o
[ 35%] Building CXX object third_party/onnx/CMakeFiles/onnx.dir/onnx/defs/traditionalml/old.cc.o
[ 35%] Building CXX object third_party/onnx/CMakeFiles/onnx.dir/onnx/common/model_helpers.cc.o
[ 35%] Building CXX object third_party/onnx/CMakeFiles/onnx.dir/onnx/optimizer/pass_manager.cc.o
[ 35%] Building CXX object third_party/onnx/CMakeFiles/onnx.dir/onnx/defs/tensor_util.cc.o
[ 35%] Building CXX object third_party/onnx/CMakeFiles/onnx.dir/onnx/defs/rnn/defs.cc.o
[ 35%] Building CXX object third_party/onnx/CMakeFiles/onnx.dir/onnx/common/status.cc.o
[ 35%] Building CXX object third_party/onnx/CMakeFiles/onnx.dir/onnx/version_converter/helper.cc.o
[ 35%] Linking CXX executable ../../bin/c10_TypeList_test
[ 35%] Linking CXX executable ../../bin/c10_DispatchKeySet_test
[ 35%] Linking CXX executable ../../bin/c10_TypeIndex_test
[ 35%] Building CXX object third_party/onnx/CMakeFiles/onnx.dir/onnx/defs/tensor_proto_util.cc.o
[ 35%] Building CXX object third_party/onnx/CMakeFiles/onnx.dir/onnx/onnxifi_utils.cc.o
Compiling  sendrecv.cu                         > /castles/nr/projects/d/duanj-ai-in-medical-imaging/.share/download/t1/pytorch/build/nccl/obj/collectives/device/sendrecv_min_f32.o
[ 35%] Linking CXX executable ../../bin/c10_complex_test
[ 35%] Built target c10_TypeList_test
[ 35%] Built target c10_DispatchKeySet_test
[ 35%] Linking CXX executable ../../bin/c10_Bitset_test
[ 35%] Built target c10_TypeIndex_test
[ 35%] Linking CXX executable ../../bin/c10_Metaprogramming_test
[ 35%] Linking CXX executable ../../bin/c10_complex_math_test
[ 35%] Built target c10_complex_test
[ 35%] Built target c10_Bitset_test
[ 35%] Linking CXX executable ../../bin/c10_flags_test
[ 35%] Linking CXX executable ../../bin/c10_LeftRight_test
[ 35%] Built target c10_complex_math_test
[ 35%] Built target c10_Metaprogramming_test
[ 35%] Linking CXX executable ../../bin/c10_Half_test
[ 35%] Linking CXX executable ../../bin/c10_bfloat16_test
[ 36%] Linking CXX executable ../../bin/c10_InlineStreamGuard_test
[ 36%] Built target c10_flags_test
[ 36%] Built target c10_LeftRight_test
[ 36%] Built target c10_Half_test
[ 36%] Built target c10_bfloat16_test
[ 36%] Linking CXX executable ../../bin/c10_registry_test
[ 36%] Built target c10_InlineStreamGuard_test
[ 36%] Linking CXX executable ../../bin/c10_DeviceGuard_test
[ 36%] Built target c10_registry_test
[ 36%] Built target c10_DeviceGuard_test
[ 36%] Linking CXX executable ../../bin/c10_InlineDeviceGuard_test
[ 36%] Built target c10_InlineDeviceGuard_test
[ 36%] Linking CXX executable ../../bin/c10_logging_test
[ 36%] Built target c10_logging_test
[ 36%] Linking CXX executable ../../bin/c10_string_view_test
[ 36%] Built target c10_string_view_test
Compiling  sendrecv.cu                         > /castles/nr/projects/d/duanj-ai-in-medical-imaging/.share/download/t1/pytorch/build/nccl/obj/collectives/device/sendrecv_min_f64.o
[ 36%] Linking CXX executable ../../bin/c10_typeid_test
[ 36%] Built target c10_typeid_test
[ 36%] Linking CXX executable ../../bin/c10_ordered_preserving_dict_test
[ 36%] Built target c10_ordered_preserving_dict_test
Compiling  sendrecv.cu                         > /castles/nr/projects/d/duanj-ai-in-medical-imaging/.share/download/t1/pytorch/build/nccl/obj/collectives/device/sendrecv_max_i8.o
[ 36%] Linking CXX shared library ../../lib/libtensorpipe.so
[ 36%] Built target tensorpipe
Compiling  sendrecv.cu                         > /castles/nr/projects/d/duanj-ai-in-medical-imaging/.share/download/t1/pytorch/build/nccl/obj/collectives/device/sendrecv_max_u8.o
[ 36%] Linking CXX executable ../../bin/c10_either_test
[ 36%] Built target c10_either_test
Compiling  sendrecv.cu                         > /castles/nr/projects/d/duanj-ai-in-medical-imaging/.share/download/t1/pytorch/build/nccl/obj/collectives/device/sendrecv_max_i32.o
Compiling  sendrecv.cu                         > /castles/nr/projects/d/duanj-ai-in-medical-imaging/.share/download/t1/pytorch/build/nccl/obj/collectives/device/sendrecv_max_u32.o
[ 36%] Linking CXX executable ../../bin/c10_intrusive_ptr_test
Compiling  sendrecv.cu                         > /castles/nr/projects/d/duanj-ai-in-medical-imaging/.share/download/t1/pytorch/build/nccl/obj/collectives/device/sendrecv_max_i64.o
[ 36%] Built target c10_intrusive_ptr_test
Compiling  sendrecv.cu                         > /castles/nr/projects/d/duanj-ai-in-medical-imaging/.share/download/t1/pytorch/build/nccl/obj/collectives/device/sendrecv_max_u64.o
Compiling  sendrecv.cu                         > /castles/nr/projects/d/duanj-ai-in-medical-imaging/.share/download/t1/pytorch/build/nccl/obj/collectives/device/sendrecv_max_f16.o
[ 36%] Linking CXX executable ../../../bin/c10_cuda_CUDATest
Compiling  sendrecv.cu                         > /castles/nr/projects/d/duanj-ai-in-medical-imaging/.share/download/t1/pytorch/build/nccl/obj/collectives/device/sendrecv_max_f32.o
[ 36%] Built target c10_cuda_CUDATest
Compiling  sendrecv.cu                         > /castles/nr/projects/d/duanj-ai-in-medical-imaging/.share/download/t1/pytorch/build/nccl/obj/collectives/device/sendrecv_max_f64.o
Compiling  all_reduce.cu                       > /castles/nr/projects/d/duanj-ai-in-medical-imaging/.share/download/t1/pytorch/build/nccl/obj/collectives/device/all_reduce_sum_i8.o
Compiling  all_reduce.cu                       > /castles/nr/projects/d/duanj-ai-in-medical-imaging/.share/download/t1/pytorch/build/nccl/obj/collectives/device/all_reduce_sum_u8.o
In file included from /castles/nr/projects/d/duanj-ai-in-medical-imaging/.share/download/t1/pytorch/third_party/onnx/onnx/defs/shape_inference.h:4,
                 from /castles/nr/projects/d/duanj-ai-in-medical-imaging/.share/download/t1/pytorch/third_party/onnx/onnx/defs/schema.h:24,
                 from /castles/nr/projects/d/duanj-ai-in-medical-imaging/.share/download/t1/pytorch/third_party/onnx/onnx/checker.h:7,
                 from /castles/nr/projects/d/duanj-ai-in-medical-imaging/.share/download/t1/pytorch/third_party/onnx/onnx/checker.cc:1:
/castles/nr/projects/d/duanj-ai-in-medical-imaging/.share/download/t1/pytorch/third_party/onnx/onnx/proto_utils.h: In instantiation of ‘bool onnx_torch::ParseProtoFromBytes(Proto*, const char*, size_t) [with Proto = onnx_torch::ModelProto; size_t = long unsigned int]’:
/castles/nr/projects/d/duanj-ai-in-medical-imaging/.share/download/t1/pytorch/third_party/onnx/onnx/checker.cc:795:61:   required from here
/castles/nr/projects/d/duanj-ai-in-medical-imaging/.share/download/t1/pytorch/third_party/onnx/onnx/proto_utils.h:34:34: warning: ‘void google::protobuf::io::CodedInputStream::SetTotalBytesLimit(int, int)’ is deprecated: Please use the single parameter version of SetTotalBytesLimit(). The second parameter is ignored. [-Wdeprecated-declarations]
   coded_stream.SetTotalBytesLimit((2048LL << 20) - 1, 512LL << 20);
   ~~~~~~~~~~~~~~~~~~~~~~~~~~~~~~~^~~~~~~~~~~~~~~~~~~~~~~~~~~~~~~~~
In file included from /castles/nr/projects/d/duanj-ai-in-medical-imaging/.share/download/t1/pytorch/build/third_party/onnx/onnx/onnx_onnx_torch-ml.pb.h:23,
                 from /castles/nr/projects/d/duanj-ai-in-medical-imaging/.share/download/t1/pytorch/build/third_party/onnx/onnx/onnx-ml.pb.h:2,
                 from /castles/nr/projects/d/duanj-ai-in-medical-imaging/.share/download/t1/pytorch/third_party/onnx/onnx/onnx_pb.h:50,
                 from /castles/nr/projects/d/duanj-ai-in-medical-imaging/.share/download/t1/pytorch/third_party/onnx/onnx/onnx-operators_pb.h:6,
                 from /castles/nr/projects/d/duanj-ai-in-medical-imaging/.share/download/t1/pytorch/third_party/onnx/onnx/defs/attr_proto_util.h:6,
                 from /castles/nr/projects/d/duanj-ai-in-medical-imaging/.share/download/t1/pytorch/third_party/onnx/onnx/defs/function.h:11,
                 from /castles/nr/projects/d/duanj-ai-in-medical-imaging/.share/download/t1/pytorch/third_party/onnx/onnx/checker.h:6,
                 from /castles/nr/projects/d/duanj-ai-in-medical-imaging/.share/download/t1/pytorch/third_party/onnx/onnx/checker.cc:1:
/castles/nr/projects/d/duanj-ai-in-medical-imaging/.share/download/t1/pytorch/third_party/protobuf/src/google/protobuf/io/coded_stream.h:397:8: note: declared here
   void SetTotalBytesLimit(int total_bytes_limit, int) {
        ^~~~~~~~~~~~~~~~~~
Compiling  all_reduce.cu                       > /castles/nr/projects/d/duanj-ai-in-medical-imaging/.share/download/t1/pytorch/build/nccl/obj/collectives/device/all_reduce_sum_i32.o
[ 36%] Linking CXX static library ../../lib/libonnx.a
[ 36%] Built target onnx
Scanning dependencies of target torch_cpu
Compiling  all_reduce.cu                       > /castles/nr/projects/d/duanj-ai-in-medical-imaging/.share/download/t1/pytorch/build/nccl/obj/collectives/device/all_reduce_sum_u32.o
Compiling  all_reduce.cu                       > /castles/nr/projects/d/duanj-ai-in-medical-imaging/.share/download/t1/pytorch/build/nccl/obj/collectives/device/all_reduce_sum_i64.o
Compiling  all_reduce.cu                       > /castles/nr/projects/d/duanj-ai-in-medical-imaging/.share/download/t1/pytorch/build/nccl/obj/collectives/device/all_reduce_sum_u64.o
Compiling  all_reduce.cu                       > /castles/nr/projects/d/duanj-ai-in-medical-imaging/.share/download/t1/pytorch/build/nccl/obj/collectives/device/all_reduce_sum_f16.o
Compiling  all_reduce.cu                       > /castles/nr/projects/d/duanj-ai-in-medical-imaging/.share/download/t1/pytorch/build/nccl/obj/collectives/device/all_reduce_sum_f32.o
Compiling  all_reduce.cu                       > /castles/nr/projects/d/duanj-ai-in-medical-imaging/.share/download/t1/pytorch/build/nccl/obj/collectives/device/all_reduce_sum_f64.o
[ 36%] Building CXX object caffe2/CMakeFiles/torch_cpu.dir/__/aten/src/ATen/BatchedTensorImpl.cpp.o
[ 36%] Building CXX object caffe2/CMakeFiles/torch_cpu.dir/__/aten/src/ATen/CPUGeneratorImpl.cpp.o
[ 36%] Building CXX object caffe2/CMakeFiles/torch_cpu.dir/__/aten/src/ATen/BatchingRegistrations.cpp.o
[ 36%] Building CXX object caffe2/CMakeFiles/torch_cpu.dir/__/aten/src/ATen/ExpandUtils.cpp.o
[ 36%] Building CXX object caffe2/CMakeFiles/torch_cpu.dir/__/aten/src/ATen/DLConvertor.cpp.o
[ 36%] Building CXX object caffe2/CMakeFiles/torch_cpu.dir/__/aten/src/ATen/Context.cpp.o
[ 36%] Building CXX object caffe2/CMakeFiles/torch_cpu.dir/__/aten/src/ATen/DynamicLibrary.cpp.o
[ 36%] Building CXX object caffe2/CMakeFiles/torch_cpu.dir/__/aten/src/ATen/MemoryOverlap.cpp.o
[ 36%] Building CXX object caffe2/CMakeFiles/torch_cpu.dir/__/aten/src/ATen/ParallelOpenMP.cpp.o
[ 36%] Building CXX object caffe2/CMakeFiles/torch_cpu.dir/__/aten/src/ATen/NamedTensorUtils.cpp.o
[ 36%] Building CXX object caffe2/CMakeFiles/torch_cpu.dir/__/aten/src/ATen/TensorIndexing.cpp.o
[ 36%] Building CXX object caffe2/CMakeFiles/torch_cpu.dir/__/aten/src/ATen/ParallelCommon.cpp.o
[ 36%] Building CXX object caffe2/CMakeFiles/torch_cpu.dir/__/aten/src/ATen/ParallelThreadPoolNative.cpp.o
[ 36%] Building CXX object caffe2/CMakeFiles/torch_cpu.dir/__/aten/src/ATen/SequenceNumber.cpp.o
[ 36%] Building CXX object caffe2/CMakeFiles/torch_cpu.dir/__/aten/src/ATen/TensorGeometry.cpp.o
[ 36%] Building CXX object caffe2/CMakeFiles/torch_cpu.dir/__/aten/src/ATen/ParallelNativeTBB.cpp.o
[ 36%] Building CXX object caffe2/CMakeFiles/torch_cpu.dir/__/aten/src/ATen/TensorUtils.cpp.o
[ 36%] Building CXX object caffe2/CMakeFiles/torch_cpu.dir/__/aten/src/ATen/SparseTensorImpl.cpp.o
[ 36%] Building CXX object caffe2/CMakeFiles/torch_cpu.dir/__/aten/src/ATen/core/VariableFallbackKernel.cpp.o
[ 36%] Building CXX object caffe2/CMakeFiles/torch_cpu.dir/__/aten/src/ATen/Utils.cpp.o
[ 36%] Building CXX object caffe2/CMakeFiles/torch_cpu.dir/__/aten/src/ATen/TensorNames.cpp.o
[ 36%] Building CXX object caffe2/CMakeFiles/torch_cpu.dir/__/aten/src/ATen/core/Range.cpp.o
[ 36%] Building CXX object caffe2/CMakeFiles/torch_cpu.dir/__/aten/src/ATen/core/DeprecatedTypePropertiesRegistry.cpp.o
[ 36%] Building CXX object caffe2/CMakeFiles/torch_cpu.dir/__/aten/src/ATen/core/Formatting.cpp.o
[ 36%] Building CXX object caffe2/CMakeFiles/torch_cpu.dir/__/aten/src/ATen/cpu/FlushDenormal.cpp.o
[ 36%] Building CXX object caffe2/CMakeFiles/torch_cpu.dir/__/aten/src/ATen/ThreadLocalState.cpp.o
[ 37%] Building CXX object caffe2/CMakeFiles/torch_cpu.dir/__/aten/src/ATen/core/ATenGeneral.cpp.o
[ 37%] Building CXX object caffe2/CMakeFiles/torch_cpu.dir/__/aten/src/ATen/detail/CUDAHooksInterface.cpp.o
[ 37%] Building CXX object caffe2/CMakeFiles/torch_cpu.dir/__/aten/src/ATen/core/NamedRegistrations.cpp.o
[ 37%] Building CXX object caffe2/CMakeFiles/torch_cpu.dir/__/aten/src/ATen/core/Dict.cpp.o
[ 37%] Building CXX object caffe2/CMakeFiles/torch_cpu.dir/__/aten/src/ATen/detail/CPUGuardImpl.cpp.o
[ 37%] Building CXX object caffe2/CMakeFiles/torch_cpu.dir/__/aten/src/ATen/core/DeprecatedTypeProperties.cpp.o
[ 37%] Building CXX object caffe2/CMakeFiles/torch_cpu.dir/__/aten/src/ATen/VmapTransforms.cpp.o
[ 37%] Building CXX object caffe2/CMakeFiles/torch_cpu.dir/__/aten/src/ATen/core/register_symbols.cpp.o
[ 37%] Building CXX object caffe2/CMakeFiles/torch_cpu.dir/__/aten/src/ATen/core/dispatch/OperatorEntry.cpp.o
[ 37%] Building CXX object caffe2/CMakeFiles/torch_cpu.dir/__/aten/src/ATen/core/Tensor.cpp.o
[ 37%] Building CXX object caffe2/CMakeFiles/torch_cpu.dir/__/aten/src/ATen/Version.cpp.o
[ 37%] Building CXX object caffe2/CMakeFiles/torch_cpu.dir/__/aten/src/ATen/ParallelNative.cpp.o
[ 38%] Building CXX object caffe2/CMakeFiles/torch_cpu.dir/__/torch/csrc/jit/frontend/schema_type_parser.cpp.o
[ 38%] Building CXX object caffe2/CMakeFiles/torch_cpu.dir/__/torch/csrc/jit/frontend/source_range.cpp.o
[ 38%] Building CXX object caffe2/CMakeFiles/torch_cpu.dir/__/aten/src/ATen/native/AveragePool2d.cpp.o
[ 38%] Building CXX object caffe2/CMakeFiles/torch_cpu.dir/__/aten/src/ATen/native/CPUBlas.cpp.o
[ 38%] Building CXX object caffe2/CMakeFiles/torch_cpu.dir/__/aten/src/ATen/native/AffineGridGenerator.cpp.o
[ 38%] Building CXX object caffe2/CMakeFiles/torch_cpu.dir/__/aten/src/ATen/native/AdaptiveAveragePooling3d.cpp.o
[ 38%] Building CXX object caffe2/CMakeFiles/torch_cpu.dir/__/aten/src/ATen/detail/HIPHooksInterface.cpp.o
[ 38%] Building CXX object caffe2/CMakeFiles/torch_cpu.dir/__/aten/src/ATen/record_function.cpp.o
[ 38%] Building CXX object caffe2/CMakeFiles/torch_cpu.dir/__/aten/src/ATen/core/List.cpp.o
[ 38%] Building CXX object caffe2/CMakeFiles/torch_cpu.dir/__/aten/src/ATen/autocast_mode.cpp.o
[ 38%] Building CXX object caffe2/CMakeFiles/torch_cpu.dir/__/torch/csrc/jit/frontend/lexer.cpp.o
[ 38%] Building CXX object caffe2/CMakeFiles/torch_cpu.dir/__/aten/src/ATen/native/BinaryOps.cpp.o
[ 38%] Building CXX object caffe2/CMakeFiles/torch_cpu.dir/__/aten/src/ATen/core/ivalue.cpp.o
[ 38%] Building CXX object caffe2/CMakeFiles/torch_cpu.dir/__/torch/csrc/jit/frontend/strtod.cpp.o
[ 38%] Building CXX object caffe2/CMakeFiles/torch_cpu.dir/__/aten/src/ATen/core/Dimname.cpp.o
[ 38%] Building CXX object caffe2/CMakeFiles/torch_cpu.dir/__/aten/src/ATen/core/blob.cpp.o
[ 38%] Building CXX object caffe2/CMakeFiles/torch_cpu.dir/__/aten/src/ATen/core/NamedTensor.cpp.o
[ 38%] Building CXX object caffe2/CMakeFiles/torch_cpu.dir/__/aten/src/ATen/core/function_schema.cpp.o
[ 38%] Building CXX object caffe2/CMakeFiles/torch_cpu.dir/__/aten/src/ATen/core/interned_strings.cpp.o
[ 38%] Building CXX object caffe2/CMakeFiles/torch_cpu.dir/__/aten/src/ATen/native/AdaptiveAveragePooling.cpp.o
[ 38%] Building CXX object caffe2/CMakeFiles/torch_cpu.dir/__/aten/src/ATen/native/ConvolutionTBC.cpp.o
[ 38%] Building CXX object caffe2/CMakeFiles/torch_cpu.dir/__/aten/src/ATen/core/op_registration/op_registration.cpp.o
[ 38%] Building CXX object caffe2/CMakeFiles/torch_cpu.dir/__/aten/src/ATen/native/AdaptiveMaxPooling2d.cpp.o
[ 38%] Building CXX object caffe2/CMakeFiles/torch_cpu.dir/__/aten/src/ATen/core/VariableHooksInterface.cpp.o
[ 38%] Building CXX object caffe2/CMakeFiles/torch_cpu.dir/__/aten/src/ATen/core/custom_class.cpp.o
[ 38%] Building CXX object caffe2/CMakeFiles/torch_cpu.dir/__/torch/csrc/jit/frontend/function_schema_parser.cpp.o
[ 38%] Building CXX object caffe2/CMakeFiles/torch_cpu.dir/__/aten/src/ATen/native/Activation.cpp.o
[ 38%] Building CXX object caffe2/CMakeFiles/torch_cpu.dir/__/aten/src/ATen/core/BackendSelectFallbackKernel.cpp.o
[ 38%] Building CXX object caffe2/CMakeFiles/torch_cpu.dir/__/aten/src/ATen/core/library.cpp.o
[ 38%] Building CXX object caffe2/CMakeFiles/torch_cpu.dir/__/aten/src/ATen/native/DispatchStub.cpp.o
[ 38%] Building CXX object caffe2/CMakeFiles/torch_cpu.dir/__/aten/src/ATen/core/boxing/KernelFunction.cpp.o
[ 38%] Building CXX object caffe2/CMakeFiles/torch_cpu.dir/__/aten/src/ATen/native/Bucketization.cpp.o
[ 38%] Building CXX object caffe2/CMakeFiles/torch_cpu.dir/__/aten/src/ATen/core/dispatch/ObservedOperators.cpp.o
[ 38%] Building CXX object caffe2/CMakeFiles/torch_cpu.dir/__/aten/src/ATen/core/type.cpp.o
[ 38%] Building CXX object caffe2/CMakeFiles/torch_cpu.dir/__/aten/src/ATen/core/dispatch/Dispatcher.cpp.o
[ 38%] Building CXX object caffe2/CMakeFiles/torch_cpu.dir/__/aten/src/ATen/native/GatedLinearUnit.cpp.o
[ 38%] Building CXX object caffe2/CMakeFiles/torch_cpu.dir/__/aten/src/ATen/core/dispatch/DispatchKeyExtractor.cpp.o
[ 38%] Building CXX object caffe2/CMakeFiles/torch_cpu.dir/__/aten/src/ATen/native/ChanelShuffle.cpp.o
[ 38%] Building CXX object caffe2/CMakeFiles/torch_cpu.dir/__/aten/src/ATen/core/operator_name.cpp.o
[ 38%] Building CXX object caffe2/CMakeFiles/torch_cpu.dir/__/aten/src/ATen/native/Batching.cpp.o
[ 38%] Building CXX object caffe2/CMakeFiles/torch_cpu.dir/__/aten/src/ATen/native/Embedding.cpp.o
[ 38%] Building CXX object caffe2/CMakeFiles/torch_cpu.dir/__/torch/csrc/jit/frontend/error_report.cpp.o
[ 38%] Building CXX object caffe2/CMakeFiles/torch_cpu.dir/__/aten/src/ATen/native/FractionalMaxPool3d.cpp.o
[ 38%] Building CXX object caffe2/CMakeFiles/torch_cpu.dir/__/aten/src/ATen/native/Cross.cpp.o
[ 38%] Building CXX object caffe2/CMakeFiles/torch_cpu.dir/__/aten/src/ATen/native/Integration.cpp.o
[ 38%] Building CXX object caffe2/CMakeFiles/torch_cpu.dir/__/aten/src/ATen/native/Distributions.cpp.o
[ 38%] Building CXX object caffe2/CMakeFiles/torch_cpu.dir/__/aten/src/ATen/native/Convolution.cpp.o
[ 38%] Building CXX object caffe2/CMakeFiles/torch_cpu.dir/__/aten/src/ATen/native/AdaptiveMaxPooling3d.cpp.o
[ 38%] Building CXX object caffe2/CMakeFiles/torch_cpu.dir/__/aten/src/ATen/native/Distance.cpp.o
[ 38%] Building CXX object caffe2/CMakeFiles/torch_cpu.dir/__/aten/src/ATen/native/Blas.cpp.o
[ 38%] Building CXX object caffe2/CMakeFiles/torch_cpu.dir/__/aten/src/ATen/native/ConvolutionMM2d.cpp.o
[ 38%] Building CXX object caffe2/CMakeFiles/torch_cpu.dir/__/aten/src/ATen/native/EmbeddingBag.cpp.o
[ 38%] Building CXX object caffe2/CMakeFiles/torch_cpu.dir/__/aten/src/ATen/native/BlasKernel.cpp.o
[ 39%] Building CXX object caffe2/CMakeFiles/torch_cpu.dir/__/aten/src/ATen/native/LinearAlgebra.cpp.o
[ 39%] Building CXX object caffe2/CMakeFiles/torch_cpu.dir/__/aten/src/ATen/native/DilatedMaxPool2d.cpp.o
[ 39%] Building CXX object caffe2/CMakeFiles/torch_cpu.dir/__/aten/src/ATen/native/DilatedMaxPool3d.cpp.o
[ 39%] Building CXX object caffe2/CMakeFiles/torch_cpu.dir/__/aten/src/ATen/native/Fill.cpp.o
[ 39%] Building CXX object caffe2/CMakeFiles/torch_cpu.dir/__/aten/src/ATen/native/Copy.cpp.o
[ 39%] Building CXX object caffe2/CMakeFiles/torch_cpu.dir/__/aten/src/ATen/native/FractionalMaxPool2d.cpp.o
[ 39%] Building CXX object caffe2/CMakeFiles/torch_cpu.dir/__/aten/src/ATen/native/GridSampler.cpp.o
[ 39%] Building CXX object caffe2/CMakeFiles/torch_cpu.dir/__/aten/src/ATen/native/Dropout.cpp.o
[ 39%] Building CXX object caffe2/CMakeFiles/torch_cpu.dir/__/aten/src/ATen/native/BatchLinearAlgebra.cpp.o
[ 39%] Building CXX object caffe2/CMakeFiles/torch_cpu.dir/__/aten/src/ATen/native/Itertools.cpp.o
[ 39%] Building CXX object caffe2/CMakeFiles/torch_cpu.dir/__/aten/src/ATen/core/grad_mode.cpp.o
[ 39%] Building CXX object caffe2/CMakeFiles/torch_cpu.dir/__/aten/src/ATen/native/LegacyDefinitions.cpp.o
[ 39%] Building CXX object caffe2/CMakeFiles/torch_cpu.dir/__/aten/src/ATen/native/LossNLL.cpp.o
[ 39%] Building CXX object caffe2/CMakeFiles/torch_cpu.dir/__/aten/src/ATen/native/Linear.cpp.o
[ 39%] Building CXX object caffe2/CMakeFiles/torch_cpu.dir/__/aten/src/ATen/native/LegacyBridge.cpp.o
[ 39%] Building CXX object caffe2/CMakeFiles/torch_cpu.dir/__/aten/src/ATen/native/ConvolutionMM3d.cpp.o
[ 39%] Building CXX object caffe2/CMakeFiles/torch_cpu.dir/__/aten/src/ATen/native/NaiveDilatedConvolution.cpp.o
[ 39%] Building CXX object caffe2/CMakeFiles/torch_cpu.dir/__/aten/src/ATen/native/LegacyNNDefinitions.cpp.o
[ 39%] Building CXX object caffe2/CMakeFiles/torch_cpu.dir/__/aten/src/ATen/native/PixelShuffle.cpp.o
[ 39%] Building CXX object caffe2/CMakeFiles/torch_cpu.dir/__/aten/src/ATen/native/NNPACK.cpp.o
[ 39%] Building CXX object caffe2/CMakeFiles/torch_cpu.dir/__/aten/src/ATen/native/Loss.cpp.o
[ 39%] Building CXX object caffe2/CMakeFiles/torch_cpu.dir/__/aten/src/ATen/native/Im2Col.cpp.o
[ 39%] Building CXX object caffe2/CMakeFiles/torch_cpu.dir/__/aten/src/ATen/native/LossMultiMargin.cpp.o
[ 39%] Building CXX object caffe2/CMakeFiles/torch_cpu.dir/__/aten/src/ATen/native/MetaTensor.cpp.o
[ 39%] Building CXX object caffe2/CMakeFiles/torch_cpu.dir/__/aten/src/ATen/native/LossCTC.cpp.o
[ 39%] Building CXX object caffe2/CMakeFiles/torch_cpu.dir/__/aten/src/ATen/native/LossNLL2d.cpp.o
[ 39%] Building CXX object caffe2/CMakeFiles/torch_cpu.dir/__/aten/src/ATen/native/Lerp.cpp.o
[ 39%] Building CXX object caffe2/CMakeFiles/torch_cpu.dir/__/aten/src/ATen/native/LossMultiLabelMargin.cpp.o
[ 39%] Building CXX object caffe2/CMakeFiles/torch_cpu.dir/__/aten/src/ATen/native/ReflectionPad.cpp.o
[ 39%] Building CXX object caffe2/CMakeFiles/torch_cpu.dir/__/aten/src/ATen/native/MaxUnpooling.cpp.o
[ 39%] Building CXX object caffe2/CMakeFiles/torch_cpu.dir/__/aten/src/ATen/core/op_registration/infer_schema.cpp.o
[ 39%] Building CXX object caffe2/CMakeFiles/torch_cpu.dir/__/aten/src/ATen/native/NaiveConvolutionTranspose2d.cpp.o
[ 39%] Building CXX object caffe2/CMakeFiles/torch_cpu.dir/__/aten/src/ATen/native/NaiveConvolutionTranspose3d.cpp.o
[ 39%] Building CXX object caffe2/CMakeFiles/torch_cpu.dir/__/aten/src/ATen/native/QuantizedLinear.cpp.o
[ 39%] Building CXX object caffe2/CMakeFiles/torch_cpu.dir/__/aten/src/ATen/native/PointwiseOps.cpp.o
[ 40%] Building CXX object caffe2/CMakeFiles/torch_cpu.dir/__/aten/src/ATen/native/Onehot.cpp.o
[ 40%] Building CXX object caffe2/CMakeFiles/torch_cpu.dir/__/aten/src/ATen/native/ReduceAllOps.cpp.o
[ 40%] Building CXX object caffe2/CMakeFiles/torch_cpu.dir/__/aten/src/ATen/native/NamedTensor.cpp.o
[ 40%] Building CXX object caffe2/CMakeFiles/torch_cpu.dir/__/aten/src/ATen/native/RangeFactories.cpp.o
[ 40%] Building CXX object caffe2/CMakeFiles/torch_cpu.dir/__/aten/src/ATen/native/RNN.cpp.o
[ 40%] Building CXX object caffe2/CMakeFiles/torch_cpu.dir/__/aten/src/ATen/native/Pooling.cpp.o
[ 40%] Building CXX object caffe2/CMakeFiles/torch_cpu.dir/__/aten/src/ATen/native/PackedSequence.cpp.o
[ 40%] Building CXX object caffe2/CMakeFiles/torch_cpu.dir/__/aten/src/ATen/native/Repeat.cpp.o
[ 40%] Building CXX object caffe2/CMakeFiles/torch_cpu.dir/__/aten/src/ATen/native/Pow.cpp.o
[ 40%] Building CXX object caffe2/CMakeFiles/torch_cpu.dir/__/aten/src/ATen/native/Resize.cpp.o
[ 40%] Building CXX object caffe2/CMakeFiles/torch_cpu.dir/__/aten/src/ATen/native/ReduceOps.cpp.o
[ 40%] Building CXX object caffe2/CMakeFiles/torch_cpu.dir/__/aten/src/ATen/native/ReplicationPadding.cpp.o
[ 40%] Building CXX object caffe2/CMakeFiles/torch_cpu.dir/__/aten/src/ATen/native/Normalization.cpp.o
[ 40%] Building CXX object caffe2/CMakeFiles/torch_cpu.dir/__/aten/src/ATen/native/AveragePool3d.cpp.o
[ 40%] Building CXX object caffe2/CMakeFiles/torch_cpu.dir/__/aten/src/ATen/native/Col2Im.cpp.o
[ 40%] Building CXX object caffe2/CMakeFiles/torch_cpu.dir/__/aten/src/ATen/native/ConstantPadNd.cpp.o
[ 40%] Building CXX object caffe2/CMakeFiles/torch_cpu.dir/__/aten/src/ATen/native/Memory.cpp.o
[ 40%] Building CXX object caffe2/CMakeFiles/torch_cpu.dir/__/aten/src/ATen/native/Scalar.cpp.o
[ 40%] Building CXX object caffe2/CMakeFiles/torch_cpu.dir/__/aten/src/ATen/native/SobolEngineOps.cpp.o
[ 40%] Building CXX object caffe2/CMakeFiles/torch_cpu.dir/__/aten/src/ATen/native/SobolEngineOpsUtils.cpp.o
[ 40%] Building CXX object caffe2/CMakeFiles/torch_cpu.dir/__/aten/src/ATen/native/SoftMax.cpp.o
Compiling  all_reduce.cu                       > /castles/nr/projects/d/duanj-ai-in-medical-imaging/.share/download/t1/pytorch/build/nccl/obj/collectives/device/all_reduce_prod_i8.o
[ 40%] Building CXX object caffe2/CMakeFiles/torch_cpu.dir/__/aten/src/ATen/native/Sorting.cpp.o
Compiling  all_reduce.cu                       > /castles/nr/projects/d/duanj-ai-in-medical-imaging/.share/download/t1/pytorch/build/nccl/obj/collectives/device/all_reduce_prod_u8.o
Compiling  all_reduce.cu                       > /castles/nr/projects/d/duanj-ai-in-medical-imaging/.share/download/t1/pytorch/build/nccl/obj/collectives/device/all_reduce_prod_i32.o
Compiling  all_reduce.cu                       > /castles/nr/projects/d/duanj-ai-in-medical-imaging/.share/download/t1/pytorch/build/nccl/obj/collectives/device/all_reduce_prod_u32.o
Compiling  all_reduce.cu                       > /castles/nr/projects/d/duanj-ai-in-medical-imaging/.share/download/t1/pytorch/build/nccl/obj/collectives/device/all_reduce_prod_i64.o
Compiling  all_reduce.cu                       > /castles/nr/projects/d/duanj-ai-in-medical-imaging/.share/download/t1/pytorch/build/nccl/obj/collectives/device/all_reduce_prod_u64.o
Compiling  all_reduce.cu                       > /castles/nr/projects/d/duanj-ai-in-medical-imaging/.share/download/t1/pytorch/build/nccl/obj/collectives/device/all_reduce_prod_f16.o
Compiling  all_reduce.cu                       > /castles/nr/projects/d/duanj-ai-in-medical-imaging/.share/download/t1/pytorch/build/nccl/obj/collectives/device/all_reduce_prod_f32.o
[ 40%] Building CXX object caffe2/CMakeFiles/torch_cpu.dir/__/aten/src/ATen/native/SpectralOps.cpp.o
[ 40%] Building CXX object caffe2/CMakeFiles/torch_cpu.dir/__/aten/src/ATen/native/SummaryOps.cpp.o
[ 40%] Building CXX object caffe2/CMakeFiles/torch_cpu.dir/__/aten/src/ATen/native/TensorAdvancedIndexing.cpp.o
Compiling  all_reduce.cu                       > /castles/nr/projects/d/duanj-ai-in-medical-imaging/.share/download/t1/pytorch/build/nccl/obj/collectives/device/all_reduce_prod_f64.o
Compiling  all_reduce.cu                       > /castles/nr/projects/d/duanj-ai-in-medical-imaging/.share/download/t1/pytorch/build/nccl/obj/collectives/device/all_reduce_min_i8.o
[ 40%] Building CXX object caffe2/CMakeFiles/torch_cpu.dir/__/aten/src/ATen/native/TensorCompare.cpp.o
[ 40%] Building CXX object caffe2/CMakeFiles/torch_cpu.dir/__/aten/src/ATen/native/TensorConversions.cpp.o
Compiling  all_reduce.cu                       > /castles/nr/projects/d/duanj-ai-in-medical-imaging/.share/download/t1/pytorch/build/nccl/obj/collectives/device/all_reduce_min_u8.o
[ 40%] Building CXX object caffe2/CMakeFiles/torch_cpu.dir/__/aten/src/ATen/native/TensorFactories.cpp.o
[ 40%] Building CXX object caffe2/CMakeFiles/torch_cpu.dir/__/aten/src/ATen/native/TensorIterator.cpp.o
[ 40%] Building CXX object caffe2/CMakeFiles/torch_cpu.dir/__/aten/src/ATen/native/TensorIteratorReduce.cpp.o
[ 40%] Building CXX object caffe2/CMakeFiles/torch_cpu.dir/__/aten/src/ATen/native/TensorProperties.cpp.o
[ 40%] Building CXX object caffe2/CMakeFiles/torch_cpu.dir/__/aten/src/ATen/native/TensorShape.cpp.o
[ 40%] Building CXX object caffe2/CMakeFiles/torch_cpu.dir/__/aten/src/ATen/native/TensorTransformations.cpp.o
[ 40%] Building CXX object caffe2/CMakeFiles/torch_cpu.dir/__/aten/src/ATen/native/TestOps.cpp.o
[ 40%] Building CXX object caffe2/CMakeFiles/torch_cpu.dir/__/aten/src/ATen/native/TriangularOps.cpp.o
Compiling  all_reduce.cu                       > /castles/nr/projects/d/duanj-ai-in-medical-imaging/.share/download/t1/pytorch/build/nccl/obj/collectives/device/all_reduce_min_i32.o
[ 40%] Building CXX object caffe2/CMakeFiles/torch_cpu.dir/__/aten/src/ATen/native/TypeProperties.cpp.o
[ 40%] Building CXX object caffe2/CMakeFiles/torch_cpu.dir/__/aten/src/ATen/native/UnaryOps.cpp.o
[ 40%] Building CXX object caffe2/CMakeFiles/torch_cpu.dir/__/aten/src/ATen/native/Unfold2d.cpp.o
[ 40%] Building CXX object caffe2/CMakeFiles/torch_cpu.dir/__/aten/src/ATen/native/Unfold3d.cpp.o
[ 40%] Building CXX object caffe2/CMakeFiles/torch_cpu.dir/__/aten/src/ATen/native/UnfoldBackward.cpp.o
[ 40%] Building CXX object caffe2/CMakeFiles/torch_cpu.dir/__/aten/src/ATen/native/Unique.cpp.o
Compiling  all_reduce.cu                       > /castles/nr/projects/d/duanj-ai-in-medical-imaging/.share/download/t1/pytorch/build/nccl/obj/collectives/device/all_reduce_min_u32.o
[ 41%] Building CXX object caffe2/CMakeFiles/torch_cpu.dir/__/aten/src/ATen/native/UpSample.cpp.o
[ 41%] Building CXX object caffe2/CMakeFiles/torch_cpu.dir/__/aten/src/ATen/native/UpSampleBicubic2d.cpp.o
Compiling  all_reduce.cu                       > /castles/nr/projects/d/duanj-ai-in-medical-imaging/.share/download/t1/pytorch/build/nccl/obj/collectives/device/all_reduce_min_i64.o
[ 41%] Building CXX object caffe2/CMakeFiles/torch_cpu.dir/__/aten/src/ATen/native/UpSampleBilinear2d.cpp.o
[ 41%] Building CXX object caffe2/CMakeFiles/torch_cpu.dir/__/aten/src/ATen/native/UpSampleLinear1d.cpp.o
[ 41%] Building CXX object caffe2/CMakeFiles/torch_cpu.dir/__/aten/src/ATen/native/UpSampleNearest1d.cpp.o
[ 41%] Building CXX object caffe2/CMakeFiles/torch_cpu.dir/__/aten/src/ATen/native/UpSampleNearest2d.cpp.o
[ 41%] Building CXX object caffe2/CMakeFiles/torch_cpu.dir/__/aten/src/ATen/native/UpSampleNearest3d.cpp.o
[ 41%] Building CXX object caffe2/CMakeFiles/torch_cpu.dir/__/aten/src/ATen/native/UpSampleTrilinear3d.cpp.o
[ 41%] Building CXX object caffe2/CMakeFiles/torch_cpu.dir/__/aten/src/ATen/native/VariableMethodStubs.cpp.o
[ 41%] Building CXX object caffe2/CMakeFiles/torch_cpu.dir/__/aten/src/ATen/native/WeightNorm.cpp.o
[ 41%] Building CXX object caffe2/CMakeFiles/torch_cpu.dir/__/aten/src/ATen/native/group_norm.cpp.o
[ 41%] Building CXX object caffe2/CMakeFiles/torch_cpu.dir/__/aten/src/ATen/native/layer_norm.cpp.o
[ 41%] Building CXX object caffe2/CMakeFiles/torch_cpu.dir/__/aten/src/ATen/native/sparse/SoftMax.cpp.o
[ 41%] Building CXX object caffe2/CMakeFiles/torch_cpu.dir/__/aten/src/ATen/native/sparse/SparseTensor.cpp.o
[ 41%] Building CXX object caffe2/CMakeFiles/torch_cpu.dir/__/aten/src/ATen/native/sparse/SparseTensorMath.cpp.o
[ 41%] Building CXX object caffe2/CMakeFiles/torch_cpu.dir/__/aten/src/ATen/native/quantized/Copy.cpp.o
[ 41%] Building CXX object caffe2/CMakeFiles/torch_cpu.dir/__/aten/src/ATen/native/quantized/QTensor.cpp.o
[ 41%] Building CXX object caffe2/CMakeFiles/torch_cpu.dir/__/aten/src/ATen/native/quantized/TensorCompare.cpp.o
[ 41%] Building CXX object caffe2/CMakeFiles/torch_cpu.dir/__/aten/src/ATen/native/quantized/TensorFactories.cpp.o
[ 41%] Building CXX object caffe2/CMakeFiles/torch_cpu.dir/__/aten/src/ATen/native/quantized/affine_quantizer.cpp.o
[ 41%] Building CXX object caffe2/CMakeFiles/torch_cpu.dir/__/aten/src/ATen/native/quantized/cpu/fbgemm_utils.cpp.o
[ 41%] Building CXX object caffe2/CMakeFiles/torch_cpu.dir/__/aten/src/ATen/native/quantized/cpu/init_qnnpack.cpp.o
[ 41%] Building CXX object caffe2/CMakeFiles/torch_cpu.dir/__/aten/src/ATen/native/quantized/cpu/int_repr_quant.cpp.o
[ 41%] Building CXX object caffe2/CMakeFiles/torch_cpu.dir/__/aten/src/ATen/native/quantized/cpu/make_per_tensor_quantized_tensor.cpp.o
Compiling  all_reduce.cu                       > /castles/nr/projects/d/duanj-ai-in-medical-imaging/.share/download/t1/pytorch/build/nccl/obj/collectives/device/all_reduce_min_u64.o
[ 41%] Building CXX object caffe2/CMakeFiles/torch_cpu.dir/__/aten/src/ATen/native/quantized/cpu/q_adaavgpool.cpp.o
[ 41%] Building CXX object caffe2/CMakeFiles/torch_cpu.dir/__/aten/src/ATen/native/quantized/cpu/q_avgpool.cpp.o
[ 41%] Building CXX object caffe2/CMakeFiles/torch_cpu.dir/__/aten/src/ATen/native/quantized/cpu/q_avgpool3d.cpp.o
[ 41%] Building CXX object caffe2/CMakeFiles/torch_cpu.dir/__/aten/src/ATen/native/quantized/cpu/qadd.cpp.o
[ 41%] Building CXX object caffe2/CMakeFiles/torch_cpu.dir/__/aten/src/ATen/native/quantized/cpu/qbatch_norm.cpp.o
[ 41%] Building CXX object caffe2/CMakeFiles/torch_cpu.dir/__/aten/src/ATen/native/quantized/cpu/qchannel_shuffle.cpp.o
[ 41%] Building CXX object caffe2/CMakeFiles/torch_cpu.dir/__/aten/src/ATen/native/quantized/cpu/qclamp.cpp.o
[ 41%] Building CXX object caffe2/CMakeFiles/torch_cpu.dir/__/aten/src/ATen/native/quantized/cpu/qconcat.cpp.o
[ 41%] Building CXX object caffe2/CMakeFiles/torch_cpu.dir/__/aten/src/ATen/native/quantized/cpu/qconv.cpp.o
[ 41%] Building CXX object caffe2/CMakeFiles/torch_cpu.dir/__/aten/src/ATen/native/quantized/cpu/qconv_prepack.cpp.o
[ 42%] Building CXX object caffe2/CMakeFiles/torch_cpu.dir/__/aten/src/ATen/native/quantized/cpu/qconv_unpack.cpp.o
[ 42%] Building CXX object caffe2/CMakeFiles/torch_cpu.dir/__/aten/src/ATen/native/quantized/cpu/qelu.cpp.o
[ 42%] Building CXX object caffe2/CMakeFiles/torch_cpu.dir/__/aten/src/ATen/native/quantized/cpu/qembeddingbag.cpp.o
[ 42%] Building CXX object caffe2/CMakeFiles/torch_cpu.dir/__/aten/src/ATen/native/quantized/cpu/qembeddingbag_prepack.cpp.o
[ 42%] Building CXX object caffe2/CMakeFiles/torch_cpu.dir/__/aten/src/ATen/native/quantized/cpu/qembeddingbag_unpack.cpp.o
[ 42%] Building CXX object caffe2/CMakeFiles/torch_cpu.dir/__/aten/src/ATen/native/quantized/cpu/qhardsigmoid.cpp.o
[ 42%] Building CXX object caffe2/CMakeFiles/torch_cpu.dir/__/aten/src/ATen/native/quantized/cpu/qhardswish.cpp.o
[ 42%] Building CXX object caffe2/CMakeFiles/torch_cpu.dir/__/aten/src/ATen/native/quantized/cpu/qlinear.cpp.o
[ 42%] Building CXX object caffe2/CMakeFiles/torch_cpu.dir/__/aten/src/ATen/native/quantized/cpu/qlinear_prepack.cpp.o
[ 42%] Building CXX object caffe2/CMakeFiles/torch_cpu.dir/__/aten/src/ATen/native/quantized/cpu/qlinear_dynamic.cpp.o
[ 42%] Building CXX object caffe2/CMakeFiles/torch_cpu.dir/__/aten/src/ATen/native/quantized/cpu/qlinear_unpack.cpp.o
[ 42%] Building CXX object caffe2/CMakeFiles/torch_cpu.dir/__/aten/src/ATen/native/quantized/cpu/qmul.cpp.o
[ 42%] Building CXX object caffe2/CMakeFiles/torch_cpu.dir/__/aten/src/ATen/native/quantized/cpu/qnormalization.cpp.o
[ 42%] Building CXX object caffe2/CMakeFiles/torch_cpu.dir/__/aten/src/ATen/native/quantized/cpu/qreduction.cpp.o
[ 42%] Building CXX object caffe2/CMakeFiles/torch_cpu.dir/__/aten/src/ATen/native/quantized/cpu/qpool.cpp.o
[ 42%] Building CXX object caffe2/CMakeFiles/torch_cpu.dir/__/aten/src/ATen/native/quantized/cpu/qrelu.cpp.o
[ 42%] Building CXX object caffe2/CMakeFiles/torch_cpu.dir/__/aten/src/ATen/native/quantized/cpu/qsigmoid.cpp.o
[ 42%] Building CXX object caffe2/CMakeFiles/torch_cpu.dir/__/aten/src/ATen/native/quantized/cpu/qsort.cpp.o
[ 42%] Building CXX object caffe2/CMakeFiles/torch_cpu.dir/__/aten/src/ATen/native/quantized/cpu/qtanh.cpp.o
[ 42%] Building CXX object caffe2/CMakeFiles/torch_cpu.dir/__/aten/src/ATen/native/quantized/cpu/qthreshold.cpp.o
[ 42%] Building CXX object caffe2/CMakeFiles/torch_cpu.dir/__/aten/src/ATen/native/quantized/cpu/qupsample_bilinear2d.cpp.o
[ 42%] Building CXX object caffe2/CMakeFiles/torch_cpu.dir/__/aten/src/ATen/native/quantized/cpu/qupsample_nearest2d.cpp.o
[ 42%] Building CXX object caffe2/CMakeFiles/torch_cpu.dir/__/aten/src/ATen/native/quantized/cpu/qupsample_nearest3d.cpp.o
[ 42%] Building CXX object caffe2/CMakeFiles/torch_cpu.dir/__/aten/src/ATen/native/quantized/cpu/tensor_operators.cpp.o
[ 42%] Building CXX object caffe2/CMakeFiles/torch_cpu.dir/__/aten/src/ATen/native/quantized/fake_quant_per_channel_affine.cpp.o
[ 42%] Building CXX object caffe2/CMakeFiles/torch_cpu.dir/__/aten/src/ATen/native/quantized/fake_quant_per_tensor_affine.cpp.o
[ 42%] Building CXX object caffe2/CMakeFiles/torch_cpu.dir/__/aten/src/ATen/native/quantized/library.cpp.o
[ 42%] Building CXX object caffe2/CMakeFiles/torch_cpu.dir/__/aten/src/ATen/native/mkl/LinearAlgebra.cpp.o
[ 42%] Building CXX object caffe2/CMakeFiles/torch_cpu.dir/__/aten/src/ATen/native/mkl/SpectralOps.cpp.o
[ 42%] Building CXX object caffe2/CMakeFiles/torch_cpu.dir/__/aten/src/ATen/native/mkldnn/BinaryOps.cpp.o
[ 42%] Building CXX object caffe2/CMakeFiles/torch_cpu.dir/__/aten/src/ATen/native/mkldnn/Conv.cpp.o
[ 42%] Building CXX object caffe2/CMakeFiles/torch_cpu.dir/__/aten/src/ATen/native/mkldnn/IDeepRegistration.cpp.o
[ 42%] Building CXX object caffe2/CMakeFiles/torch_cpu.dir/__/aten/src/ATen/native/mkldnn/Linear.cpp.o
[ 42%] Building CXX object caffe2/CMakeFiles/torch_cpu.dir/__/aten/src/ATen/native/mkldnn/MKLDNNCommon.cpp.o
[ 42%] Building CXX object caffe2/CMakeFiles/torch_cpu.dir/__/aten/src/ATen/native/mkldnn/MkldnnTensorMath.cpp.o
[ 43%] Building CXX object caffe2/CMakeFiles/torch_cpu.dir/__/aten/src/ATen/native/mkldnn/MKLDNNConversions.cpp.o
[ 43%] Building CXX object caffe2/CMakeFiles/torch_cpu.dir/__/aten/src/ATen/native/mkldnn/Normalization.cpp.o
[ 43%] Building CXX object caffe2/CMakeFiles/torch_cpu.dir/__/aten/src/ATen/native/mkldnn/Pooling.cpp.o
[ 43%] Building CXX object caffe2/CMakeFiles/torch_cpu.dir/__/aten/src/ATen/native/mkldnn/TensorFactories.cpp.o
[ 43%] Building CXX object caffe2/CMakeFiles/torch_cpu.dir/__/aten/src/ATen/native/mkldnn/Relu.cpp.o
[ 43%] Building CXX object caffe2/CMakeFiles/torch_cpu.dir/__/aten/src/ATen/native/mkldnn/SoftMax.cpp.o
[ 43%] Building CXX object caffe2/CMakeFiles/torch_cpu.dir/__/aten/src/ATen/native/mkldnn/TensorShape.cpp.o
[ 43%] Building CXX object caffe2/CMakeFiles/torch_cpu.dir/__/aten/src/ATen/native/mkldnn/UnaryOps.cpp.o
[ 43%] Building CXX object caffe2/CMakeFiles/torch_cpu.dir/__/aten/src/ATen/native/mkldnn/Utils.cpp.o
[ 43%] Building CXX object caffe2/CMakeFiles/torch_cpu.dir/__/aten/src/ATen/native/xnnpack/Convolution.cpp.o
[ 43%] Building CXX object caffe2/CMakeFiles/torch_cpu.dir/__/aten/src/ATen/native/xnnpack/Factory.cpp.o
[ 43%] Building CXX object caffe2/CMakeFiles/torch_cpu.dir/__/aten/src/ATen/native/xnnpack/Init.cpp.o
[ 43%] Building CXX object caffe2/CMakeFiles/torch_cpu.dir/__/aten/src/ATen/native/xnnpack/Linear.cpp.o
[ 43%] Building CXX object caffe2/CMakeFiles/torch_cpu.dir/__/aten/src/ATen/native/xnnpack/OpContext.cpp.o
[ 43%] Building CXX object caffe2/CMakeFiles/torch_cpu.dir/__/aten/src/ATen/native/xnnpack/RegisterOpContextClass.cpp.o
[ 43%] Building CXX object caffe2/CMakeFiles/torch_cpu.dir/__/aten/src/ATen/native/xnnpack/MaxPooling.cpp.o
[ 43%] Building CXX object caffe2/CMakeFiles/torch_cpu.dir/__/aten/src/ATen/native/xnnpack/Shim.cpp.o
[ 43%] Building CXX object caffe2/CMakeFiles/torch_cpu.dir/__/aten/src/ATen/BackendSelectRegister.cpp.o
[ 43%] Building CXX object caffe2/CMakeFiles/torch_cpu.dir/__/aten/src/ATen/CPUType.cpp.o
[ 43%] Building CXX object caffe2/CMakeFiles/torch_cpu.dir/__/aten/src/ATen/Functions.cpp.o
[ 43%] Building CXX object caffe2/CMakeFiles/torch_cpu.dir/__/aten/src/ATen/LegacyTHFunctionsCPU.cpp.o
[ 43%] Building CXX object caffe2/CMakeFiles/torch_cpu.dir/__/aten/src/ATen/MkldnnCPUType.cpp.o
[ 43%] Building CXX object caffe2/CMakeFiles/torch_cpu.dir/__/aten/src/ATen/QuantizedCPUType.cpp.o
[ 43%] Building CXX object caffe2/CMakeFiles/torch_cpu.dir/__/aten/src/ATen/SparseCPUType.cpp.o
[ 43%] Building CXX object caffe2/CMakeFiles/torch_cpu.dir/__/aten/src/ATen/TypeDefault.cpp.o
[ 43%] Building CXX object caffe2/CMakeFiles/torch_cpu.dir/__/aten/src/ATen/core/ATenOpList.cpp.o
[ 43%] Building CXX object caffe2/CMakeFiles/torch_cpu.dir/__/aten/src/TH/THGeneral.cpp.o
[ 43%] Building CXX object caffe2/CMakeFiles/torch_cpu.dir/__/aten/src/ATen/core/TensorMethods.cpp.o
[ 43%] Building CXX object caffe2/CMakeFiles/torch_cpu.dir/__/aten/src/TH/THAllocator.cpp.o
[ 43%] Building CXX object caffe2/CMakeFiles/torch_cpu.dir/__/aten/src/TH/THStorageFunctions.cpp.o
[ 43%] Building CXX object caffe2/CMakeFiles/torch_cpu.dir/__/aten/src/TH/THTensor.cpp.o
[ 43%] Building CXX object caffe2/CMakeFiles/torch_cpu.dir/__/aten/src/TH/THTensorRandom.cpp.o
[ 43%] Building CXX object caffe2/CMakeFiles/torch_cpu.dir/__/aten/src/TH/THTensorMath.cpp.o
[ 44%] Building CXX object caffe2/CMakeFiles/torch_cpu.dir/__/aten/src/TH/THTensorMoreMath.cpp.o
[ 44%] Building CXX object caffe2/CMakeFiles/torch_cpu.dir/__/aten/src/TH/THTensorEvenMoreMath.cpp.o
[ 44%] Building CXX object caffe2/CMakeFiles/torch_cpu.dir/__/aten/src/TH/THTensorLapack.cpp.o
[ 44%] Building CXX object caffe2/CMakeFiles/torch_cpu.dir/__/aten/src/TH/THBlas.cpp.o
[ 44%] Building CXX object caffe2/CMakeFiles/torch_cpu.dir/__/aten/src/TH/THLapack.cpp.o
[ 44%] Building CXX object caffe2/CMakeFiles/torch_cpu.dir/__/aten/src/TH/THVector.cpp.o
[ 44%] Building CXX object caffe2/CMakeFiles/torch_cpu.dir/__/aten/src/ATen/quantized/QTensorImpl.cpp.o
[ 44%] Building CXX object caffe2/CMakeFiles/torch_cpu.dir/__/aten/src/ATen/quantized/Quantizer.cpp.o
[ 44%] Building CXX object caffe2/CMakeFiles/torch_cpu.dir/__/aten/src/ATen/native/quantized/cpu/kernels/QuantizedOpKernels.cpp.DEFAULT.cpp.o
[ 44%] Building CXX object caffe2/CMakeFiles/torch_cpu.dir/__/aten/src/ATen/native/cpu/layer_norm_kernel.cpp.DEFAULT.cpp.o
[ 44%] Building CXX object caffe2/CMakeFiles/torch_cpu.dir/__/aten/src/ATen/native/cpu/group_norm_kernel.cpp.DEFAULT.cpp.o
[ 44%] Building CXX object caffe2/CMakeFiles/torch_cpu.dir/__/aten/src/ATen/native/cpu/batch_norm_kernel.cpp.DEFAULT.cpp.o
[ 44%] Building CXX object caffe2/CMakeFiles/torch_cpu.dir/__/aten/src/ATen/native/cpu/UpSampleMoreKernel.cpp.DEFAULT.cpp.o
[ 44%] Building CXX object caffe2/CMakeFiles/torch_cpu.dir/__/aten/src/ATen/native/cpu/UpSampleKernel.cpp.DEFAULT.cpp.o
[ 44%] Building CXX object caffe2/CMakeFiles/torch_cpu.dir/__/aten/src/ATen/native/cpu/UnfoldBackwardKernel.cpp.DEFAULT.cpp.o
[ 44%] Building CXX object caffe2/CMakeFiles/torch_cpu.dir/__/aten/src/ATen/native/cpu/Unfold2d.cpp.DEFAULT.cpp.o
[ 44%] Building CXX object caffe2/CMakeFiles/torch_cpu.dir/__/aten/src/ATen/native/cpu/UnaryOpsKernel.cpp.DEFAULT.cpp.o
[ 44%] Building CXX object caffe2/CMakeFiles/torch_cpu.dir/__/aten/src/ATen/native/cpu/TensorCompareKernel.cpp.DEFAULT.cpp.o
[ 44%] Building CXX object caffe2/CMakeFiles/torch_cpu.dir/__/aten/src/ATen/native/cpu/SumKernel.cpp.DEFAULT.cpp.o
[ 44%] Building CXX object caffe2/CMakeFiles/torch_cpu.dir/__/aten/src/ATen/native/cpu/SortingKernel.cpp.DEFAULT.cpp.o
[ 44%] Building CXX object caffe2/CMakeFiles/torch_cpu.dir/__/aten/src/ATen/native/cpu/SoftMaxKernel.cpp.DEFAULT.cpp.o
[ 44%] Building CXX object caffe2/CMakeFiles/torch_cpu.dir/__/aten/src/ATen/native/cpu/ScatterGatherKernel.cpp.DEFAULT.cpp.o
[ 44%] Building CXX object caffe2/CMakeFiles/torch_cpu.dir/__/aten/src/ATen/native/cpu/ReduceOpsKernel.cpp.DEFAULT.cpp.o
[ 44%] Building CXX object caffe2/CMakeFiles/torch_cpu.dir/__/aten/src/ATen/native/cpu/ReduceAllOpsKernel.cpp.DEFAULT.cpp.o
[ 44%] Building CXX object caffe2/CMakeFiles/torch_cpu.dir/__/aten/src/ATen/native/cpu/RangeFactoriesKernel.cpp.DEFAULT.cpp.o
[ 44%] Building CXX object caffe2/CMakeFiles/torch_cpu.dir/__/aten/src/ATen/native/cpu/PowKernel.cpp.DEFAULT.cpp.o
[ 44%] Building CXX object caffe2/CMakeFiles/torch_cpu.dir/__/aten/src/ATen/native/cpu/PointwiseOpsKernel.cpp.DEFAULT.cpp.o
[ 44%] Building CXX object caffe2/CMakeFiles/torch_cpu.dir/__/aten/src/ATen/native/cpu/MultinomialKernel.cpp.DEFAULT.cpp.o
[ 44%] Building CXX object caffe2/CMakeFiles/torch_cpu.dir/__/aten/src/ATen/native/cpu/LerpKernel.cpp.DEFAULT.cpp.o
Compiling  all_reduce.cu                       > /castles/nr/projects/d/duanj-ai-in-medical-imaging/.share/download/t1/pytorch/build/nccl/obj/collectives/device/all_reduce_min_f16.o
[ 44%] Building CXX object caffe2/CMakeFiles/torch_cpu.dir/__/aten/src/ATen/native/cpu/IndexKernel.cpp.DEFAULT.cpp.o
Compiling  all_reduce.cu                       > /castles/nr/projects/d/duanj-ai-in-medical-imaging/.share/download/t1/pytorch/build/nccl/obj/collectives/device/all_reduce_min_f32.o
Compiling  all_reduce.cu                       > /castles/nr/projects/d/duanj-ai-in-medical-imaging/.share/download/t1/pytorch/build/nccl/obj/collectives/device/all_reduce_min_f64.o
Compiling  all_reduce.cu                       > /castles/nr/projects/d/duanj-ai-in-medical-imaging/.share/download/t1/pytorch/build/nccl/obj/collectives/device/all_reduce_max_i8.o
[ 44%] Building CXX object caffe2/CMakeFiles/torch_cpu.dir/__/aten/src/ATen/native/cpu/GridSamplerKernel.cpp.DEFAULT.cpp.o
Compiling  all_reduce.cu                       > /castles/nr/projects/d/duanj-ai-in-medical-imaging/.share/download/t1/pytorch/build/nccl/obj/collectives/device/all_reduce_max_u8.o
Compiling  all_reduce.cu                       > /castles/nr/projects/d/duanj-ai-in-medical-imaging/.share/download/t1/pytorch/build/nccl/obj/collectives/device/all_reduce_max_i32.o
[ 44%] Building CXX object caffe2/CMakeFiles/torch_cpu.dir/__/aten/src/ATen/native/cpu/FillKernel.cpp.DEFAULT.cpp.o
Compiling  all_reduce.cu                       > /castles/nr/projects/d/duanj-ai-in-medical-imaging/.share/download/t1/pytorch/build/nccl/obj/collectives/device/all_reduce_max_u32.o
[ 44%] Building CXX object caffe2/CMakeFiles/torch_cpu.dir/__/aten/src/ATen/native/cpu/DistanceOpsKernel.cpp.DEFAULT.cpp.o
[ 44%] Building CXX object caffe2/CMakeFiles/torch_cpu.dir/__/aten/src/ATen/native/cpu/DepthwiseConvKernel.cpp.DEFAULT.cpp.o
Compiling  all_reduce.cu                       > /castles/nr/projects/d/duanj-ai-in-medical-imaging/.share/download/t1/pytorch/build/nccl/obj/collectives/device/all_reduce_max_i64.o
Compiling  all_reduce.cu                       > /castles/nr/projects/d/duanj-ai-in-medical-imaging/.share/download/t1/pytorch/build/nccl/obj/collectives/device/all_reduce_max_u64.o
[ 45%] Building CXX object caffe2/CMakeFiles/torch_cpu.dir/__/aten/src/ATen/native/cpu/CrossKernel.cpp.DEFAULT.cpp.o
[ 45%] Building CXX object caffe2/CMakeFiles/torch_cpu.dir/__/aten/src/ATen/native/cpu/CopyKernel.cpp.DEFAULT.cpp.o
[ 45%] Building CXX object caffe2/CMakeFiles/torch_cpu.dir/__/aten/src/ATen/native/cpu/CatKernel.cpp.DEFAULT.cpp.o
[ 45%] Building CXX object caffe2/CMakeFiles/torch_cpu.dir/__/aten/src/ATen/native/cpu/BlasKernel.cpp.DEFAULT.cpp.o
Compiling  all_reduce.cu                       > /castles/nr/projects/d/duanj-ai-in-medical-imaging/.share/download/t1/pytorch/build/nccl/obj/collectives/device/all_reduce_max_f16.o
[ 45%] Building CXX object caffe2/CMakeFiles/torch_cpu.dir/__/aten/src/ATen/native/cpu/BinaryOpsKernel.cpp.DEFAULT.cpp.o
[ 45%] Building CXX object caffe2/CMakeFiles/torch_cpu.dir/__/aten/src/ATen/native/cpu/Activation.cpp.DEFAULT.cpp.o
[ 45%] Building CXX object caffe2/CMakeFiles/torch_cpu.dir/__/aten/src/ATen/native/vulkan/stub/VulkanAtenStub.cpp.o
[ 45%] Building CXX object caffe2/CMakeFiles/torch_cpu.dir/core/allocator.cc.o
[ 45%] Building CXX object caffe2/CMakeFiles/torch_cpu.dir/core/blob_serialization.cc.o
[ 45%] Building CXX object caffe2/CMakeFiles/torch_cpu.dir/core/blob_stats.cc.o
[ 45%] Building CXX object caffe2/CMakeFiles/torch_cpu.dir/core/common.cc.o
[ 45%] Building CXX object caffe2/CMakeFiles/torch_cpu.dir/core/context.cc.o
Compiling  all_reduce.cu                       > /castles/nr/projects/d/duanj-ai-in-medical-imaging/.share/download/t1/pytorch/build/nccl/obj/collectives/device/all_reduce_max_f32.o
[ 45%] Building CXX object caffe2/CMakeFiles/torch_cpu.dir/core/context_base.cc.o
[ 45%] Building CXX object caffe2/CMakeFiles/torch_cpu.dir/core/db.cc.o
[ 45%] Building CXX object caffe2/CMakeFiles/torch_cpu.dir/core/event.cc.o
[ 45%] Building CXX object caffe2/CMakeFiles/torch_cpu.dir/core/export_c10_op_to_caffe2.cc.o
[ 45%] Building CXX object caffe2/CMakeFiles/torch_cpu.dir/core/graph.cc.o
[ 45%] Building CXX object caffe2/CMakeFiles/torch_cpu.dir/core/init.cc.o
[ 45%] Building CXX object caffe2/CMakeFiles/torch_cpu.dir/core/init_denormals.cc.o
Compiling  all_reduce.cu                       > /castles/nr/projects/d/duanj-ai-in-medical-imaging/.share/download/t1/pytorch/build/nccl/obj/collectives/device/all_reduce_max_f64.o
[ 45%] Building CXX object caffe2/CMakeFiles/torch_cpu.dir/core/init_intrinsics_check.cc.o
[ 45%] Building CXX object caffe2/CMakeFiles/torch_cpu.dir/core/init_omp.cc.o
[ 45%] Building CXX object caffe2/CMakeFiles/torch_cpu.dir/core/int8_serialization.cc.o
[ 45%] Building CXX object caffe2/CMakeFiles/torch_cpu.dir/core/memonger.cc.o
[ 45%] Building CXX object caffe2/CMakeFiles/torch_cpu.dir/core/module.cc.o
[ 45%] Building CXX object caffe2/CMakeFiles/torch_cpu.dir/core/net.cc.o
[ 45%] Building CXX object caffe2/CMakeFiles/torch_cpu.dir/core/net_async_base.cc.o
[ 45%] Building CXX object caffe2/CMakeFiles/torch_cpu.dir/core/net_async_scheduling.cc.o
[ 45%] Building CXX object caffe2/CMakeFiles/torch_cpu.dir/core/net_async_task.cc.o
[ 45%] Building CXX object caffe2/CMakeFiles/torch_cpu.dir/core/net_async_task_future.cc.o
[ 45%] Building CXX object caffe2/CMakeFiles/torch_cpu.dir/core/net_async_task_graph.cc.o
[ 45%] Building CXX object caffe2/CMakeFiles/torch_cpu.dir/core/net_async_tracing.cc.o
[ 45%] Building CXX object caffe2/CMakeFiles/torch_cpu.dir/core/net_dag_utils.cc.o
[ 45%] Building CXX object caffe2/CMakeFiles/torch_cpu.dir/core/net_parallel.cc.o
Compiling  all_gather.cu                       > /castles/nr/projects/d/duanj-ai-in-medical-imaging/.share/download/t1/pytorch/build/nccl/obj/collectives/device/all_gather_sum_i8.o
[ 45%] Building CXX object caffe2/CMakeFiles/torch_cpu.dir/core/net_simple.cc.o
[ 45%] Building CXX object caffe2/CMakeFiles/torch_cpu.dir/core/net_simple_refcount.cc.o
[ 46%] Building CXX object caffe2/CMakeFiles/torch_cpu.dir/core/numa.cc.o
[ 46%] Building CXX object caffe2/CMakeFiles/torch_cpu.dir/core/operator.cc.o
[ 46%] Building CXX object caffe2/CMakeFiles/torch_cpu.dir/core/operator_schema.cc.o
[ 46%] Building CXX object caffe2/CMakeFiles/torch_cpu.dir/core/plan_executor.cc.o
[ 46%] Building CXX object caffe2/CMakeFiles/torch_cpu.dir/core/prof_dag_counters.cc.o
[ 46%] Building CXX object caffe2/CMakeFiles/torch_cpu.dir/core/qtensor.cc.o
[ 46%] Building CXX object caffe2/CMakeFiles/torch_cpu.dir/core/qtensor_serialization.cc.o
Compiling  all_gather.cu                       > /castles/nr/projects/d/duanj-ai-in-medical-imaging/.share/download/t1/pytorch/build/nccl/obj/collectives/device/all_gather_sum_u8.o
[ 46%] Building CXX object caffe2/CMakeFiles/torch_cpu.dir/core/stats.cc.o
[ 46%] Building CXX object caffe2/CMakeFiles/torch_cpu.dir/core/tensor.cc.o
[ 46%] Building CXX object caffe2/CMakeFiles/torch_cpu.dir/core/tensor_int8.cc.o
[ 46%] Building CXX object caffe2/CMakeFiles/torch_cpu.dir/core/test_utils.cc.o
[ 46%] Building CXX object caffe2/CMakeFiles/torch_cpu.dir/core/transform.cc.o
[ 46%] Building CXX object caffe2/CMakeFiles/torch_cpu.dir/core/types.cc.o
[ 46%] Building CXX object caffe2/CMakeFiles/torch_cpu.dir/core/workspace.cc.o
[ 46%] Building C object caffe2/CMakeFiles/torch_cpu.dir/__/third_party/miniz-2.0.8/miniz.c.o
[ 46%] Building CXX object caffe2/CMakeFiles/torch_cpu.dir/serialize/inline_container.cc.o
[ 46%] Building CXX object caffe2/CMakeFiles/torch_cpu.dir/serialize/istream_adapter.cc.o
[ 46%] Building CXX object caffe2/CMakeFiles/torch_cpu.dir/serialize/file_adapter.cc.o
[ 46%] Building CXX object caffe2/CMakeFiles/torch_cpu.dir/serialize/crc.cc.o
[ 46%] Building CXX object caffe2/CMakeFiles/torch_cpu.dir/serialize/read_adapter_interface.cc.o
Compiling  all_gather.cu                       > /castles/nr/projects/d/duanj-ai-in-medical-imaging/.share/download/t1/pytorch/build/nccl/obj/collectives/device/all_gather_sum_i32.o
[ 46%] Building CXX object caffe2/CMakeFiles/torch_cpu.dir/utils/bench_utils.cc.o
[ 46%] Building CXX object caffe2/CMakeFiles/torch_cpu.dir/utils/cpuid.cc.o
[ 46%] Building CXX object caffe2/CMakeFiles/torch_cpu.dir/utils/math/broadcast.cc.o
[ 46%] Building CXX object caffe2/CMakeFiles/torch_cpu.dir/utils/math/elementwise.cc.o
[ 46%] Building CXX object caffe2/CMakeFiles/torch_cpu.dir/utils/math/reduce.cc.o
[ 46%] Building CXX object caffe2/CMakeFiles/torch_cpu.dir/utils/math/transpose.cc.o
[ 46%] Building CXX object caffe2/CMakeFiles/torch_cpu.dir/utils/math/utils.cc.o
[ 46%] Building CXX object caffe2/CMakeFiles/torch_cpu.dir/utils/math_cpu.cc.o
[ 46%] Building CXX object caffe2/CMakeFiles/torch_cpu.dir/utils/murmur_hash3.cc.o
[ 46%] Building CXX object caffe2/CMakeFiles/torch_cpu.dir/utils/proto_convert.cc.o
[ 46%] Building CXX object caffe2/CMakeFiles/torch_cpu.dir/utils/proto_wrap.cc.o
[ 46%] Building CXX object caffe2/CMakeFiles/torch_cpu.dir/utils/proto_utils.cc.o
[ 46%] Building CXX object caffe2/CMakeFiles/torch_cpu.dir/utils/threadpool/ThreadPool.cc.o
[ 47%] Building CXX object caffe2/CMakeFiles/torch_cpu.dir/utils/smart_tensor_printer.cc.o
[ 47%] Building CXX object caffe2/CMakeFiles/torch_cpu.dir/utils/signal_handler.cc.o
[ 47%] Building CXX object caffe2/CMakeFiles/torch_cpu.dir/utils/string_utils.cc.o
[ 47%] Building CXX object caffe2/CMakeFiles/torch_cpu.dir/perfkernels/adagrad.cc.o
[ 47%] Building CXX object caffe2/CMakeFiles/torch_cpu.dir/perfkernels/embedding_lookup.cc.o
[ 47%] Building CXX object caffe2/CMakeFiles/torch_cpu.dir/perfkernels/embedding_lookup_idx.cc.o
[ 47%] Building CXX object caffe2/CMakeFiles/torch_cpu.dir/perfkernels/fused_8bit_rowwise_embedding_lookup.cc.o
[ 47%] Building CXX object caffe2/CMakeFiles/torch_cpu.dir/perfkernels/fused_8bit_rowwise_embedding_lookup_idx.cc.o
[ 47%] Building CXX object caffe2/CMakeFiles/torch_cpu.dir/perfkernels/fused_nbit_rowwise_conversion.cc.o
[ 47%] Building CXX object caffe2/CMakeFiles/torch_cpu.dir/perfkernels/lstm_unit_cpu_common.cc.o
[ 47%] Building CXX object caffe2/CMakeFiles/torch_cpu.dir/perfkernels/math_cpu_base.cc.o
Compiling  all_gather.cu                       > /castles/nr/projects/d/duanj-ai-in-medical-imaging/.share/download/t1/pytorch/build/nccl/obj/collectives/device/all_gather_sum_u32.o
[ 47%] Building CXX object caffe2/CMakeFiles/torch_cpu.dir/perfkernels/typed_axpy.cc.o
[ 47%] Building CXX object caffe2/CMakeFiles/torch_cpu.dir/contrib/aten/aten_op.cc.o
[ 47%] Building CXX object caffe2/CMakeFiles/torch_cpu.dir/contrib/gloo/allgather_ops.cc.o
[ 47%] Building CXX object caffe2/CMakeFiles/torch_cpu.dir/contrib/gloo/allreduce_ops.cc.o
[ 47%] Building CXX object caffe2/CMakeFiles/torch_cpu.dir/contrib/gloo/barrier_ops.cc.o
[ 47%] Building CXX object caffe2/CMakeFiles/torch_cpu.dir/contrib/gloo/broadcast_ops.cc.o
[ 47%] Building CXX object caffe2/CMakeFiles/torch_cpu.dir/contrib/gloo/common.cc.o
[ 47%] Building CXX object caffe2/CMakeFiles/torch_cpu.dir/contrib/gloo/common_world_ops.cc.o
[ 47%] Building CXX object caffe2/CMakeFiles/torch_cpu.dir/contrib/gloo/context.cc.o
[ 47%] Building CXX object caffe2/CMakeFiles/torch_cpu.dir/contrib/gloo/reduce_scatter_ops.cc.o
[ 47%] Building CXX object caffe2/CMakeFiles/torch_cpu.dir/contrib/gloo/store_handler.cc.o
[ 47%] Building CXX object caffe2/CMakeFiles/torch_cpu.dir/predictor/predictor.cc.o
[ 47%] Building CXX object caffe2/CMakeFiles/torch_cpu.dir/predictor/predictor_utils.cc.o
[ 47%] Building CXX object caffe2/CMakeFiles/torch_cpu.dir/predictor/predictor_config.cc.o
[ 47%] Building CXX object caffe2/CMakeFiles/torch_cpu.dir/predictor/emulator/data_filler.cc.o
[ 47%] Building CXX object caffe2/CMakeFiles/torch_cpu.dir/core/nomnigraph/Representations/NeuralNet.cc.o
[ 47%] Building CXX object caffe2/CMakeFiles/torch_cpu.dir/core/nomnigraph/tests/test_util.cc.o
[ 47%] Building CXX object caffe2/CMakeFiles/torch_cpu.dir/db/create_db_op.cc.o
[ 47%] Building CXX object caffe2/CMakeFiles/torch_cpu.dir/db/protodb.cc.o
[ 47%] Building CXX object caffe2/CMakeFiles/torch_cpu.dir/distributed/file_store_handler.cc.o
Compiling  all_gather.cu                       > /castles/nr/projects/d/duanj-ai-in-medical-imaging/.share/download/t1/pytorch/build/nccl/obj/collectives/device/all_gather_sum_i64.o
[ 47%] Building CXX object caffe2/CMakeFiles/torch_cpu.dir/distributed/file_store_handler_op.cc.o
[ 47%] Building CXX object caffe2/CMakeFiles/torch_cpu.dir/distributed/store_handler.cc.o
[ 47%] Building CXX object caffe2/CMakeFiles/torch_cpu.dir/distributed/store_ops.cc.o
[ 47%] Building CXX object caffe2/CMakeFiles/torch_cpu.dir/mpi/mpi_common.cc.o
[ 48%] Building CXX object caffe2/CMakeFiles/torch_cpu.dir/mpi/mpi_ops.cc.o
[ 48%] Building CXX object caffe2/CMakeFiles/torch_cpu.dir/observers/profile_observer.cc.o
[ 48%] Building CXX object caffe2/CMakeFiles/torch_cpu.dir/observers/time_observer.cc.o
[ 48%] Building CXX object caffe2/CMakeFiles/torch_cpu.dir/observers/runcnt_observer.cc.o
[ 48%] Building CXX object caffe2/CMakeFiles/torch_cpu.dir/onnx/backend.cc.o
[ 48%] Building CXX object caffe2/CMakeFiles/torch_cpu.dir/onnx/backend_rep.cc.o
[ 48%] Building CXX object caffe2/CMakeFiles/torch_cpu.dir/onnx/device.cc.o
[ 48%] Building CXX object caffe2/CMakeFiles/torch_cpu.dir/onnx/helper.cc.o
[ 48%] Building CXX object caffe2/CMakeFiles/torch_cpu.dir/onnx/offline_tensor.cc.o
[ 48%] Building CXX object caffe2/CMakeFiles/torch_cpu.dir/onnx/onnx_exporter.cc.o
[ 48%] Building CXX object caffe2/CMakeFiles/torch_cpu.dir/onnx/onnxifi_graph_info.cc.o
[ 48%] Building CXX object caffe2/CMakeFiles/torch_cpu.dir/onnx/onnxifi_init.cc.o
[ 48%] Building CXX object caffe2/CMakeFiles/torch_cpu.dir/operators/abs_op.cc.o
[ 48%] Building CXX object caffe2/CMakeFiles/torch_cpu.dir/operators/accumulate_op.cc.o
[ 48%] Building CXX object caffe2/CMakeFiles/torch_cpu.dir/operators/accuracy_op.cc.o
[ 48%] Building CXX object caffe2/CMakeFiles/torch_cpu.dir/operators/acos_op.cc.o
[ 48%] Building CXX object caffe2/CMakeFiles/torch_cpu.dir/operators/affine_channel_op.cc.o
[ 48%] Building CXX object caffe2/CMakeFiles/torch_cpu.dir/operators/alias_with_name.cc.o
[ 48%] Building CXX object caffe2/CMakeFiles/torch_cpu.dir/operators/apmeter_op.cc.o
[ 48%] Building CXX object caffe2/CMakeFiles/torch_cpu.dir/operators/arg_ops.cc.o
[ 48%] Building CXX object caffe2/CMakeFiles/torch_cpu.dir/operators/asin_op.cc.o
[ 48%] Building CXX object caffe2/CMakeFiles/torch_cpu.dir/operators/assert_op.cc.o
Compiling  all_gather.cu                       > /castles/nr/projects/d/duanj-ai-in-medical-imaging/.share/download/t1/pytorch/build/nccl/obj/collectives/device/all_gather_sum_u64.o
[ 48%] Building CXX object caffe2/CMakeFiles/torch_cpu.dir/operators/atan_op.cc.o
[ 48%] Building CXX object caffe2/CMakeFiles/torch_cpu.dir/operators/atomic_ops.cc.o
[ 48%] Building CXX object caffe2/CMakeFiles/torch_cpu.dir/operators/batch_box_cox_op.cc.o
[ 48%] Building CXX object caffe2/CMakeFiles/torch_cpu.dir/operators/batch_bucketize_op.cc.o
[ 48%] Building CXX object caffe2/CMakeFiles/torch_cpu.dir/operators/batch_gather_ops.cc.o
[ 48%] Building CXX object caffe2/CMakeFiles/torch_cpu.dir/operators/batch_matmul_op.cc.o
Compiling  all_gather.cu                       > /castles/nr/projects/d/duanj-ai-in-medical-imaging/.share/download/t1/pytorch/build/nccl/obj/collectives/device/all_gather_sum_f16.o
[ 48%] Building CXX object caffe2/CMakeFiles/torch_cpu.dir/operators/batch_moments_op.cc.o
[ 48%] Building CXX object caffe2/CMakeFiles/torch_cpu.dir/operators/batch_permutation_op.cc.o
[ 48%] Building CXX object caffe2/CMakeFiles/torch_cpu.dir/operators/batch_sparse_to_dense_op.cc.o
[ 48%] Building CXX object caffe2/CMakeFiles/torch_cpu.dir/operators/bbox_transform_op.cc.o
[ 48%] Building CXX object caffe2/CMakeFiles/torch_cpu.dir/operators/bisect_percentile_op.cc.o
[ 48%] Building CXX object caffe2/CMakeFiles/torch_cpu.dir/operators/boolean_mask_ops.cc.o
Compiling  all_gather.cu                       > /castles/nr/projects/d/duanj-ai-in-medical-imaging/.share/download/t1/pytorch/build/nccl/obj/collectives/device/all_gather_sum_f32.o
[ 49%] Building CXX object caffe2/CMakeFiles/torch_cpu.dir/operators/boolean_unmask_ops.cc.o
[ 49%] Building CXX object caffe2/CMakeFiles/torch_cpu.dir/operators/box_with_nms_limit_op.cc.o
[ 49%] Building CXX object caffe2/CMakeFiles/torch_cpu.dir/operators/bucketize_op.cc.o
Compiling  all_gather.cu                       > /castles/nr/projects/d/duanj-ai-in-medical-imaging/.share/download/t1/pytorch/build/nccl/obj/collectives/device/all_gather_sum_f64.o
Compiling  all_gather.cu                       > /castles/nr/projects/d/duanj-ai-in-medical-imaging/.share/download/t1/pytorch/build/nccl/obj/collectives/device/all_gather_prod_i8.o
[ 49%] Building CXX object caffe2/CMakeFiles/torch_cpu.dir/operators/byte_weight_dequant_op.cc.o
Compiling  all_gather.cu                       > /castles/nr/projects/d/duanj-ai-in-medical-imaging/.share/download/t1/pytorch/build/nccl/obj/collectives/device/all_gather_prod_u8.o
[ 49%] Building CXX object caffe2/CMakeFiles/torch_cpu.dir/operators/cast_op.cc.o
Compiling  all_gather.cu                       > /castles/nr/projects/d/duanj-ai-in-medical-imaging/.share/download/t1/pytorch/build/nccl/obj/collectives/device/all_gather_prod_i32.o
[ 49%] Building CXX object caffe2/CMakeFiles/torch_cpu.dir/operators/cbrt_op.cc.o
Compiling  all_gather.cu                       > /castles/nr/projects/d/duanj-ai-in-medical-imaging/.share/download/t1/pytorch/build/nccl/obj/collectives/device/all_gather_prod_u32.o
[ 49%] Building CXX object caffe2/CMakeFiles/torch_cpu.dir/operators/cc_bmm_bg_op.cc.o
Compiling  all_gather.cu                       > /castles/nr/projects/d/duanj-ai-in-medical-imaging/.share/download/t1/pytorch/build/nccl/obj/collectives/device/all_gather_prod_i64.o
Compiling  all_gather.cu                       > /castles/nr/projects/d/duanj-ai-in-medical-imaging/.share/download/t1/pytorch/build/nccl/obj/collectives/device/all_gather_prod_u64.o
Compiling  all_gather.cu                       > /castles/nr/projects/d/duanj-ai-in-medical-imaging/.share/download/t1/pytorch/build/nccl/obj/collectives/device/all_gather_prod_f16.o
Compiling  all_gather.cu                       > /castles/nr/projects/d/duanj-ai-in-medical-imaging/.share/download/t1/pytorch/build/nccl/obj/collectives/device/all_gather_prod_f32.o
Compiling  all_gather.cu                       > /castles/nr/projects/d/duanj-ai-in-medical-imaging/.share/download/t1/pytorch/build/nccl/obj/collectives/device/all_gather_prod_f64.o
[ 49%] Building CXX object caffe2/CMakeFiles/torch_cpu.dir/operators/ceil_op.cc.o
[ 49%] Building CXX object caffe2/CMakeFiles/torch_cpu.dir/operators/channel_backprop_stats_op.cc.o
Compiling  all_gather.cu                       > /castles/nr/projects/d/duanj-ai-in-medical-imaging/.share/download/t1/pytorch/build/nccl/obj/collectives/device/all_gather_min_i8.o
Compiling  all_gather.cu                       > /castles/nr/projects/d/duanj-ai-in-medical-imaging/.share/download/t1/pytorch/build/nccl/obj/collectives/device/all_gather_min_u8.o
[ 49%] Building CXX object caffe2/CMakeFiles/torch_cpu.dir/operators/channel_shuffle_op.cc.o
[ 49%] Building CXX object caffe2/CMakeFiles/torch_cpu.dir/operators/channel_stats_op.cc.o
Compiling  all_gather.cu                       > /castles/nr/projects/d/duanj-ai-in-medical-imaging/.share/download/t1/pytorch/build/nccl/obj/collectives/device/all_gather_min_i32.o
[ 49%] Building CXX object caffe2/CMakeFiles/torch_cpu.dir/operators/clip_op.cc.o
[ 49%] Building CXX object caffe2/CMakeFiles/torch_cpu.dir/operators/collect_and_distribute_fpn_rpn_proposals_op.cc.o
Compiling  all_gather.cu                       > /castles/nr/projects/d/duanj-ai-in-medical-imaging/.share/download/t1/pytorch/build/nccl/obj/collectives/device/all_gather_min_u32.o
[ 49%] Building CXX object caffe2/CMakeFiles/torch_cpu.dir/operators/communicator_op.cc.o
[ 49%] Building CXX object caffe2/CMakeFiles/torch_cpu.dir/operators/concat_split_op.cc.o
Compiling  all_gather.cu                       > /castles/nr/projects/d/duanj-ai-in-medical-imaging/.share/download/t1/pytorch/build/nccl/obj/collectives/device/all_gather_min_i64.o
[ 49%] Building CXX object caffe2/CMakeFiles/torch_cpu.dir/operators/conditional_op.cc.o
[ 49%] Building CXX object caffe2/CMakeFiles/torch_cpu.dir/operators/conv_gradient_op.cc.o
Compiling  all_gather.cu                       > /castles/nr/projects/d/duanj-ai-in-medical-imaging/.share/download/t1/pytorch/build/nccl/obj/collectives/device/all_gather_min_u64.o
Compiling  all_gather.cu                       > /castles/nr/projects/d/duanj-ai-in-medical-imaging/.share/download/t1/pytorch/build/nccl/obj/collectives/device/all_gather_min_f16.o
[ 49%] Building CXX object caffe2/CMakeFiles/torch_cpu.dir/operators/conv_op.cc.o
[ 49%] Building CXX object caffe2/CMakeFiles/torch_cpu.dir/operators/conv_op_eigen.cc.o
Compiling  all_gather.cu                       > /castles/nr/projects/d/duanj-ai-in-medical-imaging/.share/download/t1/pytorch/build/nccl/obj/collectives/device/all_gather_min_f32.o
[ 49%] Building CXX object caffe2/CMakeFiles/torch_cpu.dir/operators/conv_op_shared.cc.o
Compiling  all_gather.cu                       > /castles/nr/projects/d/duanj-ai-in-medical-imaging/.share/download/t1/pytorch/build/nccl/obj/collectives/device/all_gather_min_f64.o
[ 49%] Building CXX object caffe2/CMakeFiles/torch_cpu.dir/operators/conv_transpose_gradient_op.cc.o
[ 49%] Building CXX object caffe2/CMakeFiles/torch_cpu.dir/operators/conv_transpose_op.cc.o
Compiling  all_gather.cu                       > /castles/nr/projects/d/duanj-ai-in-medical-imaging/.share/download/t1/pytorch/build/nccl/obj/collectives/device/all_gather_max_i8.o
[ 49%] Building CXX object caffe2/CMakeFiles/torch_cpu.dir/operators/conv_transpose_op_mobile.cc.o
Compiling  all_gather.cu                       > /castles/nr/projects/d/duanj-ai-in-medical-imaging/.share/download/t1/pytorch/build/nccl/obj/collectives/device/all_gather_max_u8.o
[ 49%] Building CXX object caffe2/CMakeFiles/torch_cpu.dir/operators/copy_op.cc.o
[ 49%] Building CXX object caffe2/CMakeFiles/torch_cpu.dir/operators/copy_rows_to_tensor_op.cc.o
[ 49%] Building CXX object caffe2/CMakeFiles/torch_cpu.dir/operators/cos_op.cc.o
[ 49%] Building CXX object caffe2/CMakeFiles/torch_cpu.dir/operators/cosh_op.cc.o
Compiling  all_gather.cu                       > /castles/nr/projects/d/duanj-ai-in-medical-imaging/.share/download/t1/pytorch/build/nccl/obj/collectives/device/all_gather_max_i32.o
[ 49%] Building CXX object caffe2/CMakeFiles/torch_cpu.dir/operators/cosine_embedding_criterion_op.cc.o
[ 49%] Building CXX object caffe2/CMakeFiles/torch_cpu.dir/operators/counter_ops.cc.o
Compiling  all_gather.cu                       > /castles/nr/projects/d/duanj-ai-in-medical-imaging/.share/download/t1/pytorch/build/nccl/obj/collectives/device/all_gather_max_u32.o
[ 49%] Building CXX object caffe2/CMakeFiles/torch_cpu.dir/operators/crash_op.cc.o
Compiling  all_gather.cu                       > /castles/nr/projects/d/duanj-ai-in-medical-imaging/.share/download/t1/pytorch/build/nccl/obj/collectives/device/all_gather_max_i64.o
[ 49%] Building CXX object caffe2/CMakeFiles/torch_cpu.dir/operators/create_scope_op.cc.o
Compiling  all_gather.cu                       > /castles/nr/projects/d/duanj-ai-in-medical-imaging/.share/download/t1/pytorch/build/nccl/obj/collectives/device/all_gather_max_u64.o
[ 49%] Building CXX object caffe2/CMakeFiles/torch_cpu.dir/operators/crf_viterbi_op.cc.o
[ 49%] Building CXX object caffe2/CMakeFiles/torch_cpu.dir/operators/cross_entropy_op.cc.o
[ 49%] Building CXX object caffe2/CMakeFiles/torch_cpu.dir/operators/ctc_beam_search_decoder_op.cc.o
[ 50%] Building CXX object caffe2/CMakeFiles/torch_cpu.dir/operators/ctc_greedy_decoder_op.cc.o
[ 50%] Building CXX object caffe2/CMakeFiles/torch_cpu.dir/operators/cube_op.cc.o
Compiling  all_gather.cu                       > /castles/nr/projects/d/duanj-ai-in-medical-imaging/.share/download/t1/pytorch/build/nccl/obj/collectives/device/all_gather_max_f16.o
[ 50%] Building CXX object caffe2/CMakeFiles/torch_cpu.dir/operators/data_couple.cc.o
[ 50%] Building CXX object caffe2/CMakeFiles/torch_cpu.dir/operators/dataset_ops.cc.o
[ 50%] Building CXX object caffe2/CMakeFiles/torch_cpu.dir/operators/deform_conv_gradient_op.cc.o
[ 50%] Building CXX object caffe2/CMakeFiles/torch_cpu.dir/operators/deform_conv_op.cc.o
[ 50%] Building CXX object caffe2/CMakeFiles/torch_cpu.dir/operators/dense_vector_to_id_list_op.cc.o
Compiling  all_gather.cu                       > /castles/nr/projects/d/duanj-ai-in-medical-imaging/.share/download/t1/pytorch/build/nccl/obj/collectives/device/all_gather_max_f32.o
[ 50%] Building CXX object caffe2/CMakeFiles/torch_cpu.dir/operators/distance_op.cc.o
[ 50%] Building CXX object caffe2/CMakeFiles/torch_cpu.dir/operators/do_op.cc.o
[ 50%] Building CXX object caffe2/CMakeFiles/torch_cpu.dir/operators/dropout_op.cc.o
[ 50%] Building CXX object caffe2/CMakeFiles/torch_cpu.dir/operators/elementwise_add_gradient_op.cc.o
Compiling  all_gather.cu                       > /castles/nr/projects/d/duanj-ai-in-medical-imaging/.share/download/t1/pytorch/build/nccl/obj/collectives/device/all_gather_max_f64.o
[ 50%] Building CXX object caffe2/CMakeFiles/torch_cpu.dir/operators/elementwise_add_op.cc.o
[ 50%] Building CXX object caffe2/CMakeFiles/torch_cpu.dir/operators/elementwise_div_gradient_op.cc.o
[ 50%] Building CXX object caffe2/CMakeFiles/torch_cpu.dir/operators/elementwise_div_op.cc.o
Compiling  broadcast.cu                        > /castles/nr/projects/d/duanj-ai-in-medical-imaging/.share/download/t1/pytorch/build/nccl/obj/collectives/device/broadcast_sum_i8.o
[ 50%] Building CXX object caffe2/CMakeFiles/torch_cpu.dir/operators/elementwise_linear_op.cc.o
[ 50%] Building CXX object caffe2/CMakeFiles/torch_cpu.dir/operators/elementwise_logical_ops.cc.o
[ 50%] Building CXX object caffe2/CMakeFiles/torch_cpu.dir/operators/elementwise_mul_gradient_op.cc.o
Compiling  broadcast.cu                        > /castles/nr/projects/d/duanj-ai-in-medical-imaging/.share/download/t1/pytorch/build/nccl/obj/collectives/device/broadcast_sum_u8.o
[ 50%] Building CXX object caffe2/CMakeFiles/torch_cpu.dir/operators/elementwise_mul_op.cc.o
[ 50%] Building CXX object caffe2/CMakeFiles/torch_cpu.dir/operators/elementwise_ops.cc.o
Compiling  broadcast.cu                        > /castles/nr/projects/d/duanj-ai-in-medical-imaging/.share/download/t1/pytorch/build/nccl/obj/collectives/device/broadcast_sum_i32.o
Compiling  broadcast.cu                        > /castles/nr/projects/d/duanj-ai-in-medical-imaging/.share/download/t1/pytorch/build/nccl/obj/collectives/device/broadcast_sum_u32.o
[ 50%] Building CXX object caffe2/CMakeFiles/torch_cpu.dir/operators/elementwise_ops_schema.cc.o
Compiling  broadcast.cu                        > /castles/nr/projects/d/duanj-ai-in-medical-imaging/.share/download/t1/pytorch/build/nccl/obj/collectives/device/broadcast_sum_i64.o
[ 50%] Building CXX object caffe2/CMakeFiles/torch_cpu.dir/operators/elementwise_ops_utils.cc.o
[ 50%] Building CXX object caffe2/CMakeFiles/torch_cpu.dir/operators/elementwise_sub_gradient_op.cc.o
Compiling  broadcast.cu                        > /castles/nr/projects/d/duanj-ai-in-medical-imaging/.share/download/t1/pytorch/build/nccl/obj/collectives/device/broadcast_sum_u64.o
[ 50%] Building CXX object caffe2/CMakeFiles/torch_cpu.dir/operators/elementwise_sub_op.cc.o
[ 50%] Building CXX object caffe2/CMakeFiles/torch_cpu.dir/operators/elementwise_sum_op.cc.o
[ 50%] Building CXX object caffe2/CMakeFiles/torch_cpu.dir/operators/elu_op.cc.o
Compiling  broadcast.cu                        > /castles/nr/projects/d/duanj-ai-in-medical-imaging/.share/download/t1/pytorch/build/nccl/obj/collectives/device/broadcast_sum_f16.o
[ 50%] Building CXX object caffe2/CMakeFiles/torch_cpu.dir/operators/enforce_finite_op.cc.o
[ 50%] Building CXX object caffe2/CMakeFiles/torch_cpu.dir/operators/ensure_clipped_op.cc.o
[ 50%] Building CXX object caffe2/CMakeFiles/torch_cpu.dir/operators/ensure_cpu_output_op.cc.o
Compiling  broadcast.cu                        > /castles/nr/projects/d/duanj-ai-in-medical-imaging/.share/download/t1/pytorch/build/nccl/obj/collectives/device/broadcast_sum_f32.o
[ 50%] Building CXX object caffe2/CMakeFiles/torch_cpu.dir/operators/erf_op.cc.o
[ 50%] Building CXX object caffe2/CMakeFiles/torch_cpu.dir/operators/exp_op.cc.o
[ 50%] Building CXX object caffe2/CMakeFiles/torch_cpu.dir/operators/expand_op.cc.o
[ 50%] Building CXX object caffe2/CMakeFiles/torch_cpu.dir/operators/expand_squeeze_dims_op.cc.o
[ 50%] Building CXX object caffe2/CMakeFiles/torch_cpu.dir/operators/fc_inference.cc.o
[ 50%] Building CXX object caffe2/CMakeFiles/torch_cpu.dir/operators/feature_maps_ops.cc.o
/castles/nr/projects/d/duanj-ai-in-medical-imaging/.share/download/t1/pytorch/caffe2/utils/proto_utils.cc: In function ‘bool caffe2::ParseProtoFromLargeString(const string&, google::protobuf::Message*)’:
/castles/nr/projects/d/duanj-ai-in-medical-imaging/.share/download/t1/pytorch/caffe2/utils/proto_utils.cc:204:58: warning: ‘void google::protobuf::io::CodedInputStream::SetTotalBytesLimit(int, int)’ is deprecated: Please use the single parameter version of SetTotalBytesLimit(). The second parameter is ignored. [-Wdeprecated-declarations]
   coded_stream.SetTotalBytesLimit(2147483647, 512LL << 20);
                                                          ^
In file included from /castles/nr/projects/d/duanj-ai-in-medical-imaging/.share/download/t1/pytorch/third_party/protobuf/src/google/protobuf/message_lite.h:47,
                 from /castles/nr/projects/d/duanj-ai-in-medical-imaging/.share/download/t1/pytorch/third_party/protobuf/src/google/protobuf/generated_enum_util.h:36,
                 from /castles/nr/projects/d/duanj-ai-in-medical-imaging/.share/download/t1/pytorch/third_party/protobuf/src/google/protobuf/generated_enum_reflection.h:44,
                 from /castles/nr/projects/d/duanj-ai-in-medical-imaging/.share/download/t1/pytorch/third_party/protobuf/src/google/protobuf/generated_message_reflection.h:48,
                 from /castles/nr/projects/d/duanj-ai-in-medical-imaging/.share/download/t1/pytorch/third_party/protobuf/src/google/protobuf/message.h:122,
                 from /castles/nr/projects/d/duanj-ai-in-medical-imaging/.share/download/t1/pytorch/caffe2/utils/proto_utils.h:7,
                 from /castles/nr/projects/d/duanj-ai-in-medical-imaging/.share/download/t1/pytorch/caffe2/utils/proto_utils.cc:1:
/castles/nr/projects/d/duanj-ai-in-medical-imaging/.share/download/t1/pytorch/third_party/protobuf/src/google/protobuf/io/coded_stream.h:397:8: note: declared here
   void SetTotalBytesLimit(int total_bytes_limit, int) {
        ^~~~~~~~~~~~~~~~~~
/castles/nr/projects/d/duanj-ai-in-medical-imaging/.share/download/t1/pytorch/caffe2/utils/proto_utils.cc: In function ‘bool caffe2::ReadProtoFromBinaryFile(const char*, google::protobuf::MessageLite*)’:
/castles/nr/projects/d/duanj-ai-in-medical-imaging/.share/download/t1/pytorch/caffe2/utils/proto_utils.cc:241:56: warning: ‘void google::protobuf::io::CodedInputStream::SetTotalBytesLimit(int, int)’ is deprecated: Please use the single parameter version of SetTotalBytesLimit(). The second parameter is ignored. [-Wdeprecated-declarations]
   coded_input->SetTotalBytesLimit(2147483647, 536870912);
                                                        ^
In file included from /castles/nr/projects/d/duanj-ai-in-medical-imaging/.share/download/t1/pytorch/third_party/protobuf/src/google/protobuf/message_lite.h:47,
                 from /castles/nr/projects/d/duanj-ai-in-medical-imaging/.share/download/t1/pytorch/third_party/protobuf/src/google/protobuf/generated_enum_util.h:36,
                 from /castles/nr/projects/d/duanj-ai-in-medical-imaging/.share/download/t1/pytorch/third_party/protobuf/src/google/protobuf/generated_enum_reflection.h:44,
                 from /castles/nr/projects/d/duanj-ai-in-medical-imaging/.share/download/t1/pytorch/third_party/protobuf/src/google/protobuf/generated_message_reflection.h:48,
                 from /castles/nr/projects/d/duanj-ai-in-medical-imaging/.share/download/t1/pytorch/third_party/protobuf/src/google/protobuf/message.h:122,
                 from /castles/nr/projects/d/duanj-ai-in-medical-imaging/.share/download/t1/pytorch/caffe2/utils/proto_utils.h:7,
                 from /castles/nr/projects/d/duanj-ai-in-medical-imaging/.share/download/t1/pytorch/caffe2/utils/proto_utils.cc:1:
/castles/nr/projects/d/duanj-ai-in-medical-imaging/.share/download/t1/pytorch/third_party/protobuf/src/google/protobuf/io/coded_stream.h:397:8: note: declared here
   void SetTotalBytesLimit(int total_bytes_limit, int) {
        ^~~~~~~~~~~~~~~~~~
[ 51%] Building CXX object caffe2/CMakeFiles/torch_cpu.dir/operators/feed_blob_op.cc.o
[ 51%] Building CXX object caffe2/CMakeFiles/torch_cpu.dir/operators/filler_op.cc.o
Compiling  broadcast.cu                        > /castles/nr/projects/d/duanj-ai-in-medical-imaging/.share/download/t1/pytorch/build/nccl/obj/collectives/device/broadcast_sum_f64.o
[ 51%] Building CXX object caffe2/CMakeFiles/torch_cpu.dir/operators/find_duplicate_elements_op.cc.o
[ 51%] Building CXX object caffe2/CMakeFiles/torch_cpu.dir/operators/find_op.cc.o
[ 51%] Building CXX object caffe2/CMakeFiles/torch_cpu.dir/operators/flatten_op.cc.o
[ 51%] Building CXX object caffe2/CMakeFiles/torch_cpu.dir/operators/flexible_top_k.cc.o
[ 51%] Building CXX object caffe2/CMakeFiles/torch_cpu.dir/operators/floor_op.cc.o
[ 51%] Building CXX object caffe2/CMakeFiles/torch_cpu.dir/operators/free_op.cc.o
[ 51%] Building CXX object caffe2/CMakeFiles/torch_cpu.dir/operators/fully_connected_op.cc.o
[ 51%] Building CXX object caffe2/CMakeFiles/torch_cpu.dir/operators/fused_rowwise_8bit_conversion_ops.cc.o
[ 51%] Building CXX object caffe2/CMakeFiles/torch_cpu.dir/operators/fused_rowwise_nbit_conversion_ops.cc.o
[ 51%] Building CXX object caffe2/CMakeFiles/torch_cpu.dir/operators/fused_rowwise_nbitfake_conversion_ops.cc.o
[ 51%] Building CXX object caffe2/CMakeFiles/torch_cpu.dir/operators/fused_rowwise_random_quantization_ops.cc.o
[ 51%] Building CXX object caffe2/CMakeFiles/torch_cpu.dir/operators/gather_fused_8bit_rowwise_op.cc.o
Compiling  broadcast.cu                        > /castles/nr/projects/d/duanj-ai-in-medical-imaging/.share/download/t1/pytorch/build/nccl/obj/collectives/device/broadcast_prod_i8.o
[ 51%] Building CXX object caffe2/CMakeFiles/torch_cpu.dir/operators/gather_op.cc.o
[ 51%] Building CXX object caffe2/CMakeFiles/torch_cpu.dir/operators/gather_ranges_to_dense_op.cc.o
[ 51%] Building CXX object caffe2/CMakeFiles/torch_cpu.dir/operators/gelu_op.cc.o
[ 51%] Building CXX object caffe2/CMakeFiles/torch_cpu.dir/operators/generate_proposals_op.cc.o
[ 51%] Building CXX object caffe2/CMakeFiles/torch_cpu.dir/operators/given_tensor_byte_string_to_uint8_fill_op.cc.o
Compiling  broadcast.cu                        > /castles/nr/projects/d/duanj-ai-in-medical-imaging/.share/download/t1/pytorch/build/nccl/obj/collectives/device/broadcast_prod_u8.o
Compiling  broadcast.cu                        > /castles/nr/projects/d/duanj-ai-in-medical-imaging/.share/download/t1/pytorch/build/nccl/obj/collectives/device/broadcast_prod_i32.o
[ 51%] Building CXX object caffe2/CMakeFiles/torch_cpu.dir/operators/given_tensor_fill_op.cc.o
[ 51%] Building CXX object caffe2/CMakeFiles/torch_cpu.dir/operators/glu_op.cc.o
[ 51%] Building CXX object caffe2/CMakeFiles/torch_cpu.dir/operators/group_norm_op.cc.o
[ 51%] Building CXX object caffe2/CMakeFiles/torch_cpu.dir/operators/gru_unit_op.cc.o
[ 51%] Building CXX object caffe2/CMakeFiles/torch_cpu.dir/operators/h_softmax_op.cc.o
[ 51%] Building CXX object caffe2/CMakeFiles/torch_cpu.dir/operators/half_float_ops.cc.o
Compiling  broadcast.cu                        > /castles/nr/projects/d/duanj-ai-in-medical-imaging/.share/download/t1/pytorch/build/nccl/obj/collectives/device/broadcast_prod_u32.o
[ 51%] Building CXX object caffe2/CMakeFiles/torch_cpu.dir/operators/hard_sigmoid_op.cc.o
[ 51%] Building CXX object caffe2/CMakeFiles/torch_cpu.dir/operators/heatmap_max_keypoint_op.cc.o
[ 51%] Building CXX object caffe2/CMakeFiles/torch_cpu.dir/operators/histogram_op.cc.o
[ 51%] Building CXX object caffe2/CMakeFiles/torch_cpu.dir/operators/if_op.cc.o
[ 51%] Building CXX object caffe2/CMakeFiles/torch_cpu.dir/operators/im2col_op.cc.o
[ 51%] Building CXX object caffe2/CMakeFiles/torch_cpu.dir/operators/index_hash_ops.cc.o
[ 51%] Building CXX object caffe2/CMakeFiles/torch_cpu.dir/operators/index_ops.cc.o
[ 51%] Building CXX object caffe2/CMakeFiles/torch_cpu.dir/operators/inference_lstm_op.cc.o
Compiling  broadcast.cu                        > /castles/nr/projects/d/duanj-ai-in-medical-imaging/.share/download/t1/pytorch/build/nccl/obj/collectives/device/broadcast_prod_i64.o
[ 51%] Building CXX object caffe2/CMakeFiles/torch_cpu.dir/operators/instance_norm_gradient_op.cc.o
[ 52%] Building CXX object caffe2/CMakeFiles/torch_cpu.dir/operators/instance_norm_op.cc.o
[ 52%] Building CXX object caffe2/CMakeFiles/torch_cpu.dir/operators/integral_image_op.cc.o
[ 52%] Building CXX object caffe2/CMakeFiles/torch_cpu.dir/operators/is_empty_op.cc.o
[ 52%] Building CXX object caffe2/CMakeFiles/torch_cpu.dir/operators/jsd_op.cc.o
[ 52%] Building CXX object caffe2/CMakeFiles/torch_cpu.dir/operators/key_split_ops.cc.o
[ 52%] Building CXX object caffe2/CMakeFiles/torch_cpu.dir/operators/last_n_window_collector.cc.o
[ 52%] Building CXX object caffe2/CMakeFiles/torch_cpu.dir/operators/layer_norm_op.cc.o
[ 52%] Building CXX object caffe2/CMakeFiles/torch_cpu.dir/operators/leaky_relu_op.cc.o
[ 52%] Building CXX object caffe2/CMakeFiles/torch_cpu.dir/operators/length_split_op.cc.o
[ 52%] Building CXX object caffe2/CMakeFiles/torch_cpu.dir/operators/lengths_pad_op.cc.o
[ 52%] Building CXX object caffe2/CMakeFiles/torch_cpu.dir/operators/lengths_reducer_fused_8bit_rowwise_ops.cc.o
[ 52%] Building CXX object caffe2/CMakeFiles/torch_cpu.dir/operators/lengths_reducer_fused_nbit_rowwise_ops.cc.o
[ 52%] Building CXX object caffe2/CMakeFiles/torch_cpu.dir/operators/lengths_reducer_ops.cc.o
Compiling  broadcast.cu                        > /castles/nr/projects/d/duanj-ai-in-medical-imaging/.share/download/t1/pytorch/build/nccl/obj/collectives/device/broadcast_prod_u64.o
[ 52%] Building CXX object caffe2/CMakeFiles/torch_cpu.dir/operators/lengths_reducer_rowwise_8bit_ops.cc.o
[ 52%] Building CXX object caffe2/CMakeFiles/torch_cpu.dir/operators/lengths_tile_op.cc.o
[ 52%] Building CXX object caffe2/CMakeFiles/torch_cpu.dir/operators/lengths_top_k_op.cc.o
[ 52%] Building CXX object caffe2/CMakeFiles/torch_cpu.dir/operators/listwise_l2r_op.cc.o
[ 52%] Building CXX object caffe2/CMakeFiles/torch_cpu.dir/operators/load_save_op.cc.o
[ 52%] Building CXX object caffe2/CMakeFiles/torch_cpu.dir/operators/load_save_op_util.cc.o
[ 52%] Building CXX object caffe2/CMakeFiles/torch_cpu.dir/operators/local_response_normalization_op.cc.o
[ 52%] Building CXX object caffe2/CMakeFiles/torch_cpu.dir/operators/locally_connected_op.cc.o
[ 52%] Building CXX object caffe2/CMakeFiles/torch_cpu.dir/operators/locally_connected_op_util.cc.o
Compiling  broadcast.cu                        > /castles/nr/projects/d/duanj-ai-in-medical-imaging/.share/download/t1/pytorch/build/nccl/obj/collectives/device/broadcast_prod_f16.o
[ 52%] Building CXX object caffe2/CMakeFiles/torch_cpu.dir/operators/log_op.cc.o
[ 52%] Building CXX object caffe2/CMakeFiles/torch_cpu.dir/operators/logit_op.cc.o
[ 52%] Building CXX object caffe2/CMakeFiles/torch_cpu.dir/operators/loss_op.cc.o
[ 52%] Building CXX object caffe2/CMakeFiles/torch_cpu.dir/operators/lp_pool_op.cc.o
[ 52%] Building CXX object caffe2/CMakeFiles/torch_cpu.dir/operators/lpnorm_op.cc.o
[ 52%] Building CXX object caffe2/CMakeFiles/torch_cpu.dir/operators/lstm_unit_op.cc.o
[ 52%] Building CXX object caffe2/CMakeFiles/torch_cpu.dir/operators/map_ops.cc.o
Compiling  broadcast.cu                        > /castles/nr/projects/d/duanj-ai-in-medical-imaging/.share/download/t1/pytorch/build/nccl/obj/collectives/device/broadcast_prod_f32.o
[ 52%] Building CXX object caffe2/CMakeFiles/torch_cpu.dir/operators/margin_ranking_criterion_op.cc.o
[ 52%] Building CXX object caffe2/CMakeFiles/torch_cpu.dir/operators/matmul_op.cc.o
[ 52%] Building CXX object caffe2/CMakeFiles/torch_cpu.dir/operators/mean_op.cc.o
[ 52%] Building CXX object caffe2/CMakeFiles/torch_cpu.dir/operators/merge_id_lists_op.cc.o
[ 52%] Building CXX object caffe2/CMakeFiles/torch_cpu.dir/operators/minmax_gradient_ops.cc.o
[ 52%] Building CXX object caffe2/CMakeFiles/torch_cpu.dir/operators/minmax_ops.cc.o
[ 53%] Building CXX object caffe2/CMakeFiles/torch_cpu.dir/operators/mish_op.cc.o
Compiling  broadcast.cu                        > /castles/nr/projects/d/duanj-ai-in-medical-imaging/.share/download/t1/pytorch/build/nccl/obj/collectives/device/broadcast_prod_f64.o
[ 53%] Building CXX object caffe2/CMakeFiles/torch_cpu.dir/operators/mod_op.cc.o
[ 53%] Building CXX object caffe2/CMakeFiles/torch_cpu.dir/operators/moments_op.cc.o
[ 53%] Building CXX object caffe2/CMakeFiles/torch_cpu.dir/operators/multi_class_accuracy_op.cc.o
[ 53%] Building CXX object caffe2/CMakeFiles/torch_cpu.dir/operators/negate_gradient_op.cc.o
[ 53%] Building CXX object caffe2/CMakeFiles/torch_cpu.dir/operators/negative_op.cc.o
Compiling  broadcast.cu                        > /castles/nr/projects/d/duanj-ai-in-medical-imaging/.share/download/t1/pytorch/build/nccl/obj/collectives/device/broadcast_min_i8.o
Compiling  broadcast.cu                        > /castles/nr/projects/d/duanj-ai-in-medical-imaging/.share/download/t1/pytorch/build/nccl/obj/collectives/device/broadcast_min_u8.o
[ 53%] Building CXX object caffe2/CMakeFiles/torch_cpu.dir/operators/ngram_ops.cc.o
[ 53%] Building CXX object caffe2/CMakeFiles/torch_cpu.dir/operators/norm_planar_yuv_op.cc.o
Compiling  broadcast.cu                        > /castles/nr/projects/d/duanj-ai-in-medical-imaging/.share/download/t1/pytorch/build/nccl/obj/collectives/device/broadcast_min_i32.o
[ 53%] Building CXX object caffe2/CMakeFiles/torch_cpu.dir/operators/normalize_l1_op.cc.o
[ 53%] Building CXX object caffe2/CMakeFiles/torch_cpu.dir/operators/normalize_op.cc.o
Compiling  broadcast.cu                        > /castles/nr/projects/d/duanj-ai-in-medical-imaging/.share/download/t1/pytorch/build/nccl/obj/collectives/device/broadcast_min_u32.o
[ 53%] Building CXX object caffe2/CMakeFiles/torch_cpu.dir/operators/numpy_tile_op.cc.o
Compiling  broadcast.cu                        > /castles/nr/projects/d/duanj-ai-in-medical-imaging/.share/download/t1/pytorch/build/nccl/obj/collectives/device/broadcast_min_i64.o
[ 53%] Building CXX object caffe2/CMakeFiles/torch_cpu.dir/operators/one_hot_ops.cc.o
Compiling  broadcast.cu                        > /castles/nr/projects/d/duanj-ai-in-medical-imaging/.share/download/t1/pytorch/build/nccl/obj/collectives/device/broadcast_min_u64.o
Compiling  broadcast.cu                        > /castles/nr/projects/d/duanj-ai-in-medical-imaging/.share/download/t1/pytorch/build/nccl/obj/collectives/device/broadcast_min_f16.o
[ 53%] Building CXX object caffe2/CMakeFiles/torch_cpu.dir/operators/onnx_while_op.cc.o
Compiling  broadcast.cu                        > /castles/nr/projects/d/duanj-ai-in-medical-imaging/.share/download/t1/pytorch/build/nccl/obj/collectives/device/broadcast_min_f32.o
[ 53%] Building CXX object caffe2/CMakeFiles/torch_cpu.dir/operators/order_switch_ops.cc.o
Compiling  broadcast.cu                        > /castles/nr/projects/d/duanj-ai-in-medical-imaging/.share/download/t1/pytorch/build/nccl/obj/collectives/device/broadcast_min_f64.o
[ 53%] Building CXX object caffe2/CMakeFiles/torch_cpu.dir/operators/pack_rnn_sequence_op.cc.o
Compiling  broadcast.cu                        > /castles/nr/projects/d/duanj-ai-in-medical-imaging/.share/download/t1/pytorch/build/nccl/obj/collectives/device/broadcast_max_i8.o
[ 53%] Building CXX object caffe2/CMakeFiles/torch_cpu.dir/operators/pack_segments.cc.o
Compiling  broadcast.cu                        > /castles/nr/projects/d/duanj-ai-in-medical-imaging/.share/download/t1/pytorch/build/nccl/obj/collectives/device/broadcast_max_u8.o
Compiling  broadcast.cu                        > /castles/nr/projects/d/duanj-ai-in-medical-imaging/.share/download/t1/pytorch/build/nccl/obj/collectives/device/broadcast_max_i32.o
Compiling  broadcast.cu                        > /castles/nr/projects/d/duanj-ai-in-medical-imaging/.share/download/t1/pytorch/build/nccl/obj/collectives/device/broadcast_max_u32.o
[ 53%] Building CXX object caffe2/CMakeFiles/torch_cpu.dir/operators/pad_op.cc.o
[ 53%] Building CXX object caffe2/CMakeFiles/torch_cpu.dir/operators/partition_ops.cc.o
[ 53%] Building CXX object caffe2/CMakeFiles/torch_cpu.dir/operators/percentile_op.cc.o
[ 53%] Building CXX object caffe2/CMakeFiles/torch_cpu.dir/operators/perplexity_op.cc.o
Compiling  broadcast.cu                        > /castles/nr/projects/d/duanj-ai-in-medical-imaging/.share/download/t1/pytorch/build/nccl/obj/collectives/device/broadcast_max_i64.o
Compiling  broadcast.cu                        > /castles/nr/projects/d/duanj-ai-in-medical-imaging/.share/download/t1/pytorch/build/nccl/obj/collectives/device/broadcast_max_u64.o
[ 53%] Building CXX object caffe2/CMakeFiles/torch_cpu.dir/operators/piecewise_linear_transform_op.cc.o
[ 53%] Building CXX object caffe2/CMakeFiles/torch_cpu.dir/operators/pool_gradient_op.cc.o
[ 53%] Building CXX object caffe2/CMakeFiles/torch_cpu.dir/operators/pool_op.cc.o
Compiling  broadcast.cu                        > /castles/nr/projects/d/duanj-ai-in-medical-imaging/.share/download/t1/pytorch/build/nccl/obj/collectives/device/broadcast_max_f16.o
Compiling  broadcast.cu                        > /castles/nr/projects/d/duanj-ai-in-medical-imaging/.share/download/t1/pytorch/build/nccl/obj/collectives/device/broadcast_max_f32.o
[ 53%] Building CXX object caffe2/CMakeFiles/torch_cpu.dir/operators/pool_op_util.cc.o
Compiling  broadcast.cu                        > /castles/nr/projects/d/duanj-ai-in-medical-imaging/.share/download/t1/pytorch/build/nccl/obj/collectives/device/broadcast_max_f64.o
[ 53%] Building CXX object caffe2/CMakeFiles/torch_cpu.dir/operators/pow_op.cc.o
[ 53%] Building CXX object caffe2/CMakeFiles/torch_cpu.dir/operators/prelu_op.cc.o
[ 53%] Building CXX object caffe2/CMakeFiles/torch_cpu.dir/operators/prepend_dim_op.cc.o
Compiling  reduce.cu                           > /castles/nr/projects/d/duanj-ai-in-medical-imaging/.share/download/t1/pytorch/build/nccl/obj/collectives/device/reduce_sum_i8.o
[ 53%] Building CXX object caffe2/CMakeFiles/torch_cpu.dir/operators/quant_decode_op.cc.o
[ 53%] Building CXX object caffe2/CMakeFiles/torch_cpu.dir/operators/quantile_op.cc.o
Compiling  reduce.cu                           > /castles/nr/projects/d/duanj-ai-in-medical-imaging/.share/download/t1/pytorch/build/nccl/obj/collectives/device/reduce_sum_u8.o
[ 53%] Building CXX object caffe2/CMakeFiles/torch_cpu.dir/operators/rank_loss_op.cc.o
[ 53%] Building CXX object caffe2/CMakeFiles/torch_cpu.dir/operators/reciprocal_gradient_op.cc.o
Compiling  reduce.cu                           > /castles/nr/projects/d/duanj-ai-in-medical-imaging/.share/download/t1/pytorch/build/nccl/obj/collectives/device/reduce_sum_i32.o
[ 53%] Building CXX object caffe2/CMakeFiles/torch_cpu.dir/operators/reciprocal_op.cc.o
Compiling  reduce.cu                           > /castles/nr/projects/d/duanj-ai-in-medical-imaging/.share/download/t1/pytorch/build/nccl/obj/collectives/device/reduce_sum_u32.o
[ 53%] Building CXX object caffe2/CMakeFiles/torch_cpu.dir/operators/reduce_front_back_max_ops.cc.o
[ 53%] Building CXX object caffe2/CMakeFiles/torch_cpu.dir/operators/reduce_front_back_mean_ops.cc.o
[ 54%] Building CXX object caffe2/CMakeFiles/torch_cpu.dir/operators/reduce_front_back_sum_ops.cc.o
Compiling  reduce.cu                           > /castles/nr/projects/d/duanj-ai-in-medical-imaging/.share/download/t1/pytorch/build/nccl/obj/collectives/device/reduce_sum_i64.o
[ 54%] Building CXX object caffe2/CMakeFiles/torch_cpu.dir/operators/reduce_ops.cc.o
[ 54%] Building CXX object caffe2/CMakeFiles/torch_cpu.dir/operators/reduction_ops.cc.o
[ 54%] Building CXX object caffe2/CMakeFiles/torch_cpu.dir/operators/relu_n_op.cc.o
[ 54%] Building CXX object caffe2/CMakeFiles/torch_cpu.dir/operators/relu_op.cc.o
[ 54%] Building CXX object caffe2/CMakeFiles/torch_cpu.dir/operators/remove_data_blocks_op.cc.o
[ 54%] Building CXX object caffe2/CMakeFiles/torch_cpu.dir/operators/replace_nan_op.cc.o
[ 54%] Building CXX object caffe2/CMakeFiles/torch_cpu.dir/operators/reservoir_sampling.cc.o
[ 54%] Building CXX object caffe2/CMakeFiles/torch_cpu.dir/operators/reshape_op.cc.o
[ 54%] Building CXX object caffe2/CMakeFiles/torch_cpu.dir/operators/resize_3d_op.cc.o
Compiling  reduce.cu                           > /castles/nr/projects/d/duanj-ai-in-medical-imaging/.share/download/t1/pytorch/build/nccl/obj/collectives/device/reduce_sum_u64.o
[ 54%] Building CXX object caffe2/CMakeFiles/torch_cpu.dir/operators/resize_op.cc.o
[ 54%] Building CXX object caffe2/CMakeFiles/torch_cpu.dir/operators/reverse_packed_segs_op.cc.o
Compiling  reduce.cu                           > /castles/nr/projects/d/duanj-ai-in-medical-imaging/.share/download/t1/pytorch/build/nccl/obj/collectives/device/reduce_sum_f16.o
[ 54%] Building CXX object caffe2/CMakeFiles/torch_cpu.dir/operators/rmac_regions_op.cc.o
[ 54%] Building CXX object caffe2/CMakeFiles/torch_cpu.dir/operators/roi_align_gradient_op.cc.o
[ 54%] Building CXX object caffe2/CMakeFiles/torch_cpu.dir/operators/roi_align_op.cc.o
Compiling  reduce.cu                           > /castles/nr/projects/d/duanj-ai-in-medical-imaging/.share/download/t1/pytorch/build/nccl/obj/collectives/device/reduce_sum_f32.o
[ 54%] Building CXX object caffe2/CMakeFiles/torch_cpu.dir/operators/roi_align_rotated_gradient_op.cc.o
Compiling  reduce.cu                           > /castles/nr/projects/d/duanj-ai-in-medical-imaging/.share/download/t1/pytorch/build/nccl/obj/collectives/device/reduce_sum_f64.o
[ 54%] Building CXX object caffe2/CMakeFiles/torch_cpu.dir/operators/roi_align_rotated_op.cc.o
[ 54%] Building CXX object caffe2/CMakeFiles/torch_cpu.dir/operators/roi_pool_op.cc.o
[ 54%] Building CXX object caffe2/CMakeFiles/torch_cpu.dir/operators/rowmul_op.cc.o
Compiling  reduce.cu                           > /castles/nr/projects/d/duanj-ai-in-medical-imaging/.share/download/t1/pytorch/build/nccl/obj/collectives/device/reduce_prod_i8.o
[ 54%] Building CXX object caffe2/CMakeFiles/torch_cpu.dir/operators/rsqrt_op.cc.o
[ 54%] Building CXX object caffe2/CMakeFiles/torch_cpu.dir/operators/scale_blobs_op.cc.o
Compiling  reduce.cu                           > /castles/nr/projects/d/duanj-ai-in-medical-imaging/.share/download/t1/pytorch/build/nccl/obj/collectives/device/reduce_prod_u8.o
[ 54%] Building CXX object caffe2/CMakeFiles/torch_cpu.dir/operators/scale_op.cc.o
[ 54%] Building CXX object caffe2/CMakeFiles/torch_cpu.dir/operators/segment_reduction_op.cc.o
Compiling  reduce.cu                           > /castles/nr/projects/d/duanj-ai-in-medical-imaging/.share/download/t1/pytorch/build/nccl/obj/collectives/device/reduce_prod_i32.o
[ 54%] Building CXX object caffe2/CMakeFiles/torch_cpu.dir/operators/self_binning_histogram_op.cc.o
[ 54%] Building CXX object caffe2/CMakeFiles/torch_cpu.dir/operators/selu_op.cc.o
[ 54%] Building CXX object caffe2/CMakeFiles/torch_cpu.dir/operators/sequence_ops.cc.o
Compiling  reduce.cu                           > /castles/nr/projects/d/duanj-ai-in-medical-imaging/.share/download/t1/pytorch/build/nccl/obj/collectives/device/reduce_prod_u32.o
[ 54%] Building CXX object caffe2/CMakeFiles/torch_cpu.dir/operators/shape_op.cc.o
[ 54%] Building CXX object caffe2/CMakeFiles/torch_cpu.dir/operators/sigmoid_gradient_op.cc.o
[ 54%] Building CXX object caffe2/CMakeFiles/torch_cpu.dir/operators/sigmoid_op.cc.o
Compiling  reduce.cu                           > /castles/nr/projects/d/duanj-ai-in-medical-imaging/.share/download/t1/pytorch/build/nccl/obj/collectives/device/reduce_prod_i64.o
[ 54%] Building CXX object caffe2/CMakeFiles/torch_cpu.dir/operators/sin_op.cc.o
[ 54%] Building CXX object caffe2/CMakeFiles/torch_cpu.dir/operators/sinh_op.cc.o
[ 54%] Building CXX object caffe2/CMakeFiles/torch_cpu.dir/operators/sinusoid_position_encoding_op.cc.o
[ 54%] Building CXX object caffe2/CMakeFiles/torch_cpu.dir/operators/slice_op.cc.o
Compiling  reduce.cu                           > /castles/nr/projects/d/duanj-ai-in-medical-imaging/.share/download/t1/pytorch/build/nccl/obj/collectives/device/reduce_prod_u64.o
[ 54%] Building CXX object caffe2/CMakeFiles/torch_cpu.dir/operators/softmax_op.cc.o
[ 55%] Building CXX object caffe2/CMakeFiles/torch_cpu.dir/operators/softmax_utils.cc.o
[ 55%] Building CXX object caffe2/CMakeFiles/torch_cpu.dir/operators/softmax_with_loss_op.cc.o
[ 55%] Building CXX object caffe2/CMakeFiles/torch_cpu.dir/operators/softplus_op.cc.o
[ 55%] Building CXX object caffe2/CMakeFiles/torch_cpu.dir/operators/softsign_op.cc.o
[ 55%] Building CXX object caffe2/CMakeFiles/torch_cpu.dir/operators/space_batch_op.cc.o
[ 55%] Building CXX object caffe2/CMakeFiles/torch_cpu.dir/operators/sparse_dropout_with_replacement_op.cc.o
[ 55%] Building CXX object caffe2/CMakeFiles/torch_cpu.dir/operators/sparse_lp_regularizer_op.cc.o
[ 55%] Building CXX object caffe2/CMakeFiles/torch_cpu.dir/operators/sparse_normalize_op.cc.o
Compiling  reduce.cu                           > /castles/nr/projects/d/duanj-ai-in-medical-imaging/.share/download/t1/pytorch/build/nccl/obj/collectives/device/reduce_prod_f16.o
[ 55%] Building CXX object caffe2/CMakeFiles/torch_cpu.dir/operators/sparse_to_dense_mask_op.cc.o
[ 55%] Building CXX object caffe2/CMakeFiles/torch_cpu.dir/operators/sparse_to_dense_op.cc.o
[ 55%] Building CXX object caffe2/CMakeFiles/torch_cpu.dir/operators/spatial_batch_norm_gradient_op.cc.o
[ 55%] Building CXX object caffe2/CMakeFiles/torch_cpu.dir/operators/spatial_batch_norm_op.cc.o
[ 55%] Building CXX object caffe2/CMakeFiles/torch_cpu.dir/operators/spatial_softmax_with_loss_op.cc.o
[ 55%] Building CXX object caffe2/CMakeFiles/torch_cpu.dir/operators/sqr_op.cc.o
[ 55%] Building CXX object caffe2/CMakeFiles/torch_cpu.dir/operators/sqrt_op.cc.o
[ 55%] Building CXX object caffe2/CMakeFiles/torch_cpu.dir/operators/square_root_divide_op.cc.o
[ 55%] Building CXX object caffe2/CMakeFiles/torch_cpu.dir/operators/stats_ops.cc.o
Compiling  reduce.cu                           > /castles/nr/projects/d/duanj-ai-in-medical-imaging/.share/download/t1/pytorch/build/nccl/obj/collectives/device/reduce_prod_f32.o
[ 55%] Building CXX object caffe2/CMakeFiles/torch_cpu.dir/operators/stats_put_ops.cc.o
[ 55%] Building CXX object caffe2/CMakeFiles/torch_cpu.dir/operators/stop_gradient.cc.o
[ 55%] Building CXX object caffe2/CMakeFiles/torch_cpu.dir/operators/string_ops.cc.o
[ 55%] Building CXX object caffe2/CMakeFiles/torch_cpu.dir/operators/stump_func_op.cc.o
Compiling  reduce.cu                           > /castles/nr/projects/d/duanj-ai-in-medical-imaging/.share/download/t1/pytorch/build/nccl/obj/collectives/device/reduce_prod_f64.o
[ 55%] Building CXX object caffe2/CMakeFiles/torch_cpu.dir/operators/stylizer_ops.cc.o
[ 55%] Building CXX object caffe2/CMakeFiles/torch_cpu.dir/operators/summarize_op.cc.o
[ 55%] Building CXX object caffe2/CMakeFiles/torch_cpu.dir/operators/swish_op.cc.o
[ 55%] Building CXX object caffe2/CMakeFiles/torch_cpu.dir/operators/tan_op.cc.o
[ 55%] Building CXX object caffe2/CMakeFiles/torch_cpu.dir/operators/tanh_gradient_op.cc.o
[ 55%] Building CXX object caffe2/CMakeFiles/torch_cpu.dir/operators/tanh_op.cc.o
[ 55%] Building CXX object caffe2/CMakeFiles/torch_cpu.dir/operators/tensor_protos_db_input.cc.o
[ 55%] Building CXX object caffe2/CMakeFiles/torch_cpu.dir/operators/text_file_reader.cc.o
[ 55%] Building CXX object caffe2/CMakeFiles/torch_cpu.dir/operators/text_file_reader_utils.cc.o
[ 55%] Building CXX object caffe2/CMakeFiles/torch_cpu.dir/operators/thresholded_relu_op.cc.o
[ 55%] Building CXX object caffe2/CMakeFiles/torch_cpu.dir/operators/tile_op.cc.o
[ 55%] Building CXX object caffe2/CMakeFiles/torch_cpu.dir/operators/top_k.cc.o
[ 55%] Building CXX object caffe2/CMakeFiles/torch_cpu.dir/operators/transpose_op.cc.o
Compiling  reduce.cu                           > /castles/nr/projects/d/duanj-ai-in-medical-imaging/.share/download/t1/pytorch/build/nccl/obj/collectives/device/reduce_min_i8.o
[ 56%] Building CXX object caffe2/CMakeFiles/torch_cpu.dir/operators/tt_linear_op.cc.o
[ 56%] Building CXX object caffe2/CMakeFiles/torch_cpu.dir/operators/unique_ops.cc.o
[ 56%] Building CXX object caffe2/CMakeFiles/torch_cpu.dir/operators/upsample_op.cc.o
[ 56%] Building CXX object caffe2/CMakeFiles/torch_cpu.dir/operators/utility_ops.cc.o
[ 56%] Building CXX object caffe2/CMakeFiles/torch_cpu.dir/operators/variable_length_sequence_padding.cc.o
[ 56%] Building CXX object caffe2/CMakeFiles/torch_cpu.dir/operators/weighted_multi_sampling_op.cc.o
[ 56%] Building CXX object caffe2/CMakeFiles/torch_cpu.dir/operators/weighted_sample_op.cc.o
[ 56%] Building CXX object caffe2/CMakeFiles/torch_cpu.dir/operators/while_op.cc.o
Compiling  reduce.cu                           > /castles/nr/projects/d/duanj-ai-in-medical-imaging/.share/download/t1/pytorch/build/nccl/obj/collectives/device/reduce_min_u8.o
[ 56%] Building CXX object caffe2/CMakeFiles/torch_cpu.dir/operators/workspace_ops.cc.o
[ 56%] Building CXX object caffe2/CMakeFiles/torch_cpu.dir/operators/zero_gradient_op.cc.o
[ 56%] Building CXX object caffe2/CMakeFiles/torch_cpu.dir/operators/rnn/recurrent_network_blob_fetcher_op.cc.o
[ 56%] Building CXX object caffe2/CMakeFiles/torch_cpu.dir/operators/rnn/recurrent_network_executor.cc.o
[ 56%] Building CXX object caffe2/CMakeFiles/torch_cpu.dir/operators/rnn/recurrent_network_op.cc.o
[ 56%] Building CXX object caffe2/CMakeFiles/torch_cpu.dir/opt/annotations.cc.o
Compiling  reduce.cu                           > /castles/nr/projects/d/duanj-ai-in-medical-imaging/.share/download/t1/pytorch/build/nccl/obj/collectives/device/reduce_min_i32.o
[ 56%] Building CXX object caffe2/CMakeFiles/torch_cpu.dir/opt/backend_cutting.cc.o
[ 56%] Building CXX object caffe2/CMakeFiles/torch_cpu.dir/opt/backend_transformer_base.cc.o
[ 56%] Building CXX object caffe2/CMakeFiles/torch_cpu.dir/opt/bound_shape_inferencer.cc.o
[ 56%] Building CXX object caffe2/CMakeFiles/torch_cpu.dir/opt/converter.cc.o
[ 56%] Building CXX object caffe2/CMakeFiles/torch_cpu.dir/opt/dead_code_elim.cc.o
[ 56%] Building CXX object caffe2/CMakeFiles/torch_cpu.dir/opt/device.cc.o
[ 56%] Building CXX object caffe2/CMakeFiles/torch_cpu.dir/opt/distributed.cc.o
Compiling  reduce.cu                           > /castles/nr/projects/d/duanj-ai-in-medical-imaging/.share/download/t1/pytorch/build/nccl/obj/collectives/device/reduce_min_u32.o
[ 56%] Building CXX object caffe2/CMakeFiles/torch_cpu.dir/opt/distributed_converter.cc.o
[ 56%] Building CXX object caffe2/CMakeFiles/torch_cpu.dir/opt/fusion.cc.o
[ 56%] Building CXX object caffe2/CMakeFiles/torch_cpu.dir/opt/mobile.cc.o
[ 56%] Building CXX object caffe2/CMakeFiles/torch_cpu.dir/opt/onnxifi_op.cc.o
[ 56%] Building CXX object caffe2/CMakeFiles/torch_cpu.dir/opt/onnxifi_transformer.cc.o
[ 56%] Building CXX object caffe2/CMakeFiles/torch_cpu.dir/opt/optimize_ideep.cc.o
[ 56%] Building CXX object caffe2/CMakeFiles/torch_cpu.dir/opt/optimizer.cc.o
[ 56%] Building CXX object caffe2/CMakeFiles/torch_cpu.dir/opt/passes.cc.o
[ 56%] Building CXX object caffe2/CMakeFiles/torch_cpu.dir/opt/shape_info.cc.o
[ 56%] Building CXX object caffe2/CMakeFiles/torch_cpu.dir/opt/tvm_transformer.cc.o
[ 56%] Building CXX object caffe2/CMakeFiles/torch_cpu.dir/queue/blobs_queue.cc.o
[ 56%] Building CXX object caffe2/CMakeFiles/torch_cpu.dir/queue/blobs_queue_db.cc.o
[ 56%] Building CXX object caffe2/CMakeFiles/torch_cpu.dir/queue/queue_ops.cc.o
[ 57%] Building CXX object caffe2/CMakeFiles/torch_cpu.dir/queue/rebatching_queue.cc.o
Compiling  reduce.cu                           > /castles/nr/projects/d/duanj-ai-in-medical-imaging/.share/download/t1/pytorch/build/nccl/obj/collectives/device/reduce_min_i64.o
[ 57%] Building CXX object caffe2/CMakeFiles/torch_cpu.dir/queue/rebatching_queue_ops.cc.o
[ 57%] Building CXX object caffe2/CMakeFiles/torch_cpu.dir/sgd/adadelta_op.cc.o
[ 57%] Building CXX object caffe2/CMakeFiles/torch_cpu.dir/sgd/adagrad_fused.cc.o
[ 57%] Building CXX object caffe2/CMakeFiles/torch_cpu.dir/sgd/adagrad_op.cc.o
[ 57%] Building CXX object caffe2/CMakeFiles/torch_cpu.dir/sgd/adam_op.cc.o
[ 57%] Building CXX object caffe2/CMakeFiles/torch_cpu.dir/sgd/clip_tensor_op.cc.o
[ 57%] Building CXX object caffe2/CMakeFiles/torch_cpu.dir/sgd/ftrl_op.cc.o
[ 57%] Building CXX object caffe2/CMakeFiles/torch_cpu.dir/sgd/gftrl_op.cc.o
[ 57%] Building CXX object caffe2/CMakeFiles/torch_cpu.dir/sgd/iter_op.cc.o
Compiling  reduce.cu                           > /castles/nr/projects/d/duanj-ai-in-medical-imaging/.share/download/t1/pytorch/build/nccl/obj/collectives/device/reduce_min_u64.o
[ 57%] Building CXX object caffe2/CMakeFiles/torch_cpu.dir/sgd/lars_op.cc.o
[ 57%] Building CXX object caffe2/CMakeFiles/torch_cpu.dir/sgd/learning_rate_adaption_op.cc.o
Compiling  reduce.cu                           > /castles/nr/projects/d/duanj-ai-in-medical-imaging/.share/download/t1/pytorch/build/nccl/obj/collectives/device/reduce_min_f16.o
[ 57%] Building CXX object caffe2/CMakeFiles/torch_cpu.dir/sgd/learning_rate_op.cc.o
[ 57%] Building CXX object caffe2/CMakeFiles/torch_cpu.dir/sgd/math_lp.cc.o
Compiling  reduce.cu                           > /castles/nr/projects/d/duanj-ai-in-medical-imaging/.share/download/t1/pytorch/build/nccl/obj/collectives/device/reduce_min_f32.o
[ 57%] Building CXX object caffe2/CMakeFiles/torch_cpu.dir/sgd/momentum_sgd_op.cc.o
[ 57%] Building CXX object caffe2/CMakeFiles/torch_cpu.dir/sgd/rmsprop_op.cc.o
Compiling  reduce.cu                           > /castles/nr/projects/d/duanj-ai-in-medical-imaging/.share/download/t1/pytorch/build/nccl/obj/collectives/device/reduce_min_f64.o
[ 57%] Building CXX object caffe2/CMakeFiles/torch_cpu.dir/sgd/rowwise_adagrad_fused.cc.o
Compiling  reduce.cu                           > /castles/nr/projects/d/duanj-ai-in-medical-imaging/.share/download/t1/pytorch/build/nccl/obj/collectives/device/reduce_max_i8.o
[ 57%] Building CXX object caffe2/CMakeFiles/torch_cpu.dir/sgd/rowwise_counter.cc.o
[ 57%] Building CXX object caffe2/CMakeFiles/torch_cpu.dir/sgd/storm_op.cc.o
[ 57%] Building CXX object caffe2/CMakeFiles/torch_cpu.dir/sgd/weight_scale_op.cc.o
[ 57%] Building CXX object caffe2/CMakeFiles/torch_cpu.dir/sgd/wngrad_op.cc.o
Compiling  reduce.cu                           > /castles/nr/projects/d/duanj-ai-in-medical-imaging/.share/download/t1/pytorch/build/nccl/obj/collectives/device/reduce_max_u8.o
[ 57%] Building CXX object caffe2/CMakeFiles/torch_cpu.dir/sgd/yellowfin_op.cc.o
Compiling  reduce.cu                           > /castles/nr/projects/d/duanj-ai-in-medical-imaging/.share/download/t1/pytorch/build/nccl/obj/collectives/device/reduce_max_i32.o
[ 57%] Building CXX object caffe2/CMakeFiles/torch_cpu.dir/share/contrib/depthwise/depthwise3x3_conv_op.cc.o
Compiling  reduce.cu                           > /castles/nr/projects/d/duanj-ai-in-medical-imaging/.share/download/t1/pytorch/build/nccl/obj/collectives/device/reduce_max_u32.o
Compiling  reduce.cu                           > /castles/nr/projects/d/duanj-ai-in-medical-imaging/.share/download/t1/pytorch/build/nccl/obj/collectives/device/reduce_max_i64.o
[ 57%] Building CXX object caffe2/CMakeFiles/torch_cpu.dir/transforms/common_subexpression_elimination.cc.o
[ 57%] Building CXX object caffe2/CMakeFiles/torch_cpu.dir/transforms/conv_to_nnpack_transform.cc.o
Compiling  reduce.cu                           > /castles/nr/projects/d/duanj-ai-in-medical-imaging/.share/download/t1/pytorch/build/nccl/obj/collectives/device/reduce_max_u64.o
[ 57%] Building CXX object caffe2/CMakeFiles/torch_cpu.dir/transforms/pattern_net_transform.cc.o
[ 57%] Building CXX object caffe2/CMakeFiles/torch_cpu.dir/transforms/single_op_transform.cc.o
Compiling  reduce.cu                           > /castles/nr/projects/d/duanj-ai-in-medical-imaging/.share/download/t1/pytorch/build/nccl/obj/collectives/device/reduce_max_f16.o
[ 57%] Building CXX object caffe2/CMakeFiles/torch_cpu.dir/__/torch/csrc/autograd/generated/Functions.cpp.o
Compiling  reduce.cu                           > /castles/nr/projects/d/duanj-ai-in-medical-imaging/.share/download/t1/pytorch/build/nccl/obj/collectives/device/reduce_max_f32.o
Compiling  reduce.cu                           > /castles/nr/projects/d/duanj-ai-in-medical-imaging/.share/download/t1/pytorch/build/nccl/obj/collectives/device/reduce_max_f64.o
[ 57%] Building CXX object caffe2/CMakeFiles/torch_cpu.dir/__/torch/csrc/jit/generated/generated_unboxing_wrappers_0.cpp.o
Compiling  reduce_scatter.cu                   > /castles/nr/projects/d/duanj-ai-in-medical-imaging/.share/download/t1/pytorch/build/nccl/obj/collectives/device/reduce_scatter_sum_i8.o
[ 57%] Building CXX object caffe2/CMakeFiles/torch_cpu.dir/__/torch/csrc/jit/generated/generated_unboxing_wrappers_1.cpp.o
[ 57%] Building CXX object caffe2/CMakeFiles/torch_cpu.dir/__/torch/csrc/jit/generated/generated_unboxing_wrappers_2.cpp.o
Compiling  reduce_scatter.cu                   > /castles/nr/projects/d/duanj-ai-in-medical-imaging/.share/download/t1/pytorch/build/nccl/obj/collectives/device/reduce_scatter_sum_u8.o
[ 57%] Building CXX object caffe2/CMakeFiles/torch_cpu.dir/__/torch/csrc/autograd/generated/VariableType_0.cpp.o
[ 57%] Building CXX object caffe2/CMakeFiles/torch_cpu.dir/__/torch/csrc/autograd/generated/VariableType_1.cpp.o
[ 57%] Building CXX object caffe2/CMakeFiles/torch_cpu.dir/__/torch/csrc/autograd/generated/VariableType_2.cpp.o
[ 58%] Building CXX object caffe2/CMakeFiles/torch_cpu.dir/__/torch/csrc/autograd/generated/VariableType_3.cpp.o
[ 58%] Building CXX object caffe2/CMakeFiles/torch_cpu.dir/__/torch/csrc/autograd/generated/VariableType_4.cpp.o
Compiling  reduce_scatter.cu                   > /castles/nr/projects/d/duanj-ai-in-medical-imaging/.share/download/t1/pytorch/build/nccl/obj/collectives/device/reduce_scatter_sum_i32.o
[ 58%] Building CXX object caffe2/CMakeFiles/torch_cpu.dir/__/torch/csrc/autograd/generated/ProfiledType_0.cpp.o
Compiling  reduce_scatter.cu                   > /castles/nr/projects/d/duanj-ai-in-medical-imaging/.share/download/t1/pytorch/build/nccl/obj/collectives/device/reduce_scatter_sum_u32.o
[ 58%] Building CXX object caffe2/CMakeFiles/torch_cpu.dir/__/torch/csrc/autograd/generated/ProfiledType_1.cpp.o
[ 58%] Building CXX object caffe2/CMakeFiles/torch_cpu.dir/__/torch/csrc/autograd/generated/ProfiledType_2.cpp.o
Compiling  reduce_scatter.cu                   > /castles/nr/projects/d/duanj-ai-in-medical-imaging/.share/download/t1/pytorch/build/nccl/obj/collectives/device/reduce_scatter_sum_i64.o
[ 58%] Building CXX object caffe2/CMakeFiles/torch_cpu.dir/__/torch/csrc/autograd/generated/ProfiledType_3.cpp.o
[ 58%] Building CXX object caffe2/CMakeFiles/torch_cpu.dir/__/torch/csrc/autograd/generated/ProfiledType_4.cpp.o
[ 58%] Building CXX object caffe2/CMakeFiles/torch_cpu.dir/__/torch/csrc/autograd/generated/TraceType_0.cpp.o
Compiling  reduce_scatter.cu                   > /castles/nr/projects/d/duanj-ai-in-medical-imaging/.share/download/t1/pytorch/build/nccl/obj/collectives/device/reduce_scatter_sum_u64.o
[ 58%] Building CXX object caffe2/CMakeFiles/torch_cpu.dir/__/torch/csrc/autograd/generated/TraceType_1.cpp.o
[ 58%] Building CXX object caffe2/CMakeFiles/torch_cpu.dir/__/torch/csrc/autograd/generated/TraceType_2.cpp.o
[ 58%] Building CXX object caffe2/CMakeFiles/torch_cpu.dir/__/torch/csrc/autograd/generated/TraceType_3.cpp.o
[ 58%] Building CXX object caffe2/CMakeFiles/torch_cpu.dir/__/torch/csrc/autograd/generated/TraceType_4.cpp.o
[ 58%] Building CXX object caffe2/CMakeFiles/torch_cpu.dir/__/torch/csrc/autograd/anomaly_mode.cpp.o
[ 58%] Building CXX object caffe2/CMakeFiles/torch_cpu.dir/__/torch/csrc/autograd/autograd.cpp.o
[ 58%] Building CXX object caffe2/CMakeFiles/torch_cpu.dir/__/torch/csrc/autograd/cpp_hook.cpp.o
Compiling  reduce_scatter.cu                   > /castles/nr/projects/d/duanj-ai-in-medical-imaging/.share/download/t1/pytorch/build/nccl/obj/collectives/device/reduce_scatter_sum_f16.o
[ 58%] Building CXX object caffe2/CMakeFiles/torch_cpu.dir/__/torch/csrc/autograd/custom_function.cpp.o
[ 58%] Building CXX object caffe2/CMakeFiles/torch_cpu.dir/__/torch/csrc/autograd/engine.cpp.o
[ 58%] Building CXX object caffe2/CMakeFiles/torch_cpu.dir/__/torch/csrc/autograd/function.cpp.o
Compiling  reduce_scatter.cu                   > /castles/nr/projects/d/duanj-ai-in-medical-imaging/.share/download/t1/pytorch/build/nccl/obj/collectives/device/reduce_scatter_sum_f32.o
[ 58%] Building CXX object caffe2/CMakeFiles/torch_cpu.dir/__/torch/csrc/autograd/function_hook.cpp.o
[ 58%] Building CXX object caffe2/CMakeFiles/torch_cpu.dir/__/torch/csrc/autograd/functions/accumulate_grad.cpp.o
[ 58%] Building CXX object caffe2/CMakeFiles/torch_cpu.dir/__/torch/csrc/autograd/functions/basic_ops.cpp.o
Compiling  reduce_scatter.cu                   > /castles/nr/projects/d/duanj-ai-in-medical-imaging/.share/download/t1/pytorch/build/nccl/obj/collectives/device/reduce_scatter_sum_f64.o
Compiling  reduce_scatter.cu                   > /castles/nr/projects/d/duanj-ai-in-medical-imaging/.share/download/t1/pytorch/build/nccl/obj/collectives/device/reduce_scatter_prod_i8.o
[ 58%] Building CXX object caffe2/CMakeFiles/torch_cpu.dir/__/torch/csrc/autograd/functions/tensor.cpp.o
[ 58%] Building CXX object caffe2/CMakeFiles/torch_cpu.dir/__/torch/csrc/autograd/functions/utils.cpp.o
[ 58%] Building CXX object caffe2/CMakeFiles/torch_cpu.dir/__/torch/csrc/autograd/input_buffer.cpp.o
[ 58%] Building CXX object caffe2/CMakeFiles/torch_cpu.dir/__/torch/csrc/autograd/profiler.cpp.o
[ 58%] Building CXX object caffe2/CMakeFiles/torch_cpu.dir/__/torch/csrc/autograd/record_function_ops.cpp.o
Compiling  reduce_scatter.cu                   > /castles/nr/projects/d/duanj-ai-in-medical-imaging/.share/download/t1/pytorch/build/nccl/obj/collectives/device/reduce_scatter_prod_u8.o
[ 58%] Building CXX object caffe2/CMakeFiles/torch_cpu.dir/__/torch/csrc/autograd/saved_variable.cpp.o
Compiling  reduce_scatter.cu                   > /castles/nr/projects/d/duanj-ai-in-medical-imaging/.share/download/t1/pytorch/build/nccl/obj/collectives/device/reduce_scatter_prod_i32.o
[ 58%] Building CXX object caffe2/CMakeFiles/torch_cpu.dir/__/torch/csrc/autograd/variable.cpp.o
[ 58%] Building CXX object caffe2/CMakeFiles/torch_cpu.dir/__/torch/csrc/jit/api/function_impl.cpp.o
[ 58%] Building CXX object caffe2/CMakeFiles/torch_cpu.dir/__/torch/csrc/jit/api/module.cpp.o
Compiling  reduce_scatter.cu                   > /castles/nr/projects/d/duanj-ai-in-medical-imaging/.share/download/t1/pytorch/build/nccl/obj/collectives/device/reduce_scatter_prod_u32.o
[ 58%] Building CXX object caffe2/CMakeFiles/torch_cpu.dir/__/torch/csrc/jit/api/object.cpp.o
[ 58%] Building CXX object caffe2/CMakeFiles/torch_cpu.dir/__/torch/csrc/jit/backends/backend_detail.cpp.o
[ 58%] Building CXX object caffe2/CMakeFiles/torch_cpu.dir/__/torch/csrc/jit/backends/backend_interface.cpp.o
[ 58%] Building CXX object caffe2/CMakeFiles/torch_cpu.dir/__/torch/csrc/jit/codegen/fuser/codegen.cpp.o
Compiling  reduce_scatter.cu                   > /castles/nr/projects/d/duanj-ai-in-medical-imaging/.share/download/t1/pytorch/build/nccl/obj/collectives/device/reduce_scatter_prod_i64.o
[ 59%] Building CXX object caffe2/CMakeFiles/torch_cpu.dir/__/torch/csrc/jit/codegen/fuser/compiler.cpp.o
Compiling  reduce_scatter.cu                   > /castles/nr/projects/d/duanj-ai-in-medical-imaging/.share/download/t1/pytorch/build/nccl/obj/collectives/device/reduce_scatter_prod_u64.o
[ 59%] Building CXX object caffe2/CMakeFiles/torch_cpu.dir/__/torch/csrc/jit/codegen/fuser/executor.cpp.o
[ 59%] Building CXX object caffe2/CMakeFiles/torch_cpu.dir/__/torch/csrc/jit/codegen/fuser/fallback.cpp.o
[ 59%] Building CXX object caffe2/CMakeFiles/torch_cpu.dir/__/torch/csrc/jit/codegen/fuser/interface.cpp.o
[ 59%] Building CXX object caffe2/CMakeFiles/torch_cpu.dir/__/torch/csrc/jit/codegen/fuser/kernel_cache.cpp.o
Compiling  reduce_scatter.cu                   > /castles/nr/projects/d/duanj-ai-in-medical-imaging/.share/download/t1/pytorch/build/nccl/obj/collectives/device/reduce_scatter_prod_f16.o
[ 59%] Building CXX object caffe2/CMakeFiles/torch_cpu.dir/__/torch/csrc/jit/frontend/builtin_functions.cpp.o
[ 59%] Building CXX object caffe2/CMakeFiles/torch_cpu.dir/__/torch/csrc/jit/frontend/canonicalize_modified_loop.cpp.o
[ 59%] Building CXX object caffe2/CMakeFiles/torch_cpu.dir/__/torch/csrc/jit/frontend/convert_to_ssa.cpp.o
[ 59%] Building CXX object caffe2/CMakeFiles/torch_cpu.dir/__/torch/csrc/jit/frontend/edit_distance.cpp.o
[ 59%] Building CXX object caffe2/CMakeFiles/torch_cpu.dir/__/torch/csrc/jit/frontend/exit_transforms.cpp.o
Compiling  reduce_scatter.cu                   > /castles/nr/projects/d/duanj-ai-in-medical-imaging/.share/download/t1/pytorch/build/nccl/obj/collectives/device/reduce_scatter_prod_f32.o
[ 59%] Building CXX object caffe2/CMakeFiles/torch_cpu.dir/__/torch/csrc/jit/frontend/inline_loop_condition.cpp.o
[ 59%] Building CXX object caffe2/CMakeFiles/torch_cpu.dir/__/torch/csrc/jit/frontend/name_mangler.cpp.o
[ 59%] Building CXX object caffe2/CMakeFiles/torch_cpu.dir/__/torch/csrc/jit/frontend/ir_emitter.cpp.o
[ 59%] Building CXX object caffe2/CMakeFiles/torch_cpu.dir/__/torch/csrc/jit/frontend/parser.cpp.o
[ 59%] Building CXX object caffe2/CMakeFiles/torch_cpu.dir/__/torch/csrc/jit/frontend/schema_matching.cpp.o
[ 59%] Building CXX object caffe2/CMakeFiles/torch_cpu.dir/__/torch/csrc/jit/frontend/script_type_parser.cpp.o
[ 59%] Building CXX object caffe2/CMakeFiles/torch_cpu.dir/__/torch/csrc/jit/frontend/string_to_type.cpp.o
[ 59%] Building CXX object caffe2/CMakeFiles/torch_cpu.dir/__/torch/csrc/jit/frontend/sugared_value.cpp.o
[ 59%] Building CXX object caffe2/CMakeFiles/torch_cpu.dir/__/torch/csrc/jit/frontend/tracer.cpp.o
[ 59%] Building CXX object caffe2/CMakeFiles/torch_cpu.dir/__/torch/csrc/jit/frontend/versioned_symbols.cpp.o
[ 59%] Building CXX object caffe2/CMakeFiles/torch_cpu.dir/__/torch/csrc/jit/ir/alias_analysis.cpp.o
[ 59%] Building CXX object caffe2/CMakeFiles/torch_cpu.dir/__/torch/csrc/jit/ir/attributes.cpp.o
Compiling  reduce_scatter.cu                   > /castles/nr/projects/d/duanj-ai-in-medical-imaging/.share/download/t1/pytorch/build/nccl/obj/collectives/device/reduce_scatter_prod_f64.o
[ 59%] Building CXX object caffe2/CMakeFiles/torch_cpu.dir/__/torch/csrc/jit/ir/constants.cpp.o
[ 59%] Building CXX object caffe2/CMakeFiles/torch_cpu.dir/__/torch/csrc/jit/ir/ir.cpp.o
[ 59%] Building CXX object caffe2/CMakeFiles/torch_cpu.dir/__/torch/csrc/jit/ir/irparser.cpp.o
[ 59%] Building CXX object caffe2/CMakeFiles/torch_cpu.dir/__/torch/csrc/jit/ir/node_hashing.cpp.o
[ 59%] Building CXX object caffe2/CMakeFiles/torch_cpu.dir/__/torch/csrc/jit/ir/scope.cpp.o
[ 59%] Building CXX object caffe2/CMakeFiles/torch_cpu.dir/__/torch/csrc/jit/ir/subgraph_matcher.cpp.o
[ 59%] Building CXX object caffe2/CMakeFiles/torch_cpu.dir/__/torch/csrc/jit/ir/type_hashing.cpp.o
[ 59%] Building CXX object caffe2/CMakeFiles/torch_cpu.dir/__/torch/csrc/jit/jit_log.cpp.o
[ 59%] Building CXX object caffe2/CMakeFiles/torch_cpu.dir/__/torch/csrc/jit/mobile/type_parser.cpp.o
[ 59%] Building CXX object caffe2/CMakeFiles/torch_cpu.dir/__/torch/csrc/jit/passes/bailout_graph.cpp.o
[ 59%] Building CXX object caffe2/CMakeFiles/torch_cpu.dir/__/torch/csrc/jit/passes/batch_mm.cpp.o
[ 59%] Building CXX object caffe2/CMakeFiles/torch_cpu.dir/__/torch/csrc/jit/passes/canonicalize.cpp.o
Compiling  reduce_scatter.cu                   > /castles/nr/projects/d/duanj-ai-in-medical-imaging/.share/download/t1/pytorch/build/nccl/obj/collectives/device/reduce_scatter_min_i8.o
[ 59%] Building CXX object caffe2/CMakeFiles/torch_cpu.dir/__/torch/csrc/jit/passes/canonicalize_graph_fuser_ops.cpp.o
[ 60%] Building CXX object caffe2/CMakeFiles/torch_cpu.dir/__/torch/csrc/jit/passes/clear_profiling.cpp.o
[ 60%] Building CXX object caffe2/CMakeFiles/torch_cpu.dir/__/torch/csrc/jit/passes/clear_undefinedness.cpp.o
[ 60%] Building CXX object caffe2/CMakeFiles/torch_cpu.dir/__/torch/csrc/jit/passes/common_subexpression_elimination.cpp.o
[ 60%] Building CXX object caffe2/CMakeFiles/torch_cpu.dir/__/torch/csrc/jit/passes/constant_pooling.cpp.o
[ 60%] Building CXX object caffe2/CMakeFiles/torch_cpu.dir/__/torch/csrc/jit/passes/constant_propagation.cpp.o
[ 60%] Building CXX object caffe2/CMakeFiles/torch_cpu.dir/__/torch/csrc/jit/passes/create_autodiff_subgraphs.cpp.o
[ 60%] Building CXX object caffe2/CMakeFiles/torch_cpu.dir/__/torch/csrc/jit/passes/create_functional_graphs.cpp.o
[ 60%] Building CXX object caffe2/CMakeFiles/torch_cpu.dir/__/torch/csrc/jit/passes/dead_code_elimination.cpp.o
[ 60%] Building CXX object caffe2/CMakeFiles/torch_cpu.dir/__/torch/csrc/jit/passes/decompose_ops.cpp.o
[ 60%] Building CXX object caffe2/CMakeFiles/torch_cpu.dir/__/torch/csrc/jit/passes/erase_number_types.cpp.o
[ 60%] Building CXX object caffe2/CMakeFiles/torch_cpu.dir/__/torch/csrc/jit/passes/fixup_trace_scope_blocks.cpp.o
[ 60%] Building CXX object caffe2/CMakeFiles/torch_cpu.dir/__/torch/csrc/jit/passes/fold_conv_bn.cpp.o
Compiling  reduce_scatter.cu                   > /castles/nr/projects/d/duanj-ai-in-medical-imaging/.share/download/t1/pytorch/build/nccl/obj/collectives/device/reduce_scatter_min_u8.o
[ 60%] Building CXX object caffe2/CMakeFiles/torch_cpu.dir/__/torch/csrc/jit/passes/freeze_module.cpp.o
[ 60%] Building CXX object caffe2/CMakeFiles/torch_cpu.dir/__/torch/csrc/jit/passes/fuse_linear.cpp.o
[ 60%] Building CXX object caffe2/CMakeFiles/torch_cpu.dir/__/torch/csrc/jit/passes/fuse_relu.cpp.o
[ 60%] Building CXX object caffe2/CMakeFiles/torch_cpu.dir/__/torch/csrc/jit/passes/graph_fuser.cpp.o
[ 60%] Building CXX object caffe2/CMakeFiles/torch_cpu.dir/__/torch/csrc/jit/passes/graph_rewrite_helper.cpp.o
[ 60%] Building CXX object caffe2/CMakeFiles/torch_cpu.dir/__/torch/csrc/jit/passes/guard_elimination.cpp.o
[ 60%] Building CXX object caffe2/CMakeFiles/torch_cpu.dir/__/torch/csrc/jit/passes/inline_autodiff_subgraphs.cpp.o
[ 60%] Building CXX object caffe2/CMakeFiles/torch_cpu.dir/__/torch/csrc/jit/passes/inline_forked_closures.cpp.o
[ 60%] Building CXX object caffe2/CMakeFiles/torch_cpu.dir/__/torch/csrc/jit/passes/inliner.cpp.o
[ 60%] Building CXX object caffe2/CMakeFiles/torch_cpu.dir/__/torch/csrc/jit/passes/inplace_check.cpp.o
Compiling  reduce_scatter.cu                   > /castles/nr/projects/d/duanj-ai-in-medical-imaging/.share/download/t1/pytorch/build/nccl/obj/collectives/device/reduce_scatter_min_i32.o
[ 60%] Building CXX object caffe2/CMakeFiles/torch_cpu.dir/__/torch/csrc/jit/passes/insert_guards.cpp.o
[ 60%] Building CXX object caffe2/CMakeFiles/torch_cpu.dir/__/torch/csrc/jit/passes/lift_closures.cpp.o
[ 60%] Building CXX object caffe2/CMakeFiles/torch_cpu.dir/__/torch/csrc/jit/passes/liveness.cpp.o
[ 60%] Building CXX object caffe2/CMakeFiles/torch_cpu.dir/__/torch/csrc/jit/passes/loop_unrolling.cpp.o
[ 60%] Building CXX object caffe2/CMakeFiles/torch_cpu.dir/__/torch/csrc/jit/passes/lower_grad_of.cpp.o
[ 60%] Building CXX object caffe2/CMakeFiles/torch_cpu.dir/__/torch/csrc/jit/passes/lower_tuples.cpp.o
[ 60%] Building CXX object caffe2/CMakeFiles/torch_cpu.dir/__/torch/csrc/jit/passes/normalize_ops.cpp.o
[ 60%] Building CXX object caffe2/CMakeFiles/torch_cpu.dir/__/torch/csrc/jit/passes/pass_manager.cpp.o
[ 60%] Building CXX object caffe2/CMakeFiles/torch_cpu.dir/__/torch/csrc/jit/passes/peephole.cpp.o
[ 60%] Building CXX object caffe2/CMakeFiles/torch_cpu.dir/__/torch/csrc/jit/passes/peephole_list_idioms.cpp.o
[ 60%] Building CXX object caffe2/CMakeFiles/torch_cpu.dir/__/torch/csrc/jit/passes/prepack_folding.cpp.o
[ 60%] Building CXX object caffe2/CMakeFiles/torch_cpu.dir/__/torch/csrc/jit/passes/quantization/dedup_module_uses.cpp.o
[ 61%] Building CXX object caffe2/CMakeFiles/torch_cpu.dir/__/torch/csrc/jit/passes/quantization/finalize.cpp.o
Compiling  reduce_scatter.cu                   > /castles/nr/projects/d/duanj-ai-in-medical-imaging/.share/download/t1/pytorch/build/nccl/obj/collectives/device/reduce_scatter_min_u32.o
[ 61%] Building CXX object caffe2/CMakeFiles/torch_cpu.dir/__/torch/csrc/jit/passes/quantization/fusion_passes.cpp.o
[ 61%] Building CXX object caffe2/CMakeFiles/torch_cpu.dir/__/torch/csrc/jit/passes/quantization/helper.cpp.o
[ 61%] Building CXX object caffe2/CMakeFiles/torch_cpu.dir/__/torch/csrc/jit/passes/quantization/insert_observers.cpp.o
[ 61%] Building CXX object caffe2/CMakeFiles/torch_cpu.dir/__/torch/csrc/jit/passes/quantization/insert_quant_dequant.cpp.o
[ 61%] Building CXX object caffe2/CMakeFiles/torch_cpu.dir/__/torch/csrc/jit/passes/quantization/quantization_type.cpp.o
[ 61%] Building CXX object caffe2/CMakeFiles/torch_cpu.dir/__/torch/csrc/jit/passes/remove_dropout.cpp.o
Compiling  reduce_scatter.cu                   > /castles/nr/projects/d/duanj-ai-in-medical-imaging/.share/download/t1/pytorch/build/nccl/obj/collectives/device/reduce_scatter_min_i64.o
[ 61%] Building CXX object caffe2/CMakeFiles/torch_cpu.dir/__/torch/csrc/jit/passes/remove_expands.cpp.o
[ 61%] Building CXX object caffe2/CMakeFiles/torch_cpu.dir/__/torch/csrc/jit/passes/remove_mutation.cpp.o
[ 61%] Building CXX object caffe2/CMakeFiles/torch_cpu.dir/__/torch/csrc/jit/passes/requires_grad_analysis.cpp.o
[ 61%] Building CXX object caffe2/CMakeFiles/torch_cpu.dir/__/torch/csrc/jit/passes/shape_analysis.cpp.o
[ 61%] Building CXX object caffe2/CMakeFiles/torch_cpu.dir/__/torch/csrc/jit/passes/specialize_autogradzero.cpp.o
[ 61%] Building CXX object caffe2/CMakeFiles/torch_cpu.dir/__/torch/csrc/jit/passes/subgraph_rewrite.cpp.o
[ 61%] Building CXX object caffe2/CMakeFiles/torch_cpu.dir/__/torch/csrc/jit/passes/tensorexpr_fuser.cpp.o
[ 61%] Building CXX object caffe2/CMakeFiles/torch_cpu.dir/__/torch/csrc/jit/passes/utils/memory_dag.cpp.o
[ 61%] Building CXX object caffe2/CMakeFiles/torch_cpu.dir/__/torch/csrc/jit/passes/utils/subgraph_utils.cpp.o
Compiling  reduce_scatter.cu                   > /castles/nr/projects/d/duanj-ai-in-medical-imaging/.share/download/t1/pytorch/build/nccl/obj/collectives/device/reduce_scatter_min_u64.o
[ 61%] Building CXX object caffe2/CMakeFiles/torch_cpu.dir/__/torch/csrc/jit/passes/vulkan_rewrite.cpp.o
[ 61%] Building CXX object caffe2/CMakeFiles/torch_cpu.dir/__/torch/csrc/jit/passes/xnnpack_rewrite.cpp.o
[ 61%] Building CXX object caffe2/CMakeFiles/torch_cpu.dir/__/torch/csrc/jit/python/update_graph_executor_opt.cpp.o
[ 61%] Building CXX object caffe2/CMakeFiles/torch_cpu.dir/__/torch/csrc/jit/runtime/argument_spec.cpp.o
[ 61%] Building CXX object caffe2/CMakeFiles/torch_cpu.dir/__/torch/csrc/jit/runtime/autodiff.cpp.o
Compiling  reduce_scatter.cu                   > /castles/nr/projects/d/duanj-ai-in-medical-imaging/.share/download/t1/pytorch/build/nccl/obj/collectives/device/reduce_scatter_min_f16.o
[ 61%] Building CXX object caffe2/CMakeFiles/torch_cpu.dir/__/torch/csrc/jit/runtime/graph_executor.cpp.o
Compiling  reduce_scatter.cu                   > /castles/nr/projects/d/duanj-ai-in-medical-imaging/.share/download/t1/pytorch/build/nccl/obj/collectives/device/reduce_scatter_min_f32.o
[ 61%] Building CXX object caffe2/CMakeFiles/torch_cpu.dir/__/torch/csrc/jit/runtime/instruction.cpp.o
[ 61%] Building CXX object caffe2/CMakeFiles/torch_cpu.dir/__/torch/csrc/jit/runtime/interpreter.cpp.o
Compiling  reduce_scatter.cu                   > /castles/nr/projects/d/duanj-ai-in-medical-imaging/.share/download/t1/pytorch/build/nccl/obj/collectives/device/reduce_scatter_min_f64.o
[ 61%] Building CXX object caffe2/CMakeFiles/torch_cpu.dir/__/torch/csrc/jit/runtime/jit_exception.cpp.o
[ 61%] Building CXX object caffe2/CMakeFiles/torch_cpu.dir/__/torch/csrc/jit/runtime/logging.cpp.o
Compiling  reduce_scatter.cu                   > /castles/nr/projects/d/duanj-ai-in-medical-imaging/.share/download/t1/pytorch/build/nccl/obj/collectives/device/reduce_scatter_max_i8.o
[ 61%] Building CXX object caffe2/CMakeFiles/torch_cpu.dir/__/torch/csrc/jit/runtime/operator.cpp.o
[ 61%] Building CXX object caffe2/CMakeFiles/torch_cpu.dir/__/torch/csrc/jit/runtime/print_handler.cpp.o
[ 61%] Building CXX object caffe2/CMakeFiles/torch_cpu.dir/__/torch/csrc/jit/runtime/profiling_graph_executor_impl.cpp.o
[ 61%] Building CXX object caffe2/CMakeFiles/torch_cpu.dir/__/torch/csrc/jit/runtime/profiling_record.cpp.o
Compiling  reduce_scatter.cu                   > /castles/nr/projects/d/duanj-ai-in-medical-imaging/.share/download/t1/pytorch/build/nccl/obj/collectives/device/reduce_scatter_max_u8.o
[ 61%] Building CXX object caffe2/CMakeFiles/torch_cpu.dir/__/torch/csrc/jit/runtime/register_ops_utils.cpp.o
[ 61%] Building CXX object caffe2/CMakeFiles/torch_cpu.dir/__/torch/csrc/jit/runtime/symbolic_script.cpp.o
[ 61%] Building CXX object caffe2/CMakeFiles/torch_cpu.dir/__/torch/csrc/jit/runtime/vararg_functions.cpp.o
Compiling  reduce_scatter.cu                   > /castles/nr/projects/d/duanj-ai-in-medical-imaging/.share/download/t1/pytorch/build/nccl/obj/collectives/device/reduce_scatter_max_i32.o
[ 61%] Building CXX object caffe2/CMakeFiles/torch_cpu.dir/__/torch/csrc/jit/serialization/import.cpp.o
[ 62%] Building CXX object caffe2/CMakeFiles/torch_cpu.dir/__/torch/csrc/jit/serialization/import_export_helpers.cpp.o
[ 62%] Building CXX object caffe2/CMakeFiles/torch_cpu.dir/__/torch/csrc/jit/serialization/import_source.cpp.o
[ 62%] Building CXX object caffe2/CMakeFiles/torch_cpu.dir/__/torch/csrc/jit/serialization/pickle.cpp.o
Compiling  reduce_scatter.cu                   > /castles/nr/projects/d/duanj-ai-in-medical-imaging/.share/download/t1/pytorch/build/nccl/obj/collectives/device/reduce_scatter_max_u32.o
[ 62%] Building CXX object caffe2/CMakeFiles/torch_cpu.dir/__/torch/csrc/jit/serialization/pickler.cpp.o
[ 62%] Building CXX object caffe2/CMakeFiles/torch_cpu.dir/__/torch/csrc/jit/serialization/python_print.cpp.o
[ 62%] Building CXX object caffe2/CMakeFiles/torch_cpu.dir/__/torch/csrc/jit/serialization/source_range_serialization.cpp.o
Compiling  reduce_scatter.cu                   > /castles/nr/projects/d/duanj-ai-in-medical-imaging/.share/download/t1/pytorch/build/nccl/obj/collectives/device/reduce_scatter_max_i64.o
[ 62%] Building CXX object caffe2/CMakeFiles/torch_cpu.dir/__/torch/csrc/jit/serialization/type_name_uniquer.cpp.o
[ 62%] Building CXX object caffe2/CMakeFiles/torch_cpu.dir/__/torch/csrc/jit/serialization/unpickler.cpp.o
Compiling  reduce_scatter.cu                   > /castles/nr/projects/d/duanj-ai-in-medical-imaging/.share/download/t1/pytorch/build/nccl/obj/collectives/device/reduce_scatter_max_u64.o
[ 62%] Building CXX object caffe2/CMakeFiles/torch_cpu.dir/__/torch/csrc/jit/tensorexpr/bounds_inference.cpp.o
[ 62%] Building CXX object caffe2/CMakeFiles/torch_cpu.dir/__/torch/csrc/jit/tensorexpr/codegen.cpp.o
[ 62%] Building CXX object caffe2/CMakeFiles/torch_cpu.dir/__/torch/csrc/jit/tensorexpr/eval.cpp.o
[ 62%] Building CXX object caffe2/CMakeFiles/torch_cpu.dir/__/torch/csrc/jit/tensorexpr/expr.cpp.o
[ 62%] Building CXX object caffe2/CMakeFiles/torch_cpu.dir/__/torch/csrc/jit/tensorexpr/function.cpp.o
Compiling  reduce_scatter.cu                   > /castles/nr/projects/d/duanj-ai-in-medical-imaging/.share/download/t1/pytorch/build/nccl/obj/collectives/device/reduce_scatter_max_f16.o
[ 62%] Building CXX object caffe2/CMakeFiles/torch_cpu.dir/__/torch/csrc/jit/tensorexpr/hash_provider.cpp.o
[ 62%] Building CXX object caffe2/CMakeFiles/torch_cpu.dir/__/torch/csrc/jit/tensorexpr/ir.cpp.o
[ 62%] Building CXX object caffe2/CMakeFiles/torch_cpu.dir/__/torch/csrc/jit/tensorexpr/ir_mutator.cpp.o
[ 62%] Building CXX object caffe2/CMakeFiles/torch_cpu.dir/__/torch/csrc/jit/tensorexpr/ir_printer.cpp.o
Compiling  reduce_scatter.cu                   > /castles/nr/projects/d/duanj-ai-in-medical-imaging/.share/download/t1/pytorch/build/nccl/obj/collectives/device/reduce_scatter_max_f32.o
[ 62%] Building CXX object caffe2/CMakeFiles/torch_cpu.dir/__/torch/csrc/jit/tensorexpr/ir_simplifier.cpp.o
[ 62%] Building CXX object caffe2/CMakeFiles/torch_cpu.dir/__/torch/csrc/jit/tensorexpr/ir_visitor.cpp.o
[ 62%] Building CXX object caffe2/CMakeFiles/torch_cpu.dir/__/torch/csrc/jit/tensorexpr/kernel.cpp.o
[ 62%] Building CXX object caffe2/CMakeFiles/torch_cpu.dir/__/torch/csrc/jit/tensorexpr/llvm_codegen.cpp.o
Compiling  reduce_scatter.cu                   > /castles/nr/projects/d/duanj-ai-in-medical-imaging/.share/download/t1/pytorch/build/nccl/obj/collectives/device/reduce_scatter_max_f64.o
[ 62%] Building CXX object caffe2/CMakeFiles/torch_cpu.dir/__/torch/csrc/jit/tensorexpr/llvm_jit.cpp.o
[ 62%] Building CXX object caffe2/CMakeFiles/torch_cpu.dir/__/torch/csrc/jit/tensorexpr/loopnest.cpp.o
[ 62%] Building CXX object caffe2/CMakeFiles/torch_cpu.dir/__/torch/csrc/jit/tensorexpr/mem_arena.cpp.o
[ 62%] Building CXX object caffe2/CMakeFiles/torch_cpu.dir/__/torch/csrc/jit/tensorexpr/tensor.cpp.o
[ 62%] Building CXX object caffe2/CMakeFiles/torch_cpu.dir/__/torch/csrc/jit/tensorexpr/types.cpp.o
[ 62%] Building CXX object caffe2/CMakeFiles/torch_cpu.dir/__/torch/csrc/jit/tensorexpr/unique_name_manager.cpp.o
[ 62%] Building CXX object caffe2/CMakeFiles/torch_cpu.dir/__/torch/csrc/jit/testing/file_check.cpp.o
[ 62%] Building CXX object caffe2/CMakeFiles/torch_cpu.dir/__/torch/csrc/jit/testing/hooks_for_testing.cpp.o
[ 62%] Building CXX object caffe2/CMakeFiles/torch_cpu.dir/__/torch/csrc/utils/tensor_flatten.cpp.o
Compiling  functions.cu                        > /castles/nr/projects/d/duanj-ai-in-medical-imaging/.share/download/t1/pytorch/build/nccl/obj/collectives/device/functions.o
[ 62%] Building CXX object caffe2/CMakeFiles/torch_cpu.dir/__/torch/csrc/utils/variadic.cpp.o
[ 62%] Building CXX object caffe2/CMakeFiles/torch_cpu.dir/__/torch/csrc/jit/codegen/cuda/interface.cpp.o
[ 62%] Building CXX object caffe2/CMakeFiles/torch_cpu.dir/__/torch/csrc/jit/passes/inline_fork_wait.cpp.o
[ 62%] Building CXX object caffe2/CMakeFiles/torch_cpu.dir/__/torch/csrc/jit/passes/lower_graph.cpp.o
[ 63%] Building CXX object caffe2/CMakeFiles/torch_cpu.dir/__/torch/csrc/jit/passes/remove_inplace_ops.cpp.o
[ 63%] Building CXX object caffe2/CMakeFiles/torch_cpu.dir/__/torch/csrc/jit/passes/utils/check_alias_annotation.cpp.o
[ 63%] Building CXX object caffe2/CMakeFiles/torch_cpu.dir/__/torch/csrc/jit/runtime/register_c10_ops.cpp.o
[ 63%] Building CXX object caffe2/CMakeFiles/torch_cpu.dir/__/torch/csrc/jit/runtime/register_prim_ops.cpp.o
[ 63%] Building CXX object caffe2/CMakeFiles/torch_cpu.dir/__/torch/csrc/jit/runtime/register_prim_ops_c10.cpp.o
[ 63%] Building CXX object caffe2/CMakeFiles/torch_cpu.dir/__/torch/csrc/jit/runtime/register_prim_ops_fulljit.cpp.o
[ 63%] Building CXX object caffe2/CMakeFiles/torch_cpu.dir/__/torch/csrc/jit/runtime/register_special_ops.cpp.o
[ 63%] Building CXX object caffe2/CMakeFiles/torch_cpu.dir/__/torch/csrc/jit/runtime/register_string_ops.cpp.o
[ 63%] Building CXX object caffe2/CMakeFiles/torch_cpu.dir/__/torch/csrc/jit/mobile/function.cpp.o
[ 63%] Building CXX object caffe2/CMakeFiles/torch_cpu.dir/__/torch/csrc/jit/mobile/import.cpp.o
Archiving  objects                             > /castles/nr/projects/d/duanj-ai-in-medical-imaging/.share/download/t1/pytorch/build/nccl/obj/collectives/device/colldevice.a
[ 63%] Building CXX object caffe2/CMakeFiles/torch_cpu.dir/__/torch/csrc/jit/mobile/import_data.cpp.o
[ 63%] Building CXX object caffe2/CMakeFiles/torch_cpu.dir/__/torch/csrc/jit/mobile/module.cpp.o
[ 63%] Building CXX object caffe2/CMakeFiles/torch_cpu.dir/__/torch/csrc/jit/mobile/observer.cpp.o
[ 63%] Building CXX object caffe2/CMakeFiles/torch_cpu.dir/__/torch/csrc/jit/mobile/register_mobile_autograd.cpp.o
[ 63%] Building CXX object caffe2/CMakeFiles/torch_cpu.dir/__/torch/csrc/jit/mobile/interpreter.cpp.o
Linking    libnccl.so.2.7.3                    > /castles/nr/projects/d/duanj-ai-in-medical-imaging/.share/download/t1/pytorch/build/nccl/lib/libnccl.so.2.7.3
Generating nccl.pc.in                          > /castles/nr/projects/d/duanj-ai-in-medical-imaging/.share/download/t1/pytorch/build/nccl/lib/pkgconfig/nccl.pc
Archiving  libnccl_static.a                    > /castles/nr/projects/d/duanj-ai-in-medical-imaging/.share/download/t1/pytorch/build/nccl/lib/libnccl_static.a
[ 63%] Building CXX object caffe2/CMakeFiles/torch_cpu.dir/__/torch/csrc/jit/mobile/export.cpp.o
/castles/nr/projects/d/duanj-ai-in-medical-imaging/.share/download/t1/pytorch/third_party/nccl/nccl/src
[ 63%] No install step for 'nccl_external'
[ 63%] Completed 'nccl_external'
[ 63%] Built target nccl_external
[ 63%] Building CXX object caffe2/CMakeFiles/torch_cpu.dir/__/torch/csrc/autograd/TraceTypeManual.cpp.o
[ 63%] Building NVCC (Device) object third_party/gloo/gloo/CMakeFiles/gloo_cuda.dir/gloo_cuda_generated_cuda_private.cu.o
[ 63%] Building NVCC (Device) object third_party/gloo/gloo/CMakeFiles/gloo_cuda.dir/gloo_cuda_generated_cuda.cu.o
[ 63%] Building CXX object caffe2/CMakeFiles/torch_cpu.dir/__/torch/csrc/autograd/VariableTypeManual.cpp.o
[ 63%] Building CXX object caffe2/CMakeFiles/torch_cpu.dir/__/torch/csrc/api/src/jit.cpp.o
[ 63%] Building CXX object caffe2/CMakeFiles/torch_cpu.dir/__/torch/csrc/jit/serialization/export.cpp.o
[ 63%] Building CXX object caffe2/CMakeFiles/torch_cpu.dir/__/torch/csrc/jit/serialization/export_module.cpp.o
[ 63%] Building CXX object caffe2/CMakeFiles/torch_cpu.dir/__/torch/csrc/jit/serialization/import_legacy.cpp.o
[ 63%] Building CXX object caffe2/CMakeFiles/torch_cpu.dir/__/torch/csrc/jit/codegen/fuser/cpu/fused_kernel.cpp.o
[ 63%] Building CXX object caffe2/CMakeFiles/torch_cpu.dir/__/torch/csrc/jit/api/module_save.cpp.o
[ 63%] Building CXX object caffe2/CMakeFiles/torch_cpu.dir/__/torch/csrc/utils/byte_order.cpp.o
[ 63%] Building CXX object caffe2/CMakeFiles/torch_cpu.dir/__/torch/csrc/distributed/autograd/autograd.cpp.o
[ 63%] Building CXX object caffe2/CMakeFiles/torch_cpu.dir/__/torch/csrc/distributed/autograd/utils.cpp.o
[ 63%] Building CXX object caffe2/CMakeFiles/torch_cpu.dir/__/torch/csrc/distributed/autograd/context/container.cpp.o
[ 63%] Building CXX object caffe2/CMakeFiles/torch_cpu.dir/__/torch/csrc/distributed/autograd/context/context.cpp.o
[ 63%] Building CXX object caffe2/CMakeFiles/torch_cpu.dir/__/torch/csrc/distributed/autograd/engine/dist_engine.cpp.o
[ 63%] Building CXX object caffe2/CMakeFiles/torch_cpu.dir/__/torch/csrc/distributed/autograd/functions/recvrpc_backward.cpp.o
[ 63%] Building CXX object caffe2/CMakeFiles/torch_cpu.dir/__/torch/csrc/distributed/autograd/functions/sendrpc_backward.cpp.o
[ 63%] Building CXX object caffe2/CMakeFiles/torch_cpu.dir/__/torch/csrc/distributed/autograd/rpc_messages/autograd_metadata.cpp.o
[ 63%] Building CXX object caffe2/CMakeFiles/torch_cpu.dir/__/torch/csrc/distributed/autograd/rpc_messages/propagate_gradients_req.cpp.o
[ 64%] Building CXX object caffe2/CMakeFiles/torch_cpu.dir/__/torch/csrc/distributed/autograd/rpc_messages/propagate_gradients_resp.cpp.o
[ 64%] Building CXX object caffe2/CMakeFiles/torch_cpu.dir/__/torch/csrc/distributed/autograd/rpc_messages/cleanup_autograd_context_req.cpp.o
[ 64%] Building CXX object caffe2/CMakeFiles/torch_cpu.dir/__/torch/csrc/distributed/autograd/rpc_messages/cleanup_autograd_context_resp.cpp.o
[ 64%] Building CXX object caffe2/CMakeFiles/torch_cpu.dir/__/torch/csrc/distributed/autograd/rpc_messages/rpc_with_autograd.cpp.o
[ 64%] Building CXX object caffe2/CMakeFiles/torch_cpu.dir/__/torch/csrc/distributed/autograd/rpc_messages/rpc_with_profiling_req.cpp.o
[ 64%] Building CXX object caffe2/CMakeFiles/torch_cpu.dir/__/torch/csrc/distributed/autograd/rpc_messages/rpc_with_profiling_resp.cpp.o
[ 64%] Building CXX object caffe2/CMakeFiles/torch_cpu.dir/__/torch/csrc/distributed/rpc/message.cpp.o
[ 64%] Building CXX object caffe2/CMakeFiles/torch_cpu.dir/__/torch/csrc/distributed/rpc/profiler/remote_profiler_manager.cpp.o
[ 64%] Building CXX object caffe2/CMakeFiles/torch_cpu.dir/__/torch/csrc/distributed/rpc/profiler/server_process_global_profiler.cpp.o
[ 64%] Building CXX object caffe2/CMakeFiles/torch_cpu.dir/__/torch/csrc/distributed/rpc/python_call.cpp.o
[ 64%] Building CXX object caffe2/CMakeFiles/torch_cpu.dir/__/torch/csrc/distributed/rpc/python_remote_call.cpp.o
[ 64%] Building CXX object caffe2/CMakeFiles/torch_cpu.dir/__/torch/csrc/distributed/rpc/python_resp.cpp.o
[ 64%] Building CXX object caffe2/CMakeFiles/torch_cpu.dir/__/torch/csrc/distributed/rpc/request_callback.cpp.o
[ 64%] Building CXX object caffe2/CMakeFiles/torch_cpu.dir/__/torch/csrc/distributed/rpc/request_callback_no_python.cpp.o
[ 64%] Building CXX object caffe2/CMakeFiles/torch_cpu.dir/__/torch/csrc/distributed/rpc/rpc_agent.cpp.o
[ 64%] Building CXX object caffe2/CMakeFiles/torch_cpu.dir/__/torch/csrc/distributed/rpc/rref_context.cpp.o
[ 64%] Building CXX object caffe2/CMakeFiles/torch_cpu.dir/__/torch/csrc/distributed/rpc/rref_proto.cpp.o
[ 64%] Building CXX object caffe2/CMakeFiles/torch_cpu.dir/__/torch/csrc/distributed/rpc/rref_impl.cpp.o
[ 64%] Building CXX object caffe2/CMakeFiles/torch_cpu.dir/__/torch/csrc/distributed/rpc/script_call.cpp.o
[ 64%] Building CXX object caffe2/CMakeFiles/torch_cpu.dir/__/torch/csrc/distributed/rpc/script_remote_call.cpp.o
[ 64%] Building CXX object caffe2/CMakeFiles/torch_cpu.dir/__/torch/csrc/distributed/rpc/script_resp.cpp.o
[ 64%] Building CXX object caffe2/CMakeFiles/torch_cpu.dir/__/torch/csrc/distributed/rpc/torchscript_functions.cpp.o
[ 64%] Building CXX object caffe2/CMakeFiles/torch_cpu.dir/__/torch/csrc/distributed/rpc/types.cpp.o
[ 64%] Building CXX object caffe2/CMakeFiles/torch_cpu.dir/__/torch/csrc/distributed/rpc/utils.cpp.o
[ 64%] Building CXX object caffe2/CMakeFiles/torch_cpu.dir/__/torch/csrc/distributed/rpc/metrics/registry.cpp.o
[ 64%] Building CXX object caffe2/CMakeFiles/torch_cpu.dir/__/torch/csrc/api/src/cuda.cpp.o
[ 64%] Building CXX object caffe2/CMakeFiles/torch_cpu.dir/__/torch/csrc/api/src/data/datasets/mnist.cpp.o
[ 64%] Building CXX object caffe2/CMakeFiles/torch_cpu.dir/__/torch/csrc/api/src/data/samplers/distributed.cpp.o
[ 64%] Building CXX object caffe2/CMakeFiles/torch_cpu.dir/__/torch/csrc/api/src/data/samplers/random.cpp.o
[ 64%] Building CXX object caffe2/CMakeFiles/torch_cpu.dir/__/torch/csrc/api/src/data/samplers/sequential.cpp.o
[ 64%] Building CXX object caffe2/CMakeFiles/torch_cpu.dir/__/torch/csrc/api/src/data/samplers/stream.cpp.o
[ 64%] Building CXX object caffe2/CMakeFiles/torch_cpu.dir/__/torch/csrc/api/src/enum.cpp.o
[ 64%] Building CXX object caffe2/CMakeFiles/torch_cpu.dir/__/torch/csrc/api/src/serialize.cpp.o
[ 64%] Building CXX object caffe2/CMakeFiles/torch_cpu.dir/__/torch/csrc/api/src/nn/init.cpp.o
[ 65%] Building CXX object caffe2/CMakeFiles/torch_cpu.dir/__/torch/csrc/api/src/nn/module.cpp.o
[ 65%] Building CXX object caffe2/CMakeFiles/torch_cpu.dir/__/torch/csrc/api/src/nn/modules/_functions.cpp.o
[ 65%] Building CXX object caffe2/CMakeFiles/torch_cpu.dir/__/torch/csrc/api/src/nn/modules/activation.cpp.o
[ 65%] Building CXX object caffe2/CMakeFiles/torch_cpu.dir/__/torch/csrc/api/src/nn/modules/adaptive.cpp.o
[ 65%] Building CXX object caffe2/CMakeFiles/torch_cpu.dir/__/torch/csrc/api/src/nn/modules/batchnorm.cpp.o
[ 65%] Building CXX object caffe2/CMakeFiles/torch_cpu.dir/__/torch/csrc/api/src/nn/modules/normalization.cpp.o
[ 65%] Building CXX object caffe2/CMakeFiles/torch_cpu.dir/__/torch/csrc/api/src/nn/modules/instancenorm.cpp.o
[ 65%] Building CXX object caffe2/CMakeFiles/torch_cpu.dir/__/torch/csrc/api/src/nn/modules/conv.cpp.o
[ 65%] Building CXX object caffe2/CMakeFiles/torch_cpu.dir/__/torch/csrc/api/src/nn/modules/dropout.cpp.o
[ 65%] Building CXX object caffe2/CMakeFiles/torch_cpu.dir/__/torch/csrc/api/src/nn/modules/distance.cpp.o
[ 65%] Building CXX object caffe2/CMakeFiles/torch_cpu.dir/__/torch/csrc/api/src/nn/modules/embedding.cpp.o
[ 65%] Building CXX object caffe2/CMakeFiles/torch_cpu.dir/__/torch/csrc/api/src/nn/modules/fold.cpp.o
[ 65%] Building CXX object caffe2/CMakeFiles/torch_cpu.dir/__/torch/csrc/api/src/nn/modules/linear.cpp.o
[ 65%] Building CXX object caffe2/CMakeFiles/torch_cpu.dir/__/torch/csrc/api/src/nn/modules/loss.cpp.o
[ 65%] Building CXX object caffe2/CMakeFiles/torch_cpu.dir/__/torch/csrc/api/src/nn/modules/padding.cpp.o
[ 65%] Building CXX object caffe2/CMakeFiles/torch_cpu.dir/__/torch/csrc/api/src/nn/modules/pixelshuffle.cpp.o
[ 65%] Building CXX object caffe2/CMakeFiles/torch_cpu.dir/__/torch/csrc/api/src/nn/modules/pooling.cpp.o
[ 65%] Building CXX object caffe2/CMakeFiles/torch_cpu.dir/__/torch/csrc/api/src/nn/modules/rnn.cpp.o
[ 65%] Building CXX object caffe2/CMakeFiles/torch_cpu.dir/__/torch/csrc/api/src/nn/modules/upsampling.cpp.o
[ 65%] Building CXX object caffe2/CMakeFiles/torch_cpu.dir/__/torch/csrc/api/src/nn/modules/container/functional.cpp.o
[ 65%] Building CXX object caffe2/CMakeFiles/torch_cpu.dir/__/torch/csrc/api/src/nn/options/activation.cpp.o
[ 65%] Building CXX object caffe2/CMakeFiles/torch_cpu.dir/__/torch/csrc/api/src/nn/options/adaptive.cpp.o
[ 65%] Building CXX object caffe2/CMakeFiles/torch_cpu.dir/__/torch/csrc/api/src/nn/options/batchnorm.cpp.o
[ 65%] Building CXX object caffe2/CMakeFiles/torch_cpu.dir/__/torch/csrc/api/src/nn/options/embedding.cpp.o
[ 65%] Building CXX object caffe2/CMakeFiles/torch_cpu.dir/__/torch/csrc/api/src/nn/options/instancenorm.cpp.o
[ 65%] Building CXX object caffe2/CMakeFiles/torch_cpu.dir/__/torch/csrc/api/src/nn/options/normalization.cpp.o
[ 65%] Building CXX object caffe2/CMakeFiles/torch_cpu.dir/__/torch/csrc/api/src/nn/options/conv.cpp.o
[ 65%] Building CXX object caffe2/CMakeFiles/torch_cpu.dir/__/torch/csrc/api/src/nn/options/dropout.cpp.o
[ 65%] Building CXX object caffe2/CMakeFiles/torch_cpu.dir/__/torch/csrc/api/src/nn/options/linear.cpp.o
[ 65%] Building CXX object caffe2/CMakeFiles/torch_cpu.dir/__/torch/csrc/api/src/nn/options/padding.cpp.o
[ 65%] Building CXX object caffe2/CMakeFiles/torch_cpu.dir/__/torch/csrc/api/src/nn/options/pooling.cpp.o
[ 65%] Building CXX object caffe2/CMakeFiles/torch_cpu.dir/__/torch/csrc/api/src/nn/options/rnn.cpp.o
[ 65%] Building CXX object caffe2/CMakeFiles/torch_cpu.dir/__/torch/csrc/api/src/nn/options/vision.cpp.o
[ 65%] Building CXX object caffe2/CMakeFiles/torch_cpu.dir/__/torch/csrc/api/src/optim/adagrad.cpp.o
[ 66%] Building CXX object caffe2/CMakeFiles/torch_cpu.dir/__/torch/csrc/api/src/optim/adam.cpp.o
[ 66%] Building CXX object caffe2/CMakeFiles/torch_cpu.dir/__/torch/csrc/api/src/optim/adamw.cpp.o
[ 66%] Building CXX object caffe2/CMakeFiles/torch_cpu.dir/__/torch/csrc/api/src/optim/lbfgs.cpp.o
[ 66%] Building CXX object caffe2/CMakeFiles/torch_cpu.dir/__/torch/csrc/api/src/optim/optimizer.cpp.o
[ 66%] Building CXX object caffe2/CMakeFiles/torch_cpu.dir/__/torch/csrc/api/src/optim/rmsprop.cpp.o
[ 66%] Building CXX object caffe2/CMakeFiles/torch_cpu.dir/__/torch/csrc/api/src/optim/serialize.cpp.o
[ 66%] Building CXX object caffe2/CMakeFiles/torch_cpu.dir/__/torch/csrc/api/src/optim/sgd.cpp.o
Scanning dependencies of target gloo_cuda
[ 66%] Building CXX object caffe2/CMakeFiles/torch_cpu.dir/__/torch/csrc/api/src/serialize/input-archive.cpp.o
[ 66%] Building CXX object caffe2/CMakeFiles/torch_cpu.dir/__/torch/csrc/api/src/serialize/output-archive.cpp.o
[ 66%] Building CXX object third_party/gloo/gloo/CMakeFiles/gloo_cuda.dir/cuda_allreduce_halving_doubling.cc.o
[ 66%] Building CXX object third_party/gloo/gloo/CMakeFiles/gloo_cuda.dir/cuda_allreduce_bcube.cc.o
[ 66%] Building CXX object third_party/gloo/gloo/CMakeFiles/gloo_cuda.dir/cuda_allreduce_local.cc.o
[ 66%] Building CXX object third_party/gloo/gloo/CMakeFiles/gloo_cuda.dir/cuda_allreduce_ring.cc.o
[ 66%] Building CXX object third_party/gloo/gloo/CMakeFiles/gloo_cuda.dir/cuda_allreduce_ring_chunked.cc.o
[ 66%] Building CXX object third_party/gloo/gloo/CMakeFiles/gloo_cuda.dir/cuda_broadcast_one_to_all.cc.o
In file included from /castles/nr/projects/d/duanj-ai-in-medical-imaging/.share/download/t1/pytorch/torch/csrc/utils/tensor_flatten.cpp:1:
/castles/nr/projects/d/duanj-ai-in-medical-imaging/.share/download/t1/pytorch/torch/csrc/utils/tensor_flatten.h: In member function ‘at::DeprecatedTypeProperties& torch::utils::TensorGroup::type()’:
/castles/nr/projects/d/duanj-ai-in-medical-imaging/.share/download/t1/pytorch/torch/csrc/utils/tensor_flatten.h:36:28: warning: ‘at::DeprecatedTypeProperties& at::Tensor::type() const’ is deprecated: Tensor.type() is deprecated. Instead use Tensor.options(), which in many cases (e.g. in a constructor) is a drop-in replacement. If you were using data from type(), that is now available from Tensor itself, so instead of tensor.type().scalar_type(), use tensor.scalar_type() instead and instead of tensor.type().backend() use tensor.device(). [-Wdeprecated-declarations]
     return tensors[0].type();
                            ^
In file included from /castles/nr/projects/d/duanj-ai-in-medical-imaging/.share/download/t1/pytorch/aten/src/ATen/Tensor.h:3,
                 from /castles/nr/projects/d/duanj-ai-in-medical-imaging/.share/download/t1/pytorch/aten/src/ATen/Context.h:4,
                 from /castles/nr/projects/d/duanj-ai-in-medical-imaging/.share/download/t1/pytorch/aten/src/ATen/ATen.h:9,
                 from /castles/nr/projects/d/duanj-ai-in-medical-imaging/.share/download/t1/pytorch/torch/csrc/utils/tensor_flatten.h:5,
                 from /castles/nr/projects/d/duanj-ai-in-medical-imaging/.share/download/t1/pytorch/torch/csrc/utils/tensor_flatten.cpp:1:
/castles/nr/projects/d/duanj-ai-in-medical-imaging/.share/download/t1/pytorch/build/aten/src/ATen/core/TensorBody.h:282:30: note: declared here
   DeprecatedTypeProperties & type() const {
                              ^~~~
/castles/nr/projects/d/duanj-ai-in-medical-imaging/.share/download/t1/pytorch/torch/csrc/utils/tensor_flatten.cpp: In function ‘std::vector<torch::utils::TensorGroup> torch::utils::take_tensors(at::TensorList, size_t, bool)’:
/castles/nr/projects/d/duanj-ai-in-medical-imaging/.share/download/t1/pytorch/torch/csrc/utils/tensor_flatten.cpp:31:43: warning: ‘at::DeprecatedTypeProperties& at::Tensor::type() const’ is deprecated: Tensor.type() is deprecated. Instead use Tensor.options(), which in many cases (e.g. in a constructor) is a drop-in replacement. If you were using data from type(), that is now available from Tensor itself, so instead of tensor.type().scalar_type(), use tensor.scalar_type() instead and instead of tensor.type().backend() use tensor.device(). [-Wdeprecated-declarations]
     auto& type_group = groups[tensor.type().id()];
                                           ^
In file included from /castles/nr/projects/d/duanj-ai-in-medical-imaging/.share/download/t1/pytorch/aten/src/ATen/Tensor.h:3,
                 from /castles/nr/projects/d/duanj-ai-in-medical-imaging/.share/download/t1/pytorch/aten/src/ATen/Context.h:4,
                 from /castles/nr/projects/d/duanj-ai-in-medical-imaging/.share/download/t1/pytorch/aten/src/ATen/ATen.h:9,
                 from /castles/nr/projects/d/duanj-ai-in-medical-imaging/.share/download/t1/pytorch/torch/csrc/utils/tensor_flatten.h:5,
                 from /castles/nr/projects/d/duanj-ai-in-medical-imaging/.share/download/t1/pytorch/torch/csrc/utils/tensor_flatten.cpp:1:
/castles/nr/projects/d/duanj-ai-in-medical-imaging/.share/download/t1/pytorch/build/aten/src/ATen/core/TensorBody.h:282:30: note: declared here
   DeprecatedTypeProperties & type() const {
                              ^~~~
/castles/nr/projects/d/duanj-ai-in-medical-imaging/.share/download/t1/pytorch/torch/csrc/utils/tensor_flatten.cpp: In function ‘void torch::utils::reorder_tensors_like(std::vector<at::Tensor>&, at::TensorList)’:
/castles/nr/projects/d/duanj-ai-in-medical-imaging/.share/download/t1/pytorch/torch/csrc/utils/tensor_flatten.cpp:69:35: warning: ‘at::DeprecatedTypeProperties& at::Tensor::type() const’ is deprecated: Tensor.type() is deprecated. Instead use Tensor.options(), which in many cases (e.g. in a constructor) is a drop-in replacement. If you were using data from type(), that is now available from Tensor itself, so instead of tensor.type().scalar_type(), use tensor.scalar_type() instead and instead of tensor.type().backend() use tensor.device(). [-Wdeprecated-declarations]
     type_indices[&tensors[i].type()].push_back(i);
                                   ^
In file included from /castles/nr/projects/d/duanj-ai-in-medical-imaging/.share/download/t1/pytorch/aten/src/ATen/Tensor.h:3,
                 from /castles/nr/projects/d/duanj-ai-in-medical-imaging/.share/download/t1/pytorch/aten/src/ATen/Context.h:4,
                 from /castles/nr/projects/d/duanj-ai-in-medical-imaging/.share/download/t1/pytorch/aten/src/ATen/ATen.h:9,
                 from /castles/nr/projects/d/duanj-ai-in-medical-imaging/.share/download/t1/pytorch/torch/csrc/utils/tensor_flatten.h:5,
                 from /castles/nr/projects/d/duanj-ai-in-medical-imaging/.share/download/t1/pytorch/torch/csrc/utils/tensor_flatten.cpp:1:
/castles/nr/projects/d/duanj-ai-in-medical-imaging/.share/download/t1/pytorch/build/aten/src/ATen/core/TensorBody.h:282:30: note: declared here
   DeprecatedTypeProperties & type() const {
                              ^~~~
/castles/nr/projects/d/duanj-ai-in-medical-imaging/.share/download/t1/pytorch/torch/csrc/utils/tensor_flatten.cpp:75:37: warning: ‘at::DeprecatedTypeProperties& at::Tensor::type() const’ is deprecated: Tensor.type() is deprecated. Instead use Tensor.options(), which in many cases (e.g. in a constructor) is a drop-in replacement. If you were using data from type(), that is now available from Tensor itself, so instead of tensor.type().scalar_type(), use tensor.scalar_type() instead and instead of tensor.type().backend() use tensor.device(). [-Wdeprecated-declarations]
     auto * type = &tmpl_tensor.type();
                                     ^
In file included from /castles/nr/projects/d/duanj-ai-in-medical-imaging/.share/download/t1/pytorch/aten/src/ATen/Tensor.h:3,
                 from /castles/nr/projects/d/duanj-ai-in-medical-imaging/.share/download/t1/pytorch/aten/src/ATen/Context.h:4,
                 from /castles/nr/projects/d/duanj-ai-in-medical-imaging/.share/download/t1/pytorch/aten/src/ATen/ATen.h:9,
                 from /castles/nr/projects/d/duanj-ai-in-medical-imaging/.share/download/t1/pytorch/torch/csrc/utils/tensor_flatten.h:5,
                 from /castles/nr/projects/d/duanj-ai-in-medical-imaging/.share/download/t1/pytorch/torch/csrc/utils/tensor_flatten.cpp:1:
/castles/nr/projects/d/duanj-ai-in-medical-imaging/.share/download/t1/pytorch/build/aten/src/ATen/core/TensorBody.h:282:30: note: declared here
   DeprecatedTypeProperties & type() const {
                              ^~~~
/castles/nr/projects/d/duanj-ai-in-medical-imaging/.share/download/t1/pytorch/torch/csrc/jit/runtime/register_prim_ops.cpp:143:35: warning: ‘torch::jit::Operator::Operator(std::__cxx11::string, std::function<int(std::vector<c10::IValue>&)>, c10::AliasAnalysisKind)’ is deprecated: Please define your operator as taking a `Stack*` argument instead of `Stack&` and as returning `void` instead of `int`. [-Wdeprecated-declarations]
          aliasAnalysisFromSchema()),
                                   ^
In file included from /castles/nr/projects/d/duanj-ai-in-medical-imaging/.share/download/t1/pytorch/torch/csrc/jit/ir/ir.h:7,
                 from /castles/nr/projects/d/duanj-ai-in-medical-imaging/.share/download/t1/pytorch/torch/csrc/jit/api/function_impl.h:4,
                 from /castles/nr/projects/d/duanj-ai-in-medical-imaging/.share/download/t1/pytorch/torch/csrc/jit/api/method.h:5,
                 from /castles/nr/projects/d/duanj-ai-in-medical-imaging/.share/download/t1/pytorch/torch/csrc/jit/api/object.h:5,
                 from /castles/nr/projects/d/duanj-ai-in-medical-imaging/.share/download/t1/pytorch/torch/csrc/jit/frontend/tracer.h:9,
                 from /castles/nr/projects/d/duanj-ai-in-medical-imaging/.share/download/t1/pytorch/torch/csrc/autograd/generated/variable_factories.h:12,
                 from /castles/nr/projects/d/duanj-ai-in-medical-imaging/.share/download/t1/pytorch/torch/csrc/jit/runtime/register_ops_utils.h:8,
                 from /castles/nr/projects/d/duanj-ai-in-medical-imaging/.share/download/t1/pytorch/torch/csrc/jit/runtime/register_prim_ops.cpp:1:
/castles/nr/projects/d/duanj-ai-in-medical-imaging/.share/download/t1/pytorch/torch/csrc/jit/runtime/operator.h:87:3: note: declared here
   Operator(
   ^~~~~~~~
/castles/nr/projects/d/duanj-ai-in-medical-imaging/.share/download/t1/pytorch/torch/csrc/jit/runtime/register_prim_ops.cpp:163:35: warning: ‘torch::jit::Operator::Operator(std::__cxx11::string, std::function<int(std::vector<c10::IValue>&)>, c10::AliasAnalysisKind)’ is deprecated: Please define your operator as taking a `Stack*` argument instead of `Stack&` and as returning `void` instead of `int`. [-Wdeprecated-declarations]
          aliasAnalysisFromSchema()),
                                   ^
In file included from /castles/nr/projects/d/duanj-ai-in-medical-imaging/.share/download/t1/pytorch/torch/csrc/jit/ir/ir.h:7,
                 from /castles/nr/projects/d/duanj-ai-in-medical-imaging/.share/download/t1/pytorch/torch/csrc/jit/api/function_impl.h:4,
                 from /castles/nr/projects/d/duanj-ai-in-medical-imaging/.share/download/t1/pytorch/torch/csrc/jit/api/method.h:5,
                 from /castles/nr/projects/d/duanj-ai-in-medical-imaging/.share/download/t1/pytorch/torch/csrc/jit/api/object.h:5,
                 from /castles/nr/projects/d/duanj-ai-in-medical-imaging/.share/download/t1/pytorch/torch/csrc/jit/frontend/tracer.h:9,
                 from /castles/nr/projects/d/duanj-ai-in-medical-imaging/.share/download/t1/pytorch/torch/csrc/autograd/generated/variable_factories.h:12,
                 from /castles/nr/projects/d/duanj-ai-in-medical-imaging/.share/download/t1/pytorch/torch/csrc/jit/runtime/register_ops_utils.h:8,
                 from /castles/nr/projects/d/duanj-ai-in-medical-imaging/.share/download/t1/pytorch/torch/csrc/jit/runtime/register_prim_ops.cpp:1:
/castles/nr/projects/d/duanj-ai-in-medical-imaging/.share/download/t1/pytorch/torch/csrc/jit/runtime/operator.h:87:3: note: declared here
   Operator(
   ^~~~~~~~
/castles/nr/projects/d/duanj-ai-in-medical-imaging/.share/download/t1/pytorch/torch/csrc/jit/runtime/register_prim_ops.cpp:172:35: warning: ‘torch::jit::Operator::Operator(std::__cxx11::string, std::function<int(std::vector<c10::IValue>&)>, c10::AliasAnalysisKind)’ is deprecated: Please define your operator as taking a `Stack*` argument instead of `Stack&` and as returning `void` instead of `int`. [-Wdeprecated-declarations]
          aliasAnalysisFromSchema()),
                                   ^
In file included from /castles/nr/projects/d/duanj-ai-in-medical-imaging/.share/download/t1/pytorch/torch/csrc/jit/ir/ir.h:7,
                 from /castles/nr/projects/d/duanj-ai-in-medical-imaging/.share/download/t1/pytorch/torch/csrc/jit/api/function_impl.h:4,
                 from /castles/nr/projects/d/duanj-ai-in-medical-imaging/.share/download/t1/pytorch/torch/csrc/jit/api/method.h:5,
                 from /castles/nr/projects/d/duanj-ai-in-medical-imaging/.share/download/t1/pytorch/torch/csrc/jit/api/object.h:5,
                 from /castles/nr/projects/d/duanj-ai-in-medical-imaging/.share/download/t1/pytorch/torch/csrc/jit/frontend/tracer.h:9,
                 from /castles/nr/projects/d/duanj-ai-in-medical-imaging/.share/download/t1/pytorch/torch/csrc/autograd/generated/variable_factories.h:12,
                 from /castles/nr/projects/d/duanj-ai-in-medical-imaging/.share/download/t1/pytorch/torch/csrc/jit/runtime/register_ops_utils.h:8,
                 from /castles/nr/projects/d/duanj-ai-in-medical-imaging/.share/download/t1/pytorch/torch/csrc/jit/runtime/register_prim_ops.cpp:1:
/castles/nr/projects/d/duanj-ai-in-medical-imaging/.share/download/t1/pytorch/torch/csrc/jit/runtime/operator.h:87:3: note: declared here
   Operator(
   ^~~~~~~~
/castles/nr/projects/d/duanj-ai-in-medical-imaging/.share/download/t1/pytorch/torch/csrc/jit/runtime/register_prim_ops.cpp:685:35: warning: ‘torch::jit::Operator::Operator(std::__cxx11::string, std::function<int(std::vector<c10::IValue>&)>, c10::AliasAnalysisKind)’ is deprecated: Please define your operator as taking a `Stack*` argument instead of `Stack&` and as returning `void` instead of `int`. [-Wdeprecated-declarations]
          aliasAnalysisFromSchema()),
                                   ^
In file included from /castles/nr/projects/d/duanj-ai-in-medical-imaging/.share/download/t1/pytorch/torch/csrc/jit/ir/ir.h:7,
                 from /castles/nr/projects/d/duanj-ai-in-medical-imaging/.share/download/t1/pytorch/torch/csrc/jit/api/function_impl.h:4,
                 from /castles/nr/projects/d/duanj-ai-in-medical-imaging/.share/download/t1/pytorch/torch/csrc/jit/api/method.h:5,
                 from /castles/nr/projects/d/duanj-ai-in-medical-imaging/.share/download/t1/pytorch/torch/csrc/jit/api/object.h:5,
                 from /castles/nr/projects/d/duanj-ai-in-medical-imaging/.share/download/t1/pytorch/torch/csrc/jit/frontend/tracer.h:9,
                 from /castles/nr/projects/d/duanj-ai-in-medical-imaging/.share/download/t1/pytorch/torch/csrc/autograd/generated/variable_factories.h:12,
                 from /castles/nr/projects/d/duanj-ai-in-medical-imaging/.share/download/t1/pytorch/torch/csrc/jit/runtime/register_ops_utils.h:8,
                 from /castles/nr/projects/d/duanj-ai-in-medical-imaging/.share/download/t1/pytorch/torch/csrc/jit/runtime/register_prim_ops.cpp:1:
/castles/nr/projects/d/duanj-ai-in-medical-imaging/.share/download/t1/pytorch/torch/csrc/jit/runtime/operator.h:87:3: note: declared here
   Operator(
   ^~~~~~~~
/castles/nr/projects/d/duanj-ai-in-medical-imaging/.share/download/t1/pytorch/torch/csrc/jit/runtime/register_prim_ops.cpp:697:35: warning: ‘torch::jit::Operator::Operator(std::__cxx11::string, std::function<int(std::vector<c10::IValue>&)>, c10::AliasAnalysisKind)’ is deprecated: Please define your operator as taking a `Stack*` argument instead of `Stack&` and as returning `void` instead of `int`. [-Wdeprecated-declarations]
          aliasAnalysisFromSchema()),
                                   ^
In file included from /castles/nr/projects/d/duanj-ai-in-medical-imaging/.share/download/t1/pytorch/torch/csrc/jit/ir/ir.h:7,
                 from /castles/nr/projects/d/duanj-ai-in-medical-imaging/.share/download/t1/pytorch/torch/csrc/jit/api/function_impl.h:4,
                 from /castles/nr/projects/d/duanj-ai-in-medical-imaging/.share/download/t1/pytorch/torch/csrc/jit/api/method.h:5,
                 from /castles/nr/projects/d/duanj-ai-in-medical-imaging/.share/download/t1/pytorch/torch/csrc/jit/api/object.h:5,
                 from /castles/nr/projects/d/duanj-ai-in-medical-imaging/.share/download/t1/pytorch/torch/csrc/jit/frontend/tracer.h:9,
                 from /castles/nr/projects/d/duanj-ai-in-medical-imaging/.share/download/t1/pytorch/torch/csrc/autograd/generated/variable_factories.h:12,
                 from /castles/nr/projects/d/duanj-ai-in-medical-imaging/.share/download/t1/pytorch/torch/csrc/jit/runtime/register_ops_utils.h:8,
                 from /castles/nr/projects/d/duanj-ai-in-medical-imaging/.share/download/t1/pytorch/torch/csrc/jit/runtime/register_prim_ops.cpp:1:
/castles/nr/projects/d/duanj-ai-in-medical-imaging/.share/download/t1/pytorch/torch/csrc/jit/runtime/operator.h:87:3: note: declared here
   Operator(
   ^~~~~~~~
/castles/nr/projects/d/duanj-ai-in-medical-imaging/.share/download/t1/pytorch/torch/csrc/jit/runtime/register_prim_ops.cpp:709:35: warning: ‘torch::jit::Operator::Operator(std::__cxx11::string, std::function<int(std::vector<c10::IValue>&)>, c10::AliasAnalysisKind)’ is deprecated: Please define your operator as taking a `Stack*` argument instead of `Stack&` and as returning `void` instead of `int`. [-Wdeprecated-declarations]
          aliasAnalysisFromSchema()),
                                   ^
In file included from /castles/nr/projects/d/duanj-ai-in-medical-imaging/.share/download/t1/pytorch/torch/csrc/jit/ir/ir.h:7,
                 from /castles/nr/projects/d/duanj-ai-in-medical-imaging/.share/download/t1/pytorch/torch/csrc/jit/api/function_impl.h:4,
                 from /castles/nr/projects/d/duanj-ai-in-medical-imaging/.share/download/t1/pytorch/torch/csrc/jit/api/method.h:5,
                 from /castles/nr/projects/d/duanj-ai-in-medical-imaging/.share/download/t1/pytorch/torch/csrc/jit/api/object.h:5,
                 from /castles/nr/projects/d/duanj-ai-in-medical-imaging/.share/download/t1/pytorch/torch/csrc/jit/frontend/tracer.h:9,
                 from /castles/nr/projects/d/duanj-ai-in-medical-imaging/.share/download/t1/pytorch/torch/csrc/autograd/generated/variable_factories.h:12,
                 from /castles/nr/projects/d/duanj-ai-in-medical-imaging/.share/download/t1/pytorch/torch/csrc/jit/runtime/register_ops_utils.h:8,
                 from /castles/nr/projects/d/duanj-ai-in-medical-imaging/.share/download/t1/pytorch/torch/csrc/jit/runtime/register_prim_ops.cpp:1:
/castles/nr/projects/d/duanj-ai-in-medical-imaging/.share/download/t1/pytorch/torch/csrc/jit/runtime/operator.h:87:3: note: declared here
   Operator(
   ^~~~~~~~
/castles/nr/projects/d/duanj-ai-in-medical-imaging/.share/download/t1/pytorch/torch/csrc/jit/runtime/register_prim_ops.cpp:720:35: warning: ‘torch::jit::Operator::Operator(std::__cxx11::string, std::function<int(std::vector<c10::IValue>&)>, c10::AliasAnalysisKind)’ is deprecated: Please define your operator as taking a `Stack*` argument instead of `Stack&` and as returning `void` instead of `int`. [-Wdeprecated-declarations]
          aliasAnalysisFromSchema()),
                                   ^
In file included from /castles/nr/projects/d/duanj-ai-in-medical-imaging/.share/download/t1/pytorch/torch/csrc/jit/ir/ir.h:7,
                 from /castles/nr/projects/d/duanj-ai-in-medical-imaging/.share/download/t1/pytorch/torch/csrc/jit/api/function_impl.h:4,
                 from /castles/nr/projects/d/duanj-ai-in-medical-imaging/.share/download/t1/pytorch/torch/csrc/jit/api/method.h:5,
                 from /castles/nr/projects/d/duanj-ai-in-medical-imaging/.share/download/t1/pytorch/torch/csrc/jit/api/object.h:5,
                 from /castles/nr/projects/d/duanj-ai-in-medical-imaging/.share/download/t1/pytorch/torch/csrc/jit/frontend/tracer.h:9,
                 from /castles/nr/projects/d/duanj-ai-in-medical-imaging/.share/download/t1/pytorch/torch/csrc/autograd/generated/variable_factories.h:12,
                 from /castles/nr/projects/d/duanj-ai-in-medical-imaging/.share/download/t1/pytorch/torch/csrc/jit/runtime/register_ops_utils.h:8,
                 from /castles/nr/projects/d/duanj-ai-in-medical-imaging/.share/download/t1/pytorch/torch/csrc/jit/runtime/register_prim_ops.cpp:1:
/castles/nr/projects/d/duanj-ai-in-medical-imaging/.share/download/t1/pytorch/torch/csrc/jit/runtime/operator.h:87:3: note: declared here
   Operator(
   ^~~~~~~~
[ 66%] Linking CXX static library ../../../lib/libgloo_cuda.a
[ 66%] Built target gloo_cuda
In file included from /castles/nr/projects/d/duanj-ai-in-medical-imaging/.share/download/t1/pytorch/third_party/onnx/onnx/defs/shape_inference.h:4,
                 from /castles/nr/projects/d/duanj-ai-in-medical-imaging/.share/download/t1/pytorch/third_party/onnx/onnx/defs/schema.h:24,
                 from /castles/nr/projects/d/duanj-ai-in-medical-imaging/.share/download/t1/pytorch/third_party/onnx/onnx/checker.h:7,
                 from /castles/nr/projects/d/duanj-ai-in-medical-imaging/.share/download/t1/pytorch/torch/csrc/jit/serialization/export.cpp:14:
/castles/nr/projects/d/duanj-ai-in-medical-imaging/.share/download/t1/pytorch/third_party/onnx/onnx/proto_utils.h: In instantiation of ‘bool onnx_torch::ParseProtoFromBytes(Proto*, const char*, size_t) [with Proto = onnx_torch::ModelProto; size_t = long unsigned int]’:
/castles/nr/projects/d/duanj-ai-in-medical-imaging/.share/download/t1/pytorch/torch/csrc/jit/serialization/export.cpp:1050:77:   required from here
/castles/nr/projects/d/duanj-ai-in-medical-imaging/.share/download/t1/pytorch/third_party/onnx/onnx/proto_utils.h:34:34: warning: ‘void google::protobuf::io::CodedInputStream::SetTotalBytesLimit(int, int)’ is deprecated: Please use the single parameter version of SetTotalBytesLimit(). The second parameter is ignored. [-Wdeprecated-declarations]
   coded_stream.SetTotalBytesLimit((2048LL << 20) - 1, 512LL << 20);
   ~~~~~~~~~~~~~~~~~~~~~~~~~~~~~~~^~~~~~~~~~~~~~~~~~~~~~~~~~~~~~~~~
In file included from /castles/nr/projects/d/duanj-ai-in-medical-imaging/.share/download/t1/pytorch/build/third_party/onnx/onnx/onnx_onnx_torch-ml.pb.h:23,
                 from /castles/nr/projects/d/duanj-ai-in-medical-imaging/.share/download/t1/pytorch/build/third_party/onnx/onnx/onnx-ml.pb.h:2,
                 from /castles/nr/projects/d/duanj-ai-in-medical-imaging/.share/download/t1/pytorch/third_party/onnx/onnx/onnx_pb.h:50,
                 from /castles/nr/projects/d/duanj-ai-in-medical-imaging/.share/download/t1/pytorch/third_party/onnx/onnx/onnx-operators_pb.h:6,
                 from /castles/nr/projects/d/duanj-ai-in-medical-imaging/.share/download/t1/pytorch/third_party/onnx/onnx/defs/attr_proto_util.h:6,
                 from /castles/nr/projects/d/duanj-ai-in-medical-imaging/.share/download/t1/pytorch/third_party/onnx/onnx/defs/function.h:11,
                 from /castles/nr/projects/d/duanj-ai-in-medical-imaging/.share/download/t1/pytorch/third_party/onnx/onnx/checker.h:6,
                 from /castles/nr/projects/d/duanj-ai-in-medical-imaging/.share/download/t1/pytorch/torch/csrc/jit/serialization/export.cpp:14:
/castles/nr/projects/d/duanj-ai-in-medical-imaging/.share/download/t1/pytorch/third_party/protobuf/src/google/protobuf/io/coded_stream.h:397:8: note: declared here
   void SetTotalBytesLimit(int total_bytes_limit, int) {
        ^~~~~~~~~~~~~~~~~~
[ 66%] Linking CXX shared library ../lib/libtorch_cpu.so
[ 66%] Built target torch_cpu
[ 66%] Building NVCC (Device) object caffe2/CMakeFiles/torch_cuda.dir/__/aten/src/THC/torch_cuda_generated_THCReduceApplyUtils.cu.o
[ 66%] Building NVCC (Device) object caffe2/CMakeFiles/torch_cuda.dir/__/aten/src/THC/torch_cuda_generated_THCBlas.cu.o
[ 66%] Building NVCC (Device) object caffe2/CMakeFiles/torch_cuda.dir/__/aten/src/THC/torch_cuda_generated_THCStorage.cu.o
[ 66%] Building NVCC (Device) object caffe2/CMakeFiles/torch_cuda.dir/__/aten/src/THC/torch_cuda_generated_THCSleep.cu.o
[ 66%] Building NVCC (Device) object caffe2/CMakeFiles/torch_cuda.dir/__/aten/src/THC/torch_cuda_generated_THCTensor.cu.o
[ 66%] Building NVCC (Device) object caffe2/CMakeFiles/torch_cuda.dir/__/aten/src/THC/torch_cuda_generated_THCTensorMathMagma.cu.o
[ 66%] Building NVCC (Device) object caffe2/CMakeFiles/torch_cuda.dir/__/aten/src/THC/torch_cuda_generated_THCTensorMathBlas.cu.o
[ 66%] Building NVCC (Device) object caffe2/CMakeFiles/torch_cuda.dir/__/aten/src/THC/torch_cuda_generated_THCSortUtils.cu.o
[ 66%] Building NVCC (Device) object caffe2/CMakeFiles/torch_cuda.dir/__/aten/src/THC/torch_cuda_generated_THCTensorSort.cu.o
[ 66%] Building NVCC (Device) object caffe2/CMakeFiles/torch_cuda.dir/__/aten/src/THC/torch_cuda_generated_THCTensorRandom.cu.o
[ 66%] Building NVCC (Device) object caffe2/CMakeFiles/torch_cuda.dir/__/aten/src/THC/torch_cuda_generated_THCTensorMathReduce.cu.o
[ 66%] Building NVCC (Device) object caffe2/CMakeFiles/torch_cuda.dir/__/aten/src/THC/torch_cuda_generated_THCTensorCopy.cu.o
[ 66%] Building NVCC (Device) object caffe2/CMakeFiles/torch_cuda.dir/__/aten/src/THC/torch_cuda_generated_THCStorageCopy.cu.o
[ 66%] Building NVCC (Device) object caffe2/CMakeFiles/torch_cuda.dir/__/aten/src/THC/generated/torch_cuda_generated_THCTensorMathPointwiseByte.cu.o
[ 66%] Building NVCC (Device) object caffe2/CMakeFiles/torch_cuda.dir/__/aten/src/THC/generated/torch_cuda_generated_THCTensorMathReduceByte.cu.o
[ 66%] Building NVCC (Device) object caffe2/CMakeFiles/torch_cuda.dir/__/aten/src/THC/generated/torch_cuda_generated_THCTensorSortChar.cu.o
[ 66%] Building NVCC (Device) object caffe2/CMakeFiles/torch_cuda.dir/__/aten/src/THC/torch_cuda_generated_THCTensorMath.cu.o
[ 67%] Building NVCC (Device) object caffe2/CMakeFiles/torch_cuda.dir/__/aten/src/THC/generated/torch_cuda_generated_THCTensorMaskedChar.cu.o
[ 67%] Building NVCC (Device) object caffe2/CMakeFiles/torch_cuda.dir/__/aten/src/THC/generated/torch_cuda_generated_THCTensorTopKShort.cu.o
[ 67%] Building NVCC (Device) object caffe2/CMakeFiles/torch_cuda.dir/__/aten/src/THC/generated/torch_cuda_generated_THCTensorMathPointwiseLong.cu.o
[ 67%] Building NVCC (Device) object caffe2/CMakeFiles/torch_cuda.dir/__/aten/src/THC/generated/torch_cuda_generated_THCTensorTopKChar.cu.o
[ 67%] Building NVCC (Device) object caffe2/CMakeFiles/torch_cuda.dir/__/aten/src/THC/generated/torch_cuda_generated_THCTensorMathReduceChar.cu.o
[ 67%] Building NVCC (Device) object caffe2/CMakeFiles/torch_cuda.dir/__/aten/src/THC/generated/torch_cuda_generated_THCTensorMaskedShort.cu.o
[ 67%] Building NVCC (Device) object caffe2/CMakeFiles/torch_cuda.dir/__/aten/src/THC/generated/torch_cuda_generated_THCTensorSortInt.cu.o
[ 67%] Building NVCC (Device) object caffe2/CMakeFiles/torch_cuda.dir/__/aten/src/THC/torch_cuda_generated_THCTensorIndex.cu.o
[ 67%] Building NVCC (Device) object caffe2/CMakeFiles/torch_cuda.dir/__/aten/src/THC/generated/torch_cuda_generated_THCTensorSortLong.cu.o
[ 67%] Building NVCC (Device) object caffe2/CMakeFiles/torch_cuda.dir/__/aten/src/THC/generated/torch_cuda_generated_THCTensorTopKLong.cu.o
[ 67%] Building NVCC (Device) object caffe2/CMakeFiles/torch_cuda.dir/__/aten/src/THC/generated/torch_cuda_generated_THCTensorTopKHalf.cu.o
[ 67%] Building NVCC (Device) object caffe2/CMakeFiles/torch_cuda.dir/__/aten/src/THC/generated/torch_cuda_generated_THCTensorMaskedLong.cu.o
[ 67%] Building NVCC (Device) object caffe2/CMakeFiles/torch_cuda.dir/__/aten/src/THC/generated/torch_cuda_generated_THCTensorSortShort.cu.o
[ 67%] Building NVCC (Device) object caffe2/CMakeFiles/torch_cuda.dir/__/aten/src/THC/generated/torch_cuda_generated_THCTensorMathReduceLong.cu.o
[ 67%] Building NVCC (Device) object caffe2/CMakeFiles/torch_cuda.dir/__/aten/src/THC/generated/torch_cuda_generated_THCTensorSortHalf.cu.o
[ 67%] Building NVCC (Device) object caffe2/CMakeFiles/torch_cuda.dir/__/aten/src/THC/generated/torch_cuda_generated_THCTensorSortFloat.cu.o
[ 67%] Building NVCC (Device) object caffe2/CMakeFiles/torch_cuda.dir/__/aten/src/THC/generated/torch_cuda_generated_THCTensorTopKInt.cu.o
[ 67%] Building NVCC (Device) object caffe2/CMakeFiles/torch_cuda.dir/__/aten/src/THC/generated/torch_cuda_generated_THCTensorMathPointwiseFloat.cu.o
[ 67%] Building NVCC (Device) object caffe2/CMakeFiles/torch_cuda.dir/__/aten/src/THCUNN/torch_cuda_generated_MultiLabelMarginCriterion.cu.o
[ 67%] Building NVCC (Device) object caffe2/CMakeFiles/torch_cuda.dir/__/aten/src/THC/generated/torch_cuda_generated_THCTensorMathPointwiseChar.cu.o
[ 67%] Building NVCC (Device) object caffe2/CMakeFiles/torch_cuda.dir/__/aten/src/THC/generated/torch_cuda_generated_THCTensorSortDouble.cu.o
[ 67%] Building NVCC (Device) object caffe2/CMakeFiles/torch_cuda.dir/__/aten/src/THC/generated/torch_cuda_generated_THCTensorTopKBFloat16.cu.o
[ 67%] Building NVCC (Device) object caffe2/CMakeFiles/torch_cuda.dir/__/aten/src/THC/generated/torch_cuda_generated_THCTensorMaskedInt.cu.o
[ 67%] Building NVCC (Device) object caffe2/CMakeFiles/torch_cuda.dir/__/aten/src/THC/generated/torch_cuda_generated_THCTensorTopKFloat.cu.o
[ 67%] Building NVCC (Device) object caffe2/CMakeFiles/torch_cuda.dir/__/aten/src/THC/generated/torch_cuda_generated_THCTensorTopKDouble.cu.o
[ 67%] Building NVCC (Device) object caffe2/CMakeFiles/torch_cuda.dir/__/aten/src/THC/generated/torch_cuda_generated_THCTensorMathPointwiseDouble.cu.o
[ 67%] Building NVCC (Device) object caffe2/CMakeFiles/torch_cuda.dir/__/aten/src/THC/generated/torch_cuda_generated_THCTensorMaskedDouble.cu.o
[ 67%] Building NVCC (Device) object caffe2/CMakeFiles/torch_cuda.dir/__/aten/src/THC/generated/torch_cuda_generated_THCTensorMathReduceBFloat16.cu.o
[ 67%] Building NVCC (Device) object caffe2/CMakeFiles/torch_cuda.dir/__/aten/src/THC/generated/torch_cuda_generated_THCTensorMathReduceBool.cu.o
[ 67%] Building NVCC (Device) object caffe2/CMakeFiles/torch_cuda.dir/__/aten/src/THC/generated/torch_cuda_generated_THCTensorMaskedHalf.cu.o
[ 67%] Building NVCC (Device) object caffe2/CMakeFiles/torch_cuda.dir/__/aten/src/THCUNN/torch_cuda_generated_ClassNLLCriterion.cu.o
[ 67%] Building NVCC (Device) object caffe2/CMakeFiles/torch_cuda.dir/__/aten/src/THC/torch_cuda_generated_THCTensorScatterGather.cu.o
[ 67%] Building NVCC (Device) object caffe2/CMakeFiles/torch_cuda.dir/__/aten/src/THCUNN/torch_cuda_generated_LogSigmoid.cu.o
[ 67%] Building NVCC (Device) object caffe2/CMakeFiles/torch_cuda.dir/__/aten/src/THC/torch_cuda_generated_THCTensorMathPairwise.cu.o
[ 67%] Building NVCC (Device) object caffe2/CMakeFiles/torch_cuda.dir/__/aten/src/THC/generated/torch_cuda_generated_THCTensorMathPointwiseShort.cu.o
[ 67%] Building NVCC (Device) object caffe2/CMakeFiles/torch_cuda.dir/__/aten/src/THCUNN/torch_cuda_generated_RReLU.cu.o
[ 67%] Building NVCC (Device) object caffe2/CMakeFiles/torch_cuda.dir/__/aten/src/THC/generated/torch_cuda_generated_THCTensorMathPointwiseInt.cu.o
[ 67%] Building NVCC (Device) object caffe2/CMakeFiles/torch_cuda.dir/__/aten/src/THC/generated/torch_cuda_generated_THCTensorMaskedFloat.cu.o
[ 68%] Building NVCC (Device) object caffe2/CMakeFiles/torch_cuda.dir/__/aten/src/THC/generated/torch_cuda_generated_THCTensorMaskedBool.cu.o
[ 68%] Building NVCC (Device) object caffe2/CMakeFiles/torch_cuda.dir/__/aten/src/THC/generated/torch_cuda_generated_THCTensorMathReduceFloat.cu.o
[ 68%] Building NVCC (Device) object caffe2/CMakeFiles/torch_cuda.dir/__/aten/src/THC/generated/torch_cuda_generated_THCTensorMathReduceInt.cu.o
[ 68%] Building NVCC (Device) object caffe2/CMakeFiles/torch_cuda.dir/__/aten/src/THCUNN/torch_cuda_generated_MultiMarginCriterion.cu.o
[ 68%] Building NVCC (Device) object caffe2/CMakeFiles/torch_cuda.dir/__/aten/src/THCUNN/torch_cuda_generated_GatedLinearUnit.cu.o
[ 68%] Building NVCC (Device) object caffe2/CMakeFiles/torch_cuda.dir/__/aten/src/THC/generated/torch_cuda_generated_THCTensorMaskedBFloat16.cu.o
[ 68%] Building NVCC (Device) object caffe2/CMakeFiles/torch_cuda.dir/__/aten/src/THC/generated/torch_cuda_generated_THCTensorSortBFloat16.cu.o
[ 68%] Building NVCC (Device) object caffe2/CMakeFiles/torch_cuda.dir/__/aten/src/ATen/native/cuda/torch_cuda_generated_AdaptiveMaxPooling2d.cu.o
[ 68%] Building NVCC (Device) object caffe2/CMakeFiles/torch_cuda.dir/__/aten/src/THC/generated/torch_cuda_generated_THCTensorMathReduceShort.cu.o
[ 68%] Building NVCC (Device) object caffe2/CMakeFiles/torch_cuda.dir/__/aten/src/THC/generated/torch_cuda_generated_THCTensorMathPointwiseBool.cu.o
[ 68%] Building NVCC (Device) object caffe2/CMakeFiles/torch_cuda.dir/__/aten/src/ATen/native/cuda/torch_cuda_generated_AdaptiveAveragePooling.cu.o
[ 68%] Building NVCC (Device) object caffe2/CMakeFiles/torch_cuda.dir/__/aten/src/THC/generated/torch_cuda_generated_THCTensorSortByte.cu.o
[ 68%] Building NVCC (Device) object caffe2/CMakeFiles/torch_cuda.dir/__/aten/src/THCUNN/torch_cuda_generated_SpatialDepthwiseConvolution.cu.o
[ 68%] Building NVCC (Device) object caffe2/CMakeFiles/torch_cuda.dir/__/aten/src/THC/generated/torch_cuda_generated_THCTensorMathReduceHalf.cu.o
[ 68%] Building NVCC (Device) object caffe2/CMakeFiles/torch_cuda.dir/__/aten/src/ATen/native/cuda/torch_cuda_generated_BinaryAddSubKernel.cu.o
[ 68%] Building NVCC (Device) object caffe2/CMakeFiles/torch_cuda.dir/__/aten/src/THCUNN/torch_cuda_generated_SpatialClassNLLCriterion.cu.o
[ 68%] Building NVCC (Device) object caffe2/CMakeFiles/torch_cuda.dir/__/aten/src/ATen/native/cuda/torch_cuda_generated_AveragePool2d.cu.o
[ 68%] Building NVCC (Device) object caffe2/CMakeFiles/torch_cuda.dir/__/aten/src/ATen/cuda/detail/torch_cuda_generated_IndexUtils.cu.o
[ 68%] Building NVCC (Device) object caffe2/CMakeFiles/torch_cuda.dir/__/aten/src/ATen/native/cuda/torch_cuda_generated_AbsKernel.cu.o
[ 68%] Building NVCC (Device) object caffe2/CMakeFiles/torch_cuda.dir/__/aten/src/ATen/native/cuda/torch_cuda_generated_DistanceKernel.cu.o
[ 68%] Building NVCC (Device) object caffe2/CMakeFiles/torch_cuda.dir/__/aten/src/ATen/native/cuda/torch_cuda_generated_AdaptiveMaxPooling3d.cu.o
[ 68%] Building NVCC (Device) object caffe2/CMakeFiles/torch_cuda.dir/__/aten/src/ATen/native/cuda/torch_cuda_generated_BinaryShiftOpsKernels.cu.o
[ 68%] Building NVCC (Device) object caffe2/CMakeFiles/torch_cuda.dir/__/aten/src/ATen/native/cuda/torch_cuda_generated_BinaryRemainderKernel.cu.o
[ 68%] Building NVCC (Device) object caffe2/CMakeFiles/torch_cuda.dir/__/aten/src/THCUNN/torch_cuda_generated_SpatialConvolutionMM.cu.o
[ 68%] Building NVCC (Device) object caffe2/CMakeFiles/torch_cuda.dir/__/aten/src/ATen/native/cuda/torch_cuda_generated_Activation.cu.o
[ 68%] Building NVCC (Device) object caffe2/CMakeFiles/torch_cuda.dir/__/aten/src/ATen/native/cuda/torch_cuda_generated_BinaryLogicalOpsKernels.cu.o
[ 68%] Building NVCC (Device) object caffe2/CMakeFiles/torch_cuda.dir/__/aten/src/ATen/native/cuda/torch_cuda_generated_AmpKernels.cu.o
[ 68%] Building NVCC (Device) object caffe2/CMakeFiles/torch_cuda.dir/__/aten/src/ATen/native/cuda/torch_cuda_generated_BinaryBitwiseOpsKernels.cu.o
[ 68%] Building NVCC (Device) object caffe2/CMakeFiles/torch_cuda.dir/__/aten/src/ATen/native/cuda/torch_cuda_generated_AveragePool3d.cu.o
[ 68%] Building NVCC (Device) object caffe2/CMakeFiles/torch_cuda.dir/__/aten/src/ATen/native/cuda/torch_cuda_generated_DistributionBernoulli.cu.o
[ 68%] Building NVCC (Device) object caffe2/CMakeFiles/torch_cuda.dir/__/aten/src/ATen/native/cuda/torch_cuda_generated_AdaptiveAveragePooling3d.cu.o
[ 68%] Building NVCC (Device) object caffe2/CMakeFiles/torch_cuda.dir/__/aten/src/ATen/native/cuda/torch_cuda_generated_DistributionGeometricKernel.cu.o
[ 68%] Building NVCC (Device) object caffe2/CMakeFiles/torch_cuda.dir/__/aten/src/ATen/native/cuda/torch_cuda_generated_ConvolutionMM2d.cu.o
[ 68%] Building NVCC (Device) object caffe2/CMakeFiles/torch_cuda.dir/__/aten/src/ATen/native/cuda/torch_cuda_generated_CompareLEKernel.cu.o
[ 68%] Building NVCC (Device) object caffe2/CMakeFiles/torch_cuda.dir/__/aten/src/ATen/native/cuda/torch_cuda_generated_FillKernel.cu.o
[ 68%] Building NVCC (Device) object caffe2/CMakeFiles/torch_cuda.dir/__/aten/src/ATen/native/cuda/torch_cuda_generated_BinaryMiscOpsKernels.cu.o
[ 68%] Building NVCC (Device) object caffe2/CMakeFiles/torch_cuda.dir/__/aten/src/ATen/native/cuda/torch_cuda_generated_NaiveDilatedConvolution.cu.o
[ 68%] Building NVCC (Device) object caffe2/CMakeFiles/torch_cuda.dir/__/aten/src/ATen/native/cuda/torch_cuda_generated_DilatedMaxPool3d.cu.o
[ 69%] Building NVCC (Device) object caffe2/CMakeFiles/torch_cuda.dir/__/aten/src/ATen/native/cuda/torch_cuda_generated_DistributionExponentialKernel.cu.o
[ 69%] Building NVCC (Device) object caffe2/CMakeFiles/torch_cuda.dir/__/aten/src/ATen/native/cuda/torch_cuda_generated_Bucketization.cu.o
[ 69%] Building NVCC (Device) object caffe2/CMakeFiles/torch_cuda.dir/__/aten/src/ATen/native/cuda/torch_cuda_generated_DilatedMaxPool2d.cu.o
[ 69%] Building NVCC (Device) object caffe2/CMakeFiles/torch_cuda.dir/__/aten/src/ATen/native/cuda/torch_cuda_generated_BinaryMiscBackwardOpsKernels.cu.o
[ 69%] Building NVCC (Device) object caffe2/CMakeFiles/torch_cuda.dir/__/aten/src/ATen/native/cuda/torch_cuda_generated_Distributions.cu.o
[ 69%] Building NVCC (Device) object caffe2/CMakeFiles/torch_cuda.dir/__/aten/src/ATen/native/cuda/torch_cuda_generated_DepthwiseConv2d.cu.o
[ 69%] Building NVCC (Device) object caffe2/CMakeFiles/torch_cuda.dir/__/aten/src/ATen/native/cuda/torch_cuda_generated_CUDAScalar.cu.o
[ 69%] Building NVCC (Device) object caffe2/CMakeFiles/torch_cuda.dir/__/aten/src/ATen/native/cuda/torch_cuda_generated_GridSampler.cu.o
[ 69%] Building NVCC (Device) object caffe2/CMakeFiles/torch_cuda.dir/__/aten/src/ATen/native/cuda/torch_cuda_generated_DistributionUniform.cu.o
[ 69%] Building NVCC (Device) object caffe2/CMakeFiles/torch_cuda.dir/__/aten/src/ATen/native/cuda/torch_cuda_generated_CompareGEKernel.cu.o
[ 69%] Building NVCC (Device) object caffe2/CMakeFiles/torch_cuda.dir/__/aten/src/ATen/native/cuda/torch_cuda_generated_Copy.cu.o
[ 69%] Building NVCC (Device) object caffe2/CMakeFiles/torch_cuda.dir/__/aten/src/ATen/native/cuda/torch_cuda_generated_EmbeddingBackwardKernel.cu.o
[ 69%] Building NVCC (Device) object caffe2/CMakeFiles/torch_cuda.dir/__/aten/src/ATen/native/cuda/torch_cuda_generated_MaxUnpooling.cu.o
[ 69%] Building NVCC (Device) object caffe2/CMakeFiles/torch_cuda.dir/__/aten/src/ATen/native/cuda/torch_cuda_generated_CrossKernel.cu.o
[ 69%] Building NVCC (Device) object caffe2/CMakeFiles/torch_cuda.dir/__/aten/src/ATen/native/cuda/torch_cuda_generated_PointwiseOpsKernel.cu.o
[ 69%] Building NVCC (Device) object caffe2/CMakeFiles/torch_cuda.dir/__/aten/src/ATen/native/cuda/torch_cuda_generated_CompareNEKernel.cu.o
[ 69%] Building NVCC (Device) object caffe2/CMakeFiles/torch_cuda.dir/__/aten/src/ATen/native/cuda/torch_cuda_generated_CompareEQKernel.cu.o
[ 69%] Building NVCC (Device) object caffe2/CMakeFiles/torch_cuda.dir/__/aten/src/ATen/native/cuda/torch_cuda_generated_RNN.cu.o
[ 69%] Building NVCC (Device) object caffe2/CMakeFiles/torch_cuda.dir/__/aten/src/ATen/native/cuda/torch_cuda_generated_RangeFactories.cu.o
[ 69%] Building NVCC (Device) object caffe2/CMakeFiles/torch_cuda.dir/__/aten/src/ATen/native/cuda/torch_cuda_generated_BinaryMulDivKernel.cu.o
[ 69%] Building NVCC (Device) object caffe2/CMakeFiles/torch_cuda.dir/__/aten/src/ATen/native/cuda/torch_cuda_generated_LossCTC.cu.o
[ 69%] Building NVCC (Device) object caffe2/CMakeFiles/torch_cuda.dir/__/aten/src/ATen/native/cuda/torch_cuda_generated_Blas.cu.o
[ 69%] Building NVCC (Device) object caffe2/CMakeFiles/torch_cuda.dir/__/aten/src/ATen/native/cuda/torch_cuda_generated_CompareGTKernel.cu.o
[ 69%] Building NVCC (Device) object caffe2/CMakeFiles/torch_cuda.dir/__/aten/src/ATen/native/cuda/torch_cuda_generated_DistributionCauchyKernel.cu.o
[ 69%] Building NVCC (Device) object caffe2/CMakeFiles/torch_cuda.dir/__/aten/src/ATen/native/cuda/torch_cuda_generated_Dropout.cu.o
[ 69%] Building NVCC (Device) object caffe2/CMakeFiles/torch_cuda.dir/__/aten/src/ATen/native/cuda/torch_cuda_generated_DistributionRandomKernel.cu.o
[ 69%] Building NVCC (Device) object caffe2/CMakeFiles/torch_cuda.dir/__/aten/src/ATen/native/cuda/torch_cuda_generated_Col2Im.cu.o
[ 70%] Building NVCC (Device) object caffe2/CMakeFiles/torch_cuda.dir/__/aten/src/ATen/native/cuda/torch_cuda_generated_IndexKernel.cu.o
[ 70%] Building NVCC (Device) object caffe2/CMakeFiles/torch_cuda.dir/__/aten/src/ATen/native/cuda/torch_cuda_generated_PowKernel.cu.o
[ 70%] Building NVCC (Device) object caffe2/CMakeFiles/torch_cuda.dir/__/aten/src/ATen/native/cuda/torch_cuda_generated_MultinomialKernel.cu.o
[ 70%] Building NVCC (Device) object caffe2/CMakeFiles/torch_cuda.dir/__/aten/src/ATen/native/cuda/torch_cuda_generated_Im2Col.cu.o
[ 70%] Building NVCC (Device) object caffe2/CMakeFiles/torch_cuda.dir/__/aten/src/ATen/native/cuda/torch_cuda_generated_Lerp.cu.o
[ 70%] Building NVCC (Device) object caffe2/CMakeFiles/torch_cuda.dir/__/aten/src/ATen/native/cuda/torch_cuda_generated_DistributionNormal.cu.o
[ 70%] Building NVCC (Device) object caffe2/CMakeFiles/torch_cuda.dir/__/aten/src/ATen/native/cuda/torch_cuda_generated_NaiveConvolutionTranspose2d.cu.o
[ 70%] Building NVCC (Device) object caffe2/CMakeFiles/torch_cuda.dir/__/aten/src/ATen/native/cuda/torch_cuda_generated_NaiveConvolutionTranspose3d.cu.o
[ 70%] Building NVCC (Device) object caffe2/CMakeFiles/torch_cuda.dir/__/aten/src/ATen/native/cuda/torch_cuda_generated_DistributionLogNormalKernel.cu.o
[ 70%] Building NVCC (Device) object caffe2/CMakeFiles/torch_cuda.dir/__/aten/src/ATen/native/cuda/torch_cuda_generated_LinearAlgebra.cu.o
[ 70%] Building NVCC (Device) object caffe2/CMakeFiles/torch_cuda.dir/__/aten/src/ATen/native/cuda/torch_cuda_generated_Loss.cu.o
[ 70%] Building NVCC (Device) object caffe2/CMakeFiles/torch_cuda.dir/__/aten/src/ATen/native/cuda/torch_cuda_generated_CompareLTKernel.cu.o
[ 70%] Building NVCC (Device) object caffe2/CMakeFiles/torch_cuda.dir/__/aten/src/ATen/native/cuda/torch_cuda_generated_EmbeddingBag.cu.o
[ 70%] Building NVCC (Device) object caffe2/CMakeFiles/torch_cuda.dir/__/aten/src/ATen/native/cuda/torch_cuda_generated_Indexing.cu.o
[ 70%] Building NVCC (Device) object caffe2/CMakeFiles/torch_cuda.dir/__/aten/src/ATen/native/cuda/torch_cuda_generated_Normalization.cu.o
[ 70%] Building NVCC (Device) object caffe2/CMakeFiles/torch_cuda.dir/__/aten/src/ATen/native/cuda/torch_cuda_generated_FractionalMaxPool3d.cu.o
[ 70%] Building NVCC (Device) object caffe2/CMakeFiles/torch_cuda.dir/__/aten/src/THC/generated/torch_cuda_generated_THCTensorTopKByte.cu.o
[ 70%] Building NVCC (Device) object caffe2/CMakeFiles/torch_cuda.dir/__/aten/src/THC/generated/torch_cuda_generated_THCTensorMathReduceDouble.cu.o
[ 70%] Building NVCC (Device) object caffe2/CMakeFiles/torch_cuda.dir/__/aten/src/THC/generated/torch_cuda_generated_THCTensorMaskedByte.cu.o
[ 70%] Building NVCC (Device) object caffe2/CMakeFiles/torch_cuda.dir/__/aten/src/ATen/native/cuda/torch_cuda_generated_Embedding.cu.o
[ 70%] Building NVCC (Device) object caffe2/CMakeFiles/torch_cuda.dir/__/aten/src/ATen/native/cuda/torch_cuda_generated_FractionalMaxPool2d.cu.o
[ 70%] Building NVCC (Device) object caffe2/CMakeFiles/torch_cuda.dir/__/aten/src/ATen/native/cuda/torch_cuda_generated_MaxMinElementwiseKernel.cu.o
[ 70%] Building NVCC (Device) object caffe2/CMakeFiles/torch_cuda.dir/__/aten/src/THC/generated/torch_cuda_generated_THCTensorMathPointwiseHalf.cu.o
[ 70%] Building NVCC (Device) object caffe2/CMakeFiles/torch_cuda.dir/__/aten/src/ATen/native/cuda/torch_cuda_generated_BatchLinearAlgebra.cu.o
[ 70%] Building NVCC (Device) object caffe2/CMakeFiles/torch_cuda.dir/__/aten/src/ATen/native/cuda/torch_cuda_generated_Reduce.cu.o
/castles/nr/projects/d/duanj-ai-in-medical-imaging/.share/download/t1/pytorch/aten/src/ATen/core/TransformationHelper.h(60): warning: floating-point value does not fit in required integral type
          detected during:
            instantiation of "T at::transformation::uniform_int<T,V>(V) [with T=double, V=uint64_t]"
/castles/nr/projects/d/duanj-ai-in-medical-imaging/.share/download/t1/pytorch/aten/src/ATen/native/cuda/DistributionTemplates.h(370): here
            instantiation of "void at::native::templates::cuda::random_kernel(at::TensorIterator &, RNG) [with RNG=at::CUDAGeneratorImpl *]"
/castles/nr/projects/d/duanj-ai-in-medical-imaging/.share/download/t1/pytorch/aten/src/ATen/native/cuda/DistributionRandomKernel.cu(44): here

/castles/nr/projects/d/duanj-ai-in-medical-imaging/.share/download/t1/pytorch/aten/src/ATen/core/TransformationHelper.h(64): warning: floating-point value does not fit in required integral type
          detected during:
            instantiation of "T at::transformation::uniform_int<T,V>(V) [with T=double, V=uint64_t]"
/castles/nr/projects/d/duanj-ai-in-medical-imaging/.share/download/t1/pytorch/aten/src/ATen/native/cuda/DistributionTemplates.h(370): here
            instantiation of "void at::native::templates::cuda::random_kernel(at::TensorIterator &, RNG) [with RNG=at::CUDAGeneratorImpl *]"
/castles/nr/projects/d/duanj-ai-in-medical-imaging/.share/download/t1/pytorch/aten/src/ATen/native/cuda/DistributionRandomKernel.cu(44): here

/castles/nr/projects/d/duanj-ai-in-medical-imaging/.share/download/t1/pytorch/aten/src/ATen/core/TransformationHelper.h(60): warning: floating-point value does not fit in required integral type
          detected during:
            instantiation of "T at::transformation::uniform_int<T,V>(V) [with T=double, V=uint32_t]"
/castles/nr/projects/d/duanj-ai-in-medical-imaging/.share/download/t1/pytorch/aten/src/ATen/native/cuda/DistributionTemplates.h(370): here
            instantiation of "void at::native::templates::cuda::random_kernel(at::TensorIterator &, RNG) [with RNG=at::CUDAGeneratorImpl *]"
/castles/nr/projects/d/duanj-ai-in-medical-imaging/.share/download/t1/pytorch/aten/src/ATen/native/cuda/DistributionRandomKernel.cu(44): here

/castles/nr/projects/d/duanj-ai-in-medical-imaging/.share/download/t1/pytorch/aten/src/ATen/core/TransformationHelper.h(64): warning: floating-point value does not fit in required integral type
          detected during:
            instantiation of "T at::transformation::uniform_int<T,V>(V) [with T=double, V=uint32_t]"
/castles/nr/projects/d/duanj-ai-in-medical-imaging/.share/download/t1/pytorch/aten/src/ATen/native/cuda/DistributionTemplates.h(370): here
            instantiation of "void at::native::templates::cuda::random_kernel(at::TensorIterator &, RNG) [with RNG=at::CUDAGeneratorImpl *]"
/castles/nr/projects/d/duanj-ai-in-medical-imaging/.share/download/t1/pytorch/aten/src/ATen/native/cuda/DistributionRandomKernel.cu(44): here

/castles/nr/projects/d/duanj-ai-in-medical-imaging/.share/download/t1/pytorch/aten/src/ATen/core/TransformationHelper.h(60): warning: floating-point value does not fit in required integral type
          detected during:
            instantiation of "T at::transformation::uniform_int<T,V>(V) [with T=float, V=uint64_t]"
/castles/nr/projects/d/duanj-ai-in-medical-imaging/.share/download/t1/pytorch/aten/src/ATen/native/cuda/DistributionTemplates.h(370): here
            instantiation of "void at::native::templates::cuda::random_kernel(at::TensorIterator &, RNG) [with RNG=at::CUDAGeneratorImpl *]"
/castles/nr/projects/d/duanj-ai-in-medical-imaging/.share/download/t1/pytorch/aten/src/ATen/native/cuda/DistributionRandomKernel.cu(44): here

/castles/nr/projects/d/duanj-ai-in-medical-imaging/.share/download/t1/pytorch/aten/src/ATen/core/TransformationHelper.h(64): warning: floating-point value does not fit in required integral type
          detected during:
            instantiation of "T at::transformation::uniform_int<T,V>(V) [with T=float, V=uint64_t]"
/castles/nr/projects/d/duanj-ai-in-medical-imaging/.share/download/t1/pytorch/aten/src/ATen/native/cuda/DistributionTemplates.h(370): here
            instantiation of "void at::native::templates::cuda::random_kernel(at::TensorIterator &, RNG) [with RNG=at::CUDAGeneratorImpl *]"
/castles/nr/projects/d/duanj-ai-in-medical-imaging/.share/download/t1/pytorch/aten/src/ATen/native/cuda/DistributionRandomKernel.cu(44): here

/castles/nr/projects/d/duanj-ai-in-medical-imaging/.share/download/t1/pytorch/aten/src/ATen/core/TransformationHelper.h(60): warning: floating-point value does not fit in required integral type
          detected during:
            instantiation of "T at::transformation::uniform_int<T,V>(V) [with T=float, V=uint32_t]"
/castles/nr/projects/d/duanj-ai-in-medical-imaging/.share/download/t1/pytorch/aten/src/ATen/native/cuda/DistributionTemplates.h(370): here
            instantiation of "void at::native::templates::cuda::random_kernel(at::TensorIterator &, RNG) [with RNG=at::CUDAGeneratorImpl *]"
/castles/nr/projects/d/duanj-ai-in-medical-imaging/.share/download/t1/pytorch/aten/src/ATen/native/cuda/DistributionRandomKernel.cu(44): here

/castles/nr/projects/d/duanj-ai-in-medical-imaging/.share/download/t1/pytorch/aten/src/ATen/core/TransformationHelper.h(64): warning: floating-point value does not fit in required integral type
          detected during:
            instantiation of "T at::transformation::uniform_int<T,V>(V) [with T=float, V=uint32_t]"
/castles/nr/projects/d/duanj-ai-in-medical-imaging/.share/download/t1/pytorch/aten/src/ATen/native/cuda/DistributionTemplates.h(370): here
            instantiation of "void at::native::templates::cuda::random_kernel(at::TensorIterator &, RNG) [with RNG=at::CUDAGeneratorImpl *]"
/castles/nr/projects/d/duanj-ai-in-medical-imaging/.share/download/t1/pytorch/aten/src/ATen/native/cuda/DistributionRandomKernel.cu(44): here

[ 70%] Building NVCC (Device) object caffe2/CMakeFiles/torch_cuda.dir/__/aten/src/ATen/native/cuda/torch_cuda_generated_ReduceLogicKernel.cu.o
[ 70%] Building NVCC (Device) object caffe2/CMakeFiles/torch_cuda.dir/__/aten/src/ATen/native/cuda/torch_cuda_generated_ReduceMinMaxKernel.cu.o
[ 70%] Building NVCC (Device) object caffe2/CMakeFiles/torch_cuda.dir/__/aten/src/ATen/native/cuda/torch_cuda_generated_ReduceMomentKernel.cu.o
[ 70%] Building NVCC (Device) object caffe2/CMakeFiles/torch_cuda.dir/__/aten/src/ATen/native/cuda/torch_cuda_generated_ReduceNormKernel.cu.o
[ 70%] Building NVCC (Device) object caffe2/CMakeFiles/torch_cuda.dir/__/aten/src/ATen/native/cuda/torch_cuda_generated_ReduceSumProdKernel.cu.o
[ 70%] Building NVCC (Device) object caffe2/CMakeFiles/torch_cuda.dir/__/aten/src/ATen/native/cuda/torch_cuda_generated_ReflectionPad.cu.o
[ 70%] Building NVCC (Device) object caffe2/CMakeFiles/torch_cuda.dir/__/aten/src/ATen/native/cuda/torch_cuda_generated_Repeat.cu.o
[ 70%] Building NVCC (Device) object caffe2/CMakeFiles/torch_cuda.dir/__/aten/src/ATen/native/cuda/torch_cuda_generated_ReplicationPadding.cu.o
[ 70%] Building NVCC (Device) object caffe2/CMakeFiles/torch_cuda.dir/__/aten/src/ATen/native/cuda/torch_cuda_generated_Resize.cu.o
[ 70%] Building NVCC (Device) object caffe2/CMakeFiles/torch_cuda.dir/__/aten/src/ATen/native/cuda/torch_cuda_generated_ScanKernels.cu.o
[ 70%] Building NVCC (Device) object caffe2/CMakeFiles/torch_cuda.dir/__/aten/src/ATen/native/cuda/torch_cuda_generated_ScatterGatherKernel.cu.o
[ 70%] Building NVCC (Device) object caffe2/CMakeFiles/torch_cuda.dir/__/aten/src/ATen/native/cuda/torch_cuda_generated_Shape.cu.o
[ 70%] Building NVCC (Device) object caffe2/CMakeFiles/torch_cuda.dir/__/aten/src/ATen/native/cuda/torch_cuda_generated_SoftMax.cu.o
[ 70%] Building NVCC (Device) object caffe2/CMakeFiles/torch_cuda.dir/__/aten/src/ATen/native/cuda/torch_cuda_generated_SortingKthValue.cu.o
[ 70%] Building NVCC (Device) object caffe2/CMakeFiles/torch_cuda.dir/__/aten/src/ATen/native/cuda/torch_cuda_generated_SparseMM.cu.o
[ 70%] Building NVCC (Device) object caffe2/CMakeFiles/torch_cuda.dir/__/aten/src/ATen/native/cuda/torch_cuda_generated_SpectralOps.cu.o
[ 71%] Building NVCC (Device) object caffe2/CMakeFiles/torch_cuda.dir/__/aten/src/ATen/native/cuda/torch_cuda_generated_SummaryOps.cu.o
[ 71%] Building NVCC (Device) object caffe2/CMakeFiles/torch_cuda.dir/__/aten/src/ATen/native/cuda/torch_cuda_generated_TensorCompare.cu.o
[ 71%] Building NVCC (Device) object caffe2/CMakeFiles/torch_cuda.dir/__/aten/src/ATen/native/cuda/torch_cuda_generated_TensorTransformations.cu.o
[ 71%] Building NVCC (Device) object caffe2/CMakeFiles/torch_cuda.dir/__/aten/src/ATen/native/cuda/torch_cuda_generated_TriangularOps.cu.o
[ 71%] Building NVCC (Device) object caffe2/CMakeFiles/torch_cuda.dir/__/aten/src/ATen/native/cuda/torch_cuda_generated_UnaryComplexKernels.cu.o
[ 71%] Building NVCC (Device) object caffe2/CMakeFiles/torch_cuda.dir/__/aten/src/ATen/native/cuda/torch_cuda_generated_UnaryFractionKernels.cu.o
[ 71%] Building NVCC (Device) object caffe2/CMakeFiles/torch_cuda.dir/__/aten/src/ATen/native/cuda/torch_cuda_generated_UnaryGammaKernels.cu.o
[ 71%] Building NVCC (Device) object caffe2/CMakeFiles/torch_cuda.dir/__/aten/src/ATen/native/cuda/torch_cuda_generated_UnaryGeometricKernels.cu.o
[ 71%] Building NVCC (Device) object caffe2/CMakeFiles/torch_cuda.dir/__/aten/src/ATen/native/cuda/torch_cuda_generated_UnaryLogKernels.cu.o
[ 71%] Building NVCC (Device) object caffe2/CMakeFiles/torch_cuda.dir/__/aten/src/ATen/native/cuda/torch_cuda_generated_UnaryOpsKernel.cu.o
[ 71%] Building NVCC (Device) object caffe2/CMakeFiles/torch_cuda.dir/__/aten/src/ATen/native/cuda/torch_cuda_generated_UnarySignKernels.cu.o
[ 71%] Building NVCC (Device) object caffe2/CMakeFiles/torch_cuda.dir/__/aten/src/ATen/native/cuda/torch_cuda_generated_UnfoldBackwardKernel.cu.o
[ 71%] Building NVCC (Device) object caffe2/CMakeFiles/torch_cuda.dir/__/aten/src/ATen/native/cuda/torch_cuda_generated_UpSampleBicubic2d.cu.o
[ 71%] Building NVCC (Device) object caffe2/CMakeFiles/torch_cuda.dir/__/aten/src/ATen/native/cuda/torch_cuda_generated_UpSampleBilinear2d.cu.o
[ 71%] Building NVCC (Device) object caffe2/CMakeFiles/torch_cuda.dir/__/aten/src/ATen/native/cuda/torch_cuda_generated_UpSampleLinear1d.cu.o
[ 71%] Building NVCC (Device) object caffe2/CMakeFiles/torch_cuda.dir/__/aten/src/ATen/native/cuda/torch_cuda_generated_UpSampleNearest1d.cu.o
[ 71%] Building NVCC (Device) object caffe2/CMakeFiles/torch_cuda.dir/__/aten/src/ATen/native/cuda/torch_cuda_generated_UpSampleNearest2d.cu.o
[ 71%] Building NVCC (Device) object caffe2/CMakeFiles/torch_cuda.dir/__/aten/src/ATen/native/cuda/torch_cuda_generated_UpSampleNearest3d.cu.o
[ 71%] Building NVCC (Device) object caffe2/CMakeFiles/torch_cuda.dir/__/aten/src/ATen/native/cuda/torch_cuda_generated_UpSampleTrilinear3d.cu.o
[ 71%] Building NVCC (Device) object caffe2/CMakeFiles/torch_cuda.dir/__/aten/src/ATen/native/cuda/torch_cuda_generated_WeightNorm.cu.o
[ 71%] Building NVCC (Device) object caffe2/CMakeFiles/torch_cuda.dir/__/aten/src/ATen/native/cuda/torch_cuda_generated_group_norm_kernel.cu.o
[ 71%] Building NVCC (Device) object caffe2/CMakeFiles/torch_cuda.dir/__/aten/src/ATen/native/cuda/torch_cuda_generated_layer_norm_kernel.cu.o
[ 71%] Building NVCC (Device) object caffe2/CMakeFiles/torch_cuda.dir/__/aten/src/ATen/native/sparse/cuda/torch_cuda_generated_SparseCUDABlas.cu.o
[ 71%] Building NVCC (Device) object caffe2/CMakeFiles/torch_cuda.dir/__/aten/src/ATen/native/sparse/cuda/torch_cuda_generated_SparseCUDATensor.cu.o
[ 71%] Building NVCC (Device) object caffe2/CMakeFiles/torch_cuda.dir/__/aten/src/ATen/native/sparse/cuda/torch_cuda_generated_SparseCUDATensorMath.cu.o
[ 71%] Building NVCC (Device) object caffe2/CMakeFiles/torch_cuda.dir/__/aten/src/ATen/native/quantized/cuda/torch_cuda_generated_affine_quantizer.cu.o
[ 71%] Building NVCC (Device) object caffe2/CMakeFiles/torch_cuda.dir/__/aten/src/ATen/native/quantized/cuda/torch_cuda_generated_fake_quantize_core.cu.o
[ 71%] Building NVCC (Device) object caffe2/CMakeFiles/torch_cuda.dir/__/aten/src/ATen/native/quantized/cuda/torch_cuda_generated_int_repr_quant.cu.o
[ 71%] Building NVCC (Device) object caffe2/CMakeFiles/torch_cuda.dir/__/aten/src/ATen/native/quantized/cuda/torch_cuda_generated_make_per_tensor_quantized_tensor.cu.o
[ 71%] Building NVCC (Device) object caffe2/CMakeFiles/torch_cuda.dir/core/torch_cuda_generated_context_gpu.cu.o
[ 71%] Building NVCC (Device) object caffe2/CMakeFiles/torch_cuda.dir/utils/math/torch_cuda_generated_broadcast.cu.o
[ 71%] Building NVCC (Device) object caffe2/CMakeFiles/torch_cuda.dir/utils/math/torch_cuda_generated_elementwise.cu.o
[ 71%] Building NVCC (Device) object caffe2/CMakeFiles/torch_cuda.dir/utils/math/torch_cuda_generated_reduce.cu.o
[ 71%] Building NVCC (Device) object caffe2/CMakeFiles/torch_cuda.dir/utils/math/torch_cuda_generated_transpose.cu.o
[ 72%] Building NVCC (Device) object caffe2/CMakeFiles/torch_cuda.dir/utils/torch_cuda_generated_math_gpu.cu.o
[ 72%] Building NVCC (Device) object caffe2/CMakeFiles/torch_cuda.dir/operators/torch_cuda_generated_channelwise_conv3d_op_cudnn.cu.o
[ 72%] Building NVCC (Device) object caffe2/CMakeFiles/torch_cuda.dir/operators/torch_cuda_generated_depthwise_3x3_conv_op_cudnn.cu.o
[ 72%] Building NVCC (Device) object caffe2/CMakeFiles/torch_cuda.dir/operators/torch_cuda_generated_spatial_batch_norm_op_cudnn.cu.o
[ 72%] Building NVCC (Device) object caffe2/CMakeFiles/torch_cuda.dir/operators/torch_cuda_generated_abs_op.cu.o
[ 72%] Building NVCC (Device) object caffe2/CMakeFiles/torch_cuda.dir/operators/torch_cuda_generated_accumulate_op.cu.o
[ 72%] Building NVCC (Device) object caffe2/CMakeFiles/torch_cuda.dir/operators/torch_cuda_generated_accuracy_op.cu.o
[ 72%] Building NVCC (Device) object caffe2/CMakeFiles/torch_cuda.dir/operators/torch_cuda_generated_acos_op.cu.o
[ 72%] Building NVCC (Device) object caffe2/CMakeFiles/torch_cuda.dir/operators/torch_cuda_generated_affine_channel_op.cu.o
[ 72%] Building NVCC (Device) object caffe2/CMakeFiles/torch_cuda.dir/operators/torch_cuda_generated_arg_ops.cu.o
[ 72%] Building NVCC (Device) object caffe2/CMakeFiles/torch_cuda.dir/operators/torch_cuda_generated_alias_with_name.cu.o
[ 72%] Building NVCC (Device) object caffe2/CMakeFiles/torch_cuda.dir/operators/torch_cuda_generated_asin_op.cu.o
[ 72%] Building NVCC (Device) object caffe2/CMakeFiles/torch_cuda.dir/operators/torch_cuda_generated_assert_op.cu.o
[ 72%] Building NVCC (Device) object caffe2/CMakeFiles/torch_cuda.dir/operators/torch_cuda_generated_atan_op.cu.o
[ 72%] Building NVCC (Device) object caffe2/CMakeFiles/torch_cuda.dir/operators/torch_cuda_generated_batch_gather_ops.cu.o
[ 72%] Building NVCC (Device) object caffe2/CMakeFiles/torch_cuda.dir/operators/torch_cuda_generated_batch_matmul_op.cu.o
[ 72%] Building NVCC (Device) object caffe2/CMakeFiles/torch_cuda.dir/operators/torch_cuda_generated_batch_moments_op.cu.o
[ 72%] Building NVCC (Device) object caffe2/CMakeFiles/torch_cuda.dir/operators/torch_cuda_generated_batch_permutation_op.cu.o
[ 72%] Building NVCC (Device) object caffe2/CMakeFiles/torch_cuda.dir/operators/torch_cuda_generated_batch_sparse_to_dense_op.cu.o
[ 72%] Building NVCC (Device) object caffe2/CMakeFiles/torch_cuda.dir/operators/torch_cuda_generated_boolean_mask_ops.cu.o
[ 72%] Building NVCC (Device) object caffe2/CMakeFiles/torch_cuda.dir/operators/torch_cuda_generated_boolean_unmask_ops.cu.o
[ 72%] Building NVCC (Device) object caffe2/CMakeFiles/torch_cuda.dir/operators/torch_cuda_generated_bucketize_op.cu.o
[ 72%] Building NVCC (Device) object caffe2/CMakeFiles/torch_cuda.dir/operators/torch_cuda_generated_cast_op.cu.o
[ 72%] Building NVCC (Device) object caffe2/CMakeFiles/torch_cuda.dir/operators/torch_cuda_generated_cbrt_op.cu.o
[ 72%] Building NVCC (Device) object caffe2/CMakeFiles/torch_cuda.dir/operators/torch_cuda_generated_ceil_op.cu.o
[ 72%] Building NVCC (Device) object caffe2/CMakeFiles/torch_cuda.dir/operators/torch_cuda_generated_channel_backprop_stats_op.cu.o
[ 72%] Building NVCC (Device) object caffe2/CMakeFiles/torch_cuda.dir/operators/torch_cuda_generated_channel_shuffle_op.cu.o
[ 72%] Building NVCC (Device) object caffe2/CMakeFiles/torch_cuda.dir/operators/torch_cuda_generated_channel_stats_op.cu.o
[ 72%] Building NVCC (Device) object caffe2/CMakeFiles/torch_cuda.dir/operators/torch_cuda_generated_clip_op.cu.o
[ 72%] Building NVCC (Device) object caffe2/CMakeFiles/torch_cuda.dir/operators/torch_cuda_generated_copy_op.cu.o
[ 72%] Building NVCC (Device) object caffe2/CMakeFiles/torch_cuda.dir/operators/torch_cuda_generated_cosh_op.cu.o
[ 72%] Building NVCC (Device) object caffe2/CMakeFiles/torch_cuda.dir/operators/torch_cuda_generated_cosine_embedding_criterion_op.cu.o
[ 72%] Building NVCC (Device) object caffe2/CMakeFiles/torch_cuda.dir/operators/torch_cuda_generated_cross_entropy_op.cu.o
[ 73%] Building NVCC (Device) object caffe2/CMakeFiles/torch_cuda.dir/operators/torch_cuda_generated_cos_op.cu.o
[ 73%] Building NVCC (Device) object caffe2/CMakeFiles/torch_cuda.dir/operators/torch_cuda_generated_cube_op.cu.o
[ 73%] Building NVCC (Device) object caffe2/CMakeFiles/torch_cuda.dir/operators/torch_cuda_generated_data_couple_gpu.cu.o
[ 73%] Building NVCC (Device) object caffe2/CMakeFiles/torch_cuda.dir/operators/torch_cuda_generated_deform_conv_op.cu.o
[ 73%] Building NVCC (Device) object caffe2/CMakeFiles/torch_cuda.dir/operators/torch_cuda_generated_distance_op.cu.o
[ 73%] Building NVCC (Device) object caffe2/CMakeFiles/torch_cuda.dir/operators/torch_cuda_generated_dropout_op.cu.o
[ 73%] Building NVCC (Device) object caffe2/CMakeFiles/torch_cuda.dir/operators/torch_cuda_generated_elementwise_div_op.cu.o
[ 73%] Building NVCC (Device) object caffe2/CMakeFiles/torch_cuda.dir/operators/torch_cuda_generated_elementwise_linear_op.cu.o
[ 73%] Building NVCC (Device) object caffe2/CMakeFiles/torch_cuda.dir/operators/torch_cuda_generated_elementwise_mul_op.cu.o
[ 73%] Building NVCC (Device) object caffe2/CMakeFiles/torch_cuda.dir/operators/torch_cuda_generated_elementwise_ops.cu.o
[ 73%] Building NVCC (Device) object caffe2/CMakeFiles/torch_cuda.dir/operators/torch_cuda_generated_elu_op.cu.o
[ 73%] Building NVCC (Device) object caffe2/CMakeFiles/torch_cuda.dir/operators/torch_cuda_generated_enforce_finite_op.cu.o
[ 73%] Building NVCC (Device) object caffe2/CMakeFiles/torch_cuda.dir/operators/torch_cuda_generated_ensure_cpu_output_op.cu.o
[ 73%] Building NVCC (Device) object caffe2/CMakeFiles/torch_cuda.dir/operators/torch_cuda_generated_filler_op.cu.o
[ 73%] Building NVCC (Device) object caffe2/CMakeFiles/torch_cuda.dir/operators/torch_cuda_generated_erf_op.cu.o
[ 73%] Building NVCC (Device) object caffe2/CMakeFiles/torch_cuda.dir/operators/torch_cuda_generated_find_op.cu.o
[ 73%] Building NVCC (Device) object caffe2/CMakeFiles/torch_cuda.dir/operators/torch_cuda_generated_floor_op.cu.o
[ 73%] Building NVCC (Device) object caffe2/CMakeFiles/torch_cuda.dir/operators/torch_cuda_generated_gather_op.cu.o
[ 73%] Building NVCC (Device) object caffe2/CMakeFiles/torch_cuda.dir/operators/torch_cuda_generated_gelu_op.cu.o
[ 73%] Building NVCC (Device) object caffe2/CMakeFiles/torch_cuda.dir/operators/torch_cuda_generated_generate_proposals_op.cu.o
[ 73%] Building NVCC (Device) object caffe2/CMakeFiles/torch_cuda.dir/operators/torch_cuda_generated_generate_proposals_op_util_nms_gpu.cu.o
[ 73%] Building NVCC (Device) object caffe2/CMakeFiles/torch_cuda.dir/operators/torch_cuda_generated_given_tensor_byte_string_to_uint8_fill_op.cu.o
[ 73%] Building NVCC (Device) object caffe2/CMakeFiles/torch_cuda.dir/operators/torch_cuda_generated_given_tensor_fill_op.cu.o
[ 73%] Building NVCC (Device) object caffe2/CMakeFiles/torch_cuda.dir/operators/torch_cuda_generated_glu_op.cu.o
[ 73%] Building NVCC (Device) object caffe2/CMakeFiles/torch_cuda.dir/operators/torch_cuda_generated_group_norm_op.cu.o
[ 73%] Building NVCC (Device) object caffe2/CMakeFiles/torch_cuda.dir/operators/torch_cuda_generated_gru_unit_op_gpu.cu.o
[ 73%] Building NVCC (Device) object caffe2/CMakeFiles/torch_cuda.dir/operators/torch_cuda_generated_half_float_ops.cu.o
[ 73%] Building NVCC (Device) object caffe2/CMakeFiles/torch_cuda.dir/operators/torch_cuda_generated_hard_sigmoid_op.cu.o
[ 73%] Building NVCC (Device) object caffe2/CMakeFiles/torch_cuda.dir/operators/torch_cuda_generated_instance_norm_op.cu.o
[ 73%] Building NVCC (Device) object caffe2/CMakeFiles/torch_cuda.dir/operators/torch_cuda_generated_integral_image_op.cu.o
[ 73%] Building NVCC (Device) object caffe2/CMakeFiles/torch_cuda.dir/operators/torch_cuda_generated_layer_norm_op.cu.o
[ 73%] Building NVCC (Device) object caffe2/CMakeFiles/torch_cuda.dir/operators/torch_cuda_generated_leaky_relu_op.cu.o
[ 73%] Building NVCC (Device) object caffe2/CMakeFiles/torch_cuda.dir/operators/torch_cuda_generated_lengths_pad_op.cu.o
[ 73%] Building NVCC (Device) object caffe2/CMakeFiles/torch_cuda.dir/operators/torch_cuda_generated_lengths_tile_op.cu.o
[ 73%] Building NVCC (Device) object caffe2/CMakeFiles/torch_cuda.dir/operators/torch_cuda_generated_local_response_normalization_op.cu.o
[ 73%] Building NVCC (Device) object caffe2/CMakeFiles/torch_cuda.dir/operators/torch_cuda_generated_logit_op.cu.o
[ 74%] Building NVCC (Device) object caffe2/CMakeFiles/torch_cuda.dir/operators/torch_cuda_generated_loss_op.cu.o
[ 74%] Building NVCC (Device) object caffe2/CMakeFiles/torch_cuda.dir/operators/torch_cuda_generated_lp_pool_op.cu.o
[ 74%] Building NVCC (Device) object caffe2/CMakeFiles/torch_cuda.dir/operators/torch_cuda_generated_lpnorm_op.cu.o
[ 74%] Building NVCC (Device) object caffe2/CMakeFiles/torch_cuda.dir/operators/torch_cuda_generated_lstm_unit_op_gpu.cu.o
[ 74%] Building NVCC (Device) object caffe2/CMakeFiles/torch_cuda.dir/operators/torch_cuda_generated_margin_ranking_criterion_op.cu.o
[ 74%] Building NVCC (Device) object caffe2/CMakeFiles/torch_cuda.dir/operators/torch_cuda_generated_max_pool_with_index.cu.o
[ 74%] Building NVCC (Device) object caffe2/CMakeFiles/torch_cuda.dir/operators/torch_cuda_generated_mean_op.cu.o
[ 74%] Building NVCC (Device) object caffe2/CMakeFiles/torch_cuda.dir/operators/torch_cuda_generated_mem_query_op.cu.o
[ 74%] Building NVCC (Device) object caffe2/CMakeFiles/torch_cuda.dir/operators/torch_cuda_generated_minmax_ops.cu.o
[ 74%] Building NVCC (Device) object caffe2/CMakeFiles/torch_cuda.dir/operators/torch_cuda_generated_moments_op.cu.o
[ 74%] Building NVCC (Device) object caffe2/CMakeFiles/torch_cuda.dir/operators/torch_cuda_generated_multi_class_accuracy_op.cu.o
[ 74%] Building NVCC (Device) object caffe2/CMakeFiles/torch_cuda.dir/operators/torch_cuda_generated_normalize_ops.cu.o
[ 74%] Building NVCC (Device) object caffe2/CMakeFiles/torch_cuda.dir/operators/torch_cuda_generated_one_hot_ops.cu.o
[ 74%] Building NVCC (Device) object caffe2/CMakeFiles/torch_cuda.dir/operators/torch_cuda_generated_pack_segments.cu.o
[ 74%] Building NVCC (Device) object caffe2/CMakeFiles/torch_cuda.dir/operators/torch_cuda_generated_pad_op_gpu.cu.o
[ 74%] Building NVCC (Device) object caffe2/CMakeFiles/torch_cuda.dir/operators/torch_cuda_generated_perplexity_op.cu.o
[ 74%] Building NVCC (Device) object caffe2/CMakeFiles/torch_cuda.dir/operators/torch_cuda_generated_piecewise_linear_transform_op.cu.o
[ 74%] Building NVCC (Device) object caffe2/CMakeFiles/torch_cuda.dir/operators/torch_cuda_generated_pool_op.cu.o
[ 74%] Building NVCC (Device) object caffe2/CMakeFiles/torch_cuda.dir/operators/torch_cuda_generated_pow_op.cu.o
[ 74%] Building NVCC (Device) object caffe2/CMakeFiles/torch_cuda.dir/operators/torch_cuda_generated_prelu_op.cu.o
[ 74%] Building NVCC (Device) object caffe2/CMakeFiles/torch_cuda.dir/operators/torch_cuda_generated_reciprocal_op.cu.o
[ 74%] Building NVCC (Device) object caffe2/CMakeFiles/torch_cuda.dir/operators/torch_cuda_generated_reduce_front_back_max_ops.cu.o
[ 74%] Building NVCC (Device) object caffe2/CMakeFiles/torch_cuda.dir/operators/torch_cuda_generated_reduce_front_back_sum_mean_ops.cu.o
[ 74%] Building NVCC (Device) object caffe2/CMakeFiles/torch_cuda.dir/operators/torch_cuda_generated_reduce_ops.cu.o
[ 74%] Building NVCC (Device) object caffe2/CMakeFiles/torch_cuda.dir/operators/torch_cuda_generated_reduction_ops.cu.o
/castles/nr/projects/d/duanj-ai-in-medical-imaging/.share/download/t1/pytorch/aten/src/ATen/record_function.h(18): warning: attribute "__visibility__" does not apply here

[ 74%] Building NVCC (Device) object caffe2/CMakeFiles/torch_cuda.dir/operators/torch_cuda_generated_relu_n_op.cu.o
[ 74%] Building NVCC (Device) object caffe2/CMakeFiles/torch_cuda.dir/operators/torch_cuda_generated_relu_op.cu.o
[ 74%] Building NVCC (Device) object caffe2/CMakeFiles/torch_cuda.dir/operators/torch_cuda_generated_replace_nan_op.cu.o
/castles/nr/projects/d/duanj-ai-in-medical-imaging/.share/download/t1/pytorch/aten/src/ATen/record_function.h(18): warning: attribute "__visibility__" does not apply here

[ 74%] Building NVCC (Device) object caffe2/CMakeFiles/torch_cuda.dir/operators/torch_cuda_generated_resize_3d_op.cu.o
[ 74%] Building NVCC (Device) object caffe2/CMakeFiles/torch_cuda.dir/operators/torch_cuda_generated_resize_op.cu.o
[ 74%] Building NVCC (Device) object caffe2/CMakeFiles/torch_cuda.dir/operators/torch_cuda_generated_reverse_packed_segs_op.cu.o
[ 74%] Building NVCC (Device) object caffe2/CMakeFiles/torch_cuda.dir/operators/torch_cuda_generated_rmac_regions_op.cu.o
[ 74%] Building NVCC (Device) object caffe2/CMakeFiles/torch_cuda.dir/operators/torch_cuda_generated_roi_align_gradient_op.cu.o
[ 74%] Building NVCC (Device) object caffe2/CMakeFiles/torch_cuda.dir/operators/torch_cuda_generated_roi_align_op.cu.o
/castles/nr/projects/d/duanj-ai-in-medical-imaging/.share/download/t1/pytorch/aten/src/ATen/record_function.h(18): warning: attribute "__visibility__" does not apply here

[ 75%] Building NVCC (Device) object caffe2/CMakeFiles/torch_cuda.dir/operators/torch_cuda_generated_roi_align_rotated_gradient_op.cu.o
[ 75%] Building NVCC (Device) object caffe2/CMakeFiles/torch_cuda.dir/operators/torch_cuda_generated_roi_align_rotated_op.cu.o
/castles/nr/projects/d/duanj-ai-in-medical-imaging/.share/download/t1/pytorch/aten/src/ATen/record_function.h(18): warning: attribute "__visibility__" does not apply here

[ 75%] Building NVCC (Device) object caffe2/CMakeFiles/torch_cuda.dir/operators/torch_cuda_generated_roi_pool_op.cu.o
[ 75%] Building NVCC (Device) object caffe2/CMakeFiles/torch_cuda.dir/operators/torch_cuda_generated_rsqrt_op.cu.o
[ 75%] Building NVCC (Device) object caffe2/CMakeFiles/torch_cuda.dir/operators/torch_cuda_generated_scale_blobs_op.cu.o
/castles/nr/projects/d/duanj-ai-in-medical-imaging/.share/download/t1/pytorch/aten/src/ATen/record_function.h(18): warning: attribute "__visibility__" does not apply here

/castles/nr/projects/d/duanj-ai-in-medical-imaging/.share/download/t1/pytorch/aten/src/ATen/record_function.h(18): warning: attribute "__visibility__" does not apply here

[ 75%] Building NVCC (Device) object caffe2/CMakeFiles/torch_cuda.dir/operators/torch_cuda_generated_segment_reduction_op_gpu.cu.o
[ 75%] Building NVCC (Device) object caffe2/CMakeFiles/torch_cuda.dir/operators/torch_cuda_generated_selu_op.cu.o
[ 75%] Building NVCC (Device) object caffe2/CMakeFiles/torch_cuda.dir/operators/torch_cuda_generated_sequence_ops.cu.o
[ 75%] Building NVCC (Device) object caffe2/CMakeFiles/torch_cuda.dir/operators/torch_cuda_generated_sigmoid_op.cu.o
/castles/nr/projects/d/duanj-ai-in-medical-imaging/.share/download/t1/pytorch/aten/src/ATen/record_function.h(18): warning: attribute "__visibility__" does not apply here

[ 75%] Building NVCC (Device) object caffe2/CMakeFiles/torch_cuda.dir/operators/torch_cuda_generated_sin_op.cu.o
[ 75%] Building NVCC (Device) object caffe2/CMakeFiles/torch_cuda.dir/operators/torch_cuda_generated_sinh_op.cu.o
[ 75%] Building NVCC (Device) object caffe2/CMakeFiles/torch_cuda.dir/operators/torch_cuda_generated_slice_op.cu.o
[ 75%] Building NVCC (Device) object caffe2/CMakeFiles/torch_cuda.dir/operators/torch_cuda_generated_softmax_ops.cu.o
[ 75%] Building NVCC (Device) object caffe2/CMakeFiles/torch_cuda.dir/operators/torch_cuda_generated_softplus_op.cu.o
/castles/nr/projects/d/duanj-ai-in-medical-imaging/.share/download/t1/pytorch/aten/src/ATen/record_function.h(18): warning: attribute "__visibility__" does not apply here

/castles/nr/projects/d/duanj-ai-in-medical-imaging/.share/download/t1/pytorch/aten/src/ATen/record_function.h(18): warning: attribute "__visibility__" does not apply here

[ 75%] Building NVCC (Device) object caffe2/CMakeFiles/torch_cuda.dir/operators/torch_cuda_generated_softsign_op.cu.o
/castles/nr/projects/d/duanj-ai-in-medical-imaging/.share/download/t1/pytorch/aten/src/ATen/record_function.h(18): warning: attribute "__visibility__" does not apply here

[ 75%] Building NVCC (Device) object caffe2/CMakeFiles/torch_cuda.dir/operators/torch_cuda_generated_space_batch_op_gpu.cu.o
[ 75%] Building NVCC (Device) object caffe2/CMakeFiles/torch_cuda.dir/operators/torch_cuda_generated_sparse_lp_regularizer_op_gpu.cu.o
/castles/nr/projects/d/duanj-ai-in-medical-imaging/.share/download/t1/pytorch/aten/src/ATen/record_function.h(18): warning: attribute "__visibility__" does not apply here

[ 75%] Building NVCC (Device) object caffe2/CMakeFiles/torch_cuda.dir/operators/torch_cuda_generated_sparse_normalize_op_gpu.cu.o
[ 75%] Building NVCC (Device) object caffe2/CMakeFiles/torch_cuda.dir/operators/torch_cuda_generated_sparse_to_dense_op.cu.o
[ 75%] Building NVCC (Device) object caffe2/CMakeFiles/torch_cuda.dir/operators/torch_cuda_generated_spatial_batch_norm_op.cu.o
[ 75%] Building NVCC (Device) object caffe2/CMakeFiles/torch_cuda.dir/operators/torch_cuda_generated_stump_func_op.cu.o
[ 75%] Building NVCC (Device) object caffe2/CMakeFiles/torch_cuda.dir/operators/torch_cuda_generated_summarize_op.cu.o
[ 75%] Building NVCC (Device) object caffe2/CMakeFiles/torch_cuda.dir/operators/torch_cuda_generated_swish_op.cu.o
[ 75%] Building NVCC (Device) object caffe2/CMakeFiles/torch_cuda.dir/operators/torch_cuda_generated_tan_op.cu.o
[ 75%] Building NVCC (Device) object caffe2/CMakeFiles/torch_cuda.dir/operators/torch_cuda_generated_tanh_op.cu.o
[ 75%] Building NVCC (Device) object caffe2/CMakeFiles/torch_cuda.dir/operators/torch_cuda_generated_thresholded_relu_op.cu.o
[ 75%] Building NVCC (Device) object caffe2/CMakeFiles/torch_cuda.dir/operators/torch_cuda_generated_tile_op.cu.o
[ 75%] Building NVCC (Device) object caffe2/CMakeFiles/torch_cuda.dir/operators/torch_cuda_generated_transpose_op.cu.o
/castles/nr/projects/d/duanj-ai-in-medical-imaging/.share/download/t1/pytorch/aten/src/ATen/record_function.h(18): warning: attribute "__visibility__" does not apply here

[ 75%] Building NVCC (Device) object caffe2/CMakeFiles/torch_cuda.dir/operators/torch_cuda_generated_upsample_op.cu.o
[ 75%] Building NVCC (Device) object caffe2/CMakeFiles/torch_cuda.dir/operators/torch_cuda_generated_utility_ops.cu.o
[ 75%] Building NVCC (Device) object caffe2/CMakeFiles/torch_cuda.dir/operators/torch_cuda_generated_weighted_sample_op.cu.o
[ 75%] Building NVCC (Device) object caffe2/CMakeFiles/torch_cuda.dir/operators/rnn/torch_cuda_generated_recurrent_network_op_gpu.cu.o
[ 75%] Building NVCC (Device) object caffe2/CMakeFiles/torch_cuda.dir/sgd/torch_cuda_generated_adadelta_op_gpu.cu.o
[ 75%] Building NVCC (Device) object caffe2/CMakeFiles/torch_cuda.dir/sgd/torch_cuda_generated_adagrad_fused_op_gpu.cu.o
[ 76%] Building NVCC (Device) object caffe2/CMakeFiles/torch_cuda.dir/sgd/torch_cuda_generated_adagrad_op_gpu.cu.o
[ 76%] Building NVCC (Device) object caffe2/CMakeFiles/torch_cuda.dir/sgd/torch_cuda_generated_adam_op_gpu.cu.o
[ 76%] Building NVCC (Device) object caffe2/CMakeFiles/torch_cuda.dir/sgd/torch_cuda_generated_fp16_momentum_sgd_op.cu.o
[ 76%] Building NVCC (Device) object caffe2/CMakeFiles/torch_cuda.dir/sgd/torch_cuda_generated_fp32_momentum_sgd_op.cu.o
[ 76%] Building NVCC (Device) object caffe2/CMakeFiles/torch_cuda.dir/sgd/torch_cuda_generated_lars_op_gpu.cu.o
[ 76%] Building NVCC (Device) object caffe2/CMakeFiles/torch_cuda.dir/sgd/torch_cuda_generated_momentum_sgd_op_gpu.cu.o
[ 76%] Building NVCC (Device) object caffe2/CMakeFiles/torch_cuda.dir/sgd/torch_cuda_generated_rmsprop_op_gpu.cu.o
[ 76%] Building NVCC (Device) object caffe2/CMakeFiles/torch_cuda.dir/sgd/torch_cuda_generated_yellowfin_op_gpu.cu.o
/castles/nr/projects/d/duanj-ai-in-medical-imaging/.share/download/t1/pytorch/aten/src/ATen/record_function.h(18): warning: attribute "__visibility__" does not apply here

[ 76%] Building NVCC (Device) object caffe2/CMakeFiles/torch_cuda.dir/__/aten/src/THC/torch_cuda_generated_THCTensorMode.cu.o
[ 76%] Building NVCC (Device) object caffe2/CMakeFiles/torch_cuda.dir/__/aten/src/ATen/native/cuda/torch_cuda_generated_TensorFactories.cu.o
[ 76%] Building NVCC (Device) object caffe2/CMakeFiles/torch_cuda.dir/__/aten/src/ATen/native/cuda/torch_cuda_generated_Unique.cu.o
[ 76%] Building NVCC (Device) object caffe2/CMakeFiles/torch_cuda.dir/operators/torch_cuda_generated_top_k.cu.o
[ 76%] Building NVCC (Device) object caffe2/CMakeFiles/torch_cuda.dir/operators/torch_cuda_generated_unique_ops.cu.o
/castles/nr/projects/d/duanj-ai-in-medical-imaging/.share/download/t1/pytorch/aten/src/ATen/record_function.h(18): warning: attribute "__visibility__" does not apply here

/castles/nr/projects/d/duanj-ai-in-medical-imaging/.share/download/t1/pytorch/aten/src/ATen/record_function.h(18): warning: attribute "__visibility__" does not apply here

/castles/nr/projects/d/duanj-ai-in-medical-imaging/.share/download/t1/pytorch/aten/src/ATen/record_function.h(18): warning: attribute "__visibility__" does not apply here

/castles/nr/projects/d/duanj-ai-in-medical-imaging/.share/download/t1/pytorch/aten/src/ATen/record_function.h(18): warning: attribute "__visibility__" does not apply here

/castles/nr/projects/d/duanj-ai-in-medical-imaging/.share/download/t1/pytorch/aten/src/ATen/record_function.h(18): warning: attribute "__visibility__" does not apply here

/castles/nr/projects/d/duanj-ai-in-medical-imaging/.share/download/t1/pytorch/aten/src/ATen/record_function.h(18): warning: attribute "__visibility__" does not apply here

/castles/nr/projects/d/duanj-ai-in-medical-imaging/.share/download/t1/pytorch/aten/src/ATen/record_function.h(18): warning: attribute "__visibility__" does not apply here

/castles/nr/projects/d/duanj-ai-in-medical-imaging/.share/download/t1/pytorch/aten/src/ATen/record_function.h(18): warning: attribute "__visibility__" does not apply here

/castles/nr/projects/d/duanj-ai-in-medical-imaging/.share/download/t1/pytorch/aten/src/ATen/record_function.h(18): warning: attribute "__visibility__" does not apply here

/castles/nr/projects/d/duanj-ai-in-medical-imaging/.share/download/t1/pytorch/aten/src/ATen/record_function.h(18): warning: attribute "__visibility__" does not apply here

/castles/nr/projects/d/duanj-ai-in-medical-imaging/.share/download/t1/pytorch/aten/src/ATen/record_function.h(18): warning: attribute "__visibility__" does not apply here

/castles/nr/projects/d/duanj-ai-in-medical-imaging/.share/download/t1/pytorch/aten/src/ATen/record_function.h(18): warning: attribute "__visibility__" does not apply here

/castles/nr/projects/d/duanj-ai-in-medical-imaging/.share/download/t1/pytorch/aten/src/ATen/record_function.h(18): warning: attribute "__visibility__" does not apply here

/castles/nr/projects/d/duanj-ai-in-medical-imaging/.share/download/t1/pytorch/aten/src/ATen/record_function.h(18): warning: attribute "__visibility__" does not apply here

/castles/nr/projects/d/duanj-ai-in-medical-imaging/.share/download/t1/pytorch/aten/src/ATen/record_function.h(18): warning: attribute "__visibility__" does not apply here

/castles/nr/projects/d/duanj-ai-in-medical-imaging/.share/download/t1/pytorch/aten/src/ATen/record_function.h(18): warning: attribute "__visibility__" does not apply here

/castles/nr/projects/d/duanj-ai-in-medical-imaging/.share/download/t1/pytorch/aten/src/ATen/record_function.h(18): warning: attribute "__visibility__" does not apply here

/castles/nr/projects/d/duanj-ai-in-medical-imaging/.share/download/t1/pytorch/aten/src/ATen/record_function.h(18): warning: attribute "__visibility__" does not apply here

/castles/nr/projects/d/duanj-ai-in-medical-imaging/.share/download/t1/pytorch/aten/src/ATen/record_function.h(18): warning: attribute "__visibility__" does not apply here

/castles/nr/projects/d/duanj-ai-in-medical-imaging/.share/download/t1/pytorch/aten/src/ATen/record_function.h(18): warning: attribute "__visibility__" does not apply here

/castles/nr/projects/d/duanj-ai-in-medical-imaging/.share/download/t1/pytorch/aten/src/ATen/record_function.h(18): warning: attribute "__visibility__" does not apply here

/castles/nr/projects/d/duanj-ai-in-medical-imaging/.share/download/t1/pytorch/aten/src/ATen/record_function.h(18): warning: attribute "__visibility__" does not apply here

/castles/nr/projects/d/duanj-ai-in-medical-imaging/.share/download/t1/pytorch/aten/src/ATen/record_function.h(18): warning: attribute "__visibility__" does not apply here

Scanning dependencies of target torch_cuda
[ 76%] Building CXX object caffe2/CMakeFiles/torch_cuda.dir/__/aten/src/ATen/native/cudnn/AffineGridGenerator.cpp.o
[ 76%] Building CXX object caffe2/CMakeFiles/torch_cuda.dir/__/aten/src/ATen/native/cudnn/BatchNorm.cpp.o
[ 76%] Building CXX object caffe2/CMakeFiles/torch_cuda.dir/__/aten/src/ATen/native/cudnn/Conv.cpp.o
[ 76%] Building CXX object caffe2/CMakeFiles/torch_cuda.dir/__/aten/src/ATen/native/cudnn/GridSampler.cpp.o
[ 76%] Building CXX object caffe2/CMakeFiles/torch_cuda.dir/__/aten/src/ATen/native/cudnn/RNN.cpp.o
[ 76%] Building CXX object caffe2/CMakeFiles/torch_cuda.dir/__/aten/src/ATen/native/miopen/BatchNorm_miopen.cpp.o
[ 76%] Building CXX object caffe2/CMakeFiles/torch_cuda.dir/__/aten/src/ATen/native/sparse/cuda/SparseCUDATensor.cpp.o
[ 76%] Building CXX object caffe2/CMakeFiles/torch_cuda.dir/__/aten/src/ATen/native/miopen/RNN_miopen.cpp.o
[ 76%] Building CXX object caffe2/CMakeFiles/torch_cuda.dir/__/aten/src/ATen/native/miopen/Conv_miopen.cpp.o
[ 76%] Building CXX object caffe2/CMakeFiles/torch_cuda.dir/__/aten/src/ATen/cuda/CUDAContext.cpp.o
[ 76%] Building CXX object caffe2/CMakeFiles/torch_cuda.dir/__/aten/src/ATen/cuda/CUDABlas.cpp.o
[ 76%] Building CXX object caffe2/CMakeFiles/torch_cuda.dir/__/aten/src/ATen/cuda/detail/CUDAHooks.cpp.o
[ 76%] Building CXX object caffe2/CMakeFiles/torch_cuda.dir/__/aten/src/ATen/native/cuda/LegacyDefinitions.cpp.o
[ 76%] Building CXX object caffe2/CMakeFiles/torch_cuda.dir/__/aten/src/ATen/native/cuda/CUDAUnaryOps.cpp.o
[ 76%] Building CXX object caffe2/CMakeFiles/torch_cuda.dir/__/aten/src/THC/THCGeneral.cpp.o
[ 76%] Building CXX object caffe2/CMakeFiles/torch_cuda.dir/__/aten/src/ATen/native/cudnn/LossCTC.cpp.o
[ 76%] Building CXX object caffe2/CMakeFiles/torch_cuda.dir/__/aten/src/ATen/cuda/CuSparseHandlePool.cpp.o
[ 76%] Building CXX object caffe2/CMakeFiles/torch_cuda.dir/__/aten/src/ATen/QuantizedCUDAType.cpp.o
[ 76%] Building CXX object caffe2/CMakeFiles/torch_cuda.dir/__/aten/src/ATen/LegacyTHFunctionsCUDA.cpp.o
[ 76%] Building CXX object caffe2/CMakeFiles/torch_cuda.dir/__/aten/src/THC/THCCachingHostAllocator.cpp.o
[ 76%] Building CXX object caffe2/CMakeFiles/torch_cuda.dir/__/aten/src/THC/THCTensor.cpp.o
[ 76%] Building CXX object caffe2/CMakeFiles/torch_cuda.dir/__/aten/src/THC/THCStorageCopy.cpp.o
[ 76%] Building CXX object caffe2/CMakeFiles/torch_cuda.dir/__/aten/src/ATen/cudnn/Handle.cpp.o
[ 76%] Building CXX object caffe2/CMakeFiles/torch_cuda.dir/__/aten/src/ATen/cuda/CUDAGeneratorImpl.cpp.o
[ 76%] Building CXX object caffe2/CMakeFiles/torch_cuda.dir/__/aten/src/ATen/cuda/PinnedMemoryAllocator.cpp.o
[ 76%] Building CXX object caffe2/CMakeFiles/torch_cuda.dir/core/common_gpu.cc.o
[ 76%] Building CXX object caffe2/CMakeFiles/torch_cuda.dir/contrib/nccl/cuda_nccl_gpu.cc.o
[ 76%] Building CXX object caffe2/CMakeFiles/torch_cuda.dir/contrib/gloo/broadcast_ops_gpu.cc.o
[ 76%] Building CXX object caffe2/CMakeFiles/torch_cuda.dir/__/aten/src/ATen/native/cuda/TensorShapeCUDA.cpp.o
[ 76%] Building CXX object caffe2/CMakeFiles/torch_cuda.dir/core/common_cudnn.cc.o
[ 76%] Building CXX object caffe2/CMakeFiles/torch_cuda.dir/db/create_db_op_gpu.cc.o
[ 76%] Building CXX object caffe2/CMakeFiles/torch_cuda.dir/__/aten/src/ATen/cudnn/Types.cpp.o
[ 76%] Building CXX object caffe2/CMakeFiles/torch_cuda.dir/distributed/file_store_handler_op_gpu.cc.o
[ 76%] Building CXX object caffe2/CMakeFiles/torch_cuda.dir/contrib/nccl/cuda_nccl_op_gpu.cc.o
[ 76%] Building CXX object caffe2/CMakeFiles/torch_cuda.dir/contrib/aten/aten_op_gpu.cc.o
[ 76%] Building CXX object caffe2/CMakeFiles/torch_cuda.dir/operators/conv_op_cudnn.cc.o
[ 76%] Building CXX object caffe2/CMakeFiles/torch_cuda.dir/mpi/mpi_ops_gpu.cc.o
[ 76%] Building CXX object caffe2/CMakeFiles/torch_cuda.dir/core/blob_serialization_gpu.cc.o
[ 76%] Building CXX object caffe2/CMakeFiles/torch_cuda.dir/operators/dropout_op_cudnn.cc.o
[ 76%] Building CXX object caffe2/CMakeFiles/torch_cuda.dir/__/aten/src/ATen/cuda/CublasHandlePool.cpp.o
[ 76%] Building CXX object caffe2/CMakeFiles/torch_cuda.dir/operators/local_response_normalization_op_cudnn.cc.o
[ 76%] Building CXX object caffe2/CMakeFiles/torch_cuda.dir/operators/conv_op_cache_cudnn.cc.o
[ 76%] Building CXX object caffe2/CMakeFiles/torch_cuda.dir/contrib/gloo/allreduce_ops_gpu.cc.o
[ 76%] Building CXX object caffe2/CMakeFiles/torch_cuda.dir/operators/order_switch_ops_cudnn.cc.o
[ 76%] Building CXX object caffe2/CMakeFiles/torch_cuda.dir/operators/transpose_op_cudnn.cc.o
[ 76%] Building CXX object caffe2/CMakeFiles/torch_cuda.dir/operators/pool_op_cudnn.cc.o
[ 77%] Building CXX object caffe2/CMakeFiles/torch_cuda.dir/operators/conv_op_gpu.cc.o
[ 77%] Building CXX object caffe2/CMakeFiles/torch_cuda.dir/operators/tanh_op_cudnn.cc.o
[ 77%] Building CXX object caffe2/CMakeFiles/torch_cuda.dir/operators/concat_split_op_gpu.cc.o
[ 77%] Building CXX object caffe2/CMakeFiles/torch_cuda.dir/operators/expand_squeeze_dims_op_gpu.cc.o
[ 77%] Building CXX object caffe2/CMakeFiles/torch_cuda.dir/operators/do_op_gpu.cc.o
[ 77%] Building CXX object caffe2/CMakeFiles/torch_cuda.dir/operators/softmax_op_cudnn.cc.o
[ 77%] Building CXX object caffe2/CMakeFiles/torch_cuda.dir/operators/elementwise_add_op_gpu.cc.o
[ 77%] Building CXX object caffe2/CMakeFiles/torch_cuda.dir/operators/exp_op_gpu.cc.o
[ 77%] Building CXX object caffe2/CMakeFiles/torch_cuda.dir/operators/conv_transpose_op_cudnn.cc.o
[ 77%] Building CXX object caffe2/CMakeFiles/torch_cuda.dir/operators/free_op_gpu.cc.o
[ 77%] Building CXX object caffe2/CMakeFiles/torch_cuda.dir/operators/fully_connected_op_gpu.cc.o
[ 77%] Building CXX object caffe2/CMakeFiles/torch_cuda.dir/core/event_gpu.cc.o
[ 77%] Building CXX object caffe2/CMakeFiles/torch_cuda.dir/operators/if_op_gpu.cc.o
[ 77%] Building CXX object caffe2/CMakeFiles/torch_cuda.dir/operators/prepend_dim_op_gpu.cc.o
[ 77%] Building CXX object caffe2/CMakeFiles/torch_cuda.dir/operators/log_op_gpu.cc.o
[ 77%] Building CXX object caffe2/CMakeFiles/torch_cuda.dir/operators/negative_op_gpu.cc.o
[ 77%] Building CXX object caffe2/CMakeFiles/torch_cuda.dir/__/aten/src/ATen/cudnn/Descriptors.cpp.o
[ 77%] Building CXX object caffe2/CMakeFiles/torch_cuda.dir/operators/im2col_op_gpu.cc.o
[ 77%] Building CXX object caffe2/CMakeFiles/torch_cuda.dir/operators/elementwise_sub_op_gpu.cc.o
[ 77%] Building CXX object caffe2/CMakeFiles/torch_cuda.dir/operators/locally_connected_op_gpu.cc.o
[ 77%] Building CXX object caffe2/CMakeFiles/torch_cuda.dir/operators/matmul_op_gpu.cc.o
[ 77%] Building CXX object caffe2/CMakeFiles/torch_cuda.dir/operators/expand_op_gpu.cc.o
[ 77%] Building CXX object caffe2/CMakeFiles/torch_cuda.dir/operators/order_switch_ops_gpu.cc.o
[ 77%] Building CXX object caffe2/CMakeFiles/torch_cuda.dir/operators/load_save_op_gpu.cc.o
[ 77%] Building CXX object caffe2/CMakeFiles/torch_cuda.dir/operators/elu_op_cudnn.cc.o
[ 77%] Building CXX object caffe2/CMakeFiles/torch_cuda.dir/operators/tensor_protos_db_input_gpu.cc.o
[ 77%] Building CXX object caffe2/CMakeFiles/torch_cuda.dir/operators/conv_transpose_op_gpu.cc.o
[ 77%] Building CXX object caffe2/CMakeFiles/torch_cuda.dir/operators/counter_ops_gpu.cc.o
[ 77%] Building CXX object caffe2/CMakeFiles/torch_cuda.dir/operators/sigmoid_op_cudnn.cc.o
[ 77%] Building CXX object caffe2/CMakeFiles/torch_cuda.dir/operators/stop_gradient_gpu.cc.o
[ 77%] Building CXX object caffe2/CMakeFiles/torch_cuda.dir/operators/reshape_op_gpu.cc.o
[ 77%] Building CXX object caffe2/CMakeFiles/torch_cuda.dir/operators/negate_gradient_op_gpu.cc.o
[ 77%] Building CXX object caffe2/CMakeFiles/torch_cuda.dir/operators/sqr_op_gpu.cc.o
[ 77%] Building CXX object caffe2/CMakeFiles/torch_cuda.dir/operators/shape_op_gpu.cc.o
[ 77%] Building CXX object caffe2/CMakeFiles/torch_cuda.dir/operators/sqrt_op_gpu.cc.o
[ 77%] Building CXX object caffe2/CMakeFiles/torch_cuda.dir/operators/rnn/recurrent_network_blob_fetcher_op_gpu.cc.o
[ 77%] Building CXX object caffe2/CMakeFiles/torch_cuda.dir/operators/while_op_gpu.cc.o
[ 77%] Building CXX object caffe2/CMakeFiles/torch_cuda.dir/operators/rnn/recurrent_network_executor_gpu.cc.o
[ 77%] Building CXX object caffe2/CMakeFiles/torch_cuda.dir/queue/queue_ops_gpu.cc.o
[ 79%] Building CXX object caffe2/CMakeFiles/torch_cuda.dir/sgd/iter_op_gpu.cc.o
[ 79%] Building CXX object caffe2/CMakeFiles/torch_cuda.dir/__/aten/src/ATen/CUDAType.cpp.o
[ 79%] Building CXX object caffe2/CMakeFiles/torch_cuda.dir/operators/zero_gradient_op_gpu.cc.o
[ 79%] Building CXX object caffe2/CMakeFiles/torch_cuda.dir/operators/communicator_op_gpu.cc.o
[ 79%] Building CXX object caffe2/CMakeFiles/torch_cuda.dir/sgd/learning_rate_op_gpu.cc.o
[ 79%] Building CXX object caffe2/CMakeFiles/torch_cuda.dir/sgd/weight_scale_op_gpu.cc.o
[ 79%] Building CXX object caffe2/CMakeFiles/torch_cuda.dir/operators/scale_op_gpu.cc.o
[ 79%] Building CXX object caffe2/CMakeFiles/torch_cuda.dir/__/aten/src/ATen/SparseCUDAType.cpp.o
[ 79%] Building CXX object caffe2/CMakeFiles/torch_cuda.dir/operators/rnn/recurrent_op_cudnn.cc.o
[ 79%] Building CXX object caffe2/CMakeFiles/torch_cuda.dir/operators/conv_op_shared_gpu.cc.o
[ 79%] Building CXX object caffe2/CMakeFiles/torch_cuda.dir/contrib/gloo/common_world_ops_gpu.cc.o
[ 79%] Building CXX object caffe2/CMakeFiles/torch_cuda.dir/__/torch/csrc/autograd/profiler_cuda.cpp.o
[ 79%] Building CXX object caffe2/CMakeFiles/torch_cuda.dir/__/torch/csrc/jit/codegen/fuser/cuda/fused_kernel.cpp.o
[ 79%] Building CXX object caffe2/CMakeFiles/torch_cuda.dir/__/torch/csrc/autograd/functions/comm.cpp.o
[ 79%] Building CXX object caffe2/CMakeFiles/torch_cuda.dir/__/torch/csrc/cuda/comm.cpp.o
[ 79%] Building CXX object caffe2/CMakeFiles/torch_cuda.dir/__/torch/csrc/jit/codegen/cuda/arith.cpp.o
[ 79%] Building CXX object caffe2/CMakeFiles/torch_cuda.dir/__/torch/csrc/jit/codegen/cuda/compute_at.cpp.o
[ 79%] Building CXX object caffe2/CMakeFiles/torch_cuda.dir/__/torch/csrc/jit/codegen/cuda/dispatch.cpp.o
[ 79%] Building CXX object caffe2/CMakeFiles/torch_cuda.dir/__/torch/csrc/jit/codegen/cuda/expr_evaluator.cpp.o
[ 79%] Building CXX object caffe2/CMakeFiles/torch_cuda.dir/__/torch/csrc/jit/codegen/cuda/fusion.cpp.o
[ 79%] Building CXX object caffe2/CMakeFiles/torch_cuda.dir/__/torch/csrc/jit/codegen/cuda/graph_fuser.cpp.o
[ 79%] Building CXX object caffe2/CMakeFiles/torch_cuda.dir/__/torch/csrc/jit/codegen/cuda/index_compute.cpp.o
[ 79%] Building CXX object caffe2/CMakeFiles/torch_cuda.dir/__/torch/csrc/jit/codegen/cuda/ir_base_nodes.cpp.o
[ 79%] Building CXX object caffe2/CMakeFiles/torch_cuda.dir/__/torch/csrc/jit/codegen/cuda/ir_cloner.cpp.o
[ 79%] Building CXX object caffe2/CMakeFiles/torch_cuda.dir/__/torch/csrc/jit/codegen/cuda/ir_graphviz.cpp.o
[ 79%] Building CXX object caffe2/CMakeFiles/torch_cuda.dir/__/torch/csrc/jit/codegen/cuda/ir_iostream.cpp.o
[ 79%] Building CXX object caffe2/CMakeFiles/torch_cuda.dir/__/torch/csrc/jit/codegen/cuda/ir_nodes.cpp.o
[ 79%] Building CXX object caffe2/CMakeFiles/torch_cuda.dir/__/torch/csrc/jit/codegen/cuda/iter_visitor.cpp.o
[ 79%] Building CXX object caffe2/CMakeFiles/torch_cuda.dir/__/torch/csrc/jit/codegen/cuda/kernel.cpp.o
[ 79%] Building CXX object caffe2/CMakeFiles/torch_cuda.dir/__/torch/csrc/jit/codegen/cuda/kernel_cache.cpp.o
[ 79%] Building CXX object caffe2/CMakeFiles/torch_cuda.dir/__/torch/csrc/jit/codegen/cuda/manager.cpp.o
[ 79%] Building CXX object caffe2/CMakeFiles/torch_cuda.dir/__/torch/csrc/jit/codegen/cuda/mutator.cpp.o
[ 79%] Building CXX object caffe2/CMakeFiles/torch_cuda.dir/__/torch/csrc/jit/codegen/cuda/shape_inference.cpp.o
[ 79%] Building CXX object caffe2/CMakeFiles/torch_cuda.dir/__/torch/csrc/jit/codegen/cuda/lower_index.cpp.o
[ 79%] Building CXX object caffe2/CMakeFiles/torch_cuda.dir/__/torch/csrc/jit/codegen/cuda/lower_loops.cpp.o
[ 79%] Building CXX object caffe2/CMakeFiles/torch_cuda.dir/__/torch/csrc/jit/codegen/cuda/lower_thread_predicate.cpp.o
[ 79%] Building CXX object caffe2/CMakeFiles/torch_cuda.dir/__/torch/csrc/jit/codegen/cuda/lower_unroll.cpp.o
[ 80%] Building CXX object caffe2/CMakeFiles/torch_cuda.dir/__/torch/csrc/jit/codegen/cuda/lower_utils.cpp.o
[ 80%] Building CXX object caffe2/CMakeFiles/torch_cuda.dir/__/torch/csrc/jit/codegen/cuda/lower_validation.cpp.o
[ 80%] Building CXX object caffe2/CMakeFiles/torch_cuda.dir/__/torch/csrc/jit/codegen/cuda/lower2device.cpp.o
[ 80%] Building CXX object caffe2/CMakeFiles/torch_cuda.dir/__/torch/csrc/jit/codegen/cuda/parser.cpp.o
[ 80%] Building CXX object caffe2/CMakeFiles/torch_cuda.dir/__/torch/csrc/jit/codegen/cuda/partition.cpp.o
[ 80%] Building CXX object caffe2/CMakeFiles/torch_cuda.dir/__/torch/csrc/jit/codegen/cuda/predicate_compute.cpp.o
[ 80%] Building CXX object caffe2/CMakeFiles/torch_cuda.dir/__/torch/csrc/jit/codegen/cuda/tensor_view.cpp.o
[ 80%] Building CXX object caffe2/CMakeFiles/torch_cuda.dir/__/torch/csrc/jit/codegen/cuda/transform_iter.cpp.o
[ 80%] Building CXX object caffe2/CMakeFiles/torch_cuda.dir/__/torch/csrc/jit/codegen/cuda/transform_replay.cpp.o
[ 80%] Building CXX object caffe2/CMakeFiles/torch_cuda.dir/__/torch/csrc/jit/codegen/cuda/transform_rfactor.cpp.o
[ 80%] Building CXX object caffe2/CMakeFiles/torch_cuda.dir/__/torch/csrc/jit/codegen/cuda/type.cpp.o
[ 80%] Building CXX object caffe2/CMakeFiles/torch_cuda.dir/__/torch/csrc/jit/codegen/cuda/utils.cpp.o
[ 80%] Building CXX object caffe2/CMakeFiles/torch_cuda.dir/__/torch/csrc/jit/codegen/cuda/register_interface.cpp.o
[ 80%] Building CXX object caffe2/CMakeFiles/torch_cuda.dir/__/torch/csrc/jit/tensorexpr/cuda_codegen.cpp.o
[ 80%] Building CXX object caffe2/CMakeFiles/torch_cuda.dir/__/torch/csrc/cuda/nccl.cpp.o
In file included from /castles/nr/projects/d/duanj-ai-in-medical-imaging/.share/download/t1/pytorch/c10/core/Device.h:5,
                 from /castles/nr/projects/d/duanj-ai-in-medical-imaging/.share/download/t1/pytorch/c10/core/Allocator.h:6,
                 from /castles/nr/projects/d/duanj-ai-in-medical-imaging/.share/download/t1/pytorch/aten/src/ATen/ATen.h:7,
                 from /castles/nr/projects/d/duanj-ai-in-medical-imaging/.share/download/t1/pytorch/aten/src/ATen/native/RNN.h:3,
                 from /castles/nr/projects/d/duanj-ai-in-medical-imaging/.share/download/t1/pytorch/aten/src/ATen/native/cudnn/RNN.cpp:1:
/castles/nr/projects/d/duanj-ai-in-medical-imaging/.share/download/t1/pytorch/aten/src/ATen/native/cudnn/RNN.cpp: In function ‘void at::native::{anonymous}::_viewOrCopyParams(at::MatrixRef<at::Tensor>, at::MatrixRef<at::Tensor>, bool)’:
/castles/nr/projects/d/duanj-ai-in-medical-imaging/.share/download/t1/pytorch/aten/src/ATen/native/cudnn/RNN.cpp:541:36: warning: ‘at::DeprecatedTypeProperties& at::Tensor::type() const’ is deprecated: Tensor.type() is deprecated. Instead use Tensor.options(), which in many cases (e.g. in a constructor) is a drop-in replacement. If you were using data from type(), that is now available from Tensor itself, so instead of tensor.type().scalar_type(), use tensor.scalar_type() instead and instead of tensor.type().backend() use tensor.device(). [-Wdeprecated-declarations]
         AT_ASSERTM(param_from.type() == param_to.type(), "parameter types mismatch");
                                    ^
/castles/nr/projects/d/duanj-ai-in-medical-imaging/.share/download/t1/pytorch/c10/util/Exception.h:219:39: note: in definition of macro ‘C10_EXPAND_MSVC_WORKAROUND’
 #define C10_EXPAND_MSVC_WORKAROUND(x) x
                                       ^
/castles/nr/projects/d/duanj-ai-in-medical-imaging/.share/download/t1/pytorch/c10/util/Exception.h:238:34: note: in expansion of macro ‘C10_UNLIKELY’
 #define C10_UNLIKELY_OR_CONST(e) C10_UNLIKELY(e)
                                  ^~~~~~~~~~~~
/castles/nr/projects/d/duanj-ai-in-medical-imaging/.share/download/t1/pytorch/c10/util/Exception.h:285:7: note: in expansion of macro ‘C10_UNLIKELY_OR_CONST’
   if (C10_UNLIKELY_OR_CONST(!(cond))) {       \
       ^~~~~~~~~~~~~~~~~~~~~
/castles/nr/projects/d/duanj-ai-in-medical-imaging/.share/download/t1/pytorch/c10/util/Exception.h:447:32: note: in expansion of macro ‘TORCH_INTERNAL_ASSERT’
     C10_EXPAND_MSVC_WORKAROUND(TORCH_INTERNAL_ASSERT(cond, __VA_ARGS__));     \
                                ^~~~~~~~~~~~~~~~~~~~~
/castles/nr/projects/d/duanj-ai-in-medical-imaging/.share/download/t1/pytorch/aten/src/ATen/native/cudnn/RNN.cpp:541:9: note: in expansion of macro ‘AT_ASSERTM’
         AT_ASSERTM(param_from.type() == param_to.type(), "parameter types mismatch");
         ^~~~~~~~~~
In file included from /castles/nr/projects/d/duanj-ai-in-medical-imaging/.share/download/t1/pytorch/aten/src/ATen/Tensor.h:3,
                 from /castles/nr/projects/d/duanj-ai-in-medical-imaging/.share/download/t1/pytorch/aten/src/ATen/Context.h:4,
                 from /castles/nr/projects/d/duanj-ai-in-medical-imaging/.share/download/t1/pytorch/aten/src/ATen/ATen.h:9,
                 from /castles/nr/projects/d/duanj-ai-in-medical-imaging/.share/download/t1/pytorch/aten/src/ATen/native/RNN.h:3,
                 from /castles/nr/projects/d/duanj-ai-in-medical-imaging/.share/download/t1/pytorch/aten/src/ATen/native/cudnn/RNN.cpp:1:
/castles/nr/projects/d/duanj-ai-in-medical-imaging/.share/download/t1/pytorch/build/aten/src/ATen/core/TensorBody.h:282:30: note: declared here
   DeprecatedTypeProperties & type() const {
                              ^~~~
In file included from /castles/nr/projects/d/duanj-ai-in-medical-imaging/.share/download/t1/pytorch/c10/core/Device.h:5,
                 from /castles/nr/projects/d/duanj-ai-in-medical-imaging/.share/download/t1/pytorch/c10/core/Allocator.h:6,
                 from /castles/nr/projects/d/duanj-ai-in-medical-imaging/.share/download/t1/pytorch/aten/src/ATen/ATen.h:7,
                 from /castles/nr/projects/d/duanj-ai-in-medical-imaging/.share/download/t1/pytorch/aten/src/ATen/native/RNN.h:3,
                 from /castles/nr/projects/d/duanj-ai-in-medical-imaging/.share/download/t1/pytorch/aten/src/ATen/native/cudnn/RNN.cpp:1:
/castles/nr/projects/d/duanj-ai-in-medical-imaging/.share/download/t1/pytorch/aten/src/ATen/native/cudnn/RNN.cpp:541:55: warning: ‘at::DeprecatedTypeProperties& at::Tensor::type() const’ is deprecated: Tensor.type() is deprecated. Instead use Tensor.options(), which in many cases (e.g. in a constructor) is a drop-in replacement. If you were using data from type(), that is now available from Tensor itself, so instead of tensor.type().scalar_type(), use tensor.scalar_type() instead and instead of tensor.type().backend() use tensor.device(). [-Wdeprecated-declarations]
         AT_ASSERTM(param_from.type() == param_to.type(), "parameter types mismatch");
                                                       ^
/castles/nr/projects/d/duanj-ai-in-medical-imaging/.share/download/t1/pytorch/c10/util/Exception.h:219:39: note: in definition of macro ‘C10_EXPAND_MSVC_WORKAROUND’
 #define C10_EXPAND_MSVC_WORKAROUND(x) x
                                       ^
/castles/nr/projects/d/duanj-ai-in-medical-imaging/.share/download/t1/pytorch/c10/util/Exception.h:238:34: note: in expansion of macro ‘C10_UNLIKELY’
 #define C10_UNLIKELY_OR_CONST(e) C10_UNLIKELY(e)
                                  ^~~~~~~~~~~~
/castles/nr/projects/d/duanj-ai-in-medical-imaging/.share/download/t1/pytorch/c10/util/Exception.h:285:7: note: in expansion of macro ‘C10_UNLIKELY_OR_CONST’
   if (C10_UNLIKELY_OR_CONST(!(cond))) {       \
       ^~~~~~~~~~~~~~~~~~~~~
/castles/nr/projects/d/duanj-ai-in-medical-imaging/.share/download/t1/pytorch/c10/util/Exception.h:447:32: note: in expansion of macro ‘TORCH_INTERNAL_ASSERT’
     C10_EXPAND_MSVC_WORKAROUND(TORCH_INTERNAL_ASSERT(cond, __VA_ARGS__));     \
                                ^~~~~~~~~~~~~~~~~~~~~
/castles/nr/projects/d/duanj-ai-in-medical-imaging/.share/download/t1/pytorch/aten/src/ATen/native/cudnn/RNN.cpp:541:9: note: in expansion of macro ‘AT_ASSERTM’
         AT_ASSERTM(param_from.type() == param_to.type(), "parameter types mismatch");
         ^~~~~~~~~~
In file included from /castles/nr/projects/d/duanj-ai-in-medical-imaging/.share/download/t1/pytorch/aten/src/ATen/Tensor.h:3,
                 from /castles/nr/projects/d/duanj-ai-in-medical-imaging/.share/download/t1/pytorch/aten/src/ATen/Context.h:4,
                 from /castles/nr/projects/d/duanj-ai-in-medical-imaging/.share/download/t1/pytorch/aten/src/ATen/ATen.h:9,
                 from /castles/nr/projects/d/duanj-ai-in-medical-imaging/.share/download/t1/pytorch/aten/src/ATen/native/RNN.h:3,
                 from /castles/nr/projects/d/duanj-ai-in-medical-imaging/.share/download/t1/pytorch/aten/src/ATen/native/cudnn/RNN.cpp:1:
/castles/nr/projects/d/duanj-ai-in-medical-imaging/.share/download/t1/pytorch/build/aten/src/ATen/core/TensorBody.h:282:30: note: declared here
   DeprecatedTypeProperties & type() const {
                              ^~~~
In file included from /castles/nr/projects/d/duanj-ai-in-medical-imaging/.share/download/t1/pytorch/torch/csrc/cuda/comm.cpp:4:
/castles/nr/projects/d/duanj-ai-in-medical-imaging/.share/download/t1/pytorch/torch/csrc/utils/tensor_flatten.h: In member function ‘at::DeprecatedTypeProperties& torch::utils::TensorGroup::type()’:
/castles/nr/projects/d/duanj-ai-in-medical-imaging/.share/download/t1/pytorch/torch/csrc/utils/tensor_flatten.h:36:28: warning: ‘at::DeprecatedTypeProperties& at::Tensor::type() const’ is deprecated: Tensor.type() is deprecated. Instead use Tensor.options(), which in many cases (e.g. in a constructor) is a drop-in replacement. If you were using data from type(), that is now available from Tensor itself, so instead of tensor.type().scalar_type(), use tensor.scalar_type() instead and instead of tensor.type().backend() use tensor.device(). [-Wdeprecated-declarations]
     return tensors[0].type();
                            ^
In file included from /castles/nr/projects/d/duanj-ai-in-medical-imaging/.share/download/t1/pytorch/aten/src/ATen/Tensor.h:3,
                 from /castles/nr/projects/d/duanj-ai-in-medical-imaging/.share/download/t1/pytorch/aten/src/ATen/Context.h:4,
                 from /castles/nr/projects/d/duanj-ai-in-medical-imaging/.share/download/t1/pytorch/aten/src/ATen/ATen.h:9,
                 from /castles/nr/projects/d/duanj-ai-in-medical-imaging/.share/download/t1/pytorch/torch/csrc/cuda/comm.h:3,
                 from /castles/nr/projects/d/duanj-ai-in-medical-imaging/.share/download/t1/pytorch/torch/csrc/cuda/comm.cpp:1:
/castles/nr/projects/d/duanj-ai-in-medical-imaging/.share/download/t1/pytorch/build/aten/src/ATen/core/TensorBody.h:282:30: note: declared here
   DeprecatedTypeProperties & type() const {
                              ^~~~
[ 80%] Linking CXX shared library ../lib/libtorch_cuda.so
[ 80%] Built target torch_cuda
Scanning dependencies of target torch
[ 81%] Building CXX object caffe2/CMakeFiles/torch.dir/__/empty.cpp.o
[ 81%] Linking CXX shared library ../lib/libtorch.so
[ 81%] Built target torch
Scanning dependencies of target cpu_rng_test
Scanning dependencies of target backend_cutting_test
Scanning dependencies of target reduce_ops_test
Scanning dependencies of target dead_code_elim_test
Scanning dependencies of target event_test
Scanning dependencies of target KernelFunction_test
Scanning dependencies of target kernel_stackbased_test
Scanning dependencies of target module_test
Scanning dependencies of target net_gpu_test
Scanning dependencies of target parallel_net_test
Scanning dependencies of target net_async_tracing_test
Scanning dependencies of target kernel_function_legacy_test
Scanning dependencies of target memory_format_test
Scanning dependencies of target mpi_test
Scanning dependencies of target half_test
Scanning dependencies of target data_filler_test
Scanning dependencies of target apply_utils_test
Scanning dependencies of target operator_gpu_test
Scanning dependencies of target ssa_test
[ 81%] Building NVCC (Device) object caffe2/CMakeFiles/cuda_complex_math_test.dir/__/aten/src/ATen/test/cuda_complex_math_test_generated_cuda_complex_math_test.cu.o
Scanning dependencies of target graph_test
Scanning dependencies of target GraphTest
Scanning dependencies of target AlgorithmsTest
Scanning dependencies of target extension_backend_test
Scanning dependencies of target backend_fallback_test
[ 81%] Building NVCC (Device) object caffe2/CMakeFiles/cuda_vectorized_test.dir/__/aten/src/ATen/test/cuda_vectorized_test_generated_cuda_vectorized_test.cu.o
Scanning dependencies of target roi_align_op_gpu_test
Scanning dependencies of target vmap_test
Scanning dependencies of target net_test
Scanning dependencies of target Dimname_test
Scanning dependencies of target init_test
Scanning dependencies of target memory_overlapping_test
Scanning dependencies of target NamedTensor_test
Scanning dependencies of target conv_op_cache_cudnn_test
Scanning dependencies of target generate_proposals_op_util_nms_test
Scanning dependencies of target CppSignature_test
Scanning dependencies of target net_dag_utils_test
Scanning dependencies of target type_test
Scanning dependencies of target scalar_test
Scanning dependencies of target pattern_net_transform_test
Scanning dependencies of target proto_utils_test
Scanning dependencies of target NeuralNetTest
Scanning dependencies of target operator_schema_test
Scanning dependencies of target time_observer_test
Scanning dependencies of target broadcast_test
Scanning dependencies of target atest
Scanning dependencies of target inline_container_test
Scanning dependencies of target thread_init_test
Scanning dependencies of target operator_fallback_gpu_test
Scanning dependencies of target conv_to_nnpack_transform_test
Scanning dependencies of target weakref_test
Scanning dependencies of target mobile_test
Scanning dependencies of target variant_test
Scanning dependencies of target ivalue_test
Scanning dependencies of target Dict_test
Scanning dependencies of target workspace_test
Scanning dependencies of target xla_tensor_test
Scanning dependencies of target cuda_apply_test
Scanning dependencies of target string_ops_test
Scanning dependencies of target op_registration_test
Scanning dependencies of target plan_executor_test
Scanning dependencies of target event_gpu_test
[ 81%] Building NVCC (Device) object caffe2/CMakeFiles/cuda_half_test.dir/__/aten/src/ATen/test/cuda_half_test_generated_cuda_half_test.cu.o
Scanning dependencies of target elementwise_op_gpu_test
[ 81%] Building NVCC (Device) object caffe2/CMakeFiles/cuda_packedtensoraccessor_test.dir/__/aten/src/ATen/test/cuda_packedtensoraccessor_test_generated_cuda_packedtensoraccessor_test.cu.o
[ 81%] Building NVCC (Device) object caffe2/CMakeFiles/cuda_complex_test.dir/__/aten/src/ATen/test/cuda_complex_test_generated_cuda_complex_test.cu.o
Scanning dependencies of target batch_matmul_op_test
Scanning dependencies of target predictor_test
Scanning dependencies of target test_parallel
Scanning dependencies of target undefined_tensor_test
[ 81%] Building NVCC (Device) object caffe2/CMakeFiles/cuda_integer_divider_test.dir/__/aten/src/ATen/test/cuda_integer_divider_test_generated_cuda_integer_divider_test.cu.o
[ 81%] Building NVCC (Device) object caffe2/CMakeFiles/cuda_generator_test.dir/__/aten/src/ATen/test/cuda_generator_test_generated_cuda_generator_test.cu.o
Scanning dependencies of target kernel_lambda_test
Scanning dependencies of target tensor_iterator_test
Scanning dependencies of target stats_test
Scanning dependencies of target elementwise_op_test
Scanning dependencies of target context_test
Scanning dependencies of target blob_test
Scanning dependencies of target boolean_unmask_ops_test
Scanning dependencies of target generate_proposals_op_util_boxes_test
Scanning dependencies of target cuda_tensor_interop_test
Scanning dependencies of target net_simple_refcount_test
Scanning dependencies of target bound_shape_inference_test
Scanning dependencies of target native_test
Scanning dependencies of target fixed_divisor_test
Scanning dependencies of target List_test
Scanning dependencies of target cuda_stream_test
Scanning dependencies of target text_file_reader_utils_test
Scanning dependencies of target wrapdim_test
Scanning dependencies of target conv_transpose_op_mobile_test
Scanning dependencies of target BinaryMatchImplTest
Scanning dependencies of target TensorImpl_test
Scanning dependencies of target operator_test
Scanning dependencies of target generate_proposals_op_gpu_test
Scanning dependencies of target converter_nomigraph_test
Scanning dependencies of target generate_proposals_op_util_nms_gpu_test
Scanning dependencies of target batch_matmul_op_gpu_test
Scanning dependencies of target kernel_lambda_legacy_test
Scanning dependencies of target basic
Scanning dependencies of target cast_test
Scanning dependencies of target SubgraphMatcherTest
Scanning dependencies of target depthwise3x3_conv_op_test
Scanning dependencies of target cuda_cudnn_test
Scanning dependencies of target simple_queue_test
Scanning dependencies of target batch_permutation_op_gpu_test
Scanning dependencies of target scalar_tensor_test
Scanning dependencies of target half_float_ops_test
Scanning dependencies of target reshape_op_gpu_test
Scanning dependencies of target kernel_function_test
Scanning dependencies of target split_slss_test
Scanning dependencies of target c10d
Scanning dependencies of target pow_test
Scanning dependencies of target fatal_signal_asan_no_sig_test
Scanning dependencies of target context_gpu_test
Scanning dependencies of target common_subexpression_elimination_test
Scanning dependencies of target dlconvertor_test
Scanning dependencies of target TopoSortTest
Scanning dependencies of target make_boxed_from_unboxed_functor_test
Scanning dependencies of target verify_api_visibility
Scanning dependencies of target caffe2_pybind11_state_gpu
Scanning dependencies of target tensor_interop_test
Scanning dependencies of target TarjansImplTest
Scanning dependencies of target caffe2_pybind11_state
Scanning dependencies of target cpuid_test
Scanning dependencies of target device_test
Scanning dependencies of target generate_proposals_op_test
Scanning dependencies of target observer_test
Scanning dependencies of target mpi_gpu_test
Scanning dependencies of target math_test
Scanning dependencies of target common_test
Scanning dependencies of target transform_test
Scanning dependencies of target distributed_test
[ 81%] Building NVCC (Device) object caffe2/CMakeFiles/cuda_optional_test.dir/__/aten/src/ATen/test/cuda_optional_test_generated_cuda_optional_test.cu.o
Scanning dependencies of target cpu_generator_test
Scanning dependencies of target quantized_test
Scanning dependencies of target timer_test
Scanning dependencies of target utility_ops_gpu_test
Scanning dependencies of target math_gpu_test
Scanning dependencies of target blob_gpu_test
Scanning dependencies of target utility_ops_test
Scanning dependencies of target smart_tensor_printer_test
Scanning dependencies of target cuda_dlconvertor_test
Scanning dependencies of target MatchTest
[ 81%] Building NVCC (Device) object caffe2/CMakeFiles/cuda_distributions_test.dir/__/aten/src/ATen/test/cuda_distributions_test_generated_cuda_distributions_test.cu.o
[ 81%] Building CXX object caffe2/CMakeFiles/variant_test.dir/__/aten/src/ATen/test/variant_test.cpp.o
[ 81%] Building CXX object caffe2/CMakeFiles/fixed_divisor_test.dir/utils/fixed_divisor_test.cc.o
[ 81%] Building CXX object caffe2/CMakeFiles/timer_test.dir/core/timer_test.cc.o
[ 81%] Building CXX object caffe2/CMakeFiles/common_test.dir/core/common_test.cc.o
[ 81%] Building CXX object caffe2/CMakeFiles/CppSignature_test.dir/__/aten/src/ATen/core/dispatch/CppSignature_test.cpp.o
[ 81%] Building CXX object caffe2/CMakeFiles/cpuid_test.dir/utils/cpuid_test.cc.o
[ 81%] Building CXX object caffe2/CMakeFiles/fatal_signal_asan_no_sig_test.dir/utils/fatal_signal_asan_no_sig_test.cc.o
[ 81%] Building CXX object caffe2/CMakeFiles/inline_container_test.dir/serialize/inline_container_test.cc.o
[ 81%] Building CXX object caffe2/CMakeFiles/Dimname_test.dir/__/aten/src/ATen/test/Dimname_test.cpp.o
[ 81%] Building CXX object caffe2/CMakeFiles/TopoSortTest.dir/core/nomnigraph/tests/TopoSortTest.cc.o
[ 81%] Building CXX object caffe2/CMakeFiles/init_test.dir/core/init_test.cc.o
[ 81%] Building CXX object caffe2/CMakeFiles/BinaryMatchImplTest.dir/core/nomnigraph/tests/BinaryMatchImplTest.cc.o
[ 81%] Building CXX object caffe2/CMakeFiles/NeuralNetTest.dir/core/nomnigraph/tests/NeuralNetTest.cc.o
[ 81%] Building CXX object caffe2/CMakeFiles/AlgorithmsTest.dir/core/nomnigraph/tests/AlgorithmsTest.cc.o
[ 81%] Building CXX object caffe2/CMakeFiles/GraphTest.dir/core/nomnigraph/tests/GraphTest.cc.o
[ 81%] Building CXX object caffe2/CMakeFiles/simple_queue_test.dir/utils/simple_queue_test.cc.o
[ 81%] Building CXX object caffe2/CMakeFiles/TarjansImplTest.dir/core/nomnigraph/tests/TarjansImplTest.cc.o
[ 81%] Building CXX object caffe2/CMakeFiles/MatchTest.dir/core/nomnigraph/tests/MatchTest.cc.o
[ 81%] Building CXX object caffe2/CMakeFiles/SubgraphMatcherTest.dir/core/nomnigraph/tests/SubgraphMatcherTest.cc.o
[ 81%] Building CXX object caffe2/CMakeFiles/stats_test.dir/core/stats_test.cc.o
[ 81%] Building CXX object caffe2/CMakeFiles/backend_cutting_test.dir/opt/backend_cutting_test.cc.o
[ 81%] Building CXX object caffe2/CMakeFiles/verify_api_visibility.dir/__/aten/src/ATen/test/verify_api_visibility.cpp.o
[ 81%] Building CXX object caffe2/CMakeFiles/cast_test.dir/utils/cast_test.cc.o
[ 81%] Building CXX object caffe2/CMakeFiles/device_test.dir/opt/device_test.cc.o
[ 82%] Building CXX object caffe2/CMakeFiles/mobile_test.dir/opt/mobile_test.cc.o
[ 82%] Building CXX object caffe2/CMakeFiles/distributed_test.dir/opt/distributed_test.cc.o
[ 82%] Building CXX object caffe2/CMakeFiles/reduce_ops_test.dir/__/aten/src/ATen/test/reduce_ops_test.cpp.o
[ 83%] Building CXX object caffe2/CMakeFiles/List_test.dir/__/aten/src/ATen/core/List_test.cpp.o
[ 83%] Building CXX object caffe2/CMakeFiles/basic.dir/__/aten/src/ATen/test/basic.cpp.o
[ 83%] Building CXX object caffe2/CMakeFiles/atest.dir/__/aten/src/ATen/test/atest.cpp.o
[ 83%] Building CXX object caffe2/CMakeFiles/half_test.dir/__/aten/src/ATen/test/half_test.cpp.o
[ 83%] Building CXX object caffe2/CMakeFiles/xla_tensor_test.dir/__/aten/src/ATen/test/xla_tensor_test.cpp.o
[ 83%] Building CXX object caffe2/CMakeFiles/undefined_tensor_test.dir/__/aten/src/ATen/test/undefined_tensor_test.cpp.o
[ 83%] Building CXX object caffe2/CMakeFiles/test_parallel.dir/__/aten/src/ATen/test/test_parallel.cpp.o
[ 83%] Building CXX object caffe2/CMakeFiles/wrapdim_test.dir/__/aten/src/ATen/test/wrapdim_test.cpp.o
[ 83%] Building CXX object caffe2/CMakeFiles/broadcast_test.dir/__/aten/src/ATen/test/broadcast_test.cpp.o
[ 83%] Building CXX object caffe2/CMakeFiles/memory_overlapping_test.dir/__/aten/src/ATen/test/memory_overlapping_test.cpp.o
[ 83%] Building CXX object caffe2/CMakeFiles/NamedTensor_test.dir/__/aten/src/ATen/test/NamedTensor_test.cpp.o
[ 83%] Building CXX object caffe2/CMakeFiles/memory_format_test.dir/__/aten/src/ATen/test/memory_format_test.cpp.o
[ 83%] Building CXX object caffe2/CMakeFiles/scalar_test.dir/__/aten/src/ATen/test/scalar_test.cpp.o
[ 83%] Building CXX object caffe2/CMakeFiles/scalar_tensor_test.dir/__/aten/src/ATen/test/scalar_tensor_test.cpp.o
[ 83%] Building CXX object caffe2/CMakeFiles/weakref_test.dir/__/aten/src/ATen/test/weakref_test.cpp.o
[ 83%] Building CXX object caffe2/CMakeFiles/vmap_test.dir/__/aten/src/ATen/test/vmap_test.cpp.o
[ 83%] Building CXX object caffe2/CMakeFiles/dlconvertor_test.dir/__/aten/src/ATen/test/dlconvertor_test.cpp.o
[ 83%] Building CXX object caffe2/CMakeFiles/apply_utils_test.dir/__/aten/src/ATen/test/apply_utils_test.cpp.o
[ 83%] Building CXX object caffe2/CMakeFiles/quantized_test.dir/__/aten/src/ATen/test/quantized_test.cpp.o
[ 83%] Building CXX object caffe2/CMakeFiles/native_test.dir/__/aten/src/ATen/test/native_test.cpp.o
[ 83%] Building CXX object caffe2/CMakeFiles/cpu_generator_test.dir/__/aten/src/ATen/test/cpu_generator_test.cpp.o
[ 83%] Building CXX object caffe2/CMakeFiles/kernel_stackbased_test.dir/__/aten/src/ATen/core/boxing/impl/kernel_stackbased_test.cpp.o
[ 83%] Building CXX object caffe2/CMakeFiles/extension_backend_test.dir/__/aten/src/ATen/test/extension_backend_test.cpp.o
[ 83%] Building CXX object caffe2/CMakeFiles/backend_fallback_test.dir/__/aten/src/ATen/core/dispatch/backend_fallback_test.cpp.o
[ 83%] Building CXX object caffe2/CMakeFiles/KernelFunction_test.dir/__/aten/src/ATen/core/boxing/KernelFunction_test.cpp.o
[ 83%] Building CXX object caffe2/CMakeFiles/make_boxed_from_unboxed_functor_test.dir/__/aten/src/ATen/core/boxing/impl/make_boxed_from_unboxed_functor_test.cpp.o
[ 83%] Building CXX object caffe2/CMakeFiles/thread_init_test.dir/__/aten/src/ATen/test/thread_init_test.cpp.o
[ 83%] Building CXX object caffe2/CMakeFiles/event_test.dir/core/event_test.cc.o
[ 83%] Building CXX object caffe2/CMakeFiles/op_registration_test.dir/__/aten/src/ATen/core/op_registration/op_registration_test.cpp.o
[ 83%] Building CXX object caffe2/CMakeFiles/cuda_stream_test.dir/__/aten/src/ATen/test/cuda_stream_test.cpp.o
[ 83%] Building CXX object caffe2/CMakeFiles/Dict_test.dir/__/aten/src/ATen/test/Dict_test.cpp.o
[ 83%] Building CXX object caffe2/CMakeFiles/kernel_function_legacy_test.dir/__/aten/src/ATen/core/boxing/impl/kernel_function_legacy_test.cpp.o
[ 83%] Building CXX object caffe2/CMakeFiles/kernel_lambda_legacy_test.dir/__/aten/src/ATen/core/boxing/impl/kernel_lambda_legacy_test.cpp.o
[ 83%] Building CXX object caffe2/CMakeFiles/tensor_iterator_test.dir/__/aten/src/ATen/test/tensor_iterator_test.cpp.o
[ 83%] Building CXX object caffe2/CMakeFiles/pow_test.dir/__/aten/src/ATen/test/pow_test.cpp.o
[ 83%] Building CXX object caffe2/CMakeFiles/kernel_lambda_test.dir/__/aten/src/ATen/core/boxing/impl/kernel_lambda_test.cpp.o
[ 83%] Building CXX object caffe2/CMakeFiles/cuda_dlconvertor_test.dir/__/aten/src/ATen/test/cuda_dlconvertor_test.cpp.o
[ 83%] Building CXX object caffe2/CMakeFiles/cuda_apply_test.dir/__/aten/src/ATen/test/cuda_apply_test.cpp.o
[ 83%] Building CXX object caffe2/CMakeFiles/kernel_function_test.dir/__/aten/src/ATen/core/boxing/impl/kernel_function_test.cpp.o
[ 83%] Building CXX object caffe2/CMakeFiles/dead_code_elim_test.dir/opt/dead_code_elim_test.cc.o
[ 83%] Building CXX object caffe2/CMakeFiles/context_test.dir/core/context_test.cc.o
[ 83%] Building CXX object caffe2/CMakeFiles/ssa_test.dir/onnx/ssa_test.cc.o
[ 83%] Building CXX object caffe2/CMakeFiles/text_file_reader_utils_test.dir/operators/text_file_reader_utils_test.cc.o
[ 83%] Building CXX object caffe2/CMakeFiles/TensorImpl_test.dir/__/aten/src/ATen/core/TensorImpl_test.cpp.o
[ 83%] Building CXX object caffe2/CMakeFiles/smart_tensor_printer_test.dir/utils/smart_tensor_printer_test.cc.o
[ 83%] Building CXX object caffe2/CMakeFiles/proto_utils_test.dir/utils/proto_utils_test.cc.o
[ 83%] Building CXX object caffe2/CMakeFiles/cuda_cudnn_test.dir/__/aten/src/ATen/test/cuda_cudnn_test.cpp.o
[ 83%] Building CXX object caffe2/CMakeFiles/common_subexpression_elimination_test.dir/transforms/common_subexpression_elimination_test.cc.o
[ 83%] Building CXX object caffe2/CMakeFiles/parallel_net_test.dir/core/parallel_net_test.cc.o
[ 83%] Building CXX object caffe2/CMakeFiles/converter_nomigraph_test.dir/opt/converter_nomigraph_test.cc.o
[ 83%] Building CXX object caffe2/CMakeFiles/module_test.dir/core/module_test.cc.o
[ 83%] Building CXX object caffe2/CMakeFiles/bound_shape_inference_test.dir/opt/bound_shape_inference_test.cc.o
[ 84%] Building CXX object caffe2/CMakeFiles/graph_test.dir/core/graph_test.cc.o
[ 84%] Building CXX object caffe2/CMakeFiles/transform_test.dir/core/transform_test.cc.o
[ 84%] Building CXX object caffe2/CMakeFiles/workspace_test.dir/core/workspace_test.cc.o
[ 84%] Building CXX object caffe2/CMakeFiles/conv_transpose_op_mobile_test.dir/operators/conv_transpose_op_mobile_test.cc.o
[ 84%] Building CXX object caffe2/CMakeFiles/net_test.dir/core/net_test.cc.o
[ 84%] Building CXX object caffe2/CMakeFiles/time_observer_test.dir/observers/time_observer_test.cc.o
[ 84%] Building CXX object caffe2/CMakeFiles/plan_executor_test.dir/core/plan_executor_test.cc.o
[ 84%] Building CXX object caffe2/CMakeFiles/pattern_net_transform_test.dir/transforms/pattern_net_transform_test.cc.o
[ 84%] Building CXX object caffe2/CMakeFiles/net_async_tracing_test.dir/core/net_async_tracing_test.cc.o
[ 84%] Building CXX object caffe2/CMakeFiles/operator_test.dir/core/operator_test.cc.o
[ 84%] Building CXX object caffe2/CMakeFiles/boolean_unmask_ops_test.dir/operators/boolean_unmask_ops_test.cc.o
[ 84%] Building CXX object caffe2/CMakeFiles/predictor_test.dir/predictor/predictor_test.cc.o
[ 84%] Building CXX object caffe2/CMakeFiles/net_simple_refcount_test.dir/core/net_simple_refcount_test.cc.o
[ 84%] Building CXX object caffe2/CMakeFiles/data_filler_test.dir/predictor/emulator/data_filler_test.cc.o
[ 84%] Building CXX object caffe2/CMakeFiles/batch_matmul_op_test.dir/operators/batch_matmul_op_test.cc.o
[ 84%] Building CXX object caffe2/CMakeFiles/net_dag_utils_test.dir/core/net_dag_utils_test.cc.o
[ 84%] Building CXX object caffe2/CMakeFiles/depthwise3x3_conv_op_test.dir/share/contrib/depthwise/depthwise3x3_conv_op_test.cc.o
[ 84%] Building CXX object caffe2/CMakeFiles/operator_schema_test.dir/core/operator_schema_test.cc.o
[ 84%] Building CXX object caffe2/CMakeFiles/blob_test.dir/core/blob_test.cc.o
[ 84%] Building CXX object caffe2/CMakeFiles/mpi_test.dir/mpi/mpi_test.cc.o
[ 84%] Building CXX object caffe2/CMakeFiles/observer_test.dir/core/observer_test.cc.o
[ 84%] Building CXX object caffe2/CMakeFiles/context_gpu_test.dir/core/context_gpu_test.cc.o
[ 84%] Building CXX object caffe2/CMakeFiles/conv_to_nnpack_transform_test.dir/transforms/conv_to_nnpack_transform_test.cc.o
[ 84%] Building CXX object caffe2/CMakeFiles/split_slss_test.dir/opt/split_slss_test.cc.o
[ 84%] Building CXX object caffe2/CMakeFiles/event_gpu_test.dir/core/event_gpu_test.cc.o
[ 84%] Building CXX object caffe2/CMakeFiles/conv_op_cache_cudnn_test.dir/operators/conv_op_cache_cudnn_test.cc.o
[ 84%] Building CXX object caffe2/CMakeFiles/math_test.dir/utils/math_test.cc.o
[ 84%] Building CXX object caffe2/CMakeFiles/blob_gpu_test.dir/core/blob_gpu_test.cc.o
[ 84%] Building CXX object caffe2/CMakeFiles/tensor_interop_test.dir/__/aten/src/ATen/test/tensor_interop_test.cpp.o
[ 84%] Building CXX object caffe2/CMakeFiles/operator_gpu_test.dir/core/operator_gpu_test.cc.o
[ 84%] Building CXX object caffe2/CMakeFiles/batch_matmul_op_gpu_test.dir/operators/batch_matmul_op_gpu_test.cc.o
[ 84%] Building CXX object caffe2/CMakeFiles/net_gpu_test.dir/core/net_gpu_test.cc.o
[ 84%] Building CXX object caffe2/CMakeFiles/reshape_op_gpu_test.dir/operators/reshape_op_gpu_test.cc.o
[ 84%] Building CXX object caffe2/CMakeFiles/mpi_gpu_test.dir/mpi/mpi_gpu_test.cc.o
[ 84%] Building CXX object caffe2/CMakeFiles/operator_fallback_gpu_test.dir/operators/operator_fallback_gpu_test.cc.o
[ 84%] Building CXX object caffe2/CMakeFiles/half_float_ops_test.dir/operators/half_float_ops_test.cc.o
[ 84%] Building CXX object caffe2/CMakeFiles/cuda_tensor_interop_test.dir/__/aten/src/ATen/test/cuda_tensor_interop_test.cpp.o
[ 84%] Building CXX object caffe2/CMakeFiles/math_gpu_test.dir/utils/math_gpu_test.cc.o
[ 84%] Building CXX object caffe2/CMakeFiles/utility_ops_test.dir/operators/utility_ops_test.cc.o
[ 84%] Building CXX object caffe2/CMakeFiles/utility_ops_gpu_test.dir/operators/utility_ops_gpu_test.cc.o
[ 84%] Building CXX object caffe2/CMakeFiles/cpu_rng_test.dir/__/aten/src/ATen/test/cpu_rng_test.cpp.o
[ 84%] Building CXX object caffe2/CMakeFiles/generate_proposals_op_util_nms_test.dir/operators/generate_proposals_op_util_nms_test.cc.o
[ 84%] Building CXX object caffe2/CMakeFiles/generate_proposals_op_util_boxes_test.dir/operators/generate_proposals_op_util_boxes_test.cc.o
[ 84%] Building CXX object caffe2/CMakeFiles/string_ops_test.dir/operators/string_ops_test.cc.o
[ 84%] Building CXX object caffe2/CMakeFiles/elementwise_op_test.dir/operators/elementwise_op_test.cc.o
[ 84%] Building CXX object caffe2/CMakeFiles/ivalue_test.dir/__/aten/src/ATen/test/ivalue_test.cpp.o
[ 84%] Building CXX object caffe2/CMakeFiles/type_test.dir/__/aten/src/ATen/test/type_test.cpp.o
[ 84%] Building CXX object caffe2/CMakeFiles/generate_proposals_op_test.dir/operators/generate_proposals_op_test.cc.o
[ 84%] Building CXX object caffe2/CMakeFiles/elementwise_op_gpu_test.dir/operators/elementwise_op_gpu_test.cc.o
[ 84%] Building CXX object caffe2/CMakeFiles/generate_proposals_op_gpu_test.dir/operators/generate_proposals_op_gpu_test.cc.o
[ 84%] Building CXX object caffe2/CMakeFiles/batch_permutation_op_gpu_test.dir/operators/batch_permutation_op_gpu_test.cc.o
[ 84%] Building CXX object caffe2/CMakeFiles/generate_proposals_op_util_nms_gpu_test.dir/operators/generate_proposals_op_util_nms_gpu_test.cc.o
[ 84%] Building CXX object caffe2/CMakeFiles/roi_align_op_gpu_test.dir/operators/roi_align_op_gpu_test.cc.o
[ 84%] Building CXX object caffe2/lib_c10d/CMakeFiles/c10d.dir/FileStore.cpp.o
[ 84%] Building CXX object caffe2/CMakeFiles/caffe2_pybind11_state.dir/python/pybind_state.cc.o
[ 84%] Building CXX object caffe2/CMakeFiles/caffe2_pybind11_state_gpu.dir/python/pybind_state.cc.o
[ 84%] Linking CXX executable ../bin/CppSignature_test
[ 84%] Built target CppSignature_test
[ 85%] Building CXX object caffe2/CMakeFiles/caffe2_pybind11_state_gpu.dir/python/pybind_state_dlpack.cc.o
[ 85%] Linking CXX executable ../bin/variant_test
[ 85%] Linking CXX executable ../bin/fixed_divisor_test
[ 85%] Built target variant_test
[ 85%] Building CXX object caffe2/CMakeFiles/caffe2_pybind11_state_gpu.dir/python/pybind_state_nomni.cc.o
[ 85%] Built target fixed_divisor_test
[ 85%] Building CXX object caffe2/lib_c10d/CMakeFiles/c10d.dir/HashStore.cpp.o
[ 85%] Linking CXX executable ../bin/cpuid_test
[ 85%] Linking CXX executable ../bin/timer_test
[ 85%] Built target cpuid_test
[ 85%] Building CXX object caffe2/CMakeFiles/caffe2_pybind11_state_gpu.dir/python/pybind_state_registry.cc.o
[ 85%] Linking CXX executable ../bin/Dimname_test
[ 85%] Linking CXX executable ../bin/common_test
[ 85%] Built target timer_test
[ 85%] Building CXX object caffe2/CMakeFiles/caffe2_pybind11_state_gpu.dir/python/pybind_state_int8.cc.o
[ 85%] Linking CXX executable ../bin/fatal_signal_asan_no_sig_test
[ 85%] Built target common_test
[ 85%] Building CXX object caffe2/CMakeFiles/caffe2_pybind11_state.dir/python/pybind_state_dlpack.cc.o
[ 85%] Built target Dimname_test
[ 85%] Building CXX object caffe2/CMakeFiles/caffe2_pybind11_state.dir/python/pybind_state_nomni.cc.o
[ 85%] Built target fatal_signal_asan_no_sig_test
[ 85%] Building CXX object caffe2/CMakeFiles/caffe2_pybind11_state.dir/python/pybind_state_registry.cc.o
[ 85%] Linking CXX executable ../bin/inline_container_test
[ 85%] Built target inline_container_test
[ 85%] Building CXX object caffe2/CMakeFiles/caffe2_pybind11_state.dir/python/pybind_state_int8.cc.o
[ 85%] Linking CXX executable ../bin/verify_api_visibility
[ 85%] Built target verify_api_visibility
[ 85%] Building CXX object caffe2/lib_c10d/CMakeFiles/c10d.dir/ProcessGroup.cpp.o
[ 85%] Linking CXX executable ../bin/MatchTest
[ 85%] Built target MatchTest
[ 85%] Building CXX object caffe2/CMakeFiles/caffe2_pybind11_state_gpu.dir/python/pybind_state_gpu.cc.o
[ 85%] Linking CXX executable ../bin/GraphTest
[ 85%] Built target GraphTest
[ 85%] Building CXX object caffe2/lib_c10d/CMakeFiles/c10d.dir/ProcessGroupRoundRobin.cpp.o
Scanning dependencies of target test_jit
[ 85%] Linking CXX executable ../bin/TopoSortTest
[ 85%] Linking CXX executable ../bin/thread_init_test
[ 85%] Linking CXX executable ../bin/BinaryMatchImplTest
[ 85%] Built target TopoSortTest
[ 85%] Building CXX object caffe2/lib_c10d/CMakeFiles/c10d.dir/Store.cpp.o
[ 85%] Linking CXX executable ../bin/TarjansImplTest
[ 85%] Built target BinaryMatchImplTest
[ 85%] Building CXX object caffe2/lib_c10d/CMakeFiles/c10d.dir/PrefixStore.cpp.o
[ 85%] Built target thread_init_test
[ 85%] Building CXX object caffe2/lib_c10d/CMakeFiles/c10d.dir/TCPStore.cpp.o
[ 85%] Built target TarjansImplTest
[ 85%] Building CXX object caffe2/lib_c10d/CMakeFiles/c10d.dir/Utils.cpp.o
[ 85%] Linking CXX executable ../bin/NeuralNetTest
[ 85%] Linking CXX executable ../bin/init_test
[ 85%] Built target NeuralNetTest
[ 85%] Built target init_test
[ 85%] Building CXX object caffe2/lib_c10d/CMakeFiles/c10d.dir/ProcessGroupNCCL.cpp.o
Scanning dependencies of target test_tensorexpr
[ 85%] Linking CXX executable ../bin/AlgorithmsTest
[ 85%] Linking CXX executable ../bin/SubgraphMatcherTest
[ 85%] Built target AlgorithmsTest
[ 85%] Building CXX object caffe2/lib_c10d/CMakeFiles/c10d.dir/NCCLUtils.cpp.o
[ 85%] Linking CXX executable ../bin/stats_test
[ 85%] Built target SubgraphMatcherTest
[ 85%] Building CXX object caffe2/lib_c10d/CMakeFiles/c10d.dir/ProcessGroupMPI.cpp.o
[ 85%] Built target stats_test
Scanning dependencies of target parallel_benchmark
[ 85%] Linking CXX executable ../bin/simple_queue_test
[ 85%] Built target simple_queue_test
[ 85%] Building CXX object caffe2/lib_c10d/CMakeFiles/c10d.dir/ProcessGroupGloo.cpp.o
[ 85%] Linking CXX executable ../bin/broadcast_test
[ 86%] Linking CXX executable ../bin/xla_tensor_test
[ 86%] Built target broadcast_test
[ 86%] Building CXX object caffe2/lib_c10d/CMakeFiles/c10d.dir/GlooDeviceFactory.cpp.o
[ 86%] Built target xla_tensor_test
Scanning dependencies of target test_api
[ 86%] Linking CXX executable ../bin/wrapdim_test
[ 86%] Linking CXX executable ../bin/NamedTensor_test
[ 86%] Linking CXX executable ../bin/half_test
[ 86%] Built target wrapdim_test
[ 86%] Built target NamedTensor_test
[ 86%] Linking CXX executable ../bin/quantized_test
[ 86%] Linking CXX executable ../bin/scalar_tensor_test
Scanning dependencies of target test_dist_autograd
Scanning dependencies of target shm
[ 86%] Built target half_test
[ 87%] Linking CXX executable ../bin/atest
[ 87%] Linking CXX executable ../bin/memory_overlapping_test
[ 87%] Built target quantized_test
[ 87%] Built target scalar_tensor_test
[ 87%] Building NVCC (Device) object modules/detectron/CMakeFiles/caffe2_detectron_ops_gpu.dir/caffe2_detectron_ops_gpu_generated_upsample_nearest_op.cu.o
Scanning dependencies of target caffe2_module_test_dynamic
Scanning dependencies of target caffe2_observers
[ 87%] Linking CXX executable ../bin/dlconvertor_test
[ 87%] Built target atest
[ 87%] Building NVCC (Device) object modules/detectron/CMakeFiles/caffe2_detectron_ops_gpu.dir/caffe2_detectron_ops_gpu_generated_group_spatial_softmax_op.cu.o
[ 87%] Built target memory_overlapping_test
[ 87%] Building NVCC (Device) object modules/detectron/CMakeFiles/caffe2_detectron_ops_gpu.dir/caffe2_detectron_ops_gpu_generated_ps_roi_pool_op.cu.o
[ 87%] Linking CXX executable ../bin/native_test
[ 87%] Linking CXX executable ../bin/memory_format_test
[ 87%] Built target dlconvertor_test
[ 87%] Linking CXX executable ../bin/test_parallel
[ 87%] Building NVCC (Device) object modules/detectron/CMakeFiles/caffe2_detectron_ops_gpu.dir/caffe2_detectron_ops_gpu_generated_roi_pool_f_op.cu.o
[ 87%] Linking CXX executable ../bin/undefined_tensor_test
[ 87%] Linking CXX executable ../bin/basic
[ 87%] Linking CXX executable ../bin/weakref_test
[ 87%] Built target native_test
[ 87%] Building NVCC (Device) object modules/detectron/CMakeFiles/caffe2_detectron_ops_gpu.dir/caffe2_detectron_ops_gpu_generated_sample_as_op.cu.o
[ 87%] Built target memory_format_test
[ 88%] Building NVCC (Device) object modules/detectron/CMakeFiles/caffe2_detectron_ops_gpu.dir/caffe2_detectron_ops_gpu_generated_select_smooth_l1_loss_op.cu.o
[ 88%] Built target test_parallel
[ 88%] Building NVCC (Device) object modules/detectron/CMakeFiles/caffe2_detectron_ops_gpu.dir/caffe2_detectron_ops_gpu_generated_sigmoid_cross_entropy_loss_op.cu.o
[ 88%] Built target undefined_tensor_test
[ 88%] Building NVCC (Device) object modules/detectron/CMakeFiles/caffe2_detectron_ops_gpu.dir/caffe2_detectron_ops_gpu_generated_sigmoid_focal_loss_op.cu.o
[ 88%] Built target basic
[ 88%] Built target weakref_test
[ 88%] Building NVCC (Device) object modules/detectron/CMakeFiles/caffe2_detectron_ops_gpu.dir/caffe2_detectron_ops_gpu_generated_smooth_l1_loss_op.cu.o
[ 88%] Building NVCC (Device) object modules/detectron/CMakeFiles/caffe2_detectron_ops_gpu.dir/caffe2_detectron_ops_gpu_generated_softmax_focal_loss_op.cu.o
[ 88%] Linking CXX executable ../bin/apply_utils_test
[ 88%] Linking CXX executable ../bin/vmap_test
[ 88%] Built target apply_utils_test
[ 88%] Linking CXX executable ../bin/List_test
[ 88%] Building NVCC (Device) object modules/detectron/CMakeFiles/caffe2_detectron_ops_gpu.dir/caffe2_detectron_ops_gpu_generated_spatial_narrow_as_op.cu.o
[ 88%] Built target vmap_test
[ 88%] Built target List_test
[ 88%] Linking CXX executable ../bin/reduce_ops_test
[ 88%] Built target reduce_ops_test
[ 88%] Linking CXX executable ../bin/cpu_generator_test
[ 88%] Linking CXX executable ../bin/scalar_test
[ 88%] Linking CXX executable ../bin/backend_fallback_test
[ 88%] Built target cpu_generator_test
[ 88%] Built target scalar_test
[ 88%] Linking CXX executable ../bin/cuda_stream_test
[ 88%] Linking CXX executable ../bin/backend_cutting_test
[ 88%] Built target backend_fallback_test
[ 88%] Built target cuda_stream_test
[ 88%] Linking CXX executable ../bin/cast_test
[ 88%] Built target backend_cutting_test
[ 88%] Linking CXX executable ../bin/cuda_dlconvertor_test
[ 88%] Built target cast_test
[ 88%] Linking CXX executable ../bin/extension_backend_test
[ 88%] Linking CXX executable ../bin/cuda_apply_test
[ 88%] Built target cuda_dlconvertor_test
[ 88%] Built target extension_backend_test
[ 88%] Built target cuda_apply_test
[ 88%] Building CXX object test_api/CMakeFiles/parallel_benchmark.dir/parallel_benchmark.cpp.o
[ 88%] Linking CXX executable ../bin/pow_test
[ 88%] Built target pow_test
[ 88%] Linking CXX executable ../bin/kernel_stackbased_test
[ 88%] Linking CXX executable ../bin/tensor_iterator_test
[ 88%] Linking CXX executable ../bin/device_test
[ 88%] Built target kernel_stackbased_test
[ 88%] Built target tensor_iterator_test
[ 88%] Built target device_test
[ 88%] Linking CXX executable ../bin/mobile_test
[ 88%] Linking CXX executable ../bin/distributed_test
[ 88%] Built target mobile_test
[ 88%] Built target distributed_test
[ 88%] Linking CXX executable ../bin/Dict_test
[ 88%] Linking CXX executable ../bin/KernelFunction_test
[ 88%] Built target Dict_test
[ 88%] Built target KernelFunction_test
[ 88%] Linking CXX executable ../bin/cuda_cudnn_test
[ 88%] Built target cuda_cudnn_test
[ 88%] Building CXX object caffe2/torch/lib/libshm/CMakeFiles/shm.dir/core.cpp.o
[ 88%] Building CXX object modules/module_test/CMakeFiles/caffe2_module_test_dynamic.dir/module_test_dynamic.cc.o
[ 88%] Linking CXX executable ../bin/kernel_function_test
Scanning dependencies of target cuda_complex_math_test
[ 88%] Linking CXX executable ../bin/event_test
[ 88%] Linking CXX executable ../bin/cuda_complex_math_test
[ 88%] Built target event_test
[ 88%] Built target kernel_function_test
[ 88%] Built target cuda_complex_math_test
[ 88%] Linking CXX executable ../bin/kernel_function_legacy_test
[ 88%] Linking CXX executable ../bin/context_test
[ 88%] Linking CXX executable ../bin/kernel_lambda_test
[ 88%] Built target kernel_function_legacy_test
[ 88%] Built target context_test
[ 88%] Linking CXX executable ../bin/make_boxed_from_unboxed_functor_test
[ 88%] Built target kernel_lambda_test
[ 88%] Built target make_boxed_from_unboxed_functor_test
[ 88%] Linking CXX executable ../bin/smart_tensor_printer_test
[ 88%] Built target smart_tensor_printer_test
[ 88%] Linking CXX executable ../bin/kernel_lambda_legacy_test
[ 88%] Built target kernel_lambda_legacy_test
[ 88%] Linking CXX executable ../bin/TensorImpl_test
[ 88%] Built target TensorImpl_test
[ 88%] Linking CXX executable ../bin/text_file_reader_utils_test
CMakeFiles/text_file_reader_utils_test.dir/operators/text_file_reader_utils_test.cc.o:text_file_reader_utils_test.cc:function caffe2::TextFileReaderUtilsTest_TokenizeTest_Test::TestBody(): warning: the use of `tmpnam' is dangerous, better use `mkstemp'
[ 88%] Built target text_file_reader_utils_test
[ 88%] Linking CXX executable ../bin/ssa_test
[ 88%] Built target ssa_test
[ 88%] Linking CXX executable ../bin/math_test
[ 88%] Linking CXX executable ../bin/event_gpu_test
[ 88%] Built target math_test
[ 88%] Built target event_gpu_test
[ 88%] Linking CXX executable ../bin/dead_code_elim_test
[ 88%] Linking CXX executable ../bin/proto_utils_test
CMakeFiles/proto_utils_test.dir/utils/proto_utils_test.cc.o:proto_utils_test.cc:function caffe2::ProtoUtilsTest_SimpleReadWrite_Test::TestBody(): warning: the use of `tmpnam' is dangerous, better use `mkstemp'
[ 88%] Built target dead_code_elim_test
[ 88%] Built target proto_utils_test
[ 88%] Linking CXX executable ../bin/conv_op_cache_cudnn_test
[ 88%] Built target conv_op_cache_cudnn_test
[ 88%] Linking CXX executable ../bin/context_gpu_test
[ 88%] Building CXX object modules/observers/CMakeFiles/caffe2_observers.dir/observer_config.cc.o
[ 88%] Building CXX object modules/observers/CMakeFiles/caffe2_observers.dir/net_observer_reporter_print.cc.o
[ 88%] Linking CXX executable ../bin/converter_nomigraph_test
[ 88%] Built target context_gpu_test
[ 88%] Building CXX object modules/observers/CMakeFiles/caffe2_observers.dir/perf_observer.cc.o
[ 88%] Built target converter_nomigraph_test
[ 88%] Linking CXX executable ../bin/time_observer_test
[ 88%] Built target time_observer_test
[ 89%] Building CXX object dist_autograd/CMakeFiles/test_dist_autograd.dir/__/common/main.cpp.o
[ 89%] Linking CXX executable ../bin/data_filler_test
[ 89%] Linking CXX executable ../bin/plan_executor_test
[ 89%] Built target data_filler_test
[ 90%] Linking CXX executable ../bin/parallel_net_test
[ 90%] Linking CXX executable ../bin/batch_matmul_op_test
[ 90%] Linking CXX executable ../bin/predictor_test
[ 90%] Built target plan_executor_test
[ 90%] Built target parallel_net_test
[ 90%] Linking CXX executable ../bin/depthwise3x3_conv_op_test
[ 90%] Built target batch_matmul_op_test
[ 90%] Built target predictor_test
[ 90%] Built target depthwise3x3_conv_op_test
[ 90%] Linking CXX executable ../bin/operator_schema_test
[ 90%] Building CXX object dist_autograd/CMakeFiles/test_dist_autograd.dir/test_dist_autograd.cpp.o
[ 90%] Built target operator_schema_test
[ 90%] Linking CXX executable ../bin/conv_transpose_op_mobile_test
[ 90%] Linking CXX executable ../bin/graph_test
[ 90%] Linking CXX executable ../bin/module_test
[ 90%] Linking CXX executable ../bin/boolean_unmask_ops_test
[ 90%] Linking CXX executable ../bin/conv_to_nnpack_transform_test
[ 90%] Linking CXX executable ../bin/common_subexpression_elimination_test
[ 90%] Built target conv_transpose_op_mobile_test
[ 90%] Built target module_test
[ 90%] Linking CXX executable ../bin/net_dag_utils_test
[ 90%] Built target graph_test
[ 90%] Built target conv_to_nnpack_transform_test
[ 90%] Built target boolean_unmask_ops_test
[ 90%] Built target common_subexpression_elimination_test
[ 90%] Built target net_dag_utils_test
[ 90%] Linking CXX executable ../bin/mpi_test
[ 90%] Linking CXX executable ../bin/net_async_tracing_test
[ 90%] Linking CXX executable ../bin/workspace_test
[ 90%] Linking CXX executable ../bin/net_simple_refcount_test
[ 90%] Built target mpi_test
[ 90%] Built target net_async_tracing_test
[ 90%] Linking CXX executable ../bin/observer_test
[ 90%] Linking CXX executable ../bin/bound_shape_inference_test
[ 90%] Built target workspace_test
[ 90%] Built target net_simple_refcount_test
[ 90%] Built target observer_test
[ 90%] Built target bound_shape_inference_test
[ 90%] Linking CXX executable ../bin/transform_test
[ 90%] Linking CXX executable ../bin/split_slss_test
[ 90%] Linking CXX executable ../bin/tensor_interop_test
[ 90%] Built target transform_test
[ 90%] Linking CXX executable ../bin/operator_gpu_test
[ 90%] Linking CXX executable ../bin/pattern_net_transform_test
[ 90%] Built target split_slss_test
[ 90%] Linking CXX executable ../bin/half_float_ops_test
[ 90%] Built target tensor_interop_test
[ 90%] Built target operator_gpu_test
[ 90%] Linking CXX executable ../bin/net_test
[ 90%] Linking CXX executable ../bin/net_gpu_test
[ 90%] Built target pattern_net_transform_test
[ 90%] Built target half_float_ops_test
[ 90%] Built target net_test
[ 90%] Built target net_gpu_test
[ 90%] Linking CXX executable ../bin/utility_ops_test
[ 90%] Linking CXX executable ../bin/operator_test
[ 90%] Built target utility_ops_test
[ 90%] Built target operator_test
[ 90%] Linking CXX executable ../bin/reshape_op_gpu_test
[ 90%] Linking CXX executable ../bin/batch_matmul_op_gpu_test
[ 90%] Built target reshape_op_gpu_test
[ 90%] Linking CXX executable ../bin/blob_gpu_test
[ 90%] Linking CXX executable ../bin/mpi_gpu_test
[ 90%] Built target batch_matmul_op_gpu_test
[ 90%] Built target blob_gpu_test
[ 90%] Built target mpi_gpu_test
[ 90%] Linking CXX executable ../bin/generate_proposals_op_util_boxes_test
[ 90%] Built target generate_proposals_op_util_boxes_test
[ 90%] Linking CXX executable ../bin/cuda_tensor_interop_test
[ 90%] Linking CXX executable ../bin/operator_fallback_gpu_test
[ 90%] Linking CXX executable ../bin/utility_ops_gpu_test
[ 90%] Built target cuda_tensor_interop_test
[ 90%] Built target operator_fallback_gpu_test
[ 90%] Built target utility_ops_gpu_test
[ 90%] Linking CXX executable ../bin/math_gpu_test
[ 90%] Built target math_gpu_test
[ 90%] Linking CXX executable ../bin/generate_proposals_op_util_nms_test
[ 90%] Built target generate_proposals_op_util_nms_test
Scanning dependencies of target cuda_integer_divider_test
[ 90%] Linking CXX executable ../bin/cuda_integer_divider_test
Scanning dependencies of target cuda_complex_test
[ 90%] Built target cuda_integer_divider_test
[ 90%] Linking CXX executable ../bin/cuda_complex_test
[ 90%] Built target cuda_complex_test
[ 90%] Linking CXX executable ../bin/type_test
[ 90%] Built target type_test
[ 90%] Linking CXX executable ../bin/string_ops_test
[ 90%] Built target string_ops_test
Scanning dependencies of target cuda_optional_test
[ 90%] Linking CXX executable ../bin/cuda_optional_test
[ 90%] Built target cuda_optional_test
[ 90%] Linking CXX executable ../bin/ivalue_test
[ 90%] Built target ivalue_test
Scanning dependencies of target cuda_half_test
Scanning dependencies of target cuda_packedtensoraccessor_test
[ 90%] Linking CXX executable ../bin/cuda_half_test
[ 90%] Linking CXX executable ../bin/cuda_packedtensoraccessor_test
[ 90%] Built target cuda_half_test
[ 90%] Linking CXX executable ../bin/elementwise_op_test
[ 90%] Built target cuda_packedtensoraccessor_test
Scanning dependencies of target cuda_vectorized_test
[ 90%] Linking CXX executable ../bin/elementwise_op_gpu_test
[ 91%] Linking CXX executable ../bin/cuda_vectorized_test
[ 91%] Linking CXX executable ../bin/cpu_rng_test
[ 91%] Built target elementwise_op_test
Scanning dependencies of target cuda_generator_test
[ 91%] Built target elementwise_op_gpu_test
[ 91%] Built target cuda_vectorized_test
[ 91%] Linking CXX executable ../bin/cuda_generator_test
[ 91%] Built target cpu_rng_test
[ 91%] Built target cuda_generator_test
Scanning dependencies of target cuda_distributions_test
[ 91%] Linking CXX executable ../bin/cuda_distributions_test
[ 91%] Linking CXX executable ../bin/generate_proposals_op_test
[ 91%] Built target cuda_distributions_test
[ 91%] Built target generate_proposals_op_test
[ 91%] Linking CXX executable ../bin/generate_proposals_op_gpu_test
[ 92%] Linking CXX executable ../bin/blob_test
[ 92%] Built target generate_proposals_op_gpu_test
CMakeFiles/blob_test.dir/core/blob_test.cc.o:blob_test.cc:function caffe2::(anonymous namespace)::TypedTensorTest_BigTensorSerialization_Test<float>::TestBody(): warning: the use of `tmpnam' is dangerous, better use `mkstemp'
CMakeFiles/blob_test.dir/core/blob_test.cc.o:blob_test.cc:function caffe2::(anonymous namespace)::TypedTensorTest_BigTensorSerialization_Test<bool>::TestBody(): warning: the use of `tmpnam' is dangerous, better use `mkstemp'
CMakeFiles/blob_test.dir/core/blob_test.cc.o:blob_test.cc:function caffe2::(anonymous namespace)::TypedTensorTest_BigTensorSerialization_Test<double>::TestBody(): warning: the use of `tmpnam' is dangerous, better use `mkstemp'
CMakeFiles/blob_test.dir/core/blob_test.cc.o:blob_test.cc:function caffe2::(anonymous namespace)::TypedTensorTest_BigTensorSerialization_Test<int>::TestBody(): warning: the use of `tmpnam' is dangerous, better use `mkstemp'
CMakeFiles/blob_test.dir/core/blob_test.cc.o:blob_test.cc:function caffe2::(anonymous namespace)::TypedTensorTest_BigTensorSerialization_Test<signed char>::TestBody(): warning: the use of `tmpnam' is dangerous, better use `mkstemp'
CMakeFiles/blob_test.dir/core/blob_test.cc.o:blob_test.cc:function caffe2::(anonymous namespace)::TypedTensorTest_BigTensorSerialization_Test<short>::TestBody(): warning: the use of `tmpnam' is dangerous, better use `mkstemp'
CMakeFiles/blob_test.dir/core/blob_test.cc.o:blob_test.cc:function caffe2::(anonymous namespace)::TypedTensorTest_BigTensorSerialization_Test<unsigned char>::TestBody(): warning: the use of `tmpnam' is dangerous, better use `mkstemp'
CMakeFiles/blob_test.dir/core/blob_test.cc.o:blob_test.cc:function caffe2::(anonymous namespace)::TypedTensorTest_BigTensorSerialization_Test<unsigned short>::TestBody(): warning: the use of `tmpnam' is dangerous, better use `mkstemp'
CMakeFiles/blob_test.dir/core/blob_test.cc.o:blob_test.cc:function caffe2::(anonymous namespace)::TypedTensorTest_BigTensorSerialization_Test<long>::TestBody(): warning: the use of `tmpnam' is dangerous, better use `mkstemp'
CMakeFiles/blob_test.dir/core/blob_test.cc.o:blob_test.cc:function caffe2::(anonymous namespace)::ContentChunks_Serialization_Test::TestBody(): warning: the use of `tmpnam' is dangerous, better use `mkstemp'
[ 92%] Built target blob_test
[ 92%] Linking CXX executable ../bin/roi_align_op_gpu_test
[ 92%] Built target roi_align_op_gpu_test
[ 92%] Linking CXX executable ../bin/batch_permutation_op_gpu_test
[ 92%] Built target batch_permutation_op_gpu_test
[ 92%] Linking CXX executable ../bin/generate_proposals_op_util_nms_gpu_test
[ 92%] Built target generate_proposals_op_util_nms_gpu_test
[ 92%] Linking CXX executable ../bin/op_registration_test
[ 92%] Built target op_registration_test
/castles/nr/projects/d/duanj-ai-in-medical-imaging/.share/download/t1/pytorch/torch/lib/c10d/ProcessGroupMPI.cpp: In function ‘void c10d::{anonymous}::checkSameSizeAndType(const at::Tensor&, const std::vector<at::Tensor>&)’:
/castles/nr/projects/d/duanj-ai-in-medical-imaging/.share/download/t1/pytorch/torch/lib/c10d/ProcessGroupMPI.cpp:88:26: warning: ‘at::DeprecatedTypeProperties& at::Tensor::type() const’ is deprecated: Tensor.type() is deprecated. Instead use Tensor.options(), which in many cases (e.g. in a constructor) is a drop-in replacement. If you were using data from type(), that is now available from Tensor itself, so instead of tensor.type().scalar_type(), use tensor.scalar_type() instead and instead of tensor.type().backend() use tensor.device(). [-Wdeprecated-declarations]
         (tensors[i].type() != tensor.type())) {
                          ^
In file included from /castles/nr/projects/d/duanj-ai-in-medical-imaging/.share/download/t1/pytorch/aten/src/ATen/Tensor.h:3,
                 from /castles/nr/projects/d/duanj-ai-in-medical-imaging/.share/download/t1/pytorch/aten/src/ATen/Context.h:4,
                 from /castles/nr/projects/d/duanj-ai-in-medical-imaging/.share/download/t1/pytorch/aten/src/ATen/ATen.h:9,
                 from /castles/nr/projects/d/duanj-ai-in-medical-imaging/.share/download/t1/pytorch/torch/lib/c10d/../c10d/ProcessGroup.hpp:10,
                 from /castles/nr/projects/d/duanj-ai-in-medical-imaging/.share/download/t1/pytorch/torch/lib/c10d/../c10d/ProcessGroupMPI.hpp:11,
                 from /castles/nr/projects/d/duanj-ai-in-medical-imaging/.share/download/t1/pytorch/torch/lib/c10d/ProcessGroupMPI.cpp:1:
/castles/nr/projects/d/duanj-ai-in-medical-imaging/.share/download/t1/pytorch/build/aten/src/ATen/core/TensorBody.h:282:30: note: declared here
   DeprecatedTypeProperties & type() const {
                              ^~~~
/castles/nr/projects/d/duanj-ai-in-medical-imaging/.share/download/t1/pytorch/torch/lib/c10d/ProcessGroupMPI.cpp:88:43: warning: ‘at::DeprecatedTypeProperties& at::Tensor::type() const’ is deprecated: Tensor.type() is deprecated. Instead use Tensor.options(), which in many cases (e.g. in a constructor) is a drop-in replacement. If you were using data from type(), that is now available from Tensor itself, so instead of tensor.type().scalar_type(), use tensor.scalar_type() instead and instead of tensor.type().backend() use tensor.device(). [-Wdeprecated-declarations]
         (tensors[i].type() != tensor.type())) {
                                           ^
In file included from /castles/nr/projects/d/duanj-ai-in-medical-imaging/.share/download/t1/pytorch/aten/src/ATen/Tensor.h:3,
                 from /castles/nr/projects/d/duanj-ai-in-medical-imaging/.share/download/t1/pytorch/aten/src/ATen/Context.h:4,
                 from /castles/nr/projects/d/duanj-ai-in-medical-imaging/.share/download/t1/pytorch/aten/src/ATen/ATen.h:9,
                 from /castles/nr/projects/d/duanj-ai-in-medical-imaging/.share/download/t1/pytorch/torch/lib/c10d/../c10d/ProcessGroup.hpp:10,
                 from /castles/nr/projects/d/duanj-ai-in-medical-imaging/.share/download/t1/pytorch/torch/lib/c10d/../c10d/ProcessGroupMPI.hpp:11,
                 from /castles/nr/projects/d/duanj-ai-in-medical-imaging/.share/download/t1/pytorch/torch/lib/c10d/ProcessGroupMPI.cpp:1:
/castles/nr/projects/d/duanj-ai-in-medical-imaging/.share/download/t1/pytorch/build/aten/src/ATen/core/TensorBody.h:282:30: note: declared here
   DeprecatedTypeProperties & type() const {
                              ^~~~
In file included from /castles/nr/projects/d/duanj-ai-in-medical-imaging/.share/download/t1/pytorch/c10/core/DeviceType.h:8,
                 from /castles/nr/projects/d/duanj-ai-in-medical-imaging/.share/download/t1/pytorch/c10/core/Device.h:3,
                 from /castles/nr/projects/d/duanj-ai-in-medical-imaging/.share/download/t1/pytorch/c10/core/Allocator.h:6,
                 from /castles/nr/projects/d/duanj-ai-in-medical-imaging/.share/download/t1/pytorch/aten/src/ATen/ATen.h:7,
                 from /castles/nr/projects/d/duanj-ai-in-medical-imaging/.share/download/t1/pytorch/torch/lib/c10d/../c10d/ProcessGroup.hpp:10,
                 from /castles/nr/projects/d/duanj-ai-in-medical-imaging/.share/download/t1/pytorch/torch/lib/c10d/../c10d/ProcessGroupMPI.hpp:11,
                 from /castles/nr/projects/d/duanj-ai-in-medical-imaging/.share/download/t1/pytorch/torch/lib/c10d/ProcessGroupMPI.cpp:1:
/castles/nr/projects/d/duanj-ai-in-medical-imaging/.share/download/t1/pytorch/torch/lib/c10d/ProcessGroupMPI.cpp: In member function ‘virtual std::shared_ptr<c10d::ProcessGroup::Work> c10d::ProcessGroupMPI::alltoall_base(at::Tensor&, at::Tensor&, std::vector<long int>&, std::vector<long int>&, const c10d::AllToAllOptions&)’:
/castles/nr/projects/d/duanj-ai-in-medical-imaging/.share/download/t1/pytorch/torch/lib/c10d/ProcessGroupMPI.cpp:671:31: warning: ‘at::DeprecatedTypeProperties& at::Tensor::type() const’ is deprecated: Tensor.type() is deprecated. Instead use Tensor.options(), which in many cases (e.g. in a constructor) is a drop-in replacement. If you were using data from type(), that is now available from Tensor itself, so instead of tensor.type().scalar_type(), use tensor.scalar_type() instead and instead of tensor.type().backend() use tensor.device(). [-Wdeprecated-declarations]
             outputTensor.type() == inputTensor.type(),
                               ^
/castles/nr/projects/d/duanj-ai-in-medical-imaging/.share/download/t1/pytorch/c10/macros/Macros.h:146:65: note: in definition of macro ‘C10_UNLIKELY’
 #define C10_UNLIKELY(expr)  (__builtin_expect(static_cast<bool>(expr), 0))
                                                                 ^~~~
/castles/nr/projects/d/duanj-ai-in-medical-imaging/.share/download/t1/pytorch/c10/util/Exception.h:330:7: note: in expansion of macro ‘C10_UNLIKELY_OR_CONST’
   if (C10_UNLIKELY_OR_CONST(!(cond))) {                               \
       ^~~~~~~~~~~~~~~~~~~~~
/castles/nr/projects/d/duanj-ai-in-medical-imaging/.share/download/t1/pytorch/c10/util/Exception.h:318:3: note: in expansion of macro ‘TORCH_CHECK_WITH_MSG’
   TORCH_CHECK_WITH_MSG(error_t, cond, "", __VA_ARGS__)
   ^~~~~~~~~~~~~~~~~~~~
/castles/nr/projects/d/duanj-ai-in-medical-imaging/.share/download/t1/pytorch/c10/util/Exception.h:341:32: note: in expansion of macro ‘TORCH_CHECK_WITH’
 #define TORCH_CHECK(cond, ...) TORCH_CHECK_WITH(Error, cond, __VA_ARGS__)
                                ^~~~~~~~~~~~~~~~
/castles/nr/projects/d/duanj-ai-in-medical-imaging/.share/download/t1/pytorch/torch/lib/c10d/ProcessGroupMPI.cpp:669:5: note: in expansion of macro ‘TORCH_CHECK’
     TORCH_CHECK(
     ^~~~~~~~~~~
In file included from /castles/nr/projects/d/duanj-ai-in-medical-imaging/.share/download/t1/pytorch/aten/src/ATen/Tensor.h:3,
                 from /castles/nr/projects/d/duanj-ai-in-medical-imaging/.share/download/t1/pytorch/aten/src/ATen/Context.h:4,
                 from /castles/nr/projects/d/duanj-ai-in-medical-imaging/.share/download/t1/pytorch/aten/src/ATen/ATen.h:9,
                 from /castles/nr/projects/d/duanj-ai-in-medical-imaging/.share/download/t1/pytorch/torch/lib/c10d/../c10d/ProcessGroup.hpp:10,
                 from /castles/nr/projects/d/duanj-ai-in-medical-imaging/.share/download/t1/pytorch/torch/lib/c10d/../c10d/ProcessGroupMPI.hpp:11,
                 from /castles/nr/projects/d/duanj-ai-in-medical-imaging/.share/download/t1/pytorch/torch/lib/c10d/ProcessGroupMPI.cpp:1:
/castles/nr/projects/d/duanj-ai-in-medical-imaging/.share/download/t1/pytorch/build/aten/src/ATen/core/TensorBody.h:282:30: note: declared here
   DeprecatedTypeProperties & type() const {
                              ^~~~
In file included from /castles/nr/projects/d/duanj-ai-in-medical-imaging/.share/download/t1/pytorch/c10/core/DeviceType.h:8,
                 from /castles/nr/projects/d/duanj-ai-in-medical-imaging/.share/download/t1/pytorch/c10/core/Device.h:3,
                 from /castles/nr/projects/d/duanj-ai-in-medical-imaging/.share/download/t1/pytorch/c10/core/Allocator.h:6,
                 from /castles/nr/projects/d/duanj-ai-in-medical-imaging/.share/download/t1/pytorch/aten/src/ATen/ATen.h:7,
                 from /castles/nr/projects/d/duanj-ai-in-medical-imaging/.share/download/t1/pytorch/torch/lib/c10d/../c10d/ProcessGroup.hpp:10,
                 from /castles/nr/projects/d/duanj-ai-in-medical-imaging/.share/download/t1/pytorch/torch/lib/c10d/../c10d/ProcessGroupMPI.hpp:11,
                 from /castles/nr/projects/d/duanj-ai-in-medical-imaging/.share/download/t1/pytorch/torch/lib/c10d/ProcessGroupMPI.cpp:1:
/castles/nr/projects/d/duanj-ai-in-medical-imaging/.share/download/t1/pytorch/torch/lib/c10d/ProcessGroupMPI.cpp:671:53: warning: ‘at::DeprecatedTypeProperties& at::Tensor::type() const’ is deprecated: Tensor.type() is deprecated. Instead use Tensor.options(), which in many cases (e.g. in a constructor) is a drop-in replacement. If you were using data from type(), that is now available from Tensor itself, so instead of tensor.type().scalar_type(), use tensor.scalar_type() instead and instead of tensor.type().backend() use tensor.device(). [-Wdeprecated-declarations]
             outputTensor.type() == inputTensor.type(),
                                                     ^
/castles/nr/projects/d/duanj-ai-in-medical-imaging/.share/download/t1/pytorch/c10/macros/Macros.h:146:65: note: in definition of macro ‘C10_UNLIKELY’
 #define C10_UNLIKELY(expr)  (__builtin_expect(static_cast<bool>(expr), 0))
                                                                 ^~~~
/castles/nr/projects/d/duanj-ai-in-medical-imaging/.share/download/t1/pytorch/c10/util/Exception.h:330:7: note: in expansion of macro ‘C10_UNLIKELY_OR_CONST’
   if (C10_UNLIKELY_OR_CONST(!(cond))) {                               \
       ^~~~~~~~~~~~~~~~~~~~~
/castles/nr/projects/d/duanj-ai-in-medical-imaging/.share/download/t1/pytorch/c10/util/Exception.h:318:3: note: in expansion of macro ‘TORCH_CHECK_WITH_MSG’
   TORCH_CHECK_WITH_MSG(error_t, cond, "", __VA_ARGS__)
   ^~~~~~~~~~~~~~~~~~~~
/castles/nr/projects/d/duanj-ai-in-medical-imaging/.share/download/t1/pytorch/c10/util/Exception.h:341:32: note: in expansion of macro ‘TORCH_CHECK_WITH’
 #define TORCH_CHECK(cond, ...) TORCH_CHECK_WITH(Error, cond, __VA_ARGS__)
                                ^~~~~~~~~~~~~~~~
/castles/nr/projects/d/duanj-ai-in-medical-imaging/.share/download/t1/pytorch/torch/lib/c10d/ProcessGroupMPI.cpp:669:5: note: in expansion of macro ‘TORCH_CHECK’
     TORCH_CHECK(
     ^~~~~~~~~~~
In file included from /castles/nr/projects/d/duanj-ai-in-medical-imaging/.share/download/t1/pytorch/aten/src/ATen/Tensor.h:3,
                 from /castles/nr/projects/d/duanj-ai-in-medical-imaging/.share/download/t1/pytorch/aten/src/ATen/Context.h:4,
                 from /castles/nr/projects/d/duanj-ai-in-medical-imaging/.share/download/t1/pytorch/aten/src/ATen/ATen.h:9,
                 from /castles/nr/projects/d/duanj-ai-in-medical-imaging/.share/download/t1/pytorch/torch/lib/c10d/../c10d/ProcessGroup.hpp:10,
                 from /castles/nr/projects/d/duanj-ai-in-medical-imaging/.share/download/t1/pytorch/torch/lib/c10d/../c10d/ProcessGroupMPI.hpp:11,
                 from /castles/nr/projects/d/duanj-ai-in-medical-imaging/.share/download/t1/pytorch/torch/lib/c10d/ProcessGroupMPI.cpp:1:
/castles/nr/projects/d/duanj-ai-in-medical-imaging/.share/download/t1/pytorch/build/aten/src/ATen/core/TensorBody.h:282:30: note: declared here
   DeprecatedTypeProperties & type() const {
                              ^~~~
[ 92%] Building CXX object test_tensorexpr/CMakeFiles/test_tensorexpr.dir/__/common/main.cpp.o
[ 92%] Building CXX object test_tensorexpr/CMakeFiles/test_tensorexpr.dir/gtest.cpp.o
[ 92%] Building CXX object test_tensorexpr/CMakeFiles/test_tensorexpr.dir/padded_buffer.cpp.o
[ 92%] Building CXX object test_tensorexpr/CMakeFiles/test_tensorexpr.dir/test_aten.cpp.o
[ 92%] Building CXX object test_tensorexpr/CMakeFiles/test_tensorexpr.dir/test_cuda.cpp.o
[ 92%] Building CXX object test_tensorexpr/CMakeFiles/test_tensorexpr.dir/test_expr.cpp.o
[ 92%] Building CXX object test_tensorexpr/CMakeFiles/test_tensorexpr.dir/test_ir_printer.cpp.o
[ 92%] Building CXX object test_tensorexpr/CMakeFiles/test_tensorexpr.dir/test_llvm.cpp.o
[ 92%] Building CXX object test_tensorexpr/CMakeFiles/test_tensorexpr.dir/test_kernel.cpp.o
[ 92%] Building CXX object test_tensorexpr/CMakeFiles/test_tensorexpr.dir/test_loopnest.cpp.o
[ 92%] Building CXX object test_tensorexpr/CMakeFiles/test_tensorexpr.dir/test_simplify.cpp.o
[ 92%] Building CXX object test_tensorexpr/CMakeFiles/test_tensorexpr.dir/test_te_fuser_pass.cpp.o
[ 92%] Building CXX object test_tensorexpr/CMakeFiles/test_tensorexpr.dir/test_reductions.cpp.o
[ 92%] Building CXX object test_tensorexpr/CMakeFiles/test_tensorexpr.dir/test_type.cpp.o
[ 92%] Linking CXX shared library ../../../../lib/libshm.so
[ 92%] Built target shm
Scanning dependencies of target torch_shm_manager
[ 92%] Building CXX object caffe2/torch/lib/libshm/CMakeFiles/torch_shm_manager.dir/manager.cpp.o
[ 92%] Linking CXX executable ../bin/parallel_benchmark
[ 92%] Built target parallel_benchmark
[ 92%] Linking CXX static library ../../lib/libc10d.a
[ 92%] Built target c10d
Scanning dependencies of target process_group_agent
Scanning dependencies of target HashStoreTest
Scanning dependencies of target FileStoreTest
Scanning dependencies of target ProcessGroupMPITest
[ 92%] Building NVCC (Device) object caffe2/lib_c10d/test/CMakeFiles/c10d_cuda_test.dir/c10d_cuda_test_generated_CUDATest.cu.o
Scanning dependencies of target torch_python
Scanning dependencies of target TCPStoreTest
[ 92%] Building CXX object caffe2/lib_c10d/test/CMakeFiles/HashStoreTest.dir/HashStoreTest.cpp.o
[ 92%] Building CXX object caffe2/lib_c10d/test/CMakeFiles/FileStoreTest.dir/FileStoreTest.cpp.o
[ 92%] Building CXX object caffe2/lib_c10d/test/CMakeFiles/ProcessGroupMPITest.dir/ProcessGroupMPITest.cpp.o
[ 92%] Linking CXX shared library ../../lib/libcaffe2_module_test_dynamic.so
[ 92%] Built target caffe2_module_test_dynamic
[ 92%] Building CXX object caffe2/CMakeFiles/process_group_agent.dir/__/torch/csrc/distributed/rpc/process_group_agent.cpp.o
[ 92%] Building CXX object caffe2/lib_c10d/test/CMakeFiles/TCPStoreTest.dir/TCPStoreTest.cpp.o
[ 92%] Linking CXX shared library ../../lib/libcaffe2_observers.so
[ 92%] Built target caffe2_observers
[ 92%] Linking CXX shared module python/caffe2_pybind11_state_gpu.cpython-37m-powerpc64le-linux-gnu.so
[ 92%] Built target caffe2_pybind11_state_gpu
[ 92%] Linking CXX shared module python/caffe2_pybind11_state.cpython-37m-powerpc64le-linux-gnu.so
[ 92%] Built target caffe2_pybind11_state
[ 92%] Linking CXX executable ../bin/test_dist_autograd
[ 92%] Built target test_dist_autograd
[ 92%] Linking CXX executable ../../../../bin/torch_shm_manager
[ 92%] Linking CXX executable ../../../bin/FileStoreTest
[ 92%] Linking CXX executable ../../../bin/HashStoreTest
[ 92%] Built target torch_shm_manager
[ 92%] Built target FileStoreTest
[ 92%] Built target HashStoreTest
[ 92%] Building CXX object test_jit/CMakeFiles/test_jit.dir/gtest.cpp.o
[ 92%] Building CXX object test_jit/CMakeFiles/test_jit.dir/__/common/main.cpp.o
[ 92%] Building CXX object test_jit/CMakeFiles/test_jit.dir/test_alias_analysis.cpp.o
[ 92%] Building CXX object test_jit/CMakeFiles/test_jit.dir/test_backend.cpp.o
[ 92%] Building CXX object test_jit/CMakeFiles/test_jit.dir/test_argument_spec.cpp.o
[ 92%] Building CXX object test_jit/CMakeFiles/test_jit.dir/test_base.cpp.o
[ 92%] Building CXX object test_jit/CMakeFiles/test_jit.dir/test_autodiff.cpp.o
[ 92%] Building CXX object test_api/CMakeFiles/test_api.dir/__/common/main.cpp.o
[ 92%] Building CXX object test_jit/CMakeFiles/test_jit.dir/test_cleanup_passes.cpp.o
[ 92%] Building CXX object test_jit/CMakeFiles/test_jit.dir/test_code_template.cpp.o
[ 92%] Building CXX object test_jit/CMakeFiles/test_jit.dir/test_constant_pooling.cpp.o
[ 92%] Building CXX object test_jit/CMakeFiles/test_jit.dir/test_create_autodiff_subgraphs.cpp.o
[ 92%] Building CXX object test_jit/CMakeFiles/test_jit.dir/test_class_parser.cpp.o
[ 92%] Building CXX object test_jit/CMakeFiles/test_jit.dir/test_dce.cpp.o
[ 92%] Building CXX object test_jit/CMakeFiles/test_jit.dir/test_class_import.cpp.o
[ 92%] Building CXX object test_jit/CMakeFiles/test_jit.dir/test_custom_class.cpp.o
[ 92%] Building CXX object test_jit/CMakeFiles/test_jit.dir/test_inliner.cpp.o
[ 92%] Building CXX object test_jit/CMakeFiles/test_jit.dir/test_graph_executor.cpp.o
[ 92%] Building CXX object test_jit/CMakeFiles/test_jit.dir/test_lite_trainer.cpp.o
[ 92%] Building CXX object test_jit/CMakeFiles/test_jit.dir/test_fuser.cpp.o
[ 92%] Building CXX object test_jit/CMakeFiles/test_jit.dir/test_interface.cpp.o
[ 92%] Building CXX object test_jit/CMakeFiles/test_jit.dir/test_mobile_type_parser.cpp.o
[ 92%] Building CXX object test_jit/CMakeFiles/test_jit.dir/test_peephole_optimize.cpp.o
[ 92%] Building CXX object test_jit/CMakeFiles/test_jit.dir/test_jit_type.cpp.o
[ 92%] Building CXX object test_jit/CMakeFiles/test_jit.dir/test_module_api.cpp.o
[ 92%] Building CXX object test_jit/CMakeFiles/test_jit.dir/test_save_load.cpp.o
[ 92%] Building CXX object test_jit/CMakeFiles/test_jit.dir/test_ir.cpp.o
[ 92%] Building CXX object test_api/CMakeFiles/test_api.dir/memory.cpp.o
[ 92%] Building CXX object test_api/CMakeFiles/test_api.dir/any.cpp.o
[ 92%] Building CXX object test_api/CMakeFiles/test_api.dir/modulelist.cpp.o
[ 93%] Building CXX object test_api/CMakeFiles/test_api.dir/expanding-array.cpp.o
[ 93%] Building CXX object test_api/CMakeFiles/test_api.dir/dataloader.cpp.o
[ 93%] Building CXX object test_jit/CMakeFiles/test_jit.dir/test_subgraph_rewriter.cpp.o
[ 93%] Building CXX object test_api/CMakeFiles/test_api.dir/integration.cpp.o
[ 93%] Building CXX object test_api/CMakeFiles/test_api.dir/jit.cpp.o
[ 93%] Building CXX object test_api/CMakeFiles/test_api.dir/enum.cpp.o
[ 93%] Building CXX object test_api/CMakeFiles/test_api.dir/parameterlist.cpp.o
[ 93%] Building CXX object test_api/CMakeFiles/test_api.dir/namespace.cpp.o
[ 93%] Building CXX object test_api/CMakeFiles/test_api.dir/ordered_dict.cpp.o
[ 93%] Building CXX object test_jit/CMakeFiles/test_jit.dir/test_class_type.cpp.o
[ 93%] Building CXX object test_jit/CMakeFiles/test_jit.dir/test_subgraph_matcher.cpp.o
[ 93%] Building CXX object test_api/CMakeFiles/test_api.dir/init.cpp.o
[ 93%] Building CXX object test_api/CMakeFiles/test_api.dir/autograd.cpp.o
[ 93%] Building CXX object test_api/CMakeFiles/test_api.dir/tensor_cuda.cpp.o
[ 93%] Building CXX object test_api/CMakeFiles/test_api.dir/rnn.cpp.o
[ 93%] Building CXX object test_api/CMakeFiles/test_api.dir/sequential.cpp.o
[ 93%] Building CXX object test_jit/CMakeFiles/test_jit.dir/test_gpu.cpp.o
[ 93%] Building CXX object test_api/CMakeFiles/test_api.dir/tensor_options_cuda.cpp.o
[ 93%] Building CXX object test_api/CMakeFiles/test_api.dir/tensor_options.cpp.o
[ 93%] Building CXX object test_api/CMakeFiles/test_api.dir/torch_include.cpp.o
[ 93%] Building CXX object test_api/CMakeFiles/test_api.dir/tensor_indexing.cpp.o
[ 93%] Building CXX object test_api/CMakeFiles/test_api.dir/modules.cpp.o
[ 93%] Building CXX object test_api/CMakeFiles/test_api.dir/static.cpp.o
[ 93%] Building CXX object test_jit/CMakeFiles/test_jit.dir/test_custom_operators.cpp.o
[ 93%] Building CXX object test_api/CMakeFiles/test_api.dir/parallel.cpp.o
[ 93%] Building CXX object test_api/CMakeFiles/test_api.dir/tensor.cpp.o
[ 93%] Building CXX object test_jit/CMakeFiles/test_jit.dir/test_schema_matching.cpp.o
[ 93%] Building CXX object test_jit/CMakeFiles/test_jit.dir/test_interpreter.cpp.o
[ 93%] Building CXX object test_jit/CMakeFiles/test_jit.dir/test_misc.cpp.o
[ 93%] Building CXX object test_api/CMakeFiles/test_api.dir/misc.cpp.o
[ 93%] Building CXX object test_api/CMakeFiles/test_api.dir/module.cpp.o
[ 93%] Building CXX object test_api/CMakeFiles/test_api.dir/parameterdict.cpp.o
[ 93%] Building CXX object test_api/CMakeFiles/test_api.dir/optim.cpp.o
[ 93%] Building CXX object test_api/CMakeFiles/test_api.dir/support.cpp.o
[ 93%] Building CXX object test_api/CMakeFiles/test_api.dir/nn_utils.cpp.o
[ 93%] Building CXX object test_jit/CMakeFiles/test_jit.dir/test_irparser.cpp.o
[ 93%] Building CXX object test_jit/CMakeFiles/test_jit.dir/test_lite_interpreter.cpp.o
[ 93%] Building CXX object test_jit/CMakeFiles/test_jit.dir/test_subgraph_utils.cpp.o
[ 94%] Building CXX object test_jit/CMakeFiles/test_jit.dir/test_qualified_name.cpp.o
[ 94%] Building CXX object test_api/CMakeFiles/test_api.dir/functional.cpp.o
[ 94%] Building CXX object test_jit/CMakeFiles/test_jit.dir/test_utils.cpp.o
[ 94%] Building CXX object test_api/CMakeFiles/test_api.dir/serialize.cpp.o
/castles/nr/projects/d/duanj-ai-in-medical-imaging/.share/download/t1/pytorch/torch/lib/c10d/test/ProcessGroupMPITest.cpp: In function ‘void testAllreduce(int)’:
/castles/nr/projects/d/duanj-ai-in-medical-imaging/.share/download/t1/pytorch/torch/lib/c10d/test/ProcessGroupMPITest.cpp:52:46: warning: ‘T* at::Tensor::data() const [with T = float]’ is deprecated: Tensor.data<T>() is deprecated. Please use Tensor.data_ptr<T>() instead. [-Wdeprecated-declarations]
     auto data = allTensors[i][0].data<float>();
                                              ^
In file included from /castles/nr/projects/d/duanj-ai-in-medical-imaging/.share/download/t1/pytorch/aten/src/ATen/Tensor.h:3,
                 from /castles/nr/projects/d/duanj-ai-in-medical-imaging/.share/download/t1/pytorch/aten/src/ATen/Context.h:4,
                 from /castles/nr/projects/d/duanj-ai-in-medical-imaging/.share/download/t1/pytorch/aten/src/ATen/ATen.h:9,
                 from /castles/nr/projects/d/duanj-ai-in-medical-imaging/.share/download/t1/pytorch/torch/lib/c10d/../c10d/ProcessGroup.hpp:10,
                 from /castles/nr/projects/d/duanj-ai-in-medical-imaging/.share/download/t1/pytorch/torch/lib/c10d/../c10d/ProcessGroupMPI.hpp:11,
                 from /castles/nr/projects/d/duanj-ai-in-medical-imaging/.share/download/t1/pytorch/torch/lib/c10d/test/ProcessGroupMPITest.cpp:9:
/castles/nr/projects/d/duanj-ai-in-medical-imaging/.share/download/t1/pytorch/build/aten/src/ATen/core/TensorBody.h:368:7: note: declared here
   T * data() const {
       ^~~~
/castles/nr/projects/d/duanj-ai-in-medical-imaging/.share/download/t1/pytorch/torch/lib/c10d/test/ProcessGroupMPITest.cpp: In function ‘void testBroadcast(int)’:
/castles/nr/projects/d/duanj-ai-in-medical-imaging/.share/download/t1/pytorch/torch/lib/c10d/test/ProcessGroupMPITest.cpp:88:46: warning: ‘T* at::Tensor::data() const [with T = float]’ is deprecated: Tensor.data<T>() is deprecated. Please use Tensor.data_ptr<T>() instead. [-Wdeprecated-declarations]
     auto data = allTensors[i][0].data<float>();
                                              ^
In file included from /castles/nr/projects/d/duanj-ai-in-medical-imaging/.share/download/t1/pytorch/aten/src/ATen/Tensor.h:3,
                 from /castles/nr/projects/d/duanj-ai-in-medical-imaging/.share/download/t1/pytorch/aten/src/ATen/Context.h:4,
                 from /castles/nr/projects/d/duanj-ai-in-medical-imaging/.share/download/t1/pytorch/aten/src/ATen/ATen.h:9,
                 from /castles/nr/projects/d/duanj-ai-in-medical-imaging/.share/download/t1/pytorch/torch/lib/c10d/../c10d/ProcessGroup.hpp:10,
                 from /castles/nr/projects/d/duanj-ai-in-medical-imaging/.share/download/t1/pytorch/torch/lib/c10d/../c10d/ProcessGroupMPI.hpp:11,
                 from /castles/nr/projects/d/duanj-ai-in-medical-imaging/.share/download/t1/pytorch/torch/lib/c10d/test/ProcessGroupMPITest.cpp:9:
/castles/nr/projects/d/duanj-ai-in-medical-imaging/.share/download/t1/pytorch/build/aten/src/ATen/core/TensorBody.h:368:7: note: declared here
   T * data() const {
       ^~~~
/castles/nr/projects/d/duanj-ai-in-medical-imaging/.share/download/t1/pytorch/torch/lib/c10d/test/ProcessGroupMPITest.cpp: In function ‘void testReduce(int)’:
/castles/nr/projects/d/duanj-ai-in-medical-imaging/.share/download/t1/pytorch/torch/lib/c10d/test/ProcessGroupMPITest.cpp:123:48: warning: ‘T* at::Tensor::data() const [with T = float]’ is deprecated: Tensor.data<T>() is deprecated. Please use Tensor.data_ptr<T>() instead. [-Wdeprecated-declarations]
       auto data = allTensors[i][0].data<float>();
                                                ^
In file included from /castles/nr/projects/d/duanj-ai-in-medical-imaging/.share/download/t1/pytorch/aten/src/ATen/Tensor.h:3,
                 from /castles/nr/projects/d/duanj-ai-in-medical-imaging/.share/download/t1/pytorch/aten/src/ATen/Context.h:4,
                 from /castles/nr/projects/d/duanj-ai-in-medical-imaging/.share/download/t1/pytorch/aten/src/ATen/ATen.h:9,
                 from /castles/nr/projects/d/duanj-ai-in-medical-imaging/.share/download/t1/pytorch/torch/lib/c10d/../c10d/ProcessGroup.hpp:10,
                 from /castles/nr/projects/d/duanj-ai-in-medical-imaging/.share/download/t1/pytorch/torch/lib/c10d/../c10d/ProcessGroupMPI.hpp:11,
                 from /castles/nr/projects/d/duanj-ai-in-medical-imaging/.share/download/t1/pytorch/torch/lib/c10d/test/ProcessGroupMPITest.cpp:9:
/castles/nr/projects/d/duanj-ai-in-medical-imaging/.share/download/t1/pytorch/build/aten/src/ATen/core/TensorBody.h:368:7: note: declared here
   T * data() const {
       ^~~~
/castles/nr/projects/d/duanj-ai-in-medical-imaging/.share/download/t1/pytorch/torch/lib/c10d/test/ProcessGroupMPITest.cpp: In function ‘void testAllgather(int)’:
/castles/nr/projects/d/duanj-ai-in-medical-imaging/.share/download/t1/pytorch/torch/lib/c10d/test/ProcessGroupMPITest.cpp:167:57: warning: ‘T* at::Tensor::data() const [with T = float]’ is deprecated: Tensor.data<T>() is deprecated. Please use Tensor.data_ptr<T>() instead. [-Wdeprecated-declarations]
       auto data = allOutputTensors[i][0][j].data<float>();
                                                         ^
In file included from /castles/nr/projects/d/duanj-ai-in-medical-imaging/.share/download/t1/pytorch/aten/src/ATen/Tensor.h:3,
                 from /castles/nr/projects/d/duanj-ai-in-medical-imaging/.share/download/t1/pytorch/aten/src/ATen/Context.h:4,
                 from /castles/nr/projects/d/duanj-ai-in-medical-imaging/.share/download/t1/pytorch/aten/src/ATen/ATen.h:9,
                 from /castles/nr/projects/d/duanj-ai-in-medical-imaging/.share/download/t1/pytorch/torch/lib/c10d/../c10d/ProcessGroup.hpp:10,
                 from /castles/nr/projects/d/duanj-ai-in-medical-imaging/.share/download/t1/pytorch/torch/lib/c10d/../c10d/ProcessGroupMPI.hpp:11,
                 from /castles/nr/projects/d/duanj-ai-in-medical-imaging/.share/download/t1/pytorch/torch/lib/c10d/test/ProcessGroupMPITest.cpp:9:
/castles/nr/projects/d/duanj-ai-in-medical-imaging/.share/download/t1/pytorch/build/aten/src/ATen/core/TensorBody.h:368:7: note: declared here
   T * data() const {
       ^~~~
/castles/nr/projects/d/duanj-ai-in-medical-imaging/.share/download/t1/pytorch/torch/lib/c10d/test/ProcessGroupMPITest.cpp: In function ‘void testGather(int)’:
/castles/nr/projects/d/duanj-ai-in-medical-imaging/.share/download/t1/pytorch/torch/lib/c10d/test/ProcessGroupMPITest.cpp:216:59: warning: ‘T* at::Tensor::data() const [with T = float]’ is deprecated: Tensor.data<T>() is deprecated. Please use Tensor.data_ptr<T>() instead. [-Wdeprecated-declarations]
         auto data = allOutputTensors[i][0][j].data<float>();
                                                           ^
In file included from /castles/nr/projects/d/duanj-ai-in-medical-imaging/.share/download/t1/pytorch/aten/src/ATen/Tensor.h:3,
                 from /castles/nr/projects/d/duanj-ai-in-medical-imaging/.share/download/t1/pytorch/aten/src/ATen/Context.h:4,
                 from /castles/nr/projects/d/duanj-ai-in-medical-imaging/.share/download/t1/pytorch/aten/src/ATen/ATen.h:9,
                 from /castles/nr/projects/d/duanj-ai-in-medical-imaging/.share/download/t1/pytorch/torch/lib/c10d/../c10d/ProcessGroup.hpp:10,
                 from /castles/nr/projects/d/duanj-ai-in-medical-imaging/.share/download/t1/pytorch/torch/lib/c10d/../c10d/ProcessGroupMPI.hpp:11,
                 from /castles/nr/projects/d/duanj-ai-in-medical-imaging/.share/download/t1/pytorch/torch/lib/c10d/test/ProcessGroupMPITest.cpp:9:
/castles/nr/projects/d/duanj-ai-in-medical-imaging/.share/download/t1/pytorch/build/aten/src/ATen/core/TensorBody.h:368:7: note: declared here
   T * data() const {
       ^~~~
/castles/nr/projects/d/duanj-ai-in-medical-imaging/.share/download/t1/pytorch/torch/lib/c10d/test/ProcessGroupMPITest.cpp: In function ‘void testScatter(int)’:
/castles/nr/projects/d/duanj-ai-in-medical-imaging/.share/download/t1/pytorch/torch/lib/c10d/test/ProcessGroupMPITest.cpp:266:48: warning: ‘T* at::Tensor::data() const [with T = float]’ is deprecated: Tensor.data<T>() is deprecated. Please use Tensor.data_ptr<T>() instead. [-Wdeprecated-declarations]
       auto data = allTensors[i][0].data<float>();
                                                ^
In file included from /castles/nr/projects/d/duanj-ai-in-medical-imaging/.share/download/t1/pytorch/aten/src/ATen/Tensor.h:3,
                 from /castles/nr/projects/d/duanj-ai-in-medical-imaging/.share/download/t1/pytorch/aten/src/ATen/Context.h:4,
                 from /castles/nr/projects/d/duanj-ai-in-medical-imaging/.share/download/t1/pytorch/aten/src/ATen/ATen.h:9,
                 from /castles/nr/projects/d/duanj-ai-in-medical-imaging/.share/download/t1/pytorch/torch/lib/c10d/../c10d/ProcessGroup.hpp:10,
                 from /castles/nr/projects/d/duanj-ai-in-medical-imaging/.share/download/t1/pytorch/torch/lib/c10d/../c10d/ProcessGroupMPI.hpp:11,
                 from /castles/nr/projects/d/duanj-ai-in-medical-imaging/.share/download/t1/pytorch/torch/lib/c10d/test/ProcessGroupMPITest.cpp:9:
/castles/nr/projects/d/duanj-ai-in-medical-imaging/.share/download/t1/pytorch/build/aten/src/ATen/core/TensorBody.h:368:7: note: declared here
   T * data() const {
       ^~~~
/castles/nr/projects/d/duanj-ai-in-medical-imaging/.share/download/t1/pytorch/torch/lib/c10d/test/ProcessGroupMPITest.cpp: In function ‘void testSendRecv(bool, int)’:
/castles/nr/projects/d/duanj-ai-in-medical-imaging/.share/download/t1/pytorch/torch/lib/c10d/test/ProcessGroupMPITest.cpp:325:48: warning: ‘T* at::Tensor::data() const [with T = float]’ is deprecated: Tensor.data<T>() is deprecated. Please use Tensor.data_ptr<T>() instead. [-Wdeprecated-declarations]
       auto data = allTensors[i][0].data<float>();
                                                ^
In file included from /castles/nr/projects/d/duanj-ai-in-medical-imaging/.share/download/t1/pytorch/aten/src/ATen/Tensor.h:3,
                 from /castles/nr/projects/d/duanj-ai-in-medical-imaging/.share/download/t1/pytorch/aten/src/ATen/Context.h:4,
                 from /castles/nr/projects/d/duanj-ai-in-medical-imaging/.share/download/t1/pytorch/aten/src/ATen/ATen.h:9,
                 from /castles/nr/projects/d/duanj-ai-in-medical-imaging/.share/download/t1/pytorch/torch/lib/c10d/../c10d/ProcessGroup.hpp:10,
                 from /castles/nr/projects/d/duanj-ai-in-medical-imaging/.share/download/t1/pytorch/torch/lib/c10d/../c10d/ProcessGroupMPI.hpp:11,
                 from /castles/nr/projects/d/duanj-ai-in-medical-imaging/.share/download/t1/pytorch/torch/lib/c10d/test/ProcessGroupMPITest.cpp:9:
/castles/nr/projects/d/duanj-ai-in-medical-imaging/.share/download/t1/pytorch/build/aten/src/ATen/core/TensorBody.h:368:7: note: declared here
   T * data() const {
       ^~~~
[ 94%] Linking CXX executable ../../../bin/ProcessGroupMPITest
[ 94%] Built target ProcessGroupMPITest
Scanning dependencies of target caffe2_detectron_ops_gpu
[ 94%] Linking CXX executable ../bin/test_tensorexpr
[ 94%] Linking CXX shared library ../lib/libprocess_group_agent.so
[ 94%] Built target test_tensorexpr
[ 94%] Built target process_group_agent
Scanning dependencies of target test_cpp_rpc
[ 94%] Linking CXX executable ../../../bin/TCPStoreTest
[ 94%] Built target TCPStoreTest
Scanning dependencies of target c10d_cuda_test
[ 94%] Linking CXX shared library ../../../lib/libc10d_cuda_test.so
[ 94%] Built target c10d_cuda_test
Scanning dependencies of target ProcessGroupGlooAsyncTest
Scanning dependencies of target ProcessGroupNCCLTest
Scanning dependencies of target ProcessGroupGlooTest
Scanning dependencies of target ProcessGroupNCCLErrorsTest
[ 94%] Building CXX object caffe2/lib_c10d/test/CMakeFiles/ProcessGroupNCCLTest.dir/ProcessGroupNCCLTest.cpp.o
[ 94%] Building CXX object caffe2/lib_c10d/test/CMakeFiles/ProcessGroupGlooAsyncTest.dir/ProcessGroupGlooAsyncTest.cpp.o
[ 94%] Building CXX object caffe2/lib_c10d/test/CMakeFiles/ProcessGroupGlooTest.dir/ProcessGroupGlooTest.cpp.o
[ 94%] Building CXX object caffe2/lib_c10d/test/CMakeFiles/ProcessGroupNCCLErrorsTest.dir/ProcessGroupNCCLErrorsTest.cpp.o
[ 94%] Building CXX object test_cpp_rpc/CMakeFiles/test_cpp_rpc.dir/__/common/main.cpp.o
[ 94%] Building CXX object test_cpp_rpc/CMakeFiles/test_cpp_rpc.dir/test_wire_serialization.cpp.o
[ 94%] Building CXX object test_cpp_rpc/CMakeFiles/test_cpp_rpc.dir/test_tensorpipe_serialization.cpp.o
[ 94%] Building CXX object test_cpp_rpc/CMakeFiles/test_cpp_rpc.dir/test_e2e_process_group.cpp.o
[ 94%] Building CXX object modules/detectron/CMakeFiles/caffe2_detectron_ops_gpu.dir/group_spatial_softmax_op.cc.o
[ 94%] Building CXX object modules/detectron/CMakeFiles/caffe2_detectron_ops_gpu.dir/ps_roi_pool_op.cc.o
[ 94%] Building CXX object modules/detectron/CMakeFiles/caffe2_detectron_ops_gpu.dir/roi_pool_f_op.cc.o
[ 94%] Building CXX object modules/detectron/CMakeFiles/caffe2_detectron_ops_gpu.dir/sample_as_op.cc.o
[ 94%] Building CXX object modules/detectron/CMakeFiles/caffe2_detectron_ops_gpu.dir/select_smooth_l1_loss_op.cc.o
[ 94%] Building CXX object modules/detectron/CMakeFiles/caffe2_detectron_ops_gpu.dir/sigmoid_cross_entropy_loss_op.cc.o
[ 94%] Building CXX object modules/detectron/CMakeFiles/caffe2_detectron_ops_gpu.dir/smooth_l1_loss_op.cc.o
[ 94%] Building CXX object modules/detectron/CMakeFiles/caffe2_detectron_ops_gpu.dir/sigmoid_focal_loss_op.cc.o
[ 94%] Building CXX object modules/detectron/CMakeFiles/caffe2_detectron_ops_gpu.dir/spatial_narrow_as_op.cc.o
[ 94%] Building CXX object modules/detectron/CMakeFiles/caffe2_detectron_ops_gpu.dir/softmax_focal_loss_op.cc.o
[ 94%] Building CXX object modules/detectron/CMakeFiles/caffe2_detectron_ops_gpu.dir/upsample_nearest_op.cc.o
In file included from /castles/nr/projects/d/duanj-ai-in-medical-imaging/.share/download/t1/pytorch/third_party/googletest/googletest/include/gtest/gtest.h:59,
                 from /castles/nr/projects/d/duanj-ai-in-medical-imaging/.share/download/t1/pytorch/test/cpp/api/tensor.cpp:1:
/castles/nr/projects/d/duanj-ai-in-medical-imaging/.share/download/t1/pytorch/test/cpp/api/tensor.cpp: In function ‘void test_TorchTensorCtorSingleDimFloatingType_expected_dtype(c10::ScalarType)’:
/castles/nr/projects/d/duanj-ai-in-medical-imaging/.share/download/t1/pytorch/test/cpp/api/tensor.cpp:427:34: warning: ‘bool at::Tensor::is_variable() const’ is deprecated: Tensor.is_variable() is deprecated; everything is a variable now. (If you want to assert that variable has been appropriately handled already, use at::impl::variable_excluded_from_dispatch()) [-Wdeprecated-declarations]
   ASSERT_TRUE(tensor.is_variable());
                                  ^
In file included from /castles/nr/projects/d/duanj-ai-in-medical-imaging/.share/download/t1/pytorch/aten/src/ATen/TensorIndexing.h:4,
                 from /castles/nr/projects/d/duanj-ai-in-medical-imaging/.share/download/t1/pytorch/test/cpp/api/support.h:8,
                 from /castles/nr/projects/d/duanj-ai-in-medical-imaging/.share/download/t1/pytorch/test/cpp/api/tensor.cpp:2:
/castles/nr/projects/d/duanj-ai-in-medical-imaging/.share/download/t1/pytorch/build/aten/src/ATen/core/TensorBody.h:306:8: note: declared here
   bool is_variable() const noexcept {
        ^~~~~~~~~~~
In file included from /castles/nr/projects/d/duanj-ai-in-medical-imaging/.share/download/t1/pytorch/third_party/googletest/googletest/include/gtest/gtest.h:59,
                 from /castles/nr/projects/d/duanj-ai-in-medical-imaging/.share/download/t1/pytorch/test/cpp/api/tensor.cpp:1:
/castles/nr/projects/d/duanj-ai-in-medical-imaging/.share/download/t1/pytorch/test/cpp/api/tensor.cpp:436:34: warning: ‘bool at::Tensor::is_variable() const’ is deprecated: Tensor.is_variable() is deprecated; everything is a variable now. (If you want to assert that variable has been appropriately handled already, use at::impl::variable_excluded_from_dispatch()) [-Wdeprecated-declarations]
   ASSERT_TRUE(tensor.is_variable());
                                  ^
In file included from /castles/nr/projects/d/duanj-ai-in-medical-imaging/.share/download/t1/pytorch/aten/src/ATen/TensorIndexing.h:4,
                 from /castles/nr/projects/d/duanj-ai-in-medical-imaging/.share/download/t1/pytorch/test/cpp/api/support.h:8,
                 from /castles/nr/projects/d/duanj-ai-in-medical-imaging/.share/download/t1/pytorch/test/cpp/api/tensor.cpp:2:
/castles/nr/projects/d/duanj-ai-in-medical-imaging/.share/download/t1/pytorch/build/aten/src/ATen/core/TensorBody.h:306:8: note: declared here
   bool is_variable() const noexcept {
        ^~~~~~~~~~~
In file included from /castles/nr/projects/d/duanj-ai-in-medical-imaging/.share/download/t1/pytorch/third_party/googletest/googletest/include/gtest/gtest.h:59,
                 from /castles/nr/projects/d/duanj-ai-in-medical-imaging/.share/download/t1/pytorch/test/cpp/api/tensor.cpp:1:
/castles/nr/projects/d/duanj-ai-in-medical-imaging/.share/download/t1/pytorch/test/cpp/api/tensor.cpp:444:34: warning: ‘bool at::Tensor::is_variable() const’ is deprecated: Tensor.is_variable() is deprecated; everything is a variable now. (If you want to assert that variable has been appropriately handled already, use at::impl::variable_excluded_from_dispatch()) [-Wdeprecated-declarations]
   ASSERT_TRUE(tensor.is_variable());
                                  ^
In file included from /castles/nr/projects/d/duanj-ai-in-medical-imaging/.share/download/t1/pytorch/aten/src/ATen/TensorIndexing.h:4,
                 from /castles/nr/projects/d/duanj-ai-in-medical-imaging/.share/download/t1/pytorch/test/cpp/api/support.h:8,
                 from /castles/nr/projects/d/duanj-ai-in-medical-imaging/.share/download/t1/pytorch/test/cpp/api/tensor.cpp:2:
/castles/nr/projects/d/duanj-ai-in-medical-imaging/.share/download/t1/pytorch/build/aten/src/ATen/core/TensorBody.h:306:8: note: declared here
   bool is_variable() const noexcept {
        ^~~~~~~~~~~
[ 94%] Linking CXX executable ../../../bin/ProcessGroupNCCLTest
[ 94%] Built target ProcessGroupNCCLTest
[ 94%] Linking CXX executable ../bin/test_jit
[ 94%] Built target test_jit
[ 94%] Linking CXX executable ../../../bin/ProcessGroupGlooAsyncTest
[ 94%] Built target ProcessGroupGlooAsyncTest
[ 94%] Linking CXX executable ../../../bin/ProcessGroupNCCLErrorsTest
[ 94%] Built target ProcessGroupNCCLErrorsTest
[ 94%] Linking CXX executable ../../../bin/ProcessGroupGlooTest
[ 94%] Built target ProcessGroupGlooTest
[ 94%] Linking CXX shared library ../../lib/libcaffe2_detectron_ops_gpu.so
[ 94%] Built target caffe2_detectron_ops_gpu
[ 94%] Building CXX object caffe2/torch/CMakeFiles/torch_python.dir/csrc/autograd/generated/python_functions.cpp.o
[ 94%] Building CXX object caffe2/torch/CMakeFiles/torch_python.dir/csrc/autograd/generated/python_torch_functions.cpp.o
[ 94%] Building CXX object caffe2/torch/CMakeFiles/torch_python.dir/csrc/CudaIPCTypes.cpp.o
[ 94%] Building CXX object caffe2/torch/CMakeFiles/torch_python.dir/csrc/autograd/generated/python_variable_methods.cpp.o
[ 94%] Building CXX object caffe2/torch/CMakeFiles/torch_python.dir/csrc/autograd/generated/python_nn_functions.cpp.o
[ 94%] Building CXX object caffe2/torch/CMakeFiles/torch_python.dir/csrc/DataLoader.cpp.o
[ 94%] Building CXX object caffe2/torch/CMakeFiles/torch_python.dir/csrc/DynamicTypes.cpp.o
[ 94%] Building CXX object caffe2/torch/CMakeFiles/torch_python.dir/csrc/Layout.cpp.o
[ 94%] Building CXX object caffe2/torch/CMakeFiles/torch_python.dir/csrc/Dtype.cpp.o
[ 94%] Building CXX object caffe2/torch/CMakeFiles/torch_python.dir/csrc/QScheme.cpp.o
[ 94%] Building CXX object caffe2/torch/CMakeFiles/torch_python.dir/csrc/Exceptions.cpp.o
[ 94%] Building CXX object caffe2/torch/CMakeFiles/torch_python.dir/csrc/Generator.cpp.o
[ 94%] Building CXX object caffe2/torch/CMakeFiles/torch_python.dir/csrc/TypeInfo.cpp.o
[ 94%] Building CXX object caffe2/torch/CMakeFiles/torch_python.dir/csrc/python_dimname.cpp.o
[ 94%] Building CXX object caffe2/torch/CMakeFiles/torch_python.dir/csrc/Module.cpp.o
[ 94%] Building CXX object caffe2/torch/CMakeFiles/torch_python.dir/csrc/Device.cpp.o
[ 94%] Building CXX object caffe2/torch/CMakeFiles/torch_python.dir/csrc/PtrWrapper.cpp.o
[ 94%] Building CXX object caffe2/torch/CMakeFiles/torch_python.dir/csrc/MemoryFormat.cpp.o
[ 94%] Building CXX object caffe2/torch/CMakeFiles/torch_python.dir/csrc/Storage.cpp.o
[ 95%] Building CXX object caffe2/torch/CMakeFiles/torch_python.dir/csrc/Size.cpp.o
[ 95%] Building CXX object caffe2/torch/CMakeFiles/torch_python.dir/csrc/api/src/python/init.cpp.o
[ 95%] Building CXX object caffe2/torch/CMakeFiles/torch_python.dir/csrc/autograd/python_anomaly_mode.cpp.o
[ 95%] Building CXX object caffe2/torch/CMakeFiles/torch_python.dir/csrc/autograd/init.cpp.o
[ 95%] Building CXX object caffe2/torch/CMakeFiles/torch_python.dir/csrc/autograd/functions/init.cpp.o
[ 95%] Building CXX object caffe2/torch/CMakeFiles/torch_python.dir/csrc/autograd/python_engine.cpp.o
[ 95%] Building CXX object caffe2/torch/CMakeFiles/torch_python.dir/csrc/autograd/python_variable.cpp.o
[ 95%] Building CXX object caffe2/torch/CMakeFiles/torch_python.dir/csrc/autograd/python_legacy_variable.cpp.o
[ 95%] Building CXX object caffe2/torch/CMakeFiles/torch_python.dir/csrc/autograd/python_variable_indexing.cpp.o
[ 95%] Building CXX object caffe2/torch/CMakeFiles/torch_python.dir/csrc/jit/backends/backend_resolver.cpp.o
[ 95%] Building CXX object caffe2/torch/CMakeFiles/torch_python.dir/csrc/jit/passes/onnx/cast_all_constant_to_floating.cpp.o
[ 95%] Building CXX object caffe2/torch/CMakeFiles/torch_python.dir/csrc/jit/passes/onnx.cpp.o
[ 95%] Building CXX object caffe2/torch/CMakeFiles/torch_python.dir/csrc/jit/python/init.cpp.o
[ 95%] Building CXX object caffe2/torch/CMakeFiles/torch_python.dir/csrc/jit/passes/onnx/fixup_onnx_loop.cpp.o
[ 95%] Building CXX object caffe2/torch/CMakeFiles/torch_python.dir/csrc/jit/passes/onnx/eval_peephole.cpp.o
[ 95%] Building CXX object caffe2/torch/CMakeFiles/torch_python.dir/csrc/jit/passes/onnx/peephole.cpp.o
[ 95%] Building CXX object caffe2/torch/CMakeFiles/torch_python.dir/csrc/jit/passes/onnx/fixup_onnx_conditionals.cpp.o
[ 95%] Building CXX object caffe2/torch/CMakeFiles/torch_python.dir/csrc/jit/passes/onnx/function_substitution.cpp.o
[ 95%] Building CXX object caffe2/torch/CMakeFiles/torch_python.dir/csrc/jit/passes/onnx/prepare_division_for_onnx.cpp.o
[ 95%] Building CXX object caffe2/torch/CMakeFiles/torch_python.dir/csrc/jit/passes/onnx/helper.cpp.o
[ 95%] Building CXX object caffe2/torch/CMakeFiles/torch_python.dir/csrc/autograd/python_function.cpp.o
[ 95%] Building CXX object caffe2/torch/CMakeFiles/torch_python.dir/csrc/jit/passes/onnx/unpack_quantized_weights.cpp.o
[ 95%] Building CXX object caffe2/torch/CMakeFiles/torch_python.dir/csrc/jit/python/python_arg_flatten.cpp.o
[ 95%] Building CXX object caffe2/torch/CMakeFiles/torch_python.dir/csrc/jit/passes/onnx/prepare_inplace_ops_for_onnx.cpp.o
[ 95%] Building CXX object caffe2/torch/CMakeFiles/torch_python.dir/csrc/jit/python/python_custom_class.cpp.o
[ 95%] Building CXX object caffe2/torch/CMakeFiles/torch_python.dir/csrc/jit/passes/onnx/scalar_type_analysis.cpp.o
[ 95%] Building CXX object caffe2/torch/CMakeFiles/torch_python.dir/csrc/jit/passes/onnx/constant_fold.cpp.o
[ 95%] Building CXX object caffe2/torch/CMakeFiles/torch_python.dir/csrc/jit/python/python_interpreter.cpp.o
[ 95%] Building CXX object caffe2/torch/CMakeFiles/torch_python.dir/csrc/jit/python/script_init.cpp.o
[ 95%] Building CXX object caffe2/torch/CMakeFiles/torch_python.dir/csrc/autograd/python_cpp_function.cpp.o
[ 95%] Building CXX object caffe2/torch/CMakeFiles/torch_python.dir/csrc/autograd/python_hook.cpp.o
[ 95%] Building CXX object caffe2/torch/CMakeFiles/torch_python.dir/csrc/jit/python/python_ir.cpp.o
[ 95%] Building CXX object caffe2/torch/CMakeFiles/torch_python.dir/csrc/jit/frontend/concrete_module_type.cpp.o
[ 95%] Building CXX object caffe2/torch/CMakeFiles/torch_python.dir/csrc/jit/python/python_sugared_value.cpp.o
[ 95%] Building CXX object caffe2/torch/CMakeFiles/torch_python.dir/csrc/jit/python/python_tree_views.cpp.o
[ 95%] Building CXX object caffe2/torch/CMakeFiles/torch_python.dir/csrc/jit/backends/backend_init.cpp.o
[ 95%] Building CXX object caffe2/torch/CMakeFiles/torch_python.dir/csrc/multiprocessing/init.cpp.o
[ 96%] Building CXX object caffe2/torch/CMakeFiles/torch_python.dir/csrc/jit/python/python_tracer.cpp.o
[ 96%] Building CXX object caffe2/torch/CMakeFiles/torch_python.dir/csrc/serialization.cpp.o
[ 96%] Building CXX object caffe2/torch/CMakeFiles/torch_python.dir/csrc/onnx/init.cpp.o
[ 96%] Building CXX object caffe2/torch/CMakeFiles/torch_python.dir/csrc/tensor/python_tensor.cpp.o
[ 96%] Building CXX object caffe2/torch/CMakeFiles/torch_python.dir/csrc/utils/init.cpp.o
[ 96%] Building CXX object caffe2/torch/CMakeFiles/torch_python.dir/csrc/utils.cpp.o
[ 96%] Building CXX object caffe2/torch/CMakeFiles/torch_python.dir/csrc/utils/cuda_lazy_init.cpp.o
[ 96%] Building CXX object caffe2/torch/CMakeFiles/torch_python.dir/csrc/utils/invalid_arguments.cpp.o
[ 96%] Building CXX object caffe2/torch/CMakeFiles/torch_python.dir/csrc/utils/object_ptr.cpp.o
[ 96%] Building CXX object caffe2/torch/CMakeFiles/torch_python.dir/csrc/utils/python_arg_parser.cpp.o
[ 96%] Building CXX object caffe2/torch/CMakeFiles/torch_python.dir/csrc/utils/python_dispatch.cpp.o
[ 96%] Building CXX object caffe2/torch/CMakeFiles/torch_python.dir/csrc/utils/structseq.cpp.o
[ 96%] Building CXX object caffe2/torch/CMakeFiles/torch_python.dir/csrc/utils/throughput_benchmark.cpp.o
[ 96%] Building CXX object caffe2/torch/CMakeFiles/torch_python.dir/csrc/utils/tensor_layouts.cpp.o
[ 96%] Building CXX object caffe2/torch/CMakeFiles/torch_python.dir/csrc/utils/tensor_apply.cpp.o
[ 96%] Building CXX object caffe2/torch/CMakeFiles/torch_python.dir/csrc/utils/tensor_memoryformats.cpp.o
[ 96%] Building CXX object caffe2/torch/CMakeFiles/torch_python.dir/csrc/utils/tensor_qschemes.cpp.o
[ 96%] Building CXX object caffe2/torch/CMakeFiles/torch_python.dir/csrc/utils/tensor_types.cpp.o
[ 96%] Building CXX object caffe2/torch/CMakeFiles/torch_python.dir/csrc/utils/tensor_new.cpp.o
[ 96%] Building CXX object caffe2/torch/CMakeFiles/torch_python.dir/csrc/utils/tensor_list.cpp.o
[ 96%] Building CXX object caffe2/torch/CMakeFiles/torch_python.dir/csrc/utils/tensor_numpy.cpp.o
[ 96%] Building CXX object caffe2/torch/CMakeFiles/torch_python.dir/__/test/cpp/jit/torch_python_test.cpp.o
[ 96%] Building CXX object caffe2/torch/CMakeFiles/torch_python.dir/csrc/utils/tensor_dtypes.cpp.o
[ 96%] Building CXX object caffe2/torch/CMakeFiles/torch_python.dir/__/test/cpp/tensorexpr/test_aten.cpp.o
[ 96%] Building CXX object caffe2/torch/CMakeFiles/torch_python.dir/__/test/cpp/tensorexpr/test_cuda.cpp.o
[ 96%] Building CXX object caffe2/torch/CMakeFiles/torch_python.dir/__/test/cpp/tensorexpr/test_expr.cpp.o
[ 96%] Building CXX object caffe2/torch/CMakeFiles/torch_python.dir/__/test/cpp/tensorexpr/test_ir_printer.cpp.o
[ 96%] Building CXX object caffe2/torch/CMakeFiles/torch_python.dir/__/test/cpp/tensorexpr/test_kernel.cpp.o
[ 96%] Building CXX object caffe2/torch/CMakeFiles/torch_python.dir/__/test/cpp/tensorexpr/test_loopnest.cpp.o
[ 97%] Building CXX object caffe2/torch/CMakeFiles/torch_python.dir/__/test/cpp/tensorexpr/test_reductions.cpp.o
[ 97%] Building CXX object caffe2/torch/CMakeFiles/torch_python.dir/__/test/cpp/tensorexpr/test_simplify.cpp.o
[ 97%] Building CXX object caffe2/torch/CMakeFiles/torch_python.dir/__/test/cpp/tensorexpr/test_te_fuser_pass.cpp.o
[ 97%] Building CXX object caffe2/torch/CMakeFiles/torch_python.dir/__/test/cpp/tensorexpr/test_type.cpp.o
[ 97%] Building CXX object caffe2/torch/CMakeFiles/torch_python.dir/__/test/cpp/tensorexpr/padded_buffer.cpp.o
[ 97%] Building CXX object caffe2/torch/CMakeFiles/torch_python.dir/__/test/cpp/jit/test_alias_analysis.cpp.o
[ 97%] Building CXX object caffe2/torch/CMakeFiles/torch_python.dir/__/test/cpp/jit/test_argument_spec.cpp.o
[ 97%] Building CXX object caffe2/torch/CMakeFiles/torch_python.dir/__/test/cpp/jit/test_autodiff.cpp.o
[ 97%] Building CXX object caffe2/torch/CMakeFiles/torch_python.dir/__/test/cpp/jit/test_backend.cpp.o
[ 97%] Building CXX object caffe2/torch/CMakeFiles/torch_python.dir/__/test/cpp/jit/test_base.cpp.o
[ 97%] Building CXX object caffe2/torch/CMakeFiles/torch_python.dir/__/test/cpp/jit/test_class_import.cpp.o
[ 97%] Building CXX object caffe2/torch/CMakeFiles/torch_python.dir/__/test/cpp/jit/test_class_parser.cpp.o
[ 97%] Building CXX object caffe2/torch/CMakeFiles/torch_python.dir/__/test/cpp/jit/test_code_template.cpp.o
[ 97%] Building CXX object caffe2/torch/CMakeFiles/torch_python.dir/__/test/cpp/jit/test_class_type.cpp.o
[ 97%] Building CXX object caffe2/torch/CMakeFiles/torch_python.dir/__/test/cpp/jit/test_constant_pooling.cpp.o
[ 97%] Building CXX object caffe2/torch/CMakeFiles/torch_python.dir/__/test/cpp/jit/test_cleanup_passes.cpp.o
[ 97%] Building CXX object caffe2/torch/CMakeFiles/torch_python.dir/__/test/cpp/jit/test_create_autodiff_subgraphs.cpp.o
[ 97%] Building CXX object caffe2/torch/CMakeFiles/torch_python.dir/__/test/cpp/jit/test_custom_class.cpp.o
[ 97%] Building CXX object caffe2/torch/CMakeFiles/torch_python.dir/__/test/cpp/jit/test_custom_operators.cpp.o
[ 97%] Building CXX object caffe2/torch/CMakeFiles/torch_python.dir/__/test/cpp/jit/test_dce.cpp.o
[ 97%] Building CXX object caffe2/torch/CMakeFiles/torch_python.dir/__/test/cpp/jit/test_fuser.cpp.o
[ 97%] Building CXX object caffe2/torch/CMakeFiles/torch_python.dir/__/test/cpp/jit/test_graph_executor.cpp.o
[ 97%] Building CXX object caffe2/torch/CMakeFiles/torch_python.dir/__/test/cpp/jit/test_inliner.cpp.o
[ 97%] Building CXX object caffe2/torch/CMakeFiles/torch_python.dir/__/test/cpp/jit/test_interface.cpp.o
[ 97%] Building CXX object caffe2/torch/CMakeFiles/torch_python.dir/__/test/cpp/jit/test_ir.cpp.o
[ 97%] Building CXX object caffe2/torch/CMakeFiles/torch_python.dir/__/test/cpp/jit/test_interpreter.cpp.o
[ 97%] Building CXX object caffe2/torch/CMakeFiles/torch_python.dir/__/test/cpp/jit/test_irparser.cpp.o
[ 97%] Building CXX object caffe2/torch/CMakeFiles/torch_python.dir/__/test/cpp/jit/test_jit_type.cpp.o
[ 97%] Building CXX object caffe2/torch/CMakeFiles/torch_python.dir/__/test/cpp/jit/test_lite_interpreter.cpp.o
[ 97%] Building CXX object caffe2/torch/CMakeFiles/torch_python.dir/__/test/cpp/jit/test_lite_trainer.cpp.o
[ 97%] Building CXX object caffe2/torch/CMakeFiles/torch_python.dir/__/test/cpp/jit/test_misc.cpp.o
[ 97%] Building CXX object caffe2/torch/CMakeFiles/torch_python.dir/__/test/cpp/jit/test_module_api.cpp.o
[ 97%] Building CXX object caffe2/torch/CMakeFiles/torch_python.dir/__/test/cpp/jit/test_peephole_optimize.cpp.o
[ 98%] Building CXX object caffe2/torch/CMakeFiles/torch_python.dir/__/test/cpp/jit/test_qualified_name.cpp.o
[ 98%] Building CXX object caffe2/torch/CMakeFiles/torch_python.dir/__/test/cpp/jit/test_save_load.cpp.o
[ 98%] Building CXX object caffe2/torch/CMakeFiles/torch_python.dir/__/test/cpp/jit/test_mobile_type_parser.cpp.o
[ 98%] Building CXX object caffe2/torch/CMakeFiles/torch_python.dir/__/test/cpp/jit/test_subgraph_matcher.cpp.o
[ 98%] Building CXX object caffe2/torch/CMakeFiles/torch_python.dir/__/test/cpp/jit/test_schema_matching.cpp.o
[ 98%] Building CXX object caffe2/torch/CMakeFiles/torch_python.dir/__/test/cpp/jit/test_subgraph_rewriter.cpp.o
[ 98%] Building CXX object caffe2/torch/CMakeFiles/torch_python.dir/__/test/cpp/jit/test_subgraph_utils.cpp.o
[ 98%] Building CXX object caffe2/torch/CMakeFiles/torch_python.dir/__/test/cpp/jit/test_utils.cpp.o
[ 98%] Building CXX object caffe2/torch/CMakeFiles/torch_python.dir/csrc/cuda/Event.cpp.o
[ 98%] Building CXX object caffe2/torch/CMakeFiles/torch_python.dir/__/test/cpp/jit/test_gpu.cpp.o
[ 98%] Building CXX object caffe2/torch/CMakeFiles/torch_python.dir/csrc/cuda/Module.cpp.o
[ 98%] Building CXX object caffe2/torch/CMakeFiles/torch_python.dir/csrc/cuda/python_comm.cpp.o
[ 98%] Building CXX object caffe2/torch/CMakeFiles/torch_python.dir/csrc/cuda/Storage.cpp.o
[ 98%] Building CXX object caffe2/torch/CMakeFiles/torch_python.dir/csrc/cuda/serialization.cpp.o
[ 98%] Building CXX object caffe2/torch/CMakeFiles/torch_python.dir/csrc/cuda/Stream.cpp.o
[ 98%] Building CXX object caffe2/torch/CMakeFiles/torch_python.dir/csrc/cuda/shared/cudart.cpp.o
[ 98%] Building CXX object caffe2/torch/CMakeFiles/torch_python.dir/csrc/cuda/shared/nvtx.cpp.o
[ 98%] Building CXX object caffe2/torch/CMakeFiles/torch_python.dir/csrc/cuda/utils.cpp.o
[ 98%] Building CXX object caffe2/torch/CMakeFiles/torch_python.dir/csrc/cuda/shared/cudnn.cpp.o
[ 98%] Building CXX object caffe2/torch/CMakeFiles/torch_python.dir/csrc/distributed/autograd/init.cpp.o
[ 98%] Linking CXX executable ../bin/test_cpp_rpc
[ 98%] Built target test_cpp_rpc
[ 98%] Building CXX object caffe2/torch/CMakeFiles/torch_python.dir/csrc/distributed/c10d/comm.cpp.o
[ 98%] Building CXX object caffe2/torch/CMakeFiles/torch_python.dir/csrc/distributed/c10d/init.cpp.o
[ 98%] Building CXX object caffe2/torch/CMakeFiles/torch_python.dir/csrc/distributed/c10d/reducer.cpp.o
[ 98%] Building CXX object caffe2/torch/CMakeFiles/torch_python.dir/csrc/distributed/rpc/init.cpp.o
[ 98%] Building CXX object caffe2/torch/CMakeFiles/torch_python.dir/csrc/distributed/rpc/process_group_agent.cpp.o
[ 98%] Linking CXX executable ../bin/test_api
[ 98%] Built target test_api
[ 98%] Building CXX object caffe2/torch/CMakeFiles/torch_python.dir/csrc/distributed/rpc/py_rref.cpp.o
[ 98%] Building CXX object caffe2/torch/CMakeFiles/torch_python.dir/csrc/distributed/rpc/python_functions.cpp.o
[ 98%] Building CXX object caffe2/torch/CMakeFiles/torch_python.dir/csrc/distributed/rpc/python_rpc_handler.cpp.o
[ 98%] Building CXX object caffe2/torch/CMakeFiles/torch_python.dir/csrc/distributed/rpc/request_callback_impl.cpp.o
[ 98%] Building CXX object caffe2/torch/CMakeFiles/torch_python.dir/csrc/distributed/rpc/tensorpipe_agent.cpp.o
[ 98%] Building CXX object caffe2/torch/CMakeFiles/torch_python.dir/csrc/distributed/rpc/testing/faulty_process_group_agent.cpp.o
[ 98%] Building CXX object caffe2/torch/CMakeFiles/torch_python.dir/csrc/distributed/rpc/testing/init.cpp.o
[ 98%] Building CXX object caffe2/torch/CMakeFiles/torch_python.dir/csrc/distributed/rpc/unpickled_python_call.cpp.o
[ 98%] Building CXX object caffe2/torch/CMakeFiles/torch_python.dir/csrc/distributed/rpc/unpickled_python_remote_call.cpp.o
[ 98%] Building CXX object caffe2/torch/CMakeFiles/torch_python.dir/csrc/jit/runtime/register_distributed_ops.cpp.o
[100%] Building CXX object caffe2/torch/CMakeFiles/torch_python.dir/csrc/cuda/python_nccl.cpp.o
/castles/nr/projects/d/duanj-ai-in-medical-imaging/.share/download/t1/pytorch/torch/csrc/distributed/autograd/init.cpp:199:19: warning: cast between incompatible function types from ‘PyObject* (*)(PyObject*)’ {aka ‘_object* (*)(_object*)’} to ‘PyCFunction’ {aka ‘_object* (*)(_object*, _object*)’} [-Wcast-function-type]
      (PyCFunction)dist_autograd_init,
                   ^~~~~~~~~~~~~~~~~~
In file included from /castles/nr/projects/d/duanj-ai-in-medical-imaging/.share/download/t1/pytorch/torch/csrc/distributed/c10d/comm.cpp:8:
/castles/nr/projects/d/duanj-ai-in-medical-imaging/.share/download/t1/pytorch/torch/csrc/utils/tensor_flatten.h: In member function ‘at::DeprecatedTypeProperties& torch::utils::TensorGroup::type()’:
/castles/nr/projects/d/duanj-ai-in-medical-imaging/.share/download/t1/pytorch/torch/csrc/utils/tensor_flatten.h:36:28: warning: ‘at::DeprecatedTypeProperties& at::Tensor::type() const’ is deprecated: Tensor.type() is deprecated. Instead use Tensor.options(), which in many cases (e.g. in a constructor) is a drop-in replacement. If you were using data from type(), that is now available from Tensor itself, so instead of tensor.type().scalar_type(), use tensor.scalar_type() instead and instead of tensor.type().backend() use tensor.device(). [-Wdeprecated-declarations]
     return tensors[0].type();
                            ^
In file included from /castles/nr/projects/d/duanj-ai-in-medical-imaging/.share/download/t1/pytorch/aten/src/ATen/Tensor.h:3,
                 from /castles/nr/projects/d/duanj-ai-in-medical-imaging/.share/download/t1/pytorch/aten/src/ATen/Context.h:4,
                 from /castles/nr/projects/d/duanj-ai-in-medical-imaging/.share/download/t1/pytorch/aten/src/ATen/ATen.h:9,
                 from /castles/nr/projects/d/duanj-ai-in-medical-imaging/.share/download/t1/pytorch/torch/csrc/distributed/c10d/comm.h:5,
                 from /castles/nr/projects/d/duanj-ai-in-medical-imaging/.share/download/t1/pytorch/torch/csrc/distributed/c10d/comm.cpp:1:
/castles/nr/projects/d/duanj-ai-in-medical-imaging/.share/download/t1/pytorch/build/aten/src/ATen/core/TensorBody.h:282:30: note: declared here
   DeprecatedTypeProperties & type() const {
                              ^~~~
/castles/nr/projects/d/duanj-ai-in-medical-imaging/.share/download/t1/pytorch/torch/csrc/autograd/python_variable.cpp:594:52: warning: cast between incompatible function types from ‘int (*)(THPVariable*, PyObject*)’ {aka ‘int (*)(THPVariable*, _object*)’} to ‘setter’ {aka ‘int (*)(_object*, _object*, void*)’} [-Wcast-function-type]
   {"names", (getter)THPVariable_get_names, (setter)THPVariable_set_names, nullptr, nullptr},
                                                    ^~~~~~~~~~~~~~~~~~~~~
/castles/nr/projects/d/duanj-ai-in-medical-imaging/.share/download/t1/pytorch/torch/csrc/autograd/python_variable.cpp:607:32: warning: cast between incompatible function types from ‘PyObject* (*)(THPVariable*, PyObject*, PyObject*)’ {aka ‘_object* (*)(THPVariable*, _object*, _object*)’} to ‘PyCFunction’ {aka ‘_object* (*)(_object*, _object*)’} [-Wcast-function-type]
   {"as_subclass", (PyCFunction)THPVariable_as_subclass, METH_VARARGS | METH_KEYWORDS, nullptr},
                                ^~~~~~~~~~~~~~~~~~~~~~~
/castles/nr/projects/d/duanj-ai-in-medical-imaging/.share/download/t1/pytorch/torch/csrc/autograd/python_variable.cpp:608:35: warning: cast between incompatible function types from ‘PyObject* (*)(PyObject*, PyObject*, PyObject*)’ {aka ‘_object* (*)(_object*, _object*, _object*)’} to ‘PyCFunction’ {aka ‘_object* (*)(_object*, _object*)’} [-Wcast-function-type]
   {"_make_subclass", (PyCFunction)THPVariable_make_subclass, METH_STATIC | METH_VARARGS | METH_KEYWORDS, nullptr},
                                   ^~~~~~~~~~~~~~~~~~~~~~~~~
/castles/nr/projects/d/duanj-ai-in-medical-imaging/.share/download/t1/pytorch/torch/csrc/Module.cpp:577:33: warning: cast between incompatible function types from ‘PyObject* (*)(PyObject*)’ {aka ‘_object* (*)(_object*)’} to ‘PyCFunction’ {aka ‘_object* (*)(_object*, _object*)’} [-Wcast-function-type]
   {"_get_qengine", (PyCFunction)THPModule_qEngine, METH_NOARGS, nullptr},
                                 ^~~~~~~~~~~~~~~~~
/castles/nr/projects/d/duanj-ai-in-medical-imaging/.share/download/t1/pytorch/torch/csrc/Module.cpp:579:40: warning: cast between incompatible function types from ‘PyObject* (*)(PyObject*)’ {aka ‘_object* (*)(_object*)’} to ‘PyCFunction’ {aka ‘_object* (*)(_object*, _object*)’} [-Wcast-function-type]
   {"_supported_qengines", (PyCFunction)THPModule_supportedQEngines, METH_NOARGS, nullptr},
                                        ^~~~~~~~~~~~~~~~~~~~~~~~~~~
/castles/nr/projects/d/duanj-ai-in-medical-imaging/.share/download/t1/pytorch/torch/csrc/Module.cpp:580:40: warning: cast between incompatible function types from ‘PyObject* (*)(PyObject*)’ {aka ‘_object* (*)(_object*)’} to ‘PyCFunction’ {aka ‘_object* (*)(_object*, _object*)’} [-Wcast-function-type]
   {"_is_xnnpack_enabled", (PyCFunction)THPModule_isEnabledXNNPACK, METH_NOARGS, nullptr},
                                        ^~~~~~~~~~~~~~~~~~~~~~~~~~
/castles/nr/projects/d/duanj-ai-in-medical-imaging/.share/download/t1/pytorch/torch/csrc/distributed/c10d/init.cpp:807:33: warning: cast between incompatible function types from ‘PyObject* (*)(PyObject*)’ {aka ‘_object* (*)(_object*)’} to ‘PyCFunction’ {aka ‘_object* (*)(_object*, _object*)’} [-Wcast-function-type]
     {"_c10d_init", (PyCFunction)c10d_init, METH_NOARGS, nullptr},
                                 ^~~~~~~~~
/castles/nr/projects/d/duanj-ai-in-medical-imaging/.share/download/t1/pytorch/torch/csrc/distributed/rpc/init.cpp:764:32: warning: cast between incompatible function types from ‘PyObject* (*)(PyObject*)’ {aka ‘_object* (*)(_object*)’} to ‘PyCFunction’ {aka ‘_object* (*)(_object*, _object*)’} [-Wcast-function-type]
     {"_rpc_init", (PyCFunction)rpc_init, METH_NOARGS, nullptr},
                                ^~~~~~~~
/castles/nr/projects/d/duanj-ai-in-medical-imaging/.share/download/t1/pytorch/torch/csrc/distributed/rpc/testing/init.cpp:113:19: warning: cast between incompatible function types from ‘PyObject* (*)(PyObject*)’ {aka ‘_object* (*)(_object*)’} to ‘PyCFunction’ {aka ‘_object* (*)(_object*, _object*)’} [-Wcast-function-type]
      (PyCFunction)faulty_agent_init,
                   ^~~~~~~~~~~~~~~~~
[100%] Linking CXX shared library ../../lib/libtorch_python.so
[100%] Built target torch_python
Install the project...
-- Install configuration: "Release"
-- Set runtime path of "/castles/nr/projects/d/duanj-ai-in-medical-imaging/.share/download/t1/pytorch/torch/bin/protoc-3.11.4.0" to "$ORIGIN/../lib64"
-- Set runtime path of "/castles/nr/projects/d/duanj-ai-in-medical-imaging/.share/download/t1/pytorch/torch/lib/libtensorpipe.so" to "$ORIGIN"
-- Set runtime path of "/castles/nr/projects/d/duanj-ai-in-medical-imaging/.share/download/t1/pytorch/torch/lib64/libuv.so.1.0.0" to "$ORIGIN"
-- Set runtime path of "/castles/nr/projects/d/duanj-ai-in-medical-imaging/.share/download/t1/pytorch/torch/lib/libc10.so" to "$ORIGIN"
-- Set runtime path of "/castles/nr/projects/d/duanj-ai-in-medical-imaging/.share/download/t1/pytorch/torch/test/c10_CompileTimeFunctionPointer_test" to "$ORIGIN"
-- Set runtime path of "/castles/nr/projects/d/duanj-ai-in-medical-imaging/.share/download/t1/pytorch/torch/test/c10_DeviceGuard_test" to "$ORIGIN"
-- Set runtime path of "/castles/nr/projects/d/duanj-ai-in-medical-imaging/.share/download/t1/pytorch/torch/test/c10_DispatchKeySet_test" to "$ORIGIN"
-- Set runtime path of "/castles/nr/projects/d/duanj-ai-in-medical-imaging/.share/download/t1/pytorch/torch/test/c10_StreamGuard_test" to "$ORIGIN"
-- Set runtime path of "/castles/nr/projects/d/duanj-ai-in-medical-imaging/.share/download/t1/pytorch/torch/test/c10_InlineDeviceGuard_test" to "$ORIGIN"
-- Set runtime path of "/castles/nr/projects/d/duanj-ai-in-medical-imaging/.share/download/t1/pytorch/torch/test/c10_InlineStreamGuard_test" to "$ORIGIN"
-- Set runtime path of "/castles/nr/projects/d/duanj-ai-in-medical-imaging/.share/download/t1/pytorch/torch/test/c10_Array_test" to "$ORIGIN"
-- Set runtime path of "/castles/nr/projects/d/duanj-ai-in-medical-imaging/.share/download/t1/pytorch/torch/test/c10_Bitset_test" to "$ORIGIN"
-- Set runtime path of "/castles/nr/projects/d/duanj-ai-in-medical-imaging/.share/download/t1/pytorch/torch/test/c10_C++17_test" to "$ORIGIN"
-- Set runtime path of "/castles/nr/projects/d/duanj-ai-in-medical-imaging/.share/download/t1/pytorch/torch/test/c10_ConstexprCrc_test" to "$ORIGIN"
-- Set runtime path of "/castles/nr/projects/d/duanj-ai-in-medical-imaging/.share/download/t1/pytorch/torch/test/c10_Half_test" to "$ORIGIN"
-- Set runtime path of "/castles/nr/projects/d/duanj-ai-in-medical-imaging/.share/download/t1/pytorch/torch/test/c10_LeftRight_test" to "$ORIGIN"
-- Set runtime path of "/castles/nr/projects/d/duanj-ai-in-medical-imaging/.share/download/t1/pytorch/torch/test/c10_Metaprogramming_test" to "$ORIGIN"
-- Set runtime path of "/castles/nr/projects/d/duanj-ai-in-medical-imaging/.share/download/t1/pytorch/torch/test/c10_TypeIndex_test" to "$ORIGIN"
-- Set runtime path of "/castles/nr/projects/d/duanj-ai-in-medical-imaging/.share/download/t1/pytorch/torch/test/c10_TypeList_test" to "$ORIGIN"
-- Set runtime path of "/castles/nr/projects/d/duanj-ai-in-medical-imaging/.share/download/t1/pytorch/torch/test/c10_TypeTraits_test" to "$ORIGIN"
-- Set runtime path of "/castles/nr/projects/d/duanj-ai-in-medical-imaging/.share/download/t1/pytorch/torch/test/c10_bfloat16_test" to "$ORIGIN"
-- Set runtime path of "/castles/nr/projects/d/duanj-ai-in-medical-imaging/.share/download/t1/pytorch/torch/test/c10_complex_math_test" to "$ORIGIN"
-- Set runtime path of "/castles/nr/projects/d/duanj-ai-in-medical-imaging/.share/download/t1/pytorch/torch/test/c10_complex_test" to "$ORIGIN"
-- Set runtime path of "/castles/nr/projects/d/duanj-ai-in-medical-imaging/.share/download/t1/pytorch/torch/test/c10_either_test" to "$ORIGIN"
-- Set runtime path of "/castles/nr/projects/d/duanj-ai-in-medical-imaging/.share/download/t1/pytorch/torch/test/c10_exception_test" to "$ORIGIN"
-- Set runtime path of "/castles/nr/projects/d/duanj-ai-in-medical-imaging/.share/download/t1/pytorch/torch/test/c10_flags_test" to "$ORIGIN"
-- Set runtime path of "/castles/nr/projects/d/duanj-ai-in-medical-imaging/.share/download/t1/pytorch/torch/test/c10_intrusive_ptr_test" to "$ORIGIN"
-- Set runtime path of "/castles/nr/projects/d/duanj-ai-in-medical-imaging/.share/download/t1/pytorch/torch/test/c10_logging_test" to "$ORIGIN"
-- Set runtime path of "/castles/nr/projects/d/duanj-ai-in-medical-imaging/.share/download/t1/pytorch/torch/test/c10_ordered_preserving_dict_test" to "$ORIGIN"
-- Set runtime path of "/castles/nr/projects/d/duanj-ai-in-medical-imaging/.share/download/t1/pytorch/torch/test/c10_registry_test" to "$ORIGIN"
-- Set runtime path of "/castles/nr/projects/d/duanj-ai-in-medical-imaging/.share/download/t1/pytorch/torch/test/c10_string_view_test" to "$ORIGIN"
-- Set runtime path of "/castles/nr/projects/d/duanj-ai-in-medical-imaging/.share/download/t1/pytorch/torch/test/c10_tempfile_test" to "$ORIGIN"
-- Set runtime path of "/castles/nr/projects/d/duanj-ai-in-medical-imaging/.share/download/t1/pytorch/torch/test/c10_typeid_test" to "$ORIGIN"
-- Set runtime path of "/castles/nr/projects/d/duanj-ai-in-medical-imaging/.share/download/t1/pytorch/torch/test/c10_intrusive_ptr_benchmark" to "$ORIGIN"
-- Set runtime path of "/castles/nr/projects/d/duanj-ai-in-medical-imaging/.share/download/t1/pytorch/torch/lib/libc10_cuda.so" to "$ORIGIN"
-- Set runtime path of "/castles/nr/projects/d/duanj-ai-in-medical-imaging/.share/download/t1/pytorch/torch/test/c10_cuda_CUDATest" to "$ORIGIN"
-- Set runtime path of "/castles/nr/projects/d/duanj-ai-in-medical-imaging/.share/download/t1/pytorch/torch/lib/libcaffe2_nvrtc.so" to "$ORIGIN"
-- Set runtime path of "/castles/nr/projects/d/duanj-ai-in-medical-imaging/.share/download/t1/pytorch/torch/lib/libtorch_cpu.so" to "$ORIGIN"
-- Set runtime path of "/castles/nr/projects/d/duanj-ai-in-medical-imaging/.share/download/t1/pytorch/torch/lib/libtorch_cuda.so" to "$ORIGIN:/rds/bear-apps/2019b/EL7-power9/software/cuDNN/7.6.4.38-gcccuda-2019b/lib"
-- Set runtime path of "/castles/nr/projects/d/duanj-ai-in-medical-imaging/.share/download/t1/pytorch/torch/lib/libtorch.so" to "$ORIGIN:/rds/bear-apps/2019b/EL7-power9/software/cuDNN/7.6.4.38-gcccuda-2019b/lib"
-- Set runtime path of "/castles/nr/projects/d/duanj-ai-in-medical-imaging/.share/download/t1/pytorch/torch/lib/libtorch_global_deps.so" to "$ORIGIN:/rds/bear-apps/2019b/EL7-power9/software/cuDNN/7.6.4.38-gcccuda-2019b/lib"
-- Set runtime path of "/castles/nr/projects/d/duanj-ai-in-medical-imaging/.share/download/t1/pytorch/torch/test/scalar_test" to "$ORIGIN:/rds/bear-apps/2019b/EL7-power9/software/cuDNN/7.6.4.38-gcccuda-2019b/lib"
-- Set runtime path of "/castles/nr/projects/d/duanj-ai-in-medical-imaging/.share/download/t1/pytorch/torch/test/apply_utils_test" to "$ORIGIN:/rds/bear-apps/2019b/EL7-power9/software/cuDNN/7.6.4.38-gcccuda-2019b/lib"
-- Set runtime path of "/castles/nr/projects/d/duanj-ai-in-medical-imaging/.share/download/t1/pytorch/torch/test/basic" to "$ORIGIN:/rds/bear-apps/2019b/EL7-power9/software/cuDNN/7.6.4.38-gcccuda-2019b/lib"
-- Set runtime path of "/castles/nr/projects/d/duanj-ai-in-medical-imaging/.share/download/t1/pytorch/torch/test/atest" to "$ORIGIN:/rds/bear-apps/2019b/EL7-power9/software/cuDNN/7.6.4.38-gcccuda-2019b/lib"
-- Set runtime path of "/castles/nr/projects/d/duanj-ai-in-medical-imaging/.share/download/t1/pytorch/torch/test/Dimname_test" to "$ORIGIN:/rds/bear-apps/2019b/EL7-power9/software/cuDNN/7.6.4.38-gcccuda-2019b/lib"
-- Set runtime path of "/castles/nr/projects/d/duanj-ai-in-medical-imaging/.share/download/t1/pytorch/torch/test/Dict_test" to "$ORIGIN:/rds/bear-apps/2019b/EL7-power9/software/cuDNN/7.6.4.38-gcccuda-2019b/lib"
-- Set runtime path of "/castles/nr/projects/d/duanj-ai-in-medical-imaging/.share/download/t1/pytorch/torch/test/NamedTensor_test" to "$ORIGIN:/rds/bear-apps/2019b/EL7-power9/software/cuDNN/7.6.4.38-gcccuda-2019b/lib"
-- Set runtime path of "/castles/nr/projects/d/duanj-ai-in-medical-imaging/.share/download/t1/pytorch/torch/test/half_test" to "$ORIGIN:/rds/bear-apps/2019b/EL7-power9/software/cuDNN/7.6.4.38-gcccuda-2019b/lib"
-- Set runtime path of "/castles/nr/projects/d/duanj-ai-in-medical-imaging/.share/download/t1/pytorch/torch/test/broadcast_test" to "$ORIGIN:/rds/bear-apps/2019b/EL7-power9/software/cuDNN/7.6.4.38-gcccuda-2019b/lib"
-- Set runtime path of "/castles/nr/projects/d/duanj-ai-in-medical-imaging/.share/download/t1/pytorch/torch/test/wrapdim_test" to "$ORIGIN:/rds/bear-apps/2019b/EL7-power9/software/cuDNN/7.6.4.38-gcccuda-2019b/lib"
-- Set runtime path of "/castles/nr/projects/d/duanj-ai-in-medical-imaging/.share/download/t1/pytorch/torch/test/dlconvertor_test" to "$ORIGIN:/rds/bear-apps/2019b/EL7-power9/software/cuDNN/7.6.4.38-gcccuda-2019b/lib"
-- Set runtime path of "/castles/nr/projects/d/duanj-ai-in-medical-imaging/.share/download/t1/pytorch/torch/test/native_test" to "$ORIGIN:/rds/bear-apps/2019b/EL7-power9/software/cuDNN/7.6.4.38-gcccuda-2019b/lib"
-- Set runtime path of "/castles/nr/projects/d/duanj-ai-in-medical-imaging/.share/download/t1/pytorch/torch/test/scalar_tensor_test" to "$ORIGIN:/rds/bear-apps/2019b/EL7-power9/software/cuDNN/7.6.4.38-gcccuda-2019b/lib"
-- Set runtime path of "/castles/nr/projects/d/duanj-ai-in-medical-imaging/.share/download/t1/pytorch/torch/test/tensor_interop_test" to "$ORIGIN:/rds/bear-apps/2019b/EL7-power9/software/cuDNN/7.6.4.38-gcccuda-2019b/lib"
-- Set runtime path of "/castles/nr/projects/d/duanj-ai-in-medical-imaging/.share/download/t1/pytorch/torch/test/test_parallel" to "$ORIGIN:/rds/bear-apps/2019b/EL7-power9/software/cuDNN/7.6.4.38-gcccuda-2019b/lib"
-- Set runtime path of "/castles/nr/projects/d/duanj-ai-in-medical-imaging/.share/download/t1/pytorch/torch/test/undefined_tensor_test" to "$ORIGIN:/rds/bear-apps/2019b/EL7-power9/software/cuDNN/7.6.4.38-gcccuda-2019b/lib"
-- Set runtime path of "/castles/nr/projects/d/duanj-ai-in-medical-imaging/.share/download/t1/pytorch/torch/test/verify_api_visibility" to "$ORIGIN:/rds/bear-apps/2019b/EL7-power9/software/cuDNN/7.6.4.38-gcccuda-2019b/lib"
-- Set runtime path of "/castles/nr/projects/d/duanj-ai-in-medical-imaging/.share/download/t1/pytorch/torch/test/thread_init_test" to "$ORIGIN:/rds/bear-apps/2019b/EL7-power9/software/cuDNN/7.6.4.38-gcccuda-2019b/lib"
-- Set runtime path of "/castles/nr/projects/d/duanj-ai-in-medical-imaging/.share/download/t1/pytorch/torch/test/weakref_test" to "$ORIGIN:/rds/bear-apps/2019b/EL7-power9/software/cuDNN/7.6.4.38-gcccuda-2019b/lib"
-- Set runtime path of "/castles/nr/projects/d/duanj-ai-in-medical-imaging/.share/download/t1/pytorch/torch/test/quantized_test" to "$ORIGIN:/rds/bear-apps/2019b/EL7-power9/software/cuDNN/7.6.4.38-gcccuda-2019b/lib"
-- Set runtime path of "/castles/nr/projects/d/duanj-ai-in-medical-imaging/.share/download/t1/pytorch/torch/test/extension_backend_test" to "$ORIGIN:/rds/bear-apps/2019b/EL7-power9/software/cuDNN/7.6.4.38-gcccuda-2019b/lib"
-- Set runtime path of "/castles/nr/projects/d/duanj-ai-in-medical-imaging/.share/download/t1/pytorch/torch/test/xla_tensor_test" to "$ORIGIN:/rds/bear-apps/2019b/EL7-power9/software/cuDNN/7.6.4.38-gcccuda-2019b/lib"
-- Set runtime path of "/castles/nr/projects/d/duanj-ai-in-medical-imaging/.share/download/t1/pytorch/torch/test/tensor_iterator_test" to "$ORIGIN:/rds/bear-apps/2019b/EL7-power9/software/cuDNN/7.6.4.38-gcccuda-2019b/lib"
-- Set runtime path of "/castles/nr/projects/d/duanj-ai-in-medical-imaging/.share/download/t1/pytorch/torch/test/memory_overlapping_test" to "$ORIGIN:/rds/bear-apps/2019b/EL7-power9/software/cuDNN/7.6.4.38-gcccuda-2019b/lib"
-- Set runtime path of "/castles/nr/projects/d/duanj-ai-in-medical-imaging/.share/download/t1/pytorch/torch/test/cpu_generator_test" to "$ORIGIN:/rds/bear-apps/2019b/EL7-power9/software/cuDNN/7.6.4.38-gcccuda-2019b/lib"
-- Set runtime path of "/castles/nr/projects/d/duanj-ai-in-medical-imaging/.share/download/t1/pytorch/torch/test/pow_test" to "$ORIGIN:/rds/bear-apps/2019b/EL7-power9/software/cuDNN/7.6.4.38-gcccuda-2019b/lib"
-- Set runtime path of "/castles/nr/projects/d/duanj-ai-in-medical-imaging/.share/download/t1/pytorch/torch/test/variant_test" to "$ORIGIN:/rds/bear-apps/2019b/EL7-power9/software/cuDNN/7.6.4.38-gcccuda-2019b/lib"
-- Set runtime path of "/castles/nr/projects/d/duanj-ai-in-medical-imaging/.share/download/t1/pytorch/torch/test/reduce_ops_test" to "$ORIGIN:/rds/bear-apps/2019b/EL7-power9/software/cuDNN/7.6.4.38-gcccuda-2019b/lib"
-- Set runtime path of "/castles/nr/projects/d/duanj-ai-in-medical-imaging/.share/download/t1/pytorch/torch/test/memory_format_test" to "$ORIGIN:/rds/bear-apps/2019b/EL7-power9/software/cuDNN/7.6.4.38-gcccuda-2019b/lib"
-- Set runtime path of "/castles/nr/projects/d/duanj-ai-in-medical-imaging/.share/download/t1/pytorch/torch/test/cpu_rng_test" to "$ORIGIN:/rds/bear-apps/2019b/EL7-power9/software/cuDNN/7.6.4.38-gcccuda-2019b/lib"
-- Set runtime path of "/castles/nr/projects/d/duanj-ai-in-medical-imaging/.share/download/t1/pytorch/torch/test/ivalue_test" to "$ORIGIN:/rds/bear-apps/2019b/EL7-power9/software/cuDNN/7.6.4.38-gcccuda-2019b/lib"
-- Set runtime path of "/castles/nr/projects/d/duanj-ai-in-medical-imaging/.share/download/t1/pytorch/torch/test/vmap_test" to "$ORIGIN:/rds/bear-apps/2019b/EL7-power9/software/cuDNN/7.6.4.38-gcccuda-2019b/lib"
-- Set runtime path of "/castles/nr/projects/d/duanj-ai-in-medical-imaging/.share/download/t1/pytorch/torch/test/type_test" to "$ORIGIN:/rds/bear-apps/2019b/EL7-power9/software/cuDNN/7.6.4.38-gcccuda-2019b/lib"
-- Set runtime path of "/castles/nr/projects/d/duanj-ai-in-medical-imaging/.share/download/t1/pytorch/torch/test/List_test" to "$ORIGIN:/rds/bear-apps/2019b/EL7-power9/software/cuDNN/7.6.4.38-gcccuda-2019b/lib"
-- Set runtime path of "/castles/nr/projects/d/duanj-ai-in-medical-imaging/.share/download/t1/pytorch/torch/test/TensorImpl_test" to "$ORIGIN:/rds/bear-apps/2019b/EL7-power9/software/cuDNN/7.6.4.38-gcccuda-2019b/lib"
-- Set runtime path of "/castles/nr/projects/d/duanj-ai-in-medical-imaging/.share/download/t1/pytorch/torch/test/KernelFunction_test" to "$ORIGIN:/rds/bear-apps/2019b/EL7-power9/software/cuDNN/7.6.4.38-gcccuda-2019b/lib"
-- Set runtime path of "/castles/nr/projects/d/duanj-ai-in-medical-imaging/.share/download/t1/pytorch/torch/test/kernel_function_legacy_test" to "$ORIGIN:/rds/bear-apps/2019b/EL7-power9/software/cuDNN/7.6.4.38-gcccuda-2019b/lib"
-- Set runtime path of "/castles/nr/projects/d/duanj-ai-in-medical-imaging/.share/download/t1/pytorch/torch/test/kernel_function_test" to "$ORIGIN:/rds/bear-apps/2019b/EL7-power9/software/cuDNN/7.6.4.38-gcccuda-2019b/lib"
-- Set runtime path of "/castles/nr/projects/d/duanj-ai-in-medical-imaging/.share/download/t1/pytorch/torch/test/kernel_lambda_legacy_test" to "$ORIGIN:/rds/bear-apps/2019b/EL7-power9/software/cuDNN/7.6.4.38-gcccuda-2019b/lib"
-- Set runtime path of "/castles/nr/projects/d/duanj-ai-in-medical-imaging/.share/download/t1/pytorch/torch/test/kernel_lambda_test" to "$ORIGIN:/rds/bear-apps/2019b/EL7-power9/software/cuDNN/7.6.4.38-gcccuda-2019b/lib"
-- Set runtime path of "/castles/nr/projects/d/duanj-ai-in-medical-imaging/.share/download/t1/pytorch/torch/test/kernel_stackbased_test" to "$ORIGIN:/rds/bear-apps/2019b/EL7-power9/software/cuDNN/7.6.4.38-gcccuda-2019b/lib"
-- Set runtime path of "/castles/nr/projects/d/duanj-ai-in-medical-imaging/.share/download/t1/pytorch/torch/test/make_boxed_from_unboxed_functor_test" to "$ORIGIN:/rds/bear-apps/2019b/EL7-power9/software/cuDNN/7.6.4.38-gcccuda-2019b/lib"
-- Set runtime path of "/castles/nr/projects/d/duanj-ai-in-medical-imaging/.share/download/t1/pytorch/torch/test/CppSignature_test" to "$ORIGIN:/rds/bear-apps/2019b/EL7-power9/software/cuDNN/7.6.4.38-gcccuda-2019b/lib"
-- Set runtime path of "/castles/nr/projects/d/duanj-ai-in-medical-imaging/.share/download/t1/pytorch/torch/test/backend_fallback_test" to "$ORIGIN:/rds/bear-apps/2019b/EL7-power9/software/cuDNN/7.6.4.38-gcccuda-2019b/lib"
-- Set runtime path of "/castles/nr/projects/d/duanj-ai-in-medical-imaging/.share/download/t1/pytorch/torch/test/op_registration_test" to "$ORIGIN:/rds/bear-apps/2019b/EL7-power9/software/cuDNN/7.6.4.38-gcccuda-2019b/lib"
-- Set runtime path of "/castles/nr/projects/d/duanj-ai-in-medical-imaging/.share/download/t1/pytorch/torch/test/blob_test" to "$ORIGIN:/rds/bear-apps/2019b/EL7-power9/software/cuDNN/7.6.4.38-gcccuda-2019b/lib"
-- Set runtime path of "/castles/nr/projects/d/duanj-ai-in-medical-imaging/.share/download/t1/pytorch/torch/test/common_test" to "$ORIGIN:/rds/bear-apps/2019b/EL7-power9/software/cuDNN/7.6.4.38-gcccuda-2019b/lib"
-- Set runtime path of "/castles/nr/projects/d/duanj-ai-in-medical-imaging/.share/download/t1/pytorch/torch/test/context_test" to "$ORIGIN:/rds/bear-apps/2019b/EL7-power9/software/cuDNN/7.6.4.38-gcccuda-2019b/lib"
-- Set runtime path of "/castles/nr/projects/d/duanj-ai-in-medical-imaging/.share/download/t1/pytorch/torch/test/event_test" to "$ORIGIN:/rds/bear-apps/2019b/EL7-power9/software/cuDNN/7.6.4.38-gcccuda-2019b/lib"
-- Set runtime path of "/castles/nr/projects/d/duanj-ai-in-medical-imaging/.share/download/t1/pytorch/torch/test/graph_test" to "$ORIGIN:/rds/bear-apps/2019b/EL7-power9/software/cuDNN/7.6.4.38-gcccuda-2019b/lib"
-- Set runtime path of "/castles/nr/projects/d/duanj-ai-in-medical-imaging/.share/download/t1/pytorch/torch/test/init_test" to "$ORIGIN:/rds/bear-apps/2019b/EL7-power9/software/cuDNN/7.6.4.38-gcccuda-2019b/lib"
-- Set runtime path of "/castles/nr/projects/d/duanj-ai-in-medical-imaging/.share/download/t1/pytorch/torch/test/module_test" to "$ORIGIN:/rds/bear-apps/2019b/EL7-power9/software/cuDNN/7.6.4.38-gcccuda-2019b/lib"
-- Set runtime path of "/castles/nr/projects/d/duanj-ai-in-medical-imaging/.share/download/t1/pytorch/torch/test/net_async_tracing_test" to "$ORIGIN:/rds/bear-apps/2019b/EL7-power9/software/cuDNN/7.6.4.38-gcccuda-2019b/lib"
-- Set runtime path of "/castles/nr/projects/d/duanj-ai-in-medical-imaging/.share/download/t1/pytorch/torch/test/net_dag_utils_test" to "$ORIGIN:/rds/bear-apps/2019b/EL7-power9/software/cuDNN/7.6.4.38-gcccuda-2019b/lib"
-- Set runtime path of "/castles/nr/projects/d/duanj-ai-in-medical-imaging/.share/download/t1/pytorch/torch/test/net_simple_refcount_test" to "$ORIGIN:/rds/bear-apps/2019b/EL7-power9/software/cuDNN/7.6.4.38-gcccuda-2019b/lib"
-- Set runtime path of "/castles/nr/projects/d/duanj-ai-in-medical-imaging/.share/download/t1/pytorch/torch/test/net_test" to "$ORIGIN:/rds/bear-apps/2019b/EL7-power9/software/cuDNN/7.6.4.38-gcccuda-2019b/lib"
-- Set runtime path of "/castles/nr/projects/d/duanj-ai-in-medical-imaging/.share/download/t1/pytorch/torch/test/observer_test" to "$ORIGIN:/rds/bear-apps/2019b/EL7-power9/software/cuDNN/7.6.4.38-gcccuda-2019b/lib"
-- Set runtime path of "/castles/nr/projects/d/duanj-ai-in-medical-imaging/.share/download/t1/pytorch/torch/test/operator_schema_test" to "$ORIGIN:/rds/bear-apps/2019b/EL7-power9/software/cuDNN/7.6.4.38-gcccuda-2019b/lib"
-- Set runtime path of "/castles/nr/projects/d/duanj-ai-in-medical-imaging/.share/download/t1/pytorch/torch/test/operator_test" to "$ORIGIN:/rds/bear-apps/2019b/EL7-power9/software/cuDNN/7.6.4.38-gcccuda-2019b/lib"
-- Set runtime path of "/castles/nr/projects/d/duanj-ai-in-medical-imaging/.share/download/t1/pytorch/torch/test/parallel_net_test" to "$ORIGIN:/rds/bear-apps/2019b/EL7-power9/software/cuDNN/7.6.4.38-gcccuda-2019b/lib"
-- Set runtime path of "/castles/nr/projects/d/duanj-ai-in-medical-imaging/.share/download/t1/pytorch/torch/test/plan_executor_test" to "$ORIGIN:/rds/bear-apps/2019b/EL7-power9/software/cuDNN/7.6.4.38-gcccuda-2019b/lib"
-- Set runtime path of "/castles/nr/projects/d/duanj-ai-in-medical-imaging/.share/download/t1/pytorch/torch/test/stats_test" to "$ORIGIN:/rds/bear-apps/2019b/EL7-power9/software/cuDNN/7.6.4.38-gcccuda-2019b/lib"
-- Set runtime path of "/castles/nr/projects/d/duanj-ai-in-medical-imaging/.share/download/t1/pytorch/torch/test/timer_test" to "$ORIGIN:/rds/bear-apps/2019b/EL7-power9/software/cuDNN/7.6.4.38-gcccuda-2019b/lib"
-- Set runtime path of "/castles/nr/projects/d/duanj-ai-in-medical-imaging/.share/download/t1/pytorch/torch/test/transform_test" to "$ORIGIN:/rds/bear-apps/2019b/EL7-power9/software/cuDNN/7.6.4.38-gcccuda-2019b/lib"
-- Set runtime path of "/castles/nr/projects/d/duanj-ai-in-medical-imaging/.share/download/t1/pytorch/torch/test/workspace_test" to "$ORIGIN:/rds/bear-apps/2019b/EL7-power9/software/cuDNN/7.6.4.38-gcccuda-2019b/lib"
-- Set runtime path of "/castles/nr/projects/d/duanj-ai-in-medical-imaging/.share/download/t1/pytorch/torch/test/inline_container_test" to "$ORIGIN:/rds/bear-apps/2019b/EL7-power9/software/cuDNN/7.6.4.38-gcccuda-2019b/lib"
-- Set runtime path of "/castles/nr/projects/d/duanj-ai-in-medical-imaging/.share/download/t1/pytorch/torch/test/fixed_divisor_test" to "$ORIGIN:/rds/bear-apps/2019b/EL7-power9/software/cuDNN/7.6.4.38-gcccuda-2019b/lib"
-- Set runtime path of "/castles/nr/projects/d/duanj-ai-in-medical-imaging/.share/download/t1/pytorch/torch/test/math_test" to "$ORIGIN:/rds/bear-apps/2019b/EL7-power9/software/cuDNN/7.6.4.38-gcccuda-2019b/lib"
-- Set runtime path of "/castles/nr/projects/d/duanj-ai-in-medical-imaging/.share/download/t1/pytorch/torch/test/fatal_signal_asan_no_sig_test" to "$ORIGIN:/rds/bear-apps/2019b/EL7-power9/software/cuDNN/7.6.4.38-gcccuda-2019b/lib"
-- Set runtime path of "/castles/nr/projects/d/duanj-ai-in-medical-imaging/.share/download/t1/pytorch/torch/test/simple_queue_test" to "$ORIGIN:/rds/bear-apps/2019b/EL7-power9/software/cuDNN/7.6.4.38-gcccuda-2019b/lib"
-- Set runtime path of "/castles/nr/projects/d/duanj-ai-in-medical-imaging/.share/download/t1/pytorch/torch/test/proto_utils_test" to "$ORIGIN:/rds/bear-apps/2019b/EL7-power9/software/cuDNN/7.6.4.38-gcccuda-2019b/lib"
-- Set runtime path of "/castles/nr/projects/d/duanj-ai-in-medical-imaging/.share/download/t1/pytorch/torch/test/cpuid_test" to "$ORIGIN:/rds/bear-apps/2019b/EL7-power9/software/cuDNN/7.6.4.38-gcccuda-2019b/lib"
-- Set runtime path of "/castles/nr/projects/d/duanj-ai-in-medical-imaging/.share/download/t1/pytorch/torch/test/smart_tensor_printer_test" to "$ORIGIN:/rds/bear-apps/2019b/EL7-power9/software/cuDNN/7.6.4.38-gcccuda-2019b/lib"
-- Set runtime path of "/castles/nr/projects/d/duanj-ai-in-medical-imaging/.share/download/t1/pytorch/torch/test/cast_test" to "$ORIGIN:/rds/bear-apps/2019b/EL7-power9/software/cuDNN/7.6.4.38-gcccuda-2019b/lib"
-- Set runtime path of "/castles/nr/projects/d/duanj-ai-in-medical-imaging/.share/download/t1/pytorch/torch/test/predictor_test" to "$ORIGIN:/rds/bear-apps/2019b/EL7-power9/software/cuDNN/7.6.4.38-gcccuda-2019b/lib"
-- Set runtime path of "/castles/nr/projects/d/duanj-ai-in-medical-imaging/.share/download/t1/pytorch/torch/test/data_filler_test" to "$ORIGIN:/rds/bear-apps/2019b/EL7-power9/software/cuDNN/7.6.4.38-gcccuda-2019b/lib"
-- Set runtime path of "/castles/nr/projects/d/duanj-ai-in-medical-imaging/.share/download/t1/pytorch/torch/test/AlgorithmsTest" to "$ORIGIN:/rds/bear-apps/2019b/EL7-power9/software/cuDNN/7.6.4.38-gcccuda-2019b/lib"
-- Set runtime path of "/castles/nr/projects/d/duanj-ai-in-medical-imaging/.share/download/t1/pytorch/torch/test/BinaryMatchImplTest" to "$ORIGIN:/rds/bear-apps/2019b/EL7-power9/software/cuDNN/7.6.4.38-gcccuda-2019b/lib"
-- Set runtime path of "/castles/nr/projects/d/duanj-ai-in-medical-imaging/.share/download/t1/pytorch/torch/test/GraphTest" to "$ORIGIN:/rds/bear-apps/2019b/EL7-power9/software/cuDNN/7.6.4.38-gcccuda-2019b/lib"
-- Set runtime path of "/castles/nr/projects/d/duanj-ai-in-medical-imaging/.share/download/t1/pytorch/torch/test/MatchTest" to "$ORIGIN:/rds/bear-apps/2019b/EL7-power9/software/cuDNN/7.6.4.38-gcccuda-2019b/lib"
-- Set runtime path of "/castles/nr/projects/d/duanj-ai-in-medical-imaging/.share/download/t1/pytorch/torch/test/NeuralNetTest" to "$ORIGIN:/rds/bear-apps/2019b/EL7-power9/software/cuDNN/7.6.4.38-gcccuda-2019b/lib"
-- Set runtime path of "/castles/nr/projects/d/duanj-ai-in-medical-imaging/.share/download/t1/pytorch/torch/test/SubgraphMatcherTest" to "$ORIGIN:/rds/bear-apps/2019b/EL7-power9/software/cuDNN/7.6.4.38-gcccuda-2019b/lib"
-- Set runtime path of "/castles/nr/projects/d/duanj-ai-in-medical-imaging/.share/download/t1/pytorch/torch/test/TarjansImplTest" to "$ORIGIN:/rds/bear-apps/2019b/EL7-power9/software/cuDNN/7.6.4.38-gcccuda-2019b/lib"
-- Set runtime path of "/castles/nr/projects/d/duanj-ai-in-medical-imaging/.share/download/t1/pytorch/torch/test/TopoSortTest" to "$ORIGIN:/rds/bear-apps/2019b/EL7-power9/software/cuDNN/7.6.4.38-gcccuda-2019b/lib"
-- Set runtime path of "/castles/nr/projects/d/duanj-ai-in-medical-imaging/.share/download/t1/pytorch/torch/test/mpi_test" to "$ORIGIN:/rds/bear-apps/2019b/EL7-power9/software/cuDNN/7.6.4.38-gcccuda-2019b/lib"
-- Set runtime path of "/castles/nr/projects/d/duanj-ai-in-medical-imaging/.share/download/t1/pytorch/torch/test/time_observer_test" to "$ORIGIN:/rds/bear-apps/2019b/EL7-power9/software/cuDNN/7.6.4.38-gcccuda-2019b/lib"
-- Set runtime path of "/castles/nr/projects/d/duanj-ai-in-medical-imaging/.share/download/t1/pytorch/torch/test/ssa_test" to "$ORIGIN:/rds/bear-apps/2019b/EL7-power9/software/cuDNN/7.6.4.38-gcccuda-2019b/lib"
-- Set runtime path of "/castles/nr/projects/d/duanj-ai-in-medical-imaging/.share/download/t1/pytorch/torch/test/batch_matmul_op_test" to "$ORIGIN:/rds/bear-apps/2019b/EL7-power9/software/cuDNN/7.6.4.38-gcccuda-2019b/lib"
-- Set runtime path of "/castles/nr/projects/d/duanj-ai-in-medical-imaging/.share/download/t1/pytorch/torch/test/boolean_unmask_ops_test" to "$ORIGIN:/rds/bear-apps/2019b/EL7-power9/software/cuDNN/7.6.4.38-gcccuda-2019b/lib"
-- Set runtime path of "/castles/nr/projects/d/duanj-ai-in-medical-imaging/.share/download/t1/pytorch/torch/test/conv_transpose_op_mobile_test" to "$ORIGIN:/rds/bear-apps/2019b/EL7-power9/software/cuDNN/7.6.4.38-gcccuda-2019b/lib"
-- Set runtime path of "/castles/nr/projects/d/duanj-ai-in-medical-imaging/.share/download/t1/pytorch/torch/test/elementwise_op_test" to "$ORIGIN:/rds/bear-apps/2019b/EL7-power9/software/cuDNN/7.6.4.38-gcccuda-2019b/lib"
-- Set runtime path of "/castles/nr/projects/d/duanj-ai-in-medical-imaging/.share/download/t1/pytorch/torch/test/generate_proposals_op_test" to "$ORIGIN:/rds/bear-apps/2019b/EL7-power9/software/cuDNN/7.6.4.38-gcccuda-2019b/lib"
-- Set runtime path of "/castles/nr/projects/d/duanj-ai-in-medical-imaging/.share/download/t1/pytorch/torch/test/generate_proposals_op_util_boxes_test" to "$ORIGIN:/rds/bear-apps/2019b/EL7-power9/software/cuDNN/7.6.4.38-gcccuda-2019b/lib"
-- Set runtime path of "/castles/nr/projects/d/duanj-ai-in-medical-imaging/.share/download/t1/pytorch/torch/test/generate_proposals_op_util_nms_test" to "$ORIGIN:/rds/bear-apps/2019b/EL7-power9/software/cuDNN/7.6.4.38-gcccuda-2019b/lib"
-- Set runtime path of "/castles/nr/projects/d/duanj-ai-in-medical-imaging/.share/download/t1/pytorch/torch/test/half_float_ops_test" to "$ORIGIN:/rds/bear-apps/2019b/EL7-power9/software/cuDNN/7.6.4.38-gcccuda-2019b/lib"
-- Set runtime path of "/castles/nr/projects/d/duanj-ai-in-medical-imaging/.share/download/t1/pytorch/torch/test/string_ops_test" to "$ORIGIN:/rds/bear-apps/2019b/EL7-power9/software/cuDNN/7.6.4.38-gcccuda-2019b/lib"
-- Set runtime path of "/castles/nr/projects/d/duanj-ai-in-medical-imaging/.share/download/t1/pytorch/torch/test/text_file_reader_utils_test" to "$ORIGIN:/rds/bear-apps/2019b/EL7-power9/software/cuDNN/7.6.4.38-gcccuda-2019b/lib"
-- Set runtime path of "/castles/nr/projects/d/duanj-ai-in-medical-imaging/.share/download/t1/pytorch/torch/test/utility_ops_test" to "$ORIGIN:/rds/bear-apps/2019b/EL7-power9/software/cuDNN/7.6.4.38-gcccuda-2019b/lib"
-- Set runtime path of "/castles/nr/projects/d/duanj-ai-in-medical-imaging/.share/download/t1/pytorch/torch/test/backend_cutting_test" to "$ORIGIN:/rds/bear-apps/2019b/EL7-power9/software/cuDNN/7.6.4.38-gcccuda-2019b/lib"
-- Set runtime path of "/castles/nr/projects/d/duanj-ai-in-medical-imaging/.share/download/t1/pytorch/torch/test/bound_shape_inference_test" to "$ORIGIN:/rds/bear-apps/2019b/EL7-power9/software/cuDNN/7.6.4.38-gcccuda-2019b/lib"
-- Set runtime path of "/castles/nr/projects/d/duanj-ai-in-medical-imaging/.share/download/t1/pytorch/torch/test/converter_nomigraph_test" to "$ORIGIN:/rds/bear-apps/2019b/EL7-power9/software/cuDNN/7.6.4.38-gcccuda-2019b/lib"
-- Set runtime path of "/castles/nr/projects/d/duanj-ai-in-medical-imaging/.share/download/t1/pytorch/torch/test/dead_code_elim_test" to "$ORIGIN:/rds/bear-apps/2019b/EL7-power9/software/cuDNN/7.6.4.38-gcccuda-2019b/lib"
-- Set runtime path of "/castles/nr/projects/d/duanj-ai-in-medical-imaging/.share/download/t1/pytorch/torch/test/device_test" to "$ORIGIN:/rds/bear-apps/2019b/EL7-power9/software/cuDNN/7.6.4.38-gcccuda-2019b/lib"
-- Set runtime path of "/castles/nr/projects/d/duanj-ai-in-medical-imaging/.share/download/t1/pytorch/torch/test/distributed_test" to "$ORIGIN:/rds/bear-apps/2019b/EL7-power9/software/cuDNN/7.6.4.38-gcccuda-2019b/lib"
-- Set runtime path of "/castles/nr/projects/d/duanj-ai-in-medical-imaging/.share/download/t1/pytorch/torch/test/mobile_test" to "$ORIGIN:/rds/bear-apps/2019b/EL7-power9/software/cuDNN/7.6.4.38-gcccuda-2019b/lib"
-- Set runtime path of "/castles/nr/projects/d/duanj-ai-in-medical-imaging/.share/download/t1/pytorch/torch/test/split_slss_test" to "$ORIGIN:/rds/bear-apps/2019b/EL7-power9/software/cuDNN/7.6.4.38-gcccuda-2019b/lib"
-- Set runtime path of "/castles/nr/projects/d/duanj-ai-in-medical-imaging/.share/download/t1/pytorch/torch/test/depthwise3x3_conv_op_test" to "$ORIGIN:/rds/bear-apps/2019b/EL7-power9/software/cuDNN/7.6.4.38-gcccuda-2019b/lib"
-- Set runtime path of "/castles/nr/projects/d/duanj-ai-in-medical-imaging/.share/download/t1/pytorch/torch/test/common_subexpression_elimination_test" to "$ORIGIN:/rds/bear-apps/2019b/EL7-power9/software/cuDNN/7.6.4.38-gcccuda-2019b/lib"
-- Set runtime path of "/castles/nr/projects/d/duanj-ai-in-medical-imaging/.share/download/t1/pytorch/torch/test/conv_to_nnpack_transform_test" to "$ORIGIN:/rds/bear-apps/2019b/EL7-power9/software/cuDNN/7.6.4.38-gcccuda-2019b/lib"
-- Set runtime path of "/castles/nr/projects/d/duanj-ai-in-medical-imaging/.share/download/t1/pytorch/torch/test/pattern_net_transform_test" to "$ORIGIN:/rds/bear-apps/2019b/EL7-power9/software/cuDNN/7.6.4.38-gcccuda-2019b/lib"
-- Set runtime path of "/castles/nr/projects/d/duanj-ai-in-medical-imaging/.share/download/t1/pytorch/torch/test/cuda_complex_test" to "$ORIGIN:/rds/bear-apps/2019b/EL7-power9/software/cuDNN/7.6.4.38-gcccuda-2019b/lib"
-- Set runtime path of "/castles/nr/projects/d/duanj-ai-in-medical-imaging/.share/download/t1/pytorch/torch/test/cuda_complex_math_test" to "$ORIGIN:/rds/bear-apps/2019b/EL7-power9/software/cuDNN/7.6.4.38-gcccuda-2019b/lib"
-- Set runtime path of "/castles/nr/projects/d/duanj-ai-in-medical-imaging/.share/download/t1/pytorch/torch/test/cuda_integer_divider_test" to "$ORIGIN:/rds/bear-apps/2019b/EL7-power9/software/cuDNN/7.6.4.38-gcccuda-2019b/lib"
-- Set runtime path of "/castles/nr/projects/d/duanj-ai-in-medical-imaging/.share/download/t1/pytorch/torch/test/cuda_apply_test" to "$ORIGIN:/rds/bear-apps/2019b/EL7-power9/software/cuDNN/7.6.4.38-gcccuda-2019b/lib"
-- Set runtime path of "/castles/nr/projects/d/duanj-ai-in-medical-imaging/.share/download/t1/pytorch/torch/test/cuda_stream_test" to "$ORIGIN:/rds/bear-apps/2019b/EL7-power9/software/cuDNN/7.6.4.38-gcccuda-2019b/lib"
-- Set runtime path of "/castles/nr/projects/d/duanj-ai-in-medical-imaging/.share/download/t1/pytorch/torch/test/cuda_half_test" to "$ORIGIN:/rds/bear-apps/2019b/EL7-power9/software/cuDNN/7.6.4.38-gcccuda-2019b/lib"
-- Set runtime path of "/castles/nr/projects/d/duanj-ai-in-medical-imaging/.share/download/t1/pytorch/torch/test/cuda_distributions_test" to "$ORIGIN:/rds/bear-apps/2019b/EL7-power9/software/cuDNN/7.6.4.38-gcccuda-2019b/lib"
-- Set runtime path of "/castles/nr/projects/d/duanj-ai-in-medical-imaging/.share/download/t1/pytorch/torch/test/cuda_optional_test" to "$ORIGIN:/rds/bear-apps/2019b/EL7-power9/software/cuDNN/7.6.4.38-gcccuda-2019b/lib"
-- Set runtime path of "/castles/nr/projects/d/duanj-ai-in-medical-imaging/.share/download/t1/pytorch/torch/test/cuda_packedtensoraccessor_test" to "$ORIGIN:/rds/bear-apps/2019b/EL7-power9/software/cuDNN/7.6.4.38-gcccuda-2019b/lib"
-- Set runtime path of "/castles/nr/projects/d/duanj-ai-in-medical-imaging/.share/download/t1/pytorch/torch/test/cuda_tensor_interop_test" to "$ORIGIN:/rds/bear-apps/2019b/EL7-power9/software/cuDNN/7.6.4.38-gcccuda-2019b/lib"
-- Set runtime path of "/castles/nr/projects/d/duanj-ai-in-medical-imaging/.share/download/t1/pytorch/torch/test/cuda_vectorized_test" to "$ORIGIN:/rds/bear-apps/2019b/EL7-power9/software/cuDNN/7.6.4.38-gcccuda-2019b/lib"
-- Set runtime path of "/castles/nr/projects/d/duanj-ai-in-medical-imaging/.share/download/t1/pytorch/torch/test/cuda_dlconvertor_test" to "$ORIGIN:/rds/bear-apps/2019b/EL7-power9/software/cuDNN/7.6.4.38-gcccuda-2019b/lib"
-- Set runtime path of "/castles/nr/projects/d/duanj-ai-in-medical-imaging/.share/download/t1/pytorch/torch/test/cuda_generator_test" to "$ORIGIN:/rds/bear-apps/2019b/EL7-power9/software/cuDNN/7.6.4.38-gcccuda-2019b/lib"
-- Set runtime path of "/castles/nr/projects/d/duanj-ai-in-medical-imaging/.share/download/t1/pytorch/torch/test/cuda_cudnn_test" to "$ORIGIN:/rds/bear-apps/2019b/EL7-power9/software/cuDNN/7.6.4.38-gcccuda-2019b/lib"
-- Set runtime path of "/castles/nr/projects/d/duanj-ai-in-medical-imaging/.share/download/t1/pytorch/torch/test/blob_gpu_test" to "$ORIGIN:/rds/bear-apps/2019b/EL7-power9/software/cuDNN/7.6.4.38-gcccuda-2019b/lib"
-- Set runtime path of "/castles/nr/projects/d/duanj-ai-in-medical-imaging/.share/download/t1/pytorch/torch/test/context_gpu_test" to "$ORIGIN:/rds/bear-apps/2019b/EL7-power9/software/cuDNN/7.6.4.38-gcccuda-2019b/lib"
-- Set runtime path of "/castles/nr/projects/d/duanj-ai-in-medical-imaging/.share/download/t1/pytorch/torch/test/event_gpu_test" to "$ORIGIN:/rds/bear-apps/2019b/EL7-power9/software/cuDNN/7.6.4.38-gcccuda-2019b/lib"
-- Set runtime path of "/castles/nr/projects/d/duanj-ai-in-medical-imaging/.share/download/t1/pytorch/torch/test/net_gpu_test" to "$ORIGIN:/rds/bear-apps/2019b/EL7-power9/software/cuDNN/7.6.4.38-gcccuda-2019b/lib"
-- Set runtime path of "/castles/nr/projects/d/duanj-ai-in-medical-imaging/.share/download/t1/pytorch/torch/test/operator_gpu_test" to "$ORIGIN:/rds/bear-apps/2019b/EL7-power9/software/cuDNN/7.6.4.38-gcccuda-2019b/lib"
-- Set runtime path of "/castles/nr/projects/d/duanj-ai-in-medical-imaging/.share/download/t1/pytorch/torch/test/math_gpu_test" to "$ORIGIN:/rds/bear-apps/2019b/EL7-power9/software/cuDNN/7.6.4.38-gcccuda-2019b/lib"
-- Set runtime path of "/castles/nr/projects/d/duanj-ai-in-medical-imaging/.share/download/t1/pytorch/torch/test/mpi_gpu_test" to "$ORIGIN:/rds/bear-apps/2019b/EL7-power9/software/cuDNN/7.6.4.38-gcccuda-2019b/lib"
-- Set runtime path of "/castles/nr/projects/d/duanj-ai-in-medical-imaging/.share/download/t1/pytorch/torch/test/conv_op_cache_cudnn_test" to "$ORIGIN:/rds/bear-apps/2019b/EL7-power9/software/cuDNN/7.6.4.38-gcccuda-2019b/lib"
-- Set runtime path of "/castles/nr/projects/d/duanj-ai-in-medical-imaging/.share/download/t1/pytorch/torch/test/batch_matmul_op_gpu_test" to "$ORIGIN:/rds/bear-apps/2019b/EL7-power9/software/cuDNN/7.6.4.38-gcccuda-2019b/lib"
-- Set runtime path of "/castles/nr/projects/d/duanj-ai-in-medical-imaging/.share/download/t1/pytorch/torch/test/batch_permutation_op_gpu_test" to "$ORIGIN:/rds/bear-apps/2019b/EL7-power9/software/cuDNN/7.6.4.38-gcccuda-2019b/lib"
-- Set runtime path of "/castles/nr/projects/d/duanj-ai-in-medical-imaging/.share/download/t1/pytorch/torch/test/elementwise_op_gpu_test" to "$ORIGIN:/rds/bear-apps/2019b/EL7-power9/software/cuDNN/7.6.4.38-gcccuda-2019b/lib"
-- Set runtime path of "/castles/nr/projects/d/duanj-ai-in-medical-imaging/.share/download/t1/pytorch/torch/test/generate_proposals_op_gpu_test" to "$ORIGIN:/rds/bear-apps/2019b/EL7-power9/software/cuDNN/7.6.4.38-gcccuda-2019b/lib"
-- Set runtime path of "/castles/nr/projects/d/duanj-ai-in-medical-imaging/.share/download/t1/pytorch/torch/test/generate_proposals_op_util_nms_gpu_test" to "$ORIGIN:/rds/bear-apps/2019b/EL7-power9/software/cuDNN/7.6.4.38-gcccuda-2019b/lib"
-- Set runtime path of "/castles/nr/projects/d/duanj-ai-in-medical-imaging/.share/download/t1/pytorch/torch/test/operator_fallback_gpu_test" to "$ORIGIN:/rds/bear-apps/2019b/EL7-power9/software/cuDNN/7.6.4.38-gcccuda-2019b/lib"
-- Set runtime path of "/castles/nr/projects/d/duanj-ai-in-medical-imaging/.share/download/t1/pytorch/torch/test/reshape_op_gpu_test" to "$ORIGIN:/rds/bear-apps/2019b/EL7-power9/software/cuDNN/7.6.4.38-gcccuda-2019b/lib"
-- Set runtime path of "/castles/nr/projects/d/duanj-ai-in-medical-imaging/.share/download/t1/pytorch/torch/test/roi_align_op_gpu_test" to "$ORIGIN:/rds/bear-apps/2019b/EL7-power9/software/cuDNN/7.6.4.38-gcccuda-2019b/lib"
-- Set runtime path of "/castles/nr/projects/d/duanj-ai-in-medical-imaging/.share/download/t1/pytorch/torch/test/utility_ops_gpu_test" to "$ORIGIN:/rds/bear-apps/2019b/EL7-power9/software/cuDNN/7.6.4.38-gcccuda-2019b/lib"
-- Set runtime path of "/castles/nr/projects/d/duanj-ai-in-medical-imaging/.share/download/t1/pytorch/torch/lib/python3.7/site-packages/caffe2/python/caffe2_pybind11_state.cpython-37m-powerpc64le-linux-gnu.so" to "$ORIGIN/../../torch/lib:/rds/bear-apps/2019b/EL7-power9/software/cuDNN/7.6.4.38-gcccuda-2019b/lib"
-- Set runtime path of "/castles/nr/projects/d/duanj-ai-in-medical-imaging/.share/download/t1/pytorch/torch/lib/python3.7/site-packages/caffe2/python/caffe2_pybind11_state_gpu.cpython-37m-powerpc64le-linux-gnu.so" to "$ORIGIN/../../torch/lib:/rds/bear-apps/2019b/EL7-power9/software/cuDNN/7.6.4.38-gcccuda-2019b/lib"
-- Set runtime path of "/castles/nr/projects/d/duanj-ai-in-medical-imaging/.share/download/t1/pytorch/torch/bin/test_jit" to "$ORIGIN:/rds/bear-apps/2019b/EL7-power9/software/cuDNN/7.6.4.38-gcccuda-2019b/lib"
-- Set runtime path of "/castles/nr/projects/d/duanj-ai-in-medical-imaging/.share/download/t1/pytorch/torch/bin/test_tensorexpr" to "$ORIGIN:/rds/bear-apps/2019b/EL7-power9/software/cuDNN/7.6.4.38-gcccuda-2019b/lib"
-- Set runtime path of "/castles/nr/projects/d/duanj-ai-in-medical-imaging/.share/download/t1/pytorch/torch/bin/test_cpp_rpc" to "$ORIGIN:/rds/bear-apps/2019b/EL7-power9/software/cuDNN/7.6.4.38-gcccuda-2019b/lib"
-- Set runtime path of "/castles/nr/projects/d/duanj-ai-in-medical-imaging/.share/download/t1/pytorch/torch/bin/test_api" to "$ORIGIN:/rds/bear-apps/2019b/EL7-power9/software/cuDNN/7.6.4.38-gcccuda-2019b/lib"
-- Set runtime path of "/castles/nr/projects/d/duanj-ai-in-medical-imaging/.share/download/t1/pytorch/torch/bin/test_dist_autograd" to "$ORIGIN:/rds/bear-apps/2019b/EL7-power9/software/cuDNN/7.6.4.38-gcccuda-2019b/lib"
-- Set runtime path of "/castles/nr/projects/d/duanj-ai-in-medical-imaging/.share/download/t1/pytorch/torch/lib/libtorch_python.so" to "$ORIGIN:/rds/bear-apps/2019b/EL7-power9/software/cuDNN/7.6.4.38-gcccuda-2019b/lib"
-- Set runtime path of "/castles/nr/projects/d/duanj-ai-in-medical-imaging/.share/download/t1/pytorch/torch/lib/libshm.so" to "$ORIGIN:/rds/bear-apps/2019b/EL7-power9/software/cuDNN/7.6.4.38-gcccuda-2019b/lib"
-- Set runtime path of "/castles/nr/projects/d/duanj-ai-in-medical-imaging/.share/download/t1/pytorch/torch/bin/torch_shm_manager" to "$ORIGIN/../lib:/rds/bear-apps/2019b/EL7-power9/software/cuDNN/7.6.4.38-gcccuda-2019b/lib"
-- Set runtime path of "/castles/nr/projects/d/duanj-ai-in-medical-imaging/.share/download/t1/pytorch/torch/lib/libcaffe2_detectron_ops_gpu.so" to "$ORIGIN:/rds/bear-apps/2019b/EL7-power9/software/cuDNN/7.6.4.38-gcccuda-2019b/lib"
-- Set runtime path of "/castles/nr/projects/d/duanj-ai-in-medical-imaging/.share/download/t1/pytorch/torch/lib/libcaffe2_module_test_dynamic.so" to "$ORIGIN:/rds/bear-apps/2019b/EL7-power9/software/cuDNN/7.6.4.38-gcccuda-2019b/lib"
-- Set runtime path of "/castles/nr/projects/d/duanj-ai-in-medical-imaging/.share/download/t1/pytorch/torch/lib/libcaffe2_observers.so" to "$ORIGIN:/rds/bear-apps/2019b/EL7-power9/software/cuDNN/7.6.4.38-gcccuda-2019b/lib"
running bdist_wheel
running build
running build_py
creating build/lib.linux-ppc64le-3.7
creating build/lib.linux-ppc64le-3.7/torch
copying torch/serialization.py -> build/lib.linux-ppc64le-3.7/torch
copying torch/_utils.py -> build/lib.linux-ppc64le-3.7/torch
copying torch/__future__.py -> build/lib.linux-ppc64le-3.7/torch
copying torch/_namedtensor_internals.py -> build/lib.linux-ppc64le-3.7/torch
copying torch/_torch_docs.py -> build/lib.linux-ppc64le-3.7/torch
copying torch/tensor.py -> build/lib.linux-ppc64le-3.7/torch
copying torch/_classes.py -> build/lib.linux-ppc64le-3.7/torch
copying torch/_ops.py -> build/lib.linux-ppc64le-3.7/torch
copying torch/_VF.py -> build/lib.linux-ppc64le-3.7/torch
copying torch/_vmap_internals.py -> build/lib.linux-ppc64le-3.7/torch
copying torch/_linalg_utils.py -> build/lib.linux-ppc64le-3.7/torch
copying torch/_jit_internal.py -> build/lib.linux-ppc64le-3.7/torch
copying torch/_appdirs.py -> build/lib.linux-ppc64le-3.7/torch
copying torch/__init__.py -> build/lib.linux-ppc64le-3.7/torch
copying torch/hub.py -> build/lib.linux-ppc64le-3.7/torch
copying torch/_overrides.py -> build/lib.linux-ppc64le-3.7/torch
copying torch/__config__.py -> build/lib.linux-ppc64le-3.7/torch
copying torch/_six.py -> build/lib.linux-ppc64le-3.7/torch
copying torch/types.py -> build/lib.linux-ppc64le-3.7/torch
copying torch/random.py -> build/lib.linux-ppc64le-3.7/torch
copying torch/_storage_docs.py -> build/lib.linux-ppc64le-3.7/torch
copying torch/version.py -> build/lib.linux-ppc64le-3.7/torch
copying torch/_tensor_docs.py -> build/lib.linux-ppc64le-3.7/torch
copying torch/_tensor_str.py -> build/lib.linux-ppc64le-3.7/torch
copying torch/_lobpcg.py -> build/lib.linux-ppc64le-3.7/torch
copying torch/_utils_internal.py -> build/lib.linux-ppc64le-3.7/torch
copying torch/quasirandom.py -> build/lib.linux-ppc64le-3.7/torch
copying torch/storage.py -> build/lib.linux-ppc64le-3.7/torch
copying torch/_lowrank.py -> build/lib.linux-ppc64le-3.7/torch
copying torch/functional.py -> build/lib.linux-ppc64le-3.7/torch
creating build/lib.linux-ppc64le-3.7/caffe2
copying caffe2/__init__.py -> build/lib.linux-ppc64le-3.7/caffe2
creating build/lib.linux-ppc64le-3.7/torch/futures
copying torch/futures/__init__.py -> build/lib.linux-ppc64le-3.7/torch/futures
creating build/lib.linux-ppc64le-3.7/torch/cuda
copying torch/cuda/comm.py -> build/lib.linux-ppc64le-3.7/torch/cuda
copying torch/cuda/_utils.py -> build/lib.linux-ppc64le-3.7/torch/cuda
copying torch/cuda/memory.py -> build/lib.linux-ppc64le-3.7/torch/cuda
copying torch/cuda/sparse.py -> build/lib.linux-ppc64le-3.7/torch/cuda
copying torch/cuda/nccl.py -> build/lib.linux-ppc64le-3.7/torch/cuda
copying torch/cuda/__init__.py -> build/lib.linux-ppc64le-3.7/torch/cuda
copying torch/cuda/streams.py -> build/lib.linux-ppc64le-3.7/torch/cuda
copying torch/cuda/random.py -> build/lib.linux-ppc64le-3.7/torch/cuda
copying torch/cuda/profiler.py -> build/lib.linux-ppc64le-3.7/torch/cuda
copying torch/cuda/error.py -> build/lib.linux-ppc64le-3.7/torch/cuda
copying torch/cuda/nvtx.py -> build/lib.linux-ppc64le-3.7/torch/cuda
creating build/lib.linux-ppc64le-3.7/torch/optim
copying torch/optim/lbfgs.py -> build/lib.linux-ppc64le-3.7/torch/optim
copying torch/optim/asgd.py -> build/lib.linux-ppc64le-3.7/torch/optim
copying torch/optim/adadelta.py -> build/lib.linux-ppc64le-3.7/torch/optim
copying torch/optim/adamw.py -> build/lib.linux-ppc64le-3.7/torch/optim
copying torch/optim/swa_utils.py -> build/lib.linux-ppc64le-3.7/torch/optim
copying torch/optim/adagrad.py -> build/lib.linux-ppc64le-3.7/torch/optim
copying torch/optim/__init__.py -> build/lib.linux-ppc64le-3.7/torch/optim
copying torch/optim/optimizer.py -> build/lib.linux-ppc64le-3.7/torch/optim
copying torch/optim/adamax.py -> build/lib.linux-ppc64le-3.7/torch/optim
copying torch/optim/rmsprop.py -> build/lib.linux-ppc64le-3.7/torch/optim
copying torch/optim/sparse_adam.py -> build/lib.linux-ppc64le-3.7/torch/optim
copying torch/optim/rprop.py -> build/lib.linux-ppc64le-3.7/torch/optim
copying torch/optim/adam.py -> build/lib.linux-ppc64le-3.7/torch/optim
copying torch/optim/lr_scheduler.py -> build/lib.linux-ppc64le-3.7/torch/optim
copying torch/optim/sgd.py -> build/lib.linux-ppc64le-3.7/torch/optim
creating build/lib.linux-ppc64le-3.7/torch/contrib
copying torch/contrib/_tensorboard_vis.py -> build/lib.linux-ppc64le-3.7/torch/contrib
copying torch/contrib/__init__.py -> build/lib.linux-ppc64le-3.7/torch/contrib
creating build/lib.linux-ppc64le-3.7/torch/onnx
copying torch/onnx/symbolic_opset11.py -> build/lib.linux-ppc64le-3.7/torch/onnx
copying torch/onnx/symbolic_opset7.py -> build/lib.linux-ppc64le-3.7/torch/onnx
copying torch/onnx/operators.py -> build/lib.linux-ppc64le-3.7/torch/onnx
copying torch/onnx/symbolic_registry.py -> build/lib.linux-ppc64le-3.7/torch/onnx
copying torch/onnx/__init__.py -> build/lib.linux-ppc64le-3.7/torch/onnx
copying torch/onnx/symbolic_opset12.py -> build/lib.linux-ppc64le-3.7/torch/onnx
copying torch/onnx/utils.py -> build/lib.linux-ppc64le-3.7/torch/onnx
copying torch/onnx/symbolic_caffe2.py -> build/lib.linux-ppc64le-3.7/torch/onnx
copying torch/onnx/symbolic_opset8.py -> build/lib.linux-ppc64le-3.7/torch/onnx
copying torch/onnx/symbolic_helper.py -> build/lib.linux-ppc64le-3.7/torch/onnx
copying torch/onnx/symbolic_opset10.py -> build/lib.linux-ppc64le-3.7/torch/onnx
copying torch/onnx/symbolic_opset9.py -> build/lib.linux-ppc64le-3.7/torch/onnx
creating build/lib.linux-ppc64le-3.7/torch/autograd
copying torch/autograd/anomaly_mode.py -> build/lib.linux-ppc64le-3.7/torch/autograd
copying torch/autograd/function.py -> build/lib.linux-ppc64le-3.7/torch/autograd
copying torch/autograd/grad_mode.py -> build/lib.linux-ppc64le-3.7/torch/autograd
copying torch/autograd/__init__.py -> build/lib.linux-ppc64le-3.7/torch/autograd
copying torch/autograd/variable.py -> build/lib.linux-ppc64le-3.7/torch/autograd
copying torch/autograd/gradcheck.py -> build/lib.linux-ppc64le-3.7/torch/autograd
copying torch/autograd/functional.py -> build/lib.linux-ppc64le-3.7/torch/autograd
copying torch/autograd/profiler.py -> build/lib.linux-ppc64le-3.7/torch/autograd
creating build/lib.linux-ppc64le-3.7/torch/nn
copying torch/nn/__init__.py -> build/lib.linux-ppc64le-3.7/torch/nn
copying torch/nn/common_types.py -> build/lib.linux-ppc64le-3.7/torch/nn
copying torch/nn/cpp.py -> build/lib.linux-ppc64le-3.7/torch/nn
copying torch/nn/grad.py -> build/lib.linux-ppc64le-3.7/torch/nn
copying torch/nn/parameter.py -> build/lib.linux-ppc64le-3.7/torch/nn
copying torch/nn/_reduction.py -> build/lib.linux-ppc64le-3.7/torch/nn
copying torch/nn/init.py -> build/lib.linux-ppc64le-3.7/torch/nn
copying torch/nn/functional.py -> build/lib.linux-ppc64le-3.7/torch/nn
creating build/lib.linux-ppc64le-3.7/torch/quantization
copying torch/quantization/_learnable_fake_quantize.py -> build/lib.linux-ppc64le-3.7/torch/quantization
copying torch/quantization/qconfig.py -> build/lib.linux-ppc64le-3.7/torch/quantization
copying torch/quantization/quantize.py -> build/lib.linux-ppc64le-3.7/torch/quantization
copying torch/quantization/default_mappings.py -> build/lib.linux-ppc64le-3.7/torch/quantization
copying torch/quantization/__init__.py -> build/lib.linux-ppc64le-3.7/torch/quantization
copying torch/quantization/_equalize.py -> build/lib.linux-ppc64le-3.7/torch/quantization
copying torch/quantization/_numeric_suite.py -> build/lib.linux-ppc64le-3.7/torch/quantization
copying torch/quantization/stubs.py -> build/lib.linux-ppc64le-3.7/torch/quantization
copying torch/quantization/fuse_modules.py -> build/lib.linux-ppc64le-3.7/torch/quantization
copying torch/quantization/observer.py -> build/lib.linux-ppc64le-3.7/torch/quantization
copying torch/quantization/quantize_jit.py -> build/lib.linux-ppc64le-3.7/torch/quantization
copying torch/quantization/fake_quantize.py -> build/lib.linux-ppc64le-3.7/torch/quantization
creating build/lib.linux-ppc64le-3.7/torch/utils
copying torch/utils/mkldnn.py -> build/lib.linux-ppc64le-3.7/torch/utils
copying torch/utils/model_zoo.py -> build/lib.linux-ppc64le-3.7/torch/utils
copying torch/utils/bundled_inputs.py -> build/lib.linux-ppc64le-3.7/torch/utils
copying torch/utils/file_baton.py -> build/lib.linux-ppc64le-3.7/torch/utils
copying torch/utils/cpp_extension.py -> build/lib.linux-ppc64le-3.7/torch/utils
copying torch/utils/__init__.py -> build/lib.linux-ppc64le-3.7/torch/utils
copying torch/utils/checkpoint.py -> build/lib.linux-ppc64le-3.7/torch/utils
copying torch/utils/_cpp_extension_versioner.py -> build/lib.linux-ppc64le-3.7/torch/utils
copying torch/utils/collect_env.py -> build/lib.linux-ppc64le-3.7/torch/utils
copying torch/utils/show_pickle.py -> build/lib.linux-ppc64le-3.7/torch/utils
copying torch/utils/mobile_optimizer.py -> build/lib.linux-ppc64le-3.7/torch/utils
copying torch/utils/throughput_benchmark.py -> build/lib.linux-ppc64le-3.7/torch/utils
copying torch/utils/dlpack.py -> build/lib.linux-ppc64le-3.7/torch/utils
copying torch/utils/hooks.py -> build/lib.linux-ppc64le-3.7/torch/utils
creating build/lib.linux-ppc64le-3.7/torch/jit
copying torch/jit/_recursive.py -> build/lib.linux-ppc64le-3.7/torch/jit
copying torch/jit/supported_ops.py -> build/lib.linux-ppc64le-3.7/torch/jit
copying torch/jit/quantized.py -> build/lib.linux-ppc64le-3.7/torch/jit
copying torch/jit/_logging.py -> build/lib.linux-ppc64le-3.7/torch/jit
copying torch/jit/_state.py -> build/lib.linux-ppc64le-3.7/torch/jit
copying torch/jit/__init__.py -> build/lib.linux-ppc64le-3.7/torch/jit
copying torch/jit/unsupported_tensor_ops.py -> build/lib.linux-ppc64le-3.7/torch/jit
copying torch/jit/_trace.py -> build/lib.linux-ppc64le-3.7/torch/jit
copying torch/jit/_script.py -> build/lib.linux-ppc64le-3.7/torch/jit
copying torch/jit/_async.py -> build/lib.linux-ppc64le-3.7/torch/jit
copying torch/jit/_pickle.py -> build/lib.linux-ppc64le-3.7/torch/jit
copying torch/jit/annotations.py -> build/lib.linux-ppc64le-3.7/torch/jit
copying torch/jit/frontend.py -> build/lib.linux-ppc64le-3.7/torch/jit
copying torch/jit/_freeze.py -> build/lib.linux-ppc64le-3.7/torch/jit
copying torch/jit/_fuser.py -> build/lib.linux-ppc64le-3.7/torch/jit
copying torch/jit/_serialization.py -> build/lib.linux-ppc64le-3.7/torch/jit
copying torch/jit/_builtins.py -> build/lib.linux-ppc64le-3.7/torch/jit
creating build/lib.linux-ppc64le-3.7/torch/backends
copying torch/backends/__init__.py -> build/lib.linux-ppc64le-3.7/torch/backends
creating build/lib.linux-ppc64le-3.7/torch/testing
copying torch/testing/__init__.py -> build/lib.linux-ppc64le-3.7/torch/testing
creating build/lib.linux-ppc64le-3.7/torch/multiprocessing
copying torch/multiprocessing/__init__.py -> build/lib.linux-ppc64le-3.7/torch/multiprocessing
copying torch/multiprocessing/_atfork.py -> build/lib.linux-ppc64le-3.7/torch/multiprocessing
copying torch/multiprocessing/spawn.py -> build/lib.linux-ppc64le-3.7/torch/multiprocessing
copying torch/multiprocessing/reductions.py -> build/lib.linux-ppc64le-3.7/torch/multiprocessing
copying torch/multiprocessing/pool.py -> build/lib.linux-ppc64le-3.7/torch/multiprocessing
copying torch/multiprocessing/queue.py -> build/lib.linux-ppc64le-3.7/torch/multiprocessing
creating build/lib.linux-ppc64le-3.7/torch/distributions
copying torch/distributions/kl.py -> build/lib.linux-ppc64le-3.7/torch/distributions
copying torch/distributions/geometric.py -> build/lib.linux-ppc64le-3.7/torch/distributions
copying torch/distributions/poisson.py -> build/lib.linux-ppc64le-3.7/torch/distributions
copying torch/distributions/lowrank_multivariate_normal.py -> build/lib.linux-ppc64le-3.7/torch/distributions
copying torch/distributions/fishersnedecor.py -> build/lib.linux-ppc64le-3.7/torch/distributions
copying torch/distributions/multinomial.py -> build/lib.linux-ppc64le-3.7/torch/distributions
copying torch/distributions/transforms.py -> build/lib.linux-ppc64le-3.7/torch/distributions
copying torch/distributions/continuous_bernoulli.py -> build/lib.linux-ppc64le-3.7/torch/distributions
copying torch/distributions/normal.py -> build/lib.linux-ppc64le-3.7/torch/distributions
copying torch/distributions/multivariate_normal.py -> build/lib.linux-ppc64le-3.7/torch/distributions
copying torch/distributions/negative_binomial.py -> build/lib.linux-ppc64le-3.7/torch/distributions
copying torch/distributions/exp_family.py -> build/lib.linux-ppc64le-3.7/torch/distributions
copying torch/distributions/binomial.py -> build/lib.linux-ppc64le-3.7/torch/distributions
copying torch/distributions/gumbel.py -> build/lib.linux-ppc64le-3.7/torch/distributions
copying torch/distributions/__init__.py -> build/lib.linux-ppc64le-3.7/torch/distributions
copying torch/distributions/constraint_registry.py -> build/lib.linux-ppc64le-3.7/torch/distributions
copying torch/distributions/transformed_distribution.py -> build/lib.linux-ppc64le-3.7/torch/distributions
copying torch/distributions/utils.py -> build/lib.linux-ppc64le-3.7/torch/distributions
copying torch/distributions/bernoulli.py -> build/lib.linux-ppc64le-3.7/torch/distributions
copying torch/distributions/uniform.py -> build/lib.linux-ppc64le-3.7/torch/distributions
copying torch/distributions/relaxed_categorical.py -> build/lib.linux-ppc64le-3.7/torch/distributions
copying torch/distributions/categorical.py -> build/lib.linux-ppc64le-3.7/torch/distributions
copying torch/distributions/exponential.py -> build/lib.linux-ppc64le-3.7/torch/distributions
copying torch/distributions/logistic_normal.py -> build/lib.linux-ppc64le-3.7/torch/distributions
copying torch/distributions/chi2.py -> build/lib.linux-ppc64le-3.7/torch/distributions
copying torch/distributions/relaxed_bernoulli.py -> build/lib.linux-ppc64le-3.7/torch/distributions
copying torch/distributions/independent.py -> build/lib.linux-ppc64le-3.7/torch/distributions
copying torch/distributions/constraints.py -> build/lib.linux-ppc64le-3.7/torch/distributions
copying torch/distributions/weibull.py -> build/lib.linux-ppc64le-3.7/torch/distributions
copying torch/distributions/pareto.py -> build/lib.linux-ppc64le-3.7/torch/distributions
copying torch/distributions/mixture_same_family.py -> build/lib.linux-ppc64le-3.7/torch/distributions
copying torch/distributions/cauchy.py -> build/lib.linux-ppc64le-3.7/torch/distributions
copying torch/distributions/von_mises.py -> build/lib.linux-ppc64le-3.7/torch/distributions
copying torch/distributions/studentT.py -> build/lib.linux-ppc64le-3.7/torch/distributions
copying torch/distributions/half_cauchy.py -> build/lib.linux-ppc64le-3.7/torch/distributions
copying torch/distributions/log_normal.py -> build/lib.linux-ppc64le-3.7/torch/distributions
copying torch/distributions/distribution.py -> build/lib.linux-ppc64le-3.7/torch/distributions
copying torch/distributions/one_hot_categorical.py -> build/lib.linux-ppc64le-3.7/torch/distributions
copying torch/distributions/gamma.py -> build/lib.linux-ppc64le-3.7/torch/distributions
copying torch/distributions/laplace.py -> build/lib.linux-ppc64le-3.7/torch/distributions
copying torch/distributions/half_normal.py -> build/lib.linux-ppc64le-3.7/torch/distributions
copying torch/distributions/dirichlet.py -> build/lib.linux-ppc64le-3.7/torch/distributions
copying torch/distributions/beta.py -> build/lib.linux-ppc64le-3.7/torch/distributions
creating build/lib.linux-ppc64le-3.7/torch/for_onnx
copying torch/for_onnx/__init__.py -> build/lib.linux-ppc64le-3.7/torch/for_onnx
creating build/lib.linux-ppc64le-3.7/torch/sparse
copying torch/sparse/__init__.py -> build/lib.linux-ppc64le-3.7/torch/sparse
creating build/lib.linux-ppc64le-3.7/torch/distributed
copying torch/distributed/rendezvous.py -> build/lib.linux-ppc64le-3.7/torch/distributed
copying torch/distributed/launch.py -> build/lib.linux-ppc64le-3.7/torch/distributed
copying torch/distributed/__init__.py -> build/lib.linux-ppc64le-3.7/torch/distributed
copying torch/distributed/constants.py -> build/lib.linux-ppc64le-3.7/torch/distributed
copying torch/distributed/distributed_c10d.py -> build/lib.linux-ppc64le-3.7/torch/distributed
creating build/lib.linux-ppc64le-3.7/torch/cuda/amp
copying torch/cuda/amp/grad_scaler.py -> build/lib.linux-ppc64le-3.7/torch/cuda/amp
copying torch/cuda/amp/__init__.py -> build/lib.linux-ppc64le-3.7/torch/cuda/amp
copying torch/cuda/amp/autocast_mode.py -> build/lib.linux-ppc64le-3.7/torch/cuda/amp
creating build/lib.linux-ppc64le-3.7/torch/autograd/_functions
copying torch/autograd/_functions/tensor.py -> build/lib.linux-ppc64le-3.7/torch/autograd/_functions
copying torch/autograd/_functions/__init__.py -> build/lib.linux-ppc64le-3.7/torch/autograd/_functions
copying torch/autograd/_functions/utils.py -> build/lib.linux-ppc64le-3.7/torch/autograd/_functions
creating build/lib.linux-ppc64le-3.7/torch/nn/quantized
copying torch/nn/quantized/__init__.py -> build/lib.linux-ppc64le-3.7/torch/nn/quantized
copying torch/nn/quantized/functional.py -> build/lib.linux-ppc64le-3.7/torch/nn/quantized
creating build/lib.linux-ppc64le-3.7/torch/nn/intrinsic
copying torch/nn/intrinsic/__init__.py -> build/lib.linux-ppc64le-3.7/torch/nn/intrinsic
creating build/lib.linux-ppc64le-3.7/torch/nn/utils
copying torch/nn/utils/prune.py -> build/lib.linux-ppc64le-3.7/torch/nn/utils
copying torch/nn/utils/convert_parameters.py -> build/lib.linux-ppc64le-3.7/torch/nn/utils
copying torch/nn/utils/__init__.py -> build/lib.linux-ppc64le-3.7/torch/nn/utils
copying torch/nn/utils/rnn.py -> build/lib.linux-ppc64le-3.7/torch/nn/utils
copying torch/nn/utils/clip_grad.py -> build/lib.linux-ppc64le-3.7/torch/nn/utils
copying torch/nn/utils/weight_norm.py -> build/lib.linux-ppc64le-3.7/torch/nn/utils
copying torch/nn/utils/fusion.py -> build/lib.linux-ppc64le-3.7/torch/nn/utils
copying torch/nn/utils/spectral_norm.py -> build/lib.linux-ppc64le-3.7/torch/nn/utils
copying torch/nn/utils/memory_format.py -> build/lib.linux-ppc64le-3.7/torch/nn/utils
creating build/lib.linux-ppc64le-3.7/torch/nn/backends
copying torch/nn/backends/__init__.py -> build/lib.linux-ppc64le-3.7/torch/nn/backends
copying torch/nn/backends/thnn.py -> build/lib.linux-ppc64le-3.7/torch/nn/backends
creating build/lib.linux-ppc64le-3.7/torch/nn/parallel
copying torch/nn/parallel/comm.py -> build/lib.linux-ppc64le-3.7/torch/nn/parallel
copying torch/nn/parallel/__init__.py -> build/lib.linux-ppc64le-3.7/torch/nn/parallel
copying torch/nn/parallel/_functions.py -> build/lib.linux-ppc64le-3.7/torch/nn/parallel
copying torch/nn/parallel/replicate.py -> build/lib.linux-ppc64le-3.7/torch/nn/parallel
copying torch/nn/parallel/distributed.py -> build/lib.linux-ppc64le-3.7/torch/nn/parallel
copying torch/nn/parallel/data_parallel.py -> build/lib.linux-ppc64le-3.7/torch/nn/parallel
copying torch/nn/parallel/parallel_apply.py -> build/lib.linux-ppc64le-3.7/torch/nn/parallel
copying torch/nn/parallel/scatter_gather.py -> build/lib.linux-ppc64le-3.7/torch/nn/parallel
creating build/lib.linux-ppc64le-3.7/torch/nn/modules
copying torch/nn/modules/sparse.py -> build/lib.linux-ppc64le-3.7/torch/nn/modules
copying torch/nn/modules/instancenorm.py -> build/lib.linux-ppc64le-3.7/torch/nn/modules
copying torch/nn/modules/module.py -> build/lib.linux-ppc64le-3.7/torch/nn/modules
copying torch/nn/modules/activation.py -> build/lib.linux-ppc64le-3.7/torch/nn/modules
copying torch/nn/modules/__init__.py -> build/lib.linux-ppc64le-3.7/torch/nn/modules
copying torch/nn/modules/linear.py -> build/lib.linux-ppc64le-3.7/torch/nn/modules
copying torch/nn/modules/fold.py -> build/lib.linux-ppc64le-3.7/torch/nn/modules
copying torch/nn/modules/utils.py -> build/lib.linux-ppc64le-3.7/torch/nn/modules
copying torch/nn/modules/channelshuffle.py -> build/lib.linux-ppc64le-3.7/torch/nn/modules
copying torch/nn/modules/batchnorm.py -> build/lib.linux-ppc64le-3.7/torch/nn/modules
copying torch/nn/modules/padding.py -> build/lib.linux-ppc64le-3.7/torch/nn/modules
copying torch/nn/modules/loss.py -> build/lib.linux-ppc64le-3.7/torch/nn/modules
copying torch/nn/modules/_functions.py -> build/lib.linux-ppc64le-3.7/torch/nn/modules
copying torch/nn/modules/pixelshuffle.py -> build/lib.linux-ppc64le-3.7/torch/nn/modules
copying torch/nn/modules/transformer.py -> build/lib.linux-ppc64le-3.7/torch/nn/modules
copying torch/nn/modules/conv.py -> build/lib.linux-ppc64le-3.7/torch/nn/modules
copying torch/nn/modules/rnn.py -> build/lib.linux-ppc64le-3.7/torch/nn/modules
copying torch/nn/modules/container.py -> build/lib.linux-ppc64le-3.7/torch/nn/modules
copying torch/nn/modules/distance.py -> build/lib.linux-ppc64le-3.7/torch/nn/modules
copying torch/nn/modules/dropout.py -> build/lib.linux-ppc64le-3.7/torch/nn/modules
copying torch/nn/modules/pooling.py -> build/lib.linux-ppc64le-3.7/torch/nn/modules
copying torch/nn/modules/adaptive.py -> build/lib.linux-ppc64le-3.7/torch/nn/modules
copying torch/nn/modules/upsampling.py -> build/lib.linux-ppc64le-3.7/torch/nn/modules
copying torch/nn/modules/normalization.py -> build/lib.linux-ppc64le-3.7/torch/nn/modules
copying torch/nn/modules/flatten.py -> build/lib.linux-ppc64le-3.7/torch/nn/modules
creating build/lib.linux-ppc64le-3.7/torch/nn/qat
copying torch/nn/qat/__init__.py -> build/lib.linux-ppc64le-3.7/torch/nn/qat
creating build/lib.linux-ppc64le-3.7/torch/nn/quantized/dynamic
copying torch/nn/quantized/dynamic/__init__.py -> build/lib.linux-ppc64le-3.7/torch/nn/quantized/dynamic
creating build/lib.linux-ppc64le-3.7/torch/nn/quantized/modules
copying torch/nn/quantized/modules/activation.py -> build/lib.linux-ppc64le-3.7/torch/nn/quantized/modules
copying torch/nn/quantized/modules/__init__.py -> build/lib.linux-ppc64le-3.7/torch/nn/quantized/modules
copying torch/nn/quantized/modules/linear.py -> build/lib.linux-ppc64le-3.7/torch/nn/quantized/modules
copying torch/nn/quantized/modules/utils.py -> build/lib.linux-ppc64le-3.7/torch/nn/quantized/modules
copying torch/nn/quantized/modules/batchnorm.py -> build/lib.linux-ppc64le-3.7/torch/nn/quantized/modules
copying torch/nn/quantized/modules/functional_modules.py -> build/lib.linux-ppc64le-3.7/torch/nn/quantized/modules
copying torch/nn/quantized/modules/conv.py -> build/lib.linux-ppc64le-3.7/torch/nn/quantized/modules
copying torch/nn/quantized/modules/normalization.py -> build/lib.linux-ppc64le-3.7/torch/nn/quantized/modules
creating build/lib.linux-ppc64le-3.7/torch/nn/quantized/dynamic/modules
copying torch/nn/quantized/dynamic/modules/__init__.py -> build/lib.linux-ppc64le-3.7/torch/nn/quantized/dynamic/modules
copying torch/nn/quantized/dynamic/modules/linear.py -> build/lib.linux-ppc64le-3.7/torch/nn/quantized/dynamic/modules
copying torch/nn/quantized/dynamic/modules/rnn.py -> build/lib.linux-ppc64le-3.7/torch/nn/quantized/dynamic/modules
creating build/lib.linux-ppc64le-3.7/torch/nn/intrinsic/quantized
copying torch/nn/intrinsic/quantized/__init__.py -> build/lib.linux-ppc64le-3.7/torch/nn/intrinsic/quantized
creating build/lib.linux-ppc64le-3.7/torch/nn/intrinsic/modules
copying torch/nn/intrinsic/modules/fused.py -> build/lib.linux-ppc64le-3.7/torch/nn/intrinsic/modules
copying torch/nn/intrinsic/modules/__init__.py -> build/lib.linux-ppc64le-3.7/torch/nn/intrinsic/modules
creating build/lib.linux-ppc64le-3.7/torch/nn/intrinsic/qat
copying torch/nn/intrinsic/qat/__init__.py -> build/lib.linux-ppc64le-3.7/torch/nn/intrinsic/qat
creating build/lib.linux-ppc64le-3.7/torch/nn/intrinsic/quantized/modules
copying torch/nn/intrinsic/quantized/modules/__init__.py -> build/lib.linux-ppc64le-3.7/torch/nn/intrinsic/quantized/modules
copying torch/nn/intrinsic/quantized/modules/bn_relu.py -> build/lib.linux-ppc64le-3.7/torch/nn/intrinsic/quantized/modules
copying torch/nn/intrinsic/quantized/modules/conv_relu.py -> build/lib.linux-ppc64le-3.7/torch/nn/intrinsic/quantized/modules
copying torch/nn/intrinsic/quantized/modules/linear_relu.py -> build/lib.linux-ppc64le-3.7/torch/nn/intrinsic/quantized/modules
creating build/lib.linux-ppc64le-3.7/torch/nn/intrinsic/qat/modules
copying torch/nn/intrinsic/qat/modules/__init__.py -> build/lib.linux-ppc64le-3.7/torch/nn/intrinsic/qat/modules
copying torch/nn/intrinsic/qat/modules/conv_fused.py -> build/lib.linux-ppc64le-3.7/torch/nn/intrinsic/qat/modules
copying torch/nn/intrinsic/qat/modules/linear_relu.py -> build/lib.linux-ppc64le-3.7/torch/nn/intrinsic/qat/modules
creating build/lib.linux-ppc64le-3.7/torch/nn/qat/modules
copying torch/nn/qat/modules/__init__.py -> build/lib.linux-ppc64le-3.7/torch/nn/qat/modules
copying torch/nn/qat/modules/linear.py -> build/lib.linux-ppc64le-3.7/torch/nn/qat/modules
copying torch/nn/qat/modules/conv.py -> build/lib.linux-ppc64le-3.7/torch/nn/qat/modules
creating build/lib.linux-ppc64le-3.7/torch/utils/backcompat
copying torch/utils/backcompat/__init__.py -> build/lib.linux-ppc64le-3.7/torch/utils/backcompat
creating build/lib.linux-ppc64le-3.7/torch/utils/_benchmark
copying torch/utils/_benchmark/__init__.py -> build/lib.linux-ppc64le-3.7/torch/utils/_benchmark
creating build/lib.linux-ppc64le-3.7/torch/utils/bottleneck
copying torch/utils/bottleneck/__init__.py -> build/lib.linux-ppc64le-3.7/torch/utils/bottleneck
copying torch/utils/bottleneck/__main__.py -> build/lib.linux-ppc64le-3.7/torch/utils/bottleneck
creating build/lib.linux-ppc64le-3.7/torch/utils/hipify
copying torch/utils/hipify/cuda_to_hip_mappings.py -> build/lib.linux-ppc64le-3.7/torch/utils/hipify
copying torch/utils/hipify/hipify_python.py -> build/lib.linux-ppc64le-3.7/torch/utils/hipify
copying torch/utils/hipify/__init__.py -> build/lib.linux-ppc64le-3.7/torch/utils/hipify
copying torch/utils/hipify/constants.py -> build/lib.linux-ppc64le-3.7/torch/utils/hipify
creating build/lib.linux-ppc64le-3.7/torch/utils/tensorboard
copying torch/utils/tensorboard/_onnx_graph.py -> build/lib.linux-ppc64le-3.7/torch/utils/tensorboard
copying torch/utils/tensorboard/_utils.py -> build/lib.linux-ppc64le-3.7/torch/utils/tensorboard
copying torch/utils/tensorboard/_proto_graph.py -> build/lib.linux-ppc64le-3.7/torch/utils/tensorboard
copying torch/utils/tensorboard/__init__.py -> build/lib.linux-ppc64le-3.7/torch/utils/tensorboard
copying torch/utils/tensorboard/_embedding.py -> build/lib.linux-ppc64le-3.7/torch/utils/tensorboard
copying torch/utils/tensorboard/_convert_np.py -> build/lib.linux-ppc64le-3.7/torch/utils/tensorboard
copying torch/utils/tensorboard/_caffe2_graph.py -> build/lib.linux-ppc64le-3.7/torch/utils/tensorboard
copying torch/utils/tensorboard/summary.py -> build/lib.linux-ppc64le-3.7/torch/utils/tensorboard
copying torch/utils/tensorboard/_pytorch_graph.py -> build/lib.linux-ppc64le-3.7/torch/utils/tensorboard
copying torch/utils/tensorboard/writer.py -> build/lib.linux-ppc64le-3.7/torch/utils/tensorboard
creating build/lib.linux-ppc64le-3.7/torch/utils/data
copying torch/utils/data/dataloader.py -> build/lib.linux-ppc64le-3.7/torch/utils/data
copying torch/utils/data/__init__.py -> build/lib.linux-ppc64le-3.7/torch/utils/data
copying torch/utils/data/sampler.py -> build/lib.linux-ppc64le-3.7/torch/utils/data
copying torch/utils/data/distributed.py -> build/lib.linux-ppc64le-3.7/torch/utils/data
copying torch/utils/data/dataset.py -> build/lib.linux-ppc64le-3.7/torch/utils/data
creating build/lib.linux-ppc64le-3.7/torch/utils/ffi
copying torch/utils/ffi/__init__.py -> build/lib.linux-ppc64le-3.7/torch/utils/ffi
creating build/lib.linux-ppc64le-3.7/torch/utils/_benchmark/utils
copying torch/utils/_benchmark/utils/fuzzer.py -> build/lib.linux-ppc64le-3.7/torch/utils/_benchmark/utils
copying torch/utils/_benchmark/utils/__init__.py -> build/lib.linux-ppc64le-3.7/torch/utils/_benchmark/utils
copying torch/utils/_benchmark/utils/timer.py -> build/lib.linux-ppc64le-3.7/torch/utils/_benchmark/utils
copying torch/utils/_benchmark/utils/common.py -> build/lib.linux-ppc64le-3.7/torch/utils/_benchmark/utils
copying torch/utils/_benchmark/utils/compare.py -> build/lib.linux-ppc64le-3.7/torch/utils/_benchmark/utils
creating build/lib.linux-ppc64le-3.7/torch/utils/_benchmark/op_fuzzers
copying torch/utils/_benchmark/op_fuzzers/unary.py -> build/lib.linux-ppc64le-3.7/torch/utils/_benchmark/op_fuzzers
copying torch/utils/_benchmark/op_fuzzers/__init__.py -> build/lib.linux-ppc64le-3.7/torch/utils/_benchmark/op_fuzzers
copying torch/utils/_benchmark/op_fuzzers/binary.py -> build/lib.linux-ppc64le-3.7/torch/utils/_benchmark/op_fuzzers
creating build/lib.linux-ppc64le-3.7/torch/utils/data/_utils
copying torch/utils/data/_utils/signal_handling.py -> build/lib.linux-ppc64le-3.7/torch/utils/data/_utils
copying torch/utils/data/_utils/worker.py -> build/lib.linux-ppc64le-3.7/torch/utils/data/_utils
copying torch/utils/data/_utils/__init__.py -> build/lib.linux-ppc64le-3.7/torch/utils/data/_utils
copying torch/utils/data/_utils/pin_memory.py -> build/lib.linux-ppc64le-3.7/torch/utils/data/_utils
copying torch/utils/data/_utils/fetch.py -> build/lib.linux-ppc64le-3.7/torch/utils/data/_utils
copying torch/utils/data/_utils/collate.py -> build/lib.linux-ppc64le-3.7/torch/utils/data/_utils
creating build/lib.linux-ppc64le-3.7/torch/jit/mobile
copying torch/jit/mobile/__init__.py -> build/lib.linux-ppc64le-3.7/torch/jit/mobile
creating build/lib.linux-ppc64le-3.7/torch/backends/cuda
copying torch/backends/cuda/__init__.py -> build/lib.linux-ppc64le-3.7/torch/backends/cuda
creating build/lib.linux-ppc64le-3.7/torch/backends/mkldnn
copying torch/backends/mkldnn/__init__.py -> build/lib.linux-ppc64le-3.7/torch/backends/mkldnn
creating build/lib.linux-ppc64le-3.7/torch/backends/cudnn
copying torch/backends/cudnn/__init__.py -> build/lib.linux-ppc64le-3.7/torch/backends/cudnn
copying torch/backends/cudnn/rnn.py -> build/lib.linux-ppc64le-3.7/torch/backends/cudnn
creating build/lib.linux-ppc64le-3.7/torch/backends/openmp
copying torch/backends/openmp/__init__.py -> build/lib.linux-ppc64le-3.7/torch/backends/openmp
creating build/lib.linux-ppc64le-3.7/torch/backends/quantized
copying torch/backends/quantized/__init__.py -> build/lib.linux-ppc64le-3.7/torch/backends/quantized
creating build/lib.linux-ppc64le-3.7/torch/backends/xnnpack
copying torch/backends/xnnpack/__init__.py -> build/lib.linux-ppc64le-3.7/torch/backends/xnnpack
creating build/lib.linux-ppc64le-3.7/torch/backends/mkl
copying torch/backends/mkl/__init__.py -> build/lib.linux-ppc64le-3.7/torch/backends/mkl
creating build/lib.linux-ppc64le-3.7/torch/testing/_internal
copying torch/testing/_internal/autocast_test_lists.py -> build/lib.linux-ppc64le-3.7/torch/testing/_internal
copying torch/testing/_internal/expecttest.py -> build/lib.linux-ppc64le-3.7/torch/testing/_internal
copying torch/testing/_internal/common_distributed.py -> build/lib.linux-ppc64le-3.7/torch/testing/_internal
copying torch/testing/_internal/jit_metaprogramming_utils.py -> build/lib.linux-ppc64le-3.7/torch/testing/_internal
copying torch/testing/_internal/hypothesis_utils.py -> build/lib.linux-ppc64le-3.7/torch/testing/_internal
copying torch/testing/_internal/common_utils.py -> build/lib.linux-ppc64le-3.7/torch/testing/_internal
copying torch/testing/_internal/__init__.py -> build/lib.linux-ppc64le-3.7/torch/testing/_internal
copying torch/testing/_internal/common_nn.py -> build/lib.linux-ppc64le-3.7/torch/testing/_internal
copying torch/testing/_internal/common_quantized.py -> build/lib.linux-ppc64le-3.7/torch/testing/_internal
copying torch/testing/_internal/jit_utils.py -> build/lib.linux-ppc64le-3.7/torch/testing/_internal
copying torch/testing/_internal/common_quantization.py -> build/lib.linux-ppc64le-3.7/torch/testing/_internal
copying torch/testing/_internal/common_cuda.py -> build/lib.linux-ppc64le-3.7/torch/testing/_internal
copying torch/testing/_internal/common_methods_invocations.py -> build/lib.linux-ppc64le-3.7/torch/testing/_internal
copying torch/testing/_internal/common_device_type.py -> build/lib.linux-ppc64le-3.7/torch/testing/_internal
copying torch/testing/_internal/dist_utils.py -> build/lib.linux-ppc64le-3.7/torch/testing/_internal
creating build/lib.linux-ppc64le-3.7/torch/testing/_internal/test_module
copying torch/testing/_internal/test_module/__init__.py -> build/lib.linux-ppc64le-3.7/torch/testing/_internal/test_module
copying torch/testing/_internal/test_module/no_future_div.py -> build/lib.linux-ppc64le-3.7/torch/testing/_internal/test_module
copying torch/testing/_internal/test_module/future_div.py -> build/lib.linux-ppc64le-3.7/torch/testing/_internal/test_module
creating build/lib.linux-ppc64le-3.7/torch/testing/_internal/codegen
copying torch/testing/_internal/codegen/__init__.py -> build/lib.linux-ppc64le-3.7/torch/testing/_internal/codegen
copying torch/testing/_internal/codegen/random_topo_test.py -> build/lib.linux-ppc64le-3.7/torch/testing/_internal/codegen
creating build/lib.linux-ppc64le-3.7/torch/testing/_internal/generated
copying torch/testing/_internal/generated/__init__.py -> build/lib.linux-ppc64le-3.7/torch/testing/_internal/generated
copying torch/testing/_internal/generated/annotated_fn_args.py -> build/lib.linux-ppc64le-3.7/torch/testing/_internal/generated
creating build/lib.linux-ppc64le-3.7/torch/testing/_internal/data
copying torch/testing/_internal/data/network2.py -> build/lib.linux-ppc64le-3.7/torch/testing/_internal/data
copying torch/testing/_internal/data/network1.py -> build/lib.linux-ppc64le-3.7/torch/testing/_internal/data
copying torch/testing/_internal/data/__init__.py -> build/lib.linux-ppc64le-3.7/torch/testing/_internal/data
creating build/lib.linux-ppc64le-3.7/torch/testing/_internal/distributed
copying torch/testing/_internal/distributed/__init__.py -> build/lib.linux-ppc64le-3.7/torch/testing/_internal/distributed
copying torch/testing/_internal/distributed/ddp_under_dist_autograd_test.py -> build/lib.linux-ppc64le-3.7/torch/testing/_internal/distributed
creating build/lib.linux-ppc64le-3.7/torch/testing/_internal/distributed/nn
copying torch/testing/_internal/distributed/nn/__init__.py -> build/lib.linux-ppc64le-3.7/torch/testing/_internal/distributed/nn
creating build/lib.linux-ppc64le-3.7/torch/testing/_internal/distributed/rpc
copying torch/testing/_internal/distributed/rpc/dist_optimizer_test.py -> build/lib.linux-ppc64le-3.7/torch/testing/_internal/distributed/rpc
copying torch/testing/_internal/distributed/rpc/rpc_test.py -> build/lib.linux-ppc64le-3.7/torch/testing/_internal/distributed/rpc
copying torch/testing/_internal/distributed/rpc/rpc_agent_test_fixture.py -> build/lib.linux-ppc64le-3.7/torch/testing/_internal/distributed/rpc
copying torch/testing/_internal/distributed/rpc/tensorpipe_rpc_agent_test_fixture.py -> build/lib.linux-ppc64le-3.7/torch/testing/_internal/distributed/rpc
copying torch/testing/_internal/distributed/rpc/__init__.py -> build/lib.linux-ppc64le-3.7/torch/testing/_internal/distributed/rpc
copying torch/testing/_internal/distributed/rpc/dist_autograd_test.py -> build/lib.linux-ppc64le-3.7/torch/testing/_internal/distributed/rpc
copying torch/testing/_internal/distributed/rpc/faulty_rpc_agent_test_fixture.py -> build/lib.linux-ppc64le-3.7/torch/testing/_internal/distributed/rpc
creating build/lib.linux-ppc64le-3.7/torch/testing/_internal/distributed/nn/api
copying torch/testing/_internal/distributed/nn/api/remote_module_test.py -> build/lib.linux-ppc64le-3.7/torch/testing/_internal/distributed/nn/api
copying torch/testing/_internal/distributed/nn/api/__init__.py -> build/lib.linux-ppc64le-3.7/torch/testing/_internal/distributed/nn/api
creating build/lib.linux-ppc64le-3.7/torch/testing/_internal/distributed/rpc/jit
copying torch/testing/_internal/distributed/rpc/jit/rpc_test.py -> build/lib.linux-ppc64le-3.7/torch/testing/_internal/distributed/rpc/jit
copying torch/testing/_internal/distributed/rpc/jit/__init__.py -> build/lib.linux-ppc64le-3.7/torch/testing/_internal/distributed/rpc/jit
copying torch/testing/_internal/distributed/rpc/jit/dist_autograd_test.py -> build/lib.linux-ppc64le-3.7/torch/testing/_internal/distributed/rpc/jit
copying torch/testing/_internal/distributed/rpc/jit/rpc_test_faulty.py -> build/lib.linux-ppc64le-3.7/torch/testing/_internal/distributed/rpc/jit
creating build/lib.linux-ppc64le-3.7/torch/distributed/optim
copying torch/distributed/optim/__init__.py -> build/lib.linux-ppc64le-3.7/torch/distributed/optim
copying torch/distributed/optim/optimizer.py -> build/lib.linux-ppc64le-3.7/torch/distributed/optim
creating build/lib.linux-ppc64le-3.7/torch/distributed/autograd
copying torch/distributed/autograd/__init__.py -> build/lib.linux-ppc64le-3.7/torch/distributed/autograd
creating build/lib.linux-ppc64le-3.7/torch/distributed/nn
copying torch/distributed/nn/__init__.py -> build/lib.linux-ppc64le-3.7/torch/distributed/nn
creating build/lib.linux-ppc64le-3.7/torch/distributed/rpc
copying torch/distributed/rpc/backend_registry.py -> build/lib.linux-ppc64le-3.7/torch/distributed/rpc
copying torch/distributed/rpc/internal.py -> build/lib.linux-ppc64le-3.7/torch/distributed/rpc
copying torch/distributed/rpc/rref_proxy.py -> build/lib.linux-ppc64le-3.7/torch/distributed/rpc
copying torch/distributed/rpc/__init__.py -> build/lib.linux-ppc64le-3.7/torch/distributed/rpc
copying torch/distributed/rpc/server_process_global_profiler.py -> build/lib.linux-ppc64le-3.7/torch/distributed/rpc
copying torch/distributed/rpc/constants.py -> build/lib.linux-ppc64le-3.7/torch/distributed/rpc
copying torch/distributed/rpc/api.py -> build/lib.linux-ppc64le-3.7/torch/distributed/rpc
copying torch/distributed/rpc/functions.py -> build/lib.linux-ppc64le-3.7/torch/distributed/rpc
creating build/lib.linux-ppc64le-3.7/torch/distributed/nn/jit
copying torch/distributed/nn/jit/instantiator.py -> build/lib.linux-ppc64le-3.7/torch/distributed/nn/jit
copying torch/distributed/nn/jit/__init__.py -> build/lib.linux-ppc64le-3.7/torch/distributed/nn/jit
creating build/lib.linux-ppc64le-3.7/torch/distributed/nn/api
copying torch/distributed/nn/api/remote_module.py -> build/lib.linux-ppc64le-3.7/torch/distributed/nn/api
copying torch/distributed/nn/api/__init__.py -> build/lib.linux-ppc64le-3.7/torch/distributed/nn/api
creating build/lib.linux-ppc64le-3.7/torch/distributed/nn/jit/templates
copying torch/distributed/nn/jit/templates/__init__.py -> build/lib.linux-ppc64le-3.7/torch/distributed/nn/jit/templates
copying torch/distributed/nn/jit/templates/remote_module_template.py -> build/lib.linux-ppc64le-3.7/torch/distributed/nn/jit/templates
creating build/lib.linux-ppc64le-3.7/torch/distributed/rpc/_testing
copying torch/distributed/rpc/_testing/faulty_agent_backend_registry.py -> build/lib.linux-ppc64le-3.7/torch/distributed/rpc/_testing
copying torch/distributed/rpc/_testing/__init__.py -> build/lib.linux-ppc64le-3.7/torch/distributed/rpc/_testing
creating build/lib.linux-ppc64le-3.7/caffe2/core
copying caffe2/core/__init__.py -> build/lib.linux-ppc64le-3.7/caffe2/core
creating build/lib.linux-ppc64le-3.7/caffe2/proto
copying caffe2/proto/metanet_pb2.py -> build/lib.linux-ppc64le-3.7/caffe2/proto
copying caffe2/proto/torch_pb2.py -> build/lib.linux-ppc64le-3.7/caffe2/proto
copying caffe2/proto/predictor_consts_pb2.py -> build/lib.linux-ppc64le-3.7/caffe2/proto
copying caffe2/proto/caffe2_pb2.py -> build/lib.linux-ppc64le-3.7/caffe2/proto
copying caffe2/proto/__init__.py -> build/lib.linux-ppc64le-3.7/caffe2/proto
copying caffe2/proto/caffe2_legacy_pb2.py -> build/lib.linux-ppc64le-3.7/caffe2/proto
copying caffe2/proto/hsm_pb2.py -> build/lib.linux-ppc64le-3.7/caffe2/proto
copying caffe2/proto/prof_dag_pb2.py -> build/lib.linux-ppc64le-3.7/caffe2/proto
creating build/lib.linux-ppc64le-3.7/caffe2/contrib
copying caffe2/contrib/__init__.py -> build/lib.linux-ppc64le-3.7/caffe2/contrib
creating build/lib.linux-ppc64le-3.7/caffe2/python
copying caffe2/python/dyndep.py -> build/lib.linux-ppc64le-3.7/caffe2/python
copying caffe2/python/workspace.py -> build/lib.linux-ppc64le-3.7/caffe2/python
copying caffe2/python/regularizer.py -> build/lib.linux-ppc64le-3.7/caffe2/python
copying caffe2/python/cached_reader.py -> build/lib.linux-ppc64le-3.7/caffe2/python
copying caffe2/python/control_test.py -> build/lib.linux-ppc64le-3.7/caffe2/python
copying caffe2/python/data_parallel_model_test.py -> build/lib.linux-ppc64le-3.7/caffe2/python
copying caffe2/python/record_queue.py -> build/lib.linux-ppc64le-3.7/caffe2/python
copying caffe2/python/session_test.py -> build/lib.linux-ppc64le-3.7/caffe2/python
copying caffe2/python/optimizer_test.py -> build/lib.linux-ppc64le-3.7/caffe2/python
copying caffe2/python/filler_test.py -> build/lib.linux-ppc64le-3.7/caffe2/python
copying caffe2/python/pipeline.py -> build/lib.linux-ppc64le-3.7/caffe2/python
copying caffe2/python/caffe_translator_test.py -> build/lib.linux-ppc64le-3.7/caffe2/python
copying caffe2/python/db_file_reader.py -> build/lib.linux-ppc64le-3.7/caffe2/python
copying caffe2/python/functional_test.py -> build/lib.linux-ppc64le-3.7/caffe2/python
copying caffe2/python/device_checker.py -> build/lib.linux-ppc64le-3.7/caffe2/python
copying caffe2/python/experiment_util.py -> build/lib.linux-ppc64le-3.7/caffe2/python
copying caffe2/python/checkpoint_test.py -> build/lib.linux-ppc64le-3.7/caffe2/python
copying caffe2/python/caffe_translator.py -> build/lib.linux-ppc64le-3.7/caffe2/python
copying caffe2/python/control_ops_grad.py -> build/lib.linux-ppc64le-3.7/caffe2/python
copying caffe2/python/task.py -> build/lib.linux-ppc64le-3.7/caffe2/python
copying caffe2/python/nomnigraph.py -> build/lib.linux-ppc64le-3.7/caffe2/python
copying caffe2/python/lazy.py -> build/lib.linux-ppc64le-3.7/caffe2/python
copying caffe2/python/visualize.py -> build/lib.linux-ppc64le-3.7/caffe2/python
copying caffe2/python/parallel_workers_test.py -> build/lib.linux-ppc64le-3.7/caffe2/python
copying caffe2/python/layer_parameter_sharing_test.py -> build/lib.linux-ppc64le-3.7/caffe2/python
copying caffe2/python/convnet_benchmarks_test.py -> build/lib.linux-ppc64le-3.7/caffe2/python
copying caffe2/python/data_workers_test.py -> build/lib.linux-ppc64le-3.7/caffe2/python
copying caffe2/python/benchmark_generator.py -> build/lib.linux-ppc64le-3.7/caffe2/python
copying caffe2/python/memonger.py -> build/lib.linux-ppc64le-3.7/caffe2/python
copying caffe2/python/scope_test.py -> build/lib.linux-ppc64le-3.7/caffe2/python
copying caffe2/python/build.py -> build/lib.linux-ppc64le-3.7/caffe2/python
copying caffe2/python/sparse_to_dense_test.py -> build/lib.linux-ppc64le-3.7/caffe2/python
copying caffe2/python/brew.py -> build/lib.linux-ppc64le-3.7/caffe2/python
copying caffe2/python/core_test.py -> build/lib.linux-ppc64le-3.7/caffe2/python
copying caffe2/python/lstm_benchmark.py -> build/lib.linux-ppc64le-3.7/caffe2/python
copying caffe2/python/normalizer_test.py -> build/lib.linux-ppc64le-3.7/caffe2/python
copying caffe2/python/extension_loader.py -> build/lib.linux-ppc64le-3.7/caffe2/python
copying caffe2/python/db_test.py -> build/lib.linux-ppc64le-3.7/caffe2/python
copying caffe2/python/mkl_test_util.py -> build/lib.linux-ppc64le-3.7/caffe2/python
copying caffe2/python/normalizer_context.py -> build/lib.linux-ppc64le-3.7/caffe2/python
copying caffe2/python/optimizer_test_util.py -> build/lib.linux-ppc64le-3.7/caffe2/python
copying caffe2/python/timeout_guard.py -> build/lib.linux-ppc64le-3.7/caffe2/python
copying caffe2/python/recurrent.py -> build/lib.linux-ppc64le-3.7/caffe2/python
copying caffe2/python/schema_test.py -> build/lib.linux-ppc64le-3.7/caffe2/python
copying caffe2/python/utils_test.py -> build/lib.linux-ppc64le-3.7/caffe2/python
copying caffe2/python/dataio.py -> build/lib.linux-ppc64le-3.7/caffe2/python
copying caffe2/python/rnn_cell.py -> build/lib.linux-ppc64le-3.7/caffe2/python
copying caffe2/python/model_helper_test.py -> build/lib.linux-ppc64le-3.7/caffe2/python
copying caffe2/python/brew_test.py -> build/lib.linux-ppc64le-3.7/caffe2/python
copying caffe2/python/crf_predict.py -> build/lib.linux-ppc64le-3.7/caffe2/python
copying caffe2/python/text_file_reader.py -> build/lib.linux-ppc64le-3.7/caffe2/python
copying caffe2/python/net_printer_test.py -> build/lib.linux-ppc64le-3.7/caffe2/python
copying caffe2/python/control.py -> build/lib.linux-ppc64le-3.7/caffe2/python
copying caffe2/python/__init__.py -> build/lib.linux-ppc64le-3.7/caffe2/python
copying caffe2/python/crf.py -> build/lib.linux-ppc64le-3.7/caffe2/python
copying caffe2/python/fused_8bit_rowwise_conversion_ops_test.py -> build/lib.linux-ppc64le-3.7/caffe2/python
copying caffe2/python/nomnigraph_transformations_test.py -> build/lib.linux-ppc64le-3.7/caffe2/python
copying caffe2/python/checkpoint.py -> build/lib.linux-ppc64le-3.7/caffe2/python
copying caffe2/python/model_device_test.py -> build/lib.linux-ppc64le-3.7/caffe2/python
copying caffe2/python/gradient_checker.py -> build/lib.linux-ppc64le-3.7/caffe2/python
copying caffe2/python/tt_core_test.py -> build/lib.linux-ppc64le-3.7/caffe2/python
copying caffe2/python/optimizer.py -> build/lib.linux-ppc64le-3.7/caffe2/python
copying caffe2/python/transformations_test.py -> build/lib.linux-ppc64le-3.7/caffe2/python
copying caffe2/python/cnn.py -> build/lib.linux-ppc64le-3.7/caffe2/python
copying caffe2/python/utils.py -> build/lib.linux-ppc64le-3.7/caffe2/python
copying caffe2/python/control_ops_util.py -> build/lib.linux-ppc64le-3.7/caffe2/python
copying caffe2/python/control_ops_grad_test.py -> build/lib.linux-ppc64le-3.7/caffe2/python
copying caffe2/python/embedding_generation_benchmark.py -> build/lib.linux-ppc64le-3.7/caffe2/python
copying caffe2/python/data_parallel_model.py -> build/lib.linux-ppc64le-3.7/caffe2/python
copying caffe2/python/net_builder_test.py -> build/lib.linux-ppc64le-3.7/caffe2/python
copying caffe2/python/convnet_benchmarks.py -> build/lib.linux-ppc64le-3.7/caffe2/python
copying caffe2/python/ideep_test_util.py -> build/lib.linux-ppc64le-3.7/caffe2/python
copying caffe2/python/numa_benchmark.py -> build/lib.linux-ppc64le-3.7/caffe2/python
copying caffe2/python/workspace_test.py -> build/lib.linux-ppc64le-3.7/caffe2/python
copying caffe2/python/net_builder.py -> build/lib.linux-ppc64le-3.7/caffe2/python
copying caffe2/python/observer_test.py -> build/lib.linux-ppc64le-3.7/caffe2/python
copying caffe2/python/allcompare_test.py -> build/lib.linux-ppc64le-3.7/caffe2/python
copying caffe2/python/convert.py -> build/lib.linux-ppc64le-3.7/caffe2/python
copying caffe2/python/net_printer.py -> build/lib.linux-ppc64le-3.7/caffe2/python
copying caffe2/python/attention.py -> build/lib.linux-ppc64le-3.7/caffe2/python
copying caffe2/python/lazy_dyndep_test.py -> build/lib.linux-ppc64le-3.7/caffe2/python
copying caffe2/python/model_helper.py -> build/lib.linux-ppc64le-3.7/caffe2/python
copying caffe2/python/binarysize.py -> build/lib.linux-ppc64le-3.7/caffe2/python
copying caffe2/python/optimizer_context.py -> build/lib.linux-ppc64le-3.7/caffe2/python
copying caffe2/python/crf_viterbi_test.py -> build/lib.linux-ppc64le-3.7/caffe2/python
copying caffe2/python/core.py -> build/lib.linux-ppc64le-3.7/caffe2/python
copying caffe2/python/modifier_context.py -> build/lib.linux-ppc64le-3.7/caffe2/python
copying caffe2/python/regularizer_test.py -> build/lib.linux-ppc64le-3.7/caffe2/python
copying caffe2/python/layer_test_util.py -> build/lib.linux-ppc64le-3.7/caffe2/python
copying caffe2/python/schema.py -> build/lib.linux-ppc64le-3.7/caffe2/python
copying caffe2/python/gru_cell.py -> build/lib.linux-ppc64le-3.7/caffe2/python
copying caffe2/python/python_op_test.py -> build/lib.linux-ppc64le-3.7/caffe2/python
copying caffe2/python/nomnigraph_test.py -> build/lib.linux-ppc64le-3.7/caffe2/python
copying caffe2/python/lengths_reducer_fused_8bit_rowwise_ops_test.py -> build/lib.linux-ppc64le-3.7/caffe2/python
copying caffe2/python/queue_util.py -> build/lib.linux-ppc64le-3.7/caffe2/python
copying caffe2/python/layers_test.py -> build/lib.linux-ppc64le-3.7/caffe2/python
copying caffe2/python/core_gradients_test.py -> build/lib.linux-ppc64le-3.7/caffe2/python
copying caffe2/python/muji.py -> build/lib.linux-ppc64le-3.7/caffe2/python
copying caffe2/python/context.py -> build/lib.linux-ppc64le-3.7/caffe2/python
copying caffe2/python/lengths_reducer_rowwise_8bit_ops_test.py -> build/lib.linux-ppc64le-3.7/caffe2/python
copying caffe2/python/parallelize_bmuf_distributed_test.py -> build/lib.linux-ppc64le-3.7/caffe2/python
copying caffe2/python/normalizer.py -> build/lib.linux-ppc64le-3.7/caffe2/python
copying caffe2/python/hip_test_util.py -> build/lib.linux-ppc64le-3.7/caffe2/python
copying caffe2/python/operator_fp_exceptions_test.py -> build/lib.linux-ppc64le-3.7/caffe2/python
copying caffe2/python/_import_c_extension.py -> build/lib.linux-ppc64le-3.7/caffe2/python
copying caffe2/python/convert_test.py -> build/lib.linux-ppc64le-3.7/caffe2/python
copying caffe2/python/layer_model_helper.py -> build/lib.linux-ppc64le-3.7/caffe2/python
copying caffe2/python/hypothesis_test.py -> build/lib.linux-ppc64le-3.7/caffe2/python
copying caffe2/python/data_workers.py -> build/lib.linux-ppc64le-3.7/caffe2/python
copying caffe2/python/layer_model_instantiator.py -> build/lib.linux-ppc64le-3.7/caffe2/python
copying caffe2/python/toy_regression_test.py -> build/lib.linux-ppc64le-3.7/caffe2/python
copying caffe2/python/transformations.py -> build/lib.linux-ppc64le-3.7/caffe2/python
copying caffe2/python/hsm_util.py -> build/lib.linux-ppc64le-3.7/caffe2/python
copying caffe2/python/task_test.py -> build/lib.linux-ppc64le-3.7/caffe2/python
copying caffe2/python/regularizer_context.py -> build/lib.linux-ppc64le-3.7/caffe2/python
copying caffe2/python/lazy_dyndep.py -> build/lib.linux-ppc64le-3.7/caffe2/python
copying caffe2/python/sparse_to_dense_mask_test.py -> build/lib.linux-ppc64le-3.7/caffe2/python
copying caffe2/python/compatibility.py -> build/lib.linux-ppc64le-3.7/caffe2/python
copying caffe2/python/pipeline_test.py -> build/lib.linux-ppc64le-3.7/caffe2/python
copying caffe2/python/test_util.py -> build/lib.linux-ppc64le-3.7/caffe2/python
copying caffe2/python/predictor_constants.py -> build/lib.linux-ppc64le-3.7/caffe2/python
copying caffe2/python/context_test.py -> build/lib.linux-ppc64le-3.7/caffe2/python
copying caffe2/python/parallel_workers.py -> build/lib.linux-ppc64le-3.7/caffe2/python
copying caffe2/python/functional.py -> build/lib.linux-ppc64le-3.7/caffe2/python
copying caffe2/python/hypothesis_test_util.py -> build/lib.linux-ppc64le-3.7/caffe2/python
copying caffe2/python/dataio_test.py -> build/lib.linux-ppc64le-3.7/caffe2/python
copying caffe2/python/nomnigraph_transformations.py -> build/lib.linux-ppc64le-3.7/caffe2/python
copying caffe2/python/memonger_test.py -> build/lib.linux-ppc64le-3.7/caffe2/python
copying caffe2/python/gradient_check_test.py -> build/lib.linux-ppc64le-3.7/caffe2/python
copying caffe2/python/session.py -> build/lib.linux-ppc64le-3.7/caffe2/python
copying caffe2/python/scope.py -> build/lib.linux-ppc64le-3.7/caffe2/python
copying caffe2/python/dataset.py -> build/lib.linux-ppc64le-3.7/caffe2/python
copying caffe2/python/numa_test.py -> build/lib.linux-ppc64le-3.7/caffe2/python
copying caffe2/python/muji_test.py -> build/lib.linux-ppc64le-3.7/caffe2/python
copying caffe2/python/net_drawer.py -> build/lib.linux-ppc64le-3.7/caffe2/python
copying caffe2/python/tt_core.py -> build/lib.linux-ppc64le-3.7/caffe2/python
creating build/lib.linux-ppc64le-3.7/caffe2/quantization
copying caffe2/quantization/__init__.py -> build/lib.linux-ppc64le-3.7/caffe2/quantization
creating build/lib.linux-ppc64le-3.7/caffe2/experiments
copying caffe2/experiments/__init__.py -> build/lib.linux-ppc64le-3.7/caffe2/experiments
creating build/lib.linux-ppc64le-3.7/caffe2/perfkernels
copying caffe2/perfkernels/hp_emblookup_codegen.py -> build/lib.linux-ppc64le-3.7/caffe2/perfkernels
copying caffe2/perfkernels/__init__.py -> build/lib.linux-ppc64le-3.7/caffe2/perfkernels
creating build/lib.linux-ppc64le-3.7/caffe2/distributed
copying caffe2/distributed/__init__.py -> build/lib.linux-ppc64le-3.7/caffe2/distributed
copying caffe2/distributed/file_store_handler_op_test.py -> build/lib.linux-ppc64le-3.7/caffe2/distributed
copying caffe2/distributed/store_ops_test_util.py -> build/lib.linux-ppc64le-3.7/caffe2/distributed
copying caffe2/distributed/redis_store_handler_op_test.py -> build/lib.linux-ppc64le-3.7/caffe2/distributed
creating build/lib.linux-ppc64le-3.7/caffe2/core/nomnigraph
copying caffe2/core/nomnigraph/__init__.py -> build/lib.linux-ppc64le-3.7/caffe2/core/nomnigraph
copying caffe2/core/nomnigraph/op_gen.py -> build/lib.linux-ppc64le-3.7/caffe2/core/nomnigraph
creating build/lib.linux-ppc64le-3.7/caffe2/contrib/script
copying caffe2/contrib/script/__init__.py -> build/lib.linux-ppc64le-3.7/caffe2/contrib/script
creating build/lib.linux-ppc64le-3.7/caffe2/contrib/prof
copying caffe2/contrib/prof/cuda_profile_ops_test.py -> build/lib.linux-ppc64le-3.7/caffe2/contrib/prof
copying caffe2/contrib/prof/__init__.py -> build/lib.linux-ppc64le-3.7/caffe2/contrib/prof
creating build/lib.linux-ppc64le-3.7/caffe2/contrib/aten
copying caffe2/contrib/aten/aten_test.py -> build/lib.linux-ppc64le-3.7/caffe2/contrib/aten
copying caffe2/contrib/aten/__init__.py -> build/lib.linux-ppc64le-3.7/caffe2/contrib/aten
copying caffe2/contrib/aten/gen_op.py -> build/lib.linux-ppc64le-3.7/caffe2/contrib/aten
creating build/lib.linux-ppc64le-3.7/caffe2/contrib/playground
copying caffe2/contrib/playground/AnyExp.py -> build/lib.linux-ppc64le-3.7/caffe2/contrib/playground
copying caffe2/contrib/playground/ModuleRegister.py -> build/lib.linux-ppc64le-3.7/caffe2/contrib/playground
copying caffe2/contrib/playground/meter.py -> build/lib.linux-ppc64le-3.7/caffe2/contrib/playground
copying caffe2/contrib/playground/compute_topk_accuracy.py -> build/lib.linux-ppc64le-3.7/caffe2/contrib/playground
copying caffe2/contrib/playground/__init__.py -> build/lib.linux-ppc64le-3.7/caffe2/contrib/playground
copying caffe2/contrib/playground/checkpoint.py -> build/lib.linux-ppc64le-3.7/caffe2/contrib/playground
copying caffe2/contrib/playground/output_generator.py -> build/lib.linux-ppc64le-3.7/caffe2/contrib/playground
copying caffe2/contrib/playground/AnyExpOnTerm.py -> build/lib.linux-ppc64le-3.7/caffe2/contrib/playground
copying caffe2/contrib/playground/module_map.py -> build/lib.linux-ppc64le-3.7/caffe2/contrib/playground
copying caffe2/contrib/playground/compute_loss.py -> build/lib.linux-ppc64le-3.7/caffe2/contrib/playground
creating build/lib.linux-ppc64le-3.7/caffe2/contrib/tensorboard
copying caffe2/contrib/tensorboard/__init__.py -> build/lib.linux-ppc64le-3.7/caffe2/contrib/tensorboard
copying caffe2/contrib/tensorboard/tensorboard_exporter.py -> build/lib.linux-ppc64le-3.7/caffe2/contrib/tensorboard
copying caffe2/contrib/tensorboard/tensorboard_exporter_test.py -> build/lib.linux-ppc64le-3.7/caffe2/contrib/tensorboard
copying caffe2/contrib/tensorboard/tensorboard.py -> build/lib.linux-ppc64le-3.7/caffe2/contrib/tensorboard
copying caffe2/contrib/tensorboard/tensorboard_test.py -> build/lib.linux-ppc64le-3.7/caffe2/contrib/tensorboard
creating build/lib.linux-ppc64le-3.7/caffe2/contrib/warpctc
copying caffe2/contrib/warpctc/ctc_ops_test.py -> build/lib.linux-ppc64le-3.7/caffe2/contrib/warpctc
copying caffe2/contrib/warpctc/__init__.py -> build/lib.linux-ppc64le-3.7/caffe2/contrib/warpctc
creating build/lib.linux-ppc64le-3.7/caffe2/contrib/gloo
copying caffe2/contrib/gloo/__init__.py -> build/lib.linux-ppc64le-3.7/caffe2/contrib/gloo
copying caffe2/contrib/gloo/gloo_test.py -> build/lib.linux-ppc64le-3.7/caffe2/contrib/gloo
creating build/lib.linux-ppc64le-3.7/caffe2/contrib/nnpack
copying caffe2/contrib/nnpack/__init__.py -> build/lib.linux-ppc64le-3.7/caffe2/contrib/nnpack
copying caffe2/contrib/nnpack/nnpack_ops_test.py -> build/lib.linux-ppc64le-3.7/caffe2/contrib/nnpack
creating build/lib.linux-ppc64le-3.7/caffe2/contrib/nccl
copying caffe2/contrib/nccl/__init__.py -> build/lib.linux-ppc64le-3.7/caffe2/contrib/nccl
copying caffe2/contrib/nccl/nccl_ops_test.py -> build/lib.linux-ppc64le-3.7/caffe2/contrib/nccl
creating build/lib.linux-ppc64le-3.7/caffe2/contrib/script/examples
copying caffe2/contrib/script/examples/__init__.py -> build/lib.linux-ppc64le-3.7/caffe2/contrib/script/examples
creating build/lib.linux-ppc64le-3.7/caffe2/contrib/aten/docs
copying caffe2/contrib/aten/docs/__init__.py -> build/lib.linux-ppc64le-3.7/caffe2/contrib/aten/docs
copying caffe2/contrib/aten/docs/sample.py -> build/lib.linux-ppc64le-3.7/caffe2/contrib/aten/docs
creating build/lib.linux-ppc64le-3.7/caffe2/contrib/playground/resnetdemo
copying caffe2/contrib/playground/resnetdemo/caffe2_resnet50_default_forward.py -> build/lib.linux-ppc64le-3.7/caffe2/contrib/playground/resnetdemo
copying caffe2/contrib/playground/resnetdemo/IN1k_resnet_no_test_model.py -> build/lib.linux-ppc64le-3.7/caffe2/contrib/playground/resnetdemo
copying caffe2/contrib/playground/resnetdemo/explicit_resnet_forward.py -> build/lib.linux-ppc64le-3.7/caffe2/contrib/playground/resnetdemo
copying caffe2/contrib/playground/resnetdemo/explicit_resnet_param_update.py -> build/lib.linux-ppc64le-3.7/caffe2/contrib/playground/resnetdemo
copying caffe2/contrib/playground/resnetdemo/override_no_test_model_no_checkpoint.py -> build/lib.linux-ppc64le-3.7/caffe2/contrib/playground/resnetdemo
copying caffe2/contrib/playground/resnetdemo/__init__.py -> build/lib.linux-ppc64le-3.7/caffe2/contrib/playground/resnetdemo
copying caffe2/contrib/playground/resnetdemo/gfs_IN1k.py -> build/lib.linux-ppc64le-3.7/caffe2/contrib/playground/resnetdemo
copying caffe2/contrib/playground/resnetdemo/IN1k_resnet.py -> build/lib.linux-ppc64le-3.7/caffe2/contrib/playground/resnetdemo
copying caffe2/contrib/playground/resnetdemo/rendezvous_filestore.py -> build/lib.linux-ppc64le-3.7/caffe2/contrib/playground/resnetdemo
copying caffe2/contrib/playground/resnetdemo/caffe2_resnet50_default_param_update.py -> build/lib.linux-ppc64le-3.7/caffe2/contrib/playground/resnetdemo
creating build/lib.linux-ppc64le-3.7/caffe2/python/ideep
copying caffe2/python/ideep/spatial_bn_op_test.py -> build/lib.linux-ppc64le-3.7/caffe2/python/ideep
copying caffe2/python/ideep/sigmoid_op_test.py -> build/lib.linux-ppc64le-3.7/caffe2/python/ideep
copying caffe2/python/ideep/relu_op_test.py -> build/lib.linux-ppc64le-3.7/caffe2/python/ideep
copying caffe2/python/ideep/order_switch_op_test.py -> build/lib.linux-ppc64le-3.7/caffe2/python/ideep
copying caffe2/python/ideep/shape_op_test.py -> build/lib.linux-ppc64le-3.7/caffe2/python/ideep
copying caffe2/python/ideep/expanddims_squeeze_op_test.py -> build/lib.linux-ppc64le-3.7/caffe2/python/ideep
copying caffe2/python/ideep/test_ideep_net.py -> build/lib.linux-ppc64le-3.7/caffe2/python/ideep
copying caffe2/python/ideep/copy_op_test.py -> build/lib.linux-ppc64le-3.7/caffe2/python/ideep
copying caffe2/python/ideep/blobs_queue_db_test.py -> build/lib.linux-ppc64le-3.7/caffe2/python/ideep
copying caffe2/python/ideep/concat_split_op_test.py -> build/lib.linux-ppc64le-3.7/caffe2/python/ideep
copying caffe2/python/ideep/__init__.py -> build/lib.linux-ppc64le-3.7/caffe2/python/ideep
copying caffe2/python/ideep/moment_sgd_op_test.py -> build/lib.linux-ppc64le-3.7/caffe2/python/ideep
copying caffe2/python/ideep/fc_op_test.py -> build/lib.linux-ppc64le-3.7/caffe2/python/ideep
copying caffe2/python/ideep/channel_shuffle_op_test.py -> build/lib.linux-ppc64le-3.7/caffe2/python/ideep
copying caffe2/python/ideep/leaky_relu_op_test.py -> build/lib.linux-ppc64le-3.7/caffe2/python/ideep
copying caffe2/python/ideep/LRN_op_test.py -> build/lib.linux-ppc64le-3.7/caffe2/python/ideep
copying caffe2/python/ideep/softmax_op_test.py -> build/lib.linux-ppc64le-3.7/caffe2/python/ideep
copying caffe2/python/ideep/transpose_op_test.py -> build/lib.linux-ppc64le-3.7/caffe2/python/ideep
copying caffe2/python/ideep/conv_transpose_test.py -> build/lib.linux-ppc64le-3.7/caffe2/python/ideep
copying caffe2/python/ideep/pre_convert_test.py -> build/lib.linux-ppc64le-3.7/caffe2/python/ideep
copying caffe2/python/ideep/pool_op_test.py -> build/lib.linux-ppc64le-3.7/caffe2/python/ideep
copying caffe2/python/ideep/convfusion_op_test.py -> build/lib.linux-ppc64le-3.7/caffe2/python/ideep
copying caffe2/python/ideep/operator_fallback_op_test.py -> build/lib.linux-ppc64le-3.7/caffe2/python/ideep
copying caffe2/python/ideep/weightedsum_op_test.py -> build/lib.linux-ppc64le-3.7/caffe2/python/ideep
copying caffe2/python/ideep/adam_op_test.py -> build/lib.linux-ppc64le-3.7/caffe2/python/ideep
copying caffe2/python/ideep/transform_ideep_net.py -> build/lib.linux-ppc64le-3.7/caffe2/python/ideep
copying caffe2/python/ideep/reshape_op_test.py -> build/lib.linux-ppc64le-3.7/caffe2/python/ideep
copying caffe2/python/ideep/conv_op_test.py -> build/lib.linux-ppc64le-3.7/caffe2/python/ideep
copying caffe2/python/ideep/dropout_op_test.py -> build/lib.linux-ppc64le-3.7/caffe2/python/ideep
copying caffe2/python/ideep/elementwise_sum_op_test.py -> build/lib.linux-ppc64le-3.7/caffe2/python/ideep
creating build/lib.linux-ppc64le-3.7/caffe2/python/docs
copying caffe2/python/docs/github.py -> build/lib.linux-ppc64le-3.7/caffe2/python/docs
copying caffe2/python/docs/generator.py -> build/lib.linux-ppc64le-3.7/caffe2/python/docs
copying caffe2/python/docs/parser.py -> build/lib.linux-ppc64le-3.7/caffe2/python/docs
copying caffe2/python/docs/formatter.py -> build/lib.linux-ppc64le-3.7/caffe2/python/docs
copying caffe2/python/docs/__init__.py -> build/lib.linux-ppc64le-3.7/caffe2/python/docs
creating build/lib.linux-ppc64le-3.7/caffe2/python/serialized_test
copying caffe2/python/serialized_test/serialized_test_util.py -> build/lib.linux-ppc64le-3.7/caffe2/python/serialized_test
copying caffe2/python/serialized_test/coverage.py -> build/lib.linux-ppc64le-3.7/caffe2/python/serialized_test
copying caffe2/python/serialized_test/__init__.py -> build/lib.linux-ppc64le-3.7/caffe2/python/serialized_test
creating build/lib.linux-ppc64le-3.7/caffe2/python/predictor
copying caffe2/python/predictor/predictor_py_utils.py -> build/lib.linux-ppc64le-3.7/caffe2/python/predictor
copying caffe2/python/predictor/predictor_exporter_test.py -> build/lib.linux-ppc64le-3.7/caffe2/python/predictor
copying caffe2/python/predictor/serde.py -> build/lib.linux-ppc64le-3.7/caffe2/python/predictor
copying caffe2/python/predictor/predictor_exporter.py -> build/lib.linux-ppc64le-3.7/caffe2/python/predictor
copying caffe2/python/predictor/mobile_exporter.py -> build/lib.linux-ppc64le-3.7/caffe2/python/predictor
copying caffe2/python/predictor/__init__.py -> build/lib.linux-ppc64le-3.7/caffe2/python/predictor
copying caffe2/python/predictor/mobile_exporter_test.py -> build/lib.linux-ppc64le-3.7/caffe2/python/predictor
copying caffe2/python/predictor/predictor_test.py -> build/lib.linux-ppc64le-3.7/caffe2/python/predictor
creating build/lib.linux-ppc64le-3.7/caffe2/python/trt
copying caffe2/python/trt/__init__.py -> build/lib.linux-ppc64le-3.7/caffe2/python/trt
copying caffe2/python/trt/test_pt_onnx_trt.py -> build/lib.linux-ppc64le-3.7/caffe2/python/trt
copying caffe2/python/trt/test_trt.py -> build/lib.linux-ppc64le-3.7/caffe2/python/trt
copying caffe2/python/trt/transform.py -> build/lib.linux-ppc64le-3.7/caffe2/python/trt
creating build/lib.linux-ppc64le-3.7/caffe2/python/operator_test
copying caffe2/python/operator_test/fc_operator_test.py -> build/lib.linux-ppc64le-3.7/caffe2/python/operator_test
copying caffe2/python/operator_test/spatial_bn_op_test.py -> build/lib.linux-ppc64le-3.7/caffe2/python/operator_test
copying caffe2/python/operator_test/moments_op_test.py -> build/lib.linux-ppc64le-3.7/caffe2/python/operator_test
copying caffe2/python/operator_test/sparse_gradient_checker_test.py -> build/lib.linux-ppc64le-3.7/caffe2/python/operator_test
copying caffe2/python/operator_test/cross_entropy_ops_test.py -> build/lib.linux-ppc64le-3.7/caffe2/python/operator_test
copying caffe2/python/operator_test/sequence_ops_test.py -> build/lib.linux-ppc64le-3.7/caffe2/python/operator_test
copying caffe2/python/operator_test/normalize_op_test.py -> build/lib.linux-ppc64le-3.7/caffe2/python/operator_test
copying caffe2/python/operator_test/upsample_op_test.py -> build/lib.linux-ppc64le-3.7/caffe2/python/operator_test
copying caffe2/python/operator_test/record_queue_test.py -> build/lib.linux-ppc64le-3.7/caffe2/python/operator_test
copying caffe2/python/operator_test/arg_ops_test.py -> build/lib.linux-ppc64le-3.7/caffe2/python/operator_test
copying caffe2/python/operator_test/assert_test.py -> build/lib.linux-ppc64le-3.7/caffe2/python/operator_test
copying caffe2/python/operator_test/index_hash_ops_test.py -> build/lib.linux-ppc64le-3.7/caffe2/python/operator_test
copying caffe2/python/operator_test/map_ops_test.py -> build/lib.linux-ppc64le-3.7/caffe2/python/operator_test
copying caffe2/python/operator_test/lpnorm_op_test.py -> build/lib.linux-ppc64le-3.7/caffe2/python/operator_test
copying caffe2/python/operator_test/fused_nbit_rowwise_test_helper.py -> build/lib.linux-ppc64le-3.7/caffe2/python/operator_test
copying caffe2/python/operator_test/bisect_percentile_op_test.py -> build/lib.linux-ppc64le-3.7/caffe2/python/operator_test
copying caffe2/python/operator_test/leaky_relu_test.py -> build/lib.linux-ppc64le-3.7/caffe2/python/operator_test
copying caffe2/python/operator_test/scale_op_test.py -> build/lib.linux-ppc64le-3.7/caffe2/python/operator_test
copying caffe2/python/operator_test/rmac_regions_op_test.py -> build/lib.linux-ppc64le-3.7/caffe2/python/operator_test
copying caffe2/python/operator_test/given_tensor_fill_op_test.py -> build/lib.linux-ppc64le-3.7/caffe2/python/operator_test
copying caffe2/python/operator_test/lengths_pad_op_test.py -> build/lib.linux-ppc64le-3.7/caffe2/python/operator_test
copying caffe2/python/operator_test/selu_op_test.py -> build/lib.linux-ppc64le-3.7/caffe2/python/operator_test
copying caffe2/python/operator_test/mkl_conv_op_test.py -> build/lib.linux-ppc64le-3.7/caffe2/python/operator_test
copying caffe2/python/operator_test/elementwise_logical_ops_test.py -> build/lib.linux-ppc64le-3.7/caffe2/python/operator_test
copying caffe2/python/operator_test/instance_norm_test.py -> build/lib.linux-ppc64le-3.7/caffe2/python/operator_test
copying caffe2/python/operator_test/batch_moments_op_test.py -> build/lib.linux-ppc64le-3.7/caffe2/python/operator_test
copying caffe2/python/operator_test/pack_rnn_sequence_op_test.py -> build/lib.linux-ppc64le-3.7/caffe2/python/operator_test
copying caffe2/python/operator_test/given_tensor_byte_string_to_uint8_fill_op_test.py -> build/lib.linux-ppc64le-3.7/caffe2/python/operator_test
copying caffe2/python/operator_test/checkpoint_test.py -> build/lib.linux-ppc64le-3.7/caffe2/python/operator_test
copying caffe2/python/operator_test/thresholded_relu_op_test.py -> build/lib.linux-ppc64le-3.7/caffe2/python/operator_test
copying caffe2/python/operator_test/jsd_ops_test.py -> build/lib.linux-ppc64le-3.7/caffe2/python/operator_test
copying caffe2/python/operator_test/atomic_ops_test.py -> build/lib.linux-ppc64le-3.7/caffe2/python/operator_test
copying caffe2/python/operator_test/fused_nbit_rowwise_conversion_ops_test.py -> build/lib.linux-ppc64le-3.7/caffe2/python/operator_test
copying caffe2/python/operator_test/pooling_test.py -> build/lib.linux-ppc64le-3.7/caffe2/python/operator_test
copying caffe2/python/operator_test/gather_ops_test.py -> build/lib.linux-ppc64le-3.7/caffe2/python/operator_test
copying caffe2/python/operator_test/weight_scale_test.py -> build/lib.linux-ppc64le-3.7/caffe2/python/operator_test
copying caffe2/python/operator_test/listwise_l2r_operator_test.py -> build/lib.linux-ppc64le-3.7/caffe2/python/operator_test
copying caffe2/python/operator_test/elementwise_op_broadcast_test.py -> build/lib.linux-ppc64le-3.7/caffe2/python/operator_test
copying caffe2/python/operator_test/softplus_op_test.py -> build/lib.linux-ppc64le-3.7/caffe2/python/operator_test
copying caffe2/python/operator_test/layer_norm_op_test.py -> build/lib.linux-ppc64le-3.7/caffe2/python/operator_test
copying caffe2/python/operator_test/copy_ops_test.py -> build/lib.linux-ppc64le-3.7/caffe2/python/operator_test
copying caffe2/python/operator_test/weighted_multi_sample_test.py -> build/lib.linux-ppc64le-3.7/caffe2/python/operator_test
copying caffe2/python/operator_test/mul_gradient_benchmark.py -> build/lib.linux-ppc64le-3.7/caffe2/python/operator_test
copying caffe2/python/operator_test/merge_id_lists_op_test.py -> build/lib.linux-ppc64le-3.7/caffe2/python/operator_test
copying caffe2/python/operator_test/image_input_op_test.py -> build/lib.linux-ppc64le-3.7/caffe2/python/operator_test
copying caffe2/python/operator_test/partition_ops_test.py -> build/lib.linux-ppc64le-3.7/caffe2/python/operator_test
copying caffe2/python/operator_test/rank_loss_operator_test.py -> build/lib.linux-ppc64le-3.7/caffe2/python/operator_test
copying caffe2/python/operator_test/filler_ops_test.py -> build/lib.linux-ppc64le-3.7/caffe2/python/operator_test
copying caffe2/python/operator_test/elementwise_ops_test.py -> build/lib.linux-ppc64le-3.7/caffe2/python/operator_test
copying caffe2/python/operator_test/resize_op_test.py -> build/lib.linux-ppc64le-3.7/caffe2/python/operator_test
copying caffe2/python/operator_test/stats_put_ops_test.py -> build/lib.linux-ppc64le-3.7/caffe2/python/operator_test
copying caffe2/python/operator_test/tile_op_test.py -> build/lib.linux-ppc64le-3.7/caffe2/python/operator_test
copying caffe2/python/operator_test/sinusoid_position_encoding_op_test.py -> build/lib.linux-ppc64le-3.7/caffe2/python/operator_test
copying caffe2/python/operator_test/enforce_finite_op_test.py -> build/lib.linux-ppc64le-3.7/caffe2/python/operator_test
copying caffe2/python/operator_test/lengths_tile_op_test.py -> build/lib.linux-ppc64le-3.7/caffe2/python/operator_test
copying caffe2/python/operator_test/ctc_beam_search_decoder_op_test.py -> build/lib.linux-ppc64le-3.7/caffe2/python/operator_test
copying caffe2/python/operator_test/onnx_while_test.py -> build/lib.linux-ppc64le-3.7/caffe2/python/operator_test
copying caffe2/python/operator_test/load_save_test.py -> build/lib.linux-ppc64le-3.7/caffe2/python/operator_test
copying caffe2/python/operator_test/locally_connected_op_test.py -> build/lib.linux-ppc64le-3.7/caffe2/python/operator_test
copying caffe2/python/operator_test/quantile_test.py -> build/lib.linux-ppc64le-3.7/caffe2/python/operator_test
copying caffe2/python/operator_test/group_conv_test.py -> build/lib.linux-ppc64le-3.7/caffe2/python/operator_test
copying caffe2/python/operator_test/flatten_op_test.py -> build/lib.linux-ppc64le-3.7/caffe2/python/operator_test
copying caffe2/python/operator_test/blobs_queue_db_test.py -> build/lib.linux-ppc64le-3.7/caffe2/python/operator_test
copying caffe2/python/operator_test/top_k_test.py -> build/lib.linux-ppc64le-3.7/caffe2/python/operator_test
copying caffe2/python/operator_test/batch_bucketize_op_test.py -> build/lib.linux-ppc64le-3.7/caffe2/python/operator_test
copying caffe2/python/operator_test/roi_align_rotated_op_test.py -> build/lib.linux-ppc64le-3.7/caffe2/python/operator_test
copying caffe2/python/operator_test/concat_split_op_test.py -> build/lib.linux-ppc64le-3.7/caffe2/python/operator_test
copying caffe2/python/operator_test/recurrent_net_executor_test.py -> build/lib.linux-ppc64le-3.7/caffe2/python/operator_test
copying caffe2/python/operator_test/sparse_ops_test.py -> build/lib.linux-ppc64le-3.7/caffe2/python/operator_test
copying caffe2/python/operator_test/rnn_cell_test.py -> build/lib.linux-ppc64le-3.7/caffe2/python/operator_test
copying caffe2/python/operator_test/affine_channel_op_test.py -> build/lib.linux-ppc64le-3.7/caffe2/python/operator_test
copying caffe2/python/operator_test/unique_ops_test.py -> build/lib.linux-ppc64le-3.7/caffe2/python/operator_test
copying caffe2/python/operator_test/find_op_test.py -> build/lib.linux-ppc64le-3.7/caffe2/python/operator_test
copying caffe2/python/operator_test/channel_stats_op_test.py -> build/lib.linux-ppc64le-3.7/caffe2/python/operator_test
copying caffe2/python/operator_test/__init__.py -> build/lib.linux-ppc64le-3.7/caffe2/python/operator_test
copying caffe2/python/operator_test/clip_op_test.py -> build/lib.linux-ppc64le-3.7/caffe2/python/operator_test
copying caffe2/python/operator_test/box_with_nms_limit_op_test.py -> build/lib.linux-ppc64le-3.7/caffe2/python/operator_test
copying caffe2/python/operator_test/margin_ranking_criterion_op_test.py -> build/lib.linux-ppc64le-3.7/caffe2/python/operator_test
copying caffe2/python/operator_test/mkl_packed_fc_op_test.py -> build/lib.linux-ppc64le-3.7/caffe2/python/operator_test
copying caffe2/python/operator_test/sparse_normalize_test.py -> build/lib.linux-ppc64le-3.7/caffe2/python/operator_test
copying caffe2/python/operator_test/conftest.py -> build/lib.linux-ppc64le-3.7/caffe2/python/operator_test
copying caffe2/python/operator_test/adadelta_test.py -> build/lib.linux-ppc64le-3.7/caffe2/python/operator_test
copying caffe2/python/operator_test/floor_op_test.py -> build/lib.linux-ppc64le-3.7/caffe2/python/operator_test
copying caffe2/python/operator_test/sparse_lp_regularizer_test.py -> build/lib.linux-ppc64le-3.7/caffe2/python/operator_test
copying caffe2/python/operator_test/alias_with_name_test.py -> build/lib.linux-ppc64le-3.7/caffe2/python/operator_test
copying caffe2/python/operator_test/torch_integration_test.py -> build/lib.linux-ppc64le-3.7/caffe2/python/operator_test
copying caffe2/python/operator_test/reduce_ops_test.py -> build/lib.linux-ppc64le-3.7/caffe2/python/operator_test
copying caffe2/python/operator_test/group_norm_op_test.py -> build/lib.linux-ppc64le-3.7/caffe2/python/operator_test
copying caffe2/python/operator_test/heatmap_max_keypoint_op_test.py -> build/lib.linux-ppc64le-3.7/caffe2/python/operator_test
copying caffe2/python/operator_test/utility_ops_test.py -> build/lib.linux-ppc64le-3.7/caffe2/python/operator_test
copying caffe2/python/operator_test/clip_tensor_op_test.py -> build/lib.linux-ppc64le-3.7/caffe2/python/operator_test
copying caffe2/python/operator_test/deform_conv_test.py -> build/lib.linux-ppc64le-3.7/caffe2/python/operator_test
copying caffe2/python/operator_test/data_couple_op_test.py -> build/lib.linux-ppc64le-3.7/caffe2/python/operator_test
copying caffe2/python/operator_test/percentile_op_test.py -> build/lib.linux-ppc64le-3.7/caffe2/python/operator_test
copying caffe2/python/operator_test/negate_gradient_op_test.py -> build/lib.linux-ppc64le-3.7/caffe2/python/operator_test
copying caffe2/python/operator_test/cast_op_test.py -> build/lib.linux-ppc64le-3.7/caffe2/python/operator_test
copying caffe2/python/operator_test/trigonometric_op_test.py -> build/lib.linux-ppc64le-3.7/caffe2/python/operator_test
copying caffe2/python/operator_test/length_split_op_test.py -> build/lib.linux-ppc64le-3.7/caffe2/python/operator_test
copying caffe2/python/operator_test/matmul_op_test.py -> build/lib.linux-ppc64le-3.7/caffe2/python/operator_test
copying caffe2/python/operator_test/im2col_col2im_test.py -> build/lib.linux-ppc64le-3.7/caffe2/python/operator_test
copying caffe2/python/operator_test/text_file_reader_test.py -> build/lib.linux-ppc64le-3.7/caffe2/python/operator_test
copying caffe2/python/operator_test/transpose_op_test.py -> build/lib.linux-ppc64le-3.7/caffe2/python/operator_test
copying caffe2/python/operator_test/one_hot_ops_test.py -> build/lib.linux-ppc64le-3.7/caffe2/python/operator_test
copying caffe2/python/operator_test/gru_test.py -> build/lib.linux-ppc64le-3.7/caffe2/python/operator_test
copying caffe2/python/operator_test/glu_op_test.py -> build/lib.linux-ppc64le-3.7/caffe2/python/operator_test
copying caffe2/python/operator_test/conv_transpose_test.py -> build/lib.linux-ppc64le-3.7/caffe2/python/operator_test
copying caffe2/python/operator_test/ctc_greedy_decoder_op_test.py -> build/lib.linux-ppc64le-3.7/caffe2/python/operator_test
copying caffe2/python/operator_test/softmax_ops_test.py -> build/lib.linux-ppc64le-3.7/caffe2/python/operator_test
copying caffe2/python/operator_test/reshape_ops_test.py -> build/lib.linux-ppc64le-3.7/caffe2/python/operator_test
copying caffe2/python/operator_test/reduction_ops_test.py -> build/lib.linux-ppc64le-3.7/caffe2/python/operator_test
copying caffe2/python/operator_test/lars_test.py -> build/lib.linux-ppc64le-3.7/caffe2/python/operator_test
copying caffe2/python/operator_test/counter_ops_test.py -> build/lib.linux-ppc64le-3.7/caffe2/python/operator_test
copying caffe2/python/operator_test/bbox_transform_test.py -> build/lib.linux-ppc64le-3.7/caffe2/python/operator_test
copying caffe2/python/operator_test/cudnn_recurrent_test.py -> build/lib.linux-ppc64le-3.7/caffe2/python/operator_test
copying caffe2/python/operator_test/boolean_unmask_test.py -> build/lib.linux-ppc64le-3.7/caffe2/python/operator_test
copying caffe2/python/operator_test/prepend_dim_test.py -> build/lib.linux-ppc64le-3.7/caffe2/python/operator_test
copying caffe2/python/operator_test/mod_op_test.py -> build/lib.linux-ppc64le-3.7/caffe2/python/operator_test
copying caffe2/python/operator_test/detectron_keypoints.py -> build/lib.linux-ppc64le-3.7/caffe2/python/operator_test
copying caffe2/python/operator_test/erf_op_test.py -> build/lib.linux-ppc64le-3.7/caffe2/python/operator_test
copying caffe2/python/operator_test/square_root_divide_op_test.py -> build/lib.linux-ppc64le-3.7/caffe2/python/operator_test
copying caffe2/python/operator_test/batch_sparse_to_dense_op_test.py -> build/lib.linux-ppc64le-3.7/caffe2/python/operator_test
copying caffe2/python/operator_test/weighted_sum_test.py -> build/lib.linux-ppc64le-3.7/caffe2/python/operator_test
copying caffe2/python/operator_test/lengths_reducer_fused_nbit_rowwise_ops_test.py -> build/lib.linux-ppc64le-3.7/caffe2/python/operator_test
copying caffe2/python/operator_test/copy_rows_to_tensor_op_test.py -> build/lib.linux-ppc64le-3.7/caffe2/python/operator_test
copying caffe2/python/operator_test/learning_rate_op_test.py -> build/lib.linux-ppc64le-3.7/caffe2/python/operator_test
copying caffe2/python/operator_test/learning_rate_adaption_op_test.py -> build/lib.linux-ppc64le-3.7/caffe2/python/operator_test
copying caffe2/python/operator_test/crf_test.py -> build/lib.linux-ppc64le-3.7/caffe2/python/operator_test
copying caffe2/python/operator_test/feature_maps_ops_test.py -> build/lib.linux-ppc64le-3.7/caffe2/python/operator_test
copying caffe2/python/operator_test/hyperbolic_ops_test.py -> build/lib.linux-ppc64le-3.7/caffe2/python/operator_test
copying caffe2/python/operator_test/basic_rnn_test.py -> build/lib.linux-ppc64le-3.7/caffe2/python/operator_test
copying caffe2/python/operator_test/wngrad_test.py -> build/lib.linux-ppc64le-3.7/caffe2/python/operator_test
copying caffe2/python/operator_test/expand_op_test.py -> build/lib.linux-ppc64le-3.7/caffe2/python/operator_test
copying caffe2/python/operator_test/sparse_dropout_with_replacement_op_test.py -> build/lib.linux-ppc64le-3.7/caffe2/python/operator_test
copying caffe2/python/operator_test/shape_inference_test.py -> build/lib.linux-ppc64le-3.7/caffe2/python/operator_test
copying caffe2/python/operator_test/lengths_top_k_ops_test.py -> build/lib.linux-ppc64le-3.7/caffe2/python/operator_test
copying caffe2/python/operator_test/python_op_test.py -> build/lib.linux-ppc64le-3.7/caffe2/python/operator_test
copying caffe2/python/operator_test/channel_backprop_stats_op_test.py -> build/lib.linux-ppc64le-3.7/caffe2/python/operator_test
copying caffe2/python/operator_test/dataset_ops_test.py -> build/lib.linux-ppc64le-3.7/caffe2/python/operator_test
copying caffe2/python/operator_test/pack_ops_test.py -> build/lib.linux-ppc64le-3.7/caffe2/python/operator_test
copying caffe2/python/operator_test/cosine_embedding_criterion_op_test.py -> build/lib.linux-ppc64le-3.7/caffe2/python/operator_test
copying caffe2/python/operator_test/adagrad_test.py -> build/lib.linux-ppc64le-3.7/caffe2/python/operator_test
copying caffe2/python/operator_test/duplicate_operands_test.py -> build/lib.linux-ppc64le-3.7/caffe2/python/operator_test
copying caffe2/python/operator_test/bucketize_op_test.py -> build/lib.linux-ppc64le-3.7/caffe2/python/operator_test
copying caffe2/python/operator_test/dense_vector_to_id_list_op_test.py -> build/lib.linux-ppc64le-3.7/caffe2/python/operator_test
copying caffe2/python/operator_test/collect_and_distribute_fpn_rpn_proposals_op_test.py -> build/lib.linux-ppc64le-3.7/caffe2/python/operator_test
copying caffe2/python/operator_test/ensure_cpu_output_op_test.py -> build/lib.linux-ppc64le-3.7/caffe2/python/operator_test
copying caffe2/python/operator_test/key_split_ops_test.py -> build/lib.linux-ppc64le-3.7/caffe2/python/operator_test
copying caffe2/python/operator_test/emptysample_ops_test.py -> build/lib.linux-ppc64le-3.7/caffe2/python/operator_test
copying caffe2/python/operator_test/ensure_clipped_test.py -> build/lib.linux-ppc64le-3.7/caffe2/python/operator_test
copying caffe2/python/operator_test/loss_ops_test.py -> build/lib.linux-ppc64le-3.7/caffe2/python/operator_test
copying caffe2/python/operator_test/weighted_sample_test.py -> build/lib.linux-ppc64le-3.7/caffe2/python/operator_test
copying caffe2/python/operator_test/activation_ops_test.py -> build/lib.linux-ppc64le-3.7/caffe2/python/operator_test
copying caffe2/python/operator_test/storm_test.py -> build/lib.linux-ppc64le-3.7/caffe2/python/operator_test
copying caffe2/python/operator_test/mean_op_test.py -> build/lib.linux-ppc64le-3.7/caffe2/python/operator_test
copying caffe2/python/operator_test/distance_op_test.py -> build/lib.linux-ppc64le-3.7/caffe2/python/operator_test
copying caffe2/python/operator_test/numpy_tile_op_test.py -> build/lib.linux-ppc64le-3.7/caffe2/python/operator_test
copying caffe2/python/operator_test/ngram_ops_test.py -> build/lib.linux-ppc64le-3.7/caffe2/python/operator_test
copying caffe2/python/operator_test/pad_test.py -> build/lib.linux-ppc64le-3.7/caffe2/python/operator_test
copying caffe2/python/operator_test/rebatching_queue_test.py -> build/lib.linux-ppc64le-3.7/caffe2/python/operator_test
copying caffe2/python/operator_test/rand_quantization_op_test.py -> build/lib.linux-ppc64le-3.7/caffe2/python/operator_test
copying caffe2/python/operator_test/sparse_lengths_sum_benchmark.py -> build/lib.linux-ppc64le-3.7/caffe2/python/operator_test
copying caffe2/python/operator_test/histogram_test.py -> build/lib.linux-ppc64le-3.7/caffe2/python/operator_test
copying caffe2/python/operator_test/self_binning_histogram_test.py -> build/lib.linux-ppc64le-3.7/caffe2/python/operator_test
copying caffe2/python/operator_test/rand_quantization_op_speed_test.py -> build/lib.linux-ppc64le-3.7/caffe2/python/operator_test
copying caffe2/python/operator_test/adagrad_test_helper.py -> build/lib.linux-ppc64le-3.7/caffe2/python/operator_test
copying caffe2/python/operator_test/hsm_test.py -> build/lib.linux-ppc64le-3.7/caffe2/python/operator_test
copying caffe2/python/operator_test/video_input_op_test.py -> build/lib.linux-ppc64le-3.7/caffe2/python/operator_test
copying caffe2/python/operator_test/unique_uniform_fill_op_test.py -> build/lib.linux-ppc64le-3.7/caffe2/python/operator_test
copying caffe2/python/operator_test/stats_ops_test.py -> build/lib.linux-ppc64le-3.7/caffe2/python/operator_test
copying caffe2/python/operator_test/math_ops_test.py -> build/lib.linux-ppc64le-3.7/caffe2/python/operator_test
copying caffe2/python/operator_test/order_switch_test.py -> build/lib.linux-ppc64le-3.7/caffe2/python/operator_test
copying caffe2/python/operator_test/conv_test.py -> build/lib.linux-ppc64le-3.7/caffe2/python/operator_test
copying caffe2/python/operator_test/recurrent_network_test.py -> build/lib.linux-ppc64le-3.7/caffe2/python/operator_test
copying caffe2/python/operator_test/conditional_test.py -> build/lib.linux-ppc64le-3.7/caffe2/python/operator_test
copying caffe2/python/operator_test/adam_test.py -> build/lib.linux-ppc64le-3.7/caffe2/python/operator_test
copying caffe2/python/operator_test/gather_ranges_op_test.py -> build/lib.linux-ppc64le-3.7/caffe2/python/operator_test
copying caffe2/python/operator_test/momentum_sgd_test.py -> build/lib.linux-ppc64le-3.7/caffe2/python/operator_test
copying caffe2/python/operator_test/batch_box_cox_test.py -> build/lib.linux-ppc64le-3.7/caffe2/python/operator_test
copying caffe2/python/operator_test/rowwise_counter_test.py -> build/lib.linux-ppc64le-3.7/caffe2/python/operator_test
copying caffe2/python/operator_test/depthwise_3x3_conv_test.py -> build/lib.linux-ppc64le-3.7/caffe2/python/operator_test
copying caffe2/python/operator_test/index_ops_test.py -> build/lib.linux-ppc64le-3.7/caffe2/python/operator_test
copying caffe2/python/operator_test/integral_image_ops_test.py -> build/lib.linux-ppc64le-3.7/caffe2/python/operator_test
copying caffe2/python/operator_test/segment_ops_test.py -> build/lib.linux-ppc64le-3.7/caffe2/python/operator_test
copying caffe2/python/operator_test/elementwise_linear_op_test.py -> build/lib.linux-ppc64le-3.7/caffe2/python/operator_test
copying caffe2/python/operator_test/apmeter_test.py -> build/lib.linux-ppc64le-3.7/caffe2/python/operator_test
copying caffe2/python/operator_test/channel_shuffle_test.py -> build/lib.linux-ppc64le-3.7/caffe2/python/operator_test
copying caffe2/python/operator_test/string_ops_test.py -> build/lib.linux-ppc64le-3.7/caffe2/python/operator_test
copying caffe2/python/operator_test/dropout_op_test.py -> build/lib.linux-ppc64le-3.7/caffe2/python/operator_test
copying caffe2/python/operator_test/mpi_test.py -> build/lib.linux-ppc64le-3.7/caffe2/python/operator_test
copying caffe2/python/operator_test/piecewise_linear_transform_test.py -> build/lib.linux-ppc64le-3.7/caffe2/python/operator_test
copying caffe2/python/operator_test/specialized_segment_ops_test.py -> build/lib.linux-ppc64le-3.7/caffe2/python/operator_test
copying caffe2/python/operator_test/ceil_op_test.py -> build/lib.linux-ppc64le-3.7/caffe2/python/operator_test
copying caffe2/python/operator_test/sparse_to_dense_mask_op_test.py -> build/lib.linux-ppc64le-3.7/caffe2/python/operator_test
copying caffe2/python/operator_test/flexible_top_k_test.py -> build/lib.linux-ppc64le-3.7/caffe2/python/operator_test
copying caffe2/python/operator_test/boolean_mask_test.py -> build/lib.linux-ppc64le-3.7/caffe2/python/operator_test
creating build/lib.linux-ppc64le-3.7/caffe2/python/onnx
copying caffe2/python/onnx/workspace.py -> build/lib.linux-ppc64le-3.7/caffe2/python/onnx
copying caffe2/python/onnx/__init__.py -> build/lib.linux-ppc64le-3.7/caffe2/python/onnx
copying caffe2/python/onnx/test_onnxifi.py -> build/lib.linux-ppc64le-3.7/caffe2/python/onnx
copying caffe2/python/onnx/helper.py -> build/lib.linux-ppc64le-3.7/caffe2/python/onnx
copying caffe2/python/onnx/backend.py -> build/lib.linux-ppc64le-3.7/caffe2/python/onnx
copying caffe2/python/onnx/onnxifi.py -> build/lib.linux-ppc64le-3.7/caffe2/python/onnx
copying caffe2/python/onnx/frontend.py -> build/lib.linux-ppc64le-3.7/caffe2/python/onnx
copying caffe2/python/onnx/backend_rep.py -> build/lib.linux-ppc64le-3.7/caffe2/python/onnx
copying caffe2/python/onnx/error.py -> build/lib.linux-ppc64le-3.7/caffe2/python/onnx
copying caffe2/python/onnx/backend_cpp_rep.py -> build/lib.linux-ppc64le-3.7/caffe2/python/onnx
creating build/lib.linux-ppc64le-3.7/caffe2/python/models
copying caffe2/python/models/imagenet_trainer_test_utils.py -> build/lib.linux-ppc64le-3.7/caffe2/python/models
copying caffe2/python/models/resnet_test.py -> build/lib.linux-ppc64le-3.7/caffe2/python/models
copying caffe2/python/models/__sym_init__.py -> build/lib.linux-ppc64le-3.7/caffe2/python/models
copying caffe2/python/models/shufflenet_test.py -> build/lib.linux-ppc64le-3.7/caffe2/python/models
copying caffe2/python/models/resnet.py -> build/lib.linux-ppc64le-3.7/caffe2/python/models
copying caffe2/python/models/__init__.py -> build/lib.linux-ppc64le-3.7/caffe2/python/models
copying caffe2/python/models/download.py -> build/lib.linux-ppc64le-3.7/caffe2/python/models
copying caffe2/python/models/shufflenet.py -> build/lib.linux-ppc64le-3.7/caffe2/python/models
creating build/lib.linux-ppc64le-3.7/caffe2/python/fakelowp
copying caffe2/python/fakelowp/__init__.py -> build/lib.linux-ppc64le-3.7/caffe2/python/fakelowp
copying caffe2/python/fakelowp/test_utils.py -> build/lib.linux-ppc64le-3.7/caffe2/python/fakelowp
copying caffe2/python/fakelowp/init_shared_libs.py -> build/lib.linux-ppc64le-3.7/caffe2/python/fakelowp
creating build/lib.linux-ppc64le-3.7/caffe2/python/modeling
copying caffe2/python/modeling/compute_norm_for_blobs.py -> build/lib.linux-ppc64le-3.7/caffe2/python/modeling
copying caffe2/python/modeling/compute_histogram_for_blobs.py -> build/lib.linux-ppc64le-3.7/caffe2/python/modeling
copying caffe2/python/modeling/compute_norm_for_blobs_test.py -> build/lib.linux-ppc64le-3.7/caffe2/python/modeling
copying caffe2/python/modeling/initializers_test.py -> build/lib.linux-ppc64le-3.7/caffe2/python/modeling
copying caffe2/python/modeling/parameter_info.py -> build/lib.linux-ppc64le-3.7/caffe2/python/modeling
copying caffe2/python/modeling/parameter_sharing.py -> build/lib.linux-ppc64le-3.7/caffe2/python/modeling
copying caffe2/python/modeling/__init__.py -> build/lib.linux-ppc64le-3.7/caffe2/python/modeling
copying caffe2/python/modeling/get_entry_from_blobs_test.py -> build/lib.linux-ppc64le-3.7/caffe2/python/modeling
copying caffe2/python/modeling/gradient_clipping_test.py -> build/lib.linux-ppc64le-3.7/caffe2/python/modeling
copying caffe2/python/modeling/net_modifier.py -> build/lib.linux-ppc64le-3.7/caffe2/python/modeling
copying caffe2/python/modeling/compute_statistics_for_blobs_test.py -> build/lib.linux-ppc64le-3.7/caffe2/python/modeling
copying caffe2/python/modeling/compute_histogram_for_blobs_test.py -> build/lib.linux-ppc64le-3.7/caffe2/python/modeling
copying caffe2/python/modeling/initializers.py -> build/lib.linux-ppc64le-3.7/caffe2/python/modeling
copying caffe2/python/modeling/gradient_clipping.py -> build/lib.linux-ppc64le-3.7/caffe2/python/modeling
copying caffe2/python/modeling/compute_statistics_for_blobs.py -> build/lib.linux-ppc64le-3.7/caffe2/python/modeling
copying caffe2/python/modeling/parameter_sharing_test.py -> build/lib.linux-ppc64le-3.7/caffe2/python/modeling
copying caffe2/python/modeling/get_entry_from_blobs.py -> build/lib.linux-ppc64le-3.7/caffe2/python/modeling
creating build/lib.linux-ppc64le-3.7/caffe2/python/layers
copying caffe2/python/layers/label_smooth.py -> build/lib.linux-ppc64le-3.7/caffe2/python/layers
copying caffe2/python/layers/bpr_loss.py -> build/lib.linux-ppc64le-3.7/caffe2/python/layers
copying caffe2/python/layers/batch_sigmoid_cross_entropy_loss.py -> build/lib.linux-ppc64le-3.7/caffe2/python/layers
copying caffe2/python/layers/tags.py -> build/lib.linux-ppc64le-3.7/caffe2/python/layers
copying caffe2/python/layers/fc_without_bias.py -> build/lib.linux-ppc64le-3.7/caffe2/python/layers
copying caffe2/python/layers/select_record_by_context.py -> build/lib.linux-ppc64le-3.7/caffe2/python/layers
copying caffe2/python/layers/homotopy_weight.py -> build/lib.linux-ppc64le-3.7/caffe2/python/layers
copying caffe2/python/layers/sparse_dropout_with_replacement.py -> build/lib.linux-ppc64le-3.7/caffe2/python/layers
copying caffe2/python/layers/pairwise_similarity.py -> build/lib.linux-ppc64le-3.7/caffe2/python/layers
copying caffe2/python/layers/add_bias.py -> build/lib.linux-ppc64le-3.7/caffe2/python/layers
copying caffe2/python/layers/build_index.py -> build/lib.linux-ppc64le-3.7/caffe2/python/layers
copying caffe2/python/layers/bucket_weighted.py -> build/lib.linux-ppc64le-3.7/caffe2/python/layers
copying caffe2/python/layers/last_n_window_collector.py -> build/lib.linux-ppc64le-3.7/caffe2/python/layers
copying caffe2/python/layers/sparse_lookup.py -> build/lib.linux-ppc64le-3.7/caffe2/python/layers
copying caffe2/python/layers/batch_normalization.py -> build/lib.linux-ppc64le-3.7/caffe2/python/layers
copying caffe2/python/layers/sampling_train.py -> build/lib.linux-ppc64le-3.7/caffe2/python/layers
copying caffe2/python/layers/adaptive_weight.py -> build/lib.linux-ppc64le-3.7/caffe2/python/layers
copying caffe2/python/layers/batch_softmax_loss.py -> build/lib.linux-ppc64le-3.7/caffe2/python/layers
copying caffe2/python/layers/__init__.py -> build/lib.linux-ppc64le-3.7/caffe2/python/layers
copying caffe2/python/layers/batch_mse_loss.py -> build/lib.linux-ppc64le-3.7/caffe2/python/layers
copying caffe2/python/layers/batch_huber_loss.py -> build/lib.linux-ppc64le-3.7/caffe2/python/layers
copying caffe2/python/layers/concat.py -> build/lib.linux-ppc64le-3.7/caffe2/python/layers
copying caffe2/python/layers/gather_record.py -> build/lib.linux-ppc64le-3.7/caffe2/python/layers
copying caffe2/python/layers/fc.py -> build/lib.linux-ppc64le-3.7/caffe2/python/layers
copying caffe2/python/layers/blob_weighted_sum.py -> build/lib.linux-ppc64le-3.7/caffe2/python/layers
copying caffe2/python/layers/fc_with_bootstrap.py -> build/lib.linux-ppc64le-3.7/caffe2/python/layers
copying caffe2/python/layers/random_fourier_features.py -> build/lib.linux-ppc64le-3.7/caffe2/python/layers
copying caffe2/python/layers/position_weighted.py -> build/lib.linux-ppc64le-3.7/caffe2/python/layers
copying caffe2/python/layers/merge_id_lists.py -> build/lib.linux-ppc64le-3.7/caffe2/python/layers
copying caffe2/python/layers/conv.py -> build/lib.linux-ppc64le-3.7/caffe2/python/layers
copying caffe2/python/layers/uniform_sampling.py -> build/lib.linux-ppc64le-3.7/caffe2/python/layers
copying caffe2/python/layers/batch_lr_loss.py -> build/lib.linux-ppc64le-3.7/caffe2/python/layers
copying caffe2/python/layers/layers.py -> build/lib.linux-ppc64le-3.7/caffe2/python/layers
copying caffe2/python/layers/semi_random_features.py -> build/lib.linux-ppc64le-3.7/caffe2/python/layers
copying caffe2/python/layers/layer_normalization.py -> build/lib.linux-ppc64le-3.7/caffe2/python/layers
copying caffe2/python/layers/reservoir_sampling.py -> build/lib.linux-ppc64le-3.7/caffe2/python/layers
copying caffe2/python/layers/split.py -> build/lib.linux-ppc64le-3.7/caffe2/python/layers
copying caffe2/python/layers/sparse_feature_hash.py -> build/lib.linux-ppc64le-3.7/caffe2/python/layers
copying caffe2/python/layers/dropout.py -> build/lib.linux-ppc64le-3.7/caffe2/python/layers
copying caffe2/python/layers/constant_weight.py -> build/lib.linux-ppc64le-3.7/caffe2/python/layers
copying caffe2/python/layers/functional.py -> build/lib.linux-ppc64le-3.7/caffe2/python/layers
copying caffe2/python/layers/margin_rank_loss.py -> build/lib.linux-ppc64le-3.7/caffe2/python/layers
copying caffe2/python/layers/feature_sparse_to_dense.py -> build/lib.linux-ppc64le-3.7/caffe2/python/layers
copying caffe2/python/layers/arc_cosine_feature_map.py -> build/lib.linux-ppc64le-3.7/caffe2/python/layers
copying caffe2/python/layers/sampling_trainable_mixin.py -> build/lib.linux-ppc64le-3.7/caffe2/python/layers
creating build/lib.linux-ppc64le-3.7/caffe2/python/test
copying caffe2/python/test/do_op_test.py -> build/lib.linux-ppc64le-3.7/caffe2/python/test
copying caffe2/python/test/blob_deallocation_test.py -> build/lib.linux-ppc64le-3.7/caffe2/python/test
copying caffe2/python/test/python_protobuf_test.py -> build/lib.linux-ppc64le-3.7/caffe2/python/test
copying caffe2/python/test/__init__.py -> build/lib.linux-ppc64le-3.7/caffe2/python/test
copying caffe2/python/test/executor_test_util.py -> build/lib.linux-ppc64le-3.7/caffe2/python/test
copying caffe2/python/test/inference_lstm_op_test.py -> build/lib.linux-ppc64le-3.7/caffe2/python/test
copying caffe2/python/test/executor_test.py -> build/lib.linux-ppc64le-3.7/caffe2/python/test
copying caffe2/python/test/gpu_context_test.py -> build/lib.linux-ppc64le-3.7/caffe2/python/test
creating build/lib.linux-ppc64le-3.7/caffe2/python/examples
copying caffe2/python/examples/resnet50_trainer.py -> build/lib.linux-ppc64le-3.7/caffe2/python/examples
copying caffe2/python/examples/__init__.py -> build/lib.linux-ppc64le-3.7/caffe2/python/examples
copying caffe2/python/examples/lmdb_create_example.py -> build/lib.linux-ppc64le-3.7/caffe2/python/examples
copying caffe2/python/examples/imagenet_trainer.py -> build/lib.linux-ppc64le-3.7/caffe2/python/examples
copying caffe2/python/examples/char_rnn.py -> build/lib.linux-ppc64le-3.7/caffe2/python/examples
creating build/lib.linux-ppc64le-3.7/caffe2/python/mint
copying caffe2/python/mint/__init__.py -> build/lib.linux-ppc64le-3.7/caffe2/python/mint
copying caffe2/python/mint/app.py -> build/lib.linux-ppc64le-3.7/caffe2/python/mint
creating build/lib.linux-ppc64le-3.7/caffe2/python/mkl
copying caffe2/python/mkl/mkl_speed_test.py -> build/lib.linux-ppc64le-3.7/caffe2/python/mkl
copying caffe2/python/mkl/mkl_conv_op_test.py -> build/lib.linux-ppc64le-3.7/caffe2/python/mkl
copying caffe2/python/mkl/mkl_fc_speed_test.py -> build/lib.linux-ppc64le-3.7/caffe2/python/mkl
copying caffe2/python/mkl/mkl_concat_op_test.py -> build/lib.linux-ppc64le-3.7/caffe2/python/mkl
copying caffe2/python/mkl/mkl_pool_speed_test.py -> build/lib.linux-ppc64le-3.7/caffe2/python/mkl
copying caffe2/python/mkl/mkl_LRN_op_test.py -> build/lib.linux-ppc64le-3.7/caffe2/python/mkl
copying caffe2/python/mkl/mkl_relu_op_test.py -> build/lib.linux-ppc64le-3.7/caffe2/python/mkl
copying caffe2/python/mkl/__init__.py -> build/lib.linux-ppc64le-3.7/caffe2/python/mkl
copying caffe2/python/mkl/mkl_sbn_op_test.py -> build/lib.linux-ppc64le-3.7/caffe2/python/mkl
copying caffe2/python/mkl/mkl_sbn_speed_test.py -> build/lib.linux-ppc64le-3.7/caffe2/python/mkl
copying caffe2/python/mkl/mkl_squeeze_op_test.py -> build/lib.linux-ppc64le-3.7/caffe2/python/mkl
copying caffe2/python/mkl/rewrite_graph.py -> build/lib.linux-ppc64le-3.7/caffe2/python/mkl
copying caffe2/python/mkl/mkl_copy_op_test.py -> build/lib.linux-ppc64le-3.7/caffe2/python/mkl
copying caffe2/python/mkl/mkl_fill_op_test.py -> build/lib.linux-ppc64le-3.7/caffe2/python/mkl
copying caffe2/python/mkl/mkl_LRN_speed_test.py -> build/lib.linux-ppc64le-3.7/caffe2/python/mkl
copying caffe2/python/mkl/mkl_pool_op_test.py -> build/lib.linux-ppc64le-3.7/caffe2/python/mkl
copying caffe2/python/mkl/rewrite_graph_test.py -> build/lib.linux-ppc64le-3.7/caffe2/python/mkl
copying caffe2/python/mkl/mkl_sigmoid_op_test.py -> build/lib.linux-ppc64le-3.7/caffe2/python/mkl
copying caffe2/python/mkl/mkl_elementwise_sum_op_test.py -> build/lib.linux-ppc64le-3.7/caffe2/python/mkl
copying caffe2/python/mkl/mkl_elementwise_add_op_test.py -> build/lib.linux-ppc64le-3.7/caffe2/python/mkl
copying caffe2/python/mkl/mkl_fc_op_test.py -> build/lib.linux-ppc64le-3.7/caffe2/python/mkl
creating build/lib.linux-ppc64le-3.7/caffe2/python/helpers
copying caffe2/python/helpers/tools.py -> build/lib.linux-ppc64le-3.7/caffe2/python/helpers
copying caffe2/python/helpers/algebra.py -> build/lib.linux-ppc64le-3.7/caffe2/python/helpers
copying caffe2/python/helpers/db_input.py -> build/lib.linux-ppc64le-3.7/caffe2/python/helpers
copying caffe2/python/helpers/__init__.py -> build/lib.linux-ppc64le-3.7/caffe2/python/helpers
copying caffe2/python/helpers/nonlinearity.py -> build/lib.linux-ppc64le-3.7/caffe2/python/helpers
copying caffe2/python/helpers/control_ops.py -> build/lib.linux-ppc64le-3.7/caffe2/python/helpers
copying caffe2/python/helpers/fc.py -> build/lib.linux-ppc64le-3.7/caffe2/python/helpers
copying caffe2/python/helpers/array_helpers.py -> build/lib.linux-ppc64le-3.7/caffe2/python/helpers
copying caffe2/python/helpers/conv.py -> build/lib.linux-ppc64le-3.7/caffe2/python/helpers
copying caffe2/python/helpers/elementwise_linear.py -> build/lib.linux-ppc64le-3.7/caffe2/python/helpers
copying caffe2/python/helpers/train.py -> build/lib.linux-ppc64le-3.7/caffe2/python/helpers
copying caffe2/python/helpers/arg_scope.py -> build/lib.linux-ppc64le-3.7/caffe2/python/helpers
copying caffe2/python/helpers/dropout.py -> build/lib.linux-ppc64le-3.7/caffe2/python/helpers
copying caffe2/python/helpers/pooling.py -> build/lib.linux-ppc64le-3.7/caffe2/python/helpers
copying caffe2/python/helpers/normalization.py -> build/lib.linux-ppc64le-3.7/caffe2/python/helpers
creating build/lib.linux-ppc64le-3.7/caffe2/python/rnn
copying caffe2/python/rnn/rnn_cell_test_util.py -> build/lib.linux-ppc64le-3.7/caffe2/python/rnn
copying caffe2/python/rnn/__init__.py -> build/lib.linux-ppc64le-3.7/caffe2/python/rnn
copying caffe2/python/rnn/lstm_comparison.py -> build/lib.linux-ppc64le-3.7/caffe2/python/rnn
creating build/lib.linux-ppc64le-3.7/caffe2/python/onnx/tests
copying caffe2/python/onnx/tests/onnx_backend_test.py -> build/lib.linux-ppc64le-3.7/caffe2/python/onnx/tests
copying caffe2/python/onnx/tests/c2_ref_test.py -> build/lib.linux-ppc64le-3.7/caffe2/python/onnx/tests
copying caffe2/python/onnx/tests/conversion_test.py -> build/lib.linux-ppc64le-3.7/caffe2/python/onnx/tests
copying caffe2/python/onnx/tests/__init__.py -> build/lib.linux-ppc64le-3.7/caffe2/python/onnx/tests
copying caffe2/python/onnx/tests/test_utils.py -> build/lib.linux-ppc64le-3.7/caffe2/python/onnx/tests
copying caffe2/python/onnx/tests/ssa_test.py -> build/lib.linux-ppc64le-3.7/caffe2/python/onnx/tests
copying caffe2/python/onnx/tests/helper_test.py -> build/lib.linux-ppc64le-3.7/caffe2/python/onnx/tests
creating build/lib.linux-ppc64le-3.7/caffe2/python/onnx/bin
copying caffe2/python/onnx/bin/__init__.py -> build/lib.linux-ppc64le-3.7/caffe2/python/onnx/bin
copying caffe2/python/onnx/bin/conversion.py -> build/lib.linux-ppc64le-3.7/caffe2/python/onnx/bin
creating build/lib.linux-ppc64le-3.7/caffe2/python/models/seq2seq
copying caffe2/python/models/seq2seq/translate.py -> build/lib.linux-ppc64le-3.7/caffe2/python/models/seq2seq
copying caffe2/python/models/seq2seq/seq2seq_model_helper.py -> build/lib.linux-ppc64le-3.7/caffe2/python/models/seq2seq
copying caffe2/python/models/seq2seq/__init__.py -> build/lib.linux-ppc64le-3.7/caffe2/python/models/seq2seq
copying caffe2/python/models/seq2seq/beam_search.py -> build/lib.linux-ppc64le-3.7/caffe2/python/models/seq2seq
copying caffe2/python/models/seq2seq/seq2seq_model_helper_test.py -> build/lib.linux-ppc64le-3.7/caffe2/python/models/seq2seq
copying caffe2/python/models/seq2seq/train.py -> build/lib.linux-ppc64le-3.7/caffe2/python/models/seq2seq
copying caffe2/python/models/seq2seq/seq2seq_util.py -> build/lib.linux-ppc64le-3.7/caffe2/python/models/seq2seq
copying caffe2/python/models/seq2seq/seq2seq_beam_search_test.py -> build/lib.linux-ppc64le-3.7/caffe2/python/models/seq2seq
creating build/lib.linux-ppc64le-3.7/caffe2/quantization/server
copying caffe2/quantization/server/conv_groupwise_dnnlowp_op_test.py -> build/lib.linux-ppc64le-3.7/caffe2/quantization/server
copying caffe2/quantization/server/fully_connected_rowwise_dnnlowp_op_test.py -> build/lib.linux-ppc64le-3.7/caffe2/quantization/server
copying caffe2/quantization/server/elementwise_add_dnnlowp_op_test.py -> build/lib.linux-ppc64le-3.7/caffe2/quantization/server
copying caffe2/quantization/server/lstm_unit_dnnlowp_op_test.py -> build/lib.linux-ppc64le-3.7/caffe2/quantization/server
copying caffe2/quantization/server/conv_depthwise_dnnlowp_op_test.py -> build/lib.linux-ppc64le-3.7/caffe2/quantization/server
copying caffe2/quantization/server/quantize_dnnlowp_op_test.py -> build/lib.linux-ppc64le-3.7/caffe2/quantization/server
copying caffe2/quantization/server/channel_shuffle_dnnlowp_op_test.py -> build/lib.linux-ppc64le-3.7/caffe2/quantization/server
copying caffe2/quantization/server/elementwise_linear_dnnlowp_op_test.py -> build/lib.linux-ppc64le-3.7/caffe2/quantization/server
copying caffe2/quantization/server/gather_dnnlowp_op_test.py -> build/lib.linux-ppc64le-3.7/caffe2/quantization/server
copying caffe2/quantization/server/concat_dnnlowp_op_test.py -> build/lib.linux-ppc64le-3.7/caffe2/quantization/server
copying caffe2/quantization/server/conv_dnnlowp_op_test.py -> build/lib.linux-ppc64le-3.7/caffe2/quantization/server
copying caffe2/quantization/server/elementwise_sum_dnnlowp_op_test.py -> build/lib.linux-ppc64le-3.7/caffe2/quantization/server
copying caffe2/quantization/server/spatial_batch_norm_dnnlowp_op_test.py -> build/lib.linux-ppc64le-3.7/caffe2/quantization/server
copying caffe2/quantization/server/__init__.py -> build/lib.linux-ppc64le-3.7/caffe2/quantization/server
copying caffe2/quantization/server/int8_quant_scheme_blob_fill_test.py -> build/lib.linux-ppc64le-3.7/caffe2/quantization/server
copying caffe2/quantization/server/dequantize_dnnlowp_op_test.py -> build/lib.linux-ppc64le-3.7/caffe2/quantization/server
copying caffe2/quantization/server/pool_dnnlowp_op_test.py -> build/lib.linux-ppc64le-3.7/caffe2/quantization/server
copying caffe2/quantization/server/utils.py -> build/lib.linux-ppc64le-3.7/caffe2/quantization/server
copying caffe2/quantization/server/elementwise_mul_dnnlowp_op_test.py -> build/lib.linux-ppc64le-3.7/caffe2/quantization/server
copying caffe2/quantization/server/dnnlowp_test_utils.py -> build/lib.linux-ppc64le-3.7/caffe2/quantization/server
copying caffe2/quantization/server/fully_connected_dnnlowp_op_test.py -> build/lib.linux-ppc64le-3.7/caffe2/quantization/server
copying caffe2/quantization/server/conv_dnnlowp_acc16_op_test.py -> build/lib.linux-ppc64le-3.7/caffe2/quantization/server
copying caffe2/quantization/server/batch_permutation_dnnlowp_op_test.py -> build/lib.linux-ppc64le-3.7/caffe2/quantization/server
copying caffe2/quantization/server/fully_connected_dnnlowp_acc16_op_test.py -> build/lib.linux-ppc64le-3.7/caffe2/quantization/server
copying caffe2/quantization/server/observer_test.py -> build/lib.linux-ppc64le-3.7/caffe2/quantization/server
copying caffe2/quantization/server/resize_nearest_3d_dnnlowp_op_test.py -> build/lib.linux-ppc64le-3.7/caffe2/quantization/server
copying caffe2/quantization/server/fully_connected_fp16_test.py -> build/lib.linux-ppc64le-3.7/caffe2/quantization/server
copying caffe2/quantization/server/sigmoid_dnnlowp_op_test.py -> build/lib.linux-ppc64le-3.7/caffe2/quantization/server
copying caffe2/quantization/server/resize_nearest_dnnlowp_op_test.py -> build/lib.linux-ppc64le-3.7/caffe2/quantization/server
copying caffe2/quantization/server/group_norm_dnnlowp_op_test.py -> build/lib.linux-ppc64le-3.7/caffe2/quantization/server
copying caffe2/quantization/server/batch_matmul_dnnlowp_op_test.py -> build/lib.linux-ppc64le-3.7/caffe2/quantization/server
copying caffe2/quantization/server/int8_gen_quant_params_test.py -> build/lib.linux-ppc64le-3.7/caffe2/quantization/server
copying caffe2/quantization/server/conv_groupwise_dnnlowp_acc16_op_test.py -> build/lib.linux-ppc64le-3.7/caffe2/quantization/server
copying caffe2/quantization/server/tanh_dnnlowp_op_test.py -> build/lib.linux-ppc64le-3.7/caffe2/quantization/server
copying caffe2/quantization/server/relu_dnnlowp_op_test.py -> build/lib.linux-ppc64le-3.7/caffe2/quantization/server
creating build/lib.linux-ppc64le-3.7/caffe2/experiments/python
copying caffe2/experiments/python/tt_pad_op_test.py -> build/lib.linux-ppc64le-3.7/caffe2/experiments/python
copying caffe2/experiments/python/device_reduce_sum_bench.py -> build/lib.linux-ppc64le-3.7/caffe2/experiments/python
copying caffe2/experiments/python/tt_contraction_op_test.py -> build/lib.linux-ppc64le-3.7/caffe2/experiments/python
copying caffe2/experiments/python/SparseTransformer.py -> build/lib.linux-ppc64le-3.7/caffe2/experiments/python
copying caffe2/experiments/python/__init__.py -> build/lib.linux-ppc64le-3.7/caffe2/experiments/python
copying caffe2/experiments/python/convnet_benchmarks.py -> build/lib.linux-ppc64le-3.7/caffe2/experiments/python
copying caffe2/experiments/python/funhash_op_test.py -> build/lib.linux-ppc64le-3.7/caffe2/experiments/python
copying caffe2/experiments/python/sparse_reshape_op_test.py -> build/lib.linux-ppc64le-3.7/caffe2/experiments/python
copying caffe2/experiments/python/sparse_funhash_op_test.py -> build/lib.linux-ppc64le-3.7/caffe2/experiments/python
copying caffe2/experiments/python/net_construct_bench.py -> build/lib.linux-ppc64le-3.7/caffe2/experiments/python
copying torch/py.typed -> build/lib.linux-ppc64le-3.7/torch
creating build/lib.linux-ppc64le-3.7/torch/bin
copying torch/bin/test_tensorexpr -> build/lib.linux-ppc64le-3.7/torch/bin
copying torch/bin/torch_shm_manager -> build/lib.linux-ppc64le-3.7/torch/bin
copying torch/bin/test_cpp_rpc -> build/lib.linux-ppc64le-3.7/torch/bin
copying torch/bin/protoc -> build/lib.linux-ppc64le-3.7/torch/bin
copying torch/bin/protoc-3.11.4.0 -> build/lib.linux-ppc64le-3.7/torch/bin
copying torch/bin/test_dist_autograd -> build/lib.linux-ppc64le-3.7/torch/bin
copying torch/bin/test_api -> build/lib.linux-ppc64le-3.7/torch/bin
copying torch/bin/test_jit -> build/lib.linux-ppc64le-3.7/torch/bin
creating build/lib.linux-ppc64le-3.7/torch/test
copying torch/test/generate_proposals_op_test -> build/lib.linux-ppc64le-3.7/torch/test
copying torch/test/cuda_packedtensoraccessor_test -> build/lib.linux-ppc64le-3.7/torch/test
copying torch/test/kernel_stackbased_test -> build/lib.linux-ppc64le-3.7/torch/test
copying torch/test/NamedTensor_test -> build/lib.linux-ppc64le-3.7/torch/test
copying torch/test/common_test -> build/lib.linux-ppc64le-3.7/torch/test
copying torch/test/wrapdim_test -> build/lib.linux-ppc64le-3.7/torch/test
copying torch/test/memory_overlapping_test -> build/lib.linux-ppc64le-3.7/torch/test
copying torch/test/converter_nomigraph_test -> build/lib.linux-ppc64le-3.7/torch/test
copying torch/test/c10_logging_test -> build/lib.linux-ppc64le-3.7/torch/test
copying torch/test/cuda_vectorized_test -> build/lib.linux-ppc64le-3.7/torch/test
copying torch/test/cpu_generator_test -> build/lib.linux-ppc64le-3.7/torch/test
copying torch/test/c10_string_view_test -> build/lib.linux-ppc64le-3.7/torch/test
copying torch/test/math_gpu_test -> build/lib.linux-ppc64le-3.7/torch/test
copying torch/test/c10_TypeList_test -> build/lib.linux-ppc64le-3.7/torch/test
copying torch/test/generate_proposals_op_util_nms_gpu_test -> build/lib.linux-ppc64le-3.7/torch/test
copying torch/test/proto_utils_test -> build/lib.linux-ppc64le-3.7/torch/test
copying torch/test/net_dag_utils_test -> build/lib.linux-ppc64le-3.7/torch/test
copying torch/test/time_observer_test -> build/lib.linux-ppc64le-3.7/torch/test
copying torch/test/net_gpu_test -> build/lib.linux-ppc64le-3.7/torch/test
copying torch/test/operator_gpu_test -> build/lib.linux-ppc64le-3.7/torch/test
copying torch/test/split_slss_test -> build/lib.linux-ppc64le-3.7/torch/test
copying torch/test/pow_test -> build/lib.linux-ppc64le-3.7/torch/test
copying torch/test/CppSignature_test -> build/lib.linux-ppc64le-3.7/torch/test
copying torch/test/cuda_optional_test -> build/lib.linux-ppc64le-3.7/torch/test
copying torch/test/utility_ops_test -> build/lib.linux-ppc64le-3.7/torch/test
copying torch/test/c10_ConstexprCrc_test -> build/lib.linux-ppc64le-3.7/torch/test
copying torch/test/observer_test -> build/lib.linux-ppc64le-3.7/torch/test
copying torch/test/c10_Bitset_test -> build/lib.linux-ppc64le-3.7/torch/test
copying torch/test/backend_cutting_test -> build/lib.linux-ppc64le-3.7/torch/test
copying torch/test/quantized_test -> build/lib.linux-ppc64le-3.7/torch/test
copying torch/test/TensorImpl_test -> build/lib.linux-ppc64le-3.7/torch/test
copying torch/test/atest -> build/lib.linux-ppc64le-3.7/torch/test
copying torch/test/conv_to_nnpack_transform_test -> build/lib.linux-ppc64le-3.7/torch/test
copying torch/test/cuda_integer_divider_test -> build/lib.linux-ppc64le-3.7/torch/test
copying torch/test/native_test -> build/lib.linux-ppc64le-3.7/torch/test
copying torch/test/Dimname_test -> build/lib.linux-ppc64le-3.7/torch/test
copying torch/test/c10_tempfile_test -> build/lib.linux-ppc64le-3.7/torch/test
copying torch/test/bound_shape_inference_test -> build/lib.linux-ppc64le-3.7/torch/test
copying torch/test/context_gpu_test -> build/lib.linux-ppc64le-3.7/torch/test
copying torch/test/vmap_test -> build/lib.linux-ppc64le-3.7/torch/test
copying torch/test/c10_either_test -> build/lib.linux-ppc64le-3.7/torch/test
copying torch/test/c10_TypeIndex_test -> build/lib.linux-ppc64le-3.7/torch/test
copying torch/test/weakref_test -> build/lib.linux-ppc64le-3.7/torch/test
copying torch/test/inline_container_test -> build/lib.linux-ppc64le-3.7/torch/test
copying torch/test/init_test -> build/lib.linux-ppc64le-3.7/torch/test
copying torch/test/c10_registry_test -> build/lib.linux-ppc64le-3.7/torch/test
copying torch/test/depthwise3x3_conv_op_test -> build/lib.linux-ppc64le-3.7/torch/test
copying torch/test/memory_format_test -> build/lib.linux-ppc64le-3.7/torch/test
copying torch/test/TopoSortTest -> build/lib.linux-ppc64le-3.7/torch/test
copying torch/test/conv_transpose_op_mobile_test -> build/lib.linux-ppc64le-3.7/torch/test
copying torch/test/c10_InlineDeviceGuard_test -> build/lib.linux-ppc64le-3.7/torch/test
copying torch/test/kernel_lambda_legacy_test -> build/lib.linux-ppc64le-3.7/torch/test
copying torch/test/utility_ops_gpu_test -> build/lib.linux-ppc64le-3.7/torch/test
copying torch/test/operator_test -> build/lib.linux-ppc64le-3.7/torch/test
copying torch/test/c10_LeftRight_test -> build/lib.linux-ppc64le-3.7/torch/test
copying torch/test/cuda_apply_test -> build/lib.linux-ppc64le-3.7/torch/test
copying torch/test/basic -> build/lib.linux-ppc64le-3.7/torch/test
copying torch/test/fatal_signal_asan_no_sig_test -> build/lib.linux-ppc64le-3.7/torch/test
copying torch/test/graph_test -> build/lib.linux-ppc64le-3.7/torch/test
copying torch/test/elementwise_op_gpu_test -> build/lib.linux-ppc64le-3.7/torch/test
copying torch/test/device_test -> build/lib.linux-ppc64le-3.7/torch/test
copying torch/test/common_subexpression_elimination_test -> build/lib.linux-ppc64le-3.7/torch/test
copying torch/test/operator_fallback_gpu_test -> build/lib.linux-ppc64le-3.7/torch/test
copying torch/test/verify_api_visibility -> build/lib.linux-ppc64le-3.7/torch/test
copying torch/test/boolean_unmask_ops_test -> build/lib.linux-ppc64le-3.7/torch/test
copying torch/test/cpuid_test -> build/lib.linux-ppc64le-3.7/torch/test
copying torch/test/test_parallel -> build/lib.linux-ppc64le-3.7/torch/test
copying torch/test/scalar_tensor_test -> build/lib.linux-ppc64le-3.7/torch/test
copying torch/test/event_gpu_test -> build/lib.linux-ppc64le-3.7/torch/test
copying torch/test/c10_Array_test -> build/lib.linux-ppc64le-3.7/torch/test
copying torch/test/pattern_net_transform_test -> build/lib.linux-ppc64le-3.7/torch/test
copying torch/test/batch_permutation_op_gpu_test -> build/lib.linux-ppc64le-3.7/torch/test
copying torch/test/cuda_stream_test -> build/lib.linux-ppc64le-3.7/torch/test
copying torch/test/BinaryMatchImplTest -> build/lib.linux-ppc64le-3.7/torch/test
copying torch/test/cuda_distributions_test -> build/lib.linux-ppc64le-3.7/torch/test
copying torch/test/c10_bfloat16_test -> build/lib.linux-ppc64le-3.7/torch/test
copying torch/test/net_test -> build/lib.linux-ppc64le-3.7/torch/test
copying torch/test/generate_proposals_op_util_boxes_test -> build/lib.linux-ppc64le-3.7/torch/test
copying torch/test/op_registration_test -> build/lib.linux-ppc64le-3.7/torch/test
copying torch/test/SubgraphMatcherTest -> build/lib.linux-ppc64le-3.7/torch/test
copying torch/test/cuda_tensor_interop_test -> build/lib.linux-ppc64le-3.7/torch/test
copying torch/test/cuda_dlconvertor_test -> build/lib.linux-ppc64le-3.7/torch/test
copying torch/test/NeuralNetTest -> build/lib.linux-ppc64le-3.7/torch/test
copying torch/test/elementwise_op_test -> build/lib.linux-ppc64le-3.7/torch/test
copying torch/test/generate_proposals_op_util_nms_test -> build/lib.linux-ppc64le-3.7/torch/test
copying torch/test/c10_complex_math_test -> build/lib.linux-ppc64le-3.7/torch/test
copying torch/test/plan_executor_test -> build/lib.linux-ppc64le-3.7/torch/test
copying torch/test/string_ops_test -> build/lib.linux-ppc64le-3.7/torch/test
copying torch/test/batch_matmul_op_test -> build/lib.linux-ppc64le-3.7/torch/test
copying torch/test/parallel_net_test -> build/lib.linux-ppc64le-3.7/torch/test
copying torch/test/cuda_complex_math_test -> build/lib.linux-ppc64le-3.7/torch/test
copying torch/test/GraphTest -> build/lib.linux-ppc64le-3.7/torch/test
copying torch/test/blob_test -> build/lib.linux-ppc64le-3.7/torch/test
copying torch/test/cpu_rng_test -> build/lib.linux-ppc64le-3.7/torch/test
copying torch/test/c10_intrusive_ptr_test -> build/lib.linux-ppc64le-3.7/torch/test
copying torch/test/predictor_test -> build/lib.linux-ppc64le-3.7/torch/test
copying torch/test/fixed_divisor_test -> build/lib.linux-ppc64le-3.7/torch/test
copying torch/test/c10_DeviceGuard_test -> build/lib.linux-ppc64le-3.7/torch/test
copying torch/test/extension_backend_test -> build/lib.linux-ppc64le-3.7/torch/test
copying torch/test/c10_flags_test -> build/lib.linux-ppc64le-3.7/torch/test
copying torch/test/net_async_tracing_test -> build/lib.linux-ppc64le-3.7/torch/test
copying torch/test/kernel_function_legacy_test -> build/lib.linux-ppc64le-3.7/torch/test
copying torch/test/AlgorithmsTest -> build/lib.linux-ppc64le-3.7/torch/test
copying torch/test/cuda_generator_test -> build/lib.linux-ppc64le-3.7/torch/test
copying torch/test/c10_Half_test -> build/lib.linux-ppc64le-3.7/torch/test
copying torch/test/scalar_test -> build/lib.linux-ppc64le-3.7/torch/test
copying torch/test/cuda_cudnn_test -> build/lib.linux-ppc64le-3.7/torch/test
copying torch/test/c10_DispatchKeySet_test -> build/lib.linux-ppc64le-3.7/torch/test
copying torch/test/apply_utils_test -> build/lib.linux-ppc64le-3.7/torch/test
copying torch/test/tensor_interop_test -> build/lib.linux-ppc64le-3.7/torch/test
copying torch/test/c10_intrusive_ptr_benchmark -> build/lib.linux-ppc64le-3.7/torch/test
copying torch/test/cuda_half_test -> build/lib.linux-ppc64le-3.7/torch/test
copying torch/test/data_filler_test -> build/lib.linux-ppc64le-3.7/torch/test
copying torch/test/backend_fallback_test -> build/lib.linux-ppc64le-3.7/torch/test
copying torch/test/timer_test -> build/lib.linux-ppc64le-3.7/torch/test
copying torch/test/TarjansImplTest -> build/lib.linux-ppc64le-3.7/torch/test
copying torch/test/variant_test -> build/lib.linux-ppc64le-3.7/torch/test
copying torch/test/ivalue_test -> build/lib.linux-ppc64le-3.7/torch/test
copying torch/test/c10_CompileTimeFunctionPointer_test -> build/lib.linux-ppc64le-3.7/torch/test
copying torch/test/text_file_reader_utils_test -> build/lib.linux-ppc64le-3.7/torch/test
copying torch/test/generate_proposals_op_gpu_test -> build/lib.linux-ppc64le-3.7/torch/test
copying torch/test/mpi_test -> build/lib.linux-ppc64le-3.7/torch/test
copying torch/test/c10_complex_test -> build/lib.linux-ppc64le-3.7/torch/test
copying torch/test/c10_typeid_test -> build/lib.linux-ppc64le-3.7/torch/test
copying torch/test/kernel_function_test -> build/lib.linux-ppc64le-3.7/torch/test
copying torch/test/c10_Metaprogramming_test -> build/lib.linux-ppc64le-3.7/torch/test
copying torch/test/cuda_complex_test -> build/lib.linux-ppc64le-3.7/torch/test
copying torch/test/broadcast_test -> build/lib.linux-ppc64le-3.7/torch/test
copying torch/test/c10_InlineStreamGuard_test -> build/lib.linux-ppc64le-3.7/torch/test
copying torch/test/thread_init_test -> build/lib.linux-ppc64le-3.7/torch/test
copying torch/test/conv_op_cache_cudnn_test -> build/lib.linux-ppc64le-3.7/torch/test
copying torch/test/distributed_test -> build/lib.linux-ppc64le-3.7/torch/test
copying torch/test/context_test -> build/lib.linux-ppc64le-3.7/torch/test
copying torch/test/module_test -> build/lib.linux-ppc64le-3.7/torch/test
copying torch/test/c10_TypeTraits_test -> build/lib.linux-ppc64le-3.7/torch/test
copying torch/test/blob_gpu_test -> build/lib.linux-ppc64le-3.7/torch/test
copying torch/test/operator_schema_test -> build/lib.linux-ppc64le-3.7/torch/test
copying torch/test/math_test -> build/lib.linux-ppc64le-3.7/torch/test
copying torch/test/MatchTest -> build/lib.linux-ppc64le-3.7/torch/test
copying torch/test/c10_ordered_preserving_dict_test -> build/lib.linux-ppc64le-3.7/torch/test
copying torch/test/make_boxed_from_unboxed_functor_test -> build/lib.linux-ppc64le-3.7/torch/test
copying torch/test/transform_test -> build/lib.linux-ppc64le-3.7/torch/test
copying torch/test/ssa_test -> build/lib.linux-ppc64le-3.7/torch/test
copying torch/test/mobile_test -> build/lib.linux-ppc64le-3.7/torch/test
copying torch/test/tensor_iterator_test -> build/lib.linux-ppc64le-3.7/torch/test
copying torch/test/type_test -> build/lib.linux-ppc64le-3.7/torch/test
copying torch/test/xla_tensor_test -> build/lib.linux-ppc64le-3.7/torch/test
copying torch/test/half_test -> build/lib.linux-ppc64le-3.7/torch/test
copying torch/test/List_test -> build/lib.linux-ppc64le-3.7/torch/test
copying torch/test/cast_test -> build/lib.linux-ppc64le-3.7/torch/test
copying torch/test/c10_StreamGuard_test -> build/lib.linux-ppc64le-3.7/torch/test
copying torch/test/smart_tensor_printer_test -> build/lib.linux-ppc64le-3.7/torch/test
copying torch/test/roi_align_op_gpu_test -> build/lib.linux-ppc64le-3.7/torch/test
copying torch/test/kernel_lambda_test -> build/lib.linux-ppc64le-3.7/torch/test
copying torch/test/simple_queue_test -> build/lib.linux-ppc64le-3.7/torch/test
copying torch/test/mpi_gpu_test -> build/lib.linux-ppc64le-3.7/torch/test
copying torch/test/event_test -> build/lib.linux-ppc64le-3.7/torch/test
copying torch/test/KernelFunction_test -> build/lib.linux-ppc64le-3.7/torch/test
copying torch/test/batch_matmul_op_gpu_test -> build/lib.linux-ppc64le-3.7/torch/test
copying torch/test/net_simple_refcount_test -> build/lib.linux-ppc64le-3.7/torch/test
copying torch/test/Dict_test -> build/lib.linux-ppc64le-3.7/torch/test
copying torch/test/reshape_op_gpu_test -> build/lib.linux-ppc64le-3.7/torch/test
copying torch/test/workspace_test -> build/lib.linux-ppc64le-3.7/torch/test
copying torch/test/half_float_ops_test -> build/lib.linux-ppc64le-3.7/torch/test
copying torch/test/undefined_tensor_test -> build/lib.linux-ppc64le-3.7/torch/test
copying torch/test/dead_code_elim_test -> build/lib.linux-ppc64le-3.7/torch/test
copying torch/test/reduce_ops_test -> build/lib.linux-ppc64le-3.7/torch/test
copying torch/test/c10_exception_test -> build/lib.linux-ppc64le-3.7/torch/test
copying torch/test/dlconvertor_test -> build/lib.linux-ppc64le-3.7/torch/test
copying torch/test/c10_cuda_CUDATest -> build/lib.linux-ppc64le-3.7/torch/test
copying torch/test/c10_C++17_test -> build/lib.linux-ppc64le-3.7/torch/test
copying torch/test/stats_test -> build/lib.linux-ppc64le-3.7/torch/test
creating build/lib.linux-ppc64le-3.7/torch/_C
copying torch/_C/_VariableFunctions.pyi -> build/lib.linux-ppc64le-3.7/torch/_C
copying torch/_C/_cudnn.pyi -> build/lib.linux-ppc64le-3.7/torch/_C
copying torch/_C/__init__.pyi -> build/lib.linux-ppc64le-3.7/torch/_C
copying torch/_C/_onnx.pyi -> build/lib.linux-ppc64le-3.7/torch/_C
copying torch/_C/_nn.pyi -> build/lib.linux-ppc64le-3.7/torch/_C
copying torch/optim/sparse_adam.pyi -> build/lib.linux-ppc64le-3.7/torch/optim
copying torch/optim/rmsprop.pyi -> build/lib.linux-ppc64le-3.7/torch/optim
copying torch/optim/swa_utils.pyi -> build/lib.linux-ppc64le-3.7/torch/optim
copying torch/optim/lr_scheduler.pyi -> build/lib.linux-ppc64le-3.7/torch/optim
copying torch/optim/asgd.pyi -> build/lib.linux-ppc64le-3.7/torch/optim
copying torch/optim/__init__.pyi -> build/lib.linux-ppc64le-3.7/torch/optim
copying torch/optim/adadelta.pyi -> build/lib.linux-ppc64le-3.7/torch/optim
copying torch/optim/adamax.pyi -> build/lib.linux-ppc64le-3.7/torch/optim
copying torch/optim/lbfgs.pyi -> build/lib.linux-ppc64le-3.7/torch/optim
copying torch/optim/adamw.pyi -> build/lib.linux-ppc64le-3.7/torch/optim
copying torch/optim/adagrad.pyi -> build/lib.linux-ppc64le-3.7/torch/optim
copying torch/optim/adam.pyi -> build/lib.linux-ppc64le-3.7/torch/optim
copying torch/optim/optimizer.pyi -> build/lib.linux-ppc64le-3.7/torch/optim
copying torch/optim/rprop.pyi -> build/lib.linux-ppc64le-3.7/torch/optim
copying torch/optim/sgd.pyi -> build/lib.linux-ppc64le-3.7/torch/optim
copying torch/autograd/grad_mode.pyi -> build/lib.linux-ppc64le-3.7/torch/autograd
copying torch/utils/data/__init__.pyi -> build/lib.linux-ppc64le-3.7/torch/utils/data
copying torch/utils/data/distributed.pyi -> build/lib.linux-ppc64le-3.7/torch/utils/data
copying torch/nn/functional.pyi -> build/lib.linux-ppc64le-3.7/torch/nn
copying torch/nn/__init__.pyi -> build/lib.linux-ppc64le-3.7/torch/nn
copying torch/nn/parameter.pyi -> build/lib.linux-ppc64le-3.7/torch/nn
copying torch/nn/parallel/data_parallel.pyi -> build/lib.linux-ppc64le-3.7/torch/nn/parallel
copying torch/nn/parallel/scatter_gather.pyi -> build/lib.linux-ppc64le-3.7/torch/nn/parallel
copying torch/nn/parallel/common_types.pyi -> build/lib.linux-ppc64le-3.7/torch/nn/parallel
copying torch/nn/parallel/parallel_apply.pyi -> build/lib.linux-ppc64le-3.7/torch/nn/parallel
copying torch/nn/parallel/__init__.pyi -> build/lib.linux-ppc64le-3.7/torch/nn/parallel
copying torch/nn/parallel/replicate.pyi -> build/lib.linux-ppc64le-3.7/torch/nn/parallel
copying torch/nn/parallel/distributed.pyi -> build/lib.linux-ppc64le-3.7/torch/nn/parallel
creating build/lib.linux-ppc64le-3.7/torch/lib
copying torch/lib/libc10_cuda.so -> build/lib.linux-ppc64le-3.7/torch/lib
copying torch/lib/libtorch_cuda.so -> build/lib.linux-ppc64le-3.7/torch/lib
copying torch/lib/libtorch_cpu.so -> build/lib.linux-ppc64le-3.7/torch/lib
copying torch/lib/libcaffe2_detectron_ops_gpu.so -> build/lib.linux-ppc64le-3.7/torch/lib
copying torch/lib/libtorch.so -> build/lib.linux-ppc64le-3.7/torch/lib
copying torch/lib/libtensorpipe.so -> build/lib.linux-ppc64le-3.7/torch/lib
copying torch/lib/libcaffe2_module_test_dynamic.so -> build/lib.linux-ppc64le-3.7/torch/lib
copying torch/lib/libtorch_python.so -> build/lib.linux-ppc64le-3.7/torch/lib
copying torch/lib/libcaffe2_nvrtc.so -> build/lib.linux-ppc64le-3.7/torch/lib
copying torch/lib/libc10.so -> build/lib.linux-ppc64le-3.7/torch/lib
copying torch/lib/libshm.so -> build/lib.linux-ppc64le-3.7/torch/lib
copying torch/lib/libcaffe2_observers.so -> build/lib.linux-ppc64le-3.7/torch/lib
copying torch/lib/libtorch_global_deps.so -> build/lib.linux-ppc64le-3.7/torch/lib
creating build/lib.linux-ppc64le-3.7/torch/include
creating build/lib.linux-ppc64le-3.7/torch/include/ATen
copying torch/include/ATen/TypeDefault.h -> build/lib.linux-ppc64le-3.7/torch/include/ATen
copying torch/include/ATen/InferSize.h -> build/lib.linux-ppc64le-3.7/torch/include/ATen
copying torch/include/ATen/SparseCPUType.h -> build/lib.linux-ppc64le-3.7/torch/include/ATen
copying torch/include/ATen/ATen.h -> build/lib.linux-ppc64le-3.7/torch/include/ATen
copying torch/include/ATen/SequenceNumber.h -> build/lib.linux-ppc64le-3.7/torch/include/ATen
copying torch/include/ATen/BatchedTensorImpl.h -> build/lib.linux-ppc64le-3.7/torch/include/ATen
copying torch/include/ATen/DLConvertor.h -> build/lib.linux-ppc64le-3.7/torch/include/ATen
copying torch/include/ATen/TensorOptions.h -> build/lib.linux-ppc64le-3.7/torch/include/ATen
copying torch/include/ATen/Storage.h -> build/lib.linux-ppc64le-3.7/torch/include/ATen
copying torch/include/ATen/SparseTensorImpl.h -> build/lib.linux-ppc64le-3.7/torch/include/ATen
copying torch/include/ATen/record_function.h -> build/lib.linux-ppc64le-3.7/torch/include/ATen
copying torch/include/ATen/TensorGeometry.h -> build/lib.linux-ppc64le-3.7/torch/include/ATen
copying torch/include/ATen/PTThreadPool.h -> build/lib.linux-ppc64le-3.7/torch/include/ATen
copying torch/include/ATen/SmallVector.h -> build/lib.linux-ppc64le-3.7/torch/include/ATen
copying torch/include/ATen/Generator.h -> build/lib.linux-ppc64le-3.7/torch/include/ATen
copying torch/include/ATen/AccumulateType.h -> build/lib.linux-ppc64le-3.7/torch/include/ATen
copying torch/include/ATen/autocast_mode.h -> build/lib.linux-ppc64le-3.7/torch/include/ATen
copying torch/include/ATen/Tensor.h -> build/lib.linux-ppc64le-3.7/torch/include/ATen
copying torch/include/ATen/WrapDimUtilsMulti.h -> build/lib.linux-ppc64le-3.7/torch/include/ATen
copying torch/include/ATen/ParallelNativeTBB.h -> build/lib.linux-ppc64le-3.7/torch/include/ATen
copying torch/include/ATen/TensorNames.h -> build/lib.linux-ppc64le-3.7/torch/include/ATen
copying torch/include/ATen/MemoryOverlap.h -> build/lib.linux-ppc64le-3.7/torch/include/ATen
copying torch/include/ATen/Dispatch.h -> build/lib.linux-ppc64le-3.7/torch/include/ATen
copying torch/include/ATen/ScalarType.h -> build/lib.linux-ppc64le-3.7/torch/include/ATen
copying torch/include/ATen/TensorUtils.h -> build/lib.linux-ppc64le-3.7/torch/include/ATen
copying torch/include/ATen/MatrixRef.h -> build/lib.linux-ppc64le-3.7/torch/include/ATen
copying torch/include/ATen/LegacyTHFunctionsCUDA.h -> build/lib.linux-ppc64le-3.7/torch/include/ATen
copying torch/include/ATen/NamedTensorUtils.h -> build/lib.linux-ppc64le-3.7/torch/include/ATen
copying torch/include/ATen/ScalarOps.h -> build/lib.linux-ppc64le-3.7/torch/include/ATen
copying torch/include/ATen/dlpack.h -> build/lib.linux-ppc64le-3.7/torch/include/ATen
copying torch/include/ATen/TracerMode.h -> build/lib.linux-ppc64le-3.7/torch/include/ATen
copying torch/include/ATen/WrapDimUtils.h -> build/lib.linux-ppc64le-3.7/torch/include/ATen
copying torch/include/ATen/QuantizedCUDAType.h -> build/lib.linux-ppc64le-3.7/torch/include/ATen
copying torch/include/ATen/NativeFunctions.h -> build/lib.linux-ppc64le-3.7/torch/include/ATen
copying torch/include/ATen/Version.h -> build/lib.linux-ppc64le-3.7/torch/include/ATen
copying torch/include/ATen/OpaqueTensorImpl.h -> build/lib.linux-ppc64le-3.7/torch/include/ATen
copying torch/include/ATen/Context.h -> build/lib.linux-ppc64le-3.7/torch/include/ATen
copying torch/include/ATen/autocast_VS2017_helper.h -> build/lib.linux-ppc64le-3.7/torch/include/ATen
copying torch/include/ATen/Parallel.h -> build/lib.linux-ppc64le-3.7/torch/include/ATen
copying torch/include/ATen/DeviceGuard.h -> build/lib.linux-ppc64le-3.7/torch/include/ATen
copying torch/include/ATen/CUDAType.h -> build/lib.linux-ppc64le-3.7/torch/include/ATen
copying torch/include/ATen/ParallelNative.h -> build/lib.linux-ppc64le-3.7/torch/include/ATen
copying torch/include/ATen/Formatting.h -> build/lib.linux-ppc64le-3.7/torch/include/ATen
copying torch/include/ATen/TensorOperators.h -> build/lib.linux-ppc64le-3.7/torch/include/ATen
copying torch/include/ATen/TensorIndexing.h -> build/lib.linux-ppc64le-3.7/torch/include/ATen
copying torch/include/ATen/Layout.h -> build/lib.linux-ppc64le-3.7/torch/include/ATen
copying torch/include/ATen/Backtrace.h -> build/lib.linux-ppc64le-3.7/torch/include/ATen
copying torch/include/ATen/div_rtn.h -> build/lib.linux-ppc64le-3.7/torch/include/ATen
copying torch/include/ATen/Dimname.h -> build/lib.linux-ppc64le-3.7/torch/include/ATen
copying torch/include/ATen/Device.h -> build/lib.linux-ppc64le-3.7/torch/include/ATen
copying torch/include/ATen/LegacyTHFunctionsCPU.h -> build/lib.linux-ppc64le-3.7/torch/include/ATen
copying torch/include/ATen/MkldnnCPUType.h -> build/lib.linux-ppc64le-3.7/torch/include/ATen
copying torch/include/ATen/Config.h -> build/lib.linux-ppc64le-3.7/torch/include/ATen
copying torch/include/ATen/TensorAccessor.h -> build/lib.linux-ppc64le-3.7/torch/include/ATen
copying torch/include/ATen/CUDAGeneratorImpl.h -> build/lib.linux-ppc64le-3.7/torch/include/ATen
copying torch/include/ATen/SparseCUDAType.h -> build/lib.linux-ppc64le-3.7/torch/include/ATen
copying torch/include/ATen/Scalar.h -> build/lib.linux-ppc64le-3.7/torch/include/ATen
copying torch/include/ATen/SparseTensorUtils.h -> build/lib.linux-ppc64le-3.7/torch/include/ATen
copying torch/include/ATen/CPUType.h -> build/lib.linux-ppc64le-3.7/torch/include/ATen
copying torch/include/ATen/Functions.h -> build/lib.linux-ppc64le-3.7/torch/include/ATen
copying torch/include/ATen/CPUGeneratorImpl.h -> build/lib.linux-ppc64le-3.7/torch/include/ATen
copying torch/include/ATen/ExpandUtils.h -> build/lib.linux-ppc64le-3.7/torch/include/ATen
copying torch/include/ATen/DynamicLibrary.h -> build/lib.linux-ppc64le-3.7/torch/include/ATen
copying torch/include/ATen/DimVector.h -> build/lib.linux-ppc64le-3.7/torch/include/ATen
copying torch/include/ATen/CPUFixedAllocator.h -> build/lib.linux-ppc64le-3.7/torch/include/ATen
copying torch/include/ATen/ThreadLocalState.h -> build/lib.linux-ppc64le-3.7/torch/include/ATen
copying torch/include/ATen/QuantizedCPUType.h -> build/lib.linux-ppc64le-3.7/torch/include/ATen
copying torch/include/ATen/NumericUtils.h -> build/lib.linux-ppc64le-3.7/torch/include/ATen
copying torch/include/ATen/Backend.h -> build/lib.linux-ppc64le-3.7/torch/include/ATen
copying torch/include/ATen/InitialTensorOptions.h -> build/lib.linux-ppc64le-3.7/torch/include/ATen
copying torch/include/ATen/NamedTensor.h -> build/lib.linux-ppc64le-3.7/torch/include/ATen
copying torch/include/ATen/ArrayRef.h -> build/lib.linux-ppc64le-3.7/torch/include/ATen
copying torch/include/ATen/VmapTransforms.h -> build/lib.linux-ppc64le-3.7/torch/include/ATen
copying torch/include/ATen/CPUApplyUtils.h -> build/lib.linux-ppc64le-3.7/torch/include/ATen
copying torch/include/ATen/ParallelOpenMP.h -> build/lib.linux-ppc64le-3.7/torch/include/ATen
copying torch/include/ATen/Utils.h -> build/lib.linux-ppc64le-3.7/torch/include/ATen
copying torch/include/ATen/cpp_custom_type_hack.h -> build/lib.linux-ppc64le-3.7/torch/include/ATen
creating build/lib.linux-ppc64le-3.7/torch/include/ATen/cpu
copying torch/include/ATen/cpu/vml.h -> build/lib.linux-ppc64le-3.7/torch/include/ATen/cpu
copying torch/include/ATen/cpu/FlushDenormal.h -> build/lib.linux-ppc64le-3.7/torch/include/ATen/cpu
creating build/lib.linux-ppc64le-3.7/torch/include/ATen/cpu/vec256
copying torch/include/ATen/cpu/vec256/vec256_complex_float.h -> build/lib.linux-ppc64le-3.7/torch/include/ATen/cpu/vec256
copying torch/include/ATen/cpu/vec256/vec256_complex_double.h -> build/lib.linux-ppc64le-3.7/torch/include/ATen/cpu/vec256
copying torch/include/ATen/cpu/vec256/vec256_int.h -> build/lib.linux-ppc64le-3.7/torch/include/ATen/cpu/vec256
copying torch/include/ATen/cpu/vec256/intrinsics.h -> build/lib.linux-ppc64le-3.7/torch/include/ATen/cpu/vec256
copying torch/include/ATen/cpu/vec256/functional.h -> build/lib.linux-ppc64le-3.7/torch/include/ATen/cpu/vec256
copying torch/include/ATen/cpu/vec256/vec256_float.h -> build/lib.linux-ppc64le-3.7/torch/include/ATen/cpu/vec256
copying torch/include/ATen/cpu/vec256/vec256_double.h -> build/lib.linux-ppc64le-3.7/torch/include/ATen/cpu/vec256
copying torch/include/ATen/cpu/vec256/vec256_base.h -> build/lib.linux-ppc64le-3.7/torch/include/ATen/cpu/vec256
copying torch/include/ATen/cpu/vec256/vec256_bfloat16.h -> build/lib.linux-ppc64le-3.7/torch/include/ATen/cpu/vec256
copying torch/include/ATen/cpu/vec256/vec256_float_neon.h -> build/lib.linux-ppc64le-3.7/torch/include/ATen/cpu/vec256
copying torch/include/ATen/cpu/vec256/vec256_qint.h -> build/lib.linux-ppc64le-3.7/torch/include/ATen/cpu/vec256
copying torch/include/ATen/cpu/vec256/vec256.h -> build/lib.linux-ppc64le-3.7/torch/include/ATen/cpu/vec256
creating build/lib.linux-ppc64le-3.7/torch/include/ATen/core
copying torch/include/ATen/core/blob.h -> build/lib.linux-ppc64le-3.7/torch/include/ATen/core
copying torch/include/ATen/core/function_schema_inl.h -> build/lib.linux-ppc64le-3.7/torch/include/ATen/core
copying torch/include/ATen/core/ATenOpList.h -> build/lib.linux-ppc64le-3.7/torch/include/ATen/core
copying torch/include/ATen/core/operator_name.h -> build/lib.linux-ppc64le-3.7/torch/include/ATen/core
copying torch/include/ATen/core/Generator.h -> build/lib.linux-ppc64le-3.7/torch/include/ATen/core
copying torch/include/ATen/core/List.h -> build/lib.linux-ppc64le-3.7/torch/include/ATen/core
copying torch/include/ATen/core/Tensor.h -> build/lib.linux-ppc64le-3.7/torch/include/ATen/core
copying torch/include/ATen/core/function.h -> build/lib.linux-ppc64le-3.7/torch/include/ATen/core
copying torch/include/ATen/core/function_schema.h -> build/lib.linux-ppc64le-3.7/torch/include/ATen/core
copying torch/include/ATen/core/ivalue.h -> build/lib.linux-ppc64le-3.7/torch/include/ATen/core
copying torch/include/ATen/core/ScalarType.h -> build/lib.linux-ppc64le-3.7/torch/include/ATen/core
copying torch/include/ATen/core/interned_strings_class.h -> build/lib.linux-ppc64le-3.7/torch/include/ATen/core
copying torch/include/ATen/core/ivalue_inl.h -> build/lib.linux-ppc64le-3.7/torch/include/ATen/core
copying torch/include/ATen/core/DistributionsHelper.h -> build/lib.linux-ppc64le-3.7/torch/include/ATen/core
copying torch/include/ATen/core/Array.h -> build/lib.linux-ppc64le-3.7/torch/include/ATen/core
copying torch/include/ATen/core/jit_type.h -> build/lib.linux-ppc64le-3.7/torch/include/ATen/core
copying torch/include/ATen/core/Dict.h -> build/lib.linux-ppc64le-3.7/torch/include/ATen/core
copying torch/include/ATen/core/Dict_inl.h -> build/lib.linux-ppc64le-3.7/torch/include/ATen/core
copying torch/include/ATen/core/aten_interned_strings.h -> build/lib.linux-ppc64le-3.7/torch/include/ATen/core
copying torch/include/ATen/core/Reduction.h -> build/lib.linux-ppc64le-3.7/torch/include/ATen/core
copying torch/include/ATen/core/stack.h -> build/lib.linux-ppc64le-3.7/torch/include/ATen/core
copying torch/include/ATen/core/functional.h -> build/lib.linux-ppc64le-3.7/torch/include/ATen/core
copying torch/include/ATen/core/typeid.h -> build/lib.linux-ppc64le-3.7/torch/include/ATen/core
copying torch/include/ATen/core/DeprecatedTypeProperties.h -> build/lib.linux-ppc64le-3.7/torch/include/ATen/core
copying torch/include/ATen/core/ATenGeneral.h -> build/lib.linux-ppc64le-3.7/torch/include/ATen/core
copying torch/include/ATen/core/Formatting.h -> build/lib.linux-ppc64le-3.7/torch/include/ATen/core
copying torch/include/ATen/core/LegacyTypeDispatch.h -> build/lib.linux-ppc64le-3.7/torch/include/ATen/core
copying torch/include/ATen/core/TransformationHelper.h -> build/lib.linux-ppc64le-3.7/torch/include/ATen/core
copying torch/include/ATen/core/Backtrace.h -> build/lib.linux-ppc64le-3.7/torch/include/ATen/core
copying torch/include/ATen/core/Macros.h -> build/lib.linux-ppc64le-3.7/torch/include/ATen/core
copying torch/include/ATen/core/UndefinedTensorImpl.h -> build/lib.linux-ppc64le-3.7/torch/include/ATen/core
copying torch/include/ATen/core/PhiloxRNGEngine.h -> build/lib.linux-ppc64le-3.7/torch/include/ATen/core
copying torch/include/ATen/core/Dimname.h -> build/lib.linux-ppc64le-3.7/torch/include/ATen/core
copying torch/include/ATen/core/Variadic.h -> build/lib.linux-ppc64le-3.7/torch/include/ATen/core
copying torch/include/ATen/core/TensorAccessor.h -> build/lib.linux-ppc64le-3.7/torch/include/ATen/core
copying torch/include/ATen/core/rref_interface.h -> build/lib.linux-ppc64le-3.7/torch/include/ATen/core
copying torch/include/ATen/core/grad_mode.h -> build/lib.linux-ppc64le-3.7/torch/include/ATen/core
copying torch/include/ATen/core/List_inl.h -> build/lib.linux-ppc64le-3.7/torch/include/ATen/core
copying torch/include/ATen/core/Scalar.h -> build/lib.linux-ppc64le-3.7/torch/include/ATen/core
copying torch/include/ATen/core/Range.h -> build/lib.linux-ppc64le-3.7/torch/include/ATen/core
copying torch/include/ATen/core/VariableHooksInterface.h -> build/lib.linux-ppc64le-3.7/torch/include/ATen/core
copying torch/include/ATen/core/alias_info.h -> build/lib.linux-ppc64le-3.7/torch/include/ATen/core
copying torch/include/ATen/core/qualified_name.h -> build/lib.linux-ppc64le-3.7/torch/include/ATen/core
copying torch/include/ATen/core/DimVector.h -> build/lib.linux-ppc64le-3.7/torch/include/ATen/core
copying torch/include/ATen/core/UnsafeFromTH.h -> build/lib.linux-ppc64le-3.7/torch/include/ATen/core
copying torch/include/ATen/core/interned_strings.h -> build/lib.linux-ppc64le-3.7/torch/include/ATen/core
copying torch/include/ATen/core/TensorBody.h -> build/lib.linux-ppc64le-3.7/torch/include/ATen/core
copying torch/include/ATen/core/NamedTensor.h -> build/lib.linux-ppc64le-3.7/torch/include/ATen/core
copying torch/include/ATen/core/DeprecatedTypePropertiesRegistry.h -> build/lib.linux-ppc64le-3.7/torch/include/ATen/core
copying torch/include/ATen/core/builtin_function.h -> build/lib.linux-ppc64le-3.7/torch/include/ATen/core
copying torch/include/ATen/core/MT19937RNGEngine.h -> build/lib.linux-ppc64le-3.7/torch/include/ATen/core
creating build/lib.linux-ppc64le-3.7/torch/include/ATen/cuda
copying torch/include/ATen/cuda/NumericLimits.cuh -> build/lib.linux-ppc64le-3.7/torch/include/ATen/cuda
copying torch/include/ATen/cuda/CUDAApplyUtils.cuh -> build/lib.linux-ppc64le-3.7/torch/include/ATen/cuda
copying torch/include/ATen/cuda/DeviceUtils.cuh -> build/lib.linux-ppc64le-3.7/torch/include/ATen/cuda
copying torch/include/ATen/cuda/CUDATensorMethods.cuh -> build/lib.linux-ppc64le-3.7/torch/include/ATen/cuda
copying torch/include/ATen/cuda/Exceptions.h -> build/lib.linux-ppc64le-3.7/torch/include/ATen/cuda
copying torch/include/ATen/cuda/CUDAConfig.h -> build/lib.linux-ppc64le-3.7/torch/include/ATen/cuda
copying torch/include/ATen/cuda/PinnedMemoryAllocator.h -> build/lib.linux-ppc64le-3.7/torch/include/ATen/cuda
copying torch/include/ATen/cuda/ATenCUDAGeneral.h -> build/lib.linux-ppc64le-3.7/torch/include/ATen/cuda
copying torch/include/ATen/cuda/CUDAContext.h -> build/lib.linux-ppc64le-3.7/torch/include/ATen/cuda
copying torch/include/ATen/cuda/CUDADevice.h -> build/lib.linux-ppc64le-3.7/torch/include/ATen/cuda
copying torch/include/ATen/cuda/CUDAUtils.h -> build/lib.linux-ppc64le-3.7/torch/include/ATen/cuda
copying torch/include/ATen/cuda/CUDAMultiStreamGuard.h -> build/lib.linux-ppc64le-3.7/torch/include/ATen/cuda
copying torch/include/ATen/cuda/CUDABlas.h -> build/lib.linux-ppc64le-3.7/torch/include/ATen/cuda
copying torch/include/ATen/cuda/CUDAEvent.h -> build/lib.linux-ppc64le-3.7/torch/include/ATen/cuda
creating build/lib.linux-ppc64le-3.7/torch/include/ATen/cuda/detail
copying torch/include/ATen/cuda/detail/OffsetCalculator.cuh -> build/lib.linux-ppc64le-3.7/torch/include/ATen/cuda/detail
copying torch/include/ATen/cuda/detail/IndexUtils.cuh -> build/lib.linux-ppc64le-3.7/torch/include/ATen/cuda/detail
copying torch/include/ATen/cuda/detail/TensorInfo.cuh -> build/lib.linux-ppc64le-3.7/torch/include/ATen/cuda/detail
copying torch/include/ATen/cuda/detail/DeviceThreadHandles.h -> build/lib.linux-ppc64le-3.7/torch/include/ATen/cuda/detail
copying torch/include/ATen/cuda/detail/CUDAHooks.h -> build/lib.linux-ppc64le-3.7/torch/include/ATen/cuda/detail
copying torch/include/ATen/cuda/detail/KernelUtils.h -> build/lib.linux-ppc64le-3.7/torch/include/ATen/cuda/detail
creating build/lib.linux-ppc64le-3.7/torch/include/ATen/cudnn
copying torch/include/ATen/cudnn/cudnn-wrapper.h -> build/lib.linux-ppc64le-3.7/torch/include/ATen/cudnn
copying torch/include/ATen/cudnn/Exceptions.h -> build/lib.linux-ppc64le-3.7/torch/include/ATen/cudnn
copying torch/include/ATen/cudnn/Descriptors.h -> build/lib.linux-ppc64le-3.7/torch/include/ATen/cudnn
copying torch/include/ATen/cudnn/Handle.h -> build/lib.linux-ppc64le-3.7/torch/include/ATen/cudnn
copying torch/include/ATen/cudnn/Handles.h -> build/lib.linux-ppc64le-3.7/torch/include/ATen/cudnn
copying torch/include/ATen/cudnn/Types.h -> build/lib.linux-ppc64le-3.7/torch/include/ATen/cudnn
copying torch/include/ATen/cudnn/Utils.h -> build/lib.linux-ppc64le-3.7/torch/include/ATen/cudnn
creating build/lib.linux-ppc64le-3.7/torch/include/ATen/hip
creating build/lib.linux-ppc64le-3.7/torch/include/ATen/hip/impl
copying torch/include/ATen/hip/impl/HIPAllocatorMasqueradingAsCUDA.h -> build/lib.linux-ppc64le-3.7/torch/include/ATen/hip/impl
copying torch/include/ATen/hip/impl/HIPCachingAllocatorMasqueradingAsCUDA.h -> build/lib.linux-ppc64le-3.7/torch/include/ATen/hip/impl
copying torch/include/ATen/hip/impl/HIPGuardImplMasqueradingAsCUDA.h -> build/lib.linux-ppc64le-3.7/torch/include/ATen/hip/impl
copying torch/include/ATen/hip/impl/HIPStreamMasqueradingAsCUDA.h -> build/lib.linux-ppc64le-3.7/torch/include/ATen/hip/impl
creating build/lib.linux-ppc64le-3.7/torch/include/ATen/detail
copying torch/include/ATen/detail/CPUGuardImpl.h -> build/lib.linux-ppc64le-3.7/torch/include/ATen/detail
copying torch/include/ATen/detail/FunctionTraits.h -> build/lib.linux-ppc64le-3.7/torch/include/ATen/detail
copying torch/include/ATen/detail/HIPHooksInterface.h -> build/lib.linux-ppc64le-3.7/torch/include/ATen/detail
copying torch/include/ATen/detail/CUDAHooksInterface.h -> build/lib.linux-ppc64le-3.7/torch/include/ATen/detail
creating build/lib.linux-ppc64le-3.7/torch/include/ATen/native
copying torch/include/ATen/native/group_norm.h -> build/lib.linux-ppc64le-3.7/torch/include/ATen/native
copying torch/include/ATen/native/BucketizationUtils.h -> build/lib.linux-ppc64le-3.7/torch/include/ATen/native
copying torch/include/ATen/native/TensorIteratorDynamicCasting.h -> build/lib.linux-ppc64le-3.7/torch/include/ATen/native
copying torch/include/ATen/native/RNN.h -> build/lib.linux-ppc64le-3.7/torch/include/ATen/native
copying torch/include/ATen/native/layer_norm.h -> build/lib.linux-ppc64le-3.7/torch/include/ATen/native
copying torch/include/ATen/native/TensorAdvancedIndexing.h -> build/lib.linux-ppc64le-3.7/torch/include/ATen/native
copying torch/include/ATen/native/GridSampler.h -> build/lib.linux-ppc64le-3.7/torch/include/ATen/native
copying torch/include/ATen/native/Activation.h -> build/lib.linux-ppc64le-3.7/torch/include/ATen/native
copying torch/include/ATen/native/ScatterGatherChecks.h -> build/lib.linux-ppc64le-3.7/torch/include/ATen/native
copying torch/include/ATen/native/TensorDimApply.h -> build/lib.linux-ppc64le-3.7/torch/include/ATen/native
copying torch/include/ATen/native/ReduceOpsUtils.h -> build/lib.linux-ppc64le-3.7/torch/include/ATen/native
copying torch/include/ATen/native/Repeat.h -> build/lib.linux-ppc64le-3.7/torch/include/ATen/native
copying torch/include/ATen/native/BinaryOps.h -> build/lib.linux-ppc64le-3.7/torch/include/ATen/native
copying torch/include/ATen/native/Unfold2d.h -> build/lib.linux-ppc64le-3.7/torch/include/ATen/native
copying torch/include/ATen/native/vol2col.h -> build/lib.linux-ppc64le-3.7/torch/include/ATen/native
copying torch/include/ATen/native/batch_norm.h -> build/lib.linux-ppc64le-3.7/torch/include/ATen/native
copying torch/include/ATen/native/Sorting.h -> build/lib.linux-ppc64le-3.7/torch/include/ATen/native
copying torch/include/ATen/native/SortingUtils.h -> build/lib.linux-ppc64le-3.7/torch/include/ATen/native
copying torch/include/ATen/native/TensorCompare.h -> build/lib.linux-ppc64le-3.7/torch/include/ATen/native
copying torch/include/ATen/native/DispatchStub.h -> build/lib.linux-ppc64le-3.7/torch/include/ATen/native
copying torch/include/ATen/native/Resize.h -> build/lib.linux-ppc64le-3.7/torch/include/ATen/native
copying torch/include/ATen/native/LinearAlgebraUtils.h -> build/lib.linux-ppc64le-3.7/torch/include/ATen/native
copying torch/include/ATen/native/ConvUtils.h -> build/lib.linux-ppc64le-3.7/torch/include/ATen/native
copying torch/include/ATen/native/im2col.h -> build/lib.linux-ppc64le-3.7/torch/include/ATen/native
copying torch/include/ATen/native/Cross.h -> build/lib.linux-ppc64le-3.7/torch/include/ATen/native
copying torch/include/ATen/native/TriangularOpsUtils.h -> build/lib.linux-ppc64le-3.7/torch/include/ATen/native
copying torch/include/ATen/native/IndexingUtils.h -> build/lib.linux-ppc64le-3.7/torch/include/ATen/native
copying torch/include/ATen/native/UnfoldBackward.h -> build/lib.linux-ppc64le-3.7/torch/include/ATen/native
copying torch/include/ATen/native/Distance.h -> build/lib.linux-ppc64le-3.7/torch/include/ATen/native
copying torch/include/ATen/native/Lerp.h -> build/lib.linux-ppc64le-3.7/torch/include/ATen/native
copying torch/include/ATen/native/SpectralOpsUtils.h -> build/lib.linux-ppc64le-3.7/torch/include/ATen/native
copying torch/include/ATen/native/Pool.h -> build/lib.linux-ppc64le-3.7/torch/include/ATen/native
copying torch/include/ATen/native/Distributions.h -> build/lib.linux-ppc64le-3.7/torch/include/ATen/native
copying torch/include/ATen/native/ReduceAllOps.h -> build/lib.linux-ppc64le-3.7/torch/include/ATen/native
copying torch/include/ATen/native/TensorIterator.h -> build/lib.linux-ppc64le-3.7/torch/include/ATen/native
copying torch/include/ATen/native/TensorFactories.h -> build/lib.linux-ppc64le-3.7/torch/include/ATen/native
copying torch/include/ATen/native/SobolEngineOpsUtils.h -> build/lib.linux-ppc64le-3.7/torch/include/ATen/native
copying torch/include/ATen/native/Copy.h -> build/lib.linux-ppc64le-3.7/torch/include/ATen/native
copying torch/include/ATen/native/im2col_shape_check.h -> build/lib.linux-ppc64le-3.7/torch/include/ATen/native
copying torch/include/ATen/native/UpSample.h -> build/lib.linux-ppc64le-3.7/torch/include/ATen/native
copying torch/include/ATen/native/ReduceOps.h -> build/lib.linux-ppc64le-3.7/torch/include/ATen/native
copying torch/include/ATen/native/Pow.h -> build/lib.linux-ppc64le-3.7/torch/include/ATen/native
copying torch/include/ATen/native/Fill.h -> build/lib.linux-ppc64le-3.7/torch/include/ATen/native
copying torch/include/ATen/native/SharedReduceOps.h -> build/lib.linux-ppc64le-3.7/torch/include/ATen/native
copying torch/include/ATen/native/ResizeCommon.h -> build/lib.linux-ppc64le-3.7/torch/include/ATen/native
copying torch/include/ATen/native/ComplexHelper.h -> build/lib.linux-ppc64le-3.7/torch/include/ATen/native
copying torch/include/ATen/native/DilatedConvolutionUtils.h -> build/lib.linux-ppc64le-3.7/torch/include/ATen/native
copying torch/include/ATen/native/TensorTransformations.h -> build/lib.linux-ppc64le-3.7/torch/include/ATen/native
copying torch/include/ATen/native/Math.h -> build/lib.linux-ppc64le-3.7/torch/include/ATen/native
copying torch/include/ATen/native/DistributionTemplates.h -> build/lib.linux-ppc64le-3.7/torch/include/ATen/native
copying torch/include/ATen/native/Unfold3d.h -> build/lib.linux-ppc64le-3.7/torch/include/ATen/native
copying torch/include/ATen/native/TypeProperties.h -> build/lib.linux-ppc64le-3.7/torch/include/ATen/native
copying torch/include/ATen/native/CPUBlas.h -> build/lib.linux-ppc64le-3.7/torch/include/ATen/native
copying torch/include/ATen/native/UnaryOps.h -> build/lib.linux-ppc64le-3.7/torch/include/ATen/native
copying torch/include/ATen/native/PointwiseOps.h -> build/lib.linux-ppc64le-3.7/torch/include/ATen/native
creating build/lib.linux-ppc64le-3.7/torch/include/ATen/native/cpu
copying torch/include/ATen/native/cpu/SoftmaxKernel.h -> build/lib.linux-ppc64le-3.7/torch/include/ATen/native/cpu
copying torch/include/ATen/native/cpu/avx_mathfun.h -> build/lib.linux-ppc64le-3.7/torch/include/ATen/native/cpu
copying torch/include/ATen/native/cpu/zmath.h -> build/lib.linux-ppc64le-3.7/torch/include/ATen/native/cpu
copying torch/include/ATen/native/cpu/Loops.h -> build/lib.linux-ppc64le-3.7/torch/include/ATen/native/cpu
copying torch/include/ATen/native/cpu/AtomicAddFloat.h -> build/lib.linux-ppc64le-3.7/torch/include/ATen/native/cpu
copying torch/include/ATen/native/cpu/GridSamplerKernel.h -> build/lib.linux-ppc64le-3.7/torch/include/ATen/native/cpu
copying torch/include/ATen/native/cpu/Intrinsics.h -> build/lib.linux-ppc64le-3.7/torch/include/ATen/native/cpu
copying torch/include/ATen/native/cpu/CatKernel.h -> build/lib.linux-ppc64le-3.7/torch/include/ATen/native/cpu
copying torch/include/ATen/native/cpu/DistributionTemplates.h -> build/lib.linux-ppc64le-3.7/torch/include/ATen/native/cpu
copying torch/include/ATen/native/cpu/Reduce.h -> build/lib.linux-ppc64le-3.7/torch/include/ATen/native/cpu
copying torch/include/ATen/native/cpu/DepthwiseConvKernel.h -> build/lib.linux-ppc64le-3.7/torch/include/ATen/native/cpu
copying torch/include/ATen/native/cpu/IsContiguous.h -> build/lib.linux-ppc64le-3.7/torch/include/ATen/native/cpu
creating build/lib.linux-ppc64le-3.7/torch/include/ATen/native/quantized
copying torch/include/ATen/native/quantized/Copy.h -> build/lib.linux-ppc64le-3.7/torch/include/ATen/native/quantized
copying torch/include/ATen/native/quantized/fake_quant_affine.h -> build/lib.linux-ppc64le-3.7/torch/include/ATen/native/quantized
copying torch/include/ATen/native/quantized/affine_quantizer.h -> build/lib.linux-ppc64le-3.7/torch/include/ATen/native/quantized
creating build/lib.linux-ppc64le-3.7/torch/include/ATen/native/quantized/cpu
copying torch/include/ATen/native/quantized/cpu/quantized_ops.h -> build/lib.linux-ppc64le-3.7/torch/include/ATen/native/quantized/cpu
copying torch/include/ATen/native/quantized/cpu/fbgemm_utils.h -> build/lib.linux-ppc64le-3.7/torch/include/ATen/native/quantized/cpu
copying torch/include/ATen/native/quantized/cpu/conv_packed_params.h -> build/lib.linux-ppc64le-3.7/torch/include/ATen/native/quantized/cpu
copying torch/include/ATen/native/quantized/cpu/qnnpack_utils.h -> build/lib.linux-ppc64le-3.7/torch/include/ATen/native/quantized/cpu
copying torch/include/ATen/native/quantized/cpu/packed_params.h -> build/lib.linux-ppc64le-3.7/torch/include/ATen/native/quantized/cpu
copying torch/include/ATen/native/quantized/cpu/quant_utils.h -> build/lib.linux-ppc64le-3.7/torch/include/ATen/native/quantized/cpu
copying torch/include/ATen/native/quantized/cpu/init_qnnpack.h -> build/lib.linux-ppc64le-3.7/torch/include/ATen/native/quantized/cpu
creating build/lib.linux-ppc64le-3.7/torch/include/ATen/quantized
copying torch/include/ATen/quantized/Quantizer.h -> build/lib.linux-ppc64le-3.7/torch/include/ATen/quantized
copying torch/include/ATen/quantized/QTensorImpl.h -> build/lib.linux-ppc64le-3.7/torch/include/ATen/quantized
creating build/lib.linux-ppc64le-3.7/torch/include/caffe2
creating build/lib.linux-ppc64le-3.7/torch/include/caffe2/utils
copying torch/include/caffe2/utils/filler.h -> build/lib.linux-ppc64le-3.7/torch/include/caffe2/utils
copying torch/include/caffe2/utils/math-detail.h -> build/lib.linux-ppc64le-3.7/torch/include/caffe2/utils
copying torch/include/caffe2/utils/cast.h -> build/lib.linux-ppc64le-3.7/torch/include/caffe2/utils
copying torch/include/caffe2/utils/string_utils.h -> build/lib.linux-ppc64le-3.7/torch/include/caffe2/utils
copying torch/include/caffe2/utils/murmur_hash3.h -> build/lib.linux-ppc64le-3.7/torch/include/caffe2/utils
copying torch/include/caffe2/utils/proto_wrap.h -> build/lib.linux-ppc64le-3.7/torch/include/caffe2/utils
copying torch/include/caffe2/utils/fixed_divisor.h -> build/lib.linux-ppc64le-3.7/torch/include/caffe2/utils
copying torch/include/caffe2/utils/bench_utils.h -> build/lib.linux-ppc64le-3.7/torch/include/caffe2/utils
copying torch/include/caffe2/utils/signal_handler.h -> build/lib.linux-ppc64le-3.7/torch/include/caffe2/utils
copying torch/include/caffe2/utils/cblas.h -> build/lib.linux-ppc64le-3.7/torch/include/caffe2/utils
copying torch/include/caffe2/utils/conversions.h -> build/lib.linux-ppc64le-3.7/torch/include/caffe2/utils
copying torch/include/caffe2/utils/cpu_neon.h -> build/lib.linux-ppc64le-3.7/torch/include/caffe2/utils
copying torch/include/caffe2/utils/proto_convert.h -> build/lib.linux-ppc64le-3.7/torch/include/caffe2/utils
copying torch/include/caffe2/utils/proto_utils.h -> build/lib.linux-ppc64le-3.7/torch/include/caffe2/utils
copying torch/include/caffe2/utils/cpuid.h -> build/lib.linux-ppc64le-3.7/torch/include/caffe2/utils
copying torch/include/caffe2/utils/map_utils.h -> build/lib.linux-ppc64le-3.7/torch/include/caffe2/utils
copying torch/include/caffe2/utils/math.h -> build/lib.linux-ppc64le-3.7/torch/include/caffe2/utils
copying torch/include/caffe2/utils/zmq_helper.h -> build/lib.linux-ppc64le-3.7/torch/include/caffe2/utils
copying torch/include/caffe2/utils/simple_queue.h -> build/lib.linux-ppc64le-3.7/torch/include/caffe2/utils
copying torch/include/caffe2/utils/smart_tensor_printer.h -> build/lib.linux-ppc64le-3.7/torch/include/caffe2/utils
copying torch/include/caffe2/utils/eigen_utils.h -> build/lib.linux-ppc64le-3.7/torch/include/caffe2/utils
creating build/lib.linux-ppc64le-3.7/torch/include/caffe2/utils/threadpool
copying torch/include/caffe2/utils/threadpool/pthreadpool.h -> build/lib.linux-ppc64le-3.7/torch/include/caffe2/utils/threadpool
copying torch/include/caffe2/utils/threadpool/ThreadPoolCommon.h -> build/lib.linux-ppc64le-3.7/torch/include/caffe2/utils/threadpool
copying torch/include/caffe2/utils/threadpool/WorkersPool.h -> build/lib.linux-ppc64le-3.7/torch/include/caffe2/utils/threadpool
copying torch/include/caffe2/utils/threadpool/ThreadPool.h -> build/lib.linux-ppc64le-3.7/torch/include/caffe2/utils/threadpool
copying torch/include/caffe2/utils/threadpool/pthreadpool-cpp.h -> build/lib.linux-ppc64le-3.7/torch/include/caffe2/utils/threadpool
creating build/lib.linux-ppc64le-3.7/torch/include/caffe2/utils/math
copying torch/include/caffe2/utils/math/broadcast.h -> build/lib.linux-ppc64le-3.7/torch/include/caffe2/utils/math
copying torch/include/caffe2/utils/math/elementwise.h -> build/lib.linux-ppc64le-3.7/torch/include/caffe2/utils/math
copying torch/include/caffe2/utils/math/transpose.h -> build/lib.linux-ppc64le-3.7/torch/include/caffe2/utils/math
copying torch/include/caffe2/utils/math/reduce.h -> build/lib.linux-ppc64le-3.7/torch/include/caffe2/utils/math
copying torch/include/caffe2/utils/math/half_utils.h -> build/lib.linux-ppc64le-3.7/torch/include/caffe2/utils/math
copying torch/include/caffe2/utils/math/utils.h -> build/lib.linux-ppc64le-3.7/torch/include/caffe2/utils/math
creating build/lib.linux-ppc64le-3.7/torch/include/c10
creating build/lib.linux-ppc64le-3.7/torch/include/c10/macros
copying torch/include/c10/macros/Export.h -> build/lib.linux-ppc64le-3.7/torch/include/c10/macros
copying torch/include/c10/macros/cmake_macros.h -> build/lib.linux-ppc64le-3.7/torch/include/c10/macros
copying torch/include/c10/macros/Macros.h -> build/lib.linux-ppc64le-3.7/torch/include/c10/macros
creating build/lib.linux-ppc64le-3.7/torch/include/c10/core
copying torch/include/c10/core/Allocator.h -> build/lib.linux-ppc64le-3.7/torch/include/c10/core
copying torch/include/c10/core/TensorOptions.h -> build/lib.linux-ppc64le-3.7/torch/include/c10/core
copying torch/include/c10/core/Storage.h -> build/lib.linux-ppc64le-3.7/torch/include/c10/core
copying torch/include/c10/core/Event.h -> build/lib.linux-ppc64le-3.7/torch/include/c10/core
copying torch/include/c10/core/QScheme.h -> build/lib.linux-ppc64le-3.7/torch/include/c10/core
copying torch/include/c10/core/CPUAllocator.h -> build/lib.linux-ppc64le-3.7/torch/include/c10/core
copying torch/include/c10/core/CopyBytes.h -> build/lib.linux-ppc64le-3.7/torch/include/c10/core
copying torch/include/c10/core/DeviceType.h -> build/lib.linux-ppc64le-3.7/torch/include/c10/core
copying torch/include/c10/core/ScalarType.h -> build/lib.linux-ppc64le-3.7/torch/include/c10/core
copying torch/include/c10/core/QEngine.h -> build/lib.linux-ppc64le-3.7/torch/include/c10/core
copying torch/include/c10/core/DefaultDtype.h -> build/lib.linux-ppc64le-3.7/torch/include/c10/core
copying torch/include/c10/core/thread_pool.h -> build/lib.linux-ppc64le-3.7/torch/include/c10/core
copying torch/include/c10/core/StorageImpl.h -> build/lib.linux-ppc64le-3.7/torch/include/c10/core
copying torch/include/c10/core/DefaultTensorOptions.h -> build/lib.linux-ppc64le-3.7/torch/include/c10/core
copying torch/include/c10/core/StreamGuard.h -> build/lib.linux-ppc64le-3.7/torch/include/c10/core
copying torch/include/c10/core/DeviceGuard.h -> build/lib.linux-ppc64le-3.7/torch/include/c10/core
copying torch/include/c10/core/WrapDimMinimal.h -> build/lib.linux-ppc64le-3.7/torch/include/c10/core
copying torch/include/c10/core/TensorImpl.h -> build/lib.linux-ppc64le-3.7/torch/include/c10/core
copying torch/include/c10/core/Layout.h -> build/lib.linux-ppc64le-3.7/torch/include/c10/core
copying torch/include/c10/core/MemoryFormat.h -> build/lib.linux-ppc64le-3.7/torch/include/c10/core
copying torch/include/c10/core/UndefinedTensorImpl.h -> build/lib.linux-ppc64le-3.7/torch/include/c10/core
copying torch/include/c10/core/Device.h -> build/lib.linux-ppc64le-3.7/torch/include/c10/core
copying torch/include/c10/core/Scalar.h -> build/lib.linux-ppc64le-3.7/torch/include/c10/core
copying torch/include/c10/core/CompileTimeFunctionPointer.h -> build/lib.linux-ppc64le-3.7/torch/include/c10/core
copying torch/include/c10/core/Backend.h -> build/lib.linux-ppc64le-3.7/torch/include/c10/core
copying torch/include/c10/core/DispatchKey.h -> build/lib.linux-ppc64le-3.7/torch/include/c10/core
copying torch/include/c10/core/GeneratorImpl.h -> build/lib.linux-ppc64le-3.7/torch/include/c10/core
copying torch/include/c10/core/Stream.h -> build/lib.linux-ppc64le-3.7/torch/include/c10/core
copying torch/include/c10/core/DispatchKeySet.h -> build/lib.linux-ppc64le-3.7/torch/include/c10/core
creating build/lib.linux-ppc64le-3.7/torch/include/ATen/core/boxing
copying torch/include/ATen/core/boxing/KernelFunction.h -> build/lib.linux-ppc64le-3.7/torch/include/ATen/core/boxing
copying torch/include/ATen/core/boxing/KernelFunction_impl.h -> build/lib.linux-ppc64le-3.7/torch/include/ATen/core/boxing
creating build/lib.linux-ppc64le-3.7/torch/include/ATen/core/boxing/impl
copying torch/include/ATen/core/boxing/impl/WrapFunctionIntoFunctor.h -> build/lib.linux-ppc64le-3.7/torch/include/ATen/core/boxing/impl
copying torch/include/ATen/core/boxing/impl/test_helpers.h -> build/lib.linux-ppc64le-3.7/torch/include/ATen/core/boxing/impl
copying torch/include/ATen/core/boxing/impl/make_boxed_from_unboxed_functor.h -> build/lib.linux-ppc64le-3.7/torch/include/ATen/core/boxing/impl
copying torch/include/ATen/core/boxing/impl/WrapFunctionIntoRuntimeFunctor.h -> build/lib.linux-ppc64le-3.7/torch/include/ATen/core/boxing/impl
copying torch/include/ATen/core/boxing/impl/boxing.h -> build/lib.linux-ppc64le-3.7/torch/include/ATen/core/boxing/impl
creating build/lib.linux-ppc64le-3.7/torch/include/ATen/core/dispatch
copying torch/include/ATen/core/dispatch/OperatorOptions.h -> build/lib.linux-ppc64le-3.7/torch/include/ATen/core/dispatch
copying torch/include/ATen/core/dispatch/DispatchKeyExtractor.h -> build/lib.linux-ppc64le-3.7/torch/include/ATen/core/dispatch
copying torch/include/ATen/core/dispatch/RegistrationHandleRAII.h -> build/lib.linux-ppc64le-3.7/torch/include/ATen/core/dispatch
copying torch/include/ATen/core/dispatch/ObservedOperators.h -> build/lib.linux-ppc64le-3.7/torch/include/ATen/core/dispatch
copying torch/include/ATen/core/dispatch/OperatorEntry.h -> build/lib.linux-ppc64le-3.7/torch/include/ATen/core/dispatch
copying torch/include/ATen/core/dispatch/Dispatcher.h -> build/lib.linux-ppc64le-3.7/torch/include/ATen/core/dispatch
copying torch/include/ATen/core/dispatch/CppSignature.h -> build/lib.linux-ppc64le-3.7/torch/include/ATen/core/dispatch
creating build/lib.linux-ppc64le-3.7/torch/include/ATen/core/op_registration
copying torch/include/ATen/core/op_registration/infer_schema.h -> build/lib.linux-ppc64le-3.7/torch/include/ATen/core/op_registration
copying torch/include/ATen/core/op_registration/hacky_wrapper_for_legacy_signatures.h -> build/lib.linux-ppc64le-3.7/torch/include/ATen/core/op_registration
copying torch/include/ATen/core/op_registration/op_registration.h -> build/lib.linux-ppc64le-3.7/torch/include/ATen/core/op_registration
creating build/lib.linux-ppc64le-3.7/torch/include/c10/core/impl
copying torch/include/c10/core/impl/InlineDeviceGuard.h -> build/lib.linux-ppc64le-3.7/torch/include/c10/core/impl
copying torch/include/c10/core/impl/LocalDispatchKeySet.h -> build/lib.linux-ppc64le-3.7/torch/include/c10/core/impl
copying torch/include/c10/core/impl/InlineEvent.h -> build/lib.linux-ppc64le-3.7/torch/include/c10/core/impl
copying torch/include/c10/core/impl/InlineStreamGuard.h -> build/lib.linux-ppc64le-3.7/torch/include/c10/core/impl
copying torch/include/c10/core/impl/DeviceGuardImplInterface.h -> build/lib.linux-ppc64le-3.7/torch/include/c10/core/impl
copying torch/include/c10/core/impl/FakeGuardImpl.h -> build/lib.linux-ppc64le-3.7/torch/include/c10/core/impl
copying torch/include/c10/core/impl/VirtualGuardImpl.h -> build/lib.linux-ppc64le-3.7/torch/include/c10/core/impl
creating build/lib.linux-ppc64le-3.7/torch/include/c10/util
copying torch/include/c10/util/Bitset.h -> build/lib.linux-ppc64le-3.7/torch/include/c10/util
copying torch/include/c10/util/math_compat.h -> build/lib.linux-ppc64le-3.7/torch/include/c10/util
copying torch/include/c10/util/thread_name.h -> build/lib.linux-ppc64le-3.7/torch/include/c10/util
copying torch/include/c10/util/complex_math.h -> build/lib.linux-ppc64le-3.7/torch/include/c10/util
copying torch/include/c10/util/complex_utils.h -> build/lib.linux-ppc64le-3.7/torch/include/c10/util
copying torch/include/c10/util/C++17.h -> build/lib.linux-ppc64le-3.7/torch/include/c10/util
copying torch/include/c10/util/StringUtil.h -> build/lib.linux-ppc64le-3.7/torch/include/c10/util
copying torch/include/c10/util/Exception.h -> build/lib.linux-ppc64le-3.7/torch/include/c10/util
copying torch/include/c10/util/intrusive_ptr.h -> build/lib.linux-ppc64le-3.7/torch/include/c10/util
copying torch/include/c10/util/qint8.h -> build/lib.linux-ppc64le-3.7/torch/include/c10/util
copying torch/include/c10/util/string_utils.h -> build/lib.linux-ppc64le-3.7/torch/include/c10/util
copying torch/include/c10/util/SmallVector.h -> build/lib.linux-ppc64le-3.7/torch/include/c10/util
copying torch/include/c10/util/BFloat16-inl.h -> build/lib.linux-ppc64le-3.7/torch/include/c10/util
copying torch/include/c10/util/TypeIndex.h -> build/lib.linux-ppc64le-3.7/torch/include/c10/util
copying torch/include/c10/util/Half-inl.h -> build/lib.linux-ppc64le-3.7/torch/include/c10/util
copying torch/include/c10/util/Deprecated.h -> build/lib.linux-ppc64le-3.7/torch/include/c10/util
copying torch/include/c10/util/TypeTraits.h -> build/lib.linux-ppc64le-3.7/torch/include/c10/util
copying torch/include/c10/util/llvmMathExtras.h -> build/lib.linux-ppc64le-3.7/torch/include/c10/util
copying torch/include/c10/util/Registry.h -> build/lib.linux-ppc64le-3.7/torch/include/c10/util
copying torch/include/c10/util/sparse_bitset.h -> build/lib.linux-ppc64le-3.7/torch/include/c10/util
copying torch/include/c10/util/Array.h -> build/lib.linux-ppc64le-3.7/torch/include/c10/util
copying torch/include/c10/util/Half.h -> build/lib.linux-ppc64le-3.7/torch/include/c10/util
copying torch/include/c10/util/either.h -> build/lib.linux-ppc64le-3.7/torch/include/c10/util
copying torch/include/c10/util/UniqueVoidPtr.h -> build/lib.linux-ppc64le-3.7/torch/include/c10/util
copying torch/include/c10/util/TypeCast.h -> build/lib.linux-ppc64le-3.7/torch/include/c10/util
copying torch/include/c10/util/Type.h -> build/lib.linux-ppc64le-3.7/torch/include/c10/util
copying torch/include/c10/util/typeid.h -> build/lib.linux-ppc64le-3.7/torch/include/c10/util
copying torch/include/c10/util/Logging.h -> build/lib.linux-ppc64le-3.7/torch/include/c10/util
copying torch/include/c10/util/BFloat16-math.h -> build/lib.linux-ppc64le-3.7/torch/include/c10/util
copying torch/include/c10/util/LeftRight.h -> build/lib.linux-ppc64le-3.7/torch/include/c10/util
copying torch/include/c10/util/complex.h -> build/lib.linux-ppc64le-3.7/torch/include/c10/util
copying torch/include/c10/util/logging_is_not_google_glog.h -> build/lib.linux-ppc64le-3.7/torch/include/c10/util
copying torch/include/c10/util/Backtrace.h -> build/lib.linux-ppc64le-3.7/torch/include/c10/util
copying torch/include/c10/util/TypeList.h -> build/lib.linux-ppc64le-3.7/torch/include/c10/util
copying torch/include/c10/util/FunctionRef.h -> build/lib.linux-ppc64le-3.7/torch/include/c10/util
copying torch/include/c10/util/in_place.h -> build/lib.linux-ppc64le-3.7/torch/include/c10/util
copying torch/include/c10/util/BFloat16.h -> build/lib.linux-ppc64le-3.7/torch/include/c10/util
copying torch/include/c10/util/Metaprogramming.h -> build/lib.linux-ppc64le-3.7/torch/include/c10/util
copying torch/include/c10/util/flat_hash_map.h -> build/lib.linux-ppc64le-3.7/torch/include/c10/util
copying torch/include/c10/util/tempfile.h -> build/lib.linux-ppc64le-3.7/torch/include/c10/util
copying torch/include/c10/util/quint8.h -> build/lib.linux-ppc64le-3.7/torch/include/c10/util
copying torch/include/c10/util/logging_is_google_glog.h -> build/lib.linux-ppc64le-3.7/torch/include/c10/util
copying torch/include/c10/util/IdWrapper.h -> build/lib.linux-ppc64le-3.7/torch/include/c10/util
copying torch/include/c10/util/python_stub.h -> build/lib.linux-ppc64le-3.7/torch/include/c10/util
copying torch/include/c10/util/qint32.h -> build/lib.linux-ppc64le-3.7/torch/include/c10/util
copying torch/include/c10/util/order_preserving_flat_hash_map.h -> build/lib.linux-ppc64le-3.7/torch/include/c10/util
copying torch/include/c10/util/Optional.h -> build/lib.linux-ppc64le-3.7/torch/include/c10/util
copying torch/include/c10/util/ConstexprCrc.h -> build/lib.linux-ppc64le-3.7/torch/include/c10/util
copying torch/include/c10/util/string_view.h -> build/lib.linux-ppc64le-3.7/torch/include/c10/util
copying torch/include/c10/util/numa.h -> build/lib.linux-ppc64le-3.7/torch/include/c10/util
copying torch/include/c10/util/AlignOf.h -> build/lib.linux-ppc64le-3.7/torch/include/c10/util
copying torch/include/c10/util/Flags.h -> build/lib.linux-ppc64le-3.7/torch/include/c10/util
copying torch/include/c10/util/variant.h -> build/lib.linux-ppc64le-3.7/torch/include/c10/util
copying torch/include/c10/util/ArrayRef.h -> build/lib.linux-ppc64le-3.7/torch/include/c10/util
copying torch/include/c10/util/ThreadLocalDebugInfo.h -> build/lib.linux-ppc64le-3.7/torch/include/c10/util
copying torch/include/c10/util/reverse_iterator.h -> build/lib.linux-ppc64le-3.7/torch/include/c10/util
creating build/lib.linux-ppc64le-3.7/torch/include/c10/cuda
copying torch/include/c10/cuda/CUDAMathCompat.h -> build/lib.linux-ppc64le-3.7/torch/include/c10/cuda
copying torch/include/c10/cuda/CUDAStream.h -> build/lib.linux-ppc64le-3.7/torch/include/c10/cuda
copying torch/include/c10/cuda/CUDAMacros.h -> build/lib.linux-ppc64le-3.7/torch/include/c10/cuda
copying torch/include/c10/cuda/CUDACachingAllocator.h -> build/lib.linux-ppc64le-3.7/torch/include/c10/cuda
copying torch/include/c10/cuda/CUDAException.h -> build/lib.linux-ppc64le-3.7/torch/include/c10/cuda
copying torch/include/c10/cuda/CUDAFunctions.h -> build/lib.linux-ppc64le-3.7/torch/include/c10/cuda
copying torch/include/c10/cuda/CUDAGuard.h -> build/lib.linux-ppc64le-3.7/torch/include/c10/cuda
creating build/lib.linux-ppc64le-3.7/torch/include/c10/cuda/impl
copying torch/include/c10/cuda/impl/CUDATest.h -> build/lib.linux-ppc64le-3.7/torch/include/c10/cuda/impl
copying torch/include/c10/cuda/impl/CUDAGuardImpl.h -> build/lib.linux-ppc64le-3.7/torch/include/c10/cuda/impl
copying torch/include/c10/cuda/impl/cuda_cmake_macros.h -> build/lib.linux-ppc64le-3.7/torch/include/c10/cuda/impl
creating build/lib.linux-ppc64le-3.7/torch/include/c10d
copying torch/include/c10d/HashStore.hpp -> build/lib.linux-ppc64le-3.7/torch/include/c10d
copying torch/include/c10d/Utils.hpp -> build/lib.linux-ppc64le-3.7/torch/include/c10d
copying torch/include/c10d/ProcessGroupNCCL.hpp -> build/lib.linux-ppc64le-3.7/torch/include/c10d
copying torch/include/c10d/PrefixStore.hpp -> build/lib.linux-ppc64le-3.7/torch/include/c10d
copying torch/include/c10d/Types.hpp -> build/lib.linux-ppc64le-3.7/torch/include/c10d
copying torch/include/c10d/NCCLUtils.hpp -> build/lib.linux-ppc64le-3.7/torch/include/c10d
copying torch/include/c10d/FileStore.hpp -> build/lib.linux-ppc64le-3.7/torch/include/c10d
copying torch/include/c10d/ProcessGroupMPI.hpp -> build/lib.linux-ppc64le-3.7/torch/include/c10d
copying torch/include/c10d/GlooDeviceFactory.hpp -> build/lib.linux-ppc64le-3.7/torch/include/c10d
copying torch/include/c10d/ProcessGroup.hpp -> build/lib.linux-ppc64le-3.7/torch/include/c10d
copying torch/include/c10d/TCPStore.hpp -> build/lib.linux-ppc64le-3.7/torch/include/c10d
copying torch/include/c10d/Store.hpp -> build/lib.linux-ppc64le-3.7/torch/include/c10d
copying torch/include/c10d/ProcessGroupGloo.hpp -> build/lib.linux-ppc64le-3.7/torch/include/c10d
creating build/lib.linux-ppc64le-3.7/torch/include/caffe2/observers
copying torch/include/caffe2/observers/profile_observer.h -> build/lib.linux-ppc64le-3.7/torch/include/caffe2/observers
copying torch/include/caffe2/observers/operator_attaching_net_observer.h -> build/lib.linux-ppc64le-3.7/torch/include/caffe2/observers
copying torch/include/caffe2/observers/time_observer.h -> build/lib.linux-ppc64le-3.7/torch/include/caffe2/observers
copying torch/include/caffe2/observers/runcnt_observer.h -> build/lib.linux-ppc64le-3.7/torch/include/caffe2/observers
creating build/lib.linux-ppc64le-3.7/torch/include/caffe2/cuda_rtc
copying torch/include/caffe2/cuda_rtc/common_rtc.h -> build/lib.linux-ppc64le-3.7/torch/include/caffe2/cuda_rtc
creating build/lib.linux-ppc64le-3.7/torch/include/caffe2/ideep
copying torch/include/caffe2/ideep/ideep_utils.h -> build/lib.linux-ppc64le-3.7/torch/include/caffe2/ideep
creating build/lib.linux-ppc64le-3.7/torch/include/caffe2/sgd
copying torch/include/caffe2/sgd/gftrl_op.h -> build/lib.linux-ppc64le-3.7/torch/include/caffe2/sgd
copying torch/include/caffe2/sgd/math_lp.h -> build/lib.linux-ppc64le-3.7/torch/include/caffe2/sgd
copying torch/include/caffe2/sgd/learning_rate_functors.h -> build/lib.linux-ppc64le-3.7/torch/include/caffe2/sgd
copying torch/include/caffe2/sgd/fp16_momentum_sgd_op.h -> build/lib.linux-ppc64le-3.7/torch/include/caffe2/sgd
copying torch/include/caffe2/sgd/rowwise_adagrad_fused.h -> build/lib.linux-ppc64le-3.7/torch/include/caffe2/sgd
copying torch/include/caffe2/sgd/adagrad_fused.h -> build/lib.linux-ppc64le-3.7/torch/include/caffe2/sgd
copying torch/include/caffe2/sgd/adam_op.h -> build/lib.linux-ppc64le-3.7/torch/include/caffe2/sgd
copying torch/include/caffe2/sgd/momentum_sgd_op.h -> build/lib.linux-ppc64le-3.7/torch/include/caffe2/sgd
copying torch/include/caffe2/sgd/wngrad_op.h -> build/lib.linux-ppc64le-3.7/torch/include/caffe2/sgd
copying torch/include/caffe2/sgd/fp32_momentum_sgd_op.h -> build/lib.linux-ppc64le-3.7/torch/include/caffe2/sgd
copying torch/include/caffe2/sgd/learning_rate_adaption_op.h -> build/lib.linux-ppc64le-3.7/torch/include/caffe2/sgd
copying torch/include/caffe2/sgd/storm_op.h -> build/lib.linux-ppc64le-3.7/torch/include/caffe2/sgd
copying torch/include/caffe2/sgd/adadelta_op.h -> build/lib.linux-ppc64le-3.7/torch/include/caffe2/sgd
copying torch/include/caffe2/sgd/ftrl_op.h -> build/lib.linux-ppc64le-3.7/torch/include/caffe2/sgd
copying torch/include/caffe2/sgd/weight_scale_op.h -> build/lib.linux-ppc64le-3.7/torch/include/caffe2/sgd
copying torch/include/caffe2/sgd/rowwise_counter.h -> build/lib.linux-ppc64le-3.7/torch/include/caffe2/sgd
copying torch/include/caffe2/sgd/learning_rate_op.h -> build/lib.linux-ppc64le-3.7/torch/include/caffe2/sgd
copying torch/include/caffe2/sgd/rmsprop_op.h -> build/lib.linux-ppc64le-3.7/torch/include/caffe2/sgd
copying torch/include/caffe2/sgd/adagrad_op.h -> build/lib.linux-ppc64le-3.7/torch/include/caffe2/sgd
copying torch/include/caffe2/sgd/yellowfin_op.h -> build/lib.linux-ppc64le-3.7/torch/include/caffe2/sgd
copying torch/include/caffe2/sgd/clip_tensor_op.h -> build/lib.linux-ppc64le-3.7/torch/include/caffe2/sgd
copying torch/include/caffe2/sgd/lars_op.h -> build/lib.linux-ppc64le-3.7/torch/include/caffe2/sgd
copying torch/include/caffe2/sgd/iter_op.h -> build/lib.linux-ppc64le-3.7/torch/include/caffe2/sgd
creating build/lib.linux-ppc64le-3.7/torch/include/caffe2/core
copying torch/include/caffe2/core/blob.h -> build/lib.linux-ppc64le-3.7/torch/include/caffe2/core
copying torch/include/caffe2/core/graph.h -> build/lib.linux-ppc64le-3.7/torch/include/caffe2/core
copying torch/include/caffe2/core/tensor_impl.h -> build/lib.linux-ppc64le-3.7/torch/include/caffe2/core
copying torch/include/caffe2/core/qtensor.h -> build/lib.linux-ppc64le-3.7/torch/include/caffe2/core
copying torch/include/caffe2/core/allocator.h -> build/lib.linux-ppc64le-3.7/torch/include/caffe2/core
copying torch/include/caffe2/core/export_caffe2_op_to_c10.h -> build/lib.linux-ppc64le-3.7/torch/include/caffe2/core
copying torch/include/caffe2/core/storage.h -> build/lib.linux-ppc64le-3.7/torch/include/caffe2/core
copying torch/include/caffe2/core/timer.h -> build/lib.linux-ppc64le-3.7/torch/include/caffe2/core
copying torch/include/caffe2/core/event.h -> build/lib.linux-ppc64le-3.7/torch/include/caffe2/core
copying torch/include/caffe2/core/common_cudnn.h -> build/lib.linux-ppc64le-3.7/torch/include/caffe2/core
copying torch/include/caffe2/core/tensor.h -> build/lib.linux-ppc64le-3.7/torch/include/caffe2/core
copying torch/include/caffe2/core/common.h -> build/lib.linux-ppc64le-3.7/torch/include/caffe2/core
copying torch/include/caffe2/core/plan_executor.h -> build/lib.linux-ppc64le-3.7/torch/include/caffe2/core
copying torch/include/caffe2/core/net_async_task_future.h -> build/lib.linux-ppc64le-3.7/torch/include/caffe2/core
copying torch/include/caffe2/core/operator.h -> build/lib.linux-ppc64le-3.7/torch/include/caffe2/core
copying torch/include/caffe2/core/transform.h -> build/lib.linux-ppc64le-3.7/torch/include/caffe2/core
copying torch/include/caffe2/core/blob_stats.h -> build/lib.linux-ppc64le-3.7/torch/include/caffe2/core
copying torch/include/caffe2/core/module.h -> build/lib.linux-ppc64le-3.7/torch/include/caffe2/core
copying torch/include/caffe2/core/observer.h -> build/lib.linux-ppc64le-3.7/torch/include/caffe2/core
copying torch/include/caffe2/core/stats.h -> build/lib.linux-ppc64le-3.7/torch/include/caffe2/core
copying torch/include/caffe2/core/net_async_scheduling.h -> build/lib.linux-ppc64le-3.7/torch/include/caffe2/core
copying torch/include/caffe2/core/operator_schema.h -> build/lib.linux-ppc64le-3.7/torch/include/caffe2/core
copying torch/include/caffe2/core/context_gpu.h -> build/lib.linux-ppc64le-3.7/torch/include/caffe2/core
copying torch/include/caffe2/core/memonger.h -> build/lib.linux-ppc64le-3.7/torch/include/caffe2/core
copying torch/include/caffe2/core/blob_serialization.h -> build/lib.linux-ppc64le-3.7/torch/include/caffe2/core
copying torch/include/caffe2/core/common_gpu.h -> build/lib.linux-ppc64le-3.7/torch/include/caffe2/core
copying torch/include/caffe2/core/context.h -> build/lib.linux-ppc64le-3.7/torch/include/caffe2/core
copying torch/include/caffe2/core/db.h -> build/lib.linux-ppc64le-3.7/torch/include/caffe2/core
copying torch/include/caffe2/core/tensor_int8.h -> build/lib.linux-ppc64le-3.7/torch/include/caffe2/core
copying torch/include/caffe2/core/logging.h -> build/lib.linux-ppc64le-3.7/torch/include/caffe2/core
copying torch/include/caffe2/core/net_async_tracing.h -> build/lib.linux-ppc64le-3.7/torch/include/caffe2/core
copying torch/include/caffe2/core/init.h -> build/lib.linux-ppc64le-3.7/torch/include/caffe2/core
copying torch/include/caffe2/core/operator_gradient.h -> build/lib.linux-ppc64le-3.7/torch/include/caffe2/core
copying torch/include/caffe2/core/export_c10_op_to_caffe2.h -> build/lib.linux-ppc64le-3.7/torch/include/caffe2/core
copying torch/include/caffe2/core/test_utils.h -> build/lib.linux-ppc64le-3.7/torch/include/caffe2/core
copying torch/include/caffe2/core/macros.h -> build/lib.linux-ppc64le-3.7/torch/include/caffe2/core
copying torch/include/caffe2/core/scope_guard.h -> build/lib.linux-ppc64le-3.7/torch/include/caffe2/core
copying torch/include/caffe2/core/net_async_task_graph.h -> build/lib.linux-ppc64le-3.7/torch/include/caffe2/core
copying torch/include/caffe2/core/net_simple_refcount.h -> build/lib.linux-ppc64le-3.7/torch/include/caffe2/core
copying torch/include/caffe2/core/net_async_task.h -> build/lib.linux-ppc64le-3.7/torch/include/caffe2/core
copying torch/include/caffe2/core/net_dag_utils.h -> build/lib.linux-ppc64le-3.7/torch/include/caffe2/core
copying torch/include/caffe2/core/prof_dag_counters.h -> build/lib.linux-ppc64le-3.7/torch/include/caffe2/core
copying torch/include/caffe2/core/types.h -> build/lib.linux-ppc64le-3.7/torch/include/caffe2/core
copying torch/include/caffe2/core/net_parallel.h -> build/lib.linux-ppc64le-3.7/torch/include/caffe2/core
copying torch/include/caffe2/core/common_omp.h -> build/lib.linux-ppc64le-3.7/torch/include/caffe2/core
copying torch/include/caffe2/core/event_cpu.h -> build/lib.linux-ppc64le-3.7/torch/include/caffe2/core
copying torch/include/caffe2/core/blob_serializer_base.h -> build/lib.linux-ppc64le-3.7/torch/include/caffe2/core
copying torch/include/caffe2/core/cudnn_wrappers.h -> build/lib.linux-ppc64le-3.7/torch/include/caffe2/core
copying torch/include/caffe2/core/numa.h -> build/lib.linux-ppc64le-3.7/torch/include/caffe2/core
copying torch/include/caffe2/core/flags.h -> build/lib.linux-ppc64le-3.7/torch/include/caffe2/core
copying torch/include/caffe2/core/net_async_base.h -> build/lib.linux-ppc64le-3.7/torch/include/caffe2/core
copying torch/include/caffe2/core/qtensor_serialization.h -> build/lib.linux-ppc64le-3.7/torch/include/caffe2/core
copying torch/include/caffe2/core/static_tracepoint.h -> build/lib.linux-ppc64le-3.7/torch/include/caffe2/core
copying torch/include/caffe2/core/static_tracepoint_elfx86.h -> build/lib.linux-ppc64le-3.7/torch/include/caffe2/core
copying torch/include/caffe2/core/workspace.h -> build/lib.linux-ppc64le-3.7/torch/include/caffe2/core
copying torch/include/caffe2/core/net.h -> build/lib.linux-ppc64le-3.7/torch/include/caffe2/core
copying torch/include/caffe2/core/asan.h -> build/lib.linux-ppc64le-3.7/torch/include/caffe2/core
copying torch/include/caffe2/core/context_base.h -> build/lib.linux-ppc64le-3.7/torch/include/caffe2/core
copying torch/include/caffe2/core/net_simple.h -> build/lib.linux-ppc64le-3.7/torch/include/caffe2/core
creating build/lib.linux-ppc64le-3.7/torch/include/caffe2/proto
copying torch/include/caffe2/proto/caffe2_legacy.pb.h -> build/lib.linux-ppc64le-3.7/torch/include/caffe2/proto
copying torch/include/caffe2/proto/predictor_consts.pb.h -> build/lib.linux-ppc64le-3.7/torch/include/caffe2/proto
copying torch/include/caffe2/proto/prof_dag.pb.h -> build/lib.linux-ppc64le-3.7/torch/include/caffe2/proto
copying torch/include/caffe2/proto/caffe2.pb.h -> build/lib.linux-ppc64le-3.7/torch/include/caffe2/proto
copying torch/include/caffe2/proto/hsm.pb.h -> build/lib.linux-ppc64le-3.7/torch/include/caffe2/proto
copying torch/include/caffe2/proto/caffe2_pb.h -> build/lib.linux-ppc64le-3.7/torch/include/caffe2/proto
copying torch/include/caffe2/proto/metanet.pb.h -> build/lib.linux-ppc64le-3.7/torch/include/caffe2/proto
copying torch/include/caffe2/proto/torch_pb.h -> build/lib.linux-ppc64le-3.7/torch/include/caffe2/proto
copying torch/include/caffe2/proto/torch.pb.h -> build/lib.linux-ppc64le-3.7/torch/include/caffe2/proto
creating build/lib.linux-ppc64le-3.7/torch/include/caffe2/transforms
copying torch/include/caffe2/transforms/conv_to_nnpack_transform.h -> build/lib.linux-ppc64le-3.7/torch/include/caffe2/transforms
copying torch/include/caffe2/transforms/pattern_net_transform.h -> build/lib.linux-ppc64le-3.7/torch/include/caffe2/transforms
copying torch/include/caffe2/transforms/single_op_transform.h -> build/lib.linux-ppc64le-3.7/torch/include/caffe2/transforms
copying torch/include/caffe2/transforms/common_subexpression_elimination.h -> build/lib.linux-ppc64le-3.7/torch/include/caffe2/transforms
creating build/lib.linux-ppc64le-3.7/torch/include/caffe2/predictor
copying torch/include/caffe2/predictor/ThreadLocalPtr.h -> build/lib.linux-ppc64le-3.7/torch/include/caffe2/predictor
copying torch/include/caffe2/predictor/InferenceGraph.h -> build/lib.linux-ppc64le-3.7/torch/include/caffe2/predictor
copying torch/include/caffe2/predictor/predictor_config.h -> build/lib.linux-ppc64le-3.7/torch/include/caffe2/predictor
copying torch/include/caffe2/predictor/transforms.h -> build/lib.linux-ppc64le-3.7/torch/include/caffe2/predictor
copying torch/include/caffe2/predictor/predictor.h -> build/lib.linux-ppc64le-3.7/torch/include/caffe2/predictor
copying torch/include/caffe2/predictor/predictor_utils.h -> build/lib.linux-ppc64le-3.7/torch/include/caffe2/predictor
creating build/lib.linux-ppc64le-3.7/torch/include/caffe2/onnx
copying torch/include/caffe2/onnx/onnxifi_graph_info.h -> build/lib.linux-ppc64le-3.7/torch/include/caffe2/onnx
copying torch/include/caffe2/onnx/offline_tensor.h -> build/lib.linux-ppc64le-3.7/torch/include/caffe2/onnx
copying torch/include/caffe2/onnx/backend_rep.h -> build/lib.linux-ppc64le-3.7/torch/include/caffe2/onnx
copying torch/include/caffe2/onnx/helper.h -> build/lib.linux-ppc64le-3.7/torch/include/caffe2/onnx
copying torch/include/caffe2/onnx/device.h -> build/lib.linux-ppc64le-3.7/torch/include/caffe2/onnx
copying torch/include/caffe2/onnx/onnxifi_init.h -> build/lib.linux-ppc64le-3.7/torch/include/caffe2/onnx
copying torch/include/caffe2/onnx/backend.h -> build/lib.linux-ppc64le-3.7/torch/include/caffe2/onnx
copying torch/include/caffe2/onnx/onnx_exporter.h -> build/lib.linux-ppc64le-3.7/torch/include/caffe2/onnx
creating build/lib.linux-ppc64le-3.7/torch/include/caffe2/mpi
copying torch/include/caffe2/mpi/mpi_ops.h -> build/lib.linux-ppc64le-3.7/torch/include/caffe2/mpi
copying torch/include/caffe2/mpi/mpi_common.h -> build/lib.linux-ppc64le-3.7/torch/include/caffe2/mpi
creating build/lib.linux-ppc64le-3.7/torch/include/caffe2/python
copying torch/include/caffe2/python/pybind_state_dlpack.h -> build/lib.linux-ppc64le-3.7/torch/include/caffe2/python
copying torch/include/caffe2/python/dlpack.h -> build/lib.linux-ppc64le-3.7/torch/include/caffe2/python
copying torch/include/caffe2/python/pybind_state_registry.h -> build/lib.linux-ppc64le-3.7/torch/include/caffe2/python
copying torch/include/caffe2/python/pybind_state.h -> build/lib.linux-ppc64le-3.7/torch/include/caffe2/python
creating build/lib.linux-ppc64le-3.7/torch/include/caffe2/operators
copying torch/include/caffe2/operators/affine_channel_op.h -> build/lib.linux-ppc64le-3.7/torch/include/caffe2/operators
copying torch/include/caffe2/operators/cosh_op.h -> build/lib.linux-ppc64le-3.7/torch/include/caffe2/operators
copying torch/include/caffe2/operators/normalize_l1_op.h -> build/lib.linux-ppc64le-3.7/torch/include/caffe2/operators
copying torch/include/caffe2/operators/gather_ranges_to_dense_op.h -> build/lib.linux-ppc64le-3.7/torch/include/caffe2/operators
copying torch/include/caffe2/operators/lengths_tile_op.h -> build/lib.linux-ppc64le-3.7/torch/include/caffe2/operators
copying torch/include/caffe2/operators/cube_op.h -> build/lib.linux-ppc64le-3.7/torch/include/caffe2/operators
copying torch/include/caffe2/operators/rmac_regions_op.h -> build/lib.linux-ppc64le-3.7/torch/include/caffe2/operators
copying torch/include/caffe2/operators/numpy_tile_op.h -> build/lib.linux-ppc64le-3.7/torch/include/caffe2/operators
copying torch/include/caffe2/operators/rank_loss_op.h -> build/lib.linux-ppc64le-3.7/torch/include/caffe2/operators
copying torch/include/caffe2/operators/load_save_op.h -> build/lib.linux-ppc64le-3.7/torch/include/caffe2/operators
copying torch/include/caffe2/operators/softsign_op.h -> build/lib.linux-ppc64le-3.7/torch/include/caffe2/operators
copying torch/include/caffe2/operators/arg_ops.h -> build/lib.linux-ppc64le-3.7/torch/include/caffe2/operators
copying torch/include/caffe2/operators/slice_op.h -> build/lib.linux-ppc64le-3.7/torch/include/caffe2/operators
copying torch/include/caffe2/operators/tan_op.h -> build/lib.linux-ppc64le-3.7/torch/include/caffe2/operators
copying torch/include/caffe2/operators/conditional_op.h -> build/lib.linux-ppc64le-3.7/torch/include/caffe2/operators
copying torch/include/caffe2/operators/pack_segments.h -> build/lib.linux-ppc64le-3.7/torch/include/caffe2/operators
copying torch/include/caffe2/operators/tile_op.h -> build/lib.linux-ppc64le-3.7/torch/include/caffe2/operators
copying torch/include/caffe2/operators/matmul_op.h -> build/lib.linux-ppc64le-3.7/torch/include/caffe2/operators
copying torch/include/caffe2/operators/transpose_op.h -> build/lib.linux-ppc64le-3.7/torch/include/caffe2/operators
copying torch/include/caffe2/operators/batch_gather_ops.h -> build/lib.linux-ppc64le-3.7/torch/include/caffe2/operators
copying torch/include/caffe2/operators/expand_squeeze_dims_op.h -> build/lib.linux-ppc64le-3.7/torch/include/caffe2/operators
copying torch/include/caffe2/operators/batch_matmul_op.h -> build/lib.linux-ppc64le-3.7/torch/include/caffe2/operators
copying torch/include/caffe2/operators/lstm_unit_op.h -> build/lib.linux-ppc64le-3.7/torch/include/caffe2/operators
copying torch/include/caffe2/operators/fused_rowwise_nbit_conversion_ops.h -> build/lib.linux-ppc64le-3.7/torch/include/caffe2/operators
copying torch/include/caffe2/operators/relu_n_op.h -> build/lib.linux-ppc64le-3.7/torch/include/caffe2/operators
copying torch/include/caffe2/operators/sqr_op.h -> build/lib.linux-ppc64le-3.7/torch/include/caffe2/operators
copying torch/include/caffe2/operators/reverse_packed_segs_op.h -> build/lib.linux-ppc64le-3.7/torch/include/caffe2/operators
copying torch/include/caffe2/operators/perplexity_op.h -> build/lib.linux-ppc64le-3.7/torch/include/caffe2/operators
copying torch/include/caffe2/operators/self_binning_histogram_op.h -> build/lib.linux-ppc64le-3.7/torch/include/caffe2/operators
copying torch/include/caffe2/operators/elementwise_add_op.h -> build/lib.linux-ppc64le-3.7/torch/include/caffe2/operators
copying torch/include/caffe2/operators/acos_op.h -> build/lib.linux-ppc64le-3.7/torch/include/caffe2/operators
copying torch/include/caffe2/operators/lpnorm_op.h -> build/lib.linux-ppc64le-3.7/torch/include/caffe2/operators
copying torch/include/caffe2/operators/enforce_finite_op.h -> build/lib.linux-ppc64le-3.7/torch/include/caffe2/operators
copying torch/include/caffe2/operators/group_norm_op.h -> build/lib.linux-ppc64le-3.7/torch/include/caffe2/operators
copying torch/include/caffe2/operators/layer_norm_op.h -> build/lib.linux-ppc64le-3.7/torch/include/caffe2/operators
copying torch/include/caffe2/operators/sparse_to_dense_mask_op.h -> build/lib.linux-ppc64le-3.7/torch/include/caffe2/operators
copying torch/include/caffe2/operators/generate_proposals_op_util_nms.h -> build/lib.linux-ppc64le-3.7/torch/include/caffe2/operators
copying torch/include/caffe2/operators/generate_proposals_op_util_boxes.h -> build/lib.linux-ppc64le-3.7/torch/include/caffe2/operators
copying torch/include/caffe2/operators/locally_connected_op_impl.h -> build/lib.linux-ppc64le-3.7/torch/include/caffe2/operators
copying torch/include/caffe2/operators/softmax_op.h -> build/lib.linux-ppc64le-3.7/torch/include/caffe2/operators
copying torch/include/caffe2/operators/counter_ops.h -> build/lib.linux-ppc64le-3.7/torch/include/caffe2/operators
copying torch/include/caffe2/operators/local_response_normalization_op.h -> build/lib.linux-ppc64le-3.7/torch/include/caffe2/operators
copying torch/include/caffe2/operators/erf_op.h -> build/lib.linux-ppc64le-3.7/torch/include/caffe2/operators
copying torch/include/caffe2/operators/accumulate_op.h -> build/lib.linux-ppc64le-3.7/torch/include/caffe2/operators
copying torch/include/caffe2/operators/lengths_reducer_ops.h -> build/lib.linux-ppc64le-3.7/torch/include/caffe2/operators
copying torch/include/caffe2/operators/stop_gradient.h -> build/lib.linux-ppc64le-3.7/torch/include/caffe2/operators
copying torch/include/caffe2/operators/floor_op.h -> build/lib.linux-ppc64le-3.7/torch/include/caffe2/operators
copying torch/include/caffe2/operators/loss_op.h -> build/lib.linux-ppc64le-3.7/torch/include/caffe2/operators
copying torch/include/caffe2/operators/selu_op.h -> build/lib.linux-ppc64le-3.7/torch/include/caffe2/operators
copying torch/include/caffe2/operators/apmeter_op.h -> build/lib.linux-ppc64le-3.7/torch/include/caffe2/operators
copying torch/include/caffe2/operators/abs_op.h -> build/lib.linux-ppc64le-3.7/torch/include/caffe2/operators
copying torch/include/caffe2/operators/dropout_op.h -> build/lib.linux-ppc64le-3.7/torch/include/caffe2/operators
copying torch/include/caffe2/operators/fused_rowwise_nbitfake_conversion_ops.h -> build/lib.linux-ppc64le-3.7/torch/include/caffe2/operators
copying torch/include/caffe2/operators/reduce_front_back_max_ops.h -> build/lib.linux-ppc64le-3.7/torch/include/caffe2/operators
copying torch/include/caffe2/operators/piecewise_linear_transform_op.h -> build/lib.linux-ppc64le-3.7/torch/include/caffe2/operators
copying torch/include/caffe2/operators/channel_backprop_stats_op.h -> build/lib.linux-ppc64le-3.7/torch/include/caffe2/operators
copying torch/include/caffe2/operators/sqrt_op.h -> build/lib.linux-ppc64le-3.7/torch/include/caffe2/operators
copying torch/include/caffe2/operators/space_batch_op.h -> build/lib.linux-ppc64le-3.7/torch/include/caffe2/operators
copying torch/include/caffe2/operators/log_op.h -> build/lib.linux-ppc64le-3.7/torch/include/caffe2/operators
copying torch/include/caffe2/operators/clip_op.h -> build/lib.linux-ppc64le-3.7/torch/include/caffe2/operators
copying torch/include/caffe2/operators/prepend_dim_op.h -> build/lib.linux-ppc64le-3.7/torch/include/caffe2/operators
copying torch/include/caffe2/operators/scale_op.h -> build/lib.linux-ppc64le-3.7/torch/include/caffe2/operators
copying torch/include/caffe2/operators/conv_op.h -> build/lib.linux-ppc64le-3.7/torch/include/caffe2/operators
copying torch/include/caffe2/operators/roi_align_op.h -> build/lib.linux-ppc64le-3.7/torch/include/caffe2/operators
copying torch/include/caffe2/operators/lengths_pad_op.h -> build/lib.linux-ppc64le-3.7/torch/include/caffe2/operators
copying torch/include/caffe2/operators/gru_unit_op.h -> build/lib.linux-ppc64le-3.7/torch/include/caffe2/operators
copying torch/include/caffe2/operators/ensure_clipped_op.h -> build/lib.linux-ppc64le-3.7/torch/include/caffe2/operators
copying torch/include/caffe2/operators/prefetch_op.h -> build/lib.linux-ppc64le-3.7/torch/include/caffe2/operators
copying torch/include/caffe2/operators/ctc_greedy_decoder_op.h -> build/lib.linux-ppc64le-3.7/torch/include/caffe2/operators
copying torch/include/caffe2/operators/utility_ops.h -> build/lib.linux-ppc64le-3.7/torch/include/caffe2/operators
copying torch/include/caffe2/operators/glu_op.h -> build/lib.linux-ppc64le-3.7/torch/include/caffe2/operators
copying torch/include/caffe2/operators/concat_split_op.h -> build/lib.linux-ppc64le-3.7/torch/include/caffe2/operators
copying torch/include/caffe2/operators/conv_transpose_op_mobile.h -> build/lib.linux-ppc64le-3.7/torch/include/caffe2/operators
copying torch/include/caffe2/operators/tanh_op.h -> build/lib.linux-ppc64le-3.7/torch/include/caffe2/operators
copying torch/include/caffe2/operators/activation_ops_cudnn.h -> build/lib.linux-ppc64le-3.7/torch/include/caffe2/operators
copying torch/include/caffe2/operators/operator_fallback_gpu.h -> build/lib.linux-ppc64le-3.7/torch/include/caffe2/operators
copying torch/include/caffe2/operators/negate_gradient_op.h -> build/lib.linux-ppc64le-3.7/torch/include/caffe2/operators
copying torch/include/caffe2/operators/one_hot_ops.h -> build/lib.linux-ppc64le-3.7/torch/include/caffe2/operators
copying torch/include/caffe2/operators/ceil_op.h -> build/lib.linux-ppc64le-3.7/torch/include/caffe2/operators
copying torch/include/caffe2/operators/sinh_op.h -> build/lib.linux-ppc64le-3.7/torch/include/caffe2/operators
copying torch/include/caffe2/operators/histogram_op.h -> build/lib.linux-ppc64le-3.7/torch/include/caffe2/operators
copying torch/include/caffe2/operators/do_op.h -> build/lib.linux-ppc64le-3.7/torch/include/caffe2/operators
copying torch/include/caffe2/operators/string_ops.h -> build/lib.linux-ppc64le-3.7/torch/include/caffe2/operators
copying torch/include/caffe2/operators/flexible_top_k.h -> build/lib.linux-ppc64le-3.7/torch/include/caffe2/operators
copying torch/include/caffe2/operators/generate_proposals_op.h -> build/lib.linux-ppc64le-3.7/torch/include/caffe2/operators
copying torch/include/caffe2/operators/feature_maps_ops.h -> build/lib.linux-ppc64le-3.7/torch/include/caffe2/operators
copying torch/include/caffe2/operators/cos_op.h -> build/lib.linux-ppc64le-3.7/torch/include/caffe2/operators
copying torch/include/caffe2/operators/reduce_front_back_sum_mean_ops.h -> build/lib.linux-ppc64le-3.7/torch/include/caffe2/operators
copying torch/include/caffe2/operators/assert_op.h -> build/lib.linux-ppc64le-3.7/torch/include/caffe2/operators
copying torch/include/caffe2/operators/cbrt_op.h -> build/lib.linux-ppc64le-3.7/torch/include/caffe2/operators
copying torch/include/caffe2/operators/swish_op.h -> build/lib.linux-ppc64le-3.7/torch/include/caffe2/operators
copying torch/include/caffe2/operators/reciprocal_op.h -> build/lib.linux-ppc64le-3.7/torch/include/caffe2/operators
copying torch/include/caffe2/operators/tensor_protos_db_input.h -> build/lib.linux-ppc64le-3.7/torch/include/caffe2/operators
copying torch/include/caffe2/operators/key_split_ops.h -> build/lib.linux-ppc64le-3.7/torch/include/caffe2/operators
copying torch/include/caffe2/operators/no_default_engine_op.h -> build/lib.linux-ppc64le-3.7/torch/include/caffe2/operators
copying torch/include/caffe2/operators/stats_put_ops.h -> build/lib.linux-ppc64le-3.7/torch/include/caffe2/operators
copying torch/include/caffe2/operators/exp_op.h -> build/lib.linux-ppc64le-3.7/torch/include/caffe2/operators
copying torch/include/caffe2/operators/deform_conv_op_impl.h -> build/lib.linux-ppc64le-3.7/torch/include/caffe2/operators
copying torch/include/caffe2/operators/pool_op.h -> build/lib.linux-ppc64le-3.7/torch/include/caffe2/operators
copying torch/include/caffe2/operators/gelu_op.h -> build/lib.linux-ppc64le-3.7/torch/include/caffe2/operators
copying torch/include/caffe2/operators/index_hash_ops.h -> build/lib.linux-ppc64le-3.7/torch/include/caffe2/operators
copying torch/include/caffe2/operators/bucketize_op.h -> build/lib.linux-ppc64le-3.7/torch/include/caffe2/operators
copying torch/include/caffe2/operators/unique_ops.h -> build/lib.linux-ppc64le-3.7/torch/include/caffe2/operators
copying torch/include/caffe2/operators/sin_op.h -> build/lib.linux-ppc64le-3.7/torch/include/caffe2/operators
copying torch/include/caffe2/operators/softplus_op.h -> build/lib.linux-ppc64le-3.7/torch/include/caffe2/operators
copying torch/include/caffe2/operators/asin_op.h -> build/lib.linux-ppc64le-3.7/torch/include/caffe2/operators
copying torch/include/caffe2/operators/roi_align_gradient_op.h -> build/lib.linux-ppc64le-3.7/torch/include/caffe2/operators
copying torch/include/caffe2/operators/pad_op.h -> build/lib.linux-ppc64le-3.7/torch/include/caffe2/operators
copying torch/include/caffe2/operators/ensure_cpu_output_op.h -> build/lib.linux-ppc64le-3.7/torch/include/caffe2/operators
copying torch/include/caffe2/operators/load_save_op_util.h -> build/lib.linux-ppc64le-3.7/torch/include/caffe2/operators
copying torch/include/caffe2/operators/data_couple.h -> build/lib.linux-ppc64le-3.7/torch/include/caffe2/operators
copying torch/include/caffe2/operators/mish_op.h -> build/lib.linux-ppc64le-3.7/torch/include/caffe2/operators
copying torch/include/caffe2/operators/elementwise_ops.h -> build/lib.linux-ppc64le-3.7/torch/include/caffe2/operators
copying torch/include/caffe2/operators/softmax_with_loss_op.h -> build/lib.linux-ppc64le-3.7/torch/include/caffe2/operators
copying torch/include/caffe2/operators/cast_op.h -> build/lib.linux-ppc64le-3.7/torch/include/caffe2/operators
copying torch/include/caffe2/operators/lstm_utils.h -> build/lib.linux-ppc64le-3.7/torch/include/caffe2/operators
copying torch/include/caffe2/operators/im2col_op.h -> build/lib.linux-ppc64le-3.7/torch/include/caffe2/operators
copying torch/include/caffe2/operators/index_ops.h -> build/lib.linux-ppc64le-3.7/torch/include/caffe2/operators
copying torch/include/caffe2/operators/elementwise_div_op.h -> build/lib.linux-ppc64le-3.7/torch/include/caffe2/operators
copying torch/include/caffe2/operators/moments_op.h -> build/lib.linux-ppc64le-3.7/torch/include/caffe2/operators
copying torch/include/caffe2/operators/lengths_reducer_rowwise_8bit_ops.h -> build/lib.linux-ppc64le-3.7/torch/include/caffe2/operators
copying torch/include/caffe2/operators/roi_align_rotated_gradient_op.h -> build/lib.linux-ppc64le-3.7/torch/include/caffe2/operators
copying torch/include/caffe2/operators/conv_op_impl.h -> build/lib.linux-ppc64le-3.7/torch/include/caffe2/operators
copying torch/include/caffe2/operators/half_float_ops.h -> build/lib.linux-ppc64le-3.7/torch/include/caffe2/operators
copying torch/include/caffe2/operators/batch_sparse_to_dense_op.h -> build/lib.linux-ppc64le-3.7/torch/include/caffe2/operators
copying torch/include/caffe2/operators/fused_rowwise_8bit_conversion_ops.h -> build/lib.linux-ppc64le-3.7/torch/include/caffe2/operators
copying torch/include/caffe2/operators/dense_vector_to_id_list_op.h -> build/lib.linux-ppc64le-3.7/torch/include/caffe2/operators
copying torch/include/caffe2/operators/leaky_relu_op.h -> build/lib.linux-ppc64le-3.7/torch/include/caffe2/operators
copying torch/include/caffe2/operators/sequence_ops.h -> build/lib.linux-ppc64le-3.7/torch/include/caffe2/operators
copying torch/include/caffe2/operators/conv_pool_op_base.h -> build/lib.linux-ppc64le-3.7/torch/include/caffe2/operators
copying torch/include/caffe2/operators/fully_connected_op.h -> build/lib.linux-ppc64le-3.7/torch/include/caffe2/operators
copying torch/include/caffe2/operators/hard_sigmoid_op.h -> build/lib.linux-ppc64le-3.7/torch/include/caffe2/operators
copying torch/include/caffe2/operators/channel_stats_op.h -> build/lib.linux-ppc64le-3.7/torch/include/caffe2/operators
copying torch/include/caffe2/operators/batch_box_cox_op.h -> build/lib.linux-ppc64le-3.7/torch/include/caffe2/operators
copying torch/include/caffe2/operators/while_op.h -> build/lib.linux-ppc64le-3.7/torch/include/caffe2/operators
copying torch/include/caffe2/operators/partition_ops.h -> build/lib.linux-ppc64le-3.7/torch/include/caffe2/operators
copying torch/include/caffe2/operators/order_switch_ops.h -> build/lib.linux-ppc64le-3.7/torch/include/caffe2/operators
copying torch/include/caffe2/operators/gather_fused_8bit_rowwise_op.h -> build/lib.linux-ppc64le-3.7/torch/include/caffe2/operators
copying torch/include/caffe2/operators/margin_ranking_criterion_op.h -> build/lib.linux-ppc64le-3.7/torch/include/caffe2/operators
copying torch/include/caffe2/operators/elementwise_mul_op.h -> build/lib.linux-ppc64le-3.7/torch/include/caffe2/operators
copying torch/include/caffe2/operators/sparse_lp_regularizer_op.h -> build/lib.linux-ppc64le-3.7/torch/include/caffe2/operators
copying torch/include/caffe2/operators/gather_op.h -> build/lib.linux-ppc64le-3.7/torch/include/caffe2/operators
copying torch/include/caffe2/operators/op_utils_cudnn.h -> build/lib.linux-ppc64le-3.7/torch/include/caffe2/operators
copying torch/include/caffe2/operators/boolean_mask_ops.h -> build/lib.linux-ppc64le-3.7/torch/include/caffe2/operators
copying torch/include/caffe2/operators/reshape_op.h -> build/lib.linux-ppc64le-3.7/torch/include/caffe2/operators
copying torch/include/caffe2/operators/text_file_reader_utils.h -> build/lib.linux-ppc64le-3.7/torch/include/caffe2/operators
copying torch/include/caffe2/operators/merge_id_lists_op.h -> build/lib.linux-ppc64le-3.7/torch/include/caffe2/operators
copying torch/include/caffe2/operators/tt_linear_op.h -> build/lib.linux-ppc64le-3.7/torch/include/caffe2/operators
copying torch/include/caffe2/operators/accuracy_op.h -> build/lib.linux-ppc64le-3.7/torch/include/caffe2/operators
copying torch/include/caffe2/operators/conv_op_cache_cudnn.h -> build/lib.linux-ppc64le-3.7/torch/include/caffe2/operators
copying torch/include/caffe2/operators/dataset_ops.h -> build/lib.linux-ppc64le-3.7/torch/include/caffe2/operators
copying torch/include/caffe2/operators/max_pool_with_index_gpu.h -> build/lib.linux-ppc64le-3.7/torch/include/caffe2/operators
copying torch/include/caffe2/operators/quantile_op.h -> build/lib.linux-ppc64le-3.7/torch/include/caffe2/operators
copying torch/include/caffe2/operators/elementwise_ops_utils.h -> build/lib.linux-ppc64le-3.7/torch/include/caffe2/operators
copying torch/include/caffe2/operators/find_op.h -> build/lib.linux-ppc64le-3.7/torch/include/caffe2/operators
copying torch/include/caffe2/operators/mean_op.h -> build/lib.linux-ppc64le-3.7/torch/include/caffe2/operators
copying torch/include/caffe2/operators/elementwise_logical_ops.h -> build/lib.linux-ppc64le-3.7/torch/include/caffe2/operators
copying torch/include/caffe2/operators/channel_shuffle_op.h -> build/lib.linux-ppc64le-3.7/torch/include/caffe2/operators
copying torch/include/caffe2/operators/elementwise_linear_op.h -> build/lib.linux-ppc64le-3.7/torch/include/caffe2/operators
copying torch/include/caffe2/operators/conv_transpose_op.h -> build/lib.linux-ppc64le-3.7/torch/include/caffe2/operators
copying torch/include/caffe2/operators/conv_transpose_unpool_op_base.h -> build/lib.linux-ppc64le-3.7/torch/include/caffe2/operators
copying torch/include/caffe2/operators/scale_blobs_op.h -> build/lib.linux-ppc64le-3.7/torch/include/caffe2/operators
copying torch/include/caffe2/operators/atan_op.h -> build/lib.linux-ppc64le-3.7/torch/include/caffe2/operators
copying torch/include/caffe2/operators/alias_with_name.h -> build/lib.linux-ppc64le-3.7/torch/include/caffe2/operators
copying torch/include/caffe2/operators/given_tensor_fill_op.h -> build/lib.linux-ppc64le-3.7/torch/include/caffe2/operators
copying torch/include/caffe2/operators/collect_and_distribute_fpn_rpn_proposals_op.h -> build/lib.linux-ppc64le-3.7/torch/include/caffe2/operators
copying torch/include/caffe2/operators/segment_reduction_op.h -> build/lib.linux-ppc64le-3.7/torch/include/caffe2/operators
copying torch/include/caffe2/operators/pack_rnn_sequence_op.h -> build/lib.linux-ppc64le-3.7/torch/include/caffe2/operators
copying torch/include/caffe2/operators/weighted_multi_sampling_op.h -> build/lib.linux-ppc64le-3.7/torch/include/caffe2/operators
copying torch/include/caffe2/operators/instance_norm_op.h -> build/lib.linux-ppc64le-3.7/torch/include/caffe2/operators
copying torch/include/caffe2/operators/conv_op_shared.h -> build/lib.linux-ppc64le-3.7/torch/include/caffe2/operators
copying torch/include/caffe2/operators/feed_blob_op.h -> build/lib.linux-ppc64le-3.7/torch/include/caffe2/operators
copying torch/include/caffe2/operators/softmax_utils.h -> build/lib.linux-ppc64le-3.7/torch/include/caffe2/operators
copying torch/include/caffe2/operators/elementwise_sub_op.h -> build/lib.linux-ppc64le-3.7/torch/include/caffe2/operators
copying torch/include/caffe2/operators/is_empty_op.h -> build/lib.linux-ppc64le-3.7/torch/include/caffe2/operators
copying torch/include/caffe2/operators/expand_op.h -> build/lib.linux-ppc64le-3.7/torch/include/caffe2/operators
copying torch/include/caffe2/operators/quant_decode_op.h -> build/lib.linux-ppc64le-3.7/torch/include/caffe2/operators
copying torch/include/caffe2/operators/shape_op.h -> build/lib.linux-ppc64le-3.7/torch/include/caffe2/operators
copying torch/include/caffe2/operators/normalize_op.h -> build/lib.linux-ppc64le-3.7/torch/include/caffe2/operators
copying torch/include/caffe2/operators/conv_transpose_op_mobile_impl.h -> build/lib.linux-ppc64le-3.7/torch/include/caffe2/operators
copying torch/include/caffe2/operators/ctc_beam_search_decoder_op.h -> build/lib.linux-ppc64le-3.7/torch/include/caffe2/operators
copying torch/include/caffe2/operators/multi_class_accuracy_op.h -> build/lib.linux-ppc64le-3.7/torch/include/caffe2/operators
copying torch/include/caffe2/operators/create_scope_op.h -> build/lib.linux-ppc64le-3.7/torch/include/caffe2/operators
copying torch/include/caffe2/operators/thresholded_relu_op.h -> build/lib.linux-ppc64le-3.7/torch/include/caffe2/operators
copying torch/include/caffe2/operators/rsqrt_op.h -> build/lib.linux-ppc64le-3.7/torch/include/caffe2/operators
copying torch/include/caffe2/operators/spatial_softmax_with_loss_op.h -> build/lib.linux-ppc64le-3.7/torch/include/caffe2/operators
copying torch/include/caffe2/operators/summarize_op.h -> build/lib.linux-ppc64le-3.7/torch/include/caffe2/operators
copying torch/include/caffe2/operators/h_softmax_op.h -> build/lib.linux-ppc64le-3.7/torch/include/caffe2/operators
copying torch/include/caffe2/operators/logit_op.h -> build/lib.linux-ppc64le-3.7/torch/include/caffe2/operators
copying torch/include/caffe2/operators/flatten_op.h -> build/lib.linux-ppc64le-3.7/torch/include/caffe2/operators
copying torch/include/caffe2/operators/resize_3d_op.h -> build/lib.linux-ppc64le-3.7/torch/include/caffe2/operators
copying torch/include/caffe2/operators/boolean_unmask_ops.h -> build/lib.linux-ppc64le-3.7/torch/include/caffe2/operators
copying torch/include/caffe2/operators/free_op.h -> build/lib.linux-ppc64le-3.7/torch/include/caffe2/operators
copying torch/include/caffe2/operators/locally_connected_op.h -> build/lib.linux-ppc64le-3.7/torch/include/caffe2/operators
copying torch/include/caffe2/operators/batch_permutation_op.h -> build/lib.linux-ppc64le-3.7/torch/include/caffe2/operators
copying torch/include/caffe2/operators/onnx_while_op.h -> build/lib.linux-ppc64le-3.7/torch/include/caffe2/operators
copying torch/include/caffe2/operators/spatial_batch_norm_op.h -> build/lib.linux-ppc64le-3.7/torch/include/caffe2/operators
copying torch/include/caffe2/operators/bbox_transform_op.h -> build/lib.linux-ppc64le-3.7/torch/include/caffe2/operators
copying torch/include/caffe2/operators/percentile_op.h -> build/lib.linux-ppc64le-3.7/torch/include/caffe2/operators
copying torch/include/caffe2/operators/jsd_op.h -> build/lib.linux-ppc64le-3.7/torch/include/caffe2/operators
copying torch/include/caffe2/operators/given_tensor_byte_string_to_uint8_fill_op.h -> build/lib.linux-ppc64le-3.7/torch/include/caffe2/operators
copying torch/include/caffe2/operators/top_k.h -> build/lib.linux-ppc64le-3.7/torch/include/caffe2/operators
copying torch/include/caffe2/operators/reducer_functors.h -> build/lib.linux-ppc64le-3.7/torch/include/caffe2/operators
copying torch/include/caffe2/operators/reduction_ops.h -> build/lib.linux-ppc64le-3.7/torch/include/caffe2/operators
copying torch/include/caffe2/operators/sparse_dropout_with_replacement_op.h -> build/lib.linux-ppc64le-3.7/torch/include/caffe2/operators
copying torch/include/caffe2/operators/integral_image_op.h -> build/lib.linux-ppc64le-3.7/torch/include/caffe2/operators
copying torch/include/caffe2/operators/copy_rows_to_tensor_op.h -> build/lib.linux-ppc64le-3.7/torch/include/caffe2/operators
copying torch/include/caffe2/operators/elementwise_op_test.h -> build/lib.linux-ppc64le-3.7/torch/include/caffe2/operators
copying torch/include/caffe2/operators/sigmoid_op.h -> build/lib.linux-ppc64le-3.7/torch/include/caffe2/operators
copying torch/include/caffe2/operators/batch_bucketize_op.h -> build/lib.linux-ppc64le-3.7/torch/include/caffe2/operators
copying torch/include/caffe2/operators/elu_op.h -> build/lib.linux-ppc64le-3.7/torch/include/caffe2/operators
copying torch/include/caffe2/operators/roi_align_rotated_op.h -> build/lib.linux-ppc64le-3.7/torch/include/caffe2/operators
copying torch/include/caffe2/operators/ngram_ops.h -> build/lib.linux-ppc64le-3.7/torch/include/caffe2/operators
copying torch/include/caffe2/operators/cross_entropy_op.h -> build/lib.linux-ppc64le-3.7/torch/include/caffe2/operators
copying torch/include/caffe2/operators/fused_rowwise_random_quantization_ops.h -> build/lib.linux-ppc64le-3.7/torch/include/caffe2/operators
copying torch/include/caffe2/operators/distance_op.h -> build/lib.linux-ppc64le-3.7/torch/include/caffe2/operators
copying torch/include/caffe2/operators/resize_op.h -> build/lib.linux-ppc64le-3.7/torch/include/caffe2/operators
copying torch/include/caffe2/operators/heatmap_max_keypoint_op.h -> build/lib.linux-ppc64le-3.7/torch/include/caffe2/operators
copying torch/include/caffe2/operators/relu_op.h -> build/lib.linux-ppc64le-3.7/torch/include/caffe2/operators
copying torch/include/caffe2/operators/upsample_op.h -> build/lib.linux-ppc64le-3.7/torch/include/caffe2/operators
copying torch/include/caffe2/operators/remove_data_blocks_op.h -> build/lib.linux-ppc64le-3.7/torch/include/caffe2/operators
copying torch/include/caffe2/operators/fc_inference.h -> build/lib.linux-ppc64le-3.7/torch/include/caffe2/operators
copying torch/include/caffe2/operators/locally_connected_op_util.h -> build/lib.linux-ppc64le-3.7/torch/include/caffe2/operators
copying torch/include/caffe2/operators/cosine_embedding_criterion_op.h -> build/lib.linux-ppc64le-3.7/torch/include/caffe2/operators
copying torch/include/caffe2/operators/rowmul_op.h -> build/lib.linux-ppc64le-3.7/torch/include/caffe2/operators
copying torch/include/caffe2/operators/sparse_to_dense_op.h -> build/lib.linux-ppc64le-3.7/torch/include/caffe2/operators
copying torch/include/caffe2/operators/sparse_normalize_op.h -> build/lib.linux-ppc64le-3.7/torch/include/caffe2/operators
copying torch/include/caffe2/operators/replace_nan_op.h -> build/lib.linux-ppc64le-3.7/torch/include/caffe2/operators
copying torch/include/caffe2/operators/byte_weight_dequant_op.h -> build/lib.linux-ppc64le-3.7/torch/include/caffe2/operators
copying torch/include/caffe2/operators/deform_conv_op.h -> build/lib.linux-ppc64le-3.7/torch/include/caffe2/operators
copying torch/include/caffe2/operators/conv_transpose_op_impl.h -> build/lib.linux-ppc64le-3.7/torch/include/caffe2/operators
copying torch/include/caffe2/operators/reduce_ops.h -> build/lib.linux-ppc64le-3.7/torch/include/caffe2/operators
copying torch/include/caffe2/operators/pool_op_util.h -> build/lib.linux-ppc64le-3.7/torch/include/caffe2/operators
copying torch/include/caffe2/operators/box_with_nms_limit_op.h -> build/lib.linux-ppc64le-3.7/torch/include/caffe2/operators
copying torch/include/caffe2/operators/variable_length_sequence_padding.h -> build/lib.linux-ppc64le-3.7/torch/include/caffe2/operators
copying torch/include/caffe2/operators/sinusoid_position_encoding_op.h -> build/lib.linux-ppc64le-3.7/torch/include/caffe2/operators
copying torch/include/caffe2/operators/if_op.h -> build/lib.linux-ppc64le-3.7/torch/include/caffe2/operators
copying torch/include/caffe2/operators/negative_op.h -> build/lib.linux-ppc64le-3.7/torch/include/caffe2/operators
copying torch/include/caffe2/operators/stump_func_op.h -> build/lib.linux-ppc64le-3.7/torch/include/caffe2/operators
copying torch/include/caffe2/operators/find_duplicate_elements_op.h -> build/lib.linux-ppc64le-3.7/torch/include/caffe2/operators
copying torch/include/caffe2/operators/filler_op.h -> build/lib.linux-ppc64le-3.7/torch/include/caffe2/operators
copying torch/include/caffe2/operators/batch_moments_op.h -> build/lib.linux-ppc64le-3.7/torch/include/caffe2/operators
copying torch/include/caffe2/operators/bisect_percentile_op.h -> build/lib.linux-ppc64le-3.7/torch/include/caffe2/operators
copying torch/include/caffe2/operators/inference_lstm_op.h -> build/lib.linux-ppc64le-3.7/torch/include/caffe2/operators
copying torch/include/caffe2/operators/map_ops.h -> build/lib.linux-ppc64le-3.7/torch/include/caffe2/operators
copying torch/include/caffe2/operators/weighted_sample_op.h -> build/lib.linux-ppc64le-3.7/torch/include/caffe2/operators
copying torch/include/caffe2/operators/prelu_op.h -> build/lib.linux-ppc64le-3.7/torch/include/caffe2/operators
copying torch/include/caffe2/operators/pow_op.h -> build/lib.linux-ppc64le-3.7/torch/include/caffe2/operators
copying torch/include/caffe2/operators/mod_op.h -> build/lib.linux-ppc64le-3.7/torch/include/caffe2/operators
copying torch/include/caffe2/operators/lengths_reducer_fused_8bit_rowwise_ops.h -> build/lib.linux-ppc64le-3.7/torch/include/caffe2/operators
copying torch/include/caffe2/operators/generate_proposals_op_util_nms_gpu.h -> build/lib.linux-ppc64le-3.7/torch/include/caffe2/operators
copying torch/include/caffe2/operators/lengths_top_k_op.h -> build/lib.linux-ppc64le-3.7/torch/include/caffe2/operators
copying torch/include/caffe2/operators/roi_pool_op.h -> build/lib.linux-ppc64le-3.7/torch/include/caffe2/operators
copying torch/include/caffe2/operators/cc_bmm_bg_op.h -> build/lib.linux-ppc64le-3.7/torch/include/caffe2/operators
copying torch/include/caffe2/operators/square_root_divide_op.h -> build/lib.linux-ppc64le-3.7/torch/include/caffe2/operators
copying torch/include/caffe2/operators/lengths_reducer_fused_nbit_rowwise_ops.h -> build/lib.linux-ppc64le-3.7/torch/include/caffe2/operators
copying torch/include/caffe2/operators/minmax_ops.h -> build/lib.linux-ppc64le-3.7/torch/include/caffe2/operators
copying torch/include/caffe2/operators/copy_op.h -> build/lib.linux-ppc64le-3.7/torch/include/caffe2/operators
copying torch/include/caffe2/operators/zero_gradient_op.h -> build/lib.linux-ppc64le-3.7/torch/include/caffe2/operators
copying torch/include/caffe2/operators/listwise_l2r_op.h -> build/lib.linux-ppc64le-3.7/torch/include/caffe2/operators
copying torch/include/caffe2/operators/length_split_op.h -> build/lib.linux-ppc64le-3.7/torch/include/caffe2/operators
creating build/lib.linux-ppc64le-3.7/torch/include/caffe2/opt
copying torch/include/caffe2/opt/onnxifi_op.h -> build/lib.linux-ppc64le-3.7/torch/include/caffe2/opt
copying torch/include/caffe2/opt/onnx_convert.h -> build/lib.linux-ppc64le-3.7/torch/include/caffe2/opt
copying torch/include/caffe2/opt/tvm_transformer.h -> build/lib.linux-ppc64le-3.7/torch/include/caffe2/opt
copying torch/include/caffe2/opt/optimize_ideep.h -> build/lib.linux-ppc64le-3.7/torch/include/caffe2/opt
copying torch/include/caffe2/opt/mobile.h -> build/lib.linux-ppc64le-3.7/torch/include/caffe2/opt
copying torch/include/caffe2/opt/backend_cutting.h -> build/lib.linux-ppc64le-3.7/torch/include/caffe2/opt
copying torch/include/caffe2/opt/optimizer.h -> build/lib.linux-ppc64le-3.7/torch/include/caffe2/opt
copying torch/include/caffe2/opt/annotations.h -> build/lib.linux-ppc64le-3.7/torch/include/caffe2/opt
copying torch/include/caffe2/opt/passes.h -> build/lib.linux-ppc64le-3.7/torch/include/caffe2/opt
copying torch/include/caffe2/opt/device.h -> build/lib.linux-ppc64le-3.7/torch/include/caffe2/opt
copying torch/include/caffe2/opt/distributed.h -> build/lib.linux-ppc64le-3.7/torch/include/caffe2/opt
copying torch/include/caffe2/opt/onnxifi_transformer.h -> build/lib.linux-ppc64le-3.7/torch/include/caffe2/opt
copying torch/include/caffe2/opt/fusion.h -> build/lib.linux-ppc64le-3.7/torch/include/caffe2/opt
copying torch/include/caffe2/opt/shape_info.h -> build/lib.linux-ppc64le-3.7/torch/include/caffe2/opt
copying torch/include/caffe2/opt/bound_shape_inferencer.h -> build/lib.linux-ppc64le-3.7/torch/include/caffe2/opt
copying torch/include/caffe2/opt/converter.h -> build/lib.linux-ppc64le-3.7/torch/include/caffe2/opt
copying torch/include/caffe2/opt/backend_transformer_base.h -> build/lib.linux-ppc64le-3.7/torch/include/caffe2/opt
creating build/lib.linux-ppc64le-3.7/torch/include/caffe2/serialize
copying torch/include/caffe2/serialize/read_adapter_interface.h -> build/lib.linux-ppc64le-3.7/torch/include/caffe2/serialize
copying torch/include/caffe2/serialize/file_adapter.h -> build/lib.linux-ppc64le-3.7/torch/include/caffe2/serialize
copying torch/include/caffe2/serialize/crc_alt.h -> build/lib.linux-ppc64le-3.7/torch/include/caffe2/serialize
copying torch/include/caffe2/serialize/inline_container.h -> build/lib.linux-ppc64le-3.7/torch/include/caffe2/serialize
copying torch/include/caffe2/serialize/istream_adapter.h -> build/lib.linux-ppc64le-3.7/torch/include/caffe2/serialize
creating build/lib.linux-ppc64le-3.7/torch/include/caffe2/image
copying torch/include/caffe2/image/image_input_op.h -> build/lib.linux-ppc64le-3.7/torch/include/caffe2/image
copying torch/include/caffe2/image/transform_gpu.h -> build/lib.linux-ppc64le-3.7/torch/include/caffe2/image
creating build/lib.linux-ppc64le-3.7/torch/include/caffe2/video
copying torch/include/caffe2/video/video_input_op.h -> build/lib.linux-ppc64le-3.7/torch/include/caffe2/video
copying torch/include/caffe2/video/video_decoder.h -> build/lib.linux-ppc64le-3.7/torch/include/caffe2/video
copying torch/include/caffe2/video/video_io.h -> build/lib.linux-ppc64le-3.7/torch/include/caffe2/video
copying torch/include/caffe2/video/optical_flow.h -> build/lib.linux-ppc64le-3.7/torch/include/caffe2/video
creating build/lib.linux-ppc64le-3.7/torch/include/caffe2/queue
copying torch/include/caffe2/queue/rebatching_queue.h -> build/lib.linux-ppc64le-3.7/torch/include/caffe2/queue
copying torch/include/caffe2/queue/rebatching_queue_ops.h -> build/lib.linux-ppc64le-3.7/torch/include/caffe2/queue
copying torch/include/caffe2/queue/blobs_queue_db.h -> build/lib.linux-ppc64le-3.7/torch/include/caffe2/queue
copying torch/include/caffe2/queue/queue_ops.h -> build/lib.linux-ppc64le-3.7/torch/include/caffe2/queue
copying torch/include/caffe2/queue/blobs_queue.h -> build/lib.linux-ppc64le-3.7/torch/include/caffe2/queue
creating build/lib.linux-ppc64le-3.7/torch/include/caffe2/perfkernels
copying torch/include/caffe2/perfkernels/embedding_lookup.h -> build/lib.linux-ppc64le-3.7/torch/include/caffe2/perfkernels
copying torch/include/caffe2/perfkernels/lstm_unit_cpu_common.h -> build/lib.linux-ppc64le-3.7/torch/include/caffe2/perfkernels
copying torch/include/caffe2/perfkernels/embedding_lookup_idx.h -> build/lib.linux-ppc64le-3.7/torch/include/caffe2/perfkernels
copying torch/include/caffe2/perfkernels/common.h -> build/lib.linux-ppc64le-3.7/torch/include/caffe2/perfkernels
copying torch/include/caffe2/perfkernels/lstm_unit_cpu.h -> build/lib.linux-ppc64le-3.7/torch/include/caffe2/perfkernels
copying torch/include/caffe2/perfkernels/lstm_unit_cpu-impl.h -> build/lib.linux-ppc64le-3.7/torch/include/caffe2/perfkernels
copying torch/include/caffe2/perfkernels/fused_8bit_rowwise_embedding_lookup.h -> build/lib.linux-ppc64le-3.7/torch/include/caffe2/perfkernels
copying torch/include/caffe2/perfkernels/cvtsh_ss_bugfix.h -> build/lib.linux-ppc64le-3.7/torch/include/caffe2/perfkernels
copying torch/include/caffe2/perfkernels/math.h -> build/lib.linux-ppc64le-3.7/torch/include/caffe2/perfkernels
copying torch/include/caffe2/perfkernels/typed_axpy.h -> build/lib.linux-ppc64le-3.7/torch/include/caffe2/perfkernels
copying torch/include/caffe2/perfkernels/adagrad.h -> build/lib.linux-ppc64le-3.7/torch/include/caffe2/perfkernels
copying torch/include/caffe2/perfkernels/fused_nbit_rowwise_conversion.h -> build/lib.linux-ppc64le-3.7/torch/include/caffe2/perfkernels
copying torch/include/caffe2/perfkernels/fused_8bit_rowwise_embedding_lookup_idx.h -> build/lib.linux-ppc64le-3.7/torch/include/caffe2/perfkernels
creating build/lib.linux-ppc64le-3.7/torch/include/caffe2/db
copying torch/include/caffe2/db/create_db_op.h -> build/lib.linux-ppc64le-3.7/torch/include/caffe2/db
creating build/lib.linux-ppc64le-3.7/torch/include/caffe2/distributed
copying torch/include/caffe2/distributed/redis_store_handler_op.h -> build/lib.linux-ppc64le-3.7/torch/include/caffe2/distributed
copying torch/include/caffe2/distributed/file_store_handler.h -> build/lib.linux-ppc64le-3.7/torch/include/caffe2/distributed
copying torch/include/caffe2/distributed/file_store_handler_op.h -> build/lib.linux-ppc64le-3.7/torch/include/caffe2/distributed
copying torch/include/caffe2/distributed/store_ops.h -> build/lib.linux-ppc64le-3.7/torch/include/caffe2/distributed
copying torch/include/caffe2/distributed/redis_store_handler.h -> build/lib.linux-ppc64le-3.7/torch/include/caffe2/distributed
copying torch/include/caffe2/distributed/store_handler.h -> build/lib.linux-ppc64le-3.7/torch/include/caffe2/distributed
creating build/lib.linux-ppc64le-3.7/torch/include/torch
copying torch/include/torch/library.h -> build/lib.linux-ppc64le-3.7/torch/include/torch
copying torch/include/torch/custom_class.h -> build/lib.linux-ppc64le-3.7/torch/include/torch
copying torch/include/torch/extension.h -> build/lib.linux-ppc64le-3.7/torch/include/torch
copying torch/include/torch/script.h -> build/lib.linux-ppc64le-3.7/torch/include/torch
copying torch/include/torch/custom_class_detail.h -> build/lib.linux-ppc64le-3.7/torch/include/torch
creating build/lib.linux-ppc64le-3.7/torch/include/torch/csrc
copying torch/include/torch/csrc/Dtype.h -> build/lib.linux-ppc64le-3.7/torch/include/torch/csrc
copying torch/include/torch/csrc/Exceptions.h -> build/lib.linux-ppc64le-3.7/torch/include/torch/csrc
copying torch/include/torch/csrc/Storage.h -> build/lib.linux-ppc64le-3.7/torch/include/torch/csrc
copying torch/include/torch/csrc/Generator.h -> build/lib.linux-ppc64le-3.7/torch/include/torch/csrc
copying torch/include/torch/csrc/QScheme.h -> build/lib.linux-ppc64le-3.7/torch/include/torch/csrc
copying torch/include/torch/csrc/WindowsTorchApiMacro.h -> build/lib.linux-ppc64le-3.7/torch/include/torch/csrc
copying torch/include/torch/csrc/Module.h -> build/lib.linux-ppc64le-3.7/torch/include/torch/csrc
copying torch/include/torch/csrc/PtrWrapper.h -> build/lib.linux-ppc64le-3.7/torch/include/torch/csrc
copying torch/include/torch/csrc/THP.h -> build/lib.linux-ppc64le-3.7/torch/include/torch/csrc
copying torch/include/torch/csrc/Size.h -> build/lib.linux-ppc64le-3.7/torch/include/torch/csrc
copying torch/include/torch/csrc/THP_export.h -> build/lib.linux-ppc64le-3.7/torch/include/torch/csrc
copying torch/include/torch/csrc/DataLoader.h -> build/lib.linux-ppc64le-3.7/torch/include/torch/csrc
copying torch/include/torch/csrc/serialization.h -> build/lib.linux-ppc64le-3.7/torch/include/torch/csrc
copying torch/include/torch/csrc/PythonTypes.h -> build/lib.linux-ppc64le-3.7/torch/include/torch/csrc
copying torch/include/torch/csrc/TypeInfo.h -> build/lib.linux-ppc64le-3.7/torch/include/torch/csrc
copying torch/include/torch/csrc/python_headers.h -> build/lib.linux-ppc64le-3.7/torch/include/torch/csrc
copying torch/include/torch/csrc/Layout.h -> build/lib.linux-ppc64le-3.7/torch/include/torch/csrc
copying torch/include/torch/csrc/DynamicTypes.h -> build/lib.linux-ppc64le-3.7/torch/include/torch/csrc
copying torch/include/torch/csrc/MemoryFormat.h -> build/lib.linux-ppc64le-3.7/torch/include/torch/csrc
copying torch/include/torch/csrc/StorageDefs.h -> build/lib.linux-ppc64le-3.7/torch/include/torch/csrc
copying torch/include/torch/csrc/CudaIPCTypes.h -> build/lib.linux-ppc64le-3.7/torch/include/torch/csrc
copying torch/include/torch/csrc/Device.h -> build/lib.linux-ppc64le-3.7/torch/include/torch/csrc
copying torch/include/torch/csrc/python_dimname.h -> build/lib.linux-ppc64le-3.7/torch/include/torch/csrc
copying torch/include/torch/csrc/Types.h -> build/lib.linux-ppc64le-3.7/torch/include/torch/csrc
copying torch/include/torch/csrc/copy_utils.h -> build/lib.linux-ppc64le-3.7/torch/include/torch/csrc
copying torch/include/torch/csrc/utils.h -> build/lib.linux-ppc64le-3.7/torch/include/torch/csrc
creating build/lib.linux-ppc64le-3.7/torch/include/torch/csrc/api
creating build/lib.linux-ppc64le-3.7/torch/include/torch/csrc/api/include
creating build/lib.linux-ppc64le-3.7/torch/include/torch/csrc/api/include/torch
copying torch/include/torch/csrc/api/include/torch/enum.h -> build/lib.linux-ppc64le-3.7/torch/include/torch/csrc/api/include/torch
copying torch/include/torch/csrc/api/include/torch/expanding_array.h -> build/lib.linux-ppc64le-3.7/torch/include/torch/csrc/api/include/torch
copying torch/include/torch/csrc/api/include/torch/python.h -> build/lib.linux-ppc64le-3.7/torch/include/torch/csrc/api/include/torch
copying torch/include/torch/csrc/api/include/torch/jit.h -> build/lib.linux-ppc64le-3.7/torch/include/torch/csrc/api/include/torch
copying torch/include/torch/csrc/api/include/torch/nn.h -> build/lib.linux-ppc64le-3.7/torch/include/torch/csrc/api/include/torch
copying torch/include/torch/csrc/api/include/torch/autograd.h -> build/lib.linux-ppc64le-3.7/torch/include/torch/csrc/api/include/torch
copying torch/include/torch/csrc/api/include/torch/optim.h -> build/lib.linux-ppc64le-3.7/torch/include/torch/csrc/api/include/torch
copying torch/include/torch/csrc/api/include/torch/serialize.h -> build/lib.linux-ppc64le-3.7/torch/include/torch/csrc/api/include/torch
copying torch/include/torch/csrc/api/include/torch/torch.h -> build/lib.linux-ppc64le-3.7/torch/include/torch/csrc/api/include/torch
copying torch/include/torch/csrc/api/include/torch/cuda.h -> build/lib.linux-ppc64le-3.7/torch/include/torch/csrc/api/include/torch
copying torch/include/torch/csrc/api/include/torch/ordered_dict.h -> build/lib.linux-ppc64le-3.7/torch/include/torch/csrc/api/include/torch
copying torch/include/torch/csrc/api/include/torch/data.h -> build/lib.linux-ppc64le-3.7/torch/include/torch/csrc/api/include/torch
copying torch/include/torch/csrc/api/include/torch/all.h -> build/lib.linux-ppc64le-3.7/torch/include/torch/csrc/api/include/torch
copying torch/include/torch/csrc/api/include/torch/types.h -> build/lib.linux-ppc64le-3.7/torch/include/torch/csrc/api/include/torch
copying torch/include/torch/csrc/api/include/torch/arg.h -> build/lib.linux-ppc64le-3.7/torch/include/torch/csrc/api/include/torch
copying torch/include/torch/csrc/api/include/torch/utils.h -> build/lib.linux-ppc64le-3.7/torch/include/torch/csrc/api/include/torch
creating build/lib.linux-ppc64le-3.7/torch/include/torch/csrc/api/include/torch/data
copying torch/include/torch/csrc/api/include/torch/data/worker_exception.h -> build/lib.linux-ppc64le-3.7/torch/include/torch/csrc/api/include/torch/data
copying torch/include/torch/csrc/api/include/torch/data/example.h -> build/lib.linux-ppc64le-3.7/torch/include/torch/csrc/api/include/torch/data
copying torch/include/torch/csrc/api/include/torch/data/iterator.h -> build/lib.linux-ppc64le-3.7/torch/include/torch/csrc/api/include/torch/data
copying torch/include/torch/csrc/api/include/torch/data/datasets.h -> build/lib.linux-ppc64le-3.7/torch/include/torch/csrc/api/include/torch/data
copying torch/include/torch/csrc/api/include/torch/data/dataloader.h -> build/lib.linux-ppc64le-3.7/torch/include/torch/csrc/api/include/torch/data
copying torch/include/torch/csrc/api/include/torch/data/dataloader_options.h -> build/lib.linux-ppc64le-3.7/torch/include/torch/csrc/api/include/torch/data
copying torch/include/torch/csrc/api/include/torch/data/transforms.h -> build/lib.linux-ppc64le-3.7/torch/include/torch/csrc/api/include/torch/data
copying torch/include/torch/csrc/api/include/torch/data/samplers.h -> build/lib.linux-ppc64le-3.7/torch/include/torch/csrc/api/include/torch/data
creating build/lib.linux-ppc64le-3.7/torch/include/torch/csrc/api/include/torch/data/dataloader
copying torch/include/torch/csrc/api/include/torch/data/dataloader/stateless.h -> build/lib.linux-ppc64le-3.7/torch/include/torch/csrc/api/include/torch/data/dataloader
copying torch/include/torch/csrc/api/include/torch/data/dataloader/base.h -> build/lib.linux-ppc64le-3.7/torch/include/torch/csrc/api/include/torch/data/dataloader
copying torch/include/torch/csrc/api/include/torch/data/dataloader/stateful.h -> build/lib.linux-ppc64le-3.7/torch/include/torch/csrc/api/include/torch/data/dataloader
creating build/lib.linux-ppc64le-3.7/torch/include/torch/csrc/api/include/torch/data/datasets
copying torch/include/torch/csrc/api/include/torch/data/datasets/mnist.h -> build/lib.linux-ppc64le-3.7/torch/include/torch/csrc/api/include/torch/data/datasets
copying torch/include/torch/csrc/api/include/torch/data/datasets/map.h -> build/lib.linux-ppc64le-3.7/torch/include/torch/csrc/api/include/torch/data/datasets
copying torch/include/torch/csrc/api/include/torch/data/datasets/tensor.h -> build/lib.linux-ppc64le-3.7/torch/include/torch/csrc/api/include/torch/data/datasets
copying torch/include/torch/csrc/api/include/torch/data/datasets/chunk.h -> build/lib.linux-ppc64le-3.7/torch/include/torch/csrc/api/include/torch/data/datasets
copying torch/include/torch/csrc/api/include/torch/data/datasets/shared.h -> build/lib.linux-ppc64le-3.7/torch/include/torch/csrc/api/include/torch/data/datasets
copying torch/include/torch/csrc/api/include/torch/data/datasets/base.h -> build/lib.linux-ppc64le-3.7/torch/include/torch/csrc/api/include/torch/data/datasets
copying torch/include/torch/csrc/api/include/torch/data/datasets/stateful.h -> build/lib.linux-ppc64le-3.7/torch/include/torch/csrc/api/include/torch/data/datasets
creating build/lib.linux-ppc64le-3.7/torch/include/torch/csrc/api/include/torch/data/detail
copying torch/include/torch/csrc/api/include/torch/data/detail/sequencers.h -> build/lib.linux-ppc64le-3.7/torch/include/torch/csrc/api/include/torch/data/detail
copying torch/include/torch/csrc/api/include/torch/data/detail/queue.h -> build/lib.linux-ppc64le-3.7/torch/include/torch/csrc/api/include/torch/data/detail
copying torch/include/torch/csrc/api/include/torch/data/detail/data_shuttle.h -> build/lib.linux-ppc64le-3.7/torch/include/torch/csrc/api/include/torch/data/detail
creating build/lib.linux-ppc64le-3.7/torch/include/torch/csrc/api/include/torch/data/samplers
copying torch/include/torch/csrc/api/include/torch/data/samplers/serialize.h -> build/lib.linux-ppc64le-3.7/torch/include/torch/csrc/api/include/torch/data/samplers
copying torch/include/torch/csrc/api/include/torch/data/samplers/base.h -> build/lib.linux-ppc64le-3.7/torch/include/torch/csrc/api/include/torch/data/samplers
copying torch/include/torch/csrc/api/include/torch/data/samplers/distributed.h -> build/lib.linux-ppc64le-3.7/torch/include/torch/csrc/api/include/torch/data/samplers
copying torch/include/torch/csrc/api/include/torch/data/samplers/custom_batch_request.h -> build/lib.linux-ppc64le-3.7/torch/include/torch/csrc/api/include/torch/data/samplers
copying torch/include/torch/csrc/api/include/torch/data/samplers/sequential.h -> build/lib.linux-ppc64le-3.7/torch/include/torch/csrc/api/include/torch/data/samplers
copying torch/include/torch/csrc/api/include/torch/data/samplers/random.h -> build/lib.linux-ppc64le-3.7/torch/include/torch/csrc/api/include/torch/data/samplers
copying torch/include/torch/csrc/api/include/torch/data/samplers/stream.h -> build/lib.linux-ppc64le-3.7/torch/include/torch/csrc/api/include/torch/data/samplers
creating build/lib.linux-ppc64le-3.7/torch/include/torch/csrc/api/include/torch/data/transforms
copying torch/include/torch/csrc/api/include/torch/data/transforms/tensor.h -> build/lib.linux-ppc64le-3.7/torch/include/torch/csrc/api/include/torch/data/transforms
copying torch/include/torch/csrc/api/include/torch/data/transforms/collate.h -> build/lib.linux-ppc64le-3.7/torch/include/torch/csrc/api/include/torch/data/transforms
copying torch/include/torch/csrc/api/include/torch/data/transforms/stack.h -> build/lib.linux-ppc64le-3.7/torch/include/torch/csrc/api/include/torch/data/transforms
copying torch/include/torch/csrc/api/include/torch/data/transforms/base.h -> build/lib.linux-ppc64le-3.7/torch/include/torch/csrc/api/include/torch/data/transforms
copying torch/include/torch/csrc/api/include/torch/data/transforms/lambda.h -> build/lib.linux-ppc64le-3.7/torch/include/torch/csrc/api/include/torch/data/transforms
creating build/lib.linux-ppc64le-3.7/torch/include/torch/csrc/api/include/torch/detail
copying torch/include/torch/csrc/api/include/torch/detail/static.h -> build/lib.linux-ppc64le-3.7/torch/include/torch/csrc/api/include/torch/detail
copying torch/include/torch/csrc/api/include/torch/detail/TensorDataContainer.h -> build/lib.linux-ppc64le-3.7/torch/include/torch/csrc/api/include/torch/detail
creating build/lib.linux-ppc64le-3.7/torch/include/torch/csrc/api/include/torch/nn
copying torch/include/torch/csrc/api/include/torch/nn/cloneable.h -> build/lib.linux-ppc64le-3.7/torch/include/torch/csrc/api/include/torch/nn
copying torch/include/torch/csrc/api/include/torch/nn/module.h -> build/lib.linux-ppc64le-3.7/torch/include/torch/csrc/api/include/torch/nn
copying torch/include/torch/csrc/api/include/torch/nn/functional.h -> build/lib.linux-ppc64le-3.7/torch/include/torch/csrc/api/include/torch/nn
copying torch/include/torch/csrc/api/include/torch/nn/modules.h -> build/lib.linux-ppc64le-3.7/torch/include/torch/csrc/api/include/torch/nn
copying torch/include/torch/csrc/api/include/torch/nn/init.h -> build/lib.linux-ppc64le-3.7/torch/include/torch/csrc/api/include/torch/nn
copying torch/include/torch/csrc/api/include/torch/nn/pimpl-inl.h -> build/lib.linux-ppc64le-3.7/torch/include/torch/csrc/api/include/torch/nn
copying torch/include/torch/csrc/api/include/torch/nn/options.h -> build/lib.linux-ppc64le-3.7/torch/include/torch/csrc/api/include/torch/nn
copying torch/include/torch/csrc/api/include/torch/nn/pimpl.h -> build/lib.linux-ppc64le-3.7/torch/include/torch/csrc/api/include/torch/nn
copying torch/include/torch/csrc/api/include/torch/nn/utils.h -> build/lib.linux-ppc64le-3.7/torch/include/torch/csrc/api/include/torch/nn
creating build/lib.linux-ppc64le-3.7/torch/include/torch/csrc/api/include/torch/nn/functional
copying torch/include/torch/csrc/api/include/torch/nn/functional/pixelshuffle.h -> build/lib.linux-ppc64le-3.7/torch/include/torch/csrc/api/include/torch/nn/functional
copying torch/include/torch/csrc/api/include/torch/nn/functional/activation.h -> build/lib.linux-ppc64le-3.7/torch/include/torch/csrc/api/include/torch/nn/functional
copying torch/include/torch/csrc/api/include/torch/nn/functional/instancenorm.h -> build/lib.linux-ppc64le-3.7/torch/include/torch/csrc/api/include/torch/nn/functional
copying torch/include/torch/csrc/api/include/torch/nn/functional/upsampling.h -> build/lib.linux-ppc64le-3.7/torch/include/torch/csrc/api/include/torch/nn/functional
copying torch/include/torch/csrc/api/include/torch/nn/functional/linear.h -> build/lib.linux-ppc64le-3.7/torch/include/torch/csrc/api/include/torch/nn/functional
copying torch/include/torch/csrc/api/include/torch/nn/functional/dropout.h -> build/lib.linux-ppc64le-3.7/torch/include/torch/csrc/api/include/torch/nn/functional
copying torch/include/torch/csrc/api/include/torch/nn/functional/distance.h -> build/lib.linux-ppc64le-3.7/torch/include/torch/csrc/api/include/torch/nn/functional
copying torch/include/torch/csrc/api/include/torch/nn/functional/padding.h -> build/lib.linux-ppc64le-3.7/torch/include/torch/csrc/api/include/torch/nn/functional
copying torch/include/torch/csrc/api/include/torch/nn/functional/normalization.h -> build/lib.linux-ppc64le-3.7/torch/include/torch/csrc/api/include/torch/nn/functional
copying torch/include/torch/csrc/api/include/torch/nn/functional/embedding.h -> build/lib.linux-ppc64le-3.7/torch/include/torch/csrc/api/include/torch/nn/functional
copying torch/include/torch/csrc/api/include/torch/nn/functional/conv.h -> build/lib.linux-ppc64le-3.7/torch/include/torch/csrc/api/include/torch/nn/functional
copying torch/include/torch/csrc/api/include/torch/nn/functional/vision.h -> build/lib.linux-ppc64le-3.7/torch/include/torch/csrc/api/include/torch/nn/functional
copying torch/include/torch/csrc/api/include/torch/nn/functional/loss.h -> build/lib.linux-ppc64le-3.7/torch/include/torch/csrc/api/include/torch/nn/functional
copying torch/include/torch/csrc/api/include/torch/nn/functional/batchnorm.h -> build/lib.linux-ppc64le-3.7/torch/include/torch/csrc/api/include/torch/nn/functional
copying torch/include/torch/csrc/api/include/torch/nn/functional/fold.h -> build/lib.linux-ppc64le-3.7/torch/include/torch/csrc/api/include/torch/nn/functional
copying torch/include/torch/csrc/api/include/torch/nn/functional/pooling.h -> build/lib.linux-ppc64le-3.7/torch/include/torch/csrc/api/include/torch/nn/functional
creating build/lib.linux-ppc64le-3.7/torch/include/torch/csrc/api/include/torch/nn/options
copying torch/include/torch/csrc/api/include/torch/nn/options/pixelshuffle.h -> build/lib.linux-ppc64le-3.7/torch/include/torch/csrc/api/include/torch/nn/options
copying torch/include/torch/csrc/api/include/torch/nn/options/rnn.h -> build/lib.linux-ppc64le-3.7/torch/include/torch/csrc/api/include/torch/nn/options
copying torch/include/torch/csrc/api/include/torch/nn/options/activation.h -> build/lib.linux-ppc64le-3.7/torch/include/torch/csrc/api/include/torch/nn/options
copying torch/include/torch/csrc/api/include/torch/nn/options/instancenorm.h -> build/lib.linux-ppc64le-3.7/torch/include/torch/csrc/api/include/torch/nn/options
copying torch/include/torch/csrc/api/include/torch/nn/options/upsampling.h -> build/lib.linux-ppc64le-3.7/torch/include/torch/csrc/api/include/torch/nn/options
copying torch/include/torch/csrc/api/include/torch/nn/options/linear.h -> build/lib.linux-ppc64le-3.7/torch/include/torch/csrc/api/include/torch/nn/options
copying torch/include/torch/csrc/api/include/torch/nn/options/dropout.h -> build/lib.linux-ppc64le-3.7/torch/include/torch/csrc/api/include/torch/nn/options
copying torch/include/torch/csrc/api/include/torch/nn/options/distance.h -> build/lib.linux-ppc64le-3.7/torch/include/torch/csrc/api/include/torch/nn/options
copying torch/include/torch/csrc/api/include/torch/nn/options/padding.h -> build/lib.linux-ppc64le-3.7/torch/include/torch/csrc/api/include/torch/nn/options
copying torch/include/torch/csrc/api/include/torch/nn/options/normalization.h -> build/lib.linux-ppc64le-3.7/torch/include/torch/csrc/api/include/torch/nn/options
copying torch/include/torch/csrc/api/include/torch/nn/options/embedding.h -> build/lib.linux-ppc64le-3.7/torch/include/torch/csrc/api/include/torch/nn/options
copying torch/include/torch/csrc/api/include/torch/nn/options/conv.h -> build/lib.linux-ppc64le-3.7/torch/include/torch/csrc/api/include/torch/nn/options
copying torch/include/torch/csrc/api/include/torch/nn/options/vision.h -> build/lib.linux-ppc64le-3.7/torch/include/torch/csrc/api/include/torch/nn/options
copying torch/include/torch/csrc/api/include/torch/nn/options/adaptive.h -> build/lib.linux-ppc64le-3.7/torch/include/torch/csrc/api/include/torch/nn/options
copying torch/include/torch/csrc/api/include/torch/nn/options/loss.h -> build/lib.linux-ppc64le-3.7/torch/include/torch/csrc/api/include/torch/nn/options
copying torch/include/torch/csrc/api/include/torch/nn/options/batchnorm.h -> build/lib.linux-ppc64le-3.7/torch/include/torch/csrc/api/include/torch/nn/options
copying torch/include/torch/csrc/api/include/torch/nn/options/fold.h -> build/lib.linux-ppc64le-3.7/torch/include/torch/csrc/api/include/torch/nn/options
copying torch/include/torch/csrc/api/include/torch/nn/options/pooling.h -> build/lib.linux-ppc64le-3.7/torch/include/torch/csrc/api/include/torch/nn/options
creating build/lib.linux-ppc64le-3.7/torch/include/torch/csrc/api/include/torch/nn/modules
copying torch/include/torch/csrc/api/include/torch/nn/modules/pixelshuffle.h -> build/lib.linux-ppc64le-3.7/torch/include/torch/csrc/api/include/torch/nn/modules
copying torch/include/torch/csrc/api/include/torch/nn/modules/rnn.h -> build/lib.linux-ppc64le-3.7/torch/include/torch/csrc/api/include/torch/nn/modules
copying torch/include/torch/csrc/api/include/torch/nn/modules/activation.h -> build/lib.linux-ppc64le-3.7/torch/include/torch/csrc/api/include/torch/nn/modules
copying torch/include/torch/csrc/api/include/torch/nn/modules/instancenorm.h -> build/lib.linux-ppc64le-3.7/torch/include/torch/csrc/api/include/torch/nn/modules
copying torch/include/torch/csrc/api/include/torch/nn/modules/common.h -> build/lib.linux-ppc64le-3.7/torch/include/torch/csrc/api/include/torch/nn/modules
copying torch/include/torch/csrc/api/include/torch/nn/modules/upsampling.h -> build/lib.linux-ppc64le-3.7/torch/include/torch/csrc/api/include/torch/nn/modules
copying torch/include/torch/csrc/api/include/torch/nn/modules/_functions.h -> build/lib.linux-ppc64le-3.7/torch/include/torch/csrc/api/include/torch/nn/modules
copying torch/include/torch/csrc/api/include/torch/nn/modules/linear.h -> build/lib.linux-ppc64le-3.7/torch/include/torch/csrc/api/include/torch/nn/modules
copying torch/include/torch/csrc/api/include/torch/nn/modules/dropout.h -> build/lib.linux-ppc64le-3.7/torch/include/torch/csrc/api/include/torch/nn/modules
copying torch/include/torch/csrc/api/include/torch/nn/modules/distance.h -> build/lib.linux-ppc64le-3.7/torch/include/torch/csrc/api/include/torch/nn/modules
copying torch/include/torch/csrc/api/include/torch/nn/modules/padding.h -> build/lib.linux-ppc64le-3.7/torch/include/torch/csrc/api/include/torch/nn/modules
copying torch/include/torch/csrc/api/include/torch/nn/modules/normalization.h -> build/lib.linux-ppc64le-3.7/torch/include/torch/csrc/api/include/torch/nn/modules
copying torch/include/torch/csrc/api/include/torch/nn/modules/embedding.h -> build/lib.linux-ppc64le-3.7/torch/include/torch/csrc/api/include/torch/nn/modules
copying torch/include/torch/csrc/api/include/torch/nn/modules/conv.h -> build/lib.linux-ppc64le-3.7/torch/include/torch/csrc/api/include/torch/nn/modules
copying torch/include/torch/csrc/api/include/torch/nn/modules/adaptive.h -> build/lib.linux-ppc64le-3.7/torch/include/torch/csrc/api/include/torch/nn/modules
copying torch/include/torch/csrc/api/include/torch/nn/modules/loss.h -> build/lib.linux-ppc64le-3.7/torch/include/torch/csrc/api/include/torch/nn/modules
copying torch/include/torch/csrc/api/include/torch/nn/modules/batchnorm.h -> build/lib.linux-ppc64le-3.7/torch/include/torch/csrc/api/include/torch/nn/modules
copying torch/include/torch/csrc/api/include/torch/nn/modules/fold.h -> build/lib.linux-ppc64le-3.7/torch/include/torch/csrc/api/include/torch/nn/modules
copying torch/include/torch/csrc/api/include/torch/nn/modules/pooling.h -> build/lib.linux-ppc64le-3.7/torch/include/torch/csrc/api/include/torch/nn/modules
copying torch/include/torch/csrc/api/include/torch/nn/modules/utils.h -> build/lib.linux-ppc64le-3.7/torch/include/torch/csrc/api/include/torch/nn/modules
creating build/lib.linux-ppc64le-3.7/torch/include/torch/csrc/api/include/torch/nn/modules/container
copying torch/include/torch/csrc/api/include/torch/nn/modules/container/named_any.h -> build/lib.linux-ppc64le-3.7/torch/include/torch/csrc/api/include/torch/nn/modules/container
copying torch/include/torch/csrc/api/include/torch/nn/modules/container/modulelist.h -> build/lib.linux-ppc64le-3.7/torch/include/torch/csrc/api/include/torch/nn/modules/container
copying torch/include/torch/csrc/api/include/torch/nn/modules/container/functional.h -> build/lib.linux-ppc64le-3.7/torch/include/torch/csrc/api/include/torch/nn/modules/container
copying torch/include/torch/csrc/api/include/torch/nn/modules/container/any_module_holder.h -> build/lib.linux-ppc64le-3.7/torch/include/torch/csrc/api/include/torch/nn/modules/container
copying torch/include/torch/csrc/api/include/torch/nn/modules/container/any_value.h -> build/lib.linux-ppc64le-3.7/torch/include/torch/csrc/api/include/torch/nn/modules/container
copying torch/include/torch/csrc/api/include/torch/nn/modules/container/parameterlist.h -> build/lib.linux-ppc64le-3.7/torch/include/torch/csrc/api/include/torch/nn/modules/container
copying torch/include/torch/csrc/api/include/torch/nn/modules/container/any.h -> build/lib.linux-ppc64le-3.7/torch/include/torch/csrc/api/include/torch/nn/modules/container
copying torch/include/torch/csrc/api/include/torch/nn/modules/container/sequential.h -> build/lib.linux-ppc64le-3.7/torch/include/torch/csrc/api/include/torch/nn/modules/container
copying torch/include/torch/csrc/api/include/torch/nn/modules/container/parameterdict.h -> build/lib.linux-ppc64le-3.7/torch/include/torch/csrc/api/include/torch/nn/modules/container
creating build/lib.linux-ppc64le-3.7/torch/include/torch/csrc/api/include/torch/nn/parallel
copying torch/include/torch/csrc/api/include/torch/nn/parallel/data_parallel.h -> build/lib.linux-ppc64le-3.7/torch/include/torch/csrc/api/include/torch/nn/parallel
creating build/lib.linux-ppc64le-3.7/torch/include/torch/csrc/api/include/torch/nn/utils
copying torch/include/torch/csrc/api/include/torch/nn/utils/rnn.h -> build/lib.linux-ppc64le-3.7/torch/include/torch/csrc/api/include/torch/nn/utils
copying torch/include/torch/csrc/api/include/torch/nn/utils/clip_grad.h -> build/lib.linux-ppc64le-3.7/torch/include/torch/csrc/api/include/torch/nn/utils
copying torch/include/torch/csrc/api/include/torch/nn/utils/convert_parameters.h -> build/lib.linux-ppc64le-3.7/torch/include/torch/csrc/api/include/torch/nn/utils
creating build/lib.linux-ppc64le-3.7/torch/include/torch/csrc/api/include/torch/optim
copying torch/include/torch/csrc/api/include/torch/optim/adamw.h -> build/lib.linux-ppc64le-3.7/torch/include/torch/csrc/api/include/torch/optim
copying torch/include/torch/csrc/api/include/torch/optim/adam.h -> build/lib.linux-ppc64le-3.7/torch/include/torch/csrc/api/include/torch/optim
copying torch/include/torch/csrc/api/include/torch/optim/optimizer.h -> build/lib.linux-ppc64le-3.7/torch/include/torch/csrc/api/include/torch/optim
copying torch/include/torch/csrc/api/include/torch/optim/lbfgs.h -> build/lib.linux-ppc64le-3.7/torch/include/torch/csrc/api/include/torch/optim
copying torch/include/torch/csrc/api/include/torch/optim/serialize.h -> build/lib.linux-ppc64le-3.7/torch/include/torch/csrc/api/include/torch/optim
copying torch/include/torch/csrc/api/include/torch/optim/sgd.h -> build/lib.linux-ppc64le-3.7/torch/include/torch/csrc/api/include/torch/optim
copying torch/include/torch/csrc/api/include/torch/optim/adagrad.h -> build/lib.linux-ppc64le-3.7/torch/include/torch/csrc/api/include/torch/optim
copying torch/include/torch/csrc/api/include/torch/optim/rmsprop.h -> build/lib.linux-ppc64le-3.7/torch/include/torch/csrc/api/include/torch/optim
creating build/lib.linux-ppc64le-3.7/torch/include/torch/csrc/api/include/torch/serialize
copying torch/include/torch/csrc/api/include/torch/serialize/tensor.h -> build/lib.linux-ppc64le-3.7/torch/include/torch/csrc/api/include/torch/serialize
copying torch/include/torch/csrc/api/include/torch/serialize/input-archive.h -> build/lib.linux-ppc64le-3.7/torch/include/torch/csrc/api/include/torch/serialize
copying torch/include/torch/csrc/api/include/torch/serialize/output-archive.h -> build/lib.linux-ppc64le-3.7/torch/include/torch/csrc/api/include/torch/serialize
copying torch/include/torch/csrc/api/include/torch/serialize/archive.h -> build/lib.linux-ppc64le-3.7/torch/include/torch/csrc/api/include/torch/serialize
creating build/lib.linux-ppc64le-3.7/torch/include/torch/csrc/autograd
copying torch/include/torch/csrc/autograd/custom_function.h -> build/lib.linux-ppc64le-3.7/torch/include/torch/csrc/autograd
copying torch/include/torch/csrc/autograd/record_function_ops.h -> build/lib.linux-ppc64le-3.7/torch/include/torch/csrc/autograd
copying torch/include/torch/csrc/autograd/edge.h -> build/lib.linux-ppc64le-3.7/torch/include/torch/csrc/autograd
copying torch/include/torch/csrc/autograd/function.h -> build/lib.linux-ppc64le-3.7/torch/include/torch/csrc/autograd
copying torch/include/torch/csrc/autograd/autograd.h -> build/lib.linux-ppc64le-3.7/torch/include/torch/csrc/autograd
copying torch/include/torch/csrc/autograd/python_cpp_function.h -> build/lib.linux-ppc64le-3.7/torch/include/torch/csrc/autograd
copying torch/include/torch/csrc/autograd/python_engine.h -> build/lib.linux-ppc64le-3.7/torch/include/torch/csrc/autograd
copying torch/include/torch/csrc/autograd/saved_variable.h -> build/lib.linux-ppc64le-3.7/torch/include/torch/csrc/autograd
copying torch/include/torch/csrc/autograd/profiler.h -> build/lib.linux-ppc64le-3.7/torch/include/torch/csrc/autograd
copying torch/include/torch/csrc/autograd/cpp_hook.h -> build/lib.linux-ppc64le-3.7/torch/include/torch/csrc/autograd
copying torch/include/torch/csrc/autograd/input_metadata.h -> build/lib.linux-ppc64le-3.7/torch/include/torch/csrc/autograd
copying torch/include/torch/csrc/autograd/symbolic.h -> build/lib.linux-ppc64le-3.7/torch/include/torch/csrc/autograd
copying torch/include/torch/csrc/autograd/python_anomaly_mode.h -> build/lib.linux-ppc64le-3.7/torch/include/torch/csrc/autograd
copying torch/include/torch/csrc/autograd/function_hook.h -> build/lib.linux-ppc64le-3.7/torch/include/torch/csrc/autograd
copying torch/include/torch/csrc/autograd/python_autograd.h -> build/lib.linux-ppc64le-3.7/torch/include/torch/csrc/autograd
copying torch/include/torch/csrc/autograd/python_variable_indexing.h -> build/lib.linux-ppc64le-3.7/torch/include/torch/csrc/autograd
copying torch/include/torch/csrc/autograd/input_buffer.h -> build/lib.linux-ppc64le-3.7/torch/include/torch/csrc/autograd
copying torch/include/torch/csrc/autograd/python_variable.h -> build/lib.linux-ppc64le-3.7/torch/include/torch/csrc/autograd
copying torch/include/torch/csrc/autograd/grad_mode.h -> build/lib.linux-ppc64le-3.7/torch/include/torch/csrc/autograd
copying torch/include/torch/csrc/autograd/VariableTypeUtils.h -> build/lib.linux-ppc64le-3.7/torch/include/torch/csrc/autograd
copying torch/include/torch/csrc/autograd/python_function.h -> build/lib.linux-ppc64le-3.7/torch/include/torch/csrc/autograd
copying torch/include/torch/csrc/autograd/anomaly_mode.h -> build/lib.linux-ppc64le-3.7/torch/include/torch/csrc/autograd
copying torch/include/torch/csrc/autograd/python_nn_functions.h -> build/lib.linux-ppc64le-3.7/torch/include/torch/csrc/autograd
copying torch/include/torch/csrc/autograd/variable.h -> build/lib.linux-ppc64le-3.7/torch/include/torch/csrc/autograd
copying torch/include/torch/csrc/autograd/python_hook.h -> build/lib.linux-ppc64le-3.7/torch/include/torch/csrc/autograd
copying torch/include/torch/csrc/autograd/python_legacy_variable.h -> build/lib.linux-ppc64le-3.7/torch/include/torch/csrc/autograd
copying torch/include/torch/csrc/autograd/engine.h -> build/lib.linux-ppc64le-3.7/torch/include/torch/csrc/autograd
creating build/lib.linux-ppc64le-3.7/torch/include/torch/csrc/autograd/functions
copying torch/include/torch/csrc/autograd/functions/pybind.h -> build/lib.linux-ppc64le-3.7/torch/include/torch/csrc/autograd/functions
copying torch/include/torch/csrc/autograd/functions/basic_ops.h -> build/lib.linux-ppc64le-3.7/torch/include/torch/csrc/autograd/functions
copying torch/include/torch/csrc/autograd/functions/comm.h -> build/lib.linux-ppc64le-3.7/torch/include/torch/csrc/autograd/functions
copying torch/include/torch/csrc/autograd/functions/tensor.h -> build/lib.linux-ppc64le-3.7/torch/include/torch/csrc/autograd/functions
copying torch/include/torch/csrc/autograd/functions/accumulate_grad.h -> build/lib.linux-ppc64le-3.7/torch/include/torch/csrc/autograd/functions
copying torch/include/torch/csrc/autograd/functions/utils.h -> build/lib.linux-ppc64le-3.7/torch/include/torch/csrc/autograd/functions
creating build/lib.linux-ppc64le-3.7/torch/include/torch/csrc/autograd/generated
copying torch/include/torch/csrc/autograd/generated/python_functions.h -> build/lib.linux-ppc64le-3.7/torch/include/torch/csrc/autograd/generated
copying torch/include/torch/csrc/autograd/generated/Functions.h -> build/lib.linux-ppc64le-3.7/torch/include/torch/csrc/autograd/generated
copying torch/include/torch/csrc/autograd/generated/RegistrationDeclarations.h -> build/lib.linux-ppc64le-3.7/torch/include/torch/csrc/autograd/generated
copying torch/include/torch/csrc/autograd/generated/VariableType.h -> build/lib.linux-ppc64le-3.7/torch/include/torch/csrc/autograd/generated
copying torch/include/torch/csrc/autograd/generated/variable_factories.h -> build/lib.linux-ppc64le-3.7/torch/include/torch/csrc/autograd/generated
creating build/lib.linux-ppc64le-3.7/torch/include/torch/csrc/autograd/utils
copying torch/include/torch/csrc/autograd/utils/wrap_outputs.h -> build/lib.linux-ppc64le-3.7/torch/include/torch/csrc/autograd/utils
copying torch/include/torch/csrc/autograd/utils/lambda_post_hook.h -> build/lib.linux-ppc64le-3.7/torch/include/torch/csrc/autograd/utils
copying torch/include/torch/csrc/autograd/utils/grad_layout_contract.h -> build/lib.linux-ppc64le-3.7/torch/include/torch/csrc/autograd/utils
copying torch/include/torch/csrc/autograd/utils/error_messages.h -> build/lib.linux-ppc64le-3.7/torch/include/torch/csrc/autograd/utils
copying torch/include/torch/csrc/autograd/utils/python_arg_parsing.h -> build/lib.linux-ppc64le-3.7/torch/include/torch/csrc/autograd/utils
creating build/lib.linux-ppc64le-3.7/torch/include/torch/csrc/cuda
copying torch/include/torch/csrc/cuda/restore_macros.h -> build/lib.linux-ppc64le-3.7/torch/include/torch/csrc/cuda
copying torch/include/torch/csrc/cuda/device_set.h -> build/lib.linux-ppc64le-3.7/torch/include/torch/csrc/cuda
copying torch/include/torch/csrc/cuda/Storage.h -> build/lib.linux-ppc64le-3.7/torch/include/torch/csrc/cuda
copying torch/include/torch/csrc/cuda/comm.h -> build/lib.linux-ppc64le-3.7/torch/include/torch/csrc/cuda
copying torch/include/torch/csrc/cuda/python_comm.h -> build/lib.linux-ppc64le-3.7/torch/include/torch/csrc/cuda
copying torch/include/torch/csrc/cuda/python_nccl.h -> build/lib.linux-ppc64le-3.7/torch/include/torch/csrc/cuda
copying torch/include/torch/csrc/cuda/Event.h -> build/lib.linux-ppc64le-3.7/torch/include/torch/csrc/cuda
copying torch/include/torch/csrc/cuda/Module.h -> build/lib.linux-ppc64le-3.7/torch/include/torch/csrc/cuda
copying torch/include/torch/csrc/cuda/serialization.h -> build/lib.linux-ppc64le-3.7/torch/include/torch/csrc/cuda
copying torch/include/torch/csrc/cuda/override_macros.h -> build/lib.linux-ppc64le-3.7/torch/include/torch/csrc/cuda
copying torch/include/torch/csrc/cuda/nccl.h -> build/lib.linux-ppc64le-3.7/torch/include/torch/csrc/cuda
copying torch/include/torch/csrc/cuda/undef_macros.h -> build/lib.linux-ppc64le-3.7/torch/include/torch/csrc/cuda
copying torch/include/torch/csrc/cuda/THCP.h -> build/lib.linux-ppc64le-3.7/torch/include/torch/csrc/cuda
copying torch/include/torch/csrc/cuda/Stream.h -> build/lib.linux-ppc64le-3.7/torch/include/torch/csrc/cuda
copying torch/include/torch/csrc/cuda/utils.h -> build/lib.linux-ppc64le-3.7/torch/include/torch/csrc/cuda
creating build/lib.linux-ppc64le-3.7/torch/include/torch/csrc/jit
copying torch/include/torch/csrc/jit/jit_log.h -> build/lib.linux-ppc64le-3.7/torch/include/torch/csrc/jit
copying torch/include/torch/csrc/jit/resource_guard.h -> build/lib.linux-ppc64le-3.7/torch/include/torch/csrc/jit
creating build/lib.linux-ppc64le-3.7/torch/include/torch/csrc/jit/backends
copying torch/include/torch/csrc/jit/backends/backend_resolver.h -> build/lib.linux-ppc64le-3.7/torch/include/torch/csrc/jit/backends
copying torch/include/torch/csrc/jit/backends/backend_init.h -> build/lib.linux-ppc64le-3.7/torch/include/torch/csrc/jit/backends
copying torch/include/torch/csrc/jit/backends/backend_detail.h -> build/lib.linux-ppc64le-3.7/torch/include/torch/csrc/jit/backends
copying torch/include/torch/csrc/jit/backends/backend.h -> build/lib.linux-ppc64le-3.7/torch/include/torch/csrc/jit/backends
copying torch/include/torch/csrc/jit/backends/backend_interface.h -> build/lib.linux-ppc64le-3.7/torch/include/torch/csrc/jit/backends
creating build/lib.linux-ppc64le-3.7/torch/include/torch/csrc/jit/passes
copying torch/include/torch/csrc/jit/passes/freeze_module.h -> build/lib.linux-ppc64le-3.7/torch/include/torch/csrc/jit/passes
copying torch/include/torch/csrc/jit/passes/shape_analysis.h -> build/lib.linux-ppc64le-3.7/torch/include/torch/csrc/jit/passes
copying torch/include/torch/csrc/jit/passes/loop_unrolling.h -> build/lib.linux-ppc64le-3.7/torch/include/torch/csrc/jit/passes
copying torch/include/torch/csrc/jit/passes/create_functional_graphs.h -> build/lib.linux-ppc64le-3.7/torch/include/torch/csrc/jit/passes
copying torch/include/torch/csrc/jit/passes/decompose_ops.h -> build/lib.linux-ppc64le-3.7/torch/include/torch/csrc/jit/passes
copying torch/include/torch/csrc/jit/passes/requires_grad_analysis.h -> build/lib.linux-ppc64le-3.7/torch/include/torch/csrc/jit/passes
copying torch/include/torch/csrc/jit/passes/remove_expands.h -> build/lib.linux-ppc64le-3.7/torch/include/torch/csrc/jit/passes
copying torch/include/torch/csrc/jit/passes/onnx.h -> build/lib.linux-ppc64le-3.7/torch/include/torch/csrc/jit/passes
copying torch/include/torch/csrc/jit/passes/normalize_ops.h -> build/lib.linux-ppc64le-3.7/torch/include/torch/csrc/jit/passes
copying torch/include/torch/csrc/jit/passes/constant_pooling.h -> build/lib.linux-ppc64le-3.7/torch/include/torch/csrc/jit/passes
copying torch/include/torch/csrc/jit/passes/clear_profiling.h -> build/lib.linux-ppc64le-3.7/torch/include/torch/csrc/jit/passes
copying torch/include/torch/csrc/jit/passes/vulkan_rewrite.h -> build/lib.linux-ppc64le-3.7/torch/include/torch/csrc/jit/passes
copying torch/include/torch/csrc/jit/passes/fold_conv_bn.h -> build/lib.linux-ppc64le-3.7/torch/include/torch/csrc/jit/passes
copying torch/include/torch/csrc/jit/passes/remove_mutation.h -> build/lib.linux-ppc64le-3.7/torch/include/torch/csrc/jit/passes
copying torch/include/torch/csrc/jit/passes/inplace_check.h -> build/lib.linux-ppc64le-3.7/torch/include/torch/csrc/jit/passes
copying torch/include/torch/csrc/jit/passes/erase_number_types.h -> build/lib.linux-ppc64le-3.7/torch/include/torch/csrc/jit/passes
copying torch/include/torch/csrc/jit/passes/canonicalize_graph_fuser_ops.h -> build/lib.linux-ppc64le-3.7/torch/include/torch/csrc/jit/passes
copying torch/include/torch/csrc/jit/passes/canonicalize.h -> build/lib.linux-ppc64le-3.7/torch/include/torch/csrc/jit/passes
copying torch/include/torch/csrc/jit/passes/peephole_list_idioms.h -> build/lib.linux-ppc64le-3.7/torch/include/torch/csrc/jit/passes
copying torch/include/torch/csrc/jit/passes/lower_graph.h -> build/lib.linux-ppc64le-3.7/torch/include/torch/csrc/jit/passes
copying torch/include/torch/csrc/jit/passes/fuse_linear.h -> build/lib.linux-ppc64le-3.7/torch/include/torch/csrc/jit/passes
copying torch/include/torch/csrc/jit/passes/inliner.h -> build/lib.linux-ppc64le-3.7/torch/include/torch/csrc/jit/passes
copying torch/include/torch/csrc/jit/passes/lower_grad_of.h -> build/lib.linux-ppc64le-3.7/torch/include/torch/csrc/jit/passes
copying torch/include/torch/csrc/jit/passes/create_autodiff_subgraphs.h -> build/lib.linux-ppc64le-3.7/torch/include/torch/csrc/jit/passes
copying torch/include/torch/csrc/jit/passes/dead_code_elimination.h -> build/lib.linux-ppc64le-3.7/torch/include/torch/csrc/jit/passes
copying torch/include/torch/csrc/jit/passes/peephole.h -> build/lib.linux-ppc64le-3.7/torch/include/torch/csrc/jit/passes
copying torch/include/torch/csrc/jit/passes/fixup_trace_scope_blocks.h -> build/lib.linux-ppc64le-3.7/torch/include/torch/csrc/jit/passes
copying torch/include/torch/csrc/jit/passes/cuda_graph_fuser.h -> build/lib.linux-ppc64le-3.7/torch/include/torch/csrc/jit/passes
copying torch/include/torch/csrc/jit/passes/graph_fuser.h -> build/lib.linux-ppc64le-3.7/torch/include/torch/csrc/jit/passes
copying torch/include/torch/csrc/jit/passes/specialize_autogradzero.h -> build/lib.linux-ppc64le-3.7/torch/include/torch/csrc/jit/passes
copying torch/include/torch/csrc/jit/passes/lift_closures.h -> build/lib.linux-ppc64le-3.7/torch/include/torch/csrc/jit/passes
copying torch/include/torch/csrc/jit/passes/tensorexpr_fuser.h -> build/lib.linux-ppc64le-3.7/torch/include/torch/csrc/jit/passes
copying torch/include/torch/csrc/jit/passes/batch_mm.h -> build/lib.linux-ppc64le-3.7/torch/include/torch/csrc/jit/passes
copying torch/include/torch/csrc/jit/passes/insert_guards.h -> build/lib.linux-ppc64le-3.7/torch/include/torch/csrc/jit/passes
copying torch/include/torch/csrc/jit/passes/bailout_graph.h -> build/lib.linux-ppc64le-3.7/torch/include/torch/csrc/jit/passes
copying torch/include/torch/csrc/jit/passes/clear_undefinedness.h -> build/lib.linux-ppc64le-3.7/torch/include/torch/csrc/jit/passes
copying torch/include/torch/csrc/jit/passes/pass_manager.h -> build/lib.linux-ppc64le-3.7/torch/include/torch/csrc/jit/passes
copying torch/include/torch/csrc/jit/passes/lower_tuples.h -> build/lib.linux-ppc64le-3.7/torch/include/torch/csrc/jit/passes
copying torch/include/torch/csrc/jit/passes/common_subexpression_elimination.h -> build/lib.linux-ppc64le-3.7/torch/include/torch/csrc/jit/passes
copying torch/include/torch/csrc/jit/passes/liveness.h -> build/lib.linux-ppc64le-3.7/torch/include/torch/csrc/jit/passes
copying torch/include/torch/csrc/jit/passes/constant_propagation.h -> build/lib.linux-ppc64le-3.7/torch/include/torch/csrc/jit/passes
copying torch/include/torch/csrc/jit/passes/inline_autodiff_subgraphs.h -> build/lib.linux-ppc64le-3.7/torch/include/torch/csrc/jit/passes
copying torch/include/torch/csrc/jit/passes/remove_inplace_ops.h -> build/lib.linux-ppc64le-3.7/torch/include/torch/csrc/jit/passes
copying torch/include/torch/csrc/jit/passes/inline_fork_wait.h -> build/lib.linux-ppc64le-3.7/torch/include/torch/csrc/jit/passes
copying torch/include/torch/csrc/jit/passes/graph_rewrite_helper.h -> build/lib.linux-ppc64le-3.7/torch/include/torch/csrc/jit/passes
copying torch/include/torch/csrc/jit/passes/inline_forked_closures.h -> build/lib.linux-ppc64le-3.7/torch/include/torch/csrc/jit/passes
copying torch/include/torch/csrc/jit/passes/fuse_relu.h -> build/lib.linux-ppc64le-3.7/torch/include/torch/csrc/jit/passes
copying torch/include/torch/csrc/jit/passes/remove_dropout.h -> build/lib.linux-ppc64le-3.7/torch/include/torch/csrc/jit/passes
copying torch/include/torch/csrc/jit/passes/subgraph_rewrite.h -> build/lib.linux-ppc64le-3.7/torch/include/torch/csrc/jit/passes
copying torch/include/torch/csrc/jit/passes/guard_elimination.h -> build/lib.linux-ppc64le-3.7/torch/include/torch/csrc/jit/passes
copying torch/include/torch/csrc/jit/passes/xnnpack_rewrite.h -> build/lib.linux-ppc64le-3.7/torch/include/torch/csrc/jit/passes
copying torch/include/torch/csrc/jit/passes/prepack_folding.h -> build/lib.linux-ppc64le-3.7/torch/include/torch/csrc/jit/passes
creating build/lib.linux-ppc64le-3.7/torch/include/torch/csrc/jit/passes/quantization
copying torch/include/torch/csrc/jit/passes/quantization/insert_observers.h -> build/lib.linux-ppc64le-3.7/torch/include/torch/csrc/jit/passes/quantization
copying torch/include/torch/csrc/jit/passes/quantization/finalize.h -> build/lib.linux-ppc64le-3.7/torch/include/torch/csrc/jit/passes/quantization
copying torch/include/torch/csrc/jit/passes/quantization/dedup_module_uses.h -> build/lib.linux-ppc64le-3.7/torch/include/torch/csrc/jit/passes/quantization
copying torch/include/torch/csrc/jit/passes/quantization/quantization_patterns.h -> build/lib.linux-ppc64le-3.7/torch/include/torch/csrc/jit/passes/quantization
copying torch/include/torch/csrc/jit/passes/quantization/helper.h -> build/lib.linux-ppc64le-3.7/torch/include/torch/csrc/jit/passes/quantization
copying torch/include/torch/csrc/jit/passes/quantization/quantization_type.h -> build/lib.linux-ppc64le-3.7/torch/include/torch/csrc/jit/passes/quantization
copying torch/include/torch/csrc/jit/passes/quantization/fusion_passes.h -> build/lib.linux-ppc64le-3.7/torch/include/torch/csrc/jit/passes/quantization
copying torch/include/torch/csrc/jit/passes/quantization/insert_quant_dequant.h -> build/lib.linux-ppc64le-3.7/torch/include/torch/csrc/jit/passes/quantization
creating build/lib.linux-ppc64le-3.7/torch/include/torch/csrc/jit/passes/utils
copying torch/include/torch/csrc/jit/passes/utils/check_alias_annotation.h -> build/lib.linux-ppc64le-3.7/torch/include/torch/csrc/jit/passes/utils
copying torch/include/torch/csrc/jit/passes/utils/memory_dag.h -> build/lib.linux-ppc64le-3.7/torch/include/torch/csrc/jit/passes/utils
copying torch/include/torch/csrc/jit/passes/utils/subgraph_utils.h -> build/lib.linux-ppc64le-3.7/torch/include/torch/csrc/jit/passes/utils
creating build/lib.linux-ppc64le-3.7/torch/include/torch/csrc/jit/runtime
copying torch/include/torch/csrc/jit/runtime/variable_tensor_list.h -> build/lib.linux-ppc64le-3.7/torch/include/torch/csrc/jit/runtime
copying torch/include/torch/csrc/jit/runtime/symbolic_script.h -> build/lib.linux-ppc64le-3.7/torch/include/torch/csrc/jit/runtime
copying torch/include/torch/csrc/jit/runtime/autodiff.h -> build/lib.linux-ppc64le-3.7/torch/include/torch/csrc/jit/runtime
copying torch/include/torch/csrc/jit/runtime/interpreter.h -> build/lib.linux-ppc64le-3.7/torch/include/torch/csrc/jit/runtime
copying torch/include/torch/csrc/jit/runtime/custom_operator.h -> build/lib.linux-ppc64le-3.7/torch/include/torch/csrc/jit/runtime
copying torch/include/torch/csrc/jit/runtime/instruction.h -> build/lib.linux-ppc64le-3.7/torch/include/torch/csrc/jit/runtime
copying torch/include/torch/csrc/jit/runtime/operator.h -> build/lib.linux-ppc64le-3.7/torch/include/torch/csrc/jit/runtime
copying torch/include/torch/csrc/jit/runtime/graph_executor_impl.h -> build/lib.linux-ppc64le-3.7/torch/include/torch/csrc/jit/runtime
copying torch/include/torch/csrc/jit/runtime/profiling_record.h -> build/lib.linux-ppc64le-3.7/torch/include/torch/csrc/jit/runtime
copying torch/include/torch/csrc/jit/runtime/vararg_functions.h -> build/lib.linux-ppc64le-3.7/torch/include/torch/csrc/jit/runtime
copying torch/include/torch/csrc/jit/runtime/register_ops_utils.h -> build/lib.linux-ppc64le-3.7/torch/include/torch/csrc/jit/runtime
copying torch/include/torch/csrc/jit/runtime/exception_message.h -> build/lib.linux-ppc64le-3.7/torch/include/torch/csrc/jit/runtime
copying torch/include/torch/csrc/jit/runtime/logging.h -> build/lib.linux-ppc64le-3.7/torch/include/torch/csrc/jit/runtime
copying torch/include/torch/csrc/jit/runtime/operator_options.h -> build/lib.linux-ppc64le-3.7/torch/include/torch/csrc/jit/runtime
copying torch/include/torch/csrc/jit/runtime/argument_spec.h -> build/lib.linux-ppc64le-3.7/torch/include/torch/csrc/jit/runtime
copying torch/include/torch/csrc/jit/runtime/graph_executor.h -> build/lib.linux-ppc64le-3.7/torch/include/torch/csrc/jit/runtime
copying torch/include/torch/csrc/jit/runtime/print_handler.h -> build/lib.linux-ppc64le-3.7/torch/include/torch/csrc/jit/runtime
copying torch/include/torch/csrc/jit/runtime/profiling_graph_executor_impl.h -> build/lib.linux-ppc64le-3.7/torch/include/torch/csrc/jit/runtime
copying torch/include/torch/csrc/jit/runtime/jit_exception.h -> build/lib.linux-ppc64le-3.7/torch/include/torch/csrc/jit/runtime
creating build/lib.linux-ppc64le-3.7/torch/include/torch/csrc/jit/ir
copying torch/include/torch/csrc/jit/ir/subgraph_matcher.h -> build/lib.linux-ppc64le-3.7/torch/include/torch/csrc/jit/ir
copying torch/include/torch/csrc/jit/ir/ir.h -> build/lib.linux-ppc64le-3.7/torch/include/torch/csrc/jit/ir
copying torch/include/torch/csrc/jit/ir/type_hashing.h -> build/lib.linux-ppc64le-3.7/torch/include/torch/csrc/jit/ir
copying torch/include/torch/csrc/jit/ir/scope.h -> build/lib.linux-ppc64le-3.7/torch/include/torch/csrc/jit/ir
copying torch/include/torch/csrc/jit/ir/attributes.h -> build/lib.linux-ppc64le-3.7/torch/include/torch/csrc/jit/ir
copying torch/include/torch/csrc/jit/ir/graph_node_list.h -> build/lib.linux-ppc64le-3.7/torch/include/torch/csrc/jit/ir
copying torch/include/torch/csrc/jit/ir/irparser.h -> build/lib.linux-ppc64le-3.7/torch/include/torch/csrc/jit/ir
copying torch/include/torch/csrc/jit/ir/named_value.h -> build/lib.linux-ppc64le-3.7/torch/include/torch/csrc/jit/ir
copying torch/include/torch/csrc/jit/ir/ir_views.h -> build/lib.linux-ppc64le-3.7/torch/include/torch/csrc/jit/ir
copying torch/include/torch/csrc/jit/ir/alias_analysis.h -> build/lib.linux-ppc64le-3.7/torch/include/torch/csrc/jit/ir
copying torch/include/torch/csrc/jit/ir/constants.h -> build/lib.linux-ppc64le-3.7/torch/include/torch/csrc/jit/ir
copying torch/include/torch/csrc/jit/ir/node_hashing.h -> build/lib.linux-ppc64le-3.7/torch/include/torch/csrc/jit/ir
creating build/lib.linux-ppc64le-3.7/torch/include/torch/csrc/jit/frontend
copying torch/include/torch/csrc/jit/frontend/sugared_value.h -> build/lib.linux-ppc64le-3.7/torch/include/torch/csrc/jit/frontend
copying torch/include/torch/csrc/jit/frontend/tree_views.h -> build/lib.linux-ppc64le-3.7/torch/include/torch/csrc/jit/frontend
copying torch/include/torch/csrc/jit/frontend/schema_type_parser.h -> build/lib.linux-ppc64le-3.7/torch/include/torch/csrc/jit/frontend
copying torch/include/torch/csrc/jit/frontend/function_schema_parser.h -> build/lib.linux-ppc64le-3.7/torch/include/torch/csrc/jit/frontend
copying torch/include/torch/csrc/jit/frontend/source_range.h -> build/lib.linux-ppc64le-3.7/torch/include/torch/csrc/jit/frontend
copying torch/include/torch/csrc/jit/frontend/convert_to_ssa.h -> build/lib.linux-ppc64le-3.7/torch/include/torch/csrc/jit/frontend
copying torch/include/torch/csrc/jit/frontend/concrete_module_type.h -> build/lib.linux-ppc64le-3.7/torch/include/torch/csrc/jit/frontend
copying torch/include/torch/csrc/jit/frontend/script_type_parser.h -> build/lib.linux-ppc64le-3.7/torch/include/torch/csrc/jit/frontend
copying torch/include/torch/csrc/jit/frontend/lexer.h -> build/lib.linux-ppc64le-3.7/torch/include/torch/csrc/jit/frontend
copying torch/include/torch/csrc/jit/frontend/inline_loop_condition.h -> build/lib.linux-ppc64le-3.7/torch/include/torch/csrc/jit/frontend
copying torch/include/torch/csrc/jit/frontend/canonicalize_modified_loop.h -> build/lib.linux-ppc64le-3.7/torch/include/torch/csrc/jit/frontend
copying torch/include/torch/csrc/jit/frontend/parse_string_literal.h -> build/lib.linux-ppc64le-3.7/torch/include/torch/csrc/jit/frontend
copying torch/include/torch/csrc/jit/frontend/mini_environment.h -> build/lib.linux-ppc64le-3.7/torch/include/torch/csrc/jit/frontend
copying torch/include/torch/csrc/jit/frontend/edit_distance.h -> build/lib.linux-ppc64le-3.7/torch/include/torch/csrc/jit/frontend
copying torch/include/torch/csrc/jit/frontend/parser_constants.h -> build/lib.linux-ppc64le-3.7/torch/include/torch/csrc/jit/frontend
copying torch/include/torch/csrc/jit/frontend/strtod.h -> build/lib.linux-ppc64le-3.7/torch/include/torch/csrc/jit/frontend
copying torch/include/torch/csrc/jit/frontend/builtin_functions.h -> build/lib.linux-ppc64le-3.7/torch/include/torch/csrc/jit/frontend
copying torch/include/torch/csrc/jit/frontend/tracer.h -> build/lib.linux-ppc64le-3.7/torch/include/torch/csrc/jit/frontend
copying torch/include/torch/csrc/jit/frontend/code_template.h -> build/lib.linux-ppc64le-3.7/torch/include/torch/csrc/jit/frontend
copying torch/include/torch/csrc/jit/frontend/schema_matching.h -> build/lib.linux-ppc64le-3.7/torch/include/torch/csrc/jit/frontend
copying torch/include/torch/csrc/jit/frontend/resolver.h -> build/lib.linux-ppc64le-3.7/torch/include/torch/csrc/jit/frontend
copying torch/include/torch/csrc/jit/frontend/parser.h -> build/lib.linux-ppc64le-3.7/torch/include/torch/csrc/jit/frontend
copying torch/include/torch/csrc/jit/frontend/tree.h -> build/lib.linux-ppc64le-3.7/torch/include/torch/csrc/jit/frontend
copying torch/include/torch/csrc/jit/frontend/error_report.h -> build/lib.linux-ppc64le-3.7/torch/include/torch/csrc/jit/frontend
copying torch/include/torch/csrc/jit/frontend/exit_transforms.h -> build/lib.linux-ppc64le-3.7/torch/include/torch/csrc/jit/frontend
copying torch/include/torch/csrc/jit/frontend/versioned_symbols.h -> build/lib.linux-ppc64le-3.7/torch/include/torch/csrc/jit/frontend
copying torch/include/torch/csrc/jit/frontend/name_mangler.h -> build/lib.linux-ppc64le-3.7/torch/include/torch/csrc/jit/frontend
copying torch/include/torch/csrc/jit/frontend/ir_emitter.h -> build/lib.linux-ppc64le-3.7/torch/include/torch/csrc/jit/frontend
creating build/lib.linux-ppc64le-3.7/torch/include/torch/csrc/jit/api
copying torch/include/torch/csrc/jit/api/function_impl.h -> build/lib.linux-ppc64le-3.7/torch/include/torch/csrc/jit/api
copying torch/include/torch/csrc/jit/api/module.h -> build/lib.linux-ppc64le-3.7/torch/include/torch/csrc/jit/api
copying torch/include/torch/csrc/jit/api/compilation_unit.h -> build/lib.linux-ppc64le-3.7/torch/include/torch/csrc/jit/api
copying torch/include/torch/csrc/jit/api/object.h -> build/lib.linux-ppc64le-3.7/torch/include/torch/csrc/jit/api
copying torch/include/torch/csrc/jit/api/method.h -> build/lib.linux-ppc64le-3.7/torch/include/torch/csrc/jit/api
creating build/lib.linux-ppc64le-3.7/torch/include/torch/csrc/jit/serialization
copying torch/include/torch/csrc/jit/serialization/export.h -> build/lib.linux-ppc64le-3.7/torch/include/torch/csrc/jit/serialization
copying torch/include/torch/csrc/jit/serialization/pickle.h -> build/lib.linux-ppc64le-3.7/torch/include/torch/csrc/jit/serialization
copying torch/include/torch/csrc/jit/serialization/unpickler.h -> build/lib.linux-ppc64le-3.7/torch/include/torch/csrc/jit/serialization
copying torch/include/torch/csrc/jit/serialization/import_export_helpers.h -> build/lib.linux-ppc64le-3.7/torch/include/torch/csrc/jit/serialization
copying torch/include/torch/csrc/jit/serialization/import_source.h -> build/lib.linux-ppc64le-3.7/torch/include/torch/csrc/jit/serialization
copying torch/include/torch/csrc/jit/serialization/type_name_uniquer.h -> build/lib.linux-ppc64le-3.7/torch/include/torch/csrc/jit/serialization
copying torch/include/torch/csrc/jit/serialization/pickler.h -> build/lib.linux-ppc64le-3.7/torch/include/torch/csrc/jit/serialization
copying torch/include/torch/csrc/jit/serialization/import_export_functions.h -> build/lib.linux-ppc64le-3.7/torch/include/torch/csrc/jit/serialization
copying torch/include/torch/csrc/jit/serialization/import_legacy.h -> build/lib.linux-ppc64le-3.7/torch/include/torch/csrc/jit/serialization
copying torch/include/torch/csrc/jit/serialization/import_export_constants.h -> build/lib.linux-ppc64le-3.7/torch/include/torch/csrc/jit/serialization
copying torch/include/torch/csrc/jit/serialization/python_print.h -> build/lib.linux-ppc64le-3.7/torch/include/torch/csrc/jit/serialization
copying torch/include/torch/csrc/jit/serialization/import.h -> build/lib.linux-ppc64le-3.7/torch/include/torch/csrc/jit/serialization
copying torch/include/torch/csrc/jit/serialization/source_range_serialization.h -> build/lib.linux-ppc64le-3.7/torch/include/torch/csrc/jit/serialization
copying torch/include/torch/csrc/jit/serialization/source_range_serialization_impl.h -> build/lib.linux-ppc64le-3.7/torch/include/torch/csrc/jit/serialization
creating build/lib.linux-ppc64le-3.7/torch/include/torch/csrc/jit/python
copying torch/include/torch/csrc/jit/python/pybind.h -> build/lib.linux-ppc64le-3.7/torch/include/torch/csrc/jit/python
copying torch/include/torch/csrc/jit/python/update_graph_executor_opt.h -> build/lib.linux-ppc64le-3.7/torch/include/torch/csrc/jit/python
copying torch/include/torch/csrc/jit/python/python_sugared_value.h -> build/lib.linux-ppc64le-3.7/torch/include/torch/csrc/jit/python
copying torch/include/torch/csrc/jit/python/python_tree_views.h -> build/lib.linux-ppc64le-3.7/torch/include/torch/csrc/jit/python
copying torch/include/torch/csrc/jit/python/script_init.h -> build/lib.linux-ppc64le-3.7/torch/include/torch/csrc/jit/python
copying torch/include/torch/csrc/jit/python/python_tracer.h -> build/lib.linux-ppc64le-3.7/torch/include/torch/csrc/jit/python
copying torch/include/torch/csrc/jit/python/pybind_utils.h -> build/lib.linux-ppc64le-3.7/torch/include/torch/csrc/jit/python
copying torch/include/torch/csrc/jit/python/init.h -> build/lib.linux-ppc64le-3.7/torch/include/torch/csrc/jit/python
copying torch/include/torch/csrc/jit/python/python_arg_flatten.h -> build/lib.linux-ppc64le-3.7/torch/include/torch/csrc/jit/python
copying torch/include/torch/csrc/jit/python/module_python.h -> build/lib.linux-ppc64le-3.7/torch/include/torch/csrc/jit/python
copying torch/include/torch/csrc/jit/python/python_ir.h -> build/lib.linux-ppc64le-3.7/torch/include/torch/csrc/jit/python
copying torch/include/torch/csrc/jit/python/python_ivalue.h -> build/lib.linux-ppc64le-3.7/torch/include/torch/csrc/jit/python
copying torch/include/torch/csrc/jit/python/python_custom_class.h -> build/lib.linux-ppc64le-3.7/torch/include/torch/csrc/jit/python
creating build/lib.linux-ppc64le-3.7/torch/include/torch/csrc/jit/testing
copying torch/include/torch/csrc/jit/testing/hooks_for_testing.h -> build/lib.linux-ppc64le-3.7/torch/include/torch/csrc/jit/testing
copying torch/include/torch/csrc/jit/testing/file_check.h -> build/lib.linux-ppc64le-3.7/torch/include/torch/csrc/jit/testing
creating build/lib.linux-ppc64le-3.7/torch/include/torch/csrc/onnx
copying torch/include/torch/csrc/onnx/onnx.h -> build/lib.linux-ppc64le-3.7/torch/include/torch/csrc/onnx
copying torch/include/torch/csrc/onnx/init.h -> build/lib.linux-ppc64le-3.7/torch/include/torch/csrc/onnx
creating build/lib.linux-ppc64le-3.7/torch/include/torch/csrc/utils
copying torch/include/torch/csrc/utils/throughput_benchmark.h -> build/lib.linux-ppc64le-3.7/torch/include/torch/csrc/utils
copying torch/include/torch/csrc/utils/pybind.h -> build/lib.linux-ppc64le-3.7/torch/include/torch/csrc/utils
copying torch/include/torch/csrc/utils/python_numbers.h -> build/lib.linux-ppc64le-3.7/torch/include/torch/csrc/utils
copying torch/include/torch/csrc/utils/tensor_types.h -> build/lib.linux-ppc64le-3.7/torch/include/torch/csrc/utils
copying torch/include/torch/csrc/utils/tensor_flatten.h -> build/lib.linux-ppc64le-3.7/torch/include/torch/csrc/utils
copying torch/include/torch/csrc/utils/six.h -> build/lib.linux-ppc64le-3.7/torch/include/torch/csrc/utils
copying torch/include/torch/csrc/utils/memory.h -> build/lib.linux-ppc64le-3.7/torch/include/torch/csrc/utils
copying torch/include/torch/csrc/utils/cuda_lazy_init.h -> build/lib.linux-ppc64le-3.7/torch/include/torch/csrc/utils
copying torch/include/torch/csrc/utils/tensor_list.h -> build/lib.linux-ppc64le-3.7/torch/include/torch/csrc/utils
copying torch/include/torch/csrc/utils/tensor_layouts.h -> build/lib.linux-ppc64le-3.7/torch/include/torch/csrc/utils
copying torch/include/torch/csrc/utils/cuda_enabled.h -> build/lib.linux-ppc64le-3.7/torch/include/torch/csrc/utils
copying torch/include/torch/csrc/utils/throughput_benchmark-inl.h -> build/lib.linux-ppc64le-3.7/torch/include/torch/csrc/utils
copying torch/include/torch/csrc/utils/auto_gil.h -> build/lib.linux-ppc64le-3.7/torch/include/torch/csrc/utils
copying torch/include/torch/csrc/utils/hash.h -> build/lib.linux-ppc64le-3.7/torch/include/torch/csrc/utils
copying torch/include/torch/csrc/utils/tensor_apply.h -> build/lib.linux-ppc64le-3.7/torch/include/torch/csrc/utils
copying torch/include/torch/csrc/utils/invalid_arguments.h -> build/lib.linux-ppc64le-3.7/torch/include/torch/csrc/utils
copying torch/include/torch/csrc/utils/python_tuples.h -> build/lib.linux-ppc64le-3.7/torch/include/torch/csrc/utils
copying torch/include/torch/csrc/utils/structseq.h -> build/lib.linux-ppc64le-3.7/torch/include/torch/csrc/utils
copying torch/include/torch/csrc/utils/python_strings.h -> build/lib.linux-ppc64le-3.7/torch/include/torch/csrc/utils
copying torch/include/torch/csrc/utils/future.h -> build/lib.linux-ppc64le-3.7/torch/include/torch/csrc/utils
copying torch/include/torch/csrc/utils/byte_order.h -> build/lib.linux-ppc64le-3.7/torch/include/torch/csrc/utils
copying torch/include/torch/csrc/utils/numpy_stub.h -> build/lib.linux-ppc64le-3.7/torch/include/torch/csrc/utils
copying torch/include/torch/csrc/utils/init.h -> build/lib.linux-ppc64le-3.7/torch/include/torch/csrc/utils
copying torch/include/torch/csrc/utils/disallow_copy.h -> build/lib.linux-ppc64le-3.7/torch/include/torch/csrc/utils
copying torch/include/torch/csrc/utils/tensor_numpy.h -> build/lib.linux-ppc64le-3.7/torch/include/torch/csrc/utils
copying torch/include/torch/csrc/utils/variadic.h -> build/lib.linux-ppc64le-3.7/torch/include/torch/csrc/utils
copying torch/include/torch/csrc/utils/python_arg_parser.h -> build/lib.linux-ppc64le-3.7/torch/include/torch/csrc/utils
copying torch/include/torch/csrc/utils/tensor_dtypes.h -> build/lib.linux-ppc64le-3.7/torch/include/torch/csrc/utils
copying torch/include/torch/csrc/utils/python_dispatch.h -> build/lib.linux-ppc64le-3.7/torch/include/torch/csrc/utils
copying torch/include/torch/csrc/utils/python_stub.h -> build/lib.linux-ppc64le-3.7/torch/include/torch/csrc/utils
copying torch/include/torch/csrc/utils/tensor_qschemes.h -> build/lib.linux-ppc64le-3.7/torch/include/torch/csrc/utils
copying torch/include/torch/csrc/utils/tensor_memoryformats.h -> build/lib.linux-ppc64le-3.7/torch/include/torch/csrc/utils
copying torch/include/torch/csrc/utils/object_ptr.h -> build/lib.linux-ppc64le-3.7/torch/include/torch/csrc/utils
copying torch/include/torch/csrc/utils/tensor_new.h -> build/lib.linux-ppc64le-3.7/torch/include/torch/csrc/utils
copying torch/include/torch/csrc/utils/python_scalars.h -> build/lib.linux-ppc64le-3.7/torch/include/torch/csrc/utils
copying torch/include/torch/csrc/utils/python_compat.h -> build/lib.linux-ppc64le-3.7/torch/include/torch/csrc/utils
creating build/lib.linux-ppc64le-3.7/torch/include/pybind11
copying torch/include/pybind11/eval.h -> build/lib.linux-ppc64le-3.7/torch/include/pybind11
copying torch/include/pybind11/buffer_info.h -> build/lib.linux-ppc64le-3.7/torch/include/pybind11
copying torch/include/pybind11/attr.h -> build/lib.linux-ppc64le-3.7/torch/include/pybind11
copying torch/include/pybind11/cast.h -> build/lib.linux-ppc64le-3.7/torch/include/pybind11
copying torch/include/pybind11/operators.h -> build/lib.linux-ppc64le-3.7/torch/include/pybind11
copying torch/include/pybind11/iostream.h -> build/lib.linux-ppc64le-3.7/torch/include/pybind11
copying torch/include/pybind11/eigen.h -> build/lib.linux-ppc64le-3.7/torch/include/pybind11
copying torch/include/pybind11/common.h -> build/lib.linux-ppc64le-3.7/torch/include/pybind11
copying torch/include/pybind11/pybind11.h -> build/lib.linux-ppc64le-3.7/torch/include/pybind11
copying torch/include/pybind11/stl.h -> build/lib.linux-ppc64le-3.7/torch/include/pybind11
copying torch/include/pybind11/functional.h -> build/lib.linux-ppc64le-3.7/torch/include/pybind11
copying torch/include/pybind11/pytypes.h -> build/lib.linux-ppc64le-3.7/torch/include/pybind11
copying torch/include/pybind11/chrono.h -> build/lib.linux-ppc64le-3.7/torch/include/pybind11
copying torch/include/pybind11/stl_bind.h -> build/lib.linux-ppc64le-3.7/torch/include/pybind11
copying torch/include/pybind11/complex.h -> build/lib.linux-ppc64le-3.7/torch/include/pybind11
copying torch/include/pybind11/options.h -> build/lib.linux-ppc64le-3.7/torch/include/pybind11
copying torch/include/pybind11/numpy.h -> build/lib.linux-ppc64le-3.7/torch/include/pybind11
copying torch/include/pybind11/embed.h -> build/lib.linux-ppc64le-3.7/torch/include/pybind11
creating build/lib.linux-ppc64le-3.7/torch/include/pybind11/detail
copying torch/include/pybind11/detail/common.h -> build/lib.linux-ppc64le-3.7/torch/include/pybind11/detail
copying torch/include/pybind11/detail/descr.h -> build/lib.linux-ppc64le-3.7/torch/include/pybind11/detail
copying torch/include/pybind11/detail/class.h -> build/lib.linux-ppc64le-3.7/torch/include/pybind11/detail
copying torch/include/pybind11/detail/typeid.h -> build/lib.linux-ppc64le-3.7/torch/include/pybind11/detail
copying torch/include/pybind11/detail/internals.h -> build/lib.linux-ppc64le-3.7/torch/include/pybind11/detail
copying torch/include/pybind11/detail/init.h -> build/lib.linux-ppc64le-3.7/torch/include/pybind11/detail
creating build/lib.linux-ppc64le-3.7/torch/include/TH
copying torch/include/TH/THGenerateComplexFloatType.h -> build/lib.linux-ppc64le-3.7/torch/include/TH
copying torch/include/TH/THGenerateFloatType.h -> build/lib.linux-ppc64le-3.7/torch/include/TH
copying torch/include/TH/THStorage.h -> build/lib.linux-ppc64le-3.7/torch/include/TH
copying torch/include/TH/THGenerateByteType.h -> build/lib.linux-ppc64le-3.7/torch/include/TH
copying torch/include/TH/THVector.h -> build/lib.linux-ppc64le-3.7/torch/include/TH
copying torch/include/TH/THGenerateQTypes.h -> build/lib.linux-ppc64le-3.7/torch/include/TH
copying torch/include/TH/THLapack.h -> build/lib.linux-ppc64le-3.7/torch/include/TH
copying torch/include/TH/THTensor.hpp -> build/lib.linux-ppc64le-3.7/torch/include/TH
copying torch/include/TH/THGenerateIntTypes.h -> build/lib.linux-ppc64le-3.7/torch/include/TH
copying torch/include/TH/THGenerateComplexTypes.h -> build/lib.linux-ppc64le-3.7/torch/include/TH
copying torch/include/TH/THGenerateQInt8Type.h -> build/lib.linux-ppc64le-3.7/torch/include/TH
copying torch/include/TH/THGenerateFloatTypes.h -> build/lib.linux-ppc64le-3.7/torch/include/TH
copying torch/include/TH/THGenerateBoolType.h -> build/lib.linux-ppc64le-3.7/torch/include/TH
copying torch/include/TH/THTensor.h -> build/lib.linux-ppc64le-3.7/torch/include/TH
copying torch/include/TH/THHalf.h -> build/lib.linux-ppc64le-3.7/torch/include/TH
copying torch/include/TH/THTensorDimApply.h -> build/lib.linux-ppc64le-3.7/torch/include/TH
copying torch/include/TH/THGenerateAllTypes.h -> build/lib.linux-ppc64le-3.7/torch/include/TH
copying torch/include/TH/THGenerateHalfType.h -> build/lib.linux-ppc64le-3.7/torch/include/TH
copying torch/include/TH/THGenerateComplexDoubleType.h -> build/lib.linux-ppc64le-3.7/torch/include/TH
copying torch/include/TH/THGenerateQInt32Type.h -> build/lib.linux-ppc64le-3.7/torch/include/TH
copying torch/include/TH/THTensorApply.h -> build/lib.linux-ppc64le-3.7/torch/include/TH
copying torch/include/TH/THStorageFunctions.h -> build/lib.linux-ppc64le-3.7/torch/include/TH
copying torch/include/TH/THStorageFunctions.hpp -> build/lib.linux-ppc64le-3.7/torch/include/TH
copying torch/include/TH/THGenerateDoubleType.h -> build/lib.linux-ppc64le-3.7/torch/include/TH
copying torch/include/TH/THGenerateIntType.h -> build/lib.linux-ppc64le-3.7/torch/include/TH
copying torch/include/TH/THGenerateCharType.h -> build/lib.linux-ppc64le-3.7/torch/include/TH
copying torch/include/TH/THGenerateQUInt8Type.h -> build/lib.linux-ppc64le-3.7/torch/include/TH
copying torch/include/TH/THBlas.h -> build/lib.linux-ppc64le-3.7/torch/include/TH
copying torch/include/TH/THGeneral.h -> build/lib.linux-ppc64le-3.7/torch/include/TH
copying torch/include/TH/THGenerator.hpp -> build/lib.linux-ppc64le-3.7/torch/include/TH
copying torch/include/TH/TH.h -> build/lib.linux-ppc64le-3.7/torch/include/TH
copying torch/include/TH/THGenerateBFloat16Type.h -> build/lib.linux-ppc64le-3.7/torch/include/TH
copying torch/include/TH/THAllocator.h -> build/lib.linux-ppc64le-3.7/torch/include/TH
copying torch/include/TH/THGenerateShortType.h -> build/lib.linux-ppc64le-3.7/torch/include/TH
copying torch/include/TH/THGenerateLongType.h -> build/lib.linux-ppc64le-3.7/torch/include/TH
creating build/lib.linux-ppc64le-3.7/torch/include/TH/generic
copying torch/include/TH/generic/THStorage.h -> build/lib.linux-ppc64le-3.7/torch/include/TH/generic
copying torch/include/TH/generic/THVector.h -> build/lib.linux-ppc64le-3.7/torch/include/TH/generic
copying torch/include/TH/generic/THLapack.h -> build/lib.linux-ppc64le-3.7/torch/include/TH/generic
copying torch/include/TH/generic/THTensor.hpp -> build/lib.linux-ppc64le-3.7/torch/include/TH/generic
copying torch/include/TH/generic/THStorageCopy.h -> build/lib.linux-ppc64le-3.7/torch/include/TH/generic
copying torch/include/TH/generic/THTensor.h -> build/lib.linux-ppc64le-3.7/torch/include/TH/generic
copying torch/include/TH/generic/THTensorLapack.h -> build/lib.linux-ppc64le-3.7/torch/include/TH/generic
copying torch/include/TH/generic/THBlas.h -> build/lib.linux-ppc64le-3.7/torch/include/TH/generic
copying torch/include/TH/generic/THTensorFastGetSet.hpp -> build/lib.linux-ppc64le-3.7/torch/include/TH/generic
copying torch/include/TH/generic/THTensorMath.h -> build/lib.linux-ppc64le-3.7/torch/include/TH/generic
copying torch/include/TH/generic/THTensorRandom.h -> build/lib.linux-ppc64le-3.7/torch/include/TH/generic
creating build/lib.linux-ppc64le-3.7/torch/include/THC
copying torch/include/THC/THCReduce.cuh -> build/lib.linux-ppc64le-3.7/torch/include/THC
copying torch/include/THC/THCDeviceTensor.cuh -> build/lib.linux-ppc64le-3.7/torch/include/THC
copying torch/include/THC/THCTensorMode.cuh -> build/lib.linux-ppc64le-3.7/torch/include/THC
copying torch/include/THC/THCTensorRandom.cuh -> build/lib.linux-ppc64le-3.7/torch/include/THC
copying torch/include/THC/THCTensorSort.cuh -> build/lib.linux-ppc64le-3.7/torch/include/THC
copying torch/include/THC/THCTensorMathReduce.cuh -> build/lib.linux-ppc64le-3.7/torch/include/THC
copying torch/include/THC/THCApply.cuh -> build/lib.linux-ppc64le-3.7/torch/include/THC
copying torch/include/THC/THCAsmUtils.cuh -> build/lib.linux-ppc64le-3.7/torch/include/THC
copying torch/include/THC/THCDeviceUtils.cuh -> build/lib.linux-ppc64le-3.7/torch/include/THC
copying torch/include/THC/THCTensorTopK.cuh -> build/lib.linux-ppc64le-3.7/torch/include/THC
copying torch/include/THC/THCDeviceTensor-inl.cuh -> build/lib.linux-ppc64le-3.7/torch/include/THC
copying torch/include/THC/THCTensorTypeUtils.cuh -> build/lib.linux-ppc64le-3.7/torch/include/THC
copying torch/include/THC/THCDeviceTensorUtils-inl.cuh -> build/lib.linux-ppc64le-3.7/torch/include/THC
copying torch/include/THC/THCScanUtils.cuh -> build/lib.linux-ppc64le-3.7/torch/include/THC
copying torch/include/THC/THCTensorMathPointwise.cuh -> build/lib.linux-ppc64le-3.7/torch/include/THC
copying torch/include/THC/THCThrustAllocator.cuh -> build/lib.linux-ppc64le-3.7/torch/include/THC
copying torch/include/THC/THCDeviceTensorUtils.cuh -> build/lib.linux-ppc64le-3.7/torch/include/THC
copying torch/include/THC/THCTensorInfo.cuh -> build/lib.linux-ppc64le-3.7/torch/include/THC
copying torch/include/THC/THCTensorMathMagma.cuh -> build/lib.linux-ppc64le-3.7/torch/include/THC
copying torch/include/THC/THCIntegerDivider.cuh -> build/lib.linux-ppc64le-3.7/torch/include/THC
copying torch/include/THC/THCNumerics.cuh -> build/lib.linux-ppc64le-3.7/torch/include/THC
copying torch/include/THC/THCSortUtils.cuh -> build/lib.linux-ppc64le-3.7/torch/include/THC
copying torch/include/THC/THCAtomics.cuh -> build/lib.linux-ppc64le-3.7/torch/include/THC
copying torch/include/THC/THCReduceAll.cuh -> build/lib.linux-ppc64le-3.7/torch/include/THC
copying torch/include/THC/THCReduceApplyUtils.cuh -> build/lib.linux-ppc64le-3.7/torch/include/THC
copying torch/include/THC/THCTensor.h -> build/lib.linux-ppc64le-3.7/torch/include/THC
copying torch/include/THC/THCTensorRandom.h -> build/lib.linux-ppc64le-3.7/torch/include/THC
copying torch/include/THC/THCGeneral.hpp -> build/lib.linux-ppc64le-3.7/torch/include/THC
copying torch/include/THC/THCStorage.hpp -> build/lib.linux-ppc64le-3.7/torch/include/THC
copying torch/include/THC/THCGenerateComplexTypes.h -> build/lib.linux-ppc64le-3.7/torch/include/THC
copying torch/include/THC/THCGenerateShortType.h -> build/lib.linux-ppc64le-3.7/torch/include/THC
copying torch/include/THC/THCGenerateFloatType.h -> build/lib.linux-ppc64le-3.7/torch/include/THC
copying torch/include/THC/THCSleep.h -> build/lib.linux-ppc64le-3.7/torch/include/THC
copying torch/include/THC/THCGeneral.h -> build/lib.linux-ppc64le-3.7/torch/include/THC
copying torch/include/THC/THCStorageCopy.h -> build/lib.linux-ppc64le-3.7/torch/include/THC
copying torch/include/THC/THCGenerateAllTypes.h -> build/lib.linux-ppc64le-3.7/torch/include/THC
copying torch/include/THC/THCTensorCopy.hpp -> build/lib.linux-ppc64le-3.7/torch/include/THC
copying torch/include/THC/THCGenerateComplexFloatType.h -> build/lib.linux-ppc64le-3.7/torch/include/THC
copying torch/include/THC/THCCachingHostAllocator.h -> build/lib.linux-ppc64le-3.7/torch/include/THC
copying torch/include/THC/THCGenerateDoubleType.h -> build/lib.linux-ppc64le-3.7/torch/include/THC
copying torch/include/THC/THCTensorMath.h -> build/lib.linux-ppc64le-3.7/torch/include/THC
copying torch/include/THC/THCGenerateCharType.h -> build/lib.linux-ppc64le-3.7/torch/include/THC
copying torch/include/THC/THCGenerateComplexDoubleType.h -> build/lib.linux-ppc64le-3.7/torch/include/THC
copying torch/include/THC/THCAllocator.h -> build/lib.linux-ppc64le-3.7/torch/include/THC
copying torch/include/THC/THCGenerateBoolType.h -> build/lib.linux-ppc64le-3.7/torch/include/THC
copying torch/include/THC/THCGenerateBFloat16Type.h -> build/lib.linux-ppc64le-3.7/torch/include/THC
copying torch/include/THC/THCGenerateLongType.h -> build/lib.linux-ppc64le-3.7/torch/include/THC
copying torch/include/THC/THCGenerateHalfType.h -> build/lib.linux-ppc64le-3.7/torch/include/THC
copying torch/include/THC/THCGenerateIntType.h -> build/lib.linux-ppc64le-3.7/torch/include/THC
copying torch/include/THC/THCTensorCopy.h -> build/lib.linux-ppc64le-3.7/torch/include/THC
copying torch/include/THC/THCTensor.hpp -> build/lib.linux-ppc64le-3.7/torch/include/THC
copying torch/include/THC/THCGenerateByteType.h -> build/lib.linux-ppc64le-3.7/torch/include/THC
copying torch/include/THC/THCBlas.h -> build/lib.linux-ppc64le-3.7/torch/include/THC
copying torch/include/THC/THCGenerateFloatTypes.h -> build/lib.linux-ppc64le-3.7/torch/include/THC
copying torch/include/THC/THC.h -> build/lib.linux-ppc64le-3.7/torch/include/THC
copying torch/include/THC/THCStorage.h -> build/lib.linux-ppc64le-3.7/torch/include/THC
creating build/lib.linux-ppc64le-3.7/torch/include/THC/generic
copying torch/include/THC/generic/THCTensor.h -> build/lib.linux-ppc64le-3.7/torch/include/THC/generic
copying torch/include/THC/generic/THCTensorRandom.h -> build/lib.linux-ppc64le-3.7/torch/include/THC/generic
copying torch/include/THC/generic/THCTensorTopK.h -> build/lib.linux-ppc64le-3.7/torch/include/THC/generic
copying torch/include/THC/generic/THCTensorIndex.h -> build/lib.linux-ppc64le-3.7/torch/include/THC/generic
copying torch/include/THC/generic/THCTensorMathMagma.h -> build/lib.linux-ppc64le-3.7/torch/include/THC/generic
copying torch/include/THC/generic/THCTensorSort.h -> build/lib.linux-ppc64le-3.7/torch/include/THC/generic
copying torch/include/THC/generic/THCStorageCopy.h -> build/lib.linux-ppc64le-3.7/torch/include/THC/generic
copying torch/include/THC/generic/THCTensorMasked.h -> build/lib.linux-ppc64le-3.7/torch/include/THC/generic
copying torch/include/THC/generic/THCTensorMath.h -> build/lib.linux-ppc64le-3.7/torch/include/THC/generic
copying torch/include/THC/generic/THCTensorMathPairwise.h -> build/lib.linux-ppc64le-3.7/torch/include/THC/generic
copying torch/include/THC/generic/THCTensorMode.h -> build/lib.linux-ppc64le-3.7/torch/include/THC/generic
copying torch/include/THC/generic/THCTensorCopy.h -> build/lib.linux-ppc64le-3.7/torch/include/THC/generic
copying torch/include/THC/generic/THCTensorScatterGather.h -> build/lib.linux-ppc64le-3.7/torch/include/THC/generic
copying torch/include/THC/generic/THCTensorMathBlas.h -> build/lib.linux-ppc64le-3.7/torch/include/THC/generic
copying torch/include/THC/generic/THCTensorMathReduce.h -> build/lib.linux-ppc64le-3.7/torch/include/THC/generic
copying torch/include/THC/generic/THCTensorMathPointwise.h -> build/lib.linux-ppc64le-3.7/torch/include/THC/generic
copying torch/include/THC/generic/THCStorage.h -> build/lib.linux-ppc64le-3.7/torch/include/THC/generic
creating build/lib.linux-ppc64le-3.7/torch/include/THCUNN
copying torch/include/THCUNN/THCHalfAutoNumerics.cuh -> build/lib.linux-ppc64le-3.7/torch/include/THCUNN
copying torch/include/THCUNN/SharedMem.cuh -> build/lib.linux-ppc64le-3.7/torch/include/THCUNN
creating build/lib.linux-ppc64le-3.7/torch/include/THCUNN/generic
copying torch/include/THCUNN/generic/THCUNN.h -> build/lib.linux-ppc64le-3.7/torch/include/THCUNN/generic
creating build/lib.linux-ppc64le-3.7/torch/share
creating build/lib.linux-ppc64le-3.7/torch/share/cmake
creating build/lib.linux-ppc64le-3.7/torch/share/cmake/ATen
copying torch/share/cmake/ATen/ATenConfig.cmake -> build/lib.linux-ppc64le-3.7/torch/share/cmake/ATen
creating build/lib.linux-ppc64le-3.7/torch/share/cmake/Caffe2
copying torch/share/cmake/Caffe2/Caffe2ConfigVersion.cmake -> build/lib.linux-ppc64le-3.7/torch/share/cmake/Caffe2
copying torch/share/cmake/Caffe2/Caffe2Targets-release.cmake -> build/lib.linux-ppc64le-3.7/torch/share/cmake/Caffe2
copying torch/share/cmake/Caffe2/Caffe2Targets.cmake -> build/lib.linux-ppc64le-3.7/torch/share/cmake/Caffe2
copying torch/share/cmake/Caffe2/Caffe2Config.cmake -> build/lib.linux-ppc64le-3.7/torch/share/cmake/Caffe2
creating build/lib.linux-ppc64le-3.7/torch/share/cmake/Caffe2/public
copying torch/share/cmake/Caffe2/public/gflags.cmake -> build/lib.linux-ppc64le-3.7/torch/share/cmake/Caffe2/public
copying torch/share/cmake/Caffe2/public/threads.cmake -> build/lib.linux-ppc64le-3.7/torch/share/cmake/Caffe2/public
copying torch/share/cmake/Caffe2/public/utils.cmake -> build/lib.linux-ppc64le-3.7/torch/share/cmake/Caffe2/public
copying torch/share/cmake/Caffe2/public/glog.cmake -> build/lib.linux-ppc64le-3.7/torch/share/cmake/Caffe2/public
copying torch/share/cmake/Caffe2/public/mkldnn.cmake -> build/lib.linux-ppc64le-3.7/torch/share/cmake/Caffe2/public
copying torch/share/cmake/Caffe2/public/cuda.cmake -> build/lib.linux-ppc64le-3.7/torch/share/cmake/Caffe2/public
copying torch/share/cmake/Caffe2/public/protobuf.cmake -> build/lib.linux-ppc64le-3.7/torch/share/cmake/Caffe2/public
copying torch/share/cmake/Caffe2/public/mkl.cmake -> build/lib.linux-ppc64le-3.7/torch/share/cmake/Caffe2/public
creating build/lib.linux-ppc64le-3.7/torch/share/cmake/Caffe2/Modules_CUDA_fix
copying torch/share/cmake/Caffe2/Modules_CUDA_fix/FindCUDA.cmake -> build/lib.linux-ppc64le-3.7/torch/share/cmake/Caffe2/Modules_CUDA_fix
copying torch/share/cmake/Caffe2/Modules_CUDA_fix/FindCUDNN.cmake -> build/lib.linux-ppc64le-3.7/torch/share/cmake/Caffe2/Modules_CUDA_fix
creating build/lib.linux-ppc64le-3.7/torch/share/cmake/Caffe2/Modules_CUDA_fix/upstream
copying torch/share/cmake/Caffe2/Modules_CUDA_fix/upstream/FindPackageMessage.cmake -> build/lib.linux-ppc64le-3.7/torch/share/cmake/Caffe2/Modules_CUDA_fix/upstream
copying torch/share/cmake/Caffe2/Modules_CUDA_fix/upstream/FindCUDA.cmake -> build/lib.linux-ppc64le-3.7/torch/share/cmake/Caffe2/Modules_CUDA_fix/upstream
copying torch/share/cmake/Caffe2/Modules_CUDA_fix/upstream/FindPackageHandleStandardArgs.cmake -> build/lib.linux-ppc64le-3.7/torch/share/cmake/Caffe2/Modules_CUDA_fix/upstream
copying torch/share/cmake/Caffe2/Modules_CUDA_fix/upstream/CMakeInitializeConfigs.cmake -> build/lib.linux-ppc64le-3.7/torch/share/cmake/Caffe2/Modules_CUDA_fix/upstream
creating build/lib.linux-ppc64le-3.7/torch/share/cmake/Caffe2/Modules_CUDA_fix/upstream/FindCUDA
copying torch/share/cmake/Caffe2/Modules_CUDA_fix/upstream/FindCUDA/select_compute_arch.cmake -> build/lib.linux-ppc64le-3.7/torch/share/cmake/Caffe2/Modules_CUDA_fix/upstream/FindCUDA
copying torch/share/cmake/Caffe2/Modules_CUDA_fix/upstream/FindCUDA/make2cmake.cmake -> build/lib.linux-ppc64le-3.7/torch/share/cmake/Caffe2/Modules_CUDA_fix/upstream/FindCUDA
copying torch/share/cmake/Caffe2/Modules_CUDA_fix/upstream/FindCUDA/run_nvcc.cmake -> build/lib.linux-ppc64le-3.7/torch/share/cmake/Caffe2/Modules_CUDA_fix/upstream/FindCUDA
copying torch/share/cmake/Caffe2/Modules_CUDA_fix/upstream/FindCUDA/parse_cubin.cmake -> build/lib.linux-ppc64le-3.7/torch/share/cmake/Caffe2/Modules_CUDA_fix/upstream/FindCUDA
creating build/lib.linux-ppc64le-3.7/torch/share/cmake/Gloo
copying torch/share/cmake/Gloo/GlooTargets.cmake -> build/lib.linux-ppc64le-3.7/torch/share/cmake/Gloo
copying torch/share/cmake/Gloo/GlooConfig.cmake -> build/lib.linux-ppc64le-3.7/torch/share/cmake/Gloo
copying torch/share/cmake/Gloo/GlooTargets-release.cmake -> build/lib.linux-ppc64le-3.7/torch/share/cmake/Gloo
copying torch/share/cmake/Gloo/GlooConfigVersion.cmake -> build/lib.linux-ppc64le-3.7/torch/share/cmake/Gloo
creating build/lib.linux-ppc64le-3.7/torch/share/cmake/Torch
copying torch/share/cmake/Torch/TorchConfigVersion.cmake -> build/lib.linux-ppc64le-3.7/torch/share/cmake/Torch
copying torch/share/cmake/Torch/TorchConfig.cmake -> build/lib.linux-ppc64le-3.7/torch/share/cmake/Torch
creating build/lib.linux-ppc64le-3.7/caffe2/python/serialized_test/data
creating build/lib.linux-ppc64le-3.7/caffe2/python/serialized_test/data/operator_test
copying caffe2/python/serialized_test/data/operator_test/unique_ops_test.test_unique_op.zip -> build/lib.linux-ppc64le-3.7/caffe2/python/serialized_test/data/operator_test
copying caffe2/python/serialized_test/data/operator_test/reduce_ops_test.test_reduce_mean.zip -> build/lib.linux-ppc64le-3.7/caffe2/python/serialized_test/data/operator_test
copying caffe2/python/serialized_test/data/operator_test/margin_ranking_criterion_op_test.test_margin_ranking_criterion.zip -> build/lib.linux-ppc64le-3.7/caffe2/python/serialized_test/data/operator_test
copying caffe2/python/serialized_test/data/operator_test/utility_ops_test.test_sum.zip -> build/lib.linux-ppc64le-3.7/caffe2/python/serialized_test/data/operator_test
copying caffe2/python/serialized_test/data/operator_test/selu_op_test.test_selu_1.zip -> build/lib.linux-ppc64le-3.7/caffe2/python/serialized_test/data/operator_test
copying caffe2/python/serialized_test/data/operator_test/elementwise_logical_ops_test.test_where.zip -> build/lib.linux-ppc64le-3.7/caffe2/python/serialized_test/data/operator_test
copying caffe2/python/serialized_test/data/operator_test/gather_ops_test.test_gather_ops.zip -> build/lib.linux-ppc64le-3.7/caffe2/python/serialized_test/data/operator_test
copying caffe2/python/serialized_test/data/operator_test/reduction_ops_test.test_elementwise_sum.zip -> build/lib.linux-ppc64le-3.7/caffe2/python/serialized_test/data/operator_test
copying caffe2/python/serialized_test/data/operator_test/sparse_ops_test.testScatterWeightedSum.zip -> build/lib.linux-ppc64le-3.7/caffe2/python/serialized_test/data/operator_test
copying caffe2/python/serialized_test/data/operator_test/activation_ops_test.test_relu_n.zip -> build/lib.linux-ppc64le-3.7/caffe2/python/serialized_test/data/operator_test
copying caffe2/python/serialized_test/data/operator_test/reduce_ops_test.test_reduce_back_max.zip -> build/lib.linux-ppc64le-3.7/caffe2/python/serialized_test/data/operator_test
copying caffe2/python/serialized_test/data/operator_test/upsample_op_test.test_upsample.zip -> build/lib.linux-ppc64le-3.7/caffe2/python/serialized_test/data/operator_test
copying caffe2/python/serialized_test/data/operator_test/adagrad_test.test_adagrad.zip -> build/lib.linux-ppc64le-3.7/caffe2/python/serialized_test/data/operator_test
copying caffe2/python/serialized_test/data/operator_test/mean_op_test.test_mean.zip -> build/lib.linux-ppc64le-3.7/caffe2/python/serialized_test/data/operator_test
copying caffe2/python/serialized_test/data/operator_test/elementwise_logical_ops_test.test_is_member_of.zip -> build/lib.linux-ppc64le-3.7/caffe2/python/serialized_test/data/operator_test
copying caffe2/python/serialized_test/data/operator_test/lengths_pad_op_test.test_lengths_pad.zip -> build/lib.linux-ppc64le-3.7/caffe2/python/serialized_test/data/operator_test
copying caffe2/python/serialized_test/data/operator_test/trigonometric_op_test.test_asin.zip -> build/lib.linux-ppc64le-3.7/caffe2/python/serialized_test/data/operator_test
copying caffe2/python/serialized_test/data/operator_test/sinusoid_position_encoding_op_test.test_sinusoid_embedding.zip -> build/lib.linux-ppc64le-3.7/caffe2/python/serialized_test/data/operator_test
copying caffe2/python/serialized_test/data/operator_test/upsample_op_test.test_upsample_grad.zip -> build/lib.linux-ppc64le-3.7/caffe2/python/serialized_test/data/operator_test
copying caffe2/python/serialized_test/data/operator_test/utility_ops_test.test_elementwise_min.zip -> build/lib.linux-ppc64le-3.7/caffe2/python/serialized_test/data/operator_test
copying caffe2/python/serialized_test/data/operator_test/utility_ops_test.test_lengths_gather.zip -> build/lib.linux-ppc64le-3.7/caffe2/python/serialized_test/data/operator_test
copying caffe2/python/serialized_test/data/operator_test/wngrad_test.test_wngrad_dense_base.zip -> build/lib.linux-ppc64le-3.7/caffe2/python/serialized_test/data/operator_test
copying caffe2/python/serialized_test/data/operator_test/activation_ops_test.test_relu.zip -> build/lib.linux-ppc64le-3.7/caffe2/python/serialized_test/data/operator_test
copying caffe2/python/serialized_test/data/operator_test/utility_ops_test.test_elementwise_min_grad.zip -> build/lib.linux-ppc64le-3.7/caffe2/python/serialized_test/data/operator_test
copying caffe2/python/serialized_test/data/operator_test/piecewise_linear_transform_test.test_multi_predictions_params_from_arg.zip -> build/lib.linux-ppc64le-3.7/caffe2/python/serialized_test/data/operator_test
copying caffe2/python/serialized_test/data/operator_test/utility_ops_test.test_elementwise_max.zip -> build/lib.linux-ppc64le-3.7/caffe2/python/serialized_test/data/operator_test
copying caffe2/python/serialized_test/data/operator_test/hyperbolic_ops_test.test_cosh.zip -> build/lib.linux-ppc64le-3.7/caffe2/python/serialized_test/data/operator_test
copying caffe2/python/serialized_test/data/operator_test/learning_rate_adaption_op_test.test_learning_rate_adaption_op_normalization.zip -> build/lib.linux-ppc64le-3.7/caffe2/python/serialized_test/data/operator_test
copying caffe2/python/serialized_test/data/operator_test/collect_and_distribute_fpn_rpn_proposals_op_test.test_collect_and_dist.zip -> build/lib.linux-ppc64le-3.7/caffe2/python/serialized_test/data/operator_test
copying caffe2/python/serialized_test/data/operator_test/sequence_ops_test.test_reverse_packed_segs.zip -> build/lib.linux-ppc64le-3.7/caffe2/python/serialized_test/data/operator_test
copying caffe2/python/serialized_test/data/operator_test/gather_ranges_op_test.test_gather_ranges.zip -> build/lib.linux-ppc64le-3.7/caffe2/python/serialized_test/data/operator_test
copying caffe2/python/serialized_test/data/operator_test/one_hot_ops_test.test_batch_bucketized_one_hot.zip -> build/lib.linux-ppc64le-3.7/caffe2/python/serialized_test/data/operator_test
copying caffe2/python/serialized_test/data/operator_test/thresholded_relu_op_test.test_thresholded_relu_1.zip -> build/lib.linux-ppc64le-3.7/caffe2/python/serialized_test/data/operator_test
copying caffe2/python/serialized_test/data/operator_test/sequence_ops_test.test_remove_data_blocks.zip -> build/lib.linux-ppc64le-3.7/caffe2/python/serialized_test/data/operator_test
copying caffe2/python/serialized_test/data/operator_test/pack_ops_test.test_pack_with_max_length_ops.zip -> build/lib.linux-ppc64le-3.7/caffe2/python/serialized_test/data/operator_test
copying caffe2/python/serialized_test/data/operator_test/one_hot_ops_test.test_one_hot.zip -> build/lib.linux-ppc64le-3.7/caffe2/python/serialized_test/data/operator_test
copying caffe2/python/serialized_test/data/operator_test/find_op_test.test_find.zip -> build/lib.linux-ppc64le-3.7/caffe2/python/serialized_test/data/operator_test
copying caffe2/python/serialized_test/data/operator_test/erf_op_test.test_erf.zip -> build/lib.linux-ppc64le-3.7/caffe2/python/serialized_test/data/operator_test
copying caffe2/python/serialized_test/data/operator_test/numpy_tile_op_test.test_numpy_tile.zip -> build/lib.linux-ppc64le-3.7/caffe2/python/serialized_test/data/operator_test
copying caffe2/python/serialized_test/data/operator_test/sequence_ops_test.test_add_padding.zip -> build/lib.linux-ppc64le-3.7/caffe2/python/serialized_test/data/operator_test
copying caffe2/python/serialized_test/data/operator_test/reduce_ops_test.test_reduce_min.zip -> build/lib.linux-ppc64le-3.7/caffe2/python/serialized_test/data/operator_test
copying caffe2/python/serialized_test/data/operator_test/string_ops_test.test_string_ends_with.zip -> build/lib.linux-ppc64le-3.7/caffe2/python/serialized_test/data/operator_test
copying caffe2/python/serialized_test/data/operator_test/reduction_ops_test.test_elementwise_int_sum.zip -> build/lib.linux-ppc64le-3.7/caffe2/python/serialized_test/data/operator_test
copying caffe2/python/serialized_test/data/operator_test/adadelta_test.test_adadelta.zip -> build/lib.linux-ppc64le-3.7/caffe2/python/serialized_test/data/operator_test
copying caffe2/python/serialized_test/data/operator_test/filler_ops_test.test_lengths_range_fill.zip -> build/lib.linux-ppc64le-3.7/caffe2/python/serialized_test/data/operator_test
copying caffe2/python/serialized_test/data/operator_test/batch_box_cox_test.test_batch_box_cox.zip -> build/lib.linux-ppc64le-3.7/caffe2/python/serialized_test/data/operator_test
copying caffe2/python/serialized_test/data/operator_test/concat_split_op_test.test_concat.zip -> build/lib.linux-ppc64le-3.7/caffe2/python/serialized_test/data/operator_test
copying caffe2/python/serialized_test/data/operator_test/affine_channel_op_test.test_affine_channel_2d.zip -> build/lib.linux-ppc64le-3.7/caffe2/python/serialized_test/data/operator_test
copying caffe2/python/serialized_test/data/operator_test/reduction_ops_test.test_elementwise_sqrsum.zip -> build/lib.linux-ppc64le-3.7/caffe2/python/serialized_test/data/operator_test
copying caffe2/python/serialized_test/data/operator_test/locally_connected_op_test.test_lc_2d.zip -> build/lib.linux-ppc64le-3.7/caffe2/python/serialized_test/data/operator_test
copying caffe2/python/serialized_test/data/operator_test/learning_rate_op_test.test_alter_learning_rate_op.zip -> build/lib.linux-ppc64le-3.7/caffe2/python/serialized_test/data/operator_test
copying caffe2/python/serialized_test/data/operator_test/box_with_nms_limit_op_test.test_simple.zip -> build/lib.linux-ppc64le-3.7/caffe2/python/serialized_test/data/operator_test
copying caffe2/python/serialized_test/data/operator_test/utility_ops_test.test_elementwise_max_grad.zip -> build/lib.linux-ppc64le-3.7/caffe2/python/serialized_test/data/operator_test
copying caffe2/python/serialized_test/data/operator_test/channel_shuffle_test.test_channel_shuffle.zip -> build/lib.linux-ppc64le-3.7/caffe2/python/serialized_test/data/operator_test
copying caffe2/python/serialized_test/data/operator_test/matmul_op_test.test_batch_matmul.zip -> build/lib.linux-ppc64le-3.7/caffe2/python/serialized_test/data/operator_test
copying caffe2/python/serialized_test/data/operator_test/integral_image_ops_test.test_integral_image_gradient_ops.zip -> build/lib.linux-ppc64le-3.7/caffe2/python/serialized_test/data/operator_test
copying caffe2/python/serialized_test/data/operator_test/reduce_ops_test.test_reduce_l2.zip -> build/lib.linux-ppc64le-3.7/caffe2/python/serialized_test/data/operator_test
copying caffe2/python/serialized_test/data/operator_test/recurrent_network_test.test_mul.zip -> build/lib.linux-ppc64le-3.7/caffe2/python/serialized_test/data/operator_test
copying caffe2/python/serialized_test/data/operator_test/reduce_ops_test.test_reduce_back_mean.zip -> build/lib.linux-ppc64le-3.7/caffe2/python/serialized_test/data/operator_test
copying caffe2/python/serialized_test/data/operator_test/math_ops_test.test_sign.zip -> build/lib.linux-ppc64le-3.7/caffe2/python/serialized_test/data/operator_test
copying caffe2/python/serialized_test/data/operator_test/trigonometric_op_test.test_acos.zip -> build/lib.linux-ppc64le-3.7/caffe2/python/serialized_test/data/operator_test
copying caffe2/python/serialized_test/data/operator_test/gru_test.test_gru_unit_op.zip -> build/lib.linux-ppc64le-3.7/caffe2/python/serialized_test/data/operator_test
copying caffe2/python/serialized_test/data/operator_test/channel_stats_op_test.test_channel_stats_3d.zip -> build/lib.linux-ppc64le-3.7/caffe2/python/serialized_test/data/operator_test
copying caffe2/python/serialized_test/data/operator_test/distance_op_test.test_dot_product.zip -> build/lib.linux-ppc64le-3.7/caffe2/python/serialized_test/data/operator_test
copying caffe2/python/serialized_test/data/operator_test/length_split_op_test.test_length_split_edge.zip -> build/lib.linux-ppc64le-3.7/caffe2/python/serialized_test/data/operator_test
copying caffe2/python/serialized_test/data/operator_test/negate_gradient_op_test.test_forward.zip -> build/lib.linux-ppc64le-3.7/caffe2/python/serialized_test/data/operator_test
copying caffe2/python/serialized_test/data/operator_test/sparse_ops_test.testScatterAssign.zip -> build/lib.linux-ppc64le-3.7/caffe2/python/serialized_test/data/operator_test
copying caffe2/python/serialized_test/data/operator_test/trigonometric_op_test.test_atan.zip -> build/lib.linux-ppc64le-3.7/caffe2/python/serialized_test/data/operator_test
copying caffe2/python/serialized_test/data/operator_test/floor_op_test.test_floor.zip -> build/lib.linux-ppc64le-3.7/caffe2/python/serialized_test/data/operator_test
copying caffe2/python/serialized_test/data/operator_test/flexible_top_k_test.test_flexible_top_k.zip -> build/lib.linux-ppc64le-3.7/caffe2/python/serialized_test/data/operator_test
copying caffe2/python/serialized_test/data/operator_test/sequence_ops_test.test_find_duplicate_elements.zip -> build/lib.linux-ppc64le-3.7/caffe2/python/serialized_test/data/operator_test
copying caffe2/python/serialized_test/data/operator_test/conv_test.test_1x1_conv.zip -> build/lib.linux-ppc64le-3.7/caffe2/python/serialized_test/data/operator_test
copying caffe2/python/serialized_test/data/operator_test/one_hot_ops_test.test_batch_one_hot.zip -> build/lib.linux-ppc64le-3.7/caffe2/python/serialized_test/data/operator_test
copying caffe2/python/serialized_test/data/operator_test/filler_ops_test.test_diagonal_fill_op_float.zip -> build/lib.linux-ppc64le-3.7/caffe2/python/serialized_test/data/operator_test
copying caffe2/python/serialized_test/data/operator_test/channel_stats_op_test.testChannelStats.zip -> build/lib.linux-ppc64le-3.7/caffe2/python/serialized_test/data/operator_test
copying caffe2/python/serialized_test/data/operator_test/boolean_mask_test.test_boolean_mask.zip -> build/lib.linux-ppc64le-3.7/caffe2/python/serialized_test/data/operator_test
copying caffe2/python/serialized_test/data/operator_test/integral_image_ops_test.test_integral_image_ops.zip -> build/lib.linux-ppc64le-3.7/caffe2/python/serialized_test/data/operator_test
copying caffe2/python/serialized_test/data/operator_test/expand_op_test.test_expand_rand_shape.zip -> build/lib.linux-ppc64le-3.7/caffe2/python/serialized_test/data/operator_test
copying caffe2/python/serialized_test/data/operator_test/pack_rnn_sequence_op_test.test_unpack_rnn_seqence.zip -> build/lib.linux-ppc64le-3.7/caffe2/python/serialized_test/data/operator_test
copying caffe2/python/serialized_test/data/operator_test/top_k_test.test_top_k.zip -> build/lib.linux-ppc64le-3.7/caffe2/python/serialized_test/data/operator_test
copying caffe2/python/serialized_test/data/operator_test/utility_ops_test.test_transpose.zip -> build/lib.linux-ppc64le-3.7/caffe2/python/serialized_test/data/operator_test
copying caffe2/python/serialized_test/data/operator_test/utility_ops_test.test_nan_check.zip -> build/lib.linux-ppc64le-3.7/caffe2/python/serialized_test/data/operator_test
copying caffe2/python/serialized_test/data/operator_test/batch_bucketize_op_test.test_batch_bucketize_example.zip -> build/lib.linux-ppc64le-3.7/caffe2/python/serialized_test/data/operator_test
copying caffe2/python/serialized_test/data/operator_test/elementwise_linear_op_test.test.zip -> build/lib.linux-ppc64le-3.7/caffe2/python/serialized_test/data/operator_test
copying caffe2/python/serialized_test/data/operator_test/adagrad_test.test_sparse_adagrad_empty.zip -> build/lib.linux-ppc64le-3.7/caffe2/python/serialized_test/data/operator_test
copying caffe2/python/serialized_test/data/operator_test/softmax_ops_test.test_softmax_with_loss.zip -> build/lib.linux-ppc64le-3.7/caffe2/python/serialized_test/data/operator_test
copying caffe2/python/serialized_test/data/operator_test/tile_op_test.test_tile.zip -> build/lib.linux-ppc64le-3.7/caffe2/python/serialized_test/data/operator_test
copying caffe2/python/serialized_test/data/operator_test/weighted_sum_test.test_weighted_sum.zip -> build/lib.linux-ppc64le-3.7/caffe2/python/serialized_test/data/operator_test
copying caffe2/python/serialized_test/data/operator_test/boolean_unmask_test.test.zip -> build/lib.linux-ppc64le-3.7/caffe2/python/serialized_test/data/operator_test
copying caffe2/python/serialized_test/data/operator_test/string_ops_test.test_string_starts_with.zip -> build/lib.linux-ppc64le-3.7/caffe2/python/serialized_test/data/operator_test
copying caffe2/python/serialized_test/data/operator_test/activation_ops_test.test_elu.zip -> build/lib.linux-ppc64le-3.7/caffe2/python/serialized_test/data/operator_test
copying caffe2/python/serialized_test/data/operator_test/moments_op_test.test_moments.zip -> build/lib.linux-ppc64le-3.7/caffe2/python/serialized_test/data/operator_test
copying caffe2/python/serialized_test/data/operator_test/arg_ops_test.test_argmin.zip -> build/lib.linux-ppc64le-3.7/caffe2/python/serialized_test/data/operator_test
copying caffe2/python/serialized_test/data/operator_test/softmax_ops_test.test_softmax_grad.zip -> build/lib.linux-ppc64le-3.7/caffe2/python/serialized_test/data/operator_test
copying caffe2/python/serialized_test/data/operator_test/reduce_ops_test.test_reduce_max.zip -> build/lib.linux-ppc64le-3.7/caffe2/python/serialized_test/data/operator_test
copying caffe2/python/serialized_test/data/operator_test/gather_ops_test.test_batch_gather_ops.zip -> build/lib.linux-ppc64le-3.7/caffe2/python/serialized_test/data/operator_test
copying caffe2/python/serialized_test/data/operator_test/reduce_ops_test.test_reduce_front_sum.zip -> build/lib.linux-ppc64le-3.7/caffe2/python/serialized_test/data/operator_test
copying caffe2/python/serialized_test/data/operator_test/clip_tensor_op_test.test_clip_tensor_by_scaling.zip -> build/lib.linux-ppc64le-3.7/caffe2/python/serialized_test/data/operator_test
copying caffe2/python/serialized_test/data/operator_test/ctc_beam_search_decoder_op_test.test_ctc_beam_search_decoder.zip -> build/lib.linux-ppc64le-3.7/caffe2/python/serialized_test/data/operator_test
copying caffe2/python/serialized_test/data/operator_test/glu_op_test.test_glu_old.zip -> build/lib.linux-ppc64le-3.7/caffe2/python/serialized_test/data/operator_test
copying caffe2/python/serialized_test/data/operator_test/reduce_ops_test.test_reduce_front_max.zip -> build/lib.linux-ppc64le-3.7/caffe2/python/serialized_test/data/operator_test
copying caffe2/python/serialized_test/data/operator_test/instance_norm_test.test_instance_norm_reference_check.zip -> build/lib.linux-ppc64le-3.7/caffe2/python/serialized_test/data/operator_test
copying caffe2/python/serialized_test/data/operator_test/adadelta_test.test_sparse_adadelta_empty.zip -> build/lib.linux-ppc64le-3.7/caffe2/python/serialized_test/data/operator_test
copying caffe2/python/serialized_test/data/operator_test/onnx_while_test.test_onnx_while_fibb.zip -> build/lib.linux-ppc64le-3.7/caffe2/python/serialized_test/data/operator_test
copying caffe2/python/serialized_test/data/operator_test/hyperbolic_ops_test.test_sinh.zip -> build/lib.linux-ppc64le-3.7/caffe2/python/serialized_test/data/operator_test
copying caffe2/python/serialized_test/data/operator_test/channel_backprop_stats_op_test.testChannelBackpropStats.zip -> build/lib.linux-ppc64le-3.7/caffe2/python/serialized_test/data/operator_test
copying caffe2/python/serialized_test/data/operator_test/utility_ops_test.test_slice.zip -> build/lib.linux-ppc64le-3.7/caffe2/python/serialized_test/data/operator_test
copying caffe2/python/serialized_test/data/operator_test/reduction_ops_test.test_rowwise_max.zip -> build/lib.linux-ppc64le-3.7/caffe2/python/serialized_test/data/operator_test
copying caffe2/python/serialized_test/data/operator_test/sequence_ops_test.test_gather_padding.zip -> build/lib.linux-ppc64le-3.7/caffe2/python/serialized_test/data/operator_test
copying caffe2/python/serialized_test/data/operator_test/one_hot_ops_test.test_segment_one_hot.zip -> build/lib.linux-ppc64le-3.7/caffe2/python/serialized_test/data/operator_test
copying caffe2/python/serialized_test/data/operator_test/index_hash_ops_test.test_index_hash_ops.zip -> build/lib.linux-ppc64le-3.7/caffe2/python/serialized_test/data/operator_test
copying caffe2/python/serialized_test/data/operator_test/trigonometric_op_test.test_tan.zip -> build/lib.linux-ppc64le-3.7/caffe2/python/serialized_test/data/operator_test
copying caffe2/python/serialized_test/data/operator_test/square_root_divide_op_test.test_square_root_divide.zip -> build/lib.linux-ppc64le-3.7/caffe2/python/serialized_test/data/operator_test
copying caffe2/python/serialized_test/data/operator_test/transpose_op_test.test_transpose.zip -> build/lib.linux-ppc64le-3.7/caffe2/python/serialized_test/data/operator_test
copying caffe2/python/serialized_test/data/operator_test/elementwise_op_broadcast_test.test_broadcast_powt.zip -> build/lib.linux-ppc64le-3.7/caffe2/python/serialized_test/data/operator_test
copying caffe2/python/serialized_test/data/operator_test/arg_ops_test.test_argmax.zip -> build/lib.linux-ppc64le-3.7/caffe2/python/serialized_test/data/operator_test
copying caffe2/python/serialized_test/data/operator_test/batch_moments_op_test.test_batch_moments_2d.zip -> build/lib.linux-ppc64le-3.7/caffe2/python/serialized_test/data/operator_test
copying caffe2/python/serialized_test/data/operator_test/conditional_test.test_conditional.zip -> build/lib.linux-ppc64le-3.7/caffe2/python/serialized_test/data/operator_test
copying caffe2/python/serialized_test/data/operator_test/utility_ops_test.test_size_op.zip -> build/lib.linux-ppc64le-3.7/caffe2/python/serialized_test/data/operator_test
copying caffe2/python/serialized_test/data/operator_test/group_norm_op_test.test_group_norm_2d.zip -> build/lib.linux-ppc64le-3.7/caffe2/python/serialized_test/data/operator_test
copying caffe2/python/serialized_test/data/operator_test/channel_stats_op_test.test_channel_stats_2d.zip -> build/lib.linux-ppc64le-3.7/caffe2/python/serialized_test/data/operator_test
copying caffe2/python/serialized_test/data/operator_test/ceil_op_test.test_ceil.zip -> build/lib.linux-ppc64le-3.7/caffe2/python/serialized_test/data/operator_test
copying caffe2/python/serialized_test/data/operator_test/layer_norm_op_test.test_layer_norm_grad_op.zip -> build/lib.linux-ppc64le-3.7/caffe2/python/serialized_test/data/operator_test
copying caffe2/python/serialized_test/data/operator_test/jsd_ops_test.test_bernoulli_jsd.zip -> build/lib.linux-ppc64le-3.7/caffe2/python/serialized_test/data/operator_test
copying caffe2/python/serialized_test/data/operator_test/momentum_sgd_test.test_momentum_sgd.zip -> build/lib.linux-ppc64le-3.7/caffe2/python/serialized_test/data/operator_test
copying caffe2/python/serialized_test/data/operator_test/concat_split_op_test.test_split.zip -> build/lib.linux-ppc64le-3.7/caffe2/python/serialized_test/data/operator_test
copying caffe2/python/serialized_test/data/operator_test/ctc_greedy_decoder_op_test.test_ctc_greedy_decoder.zip -> build/lib.linux-ppc64le-3.7/caffe2/python/serialized_test/data/operator_test
copying caffe2/python/serialized_test/data/operator_test/reduction_ops_test.test_columnwise_max.zip -> build/lib.linux-ppc64le-3.7/caffe2/python/serialized_test/data/operator_test
copying caffe2/python/serialized_test/data/operator_test/bbox_transform_test.test_bbox_transform.zip -> build/lib.linux-ppc64le-3.7/caffe2/python/serialized_test/data/operator_test
copying caffe2/python/serialized_test/data/operator_test/clip_op_test.test_clip.zip -> build/lib.linux-ppc64le-3.7/caffe2/python/serialized_test/data/operator_test
copying caffe2/python/serialized_test/data/operator_test/hyperbolic_ops_test.test_tanh.zip -> build/lib.linux-ppc64le-3.7/caffe2/python/serialized_test/data/operator_test
copying caffe2/python/serialized_test/data/operator_test/boolean_mask_test.test_sequence_mask_with_lengths.zip -> build/lib.linux-ppc64le-3.7/caffe2/python/serialized_test/data/operator_test
copying caffe2/python/serialized_test/data/operator_test/matmul_op_test.test_numpy_batch_matmul.zip -> build/lib.linux-ppc64le-3.7/caffe2/python/serialized_test/data/operator_test
copying caffe2/python/serialized_test/data/operator_test/reduce_ops_test.test_reduce_front_mean.zip -> build/lib.linux-ppc64le-3.7/caffe2/python/serialized_test/data/operator_test
copying caffe2/python/serialized_test/data/operator_test/concat_split_op_test.test_split_by_lengths.zip -> build/lib.linux-ppc64le-3.7/caffe2/python/serialized_test/data/operator_test
copying caffe2/python/serialized_test/data/operator_test/dropout_op_test.test_dropout_is_test.zip -> build/lib.linux-ppc64le-3.7/caffe2/python/serialized_test/data/operator_test
copying caffe2/python/serialized_test/data/operator_test/lengths_top_k_ops_test.test_lengths_top_k_op.zip -> build/lib.linux-ppc64le-3.7/caffe2/python/serialized_test/data/operator_test
copying caffe2/python/serialized_test/data/operator_test/momentum_sgd_test.test_sparse_momentum_sgd.zip -> build/lib.linux-ppc64le-3.7/caffe2/python/serialized_test/data/operator_test
copying caffe2/python/serialized_test/data/operator_test/merge_id_lists_op_test.test_merge_id_lists_op.zip -> build/lib.linux-ppc64le-3.7/caffe2/python/serialized_test/data/operator_test
copying caffe2/python/serialized_test/data/operator_test/rank_loss_operator_test.test_pair_wise_loss_batch.zip -> build/lib.linux-ppc64le-3.7/caffe2/python/serialized_test/data/operator_test
copying caffe2/python/serialized_test/data/operator_test/gather_ranges_op_test.test_gather_ranges_split.zip -> build/lib.linux-ppc64le-3.7/caffe2/python/serialized_test/data/operator_test
copying caffe2/python/serialized_test/data/operator_test/softmax_ops_test.test_softmax.zip -> build/lib.linux-ppc64le-3.7/caffe2/python/serialized_test/data/operator_test
copying caffe2/python/serialized_test/data/operator_test/loss_ops_test.test_averaged_loss.zip -> build/lib.linux-ppc64le-3.7/caffe2/python/serialized_test/data/operator_test
copying caffe2/python/serialized_test/data/operator_test/fc_operator_test.test_fc.zip -> build/lib.linux-ppc64le-3.7/caffe2/python/serialized_test/data/operator_test
copying caffe2/python/serialized_test/data/operator_test/spatial_bn_op_test.test_spatialbn_test_mode_3d.zip -> build/lib.linux-ppc64le-3.7/caffe2/python/serialized_test/data/operator_test
copying caffe2/python/serialized_test/data/operator_test/cosine_embedding_criterion_op_test.test_cosine_embedding_criterion.zip -> build/lib.linux-ppc64le-3.7/caffe2/python/serialized_test/data/operator_test
copying caffe2/python/serialized_test/data/operator_test/batch_sparse_to_dense_op_test.test_batch_sparse_to_dense.zip -> build/lib.linux-ppc64le-3.7/caffe2/python/serialized_test/data/operator_test
copying caffe2/python/serialized_test/data/operator_test/matmul_op_test.test_matmul.zip -> build/lib.linux-ppc64le-3.7/caffe2/python/serialized_test/data/operator_test
copying caffe2/python/serialized_test/data/operator_test/utility_ops_test.test_lengths_to_ranges.zip -> build/lib.linux-ppc64le-3.7/caffe2/python/serialized_test/data/operator_test
copying caffe2/python/serialized_test/data/operator_test/adagrad_test.test_row_wise_sparse_adagrad_empty.zip -> build/lib.linux-ppc64le-3.7/caffe2/python/serialized_test/data/operator_test
copying caffe2/python/serialized_test/data/operator_test/activation_ops_test.test_leaky_relu.zip -> build/lib.linux-ppc64le-3.7/caffe2/python/serialized_test/data/operator_test
copying caffe2/python/serialized_test/data/operator_test/lengths_tile_op_test.test_lengths_tile.zip -> build/lib.linux-ppc64le-3.7/caffe2/python/serialized_test/data/operator_test
copying caffe2/python/serialized_test/data/operator_test/wngrad_test.test_sparse_wngrad_empty.zip -> build/lib.linux-ppc64le-3.7/caffe2/python/serialized_test/data/operator_test
copying caffe2/python/serialized_test/data/operator_test/pack_rnn_sequence_op_test.test_pack_rnn_seqence.zip -> build/lib.linux-ppc64le-3.7/caffe2/python/serialized_test/data/operator_test
copying caffe2/python/serialized_test/data/operator_test/pad_test.test_crop.zip -> build/lib.linux-ppc64le-3.7/caffe2/python/serialized_test/data/operator_test
copying caffe2/python/serialized_test/data/operator_test/softmax_ops_test.test_spatial_softmax_with_loss.zip -> build/lib.linux-ppc64le-3.7/caffe2/python/serialized_test/data/operator_test
running build_ext
-- Building with NumPy bindings
-- Detected cuDNN at /rds/bear-apps/2019b/EL7-power9/software/cuDNN/7.6.4.38-gcccuda-2019b/lib, /rds/bear-apps/2019b/EL7-power9/software/cuDNN/7.6.4.38-gcccuda-2019b/include
-- Detected CUDA at /rds/bear-apps/2019b/EL7-power9/software/CUDA/10.1.243-GCC-8.3.0
-- Not using MKLDNN
-- Building NCCL library
-- Building with distributed package

Copying extension caffe2.python.caffe2_pybind11_state
Copying caffe2.python.caffe2_pybind11_state from torch/lib/python3.7/site-packages/caffe2/python/caffe2_pybind11_state.cpython-37m-powerpc64le-linux-gnu.so to /castles/nr/projects/d/duanj-ai-in-medical-imaging/.share/download/t1/pytorch/build/lib.linux-ppc64le-3.7/caffe2/python/caffe2_pybind11_state.cpython-37m-powerpc64le-linux-gnu.so
copying torch/lib/python3.7/site-packages/caffe2/python/caffe2_pybind11_state.cpython-37m-powerpc64le-linux-gnu.so -> /castles/nr/projects/d/duanj-ai-in-medical-imaging/.share/download/t1/pytorch/build/lib.linux-ppc64le-3.7/caffe2/python

Copying extension caffe2.python.caffe2_pybind11_state_gpu
Copying caffe2.python.caffe2_pybind11_state_gpu from torch/lib/python3.7/site-packages/caffe2/python/caffe2_pybind11_state_gpu.cpython-37m-powerpc64le-linux-gnu.so to /castles/nr/projects/d/duanj-ai-in-medical-imaging/.share/download/t1/pytorch/build/lib.linux-ppc64le-3.7/caffe2/python/caffe2_pybind11_state_gpu.cpython-37m-powerpc64le-linux-gnu.so
copying torch/lib/python3.7/site-packages/caffe2/python/caffe2_pybind11_state_gpu.cpython-37m-powerpc64le-linux-gnu.so -> /castles/nr/projects/d/duanj-ai-in-medical-imaging/.share/download/t1/pytorch/build/lib.linux-ppc64le-3.7/caffe2/python
building 'torch._C' extension
creating build/temp.linux-ppc64le-3.7
creating build/temp.linux-ppc64le-3.7/torch
creating build/temp.linux-ppc64le-3.7/torch/csrc
gcc -Wno-unused-result -Wsign-compare -DNDEBUG -g -fwrapv -O3 -Wall -O2 -ftree-vectorize -mcpu=native -fno-math-errno -fPIC -O2 -ftree-vectorize -mcpu=native -fno-math-errno -fPIC -fPIC -I/rds/bear-apps/2019b/EL7-power9/software/Python/3.7.4-GCCcore-8.3.0/include/python3.7m -c torch/csrc/stub.c -o build/temp.linux-ppc64le-3.7/torch/csrc/stub.o -Wall -Wextra -Wno-strict-overflow -Wno-unused-parameter -Wno-missing-field-initializers -Wno-write-strings -Wno-unknown-pragmas -Wno-deprecated-declarations -fno-strict-aliasing -Wno-missing-braces
gcc -shared -L/rds/bear-apps/2019b/EL7-power9/software/libffi/3.2.1-GCCcore-8.3.0/lib64 -L/rds/bear-apps/2019b/EL7-power9/software/libffi/3.2.1-GCCcore-8.3.0/lib -L/rds/bear-apps/2019b/EL7-power9/software/GMP/6.1.2-GCCcore-8.3.0/lib -L/rds/bear-apps/2019b/EL7-power9/software/XZ/5.2.4-GCCcore-8.3.0/lib -L/rds/bear-apps/2019b/EL7-power9/software/SQLite/3.29.0-GCCcore-8.3.0/lib -L/rds/bear-apps/2019b/EL7-power9/software/ncurses/6.1-GCCcore-8.3.0/lib -L/rds/bear-apps/2019b/EL7-power9/software/libreadline/8.0-GCCcore-8.3.0/lib -L/rds/bear-apps/2019b/EL7-power9/software/zlib/1.2.11-GCCcore-8.3.0/lib -L/rds/bear-apps/2019b/EL7-power9/software/bzip2/1.0.8-GCCcore-8.3.0/lib -L/rds/bear-apps/2019b/EL7-power9/software/binutils/2.32-GCCcore-8.3.0/lib -L/rds/bear-apps/2019b/EL7-power9/software/GCCcore/8.3.0/lib64 -L/rds/bear-apps/2019b/EL7-power9/software/GCCcore/8.3.0/lib -L/rds/bear-apps/2019b/EL7-power9/software/libffi/3.2.1-GCCcore-8.3.0/lib64 -L/rds/bear-apps/2019b/EL7-power9/software/libffi/3.2.1-GCCcore-8.3.0/lib -L/rds/bear-apps/2019b/EL7-power9/software/GMP/6.1.2-GCCcore-8.3.0/lib -L/rds/bear-apps/2019b/EL7-power9/software/XZ/5.2.4-GCCcore-8.3.0/lib -L/rds/bear-apps/2019b/EL7-power9/software/SQLite/3.29.0-GCCcore-8.3.0/lib -L/rds/bear-apps/2019b/EL7-power9/software/ncurses/6.1-GCCcore-8.3.0/lib -L/rds/bear-apps/2019b/EL7-power9/software/libreadline/8.0-GCCcore-8.3.0/lib -L/rds/bear-apps/2019b/EL7-power9/software/zlib/1.2.11-GCCcore-8.3.0/lib -L/rds/bear-apps/2019b/EL7-power9/software/bzip2/1.0.8-GCCcore-8.3.0/lib -L/rds/bear-apps/2019b/EL7-power9/software/binutils/2.32-GCCcore-8.3.0/lib -L/rds/bear-apps/2019b/EL7-power9/software/GCCcore/8.3.0/lib64 -L/rds/bear-apps/2019b/EL7-power9/software/GCCcore/8.3.0/lib build/temp.linux-ppc64le-3.7/torch/csrc/stub.o -L/castles/nr/projects/d/duanj-ai-in-medical-imaging/.share/download/t1/pytorch/torch/lib -L/rds/bear-apps/2019b/EL7-power9/software/CUDA/10.1.243-GCC-8.3.0/lib64/stubs -L/rds/bear-apps/2019b/EL7-power9/software/Python/3.7.4-GCCcore-8.3.0/lib -ltorch_python -lpython3.7m -o build/lib.linux-ppc64le-3.7/torch/_C.cpython-37m-powerpc64le-linux-gnu.so -Wl,-rpath,$ORIGIN/lib
building 'torch._dl' extension
gcc -Wno-unused-result -Wsign-compare -DNDEBUG -g -fwrapv -O3 -Wall -O2 -ftree-vectorize -mcpu=native -fno-math-errno -fPIC -O2 -ftree-vectorize -mcpu=native -fno-math-errno -fPIC -fPIC -I/rds/bear-apps/2019b/EL7-power9/software/Python/3.7.4-GCCcore-8.3.0/include/python3.7m -c torch/csrc/dl.c -o build/temp.linux-ppc64le-3.7/torch/csrc/dl.o
gcc -shared -L/rds/bear-apps/2019b/EL7-power9/software/libffi/3.2.1-GCCcore-8.3.0/lib64 -L/rds/bear-apps/2019b/EL7-power9/software/libffi/3.2.1-GCCcore-8.3.0/lib -L/rds/bear-apps/2019b/EL7-power9/software/GMP/6.1.2-GCCcore-8.3.0/lib -L/rds/bear-apps/2019b/EL7-power9/software/XZ/5.2.4-GCCcore-8.3.0/lib -L/rds/bear-apps/2019b/EL7-power9/software/SQLite/3.29.0-GCCcore-8.3.0/lib -L/rds/bear-apps/2019b/EL7-power9/software/ncurses/6.1-GCCcore-8.3.0/lib -L/rds/bear-apps/2019b/EL7-power9/software/libreadline/8.0-GCCcore-8.3.0/lib -L/rds/bear-apps/2019b/EL7-power9/software/zlib/1.2.11-GCCcore-8.3.0/lib -L/rds/bear-apps/2019b/EL7-power9/software/bzip2/1.0.8-GCCcore-8.3.0/lib -L/rds/bear-apps/2019b/EL7-power9/software/binutils/2.32-GCCcore-8.3.0/lib -L/rds/bear-apps/2019b/EL7-power9/software/GCCcore/8.3.0/lib64 -L/rds/bear-apps/2019b/EL7-power9/software/GCCcore/8.3.0/lib -L/rds/bear-apps/2019b/EL7-power9/software/libffi/3.2.1-GCCcore-8.3.0/lib64 -L/rds/bear-apps/2019b/EL7-power9/software/libffi/3.2.1-GCCcore-8.3.0/lib -L/rds/bear-apps/2019b/EL7-power9/software/GMP/6.1.2-GCCcore-8.3.0/lib -L/rds/bear-apps/2019b/EL7-power9/software/XZ/5.2.4-GCCcore-8.3.0/lib -L/rds/bear-apps/2019b/EL7-power9/software/SQLite/3.29.0-GCCcore-8.3.0/lib -L/rds/bear-apps/2019b/EL7-power9/software/ncurses/6.1-GCCcore-8.3.0/lib -L/rds/bear-apps/2019b/EL7-power9/software/libreadline/8.0-GCCcore-8.3.0/lib -L/rds/bear-apps/2019b/EL7-power9/software/zlib/1.2.11-GCCcore-8.3.0/lib -L/rds/bear-apps/2019b/EL7-power9/software/bzip2/1.0.8-GCCcore-8.3.0/lib -L/rds/bear-apps/2019b/EL7-power9/software/binutils/2.32-GCCcore-8.3.0/lib -L/rds/bear-apps/2019b/EL7-power9/software/GCCcore/8.3.0/lib64 -L/rds/bear-apps/2019b/EL7-power9/software/GCCcore/8.3.0/lib build/temp.linux-ppc64le-3.7/torch/csrc/dl.o -L/rds/bear-apps/2019b/EL7-power9/software/Python/3.7.4-GCCcore-8.3.0/lib -lpython3.7m -o build/lib.linux-ppc64le-3.7/torch/_dl.cpython-37m-powerpc64le-linux-gnu.so
installing to build/bdist.linux-ppc64le/wheel
running install
running install_lib
creating build/bdist.linux-ppc64le
creating build/bdist.linux-ppc64le/wheel
creating build/bdist.linux-ppc64le/wheel/torch
creating build/bdist.linux-ppc64le/wheel/torch/include
creating build/bdist.linux-ppc64le/wheel/torch/include/torch
copying build/lib.linux-ppc64le-3.7/torch/include/torch/library.h -> build/bdist.linux-ppc64le/wheel/torch/include/torch
copying build/lib.linux-ppc64le-3.7/torch/include/torch/custom_class.h -> build/bdist.linux-ppc64le/wheel/torch/include/torch
copying build/lib.linux-ppc64le-3.7/torch/include/torch/extension.h -> build/bdist.linux-ppc64le/wheel/torch/include/torch
copying build/lib.linux-ppc64le-3.7/torch/include/torch/script.h -> build/bdist.linux-ppc64le/wheel/torch/include/torch
creating build/bdist.linux-ppc64le/wheel/torch/include/torch/csrc
copying build/lib.linux-ppc64le-3.7/torch/include/torch/csrc/Dtype.h -> build/bdist.linux-ppc64le/wheel/torch/include/torch/csrc
creating build/bdist.linux-ppc64le/wheel/torch/include/torch/csrc/cuda
copying build/lib.linux-ppc64le-3.7/torch/include/torch/csrc/cuda/restore_macros.h -> build/bdist.linux-ppc64le/wheel/torch/include/torch/csrc/cuda
copying build/lib.linux-ppc64le-3.7/torch/include/torch/csrc/cuda/device_set.h -> build/bdist.linux-ppc64le/wheel/torch/include/torch/csrc/cuda
copying build/lib.linux-ppc64le-3.7/torch/include/torch/csrc/cuda/Storage.h -> build/bdist.linux-ppc64le/wheel/torch/include/torch/csrc/cuda
copying build/lib.linux-ppc64le-3.7/torch/include/torch/csrc/cuda/comm.h -> build/bdist.linux-ppc64le/wheel/torch/include/torch/csrc/cuda
copying build/lib.linux-ppc64le-3.7/torch/include/torch/csrc/cuda/python_comm.h -> build/bdist.linux-ppc64le/wheel/torch/include/torch/csrc/cuda
copying build/lib.linux-ppc64le-3.7/torch/include/torch/csrc/cuda/python_nccl.h -> build/bdist.linux-ppc64le/wheel/torch/include/torch/csrc/cuda
copying build/lib.linux-ppc64le-3.7/torch/include/torch/csrc/cuda/Event.h -> build/bdist.linux-ppc64le/wheel/torch/include/torch/csrc/cuda
copying build/lib.linux-ppc64le-3.7/torch/include/torch/csrc/cuda/Module.h -> build/bdist.linux-ppc64le/wheel/torch/include/torch/csrc/cuda
copying build/lib.linux-ppc64le-3.7/torch/include/torch/csrc/cuda/serialization.h -> build/bdist.linux-ppc64le/wheel/torch/include/torch/csrc/cuda
copying build/lib.linux-ppc64le-3.7/torch/include/torch/csrc/cuda/override_macros.h -> build/bdist.linux-ppc64le/wheel/torch/include/torch/csrc/cuda
copying build/lib.linux-ppc64le-3.7/torch/include/torch/csrc/cuda/nccl.h -> build/bdist.linux-ppc64le/wheel/torch/include/torch/csrc/cuda
copying build/lib.linux-ppc64le-3.7/torch/include/torch/csrc/cuda/undef_macros.h -> build/bdist.linux-ppc64le/wheel/torch/include/torch/csrc/cuda
copying build/lib.linux-ppc64le-3.7/torch/include/torch/csrc/cuda/THCP.h -> build/bdist.linux-ppc64le/wheel/torch/include/torch/csrc/cuda
copying build/lib.linux-ppc64le-3.7/torch/include/torch/csrc/cuda/Stream.h -> build/bdist.linux-ppc64le/wheel/torch/include/torch/csrc/cuda
copying build/lib.linux-ppc64le-3.7/torch/include/torch/csrc/cuda/utils.h -> build/bdist.linux-ppc64le/wheel/torch/include/torch/csrc/cuda
copying build/lib.linux-ppc64le-3.7/torch/include/torch/csrc/Exceptions.h -> build/bdist.linux-ppc64le/wheel/torch/include/torch/csrc
copying build/lib.linux-ppc64le-3.7/torch/include/torch/csrc/Storage.h -> build/bdist.linux-ppc64le/wheel/torch/include/torch/csrc
copying build/lib.linux-ppc64le-3.7/torch/include/torch/csrc/Generator.h -> build/bdist.linux-ppc64le/wheel/torch/include/torch/csrc
copying build/lib.linux-ppc64le-3.7/torch/include/torch/csrc/QScheme.h -> build/bdist.linux-ppc64le/wheel/torch/include/torch/csrc
copying build/lib.linux-ppc64le-3.7/torch/include/torch/csrc/WindowsTorchApiMacro.h -> build/bdist.linux-ppc64le/wheel/torch/include/torch/csrc
copying build/lib.linux-ppc64le-3.7/torch/include/torch/csrc/Module.h -> build/bdist.linux-ppc64le/wheel/torch/include/torch/csrc
creating build/bdist.linux-ppc64le/wheel/torch/include/torch/csrc/onnx
copying build/lib.linux-ppc64le-3.7/torch/include/torch/csrc/onnx/onnx.h -> build/bdist.linux-ppc64le/wheel/torch/include/torch/csrc/onnx
copying build/lib.linux-ppc64le-3.7/torch/include/torch/csrc/onnx/init.h -> build/bdist.linux-ppc64le/wheel/torch/include/torch/csrc/onnx
copying build/lib.linux-ppc64le-3.7/torch/include/torch/csrc/PtrWrapper.h -> build/bdist.linux-ppc64le/wheel/torch/include/torch/csrc
creating build/bdist.linux-ppc64le/wheel/torch/include/torch/csrc/autograd
copying build/lib.linux-ppc64le-3.7/torch/include/torch/csrc/autograd/custom_function.h -> build/bdist.linux-ppc64le/wheel/torch/include/torch/csrc/autograd
copying build/lib.linux-ppc64le-3.7/torch/include/torch/csrc/autograd/record_function_ops.h -> build/bdist.linux-ppc64le/wheel/torch/include/torch/csrc/autograd
copying build/lib.linux-ppc64le-3.7/torch/include/torch/csrc/autograd/edge.h -> build/bdist.linux-ppc64le/wheel/torch/include/torch/csrc/autograd
copying build/lib.linux-ppc64le-3.7/torch/include/torch/csrc/autograd/function.h -> build/bdist.linux-ppc64le/wheel/torch/include/torch/csrc/autograd
copying build/lib.linux-ppc64le-3.7/torch/include/torch/csrc/autograd/autograd.h -> build/bdist.linux-ppc64le/wheel/torch/include/torch/csrc/autograd
copying build/lib.linux-ppc64le-3.7/torch/include/torch/csrc/autograd/python_cpp_function.h -> build/bdist.linux-ppc64le/wheel/torch/include/torch/csrc/autograd
creating build/bdist.linux-ppc64le/wheel/torch/include/torch/csrc/autograd/utils
copying build/lib.linux-ppc64le-3.7/torch/include/torch/csrc/autograd/utils/wrap_outputs.h -> build/bdist.linux-ppc64le/wheel/torch/include/torch/csrc/autograd/utils
copying build/lib.linux-ppc64le-3.7/torch/include/torch/csrc/autograd/utils/lambda_post_hook.h -> build/bdist.linux-ppc64le/wheel/torch/include/torch/csrc/autograd/utils
copying build/lib.linux-ppc64le-3.7/torch/include/torch/csrc/autograd/utils/grad_layout_contract.h -> build/bdist.linux-ppc64le/wheel/torch/include/torch/csrc/autograd/utils
copying build/lib.linux-ppc64le-3.7/torch/include/torch/csrc/autograd/utils/error_messages.h -> build/bdist.linux-ppc64le/wheel/torch/include/torch/csrc/autograd/utils
copying build/lib.linux-ppc64le-3.7/torch/include/torch/csrc/autograd/utils/python_arg_parsing.h -> build/bdist.linux-ppc64le/wheel/torch/include/torch/csrc/autograd/utils
copying build/lib.linux-ppc64le-3.7/torch/include/torch/csrc/autograd/python_engine.h -> build/bdist.linux-ppc64le/wheel/torch/include/torch/csrc/autograd
copying build/lib.linux-ppc64le-3.7/torch/include/torch/csrc/autograd/saved_variable.h -> build/bdist.linux-ppc64le/wheel/torch/include/torch/csrc/autograd
copying build/lib.linux-ppc64le-3.7/torch/include/torch/csrc/autograd/profiler.h -> build/bdist.linux-ppc64le/wheel/torch/include/torch/csrc/autograd
copying build/lib.linux-ppc64le-3.7/torch/include/torch/csrc/autograd/cpp_hook.h -> build/bdist.linux-ppc64le/wheel/torch/include/torch/csrc/autograd
copying build/lib.linux-ppc64le-3.7/torch/include/torch/csrc/autograd/input_metadata.h -> build/bdist.linux-ppc64le/wheel/torch/include/torch/csrc/autograd
copying build/lib.linux-ppc64le-3.7/torch/include/torch/csrc/autograd/symbolic.h -> build/bdist.linux-ppc64le/wheel/torch/include/torch/csrc/autograd
creating build/bdist.linux-ppc64le/wheel/torch/include/torch/csrc/autograd/generated
copying build/lib.linux-ppc64le-3.7/torch/include/torch/csrc/autograd/generated/python_functions.h -> build/bdist.linux-ppc64le/wheel/torch/include/torch/csrc/autograd/generated
copying build/lib.linux-ppc64le-3.7/torch/include/torch/csrc/autograd/generated/Functions.h -> build/bdist.linux-ppc64le/wheel/torch/include/torch/csrc/autograd/generated
copying build/lib.linux-ppc64le-3.7/torch/include/torch/csrc/autograd/generated/RegistrationDeclarations.h -> build/bdist.linux-ppc64le/wheel/torch/include/torch/csrc/autograd/generated
copying build/lib.linux-ppc64le-3.7/torch/include/torch/csrc/autograd/generated/VariableType.h -> build/bdist.linux-ppc64le/wheel/torch/include/torch/csrc/autograd/generated
copying build/lib.linux-ppc64le-3.7/torch/include/torch/csrc/autograd/generated/variable_factories.h -> build/bdist.linux-ppc64le/wheel/torch/include/torch/csrc/autograd/generated
copying build/lib.linux-ppc64le-3.7/torch/include/torch/csrc/autograd/python_anomaly_mode.h -> build/bdist.linux-ppc64le/wheel/torch/include/torch/csrc/autograd
copying build/lib.linux-ppc64le-3.7/torch/include/torch/csrc/autograd/function_hook.h -> build/bdist.linux-ppc64le/wheel/torch/include/torch/csrc/autograd
creating build/bdist.linux-ppc64le/wheel/torch/include/torch/csrc/autograd/functions
copying build/lib.linux-ppc64le-3.7/torch/include/torch/csrc/autograd/functions/pybind.h -> build/bdist.linux-ppc64le/wheel/torch/include/torch/csrc/autograd/functions
copying build/lib.linux-ppc64le-3.7/torch/include/torch/csrc/autograd/functions/basic_ops.h -> build/bdist.linux-ppc64le/wheel/torch/include/torch/csrc/autograd/functions
copying build/lib.linux-ppc64le-3.7/torch/include/torch/csrc/autograd/functions/comm.h -> build/bdist.linux-ppc64le/wheel/torch/include/torch/csrc/autograd/functions
copying build/lib.linux-ppc64le-3.7/torch/include/torch/csrc/autograd/functions/tensor.h -> build/bdist.linux-ppc64le/wheel/torch/include/torch/csrc/autograd/functions
copying build/lib.linux-ppc64le-3.7/torch/include/torch/csrc/autograd/functions/accumulate_grad.h -> build/bdist.linux-ppc64le/wheel/torch/include/torch/csrc/autograd/functions
copying build/lib.linux-ppc64le-3.7/torch/include/torch/csrc/autograd/functions/utils.h -> build/bdist.linux-ppc64le/wheel/torch/include/torch/csrc/autograd/functions
copying build/lib.linux-ppc64le-3.7/torch/include/torch/csrc/autograd/python_autograd.h -> build/bdist.linux-ppc64le/wheel/torch/include/torch/csrc/autograd
copying build/lib.linux-ppc64le-3.7/torch/include/torch/csrc/autograd/python_variable_indexing.h -> build/bdist.linux-ppc64le/wheel/torch/include/torch/csrc/autograd
copying build/lib.linux-ppc64le-3.7/torch/include/torch/csrc/autograd/input_buffer.h -> build/bdist.linux-ppc64le/wheel/torch/include/torch/csrc/autograd
copying build/lib.linux-ppc64le-3.7/torch/include/torch/csrc/autograd/python_variable.h -> build/bdist.linux-ppc64le/wheel/torch/include/torch/csrc/autograd
copying build/lib.linux-ppc64le-3.7/torch/include/torch/csrc/autograd/grad_mode.h -> build/bdist.linux-ppc64le/wheel/torch/include/torch/csrc/autograd
copying build/lib.linux-ppc64le-3.7/torch/include/torch/csrc/autograd/VariableTypeUtils.h -> build/bdist.linux-ppc64le/wheel/torch/include/torch/csrc/autograd
copying build/lib.linux-ppc64le-3.7/torch/include/torch/csrc/autograd/python_function.h -> build/bdist.linux-ppc64le/wheel/torch/include/torch/csrc/autograd
copying build/lib.linux-ppc64le-3.7/torch/include/torch/csrc/autograd/anomaly_mode.h -> build/bdist.linux-ppc64le/wheel/torch/include/torch/csrc/autograd
copying build/lib.linux-ppc64le-3.7/torch/include/torch/csrc/autograd/python_nn_functions.h -> build/bdist.linux-ppc64le/wheel/torch/include/torch/csrc/autograd
copying build/lib.linux-ppc64le-3.7/torch/include/torch/csrc/autograd/variable.h -> build/bdist.linux-ppc64le/wheel/torch/include/torch/csrc/autograd
copying build/lib.linux-ppc64le-3.7/torch/include/torch/csrc/autograd/python_hook.h -> build/bdist.linux-ppc64le/wheel/torch/include/torch/csrc/autograd
copying build/lib.linux-ppc64le-3.7/torch/include/torch/csrc/autograd/python_legacy_variable.h -> build/bdist.linux-ppc64le/wheel/torch/include/torch/csrc/autograd
copying build/lib.linux-ppc64le-3.7/torch/include/torch/csrc/autograd/engine.h -> build/bdist.linux-ppc64le/wheel/torch/include/torch/csrc/autograd
copying build/lib.linux-ppc64le-3.7/torch/include/torch/csrc/THP.h -> build/bdist.linux-ppc64le/wheel/torch/include/torch/csrc
copying build/lib.linux-ppc64le-3.7/torch/include/torch/csrc/Size.h -> build/bdist.linux-ppc64le/wheel/torch/include/torch/csrc
creating build/bdist.linux-ppc64le/wheel/torch/include/torch/csrc/utils
copying build/lib.linux-ppc64le-3.7/torch/include/torch/csrc/utils/throughput_benchmark.h -> build/bdist.linux-ppc64le/wheel/torch/include/torch/csrc/utils
copying build/lib.linux-ppc64le-3.7/torch/include/torch/csrc/utils/pybind.h -> build/bdist.linux-ppc64le/wheel/torch/include/torch/csrc/utils
copying build/lib.linux-ppc64le-3.7/torch/include/torch/csrc/utils/python_numbers.h -> build/bdist.linux-ppc64le/wheel/torch/include/torch/csrc/utils
copying build/lib.linux-ppc64le-3.7/torch/include/torch/csrc/utils/tensor_types.h -> build/bdist.linux-ppc64le/wheel/torch/include/torch/csrc/utils
copying build/lib.linux-ppc64le-3.7/torch/include/torch/csrc/utils/tensor_flatten.h -> build/bdist.linux-ppc64le/wheel/torch/include/torch/csrc/utils
copying build/lib.linux-ppc64le-3.7/torch/include/torch/csrc/utils/six.h -> build/bdist.linux-ppc64le/wheel/torch/include/torch/csrc/utils
copying build/lib.linux-ppc64le-3.7/torch/include/torch/csrc/utils/memory.h -> build/bdist.linux-ppc64le/wheel/torch/include/torch/csrc/utils
copying build/lib.linux-ppc64le-3.7/torch/include/torch/csrc/utils/cuda_lazy_init.h -> build/bdist.linux-ppc64le/wheel/torch/include/torch/csrc/utils
copying build/lib.linux-ppc64le-3.7/torch/include/torch/csrc/utils/tensor_list.h -> build/bdist.linux-ppc64le/wheel/torch/include/torch/csrc/utils
copying build/lib.linux-ppc64le-3.7/torch/include/torch/csrc/utils/tensor_layouts.h -> build/bdist.linux-ppc64le/wheel/torch/include/torch/csrc/utils
copying build/lib.linux-ppc64le-3.7/torch/include/torch/csrc/utils/cuda_enabled.h -> build/bdist.linux-ppc64le/wheel/torch/include/torch/csrc/utils
copying build/lib.linux-ppc64le-3.7/torch/include/torch/csrc/utils/throughput_benchmark-inl.h -> build/bdist.linux-ppc64le/wheel/torch/include/torch/csrc/utils
copying build/lib.linux-ppc64le-3.7/torch/include/torch/csrc/utils/auto_gil.h -> build/bdist.linux-ppc64le/wheel/torch/include/torch/csrc/utils
copying build/lib.linux-ppc64le-3.7/torch/include/torch/csrc/utils/hash.h -> build/bdist.linux-ppc64le/wheel/torch/include/torch/csrc/utils
copying build/lib.linux-ppc64le-3.7/torch/include/torch/csrc/utils/tensor_apply.h -> build/bdist.linux-ppc64le/wheel/torch/include/torch/csrc/utils
copying build/lib.linux-ppc64le-3.7/torch/include/torch/csrc/utils/invalid_arguments.h -> build/bdist.linux-ppc64le/wheel/torch/include/torch/csrc/utils
copying build/lib.linux-ppc64le-3.7/torch/include/torch/csrc/utils/python_tuples.h -> build/bdist.linux-ppc64le/wheel/torch/include/torch/csrc/utils
copying build/lib.linux-ppc64le-3.7/torch/include/torch/csrc/utils/structseq.h -> build/bdist.linux-ppc64le/wheel/torch/include/torch/csrc/utils
copying build/lib.linux-ppc64le-3.7/torch/include/torch/csrc/utils/python_strings.h -> build/bdist.linux-ppc64le/wheel/torch/include/torch/csrc/utils
copying build/lib.linux-ppc64le-3.7/torch/include/torch/csrc/utils/future.h -> build/bdist.linux-ppc64le/wheel/torch/include/torch/csrc/utils
copying build/lib.linux-ppc64le-3.7/torch/include/torch/csrc/utils/byte_order.h -> build/bdist.linux-ppc64le/wheel/torch/include/torch/csrc/utils
copying build/lib.linux-ppc64le-3.7/torch/include/torch/csrc/utils/numpy_stub.h -> build/bdist.linux-ppc64le/wheel/torch/include/torch/csrc/utils
copying build/lib.linux-ppc64le-3.7/torch/include/torch/csrc/utils/init.h -> build/bdist.linux-ppc64le/wheel/torch/include/torch/csrc/utils
copying build/lib.linux-ppc64le-3.7/torch/include/torch/csrc/utils/disallow_copy.h -> build/bdist.linux-ppc64le/wheel/torch/include/torch/csrc/utils
copying build/lib.linux-ppc64le-3.7/torch/include/torch/csrc/utils/tensor_numpy.h -> build/bdist.linux-ppc64le/wheel/torch/include/torch/csrc/utils
copying build/lib.linux-ppc64le-3.7/torch/include/torch/csrc/utils/variadic.h -> build/bdist.linux-ppc64le/wheel/torch/include/torch/csrc/utils
copying build/lib.linux-ppc64le-3.7/torch/include/torch/csrc/utils/python_arg_parser.h -> build/bdist.linux-ppc64le/wheel/torch/include/torch/csrc/utils
copying build/lib.linux-ppc64le-3.7/torch/include/torch/csrc/utils/tensor_dtypes.h -> build/bdist.linux-ppc64le/wheel/torch/include/torch/csrc/utils
copying build/lib.linux-ppc64le-3.7/torch/include/torch/csrc/utils/python_dispatch.h -> build/bdist.linux-ppc64le/wheel/torch/include/torch/csrc/utils
copying build/lib.linux-ppc64le-3.7/torch/include/torch/csrc/utils/python_stub.h -> build/bdist.linux-ppc64le/wheel/torch/include/torch/csrc/utils
copying build/lib.linux-ppc64le-3.7/torch/include/torch/csrc/utils/tensor_qschemes.h -> build/bdist.linux-ppc64le/wheel/torch/include/torch/csrc/utils
copying build/lib.linux-ppc64le-3.7/torch/include/torch/csrc/utils/tensor_memoryformats.h -> build/bdist.linux-ppc64le/wheel/torch/include/torch/csrc/utils
copying build/lib.linux-ppc64le-3.7/torch/include/torch/csrc/utils/object_ptr.h -> build/bdist.linux-ppc64le/wheel/torch/include/torch/csrc/utils
copying build/lib.linux-ppc64le-3.7/torch/include/torch/csrc/utils/tensor_new.h -> build/bdist.linux-ppc64le/wheel/torch/include/torch/csrc/utils
copying build/lib.linux-ppc64le-3.7/torch/include/torch/csrc/utils/python_scalars.h -> build/bdist.linux-ppc64le/wheel/torch/include/torch/csrc/utils
copying build/lib.linux-ppc64le-3.7/torch/include/torch/csrc/utils/python_compat.h -> build/bdist.linux-ppc64le/wheel/torch/include/torch/csrc/utils
copying build/lib.linux-ppc64le-3.7/torch/include/torch/csrc/THP_export.h -> build/bdist.linux-ppc64le/wheel/torch/include/torch/csrc
creating build/bdist.linux-ppc64le/wheel/torch/include/torch/csrc/jit
creating build/bdist.linux-ppc64le/wheel/torch/include/torch/csrc/jit/passes
copying build/lib.linux-ppc64le-3.7/torch/include/torch/csrc/jit/passes/freeze_module.h -> build/bdist.linux-ppc64le/wheel/torch/include/torch/csrc/jit/passes
copying build/lib.linux-ppc64le-3.7/torch/include/torch/csrc/jit/passes/shape_analysis.h -> build/bdist.linux-ppc64le/wheel/torch/include/torch/csrc/jit/passes
copying build/lib.linux-ppc64le-3.7/torch/include/torch/csrc/jit/passes/loop_unrolling.h -> build/bdist.linux-ppc64le/wheel/torch/include/torch/csrc/jit/passes
copying build/lib.linux-ppc64le-3.7/torch/include/torch/csrc/jit/passes/create_functional_graphs.h -> build/bdist.linux-ppc64le/wheel/torch/include/torch/csrc/jit/passes
copying build/lib.linux-ppc64le-3.7/torch/include/torch/csrc/jit/passes/decompose_ops.h -> build/bdist.linux-ppc64le/wheel/torch/include/torch/csrc/jit/passes
copying build/lib.linux-ppc64le-3.7/torch/include/torch/csrc/jit/passes/requires_grad_analysis.h -> build/bdist.linux-ppc64le/wheel/torch/include/torch/csrc/jit/passes
copying build/lib.linux-ppc64le-3.7/torch/include/torch/csrc/jit/passes/remove_expands.h -> build/bdist.linux-ppc64le/wheel/torch/include/torch/csrc/jit/passes
copying build/lib.linux-ppc64le-3.7/torch/include/torch/csrc/jit/passes/onnx.h -> build/bdist.linux-ppc64le/wheel/torch/include/torch/csrc/jit/passes
copying build/lib.linux-ppc64le-3.7/torch/include/torch/csrc/jit/passes/normalize_ops.h -> build/bdist.linux-ppc64le/wheel/torch/include/torch/csrc/jit/passes
copying build/lib.linux-ppc64le-3.7/torch/include/torch/csrc/jit/passes/constant_pooling.h -> build/bdist.linux-ppc64le/wheel/torch/include/torch/csrc/jit/passes
copying build/lib.linux-ppc64le-3.7/torch/include/torch/csrc/jit/passes/clear_profiling.h -> build/bdist.linux-ppc64le/wheel/torch/include/torch/csrc/jit/passes
copying build/lib.linux-ppc64le-3.7/torch/include/torch/csrc/jit/passes/vulkan_rewrite.h -> build/bdist.linux-ppc64le/wheel/torch/include/torch/csrc/jit/passes
copying build/lib.linux-ppc64le-3.7/torch/include/torch/csrc/jit/passes/fold_conv_bn.h -> build/bdist.linux-ppc64le/wheel/torch/include/torch/csrc/jit/passes
copying build/lib.linux-ppc64le-3.7/torch/include/torch/csrc/jit/passes/remove_mutation.h -> build/bdist.linux-ppc64le/wheel/torch/include/torch/csrc/jit/passes
copying build/lib.linux-ppc64le-3.7/torch/include/torch/csrc/jit/passes/inplace_check.h -> build/bdist.linux-ppc64le/wheel/torch/include/torch/csrc/jit/passes
copying build/lib.linux-ppc64le-3.7/torch/include/torch/csrc/jit/passes/erase_number_types.h -> build/bdist.linux-ppc64le/wheel/torch/include/torch/csrc/jit/passes
copying build/lib.linux-ppc64le-3.7/torch/include/torch/csrc/jit/passes/canonicalize_graph_fuser_ops.h -> build/bdist.linux-ppc64le/wheel/torch/include/torch/csrc/jit/passes
copying build/lib.linux-ppc64le-3.7/torch/include/torch/csrc/jit/passes/canonicalize.h -> build/bdist.linux-ppc64le/wheel/torch/include/torch/csrc/jit/passes
copying build/lib.linux-ppc64le-3.7/torch/include/torch/csrc/jit/passes/peephole_list_idioms.h -> build/bdist.linux-ppc64le/wheel/torch/include/torch/csrc/jit/passes
creating build/bdist.linux-ppc64le/wheel/torch/include/torch/csrc/jit/passes/quantization
copying build/lib.linux-ppc64le-3.7/torch/include/torch/csrc/jit/passes/quantization/insert_observers.h -> build/bdist.linux-ppc64le/wheel/torch/include/torch/csrc/jit/passes/quantization
copying build/lib.linux-ppc64le-3.7/torch/include/torch/csrc/jit/passes/quantization/finalize.h -> build/bdist.linux-ppc64le/wheel/torch/include/torch/csrc/jit/passes/quantization
copying build/lib.linux-ppc64le-3.7/torch/include/torch/csrc/jit/passes/quantization/dedup_module_uses.h -> build/bdist.linux-ppc64le/wheel/torch/include/torch/csrc/jit/passes/quantization
copying build/lib.linux-ppc64le-3.7/torch/include/torch/csrc/jit/passes/quantization/quantization_patterns.h -> build/bdist.linux-ppc64le/wheel/torch/include/torch/csrc/jit/passes/quantization
copying build/lib.linux-ppc64le-3.7/torch/include/torch/csrc/jit/passes/quantization/helper.h -> build/bdist.linux-ppc64le/wheel/torch/include/torch/csrc/jit/passes/quantization
copying build/lib.linux-ppc64le-3.7/torch/include/torch/csrc/jit/passes/quantization/quantization_type.h -> build/bdist.linux-ppc64le/wheel/torch/include/torch/csrc/jit/passes/quantization
copying build/lib.linux-ppc64le-3.7/torch/include/torch/csrc/jit/passes/quantization/fusion_passes.h -> build/bdist.linux-ppc64le/wheel/torch/include/torch/csrc/jit/passes/quantization
copying build/lib.linux-ppc64le-3.7/torch/include/torch/csrc/jit/passes/quantization/insert_quant_dequant.h -> build/bdist.linux-ppc64le/wheel/torch/include/torch/csrc/jit/passes/quantization
copying build/lib.linux-ppc64le-3.7/torch/include/torch/csrc/jit/passes/lower_graph.h -> build/bdist.linux-ppc64le/wheel/torch/include/torch/csrc/jit/passes
creating build/bdist.linux-ppc64le/wheel/torch/include/torch/csrc/jit/passes/utils
copying build/lib.linux-ppc64le-3.7/torch/include/torch/csrc/jit/passes/utils/check_alias_annotation.h -> build/bdist.linux-ppc64le/wheel/torch/include/torch/csrc/jit/passes/utils
copying build/lib.linux-ppc64le-3.7/torch/include/torch/csrc/jit/passes/utils/memory_dag.h -> build/bdist.linux-ppc64le/wheel/torch/include/torch/csrc/jit/passes/utils
copying build/lib.linux-ppc64le-3.7/torch/include/torch/csrc/jit/passes/utils/subgraph_utils.h -> build/bdist.linux-ppc64le/wheel/torch/include/torch/csrc/jit/passes/utils
copying build/lib.linux-ppc64le-3.7/torch/include/torch/csrc/jit/passes/fuse_linear.h -> build/bdist.linux-ppc64le/wheel/torch/include/torch/csrc/jit/passes
copying build/lib.linux-ppc64le-3.7/torch/include/torch/csrc/jit/passes/inliner.h -> build/bdist.linux-ppc64le/wheel/torch/include/torch/csrc/jit/passes
copying build/lib.linux-ppc64le-3.7/torch/include/torch/csrc/jit/passes/lower_grad_of.h -> build/bdist.linux-ppc64le/wheel/torch/include/torch/csrc/jit/passes
copying build/lib.linux-ppc64le-3.7/torch/include/torch/csrc/jit/passes/create_autodiff_subgraphs.h -> build/bdist.linux-ppc64le/wheel/torch/include/torch/csrc/jit/passes
copying build/lib.linux-ppc64le-3.7/torch/include/torch/csrc/jit/passes/dead_code_elimination.h -> build/bdist.linux-ppc64le/wheel/torch/include/torch/csrc/jit/passes
copying build/lib.linux-ppc64le-3.7/torch/include/torch/csrc/jit/passes/peephole.h -> build/bdist.linux-ppc64le/wheel/torch/include/torch/csrc/jit/passes
copying build/lib.linux-ppc64le-3.7/torch/include/torch/csrc/jit/passes/fixup_trace_scope_blocks.h -> build/bdist.linux-ppc64le/wheel/torch/include/torch/csrc/jit/passes
copying build/lib.linux-ppc64le-3.7/torch/include/torch/csrc/jit/passes/cuda_graph_fuser.h -> build/bdist.linux-ppc64le/wheel/torch/include/torch/csrc/jit/passes
copying build/lib.linux-ppc64le-3.7/torch/include/torch/csrc/jit/passes/graph_fuser.h -> build/bdist.linux-ppc64le/wheel/torch/include/torch/csrc/jit/passes
copying build/lib.linux-ppc64le-3.7/torch/include/torch/csrc/jit/passes/specialize_autogradzero.h -> build/bdist.linux-ppc64le/wheel/torch/include/torch/csrc/jit/passes
copying build/lib.linux-ppc64le-3.7/torch/include/torch/csrc/jit/passes/lift_closures.h -> build/bdist.linux-ppc64le/wheel/torch/include/torch/csrc/jit/passes
copying build/lib.linux-ppc64le-3.7/torch/include/torch/csrc/jit/passes/tensorexpr_fuser.h -> build/bdist.linux-ppc64le/wheel/torch/include/torch/csrc/jit/passes
copying build/lib.linux-ppc64le-3.7/torch/include/torch/csrc/jit/passes/batch_mm.h -> build/bdist.linux-ppc64le/wheel/torch/include/torch/csrc/jit/passes
copying build/lib.linux-ppc64le-3.7/torch/include/torch/csrc/jit/passes/insert_guards.h -> build/bdist.linux-ppc64le/wheel/torch/include/torch/csrc/jit/passes
copying build/lib.linux-ppc64le-3.7/torch/include/torch/csrc/jit/passes/bailout_graph.h -> build/bdist.linux-ppc64le/wheel/torch/include/torch/csrc/jit/passes
copying build/lib.linux-ppc64le-3.7/torch/include/torch/csrc/jit/passes/clear_undefinedness.h -> build/bdist.linux-ppc64le/wheel/torch/include/torch/csrc/jit/passes
copying build/lib.linux-ppc64le-3.7/torch/include/torch/csrc/jit/passes/pass_manager.h -> build/bdist.linux-ppc64le/wheel/torch/include/torch/csrc/jit/passes
copying build/lib.linux-ppc64le-3.7/torch/include/torch/csrc/jit/passes/lower_tuples.h -> build/bdist.linux-ppc64le/wheel/torch/include/torch/csrc/jit/passes
copying build/lib.linux-ppc64le-3.7/torch/include/torch/csrc/jit/passes/common_subexpression_elimination.h -> build/bdist.linux-ppc64le/wheel/torch/include/torch/csrc/jit/passes
copying build/lib.linux-ppc64le-3.7/torch/include/torch/csrc/jit/passes/liveness.h -> build/bdist.linux-ppc64le/wheel/torch/include/torch/csrc/jit/passes
copying build/lib.linux-ppc64le-3.7/torch/include/torch/csrc/jit/passes/constant_propagation.h -> build/bdist.linux-ppc64le/wheel/torch/include/torch/csrc/jit/passes
copying build/lib.linux-ppc64le-3.7/torch/include/torch/csrc/jit/passes/inline_autodiff_subgraphs.h -> build/bdist.linux-ppc64le/wheel/torch/include/torch/csrc/jit/passes
copying build/lib.linux-ppc64le-3.7/torch/include/torch/csrc/jit/passes/remove_inplace_ops.h -> build/bdist.linux-ppc64le/wheel/torch/include/torch/csrc/jit/passes
copying build/lib.linux-ppc64le-3.7/torch/include/torch/csrc/jit/passes/inline_fork_wait.h -> build/bdist.linux-ppc64le/wheel/torch/include/torch/csrc/jit/passes
copying build/lib.linux-ppc64le-3.7/torch/include/torch/csrc/jit/passes/graph_rewrite_helper.h -> build/bdist.linux-ppc64le/wheel/torch/include/torch/csrc/jit/passes
copying build/lib.linux-ppc64le-3.7/torch/include/torch/csrc/jit/passes/inline_forked_closures.h -> build/bdist.linux-ppc64le/wheel/torch/include/torch/csrc/jit/passes
copying build/lib.linux-ppc64le-3.7/torch/include/torch/csrc/jit/passes/fuse_relu.h -> build/bdist.linux-ppc64le/wheel/torch/include/torch/csrc/jit/passes
copying build/lib.linux-ppc64le-3.7/torch/include/torch/csrc/jit/passes/remove_dropout.h -> build/bdist.linux-ppc64le/wheel/torch/include/torch/csrc/jit/passes
copying build/lib.linux-ppc64le-3.7/torch/include/torch/csrc/jit/passes/subgraph_rewrite.h -> build/bdist.linux-ppc64le/wheel/torch/include/torch/csrc/jit/passes
copying build/lib.linux-ppc64le-3.7/torch/include/torch/csrc/jit/passes/guard_elimination.h -> build/bdist.linux-ppc64le/wheel/torch/include/torch/csrc/jit/passes
copying build/lib.linux-ppc64le-3.7/torch/include/torch/csrc/jit/passes/xnnpack_rewrite.h -> build/bdist.linux-ppc64le/wheel/torch/include/torch/csrc/jit/passes
copying build/lib.linux-ppc64le-3.7/torch/include/torch/csrc/jit/passes/prepack_folding.h -> build/bdist.linux-ppc64le/wheel/torch/include/torch/csrc/jit/passes
copying build/lib.linux-ppc64le-3.7/torch/include/torch/csrc/jit/jit_log.h -> build/bdist.linux-ppc64le/wheel/torch/include/torch/csrc/jit
creating build/bdist.linux-ppc64le/wheel/torch/include/torch/csrc/jit/python
copying build/lib.linux-ppc64le-3.7/torch/include/torch/csrc/jit/python/pybind.h -> build/bdist.linux-ppc64le/wheel/torch/include/torch/csrc/jit/python
copying build/lib.linux-ppc64le-3.7/torch/include/torch/csrc/jit/python/update_graph_executor_opt.h -> build/bdist.linux-ppc64le/wheel/torch/include/torch/csrc/jit/python
copying build/lib.linux-ppc64le-3.7/torch/include/torch/csrc/jit/python/python_sugared_value.h -> build/bdist.linux-ppc64le/wheel/torch/include/torch/csrc/jit/python
copying build/lib.linux-ppc64le-3.7/torch/include/torch/csrc/jit/python/python_tree_views.h -> build/bdist.linux-ppc64le/wheel/torch/include/torch/csrc/jit/python
copying build/lib.linux-ppc64le-3.7/torch/include/torch/csrc/jit/python/script_init.h -> build/bdist.linux-ppc64le/wheel/torch/include/torch/csrc/jit/python
copying build/lib.linux-ppc64le-3.7/torch/include/torch/csrc/jit/python/python_tracer.h -> build/bdist.linux-ppc64le/wheel/torch/include/torch/csrc/jit/python
copying build/lib.linux-ppc64le-3.7/torch/include/torch/csrc/jit/python/pybind_utils.h -> build/bdist.linux-ppc64le/wheel/torch/include/torch/csrc/jit/python
copying build/lib.linux-ppc64le-3.7/torch/include/torch/csrc/jit/python/init.h -> build/bdist.linux-ppc64le/wheel/torch/include/torch/csrc/jit/python
copying build/lib.linux-ppc64le-3.7/torch/include/torch/csrc/jit/python/python_arg_flatten.h -> build/bdist.linux-ppc64le/wheel/torch/include/torch/csrc/jit/python
copying build/lib.linux-ppc64le-3.7/torch/include/torch/csrc/jit/python/module_python.h -> build/bdist.linux-ppc64le/wheel/torch/include/torch/csrc/jit/python
copying build/lib.linux-ppc64le-3.7/torch/include/torch/csrc/jit/python/python_ir.h -> build/bdist.linux-ppc64le/wheel/torch/include/torch/csrc/jit/python
copying build/lib.linux-ppc64le-3.7/torch/include/torch/csrc/jit/python/python_ivalue.h -> build/bdist.linux-ppc64le/wheel/torch/include/torch/csrc/jit/python
copying build/lib.linux-ppc64le-3.7/torch/include/torch/csrc/jit/python/python_custom_class.h -> build/bdist.linux-ppc64le/wheel/torch/include/torch/csrc/jit/python
creating build/bdist.linux-ppc64le/wheel/torch/include/torch/csrc/jit/runtime
copying build/lib.linux-ppc64le-3.7/torch/include/torch/csrc/jit/runtime/variable_tensor_list.h -> build/bdist.linux-ppc64le/wheel/torch/include/torch/csrc/jit/runtime
copying build/lib.linux-ppc64le-3.7/torch/include/torch/csrc/jit/runtime/symbolic_script.h -> build/bdist.linux-ppc64le/wheel/torch/include/torch/csrc/jit/runtime
copying build/lib.linux-ppc64le-3.7/torch/include/torch/csrc/jit/runtime/autodiff.h -> build/bdist.linux-ppc64le/wheel/torch/include/torch/csrc/jit/runtime
copying build/lib.linux-ppc64le-3.7/torch/include/torch/csrc/jit/runtime/interpreter.h -> build/bdist.linux-ppc64le/wheel/torch/include/torch/csrc/jit/runtime
copying build/lib.linux-ppc64le-3.7/torch/include/torch/csrc/jit/runtime/custom_operator.h -> build/bdist.linux-ppc64le/wheel/torch/include/torch/csrc/jit/runtime
copying build/lib.linux-ppc64le-3.7/torch/include/torch/csrc/jit/runtime/instruction.h -> build/bdist.linux-ppc64le/wheel/torch/include/torch/csrc/jit/runtime
copying build/lib.linux-ppc64le-3.7/torch/include/torch/csrc/jit/runtime/operator.h -> build/bdist.linux-ppc64le/wheel/torch/include/torch/csrc/jit/runtime
copying build/lib.linux-ppc64le-3.7/torch/include/torch/csrc/jit/runtime/graph_executor_impl.h -> build/bdist.linux-ppc64le/wheel/torch/include/torch/csrc/jit/runtime
copying build/lib.linux-ppc64le-3.7/torch/include/torch/csrc/jit/runtime/profiling_record.h -> build/bdist.linux-ppc64le/wheel/torch/include/torch/csrc/jit/runtime
copying build/lib.linux-ppc64le-3.7/torch/include/torch/csrc/jit/runtime/vararg_functions.h -> build/bdist.linux-ppc64le/wheel/torch/include/torch/csrc/jit/runtime
copying build/lib.linux-ppc64le-3.7/torch/include/torch/csrc/jit/runtime/register_ops_utils.h -> build/bdist.linux-ppc64le/wheel/torch/include/torch/csrc/jit/runtime
copying build/lib.linux-ppc64le-3.7/torch/include/torch/csrc/jit/runtime/exception_message.h -> build/bdist.linux-ppc64le/wheel/torch/include/torch/csrc/jit/runtime
copying build/lib.linux-ppc64le-3.7/torch/include/torch/csrc/jit/runtime/logging.h -> build/bdist.linux-ppc64le/wheel/torch/include/torch/csrc/jit/runtime
copying build/lib.linux-ppc64le-3.7/torch/include/torch/csrc/jit/runtime/operator_options.h -> build/bdist.linux-ppc64le/wheel/torch/include/torch/csrc/jit/runtime
copying build/lib.linux-ppc64le-3.7/torch/include/torch/csrc/jit/runtime/argument_spec.h -> build/bdist.linux-ppc64le/wheel/torch/include/torch/csrc/jit/runtime
copying build/lib.linux-ppc64le-3.7/torch/include/torch/csrc/jit/runtime/graph_executor.h -> build/bdist.linux-ppc64le/wheel/torch/include/torch/csrc/jit/runtime
copying build/lib.linux-ppc64le-3.7/torch/include/torch/csrc/jit/runtime/print_handler.h -> build/bdist.linux-ppc64le/wheel/torch/include/torch/csrc/jit/runtime
copying build/lib.linux-ppc64le-3.7/torch/include/torch/csrc/jit/runtime/profiling_graph_executor_impl.h -> build/bdist.linux-ppc64le/wheel/torch/include/torch/csrc/jit/runtime
copying build/lib.linux-ppc64le-3.7/torch/include/torch/csrc/jit/runtime/jit_exception.h -> build/bdist.linux-ppc64le/wheel/torch/include/torch/csrc/jit/runtime
creating build/bdist.linux-ppc64le/wheel/torch/include/torch/csrc/jit/serialization
copying build/lib.linux-ppc64le-3.7/torch/include/torch/csrc/jit/serialization/export.h -> build/bdist.linux-ppc64le/wheel/torch/include/torch/csrc/jit/serialization
copying build/lib.linux-ppc64le-3.7/torch/include/torch/csrc/jit/serialization/pickle.h -> build/bdist.linux-ppc64le/wheel/torch/include/torch/csrc/jit/serialization
copying build/lib.linux-ppc64le-3.7/torch/include/torch/csrc/jit/serialization/unpickler.h -> build/bdist.linux-ppc64le/wheel/torch/include/torch/csrc/jit/serialization
copying build/lib.linux-ppc64le-3.7/torch/include/torch/csrc/jit/serialization/import_export_helpers.h -> build/bdist.linux-ppc64le/wheel/torch/include/torch/csrc/jit/serialization
copying build/lib.linux-ppc64le-3.7/torch/include/torch/csrc/jit/serialization/import_source.h -> build/bdist.linux-ppc64le/wheel/torch/include/torch/csrc/jit/serialization
copying build/lib.linux-ppc64le-3.7/torch/include/torch/csrc/jit/serialization/type_name_uniquer.h -> build/bdist.linux-ppc64le/wheel/torch/include/torch/csrc/jit/serialization
copying build/lib.linux-ppc64le-3.7/torch/include/torch/csrc/jit/serialization/pickler.h -> build/bdist.linux-ppc64le/wheel/torch/include/torch/csrc/jit/serialization
copying build/lib.linux-ppc64le-3.7/torch/include/torch/csrc/jit/serialization/import_export_functions.h -> build/bdist.linux-ppc64le/wheel/torch/include/torch/csrc/jit/serialization
copying build/lib.linux-ppc64le-3.7/torch/include/torch/csrc/jit/serialization/import_legacy.h -> build/bdist.linux-ppc64le/wheel/torch/include/torch/csrc/jit/serialization
copying build/lib.linux-ppc64le-3.7/torch/include/torch/csrc/jit/serialization/import_export_constants.h -> build/bdist.linux-ppc64le/wheel/torch/include/torch/csrc/jit/serialization
copying build/lib.linux-ppc64le-3.7/torch/include/torch/csrc/jit/serialization/python_print.h -> build/bdist.linux-ppc64le/wheel/torch/include/torch/csrc/jit/serialization
copying build/lib.linux-ppc64le-3.7/torch/include/torch/csrc/jit/serialization/import.h -> build/bdist.linux-ppc64le/wheel/torch/include/torch/csrc/jit/serialization
copying build/lib.linux-ppc64le-3.7/torch/include/torch/csrc/jit/serialization/source_range_serialization.h -> build/bdist.linux-ppc64le/wheel/torch/include/torch/csrc/jit/serialization
copying build/lib.linux-ppc64le-3.7/torch/include/torch/csrc/jit/serialization/source_range_serialization_impl.h -> build/bdist.linux-ppc64le/wheel/torch/include/torch/csrc/jit/serialization
creating build/bdist.linux-ppc64le/wheel/torch/include/torch/csrc/jit/backends
copying build/lib.linux-ppc64le-3.7/torch/include/torch/csrc/jit/backends/backend_resolver.h -> build/bdist.linux-ppc64le/wheel/torch/include/torch/csrc/jit/backends
copying build/lib.linux-ppc64le-3.7/torch/include/torch/csrc/jit/backends/backend_init.h -> build/bdist.linux-ppc64le/wheel/torch/include/torch/csrc/jit/backends
copying build/lib.linux-ppc64le-3.7/torch/include/torch/csrc/jit/backends/backend_detail.h -> build/bdist.linux-ppc64le/wheel/torch/include/torch/csrc/jit/backends
copying build/lib.linux-ppc64le-3.7/torch/include/torch/csrc/jit/backends/backend.h -> build/bdist.linux-ppc64le/wheel/torch/include/torch/csrc/jit/backends
copying build/lib.linux-ppc64le-3.7/torch/include/torch/csrc/jit/backends/backend_interface.h -> build/bdist.linux-ppc64le/wheel/torch/include/torch/csrc/jit/backends
creating build/bdist.linux-ppc64le/wheel/torch/include/torch/csrc/jit/api
copying build/lib.linux-ppc64le-3.7/torch/include/torch/csrc/jit/api/function_impl.h -> build/bdist.linux-ppc64le/wheel/torch/include/torch/csrc/jit/api
copying build/lib.linux-ppc64le-3.7/torch/include/torch/csrc/jit/api/module.h -> build/bdist.linux-ppc64le/wheel/torch/include/torch/csrc/jit/api
copying build/lib.linux-ppc64le-3.7/torch/include/torch/csrc/jit/api/compilation_unit.h -> build/bdist.linux-ppc64le/wheel/torch/include/torch/csrc/jit/api
copying build/lib.linux-ppc64le-3.7/torch/include/torch/csrc/jit/api/object.h -> build/bdist.linux-ppc64le/wheel/torch/include/torch/csrc/jit/api
copying build/lib.linux-ppc64le-3.7/torch/include/torch/csrc/jit/api/method.h -> build/bdist.linux-ppc64le/wheel/torch/include/torch/csrc/jit/api
creating build/bdist.linux-ppc64le/wheel/torch/include/torch/csrc/jit/testing
copying build/lib.linux-ppc64le-3.7/torch/include/torch/csrc/jit/testing/hooks_for_testing.h -> build/bdist.linux-ppc64le/wheel/torch/include/torch/csrc/jit/testing
copying build/lib.linux-ppc64le-3.7/torch/include/torch/csrc/jit/testing/file_check.h -> build/bdist.linux-ppc64le/wheel/torch/include/torch/csrc/jit/testing
copying build/lib.linux-ppc64le-3.7/torch/include/torch/csrc/jit/resource_guard.h -> build/bdist.linux-ppc64le/wheel/torch/include/torch/csrc/jit
creating build/bdist.linux-ppc64le/wheel/torch/include/torch/csrc/jit/ir
copying build/lib.linux-ppc64le-3.7/torch/include/torch/csrc/jit/ir/subgraph_matcher.h -> build/bdist.linux-ppc64le/wheel/torch/include/torch/csrc/jit/ir
copying build/lib.linux-ppc64le-3.7/torch/include/torch/csrc/jit/ir/ir.h -> build/bdist.linux-ppc64le/wheel/torch/include/torch/csrc/jit/ir
copying build/lib.linux-ppc64le-3.7/torch/include/torch/csrc/jit/ir/type_hashing.h -> build/bdist.linux-ppc64le/wheel/torch/include/torch/csrc/jit/ir
copying build/lib.linux-ppc64le-3.7/torch/include/torch/csrc/jit/ir/scope.h -> build/bdist.linux-ppc64le/wheel/torch/include/torch/csrc/jit/ir
copying build/lib.linux-ppc64le-3.7/torch/include/torch/csrc/jit/ir/attributes.h -> build/bdist.linux-ppc64le/wheel/torch/include/torch/csrc/jit/ir
copying build/lib.linux-ppc64le-3.7/torch/include/torch/csrc/jit/ir/graph_node_list.h -> build/bdist.linux-ppc64le/wheel/torch/include/torch/csrc/jit/ir
copying build/lib.linux-ppc64le-3.7/torch/include/torch/csrc/jit/ir/irparser.h -> build/bdist.linux-ppc64le/wheel/torch/include/torch/csrc/jit/ir
copying build/lib.linux-ppc64le-3.7/torch/include/torch/csrc/jit/ir/named_value.h -> build/bdist.linux-ppc64le/wheel/torch/include/torch/csrc/jit/ir
copying build/lib.linux-ppc64le-3.7/torch/include/torch/csrc/jit/ir/ir_views.h -> build/bdist.linux-ppc64le/wheel/torch/include/torch/csrc/jit/ir
copying build/lib.linux-ppc64le-3.7/torch/include/torch/csrc/jit/ir/alias_analysis.h -> build/bdist.linux-ppc64le/wheel/torch/include/torch/csrc/jit/ir
copying build/lib.linux-ppc64le-3.7/torch/include/torch/csrc/jit/ir/constants.h -> build/bdist.linux-ppc64le/wheel/torch/include/torch/csrc/jit/ir
copying build/lib.linux-ppc64le-3.7/torch/include/torch/csrc/jit/ir/node_hashing.h -> build/bdist.linux-ppc64le/wheel/torch/include/torch/csrc/jit/ir
creating build/bdist.linux-ppc64le/wheel/torch/include/torch/csrc/jit/frontend
copying build/lib.linux-ppc64le-3.7/torch/include/torch/csrc/jit/frontend/sugared_value.h -> build/bdist.linux-ppc64le/wheel/torch/include/torch/csrc/jit/frontend
copying build/lib.linux-ppc64le-3.7/torch/include/torch/csrc/jit/frontend/tree_views.h -> build/bdist.linux-ppc64le/wheel/torch/include/torch/csrc/jit/frontend
copying build/lib.linux-ppc64le-3.7/torch/include/torch/csrc/jit/frontend/schema_type_parser.h -> build/bdist.linux-ppc64le/wheel/torch/include/torch/csrc/jit/frontend
copying build/lib.linux-ppc64le-3.7/torch/include/torch/csrc/jit/frontend/function_schema_parser.h -> build/bdist.linux-ppc64le/wheel/torch/include/torch/csrc/jit/frontend
copying build/lib.linux-ppc64le-3.7/torch/include/torch/csrc/jit/frontend/source_range.h -> build/bdist.linux-ppc64le/wheel/torch/include/torch/csrc/jit/frontend
copying build/lib.linux-ppc64le-3.7/torch/include/torch/csrc/jit/frontend/convert_to_ssa.h -> build/bdist.linux-ppc64le/wheel/torch/include/torch/csrc/jit/frontend
copying build/lib.linux-ppc64le-3.7/torch/include/torch/csrc/jit/frontend/concrete_module_type.h -> build/bdist.linux-ppc64le/wheel/torch/include/torch/csrc/jit/frontend
copying build/lib.linux-ppc64le-3.7/torch/include/torch/csrc/jit/frontend/script_type_parser.h -> build/bdist.linux-ppc64le/wheel/torch/include/torch/csrc/jit/frontend
copying build/lib.linux-ppc64le-3.7/torch/include/torch/csrc/jit/frontend/lexer.h -> build/bdist.linux-ppc64le/wheel/torch/include/torch/csrc/jit/frontend
copying build/lib.linux-ppc64le-3.7/torch/include/torch/csrc/jit/frontend/inline_loop_condition.h -> build/bdist.linux-ppc64le/wheel/torch/include/torch/csrc/jit/frontend
copying build/lib.linux-ppc64le-3.7/torch/include/torch/csrc/jit/frontend/canonicalize_modified_loop.h -> build/bdist.linux-ppc64le/wheel/torch/include/torch/csrc/jit/frontend
copying build/lib.linux-ppc64le-3.7/torch/include/torch/csrc/jit/frontend/parse_string_literal.h -> build/bdist.linux-ppc64le/wheel/torch/include/torch/csrc/jit/frontend
copying build/lib.linux-ppc64le-3.7/torch/include/torch/csrc/jit/frontend/mini_environment.h -> build/bdist.linux-ppc64le/wheel/torch/include/torch/csrc/jit/frontend
copying build/lib.linux-ppc64le-3.7/torch/include/torch/csrc/jit/frontend/edit_distance.h -> build/bdist.linux-ppc64le/wheel/torch/include/torch/csrc/jit/frontend
copying build/lib.linux-ppc64le-3.7/torch/include/torch/csrc/jit/frontend/parser_constants.h -> build/bdist.linux-ppc64le/wheel/torch/include/torch/csrc/jit/frontend
copying build/lib.linux-ppc64le-3.7/torch/include/torch/csrc/jit/frontend/strtod.h -> build/bdist.linux-ppc64le/wheel/torch/include/torch/csrc/jit/frontend
copying build/lib.linux-ppc64le-3.7/torch/include/torch/csrc/jit/frontend/builtin_functions.h -> build/bdist.linux-ppc64le/wheel/torch/include/torch/csrc/jit/frontend
copying build/lib.linux-ppc64le-3.7/torch/include/torch/csrc/jit/frontend/tracer.h -> build/bdist.linux-ppc64le/wheel/torch/include/torch/csrc/jit/frontend
copying build/lib.linux-ppc64le-3.7/torch/include/torch/csrc/jit/frontend/code_template.h -> build/bdist.linux-ppc64le/wheel/torch/include/torch/csrc/jit/frontend
copying build/lib.linux-ppc64le-3.7/torch/include/torch/csrc/jit/frontend/schema_matching.h -> build/bdist.linux-ppc64le/wheel/torch/include/torch/csrc/jit/frontend
copying build/lib.linux-ppc64le-3.7/torch/include/torch/csrc/jit/frontend/resolver.h -> build/bdist.linux-ppc64le/wheel/torch/include/torch/csrc/jit/frontend
copying build/lib.linux-ppc64le-3.7/torch/include/torch/csrc/jit/frontend/parser.h -> build/bdist.linux-ppc64le/wheel/torch/include/torch/csrc/jit/frontend
copying build/lib.linux-ppc64le-3.7/torch/include/torch/csrc/jit/frontend/tree.h -> build/bdist.linux-ppc64le/wheel/torch/include/torch/csrc/jit/frontend
copying build/lib.linux-ppc64le-3.7/torch/include/torch/csrc/jit/frontend/error_report.h -> build/bdist.linux-ppc64le/wheel/torch/include/torch/csrc/jit/frontend
copying build/lib.linux-ppc64le-3.7/torch/include/torch/csrc/jit/frontend/exit_transforms.h -> build/bdist.linux-ppc64le/wheel/torch/include/torch/csrc/jit/frontend
copying build/lib.linux-ppc64le-3.7/torch/include/torch/csrc/jit/frontend/versioned_symbols.h -> build/bdist.linux-ppc64le/wheel/torch/include/torch/csrc/jit/frontend
copying build/lib.linux-ppc64le-3.7/torch/include/torch/csrc/jit/frontend/name_mangler.h -> build/bdist.linux-ppc64le/wheel/torch/include/torch/csrc/jit/frontend
copying build/lib.linux-ppc64le-3.7/torch/include/torch/csrc/jit/frontend/ir_emitter.h -> build/bdist.linux-ppc64le/wheel/torch/include/torch/csrc/jit/frontend
copying build/lib.linux-ppc64le-3.7/torch/include/torch/csrc/DataLoader.h -> build/bdist.linux-ppc64le/wheel/torch/include/torch/csrc
copying build/lib.linux-ppc64le-3.7/torch/include/torch/csrc/serialization.h -> build/bdist.linux-ppc64le/wheel/torch/include/torch/csrc
creating build/bdist.linux-ppc64le/wheel/torch/include/torch/csrc/api
creating build/bdist.linux-ppc64le/wheel/torch/include/torch/csrc/api/include
creating build/bdist.linux-ppc64le/wheel/torch/include/torch/csrc/api/include/torch
copying build/lib.linux-ppc64le-3.7/torch/include/torch/csrc/api/include/torch/enum.h -> build/bdist.linux-ppc64le/wheel/torch/include/torch/csrc/api/include/torch
creating build/bdist.linux-ppc64le/wheel/torch/include/torch/csrc/api/include/torch/detail
copying build/lib.linux-ppc64le-3.7/torch/include/torch/csrc/api/include/torch/detail/static.h -> build/bdist.linux-ppc64le/wheel/torch/include/torch/csrc/api/include/torch/detail
copying build/lib.linux-ppc64le-3.7/torch/include/torch/csrc/api/include/torch/detail/TensorDataContainer.h -> build/bdist.linux-ppc64le/wheel/torch/include/torch/csrc/api/include/torch/detail
copying build/lib.linux-ppc64le-3.7/torch/include/torch/csrc/api/include/torch/expanding_array.h -> build/bdist.linux-ppc64le/wheel/torch/include/torch/csrc/api/include/torch
creating build/bdist.linux-ppc64le/wheel/torch/include/torch/csrc/api/include/torch/optim
copying build/lib.linux-ppc64le-3.7/torch/include/torch/csrc/api/include/torch/optim/adamw.h -> build/bdist.linux-ppc64le/wheel/torch/include/torch/csrc/api/include/torch/optim
copying build/lib.linux-ppc64le-3.7/torch/include/torch/csrc/api/include/torch/optim/adam.h -> build/bdist.linux-ppc64le/wheel/torch/include/torch/csrc/api/include/torch/optim
copying build/lib.linux-ppc64le-3.7/torch/include/torch/csrc/api/include/torch/optim/optimizer.h -> build/bdist.linux-ppc64le/wheel/torch/include/torch/csrc/api/include/torch/optim
copying build/lib.linux-ppc64le-3.7/torch/include/torch/csrc/api/include/torch/optim/lbfgs.h -> build/bdist.linux-ppc64le/wheel/torch/include/torch/csrc/api/include/torch/optim
copying build/lib.linux-ppc64le-3.7/torch/include/torch/csrc/api/include/torch/optim/serialize.h -> build/bdist.linux-ppc64le/wheel/torch/include/torch/csrc/api/include/torch/optim
copying build/lib.linux-ppc64le-3.7/torch/include/torch/csrc/api/include/torch/optim/sgd.h -> build/bdist.linux-ppc64le/wheel/torch/include/torch/csrc/api/include/torch/optim
copying build/lib.linux-ppc64le-3.7/torch/include/torch/csrc/api/include/torch/optim/adagrad.h -> build/bdist.linux-ppc64le/wheel/torch/include/torch/csrc/api/include/torch/optim
copying build/lib.linux-ppc64le-3.7/torch/include/torch/csrc/api/include/torch/optim/rmsprop.h -> build/bdist.linux-ppc64le/wheel/torch/include/torch/csrc/api/include/torch/optim
copying build/lib.linux-ppc64le-3.7/torch/include/torch/csrc/api/include/torch/python.h -> build/bdist.linux-ppc64le/wheel/torch/include/torch/csrc/api/include/torch
copying build/lib.linux-ppc64le-3.7/torch/include/torch/csrc/api/include/torch/jit.h -> build/bdist.linux-ppc64le/wheel/torch/include/torch/csrc/api/include/torch
copying build/lib.linux-ppc64le-3.7/torch/include/torch/csrc/api/include/torch/nn.h -> build/bdist.linux-ppc64le/wheel/torch/include/torch/csrc/api/include/torch
copying build/lib.linux-ppc64le-3.7/torch/include/torch/csrc/api/include/torch/autograd.h -> build/bdist.linux-ppc64le/wheel/torch/include/torch/csrc/api/include/torch
copying build/lib.linux-ppc64le-3.7/torch/include/torch/csrc/api/include/torch/optim.h -> build/bdist.linux-ppc64le/wheel/torch/include/torch/csrc/api/include/torch
creating build/bdist.linux-ppc64le/wheel/torch/include/torch/csrc/api/include/torch/nn
copying build/lib.linux-ppc64le-3.7/torch/include/torch/csrc/api/include/torch/nn/cloneable.h -> build/bdist.linux-ppc64le/wheel/torch/include/torch/csrc/api/include/torch/nn
copying build/lib.linux-ppc64le-3.7/torch/include/torch/csrc/api/include/torch/nn/module.h -> build/bdist.linux-ppc64le/wheel/torch/include/torch/csrc/api/include/torch/nn
creating build/bdist.linux-ppc64le/wheel/torch/include/torch/csrc/api/include/torch/nn/functional
copying build/lib.linux-ppc64le-3.7/torch/include/torch/csrc/api/include/torch/nn/functional/pixelshuffle.h -> build/bdist.linux-ppc64le/wheel/torch/include/torch/csrc/api/include/torch/nn/functional
copying build/lib.linux-ppc64le-3.7/torch/include/torch/csrc/api/include/torch/nn/functional/activation.h -> build/bdist.linux-ppc64le/wheel/torch/include/torch/csrc/api/include/torch/nn/functional
copying build/lib.linux-ppc64le-3.7/torch/include/torch/csrc/api/include/torch/nn/functional/instancenorm.h -> build/bdist.linux-ppc64le/wheel/torch/include/torch/csrc/api/include/torch/nn/functional
copying build/lib.linux-ppc64le-3.7/torch/include/torch/csrc/api/include/torch/nn/functional/upsampling.h -> build/bdist.linux-ppc64le/wheel/torch/include/torch/csrc/api/include/torch/nn/functional
copying build/lib.linux-ppc64le-3.7/torch/include/torch/csrc/api/include/torch/nn/functional/linear.h -> build/bdist.linux-ppc64le/wheel/torch/include/torch/csrc/api/include/torch/nn/functional
copying build/lib.linux-ppc64le-3.7/torch/include/torch/csrc/api/include/torch/nn/functional/dropout.h -> build/bdist.linux-ppc64le/wheel/torch/include/torch/csrc/api/include/torch/nn/functional
copying build/lib.linux-ppc64le-3.7/torch/include/torch/csrc/api/include/torch/nn/functional/distance.h -> build/bdist.linux-ppc64le/wheel/torch/include/torch/csrc/api/include/torch/nn/functional
copying build/lib.linux-ppc64le-3.7/torch/include/torch/csrc/api/include/torch/nn/functional/padding.h -> build/bdist.linux-ppc64le/wheel/torch/include/torch/csrc/api/include/torch/nn/functional
copying build/lib.linux-ppc64le-3.7/torch/include/torch/csrc/api/include/torch/nn/functional/normalization.h -> build/bdist.linux-ppc64le/wheel/torch/include/torch/csrc/api/include/torch/nn/functional
copying build/lib.linux-ppc64le-3.7/torch/include/torch/csrc/api/include/torch/nn/functional/embedding.h -> build/bdist.linux-ppc64le/wheel/torch/include/torch/csrc/api/include/torch/nn/functional
copying build/lib.linux-ppc64le-3.7/torch/include/torch/csrc/api/include/torch/nn/functional/conv.h -> build/bdist.linux-ppc64le/wheel/torch/include/torch/csrc/api/include/torch/nn/functional
copying build/lib.linux-ppc64le-3.7/torch/include/torch/csrc/api/include/torch/nn/functional/vision.h -> build/bdist.linux-ppc64le/wheel/torch/include/torch/csrc/api/include/torch/nn/functional
copying build/lib.linux-ppc64le-3.7/torch/include/torch/csrc/api/include/torch/nn/functional/loss.h -> build/bdist.linux-ppc64le/wheel/torch/include/torch/csrc/api/include/torch/nn/functional
copying build/lib.linux-ppc64le-3.7/torch/include/torch/csrc/api/include/torch/nn/functional/batchnorm.h -> build/bdist.linux-ppc64le/wheel/torch/include/torch/csrc/api/include/torch/nn/functional
copying build/lib.linux-ppc64le-3.7/torch/include/torch/csrc/api/include/torch/nn/functional/fold.h -> build/bdist.linux-ppc64le/wheel/torch/include/torch/csrc/api/include/torch/nn/functional
copying build/lib.linux-ppc64le-3.7/torch/include/torch/csrc/api/include/torch/nn/functional/pooling.h -> build/bdist.linux-ppc64le/wheel/torch/include/torch/csrc/api/include/torch/nn/functional
creating build/bdist.linux-ppc64le/wheel/torch/include/torch/csrc/api/include/torch/nn/utils
copying build/lib.linux-ppc64le-3.7/torch/include/torch/csrc/api/include/torch/nn/utils/rnn.h -> build/bdist.linux-ppc64le/wheel/torch/include/torch/csrc/api/include/torch/nn/utils
copying build/lib.linux-ppc64le-3.7/torch/include/torch/csrc/api/include/torch/nn/utils/clip_grad.h -> build/bdist.linux-ppc64le/wheel/torch/include/torch/csrc/api/include/torch/nn/utils
copying build/lib.linux-ppc64le-3.7/torch/include/torch/csrc/api/include/torch/nn/utils/convert_parameters.h -> build/bdist.linux-ppc64le/wheel/torch/include/torch/csrc/api/include/torch/nn/utils
copying build/lib.linux-ppc64le-3.7/torch/include/torch/csrc/api/include/torch/nn/functional.h -> build/bdist.linux-ppc64le/wheel/torch/include/torch/csrc/api/include/torch/nn
copying build/lib.linux-ppc64le-3.7/torch/include/torch/csrc/api/include/torch/nn/modules.h -> build/bdist.linux-ppc64le/wheel/torch/include/torch/csrc/api/include/torch/nn
copying build/lib.linux-ppc64le-3.7/torch/include/torch/csrc/api/include/torch/nn/init.h -> build/bdist.linux-ppc64le/wheel/torch/include/torch/csrc/api/include/torch/nn
copying build/lib.linux-ppc64le-3.7/torch/include/torch/csrc/api/include/torch/nn/pimpl-inl.h -> build/bdist.linux-ppc64le/wheel/torch/include/torch/csrc/api/include/torch/nn
creating build/bdist.linux-ppc64le/wheel/torch/include/torch/csrc/api/include/torch/nn/parallel
copying build/lib.linux-ppc64le-3.7/torch/include/torch/csrc/api/include/torch/nn/parallel/data_parallel.h -> build/bdist.linux-ppc64le/wheel/torch/include/torch/csrc/api/include/torch/nn/parallel
creating build/bdist.linux-ppc64le/wheel/torch/include/torch/csrc/api/include/torch/nn/options
copying build/lib.linux-ppc64le-3.7/torch/include/torch/csrc/api/include/torch/nn/options/pixelshuffle.h -> build/bdist.linux-ppc64le/wheel/torch/include/torch/csrc/api/include/torch/nn/options
copying build/lib.linux-ppc64le-3.7/torch/include/torch/csrc/api/include/torch/nn/options/rnn.h -> build/bdist.linux-ppc64le/wheel/torch/include/torch/csrc/api/include/torch/nn/options
copying build/lib.linux-ppc64le-3.7/torch/include/torch/csrc/api/include/torch/nn/options/activation.h -> build/bdist.linux-ppc64le/wheel/torch/include/torch/csrc/api/include/torch/nn/options
copying build/lib.linux-ppc64le-3.7/torch/include/torch/csrc/api/include/torch/nn/options/instancenorm.h -> build/bdist.linux-ppc64le/wheel/torch/include/torch/csrc/api/include/torch/nn/options
copying build/lib.linux-ppc64le-3.7/torch/include/torch/csrc/api/include/torch/nn/options/upsampling.h -> build/bdist.linux-ppc64le/wheel/torch/include/torch/csrc/api/include/torch/nn/options
copying build/lib.linux-ppc64le-3.7/torch/include/torch/csrc/api/include/torch/nn/options/linear.h -> build/bdist.linux-ppc64le/wheel/torch/include/torch/csrc/api/include/torch/nn/options
copying build/lib.linux-ppc64le-3.7/torch/include/torch/csrc/api/include/torch/nn/options/dropout.h -> build/bdist.linux-ppc64le/wheel/torch/include/torch/csrc/api/include/torch/nn/options
copying build/lib.linux-ppc64le-3.7/torch/include/torch/csrc/api/include/torch/nn/options/distance.h -> build/bdist.linux-ppc64le/wheel/torch/include/torch/csrc/api/include/torch/nn/options
copying build/lib.linux-ppc64le-3.7/torch/include/torch/csrc/api/include/torch/nn/options/padding.h -> build/bdist.linux-ppc64le/wheel/torch/include/torch/csrc/api/include/torch/nn/options
copying build/lib.linux-ppc64le-3.7/torch/include/torch/csrc/api/include/torch/nn/options/normalization.h -> build/bdist.linux-ppc64le/wheel/torch/include/torch/csrc/api/include/torch/nn/options
copying build/lib.linux-ppc64le-3.7/torch/include/torch/csrc/api/include/torch/nn/options/embedding.h -> build/bdist.linux-ppc64le/wheel/torch/include/torch/csrc/api/include/torch/nn/options
copying build/lib.linux-ppc64le-3.7/torch/include/torch/csrc/api/include/torch/nn/options/conv.h -> build/bdist.linux-ppc64le/wheel/torch/include/torch/csrc/api/include/torch/nn/options
copying build/lib.linux-ppc64le-3.7/torch/include/torch/csrc/api/include/torch/nn/options/vision.h -> build/bdist.linux-ppc64le/wheel/torch/include/torch/csrc/api/include/torch/nn/options
copying build/lib.linux-ppc64le-3.7/torch/include/torch/csrc/api/include/torch/nn/options/adaptive.h -> build/bdist.linux-ppc64le/wheel/torch/include/torch/csrc/api/include/torch/nn/options
copying build/lib.linux-ppc64le-3.7/torch/include/torch/csrc/api/include/torch/nn/options/loss.h -> build/bdist.linux-ppc64le/wheel/torch/include/torch/csrc/api/include/torch/nn/options
copying build/lib.linux-ppc64le-3.7/torch/include/torch/csrc/api/include/torch/nn/options/batchnorm.h -> build/bdist.linux-ppc64le/wheel/torch/include/torch/csrc/api/include/torch/nn/options
copying build/lib.linux-ppc64le-3.7/torch/include/torch/csrc/api/include/torch/nn/options/fold.h -> build/bdist.linux-ppc64le/wheel/torch/include/torch/csrc/api/include/torch/nn/options
copying build/lib.linux-ppc64le-3.7/torch/include/torch/csrc/api/include/torch/nn/options/pooling.h -> build/bdist.linux-ppc64le/wheel/torch/include/torch/csrc/api/include/torch/nn/options
copying build/lib.linux-ppc64le-3.7/torch/include/torch/csrc/api/include/torch/nn/options.h -> build/bdist.linux-ppc64le/wheel/torch/include/torch/csrc/api/include/torch/nn
creating build/bdist.linux-ppc64le/wheel/torch/include/torch/csrc/api/include/torch/nn/modules
copying build/lib.linux-ppc64le-3.7/torch/include/torch/csrc/api/include/torch/nn/modules/pixelshuffle.h -> build/bdist.linux-ppc64le/wheel/torch/include/torch/csrc/api/include/torch/nn/modules
copying build/lib.linux-ppc64le-3.7/torch/include/torch/csrc/api/include/torch/nn/modules/rnn.h -> build/bdist.linux-ppc64le/wheel/torch/include/torch/csrc/api/include/torch/nn/modules
copying build/lib.linux-ppc64le-3.7/torch/include/torch/csrc/api/include/torch/nn/modules/activation.h -> build/bdist.linux-ppc64le/wheel/torch/include/torch/csrc/api/include/torch/nn/modules
copying build/lib.linux-ppc64le-3.7/torch/include/torch/csrc/api/include/torch/nn/modules/instancenorm.h -> build/bdist.linux-ppc64le/wheel/torch/include/torch/csrc/api/include/torch/nn/modules
copying build/lib.linux-ppc64le-3.7/torch/include/torch/csrc/api/include/torch/nn/modules/common.h -> build/bdist.linux-ppc64le/wheel/torch/include/torch/csrc/api/include/torch/nn/modules
copying build/lib.linux-ppc64le-3.7/torch/include/torch/csrc/api/include/torch/nn/modules/upsampling.h -> build/bdist.linux-ppc64le/wheel/torch/include/torch/csrc/api/include/torch/nn/modules
copying build/lib.linux-ppc64le-3.7/torch/include/torch/csrc/api/include/torch/nn/modules/_functions.h -> build/bdist.linux-ppc64le/wheel/torch/include/torch/csrc/api/include/torch/nn/modules
copying build/lib.linux-ppc64le-3.7/torch/include/torch/csrc/api/include/torch/nn/modules/linear.h -> build/bdist.linux-ppc64le/wheel/torch/include/torch/csrc/api/include/torch/nn/modules
copying build/lib.linux-ppc64le-3.7/torch/include/torch/csrc/api/include/torch/nn/modules/dropout.h -> build/bdist.linux-ppc64le/wheel/torch/include/torch/csrc/api/include/torch/nn/modules
copying build/lib.linux-ppc64le-3.7/torch/include/torch/csrc/api/include/torch/nn/modules/distance.h -> build/bdist.linux-ppc64le/wheel/torch/include/torch/csrc/api/include/torch/nn/modules
copying build/lib.linux-ppc64le-3.7/torch/include/torch/csrc/api/include/torch/nn/modules/padding.h -> build/bdist.linux-ppc64le/wheel/torch/include/torch/csrc/api/include/torch/nn/modules
copying build/lib.linux-ppc64le-3.7/torch/include/torch/csrc/api/include/torch/nn/modules/normalization.h -> build/bdist.linux-ppc64le/wheel/torch/include/torch/csrc/api/include/torch/nn/modules
copying build/lib.linux-ppc64le-3.7/torch/include/torch/csrc/api/include/torch/nn/modules/embedding.h -> build/bdist.linux-ppc64le/wheel/torch/include/torch/csrc/api/include/torch/nn/modules
copying build/lib.linux-ppc64le-3.7/torch/include/torch/csrc/api/include/torch/nn/modules/conv.h -> build/bdist.linux-ppc64le/wheel/torch/include/torch/csrc/api/include/torch/nn/modules
creating build/bdist.linux-ppc64le/wheel/torch/include/torch/csrc/api/include/torch/nn/modules/container
copying build/lib.linux-ppc64le-3.7/torch/include/torch/csrc/api/include/torch/nn/modules/container/named_any.h -> build/bdist.linux-ppc64le/wheel/torch/include/torch/csrc/api/include/torch/nn/modules/container
copying build/lib.linux-ppc64le-3.7/torch/include/torch/csrc/api/include/torch/nn/modules/container/modulelist.h -> build/bdist.linux-ppc64le/wheel/torch/include/torch/csrc/api/include/torch/nn/modules/container
copying build/lib.linux-ppc64le-3.7/torch/include/torch/csrc/api/include/torch/nn/modules/container/functional.h -> build/bdist.linux-ppc64le/wheel/torch/include/torch/csrc/api/include/torch/nn/modules/container
copying build/lib.linux-ppc64le-3.7/torch/include/torch/csrc/api/include/torch/nn/modules/container/any_module_holder.h -> build/bdist.linux-ppc64le/wheel/torch/include/torch/csrc/api/include/torch/nn/modules/container
copying build/lib.linux-ppc64le-3.7/torch/include/torch/csrc/api/include/torch/nn/modules/container/any_value.h -> build/bdist.linux-ppc64le/wheel/torch/include/torch/csrc/api/include/torch/nn/modules/container
copying build/lib.linux-ppc64le-3.7/torch/include/torch/csrc/api/include/torch/nn/modules/container/parameterlist.h -> build/bdist.linux-ppc64le/wheel/torch/include/torch/csrc/api/include/torch/nn/modules/container
copying build/lib.linux-ppc64le-3.7/torch/include/torch/csrc/api/include/torch/nn/modules/container/any.h -> build/bdist.linux-ppc64le/wheel/torch/include/torch/csrc/api/include/torch/nn/modules/container
copying build/lib.linux-ppc64le-3.7/torch/include/torch/csrc/api/include/torch/nn/modules/container/sequential.h -> build/bdist.linux-ppc64le/wheel/torch/include/torch/csrc/api/include/torch/nn/modules/container
copying build/lib.linux-ppc64le-3.7/torch/include/torch/csrc/api/include/torch/nn/modules/container/parameterdict.h -> build/bdist.linux-ppc64le/wheel/torch/include/torch/csrc/api/include/torch/nn/modules/container
copying build/lib.linux-ppc64le-3.7/torch/include/torch/csrc/api/include/torch/nn/modules/adaptive.h -> build/bdist.linux-ppc64le/wheel/torch/include/torch/csrc/api/include/torch/nn/modules
copying build/lib.linux-ppc64le-3.7/torch/include/torch/csrc/api/include/torch/nn/modules/loss.h -> build/bdist.linux-ppc64le/wheel/torch/include/torch/csrc/api/include/torch/nn/modules
copying build/lib.linux-ppc64le-3.7/torch/include/torch/csrc/api/include/torch/nn/modules/batchnorm.h -> build/bdist.linux-ppc64le/wheel/torch/include/torch/csrc/api/include/torch/nn/modules
copying build/lib.linux-ppc64le-3.7/torch/include/torch/csrc/api/include/torch/nn/modules/fold.h -> build/bdist.linux-ppc64le/wheel/torch/include/torch/csrc/api/include/torch/nn/modules
copying build/lib.linux-ppc64le-3.7/torch/include/torch/csrc/api/include/torch/nn/modules/pooling.h -> build/bdist.linux-ppc64le/wheel/torch/include/torch/csrc/api/include/torch/nn/modules
copying build/lib.linux-ppc64le-3.7/torch/include/torch/csrc/api/include/torch/nn/modules/utils.h -> build/bdist.linux-ppc64le/wheel/torch/include/torch/csrc/api/include/torch/nn/modules
copying build/lib.linux-ppc64le-3.7/torch/include/torch/csrc/api/include/torch/nn/pimpl.h -> build/bdist.linux-ppc64le/wheel/torch/include/torch/csrc/api/include/torch/nn
copying build/lib.linux-ppc64le-3.7/torch/include/torch/csrc/api/include/torch/nn/utils.h -> build/bdist.linux-ppc64le/wheel/torch/include/torch/csrc/api/include/torch/nn
copying build/lib.linux-ppc64le-3.7/torch/include/torch/csrc/api/include/torch/serialize.h -> build/bdist.linux-ppc64le/wheel/torch/include/torch/csrc/api/include/torch
copying build/lib.linux-ppc64le-3.7/torch/include/torch/csrc/api/include/torch/torch.h -> build/bdist.linux-ppc64le/wheel/torch/include/torch/csrc/api/include/torch
creating build/bdist.linux-ppc64le/wheel/torch/include/torch/csrc/api/include/torch/serialize
copying build/lib.linux-ppc64le-3.7/torch/include/torch/csrc/api/include/torch/serialize/tensor.h -> build/bdist.linux-ppc64le/wheel/torch/include/torch/csrc/api/include/torch/serialize
copying build/lib.linux-ppc64le-3.7/torch/include/torch/csrc/api/include/torch/serialize/input-archive.h -> build/bdist.linux-ppc64le/wheel/torch/include/torch/csrc/api/include/torch/serialize
copying build/lib.linux-ppc64le-3.7/torch/include/torch/csrc/api/include/torch/serialize/output-archive.h -> build/bdist.linux-ppc64le/wheel/torch/include/torch/csrc/api/include/torch/serialize
copying build/lib.linux-ppc64le-3.7/torch/include/torch/csrc/api/include/torch/serialize/archive.h -> build/bdist.linux-ppc64le/wheel/torch/include/torch/csrc/api/include/torch/serialize
copying build/lib.linux-ppc64le-3.7/torch/include/torch/csrc/api/include/torch/cuda.h -> build/bdist.linux-ppc64le/wheel/torch/include/torch/csrc/api/include/torch
copying build/lib.linux-ppc64le-3.7/torch/include/torch/csrc/api/include/torch/ordered_dict.h -> build/bdist.linux-ppc64le/wheel/torch/include/torch/csrc/api/include/torch
copying build/lib.linux-ppc64le-3.7/torch/include/torch/csrc/api/include/torch/data.h -> build/bdist.linux-ppc64le/wheel/torch/include/torch/csrc/api/include/torch
copying build/lib.linux-ppc64le-3.7/torch/include/torch/csrc/api/include/torch/all.h -> build/bdist.linux-ppc64le/wheel/torch/include/torch/csrc/api/include/torch
copying build/lib.linux-ppc64le-3.7/torch/include/torch/csrc/api/include/torch/types.h -> build/bdist.linux-ppc64le/wheel/torch/include/torch/csrc/api/include/torch
creating build/bdist.linux-ppc64le/wheel/torch/include/torch/csrc/api/include/torch/data
copying build/lib.linux-ppc64le-3.7/torch/include/torch/csrc/api/include/torch/data/worker_exception.h -> build/bdist.linux-ppc64le/wheel/torch/include/torch/csrc/api/include/torch/data
creating build/bdist.linux-ppc64le/wheel/torch/include/torch/csrc/api/include/torch/data/datasets
copying build/lib.linux-ppc64le-3.7/torch/include/torch/csrc/api/include/torch/data/datasets/mnist.h -> build/bdist.linux-ppc64le/wheel/torch/include/torch/csrc/api/include/torch/data/datasets
copying build/lib.linux-ppc64le-3.7/torch/include/torch/csrc/api/include/torch/data/datasets/map.h -> build/bdist.linux-ppc64le/wheel/torch/include/torch/csrc/api/include/torch/data/datasets
copying build/lib.linux-ppc64le-3.7/torch/include/torch/csrc/api/include/torch/data/datasets/tensor.h -> build/bdist.linux-ppc64le/wheel/torch/include/torch/csrc/api/include/torch/data/datasets
copying build/lib.linux-ppc64le-3.7/torch/include/torch/csrc/api/include/torch/data/datasets/chunk.h -> build/bdist.linux-ppc64le/wheel/torch/include/torch/csrc/api/include/torch/data/datasets
copying build/lib.linux-ppc64le-3.7/torch/include/torch/csrc/api/include/torch/data/datasets/shared.h -> build/bdist.linux-ppc64le/wheel/torch/include/torch/csrc/api/include/torch/data/datasets
copying build/lib.linux-ppc64le-3.7/torch/include/torch/csrc/api/include/torch/data/datasets/base.h -> build/bdist.linux-ppc64le/wheel/torch/include/torch/csrc/api/include/torch/data/datasets
copying build/lib.linux-ppc64le-3.7/torch/include/torch/csrc/api/include/torch/data/datasets/stateful.h -> build/bdist.linux-ppc64le/wheel/torch/include/torch/csrc/api/include/torch/data/datasets
creating build/bdist.linux-ppc64le/wheel/torch/include/torch/csrc/api/include/torch/data/detail
copying build/lib.linux-ppc64le-3.7/torch/include/torch/csrc/api/include/torch/data/detail/sequencers.h -> build/bdist.linux-ppc64le/wheel/torch/include/torch/csrc/api/include/torch/data/detail
copying build/lib.linux-ppc64le-3.7/torch/include/torch/csrc/api/include/torch/data/detail/queue.h -> build/bdist.linux-ppc64le/wheel/torch/include/torch/csrc/api/include/torch/data/detail
copying build/lib.linux-ppc64le-3.7/torch/include/torch/csrc/api/include/torch/data/detail/data_shuttle.h -> build/bdist.linux-ppc64le/wheel/torch/include/torch/csrc/api/include/torch/data/detail
copying build/lib.linux-ppc64le-3.7/torch/include/torch/csrc/api/include/torch/data/example.h -> build/bdist.linux-ppc64le/wheel/torch/include/torch/csrc/api/include/torch/data
creating build/bdist.linux-ppc64le/wheel/torch/include/torch/csrc/api/include/torch/data/transforms
copying build/lib.linux-ppc64le-3.7/torch/include/torch/csrc/api/include/torch/data/transforms/tensor.h -> build/bdist.linux-ppc64le/wheel/torch/include/torch/csrc/api/include/torch/data/transforms
copying build/lib.linux-ppc64le-3.7/torch/include/torch/csrc/api/include/torch/data/transforms/collate.h -> build/bdist.linux-ppc64le/wheel/torch/include/torch/csrc/api/include/torch/data/transforms
copying build/lib.linux-ppc64le-3.7/torch/include/torch/csrc/api/include/torch/data/transforms/stack.h -> build/bdist.linux-ppc64le/wheel/torch/include/torch/csrc/api/include/torch/data/transforms
copying build/lib.linux-ppc64le-3.7/torch/include/torch/csrc/api/include/torch/data/transforms/base.h -> build/bdist.linux-ppc64le/wheel/torch/include/torch/csrc/api/include/torch/data/transforms
copying build/lib.linux-ppc64le-3.7/torch/include/torch/csrc/api/include/torch/data/transforms/lambda.h -> build/bdist.linux-ppc64le/wheel/torch/include/torch/csrc/api/include/torch/data/transforms
copying build/lib.linux-ppc64le-3.7/torch/include/torch/csrc/api/include/torch/data/iterator.h -> build/bdist.linux-ppc64le/wheel/torch/include/torch/csrc/api/include/torch/data
copying build/lib.linux-ppc64le-3.7/torch/include/torch/csrc/api/include/torch/data/datasets.h -> build/bdist.linux-ppc64le/wheel/torch/include/torch/csrc/api/include/torch/data
creating build/bdist.linux-ppc64le/wheel/torch/include/torch/csrc/api/include/torch/data/dataloader
copying build/lib.linux-ppc64le-3.7/torch/include/torch/csrc/api/include/torch/data/dataloader/stateless.h -> build/bdist.linux-ppc64le/wheel/torch/include/torch/csrc/api/include/torch/data/dataloader
copying build/lib.linux-ppc64le-3.7/torch/include/torch/csrc/api/include/torch/data/dataloader/base.h -> build/bdist.linux-ppc64le/wheel/torch/include/torch/csrc/api/include/torch/data/dataloader
copying build/lib.linux-ppc64le-3.7/torch/include/torch/csrc/api/include/torch/data/dataloader/stateful.h -> build/bdist.linux-ppc64le/wheel/torch/include/torch/csrc/api/include/torch/data/dataloader
copying build/lib.linux-ppc64le-3.7/torch/include/torch/csrc/api/include/torch/data/dataloader.h -> build/bdist.linux-ppc64le/wheel/torch/include/torch/csrc/api/include/torch/data
copying build/lib.linux-ppc64le-3.7/torch/include/torch/csrc/api/include/torch/data/dataloader_options.h -> build/bdist.linux-ppc64le/wheel/torch/include/torch/csrc/api/include/torch/data
copying build/lib.linux-ppc64le-3.7/torch/include/torch/csrc/api/include/torch/data/transforms.h -> build/bdist.linux-ppc64le/wheel/torch/include/torch/csrc/api/include/torch/data
copying build/lib.linux-ppc64le-3.7/torch/include/torch/csrc/api/include/torch/data/samplers.h -> build/bdist.linux-ppc64le/wheel/torch/include/torch/csrc/api/include/torch/data
creating build/bdist.linux-ppc64le/wheel/torch/include/torch/csrc/api/include/torch/data/samplers
copying build/lib.linux-ppc64le-3.7/torch/include/torch/csrc/api/include/torch/data/samplers/serialize.h -> build/bdist.linux-ppc64le/wheel/torch/include/torch/csrc/api/include/torch/data/samplers
copying build/lib.linux-ppc64le-3.7/torch/include/torch/csrc/api/include/torch/data/samplers/base.h -> build/bdist.linux-ppc64le/wheel/torch/include/torch/csrc/api/include/torch/data/samplers
copying build/lib.linux-ppc64le-3.7/torch/include/torch/csrc/api/include/torch/data/samplers/distributed.h -> build/bdist.linux-ppc64le/wheel/torch/include/torch/csrc/api/include/torch/data/samplers
copying build/lib.linux-ppc64le-3.7/torch/include/torch/csrc/api/include/torch/data/samplers/custom_batch_request.h -> build/bdist.linux-ppc64le/wheel/torch/include/torch/csrc/api/include/torch/data/samplers
copying build/lib.linux-ppc64le-3.7/torch/include/torch/csrc/api/include/torch/data/samplers/sequential.h -> build/bdist.linux-ppc64le/wheel/torch/include/torch/csrc/api/include/torch/data/samplers
copying build/lib.linux-ppc64le-3.7/torch/include/torch/csrc/api/include/torch/data/samplers/random.h -> build/bdist.linux-ppc64le/wheel/torch/include/torch/csrc/api/include/torch/data/samplers
copying build/lib.linux-ppc64le-3.7/torch/include/torch/csrc/api/include/torch/data/samplers/stream.h -> build/bdist.linux-ppc64le/wheel/torch/include/torch/csrc/api/include/torch/data/samplers
copying build/lib.linux-ppc64le-3.7/torch/include/torch/csrc/api/include/torch/arg.h -> build/bdist.linux-ppc64le/wheel/torch/include/torch/csrc/api/include/torch
copying build/lib.linux-ppc64le-3.7/torch/include/torch/csrc/api/include/torch/utils.h -> build/bdist.linux-ppc64le/wheel/torch/include/torch/csrc/api/include/torch
copying build/lib.linux-ppc64le-3.7/torch/include/torch/csrc/PythonTypes.h -> build/bdist.linux-ppc64le/wheel/torch/include/torch/csrc
copying build/lib.linux-ppc64le-3.7/torch/include/torch/csrc/TypeInfo.h -> build/bdist.linux-ppc64le/wheel/torch/include/torch/csrc
copying build/lib.linux-ppc64le-3.7/torch/include/torch/csrc/python_headers.h -> build/bdist.linux-ppc64le/wheel/torch/include/torch/csrc
copying build/lib.linux-ppc64le-3.7/torch/include/torch/csrc/Layout.h -> build/bdist.linux-ppc64le/wheel/torch/include/torch/csrc
copying build/lib.linux-ppc64le-3.7/torch/include/torch/csrc/DynamicTypes.h -> build/bdist.linux-ppc64le/wheel/torch/include/torch/csrc
copying build/lib.linux-ppc64le-3.7/torch/include/torch/csrc/MemoryFormat.h -> build/bdist.linux-ppc64le/wheel/torch/include/torch/csrc
copying build/lib.linux-ppc64le-3.7/torch/include/torch/csrc/StorageDefs.h -> build/bdist.linux-ppc64le/wheel/torch/include/torch/csrc
copying build/lib.linux-ppc64le-3.7/torch/include/torch/csrc/CudaIPCTypes.h -> build/bdist.linux-ppc64le/wheel/torch/include/torch/csrc
copying build/lib.linux-ppc64le-3.7/torch/include/torch/csrc/Device.h -> build/bdist.linux-ppc64le/wheel/torch/include/torch/csrc
copying build/lib.linux-ppc64le-3.7/torch/include/torch/csrc/python_dimname.h -> build/bdist.linux-ppc64le/wheel/torch/include/torch/csrc
copying build/lib.linux-ppc64le-3.7/torch/include/torch/csrc/Types.h -> build/bdist.linux-ppc64le/wheel/torch/include/torch/csrc
copying build/lib.linux-ppc64le-3.7/torch/include/torch/csrc/copy_utils.h -> build/bdist.linux-ppc64le/wheel/torch/include/torch/csrc
copying build/lib.linux-ppc64le-3.7/torch/include/torch/csrc/utils.h -> build/bdist.linux-ppc64le/wheel/torch/include/torch/csrc
copying build/lib.linux-ppc64le-3.7/torch/include/torch/custom_class_detail.h -> build/bdist.linux-ppc64le/wheel/torch/include/torch
creating build/bdist.linux-ppc64le/wheel/torch/include/ATen
copying build/lib.linux-ppc64le-3.7/torch/include/ATen/TypeDefault.h -> build/bdist.linux-ppc64le/wheel/torch/include/ATen
copying build/lib.linux-ppc64le-3.7/torch/include/ATen/InferSize.h -> build/bdist.linux-ppc64le/wheel/torch/include/ATen
copying build/lib.linux-ppc64le-3.7/torch/include/ATen/SparseCPUType.h -> build/bdist.linux-ppc64le/wheel/torch/include/ATen
copying build/lib.linux-ppc64le-3.7/torch/include/ATen/ATen.h -> build/bdist.linux-ppc64le/wheel/torch/include/ATen
copying build/lib.linux-ppc64le-3.7/torch/include/ATen/SequenceNumber.h -> build/bdist.linux-ppc64le/wheel/torch/include/ATen
copying build/lib.linux-ppc64le-3.7/torch/include/ATen/BatchedTensorImpl.h -> build/bdist.linux-ppc64le/wheel/torch/include/ATen
copying build/lib.linux-ppc64le-3.7/torch/include/ATen/DLConvertor.h -> build/bdist.linux-ppc64le/wheel/torch/include/ATen
creating build/bdist.linux-ppc64le/wheel/torch/include/ATen/cuda
copying build/lib.linux-ppc64le-3.7/torch/include/ATen/cuda/Exceptions.h -> build/bdist.linux-ppc64le/wheel/torch/include/ATen/cuda
copying build/lib.linux-ppc64le-3.7/torch/include/ATen/cuda/NumericLimits.cuh -> build/bdist.linux-ppc64le/wheel/torch/include/ATen/cuda
copying build/lib.linux-ppc64le-3.7/torch/include/ATen/cuda/CUDAConfig.h -> build/bdist.linux-ppc64le/wheel/torch/include/ATen/cuda
creating build/bdist.linux-ppc64le/wheel/torch/include/ATen/cuda/detail
copying build/lib.linux-ppc64le-3.7/torch/include/ATen/cuda/detail/DeviceThreadHandles.h -> build/bdist.linux-ppc64le/wheel/torch/include/ATen/cuda/detail
copying build/lib.linux-ppc64le-3.7/torch/include/ATen/cuda/detail/OffsetCalculator.cuh -> build/bdist.linux-ppc64le/wheel/torch/include/ATen/cuda/detail
copying build/lib.linux-ppc64le-3.7/torch/include/ATen/cuda/detail/CUDAHooks.h -> build/bdist.linux-ppc64le/wheel/torch/include/ATen/cuda/detail
copying build/lib.linux-ppc64le-3.7/torch/include/ATen/cuda/detail/IndexUtils.cuh -> build/bdist.linux-ppc64le/wheel/torch/include/ATen/cuda/detail
copying build/lib.linux-ppc64le-3.7/torch/include/ATen/cuda/detail/KernelUtils.h -> build/bdist.linux-ppc64le/wheel/torch/include/ATen/cuda/detail
copying build/lib.linux-ppc64le-3.7/torch/include/ATen/cuda/detail/TensorInfo.cuh -> build/bdist.linux-ppc64le/wheel/torch/include/ATen/cuda/detail
copying build/lib.linux-ppc64le-3.7/torch/include/ATen/cuda/CUDAApplyUtils.cuh -> build/bdist.linux-ppc64le/wheel/torch/include/ATen/cuda
copying build/lib.linux-ppc64le-3.7/torch/include/ATen/cuda/PinnedMemoryAllocator.h -> build/bdist.linux-ppc64le/wheel/torch/include/ATen/cuda
copying build/lib.linux-ppc64le-3.7/torch/include/ATen/cuda/ATenCUDAGeneral.h -> build/bdist.linux-ppc64le/wheel/torch/include/ATen/cuda
copying build/lib.linux-ppc64le-3.7/torch/include/ATen/cuda/DeviceUtils.cuh -> build/bdist.linux-ppc64le/wheel/torch/include/ATen/cuda
copying build/lib.linux-ppc64le-3.7/torch/include/ATen/cuda/CUDAContext.h -> build/bdist.linux-ppc64le/wheel/torch/include/ATen/cuda
copying build/lib.linux-ppc64le-3.7/torch/include/ATen/cuda/CUDADevice.h -> build/bdist.linux-ppc64le/wheel/torch/include/ATen/cuda
copying build/lib.linux-ppc64le-3.7/torch/include/ATen/cuda/CUDAUtils.h -> build/bdist.linux-ppc64le/wheel/torch/include/ATen/cuda
copying build/lib.linux-ppc64le-3.7/torch/include/ATen/cuda/CUDAMultiStreamGuard.h -> build/bdist.linux-ppc64le/wheel/torch/include/ATen/cuda
copying build/lib.linux-ppc64le-3.7/torch/include/ATen/cuda/CUDABlas.h -> build/bdist.linux-ppc64le/wheel/torch/include/ATen/cuda
copying build/lib.linux-ppc64le-3.7/torch/include/ATen/cuda/CUDATensorMethods.cuh -> build/bdist.linux-ppc64le/wheel/torch/include/ATen/cuda
copying build/lib.linux-ppc64le-3.7/torch/include/ATen/cuda/CUDAEvent.h -> build/bdist.linux-ppc64le/wheel/torch/include/ATen/cuda
copying build/lib.linux-ppc64le-3.7/torch/include/ATen/TensorOptions.h -> build/bdist.linux-ppc64le/wheel/torch/include/ATen
creating build/bdist.linux-ppc64le/wheel/torch/include/ATen/hip
creating build/bdist.linux-ppc64le/wheel/torch/include/ATen/hip/impl
copying build/lib.linux-ppc64le-3.7/torch/include/ATen/hip/impl/HIPAllocatorMasqueradingAsCUDA.h -> build/bdist.linux-ppc64le/wheel/torch/include/ATen/hip/impl
copying build/lib.linux-ppc64le-3.7/torch/include/ATen/hip/impl/HIPCachingAllocatorMasqueradingAsCUDA.h -> build/bdist.linux-ppc64le/wheel/torch/include/ATen/hip/impl
copying build/lib.linux-ppc64le-3.7/torch/include/ATen/hip/impl/HIPGuardImplMasqueradingAsCUDA.h -> build/bdist.linux-ppc64le/wheel/torch/include/ATen/hip/impl
copying build/lib.linux-ppc64le-3.7/torch/include/ATen/hip/impl/HIPStreamMasqueradingAsCUDA.h -> build/bdist.linux-ppc64le/wheel/torch/include/ATen/hip/impl
copying build/lib.linux-ppc64le-3.7/torch/include/ATen/Storage.h -> build/bdist.linux-ppc64le/wheel/torch/include/ATen
copying build/lib.linux-ppc64le-3.7/torch/include/ATen/SparseTensorImpl.h -> build/bdist.linux-ppc64le/wheel/torch/include/ATen
copying build/lib.linux-ppc64le-3.7/torch/include/ATen/record_function.h -> build/bdist.linux-ppc64le/wheel/torch/include/ATen
copying build/lib.linux-ppc64le-3.7/torch/include/ATen/TensorGeometry.h -> build/bdist.linux-ppc64le/wheel/torch/include/ATen
creating build/bdist.linux-ppc64le/wheel/torch/include/ATen/cudnn
copying build/lib.linux-ppc64le-3.7/torch/include/ATen/cudnn/cudnn-wrapper.h -> build/bdist.linux-ppc64le/wheel/torch/include/ATen/cudnn
copying build/lib.linux-ppc64le-3.7/torch/include/ATen/cudnn/Exceptions.h -> build/bdist.linux-ppc64le/wheel/torch/include/ATen/cudnn
copying build/lib.linux-ppc64le-3.7/torch/include/ATen/cudnn/Descriptors.h -> build/bdist.linux-ppc64le/wheel/torch/include/ATen/cudnn
copying build/lib.linux-ppc64le-3.7/torch/include/ATen/cudnn/Handle.h -> build/bdist.linux-ppc64le/wheel/torch/include/ATen/cudnn
copying build/lib.linux-ppc64le-3.7/torch/include/ATen/cudnn/Handles.h -> build/bdist.linux-ppc64le/wheel/torch/include/ATen/cudnn
copying build/lib.linux-ppc64le-3.7/torch/include/ATen/cudnn/Types.h -> build/bdist.linux-ppc64le/wheel/torch/include/ATen/cudnn
copying build/lib.linux-ppc64le-3.7/torch/include/ATen/cudnn/Utils.h -> build/bdist.linux-ppc64le/wheel/torch/include/ATen/cudnn
creating build/bdist.linux-ppc64le/wheel/torch/include/ATen/core
copying build/lib.linux-ppc64le-3.7/torch/include/ATen/core/blob.h -> build/bdist.linux-ppc64le/wheel/torch/include/ATen/core
copying build/lib.linux-ppc64le-3.7/torch/include/ATen/core/function_schema_inl.h -> build/bdist.linux-ppc64le/wheel/torch/include/ATen/core
copying build/lib.linux-ppc64le-3.7/torch/include/ATen/core/ATenOpList.h -> build/bdist.linux-ppc64le/wheel/torch/include/ATen/core
copying build/lib.linux-ppc64le-3.7/torch/include/ATen/core/operator_name.h -> build/bdist.linux-ppc64le/wheel/torch/include/ATen/core
copying build/lib.linux-ppc64le-3.7/torch/include/ATen/core/Generator.h -> build/bdist.linux-ppc64le/wheel/torch/include/ATen/core
copying build/lib.linux-ppc64le-3.7/torch/include/ATen/core/List.h -> build/bdist.linux-ppc64le/wheel/torch/include/ATen/core
creating build/bdist.linux-ppc64le/wheel/torch/include/ATen/core/op_registration
copying build/lib.linux-ppc64le-3.7/torch/include/ATen/core/op_registration/infer_schema.h -> build/bdist.linux-ppc64le/wheel/torch/include/ATen/core/op_registration
copying build/lib.linux-ppc64le-3.7/torch/include/ATen/core/op_registration/hacky_wrapper_for_legacy_signatures.h -> build/bdist.linux-ppc64le/wheel/torch/include/ATen/core/op_registration
copying build/lib.linux-ppc64le-3.7/torch/include/ATen/core/op_registration/op_registration.h -> build/bdist.linux-ppc64le/wheel/torch/include/ATen/core/op_registration
copying build/lib.linux-ppc64le-3.7/torch/include/ATen/core/Tensor.h -> build/bdist.linux-ppc64le/wheel/torch/include/ATen/core
copying build/lib.linux-ppc64le-3.7/torch/include/ATen/core/function.h -> build/bdist.linux-ppc64le/wheel/torch/include/ATen/core
copying build/lib.linux-ppc64le-3.7/torch/include/ATen/core/function_schema.h -> build/bdist.linux-ppc64le/wheel/torch/include/ATen/core
copying build/lib.linux-ppc64le-3.7/torch/include/ATen/core/ivalue.h -> build/bdist.linux-ppc64le/wheel/torch/include/ATen/core
copying build/lib.linux-ppc64le-3.7/torch/include/ATen/core/ScalarType.h -> build/bdist.linux-ppc64le/wheel/torch/include/ATen/core
copying build/lib.linux-ppc64le-3.7/torch/include/ATen/core/interned_strings_class.h -> build/bdist.linux-ppc64le/wheel/torch/include/ATen/core
copying build/lib.linux-ppc64le-3.7/torch/include/ATen/core/ivalue_inl.h -> build/bdist.linux-ppc64le/wheel/torch/include/ATen/core
copying build/lib.linux-ppc64le-3.7/torch/include/ATen/core/DistributionsHelper.h -> build/bdist.linux-ppc64le/wheel/torch/include/ATen/core
copying build/lib.linux-ppc64le-3.7/torch/include/ATen/core/Array.h -> build/bdist.linux-ppc64le/wheel/torch/include/ATen/core
copying build/lib.linux-ppc64le-3.7/torch/include/ATen/core/jit_type.h -> build/bdist.linux-ppc64le/wheel/torch/include/ATen/core
copying build/lib.linux-ppc64le-3.7/torch/include/ATen/core/Dict.h -> build/bdist.linux-ppc64le/wheel/torch/include/ATen/core
copying build/lib.linux-ppc64le-3.7/torch/include/ATen/core/Dict_inl.h -> build/bdist.linux-ppc64le/wheel/torch/include/ATen/core
copying build/lib.linux-ppc64le-3.7/torch/include/ATen/core/aten_interned_strings.h -> build/bdist.linux-ppc64le/wheel/torch/include/ATen/core
copying build/lib.linux-ppc64le-3.7/torch/include/ATen/core/Reduction.h -> build/bdist.linux-ppc64le/wheel/torch/include/ATen/core
copying build/lib.linux-ppc64le-3.7/torch/include/ATen/core/stack.h -> build/bdist.linux-ppc64le/wheel/torch/include/ATen/core
copying build/lib.linux-ppc64le-3.7/torch/include/ATen/core/functional.h -> build/bdist.linux-ppc64le/wheel/torch/include/ATen/core
copying build/lib.linux-ppc64le-3.7/torch/include/ATen/core/typeid.h -> build/bdist.linux-ppc64le/wheel/torch/include/ATen/core
copying build/lib.linux-ppc64le-3.7/torch/include/ATen/core/DeprecatedTypeProperties.h -> build/bdist.linux-ppc64le/wheel/torch/include/ATen/core
copying build/lib.linux-ppc64le-3.7/torch/include/ATen/core/ATenGeneral.h -> build/bdist.linux-ppc64le/wheel/torch/include/ATen/core
copying build/lib.linux-ppc64le-3.7/torch/include/ATen/core/Formatting.h -> build/bdist.linux-ppc64le/wheel/torch/include/ATen/core
copying build/lib.linux-ppc64le-3.7/torch/include/ATen/core/LegacyTypeDispatch.h -> build/bdist.linux-ppc64le/wheel/torch/include/ATen/core
creating build/bdist.linux-ppc64le/wheel/torch/include/ATen/core/boxing
creating build/bdist.linux-ppc64le/wheel/torch/include/ATen/core/boxing/impl
copying build/lib.linux-ppc64le-3.7/torch/include/ATen/core/boxing/impl/WrapFunctionIntoFunctor.h -> build/bdist.linux-ppc64le/wheel/torch/include/ATen/core/boxing/impl
copying build/lib.linux-ppc64le-3.7/torch/include/ATen/core/boxing/impl/test_helpers.h -> build/bdist.linux-ppc64le/wheel/torch/include/ATen/core/boxing/impl
copying build/lib.linux-ppc64le-3.7/torch/include/ATen/core/boxing/impl/make_boxed_from_unboxed_functor.h -> build/bdist.linux-ppc64le/wheel/torch/include/ATen/core/boxing/impl
copying build/lib.linux-ppc64le-3.7/torch/include/ATen/core/boxing/impl/WrapFunctionIntoRuntimeFunctor.h -> build/bdist.linux-ppc64le/wheel/torch/include/ATen/core/boxing/impl
copying build/lib.linux-ppc64le-3.7/torch/include/ATen/core/boxing/impl/boxing.h -> build/bdist.linux-ppc64le/wheel/torch/include/ATen/core/boxing/impl
copying build/lib.linux-ppc64le-3.7/torch/include/ATen/core/boxing/KernelFunction.h -> build/bdist.linux-ppc64le/wheel/torch/include/ATen/core/boxing
copying build/lib.linux-ppc64le-3.7/torch/include/ATen/core/boxing/KernelFunction_impl.h -> build/bdist.linux-ppc64le/wheel/torch/include/ATen/core/boxing
copying build/lib.linux-ppc64le-3.7/torch/include/ATen/core/TransformationHelper.h -> build/bdist.linux-ppc64le/wheel/torch/include/ATen/core
copying build/lib.linux-ppc64le-3.7/torch/include/ATen/core/Backtrace.h -> build/bdist.linux-ppc64le/wheel/torch/include/ATen/core
copying build/lib.linux-ppc64le-3.7/torch/include/ATen/core/Macros.h -> build/bdist.linux-ppc64le/wheel/torch/include/ATen/core
copying build/lib.linux-ppc64le-3.7/torch/include/ATen/core/UndefinedTensorImpl.h -> build/bdist.linux-ppc64le/wheel/torch/include/ATen/core
copying build/lib.linux-ppc64le-3.7/torch/include/ATen/core/PhiloxRNGEngine.h -> build/bdist.linux-ppc64le/wheel/torch/include/ATen/core
copying build/lib.linux-ppc64le-3.7/torch/include/ATen/core/Dimname.h -> build/bdist.linux-ppc64le/wheel/torch/include/ATen/core
copying build/lib.linux-ppc64le-3.7/torch/include/ATen/core/Variadic.h -> build/bdist.linux-ppc64le/wheel/torch/include/ATen/core
creating build/bdist.linux-ppc64le/wheel/torch/include/ATen/core/dispatch
copying build/lib.linux-ppc64le-3.7/torch/include/ATen/core/dispatch/OperatorOptions.h -> build/bdist.linux-ppc64le/wheel/torch/include/ATen/core/dispatch
copying build/lib.linux-ppc64le-3.7/torch/include/ATen/core/dispatch/DispatchKeyExtractor.h -> build/bdist.linux-ppc64le/wheel/torch/include/ATen/core/dispatch
copying build/lib.linux-ppc64le-3.7/torch/include/ATen/core/dispatch/RegistrationHandleRAII.h -> build/bdist.linux-ppc64le/wheel/torch/include/ATen/core/dispatch
copying build/lib.linux-ppc64le-3.7/torch/include/ATen/core/dispatch/ObservedOperators.h -> build/bdist.linux-ppc64le/wheel/torch/include/ATen/core/dispatch
copying build/lib.linux-ppc64le-3.7/torch/include/ATen/core/dispatch/OperatorEntry.h -> build/bdist.linux-ppc64le/wheel/torch/include/ATen/core/dispatch
copying build/lib.linux-ppc64le-3.7/torch/include/ATen/core/dispatch/Dispatcher.h -> build/bdist.linux-ppc64le/wheel/torch/include/ATen/core/dispatch
copying build/lib.linux-ppc64le-3.7/torch/include/ATen/core/dispatch/CppSignature.h -> build/bdist.linux-ppc64le/wheel/torch/include/ATen/core/dispatch
copying build/lib.linux-ppc64le-3.7/torch/include/ATen/core/TensorAccessor.h -> build/bdist.linux-ppc64le/wheel/torch/include/ATen/core
copying build/lib.linux-ppc64le-3.7/torch/include/ATen/core/rref_interface.h -> build/bdist.linux-ppc64le/wheel/torch/include/ATen/core
copying build/lib.linux-ppc64le-3.7/torch/include/ATen/core/grad_mode.h -> build/bdist.linux-ppc64le/wheel/torch/include/ATen/core
copying build/lib.linux-ppc64le-3.7/torch/include/ATen/core/List_inl.h -> build/bdist.linux-ppc64le/wheel/torch/include/ATen/core
copying build/lib.linux-ppc64le-3.7/torch/include/ATen/core/Scalar.h -> build/bdist.linux-ppc64le/wheel/torch/include/ATen/core
copying build/lib.linux-ppc64le-3.7/torch/include/ATen/core/Range.h -> build/bdist.linux-ppc64le/wheel/torch/include/ATen/core
copying build/lib.linux-ppc64le-3.7/torch/include/ATen/core/VariableHooksInterface.h -> build/bdist.linux-ppc64le/wheel/torch/include/ATen/core
copying build/lib.linux-ppc64le-3.7/torch/include/ATen/core/alias_info.h -> build/bdist.linux-ppc64le/wheel/torch/include/ATen/core
copying build/lib.linux-ppc64le-3.7/torch/include/ATen/core/qualified_name.h -> build/bdist.linux-ppc64le/wheel/torch/include/ATen/core
copying build/lib.linux-ppc64le-3.7/torch/include/ATen/core/DimVector.h -> build/bdist.linux-ppc64le/wheel/torch/include/ATen/core
copying build/lib.linux-ppc64le-3.7/torch/include/ATen/core/UnsafeFromTH.h -> build/bdist.linux-ppc64le/wheel/torch/include/ATen/core
copying build/lib.linux-ppc64le-3.7/torch/include/ATen/core/interned_strings.h -> build/bdist.linux-ppc64le/wheel/torch/include/ATen/core
copying build/lib.linux-ppc64le-3.7/torch/include/ATen/core/TensorBody.h -> build/bdist.linux-ppc64le/wheel/torch/include/ATen/core
copying build/lib.linux-ppc64le-3.7/torch/include/ATen/core/NamedTensor.h -> build/bdist.linux-ppc64le/wheel/torch/include/ATen/core
copying build/lib.linux-ppc64le-3.7/torch/include/ATen/core/DeprecatedTypePropertiesRegistry.h -> build/bdist.linux-ppc64le/wheel/torch/include/ATen/core
copying build/lib.linux-ppc64le-3.7/torch/include/ATen/core/builtin_function.h -> build/bdist.linux-ppc64le/wheel/torch/include/ATen/core
copying build/lib.linux-ppc64le-3.7/torch/include/ATen/core/MT19937RNGEngine.h -> build/bdist.linux-ppc64le/wheel/torch/include/ATen/core
copying build/lib.linux-ppc64le-3.7/torch/include/ATen/PTThreadPool.h -> build/bdist.linux-ppc64le/wheel/torch/include/ATen
copying build/lib.linux-ppc64le-3.7/torch/include/ATen/SmallVector.h -> build/bdist.linux-ppc64le/wheel/torch/include/ATen
copying build/lib.linux-ppc64le-3.7/torch/include/ATen/Generator.h -> build/bdist.linux-ppc64le/wheel/torch/include/ATen
copying build/lib.linux-ppc64le-3.7/torch/include/ATen/AccumulateType.h -> build/bdist.linux-ppc64le/wheel/torch/include/ATen
copying build/lib.linux-ppc64le-3.7/torch/include/ATen/autocast_mode.h -> build/bdist.linux-ppc64le/wheel/torch/include/ATen
creating build/bdist.linux-ppc64le/wheel/torch/include/ATen/detail
copying build/lib.linux-ppc64le-3.7/torch/include/ATen/detail/CPUGuardImpl.h -> build/bdist.linux-ppc64le/wheel/torch/include/ATen/detail
copying build/lib.linux-ppc64le-3.7/torch/include/ATen/detail/FunctionTraits.h -> build/bdist.linux-ppc64le/wheel/torch/include/ATen/detail
copying build/lib.linux-ppc64le-3.7/torch/include/ATen/detail/HIPHooksInterface.h -> build/bdist.linux-ppc64le/wheel/torch/include/ATen/detail
copying build/lib.linux-ppc64le-3.7/torch/include/ATen/detail/CUDAHooksInterface.h -> build/bdist.linux-ppc64le/wheel/torch/include/ATen/detail
copying build/lib.linux-ppc64le-3.7/torch/include/ATen/Tensor.h -> build/bdist.linux-ppc64le/wheel/torch/include/ATen
copying build/lib.linux-ppc64le-3.7/torch/include/ATen/WrapDimUtilsMulti.h -> build/bdist.linux-ppc64le/wheel/torch/include/ATen
copying build/lib.linux-ppc64le-3.7/torch/include/ATen/ParallelNativeTBB.h -> build/bdist.linux-ppc64le/wheel/torch/include/ATen
creating build/bdist.linux-ppc64le/wheel/torch/include/ATen/quantized
copying build/lib.linux-ppc64le-3.7/torch/include/ATen/quantized/Quantizer.h -> build/bdist.linux-ppc64le/wheel/torch/include/ATen/quantized
copying build/lib.linux-ppc64le-3.7/torch/include/ATen/quantized/QTensorImpl.h -> build/bdist.linux-ppc64le/wheel/torch/include/ATen/quantized
copying build/lib.linux-ppc64le-3.7/torch/include/ATen/TensorNames.h -> build/bdist.linux-ppc64le/wheel/torch/include/ATen
copying build/lib.linux-ppc64le-3.7/torch/include/ATen/MemoryOverlap.h -> build/bdist.linux-ppc64le/wheel/torch/include/ATen
copying build/lib.linux-ppc64le-3.7/torch/include/ATen/Dispatch.h -> build/bdist.linux-ppc64le/wheel/torch/include/ATen
copying build/lib.linux-ppc64le-3.7/torch/include/ATen/ScalarType.h -> build/bdist.linux-ppc64le/wheel/torch/include/ATen
copying build/lib.linux-ppc64le-3.7/torch/include/ATen/TensorUtils.h -> build/bdist.linux-ppc64le/wheel/torch/include/ATen
copying build/lib.linux-ppc64le-3.7/torch/include/ATen/MatrixRef.h -> build/bdist.linux-ppc64le/wheel/torch/include/ATen
copying build/lib.linux-ppc64le-3.7/torch/include/ATen/LegacyTHFunctionsCUDA.h -> build/bdist.linux-ppc64le/wheel/torch/include/ATen
copying build/lib.linux-ppc64le-3.7/torch/include/ATen/NamedTensorUtils.h -> build/bdist.linux-ppc64le/wheel/torch/include/ATen
copying build/lib.linux-ppc64le-3.7/torch/include/ATen/ScalarOps.h -> build/bdist.linux-ppc64le/wheel/torch/include/ATen
copying build/lib.linux-ppc64le-3.7/torch/include/ATen/dlpack.h -> build/bdist.linux-ppc64le/wheel/torch/include/ATen
copying build/lib.linux-ppc64le-3.7/torch/include/ATen/TracerMode.h -> build/bdist.linux-ppc64le/wheel/torch/include/ATen
copying build/lib.linux-ppc64le-3.7/torch/include/ATen/WrapDimUtils.h -> build/bdist.linux-ppc64le/wheel/torch/include/ATen
copying build/lib.linux-ppc64le-3.7/torch/include/ATen/QuantizedCUDAType.h -> build/bdist.linux-ppc64le/wheel/torch/include/ATen
copying build/lib.linux-ppc64le-3.7/torch/include/ATen/NativeFunctions.h -> build/bdist.linux-ppc64le/wheel/torch/include/ATen
copying build/lib.linux-ppc64le-3.7/torch/include/ATen/Version.h -> build/bdist.linux-ppc64le/wheel/torch/include/ATen
copying build/lib.linux-ppc64le-3.7/torch/include/ATen/OpaqueTensorImpl.h -> build/bdist.linux-ppc64le/wheel/torch/include/ATen
copying build/lib.linux-ppc64le-3.7/torch/include/ATen/Context.h -> build/bdist.linux-ppc64le/wheel/torch/include/ATen
copying build/lib.linux-ppc64le-3.7/torch/include/ATen/autocast_VS2017_helper.h -> build/bdist.linux-ppc64le/wheel/torch/include/ATen
copying build/lib.linux-ppc64le-3.7/torch/include/ATen/Parallel.h -> build/bdist.linux-ppc64le/wheel/torch/include/ATen
copying build/lib.linux-ppc64le-3.7/torch/include/ATen/DeviceGuard.h -> build/bdist.linux-ppc64le/wheel/torch/include/ATen
copying build/lib.linux-ppc64le-3.7/torch/include/ATen/CUDAType.h -> build/bdist.linux-ppc64le/wheel/torch/include/ATen
copying build/lib.linux-ppc64le-3.7/torch/include/ATen/ParallelNative.h -> build/bdist.linux-ppc64le/wheel/torch/include/ATen
copying build/lib.linux-ppc64le-3.7/torch/include/ATen/Formatting.h -> build/bdist.linux-ppc64le/wheel/torch/include/ATen
copying build/lib.linux-ppc64le-3.7/torch/include/ATen/TensorOperators.h -> build/bdist.linux-ppc64le/wheel/torch/include/ATen
copying build/lib.linux-ppc64le-3.7/torch/include/ATen/TensorIndexing.h -> build/bdist.linux-ppc64le/wheel/torch/include/ATen
copying build/lib.linux-ppc64le-3.7/torch/include/ATen/Layout.h -> build/bdist.linux-ppc64le/wheel/torch/include/ATen
copying build/lib.linux-ppc64le-3.7/torch/include/ATen/Backtrace.h -> build/bdist.linux-ppc64le/wheel/torch/include/ATen
copying build/lib.linux-ppc64le-3.7/torch/include/ATen/div_rtn.h -> build/bdist.linux-ppc64le/wheel/torch/include/ATen
copying build/lib.linux-ppc64le-3.7/torch/include/ATen/Dimname.h -> build/bdist.linux-ppc64le/wheel/torch/include/ATen
copying build/lib.linux-ppc64le-3.7/torch/include/ATen/Device.h -> build/bdist.linux-ppc64le/wheel/torch/include/ATen
copying build/lib.linux-ppc64le-3.7/torch/include/ATen/LegacyTHFunctionsCPU.h -> build/bdist.linux-ppc64le/wheel/torch/include/ATen
copying build/lib.linux-ppc64le-3.7/torch/include/ATen/MkldnnCPUType.h -> build/bdist.linux-ppc64le/wheel/torch/include/ATen
copying build/lib.linux-ppc64le-3.7/torch/include/ATen/Config.h -> build/bdist.linux-ppc64le/wheel/torch/include/ATen
copying build/lib.linux-ppc64le-3.7/torch/include/ATen/TensorAccessor.h -> build/bdist.linux-ppc64le/wheel/torch/include/ATen
copying build/lib.linux-ppc64le-3.7/torch/include/ATen/CUDAGeneratorImpl.h -> build/bdist.linux-ppc64le/wheel/torch/include/ATen
copying build/lib.linux-ppc64le-3.7/torch/include/ATen/SparseCUDAType.h -> build/bdist.linux-ppc64le/wheel/torch/include/ATen
copying build/lib.linux-ppc64le-3.7/torch/include/ATen/Scalar.h -> build/bdist.linux-ppc64le/wheel/torch/include/ATen
copying build/lib.linux-ppc64le-3.7/torch/include/ATen/SparseTensorUtils.h -> build/bdist.linux-ppc64le/wheel/torch/include/ATen
copying build/lib.linux-ppc64le-3.7/torch/include/ATen/CPUType.h -> build/bdist.linux-ppc64le/wheel/torch/include/ATen
copying build/lib.linux-ppc64le-3.7/torch/include/ATen/Functions.h -> build/bdist.linux-ppc64le/wheel/torch/include/ATen
copying build/lib.linux-ppc64le-3.7/torch/include/ATen/CPUGeneratorImpl.h -> build/bdist.linux-ppc64le/wheel/torch/include/ATen
creating build/bdist.linux-ppc64le/wheel/torch/include/ATen/native
copying build/lib.linux-ppc64le-3.7/torch/include/ATen/native/group_norm.h -> build/bdist.linux-ppc64le/wheel/torch/include/ATen/native
copying build/lib.linux-ppc64le-3.7/torch/include/ATen/native/BucketizationUtils.h -> build/bdist.linux-ppc64le/wheel/torch/include/ATen/native
copying build/lib.linux-ppc64le-3.7/torch/include/ATen/native/TensorIteratorDynamicCasting.h -> build/bdist.linux-ppc64le/wheel/torch/include/ATen/native
copying build/lib.linux-ppc64le-3.7/torch/include/ATen/native/RNN.h -> build/bdist.linux-ppc64le/wheel/torch/include/ATen/native
copying build/lib.linux-ppc64le-3.7/torch/include/ATen/native/layer_norm.h -> build/bdist.linux-ppc64le/wheel/torch/include/ATen/native
copying build/lib.linux-ppc64le-3.7/torch/include/ATen/native/TensorAdvancedIndexing.h -> build/bdist.linux-ppc64le/wheel/torch/include/ATen/native
copying build/lib.linux-ppc64le-3.7/torch/include/ATen/native/GridSampler.h -> build/bdist.linux-ppc64le/wheel/torch/include/ATen/native
copying build/lib.linux-ppc64le-3.7/torch/include/ATen/native/Activation.h -> build/bdist.linux-ppc64le/wheel/torch/include/ATen/native
copying build/lib.linux-ppc64le-3.7/torch/include/ATen/native/ScatterGatherChecks.h -> build/bdist.linux-ppc64le/wheel/torch/include/ATen/native
copying build/lib.linux-ppc64le-3.7/torch/include/ATen/native/TensorDimApply.h -> build/bdist.linux-ppc64le/wheel/torch/include/ATen/native
copying build/lib.linux-ppc64le-3.7/torch/include/ATen/native/ReduceOpsUtils.h -> build/bdist.linux-ppc64le/wheel/torch/include/ATen/native
copying build/lib.linux-ppc64le-3.7/torch/include/ATen/native/Repeat.h -> build/bdist.linux-ppc64le/wheel/torch/include/ATen/native
copying build/lib.linux-ppc64le-3.7/torch/include/ATen/native/BinaryOps.h -> build/bdist.linux-ppc64le/wheel/torch/include/ATen/native
copying build/lib.linux-ppc64le-3.7/torch/include/ATen/native/Unfold2d.h -> build/bdist.linux-ppc64le/wheel/torch/include/ATen/native
copying build/lib.linux-ppc64le-3.7/torch/include/ATen/native/vol2col.h -> build/bdist.linux-ppc64le/wheel/torch/include/ATen/native
creating build/bdist.linux-ppc64le/wheel/torch/include/ATen/native/quantized
copying build/lib.linux-ppc64le-3.7/torch/include/ATen/native/quantized/Copy.h -> build/bdist.linux-ppc64le/wheel/torch/include/ATen/native/quantized
copying build/lib.linux-ppc64le-3.7/torch/include/ATen/native/quantized/fake_quant_affine.h -> build/bdist.linux-ppc64le/wheel/torch/include/ATen/native/quantized
copying build/lib.linux-ppc64le-3.7/torch/include/ATen/native/quantized/affine_quantizer.h -> build/bdist.linux-ppc64le/wheel/torch/include/ATen/native/quantized
creating build/bdist.linux-ppc64le/wheel/torch/include/ATen/native/quantized/cpu
copying build/lib.linux-ppc64le-3.7/torch/include/ATen/native/quantized/cpu/quantized_ops.h -> build/bdist.linux-ppc64le/wheel/torch/include/ATen/native/quantized/cpu
copying build/lib.linux-ppc64le-3.7/torch/include/ATen/native/quantized/cpu/fbgemm_utils.h -> build/bdist.linux-ppc64le/wheel/torch/include/ATen/native/quantized/cpu
copying build/lib.linux-ppc64le-3.7/torch/include/ATen/native/quantized/cpu/conv_packed_params.h -> build/bdist.linux-ppc64le/wheel/torch/include/ATen/native/quantized/cpu
copying build/lib.linux-ppc64le-3.7/torch/include/ATen/native/quantized/cpu/qnnpack_utils.h -> build/bdist.linux-ppc64le/wheel/torch/include/ATen/native/quantized/cpu
copying build/lib.linux-ppc64le-3.7/torch/include/ATen/native/quantized/cpu/packed_params.h -> build/bdist.linux-ppc64le/wheel/torch/include/ATen/native/quantized/cpu
copying build/lib.linux-ppc64le-3.7/torch/include/ATen/native/quantized/cpu/quant_utils.h -> build/bdist.linux-ppc64le/wheel/torch/include/ATen/native/quantized/cpu
copying build/lib.linux-ppc64le-3.7/torch/include/ATen/native/quantized/cpu/init_qnnpack.h -> build/bdist.linux-ppc64le/wheel/torch/include/ATen/native/quantized/cpu
copying build/lib.linux-ppc64le-3.7/torch/include/ATen/native/batch_norm.h -> build/bdist.linux-ppc64le/wheel/torch/include/ATen/native
copying build/lib.linux-ppc64le-3.7/torch/include/ATen/native/Sorting.h -> build/bdist.linux-ppc64le/wheel/torch/include/ATen/native
copying build/lib.linux-ppc64le-3.7/torch/include/ATen/native/SortingUtils.h -> build/bdist.linux-ppc64le/wheel/torch/include/ATen/native
copying build/lib.linux-ppc64le-3.7/torch/include/ATen/native/TensorCompare.h -> build/bdist.linux-ppc64le/wheel/torch/include/ATen/native
copying build/lib.linux-ppc64le-3.7/torch/include/ATen/native/DispatchStub.h -> build/bdist.linux-ppc64le/wheel/torch/include/ATen/native
copying build/lib.linux-ppc64le-3.7/torch/include/ATen/native/Resize.h -> build/bdist.linux-ppc64le/wheel/torch/include/ATen/native
copying build/lib.linux-ppc64le-3.7/torch/include/ATen/native/LinearAlgebraUtils.h -> build/bdist.linux-ppc64le/wheel/torch/include/ATen/native
copying build/lib.linux-ppc64le-3.7/torch/include/ATen/native/ConvUtils.h -> build/bdist.linux-ppc64le/wheel/torch/include/ATen/native
copying build/lib.linux-ppc64le-3.7/torch/include/ATen/native/im2col.h -> build/bdist.linux-ppc64le/wheel/torch/include/ATen/native
copying build/lib.linux-ppc64le-3.7/torch/include/ATen/native/Cross.h -> build/bdist.linux-ppc64le/wheel/torch/include/ATen/native
copying build/lib.linux-ppc64le-3.7/torch/include/ATen/native/TriangularOpsUtils.h -> build/bdist.linux-ppc64le/wheel/torch/include/ATen/native
copying build/lib.linux-ppc64le-3.7/torch/include/ATen/native/IndexingUtils.h -> build/bdist.linux-ppc64le/wheel/torch/include/ATen/native
copying build/lib.linux-ppc64le-3.7/torch/include/ATen/native/UnfoldBackward.h -> build/bdist.linux-ppc64le/wheel/torch/include/ATen/native
copying build/lib.linux-ppc64le-3.7/torch/include/ATen/native/Distance.h -> build/bdist.linux-ppc64le/wheel/torch/include/ATen/native
copying build/lib.linux-ppc64le-3.7/torch/include/ATen/native/Lerp.h -> build/bdist.linux-ppc64le/wheel/torch/include/ATen/native
copying build/lib.linux-ppc64le-3.7/torch/include/ATen/native/SpectralOpsUtils.h -> build/bdist.linux-ppc64le/wheel/torch/include/ATen/native
copying build/lib.linux-ppc64le-3.7/torch/include/ATen/native/Pool.h -> build/bdist.linux-ppc64le/wheel/torch/include/ATen/native
copying build/lib.linux-ppc64le-3.7/torch/include/ATen/native/Distributions.h -> build/bdist.linux-ppc64le/wheel/torch/include/ATen/native
copying build/lib.linux-ppc64le-3.7/torch/include/ATen/native/ReduceAllOps.h -> build/bdist.linux-ppc64le/wheel/torch/include/ATen/native
copying build/lib.linux-ppc64le-3.7/torch/include/ATen/native/TensorIterator.h -> build/bdist.linux-ppc64le/wheel/torch/include/ATen/native
copying build/lib.linux-ppc64le-3.7/torch/include/ATen/native/TensorFactories.h -> build/bdist.linux-ppc64le/wheel/torch/include/ATen/native
copying build/lib.linux-ppc64le-3.7/torch/include/ATen/native/SobolEngineOpsUtils.h -> build/bdist.linux-ppc64le/wheel/torch/include/ATen/native
copying build/lib.linux-ppc64le-3.7/torch/include/ATen/native/Copy.h -> build/bdist.linux-ppc64le/wheel/torch/include/ATen/native
copying build/lib.linux-ppc64le-3.7/torch/include/ATen/native/im2col_shape_check.h -> build/bdist.linux-ppc64le/wheel/torch/include/ATen/native
copying build/lib.linux-ppc64le-3.7/torch/include/ATen/native/UpSample.h -> build/bdist.linux-ppc64le/wheel/torch/include/ATen/native
copying build/lib.linux-ppc64le-3.7/torch/include/ATen/native/ReduceOps.h -> build/bdist.linux-ppc64le/wheel/torch/include/ATen/native
copying build/lib.linux-ppc64le-3.7/torch/include/ATen/native/Pow.h -> build/bdist.linux-ppc64le/wheel/torch/include/ATen/native
copying build/lib.linux-ppc64le-3.7/torch/include/ATen/native/Fill.h -> build/bdist.linux-ppc64le/wheel/torch/include/ATen/native
copying build/lib.linux-ppc64le-3.7/torch/include/ATen/native/SharedReduceOps.h -> build/bdist.linux-ppc64le/wheel/torch/include/ATen/native
copying build/lib.linux-ppc64le-3.7/torch/include/ATen/native/ResizeCommon.h -> build/bdist.linux-ppc64le/wheel/torch/include/ATen/native
copying build/lib.linux-ppc64le-3.7/torch/include/ATen/native/ComplexHelper.h -> build/bdist.linux-ppc64le/wheel/torch/include/ATen/native
copying build/lib.linux-ppc64le-3.7/torch/include/ATen/native/DilatedConvolutionUtils.h -> build/bdist.linux-ppc64le/wheel/torch/include/ATen/native
copying build/lib.linux-ppc64le-3.7/torch/include/ATen/native/TensorTransformations.h -> build/bdist.linux-ppc64le/wheel/torch/include/ATen/native
copying build/lib.linux-ppc64le-3.7/torch/include/ATen/native/Math.h -> build/bdist.linux-ppc64le/wheel/torch/include/ATen/native
copying build/lib.linux-ppc64le-3.7/torch/include/ATen/native/DistributionTemplates.h -> build/bdist.linux-ppc64le/wheel/torch/include/ATen/native
copying build/lib.linux-ppc64le-3.7/torch/include/ATen/native/Unfold3d.h -> build/bdist.linux-ppc64le/wheel/torch/include/ATen/native
copying build/lib.linux-ppc64le-3.7/torch/include/ATen/native/TypeProperties.h -> build/bdist.linux-ppc64le/wheel/torch/include/ATen/native
creating build/bdist.linux-ppc64le/wheel/torch/include/ATen/native/cpu
copying build/lib.linux-ppc64le-3.7/torch/include/ATen/native/cpu/SoftmaxKernel.h -> build/bdist.linux-ppc64le/wheel/torch/include/ATen/native/cpu
copying build/lib.linux-ppc64le-3.7/torch/include/ATen/native/cpu/avx_mathfun.h -> build/bdist.linux-ppc64le/wheel/torch/include/ATen/native/cpu
copying build/lib.linux-ppc64le-3.7/torch/include/ATen/native/cpu/zmath.h -> build/bdist.linux-ppc64le/wheel/torch/include/ATen/native/cpu
copying build/lib.linux-ppc64le-3.7/torch/include/ATen/native/cpu/Loops.h -> build/bdist.linux-ppc64le/wheel/torch/include/ATen/native/cpu
copying build/lib.linux-ppc64le-3.7/torch/include/ATen/native/cpu/AtomicAddFloat.h -> build/bdist.linux-ppc64le/wheel/torch/include/ATen/native/cpu
copying build/lib.linux-ppc64le-3.7/torch/include/ATen/native/cpu/GridSamplerKernel.h -> build/bdist.linux-ppc64le/wheel/torch/include/ATen/native/cpu
copying build/lib.linux-ppc64le-3.7/torch/include/ATen/native/cpu/Intrinsics.h -> build/bdist.linux-ppc64le/wheel/torch/include/ATen/native/cpu
copying build/lib.linux-ppc64le-3.7/torch/include/ATen/native/cpu/CatKernel.h -> build/bdist.linux-ppc64le/wheel/torch/include/ATen/native/cpu
copying build/lib.linux-ppc64le-3.7/torch/include/ATen/native/cpu/DistributionTemplates.h -> build/bdist.linux-ppc64le/wheel/torch/include/ATen/native/cpu
copying build/lib.linux-ppc64le-3.7/torch/include/ATen/native/cpu/Reduce.h -> build/bdist.linux-ppc64le/wheel/torch/include/ATen/native/cpu
copying build/lib.linux-ppc64le-3.7/torch/include/ATen/native/cpu/DepthwiseConvKernel.h -> build/bdist.linux-ppc64le/wheel/torch/include/ATen/native/cpu
copying build/lib.linux-ppc64le-3.7/torch/include/ATen/native/cpu/IsContiguous.h -> build/bdist.linux-ppc64le/wheel/torch/include/ATen/native/cpu
copying build/lib.linux-ppc64le-3.7/torch/include/ATen/native/CPUBlas.h -> build/bdist.linux-ppc64le/wheel/torch/include/ATen/native
copying build/lib.linux-ppc64le-3.7/torch/include/ATen/native/UnaryOps.h -> build/bdist.linux-ppc64le/wheel/torch/include/ATen/native
copying build/lib.linux-ppc64le-3.7/torch/include/ATen/native/PointwiseOps.h -> build/bdist.linux-ppc64le/wheel/torch/include/ATen/native
copying build/lib.linux-ppc64le-3.7/torch/include/ATen/ExpandUtils.h -> build/bdist.linux-ppc64le/wheel/torch/include/ATen
copying build/lib.linux-ppc64le-3.7/torch/include/ATen/DynamicLibrary.h -> build/bdist.linux-ppc64le/wheel/torch/include/ATen
copying build/lib.linux-ppc64le-3.7/torch/include/ATen/DimVector.h -> build/bdist.linux-ppc64le/wheel/torch/include/ATen
copying build/lib.linux-ppc64le-3.7/torch/include/ATen/CPUFixedAllocator.h -> build/bdist.linux-ppc64le/wheel/torch/include/ATen
creating build/bdist.linux-ppc64le/wheel/torch/include/ATen/cpu
copying build/lib.linux-ppc64le-3.7/torch/include/ATen/cpu/vml.h -> build/bdist.linux-ppc64le/wheel/torch/include/ATen/cpu
copying build/lib.linux-ppc64le-3.7/torch/include/ATen/cpu/FlushDenormal.h -> build/bdist.linux-ppc64le/wheel/torch/include/ATen/cpu
creating build/bdist.linux-ppc64le/wheel/torch/include/ATen/cpu/vec256
copying build/lib.linux-ppc64le-3.7/torch/include/ATen/cpu/vec256/vec256_complex_float.h -> build/bdist.linux-ppc64le/wheel/torch/include/ATen/cpu/vec256
copying build/lib.linux-ppc64le-3.7/torch/include/ATen/cpu/vec256/vec256_complex_double.h -> build/bdist.linux-ppc64le/wheel/torch/include/ATen/cpu/vec256
copying build/lib.linux-ppc64le-3.7/torch/include/ATen/cpu/vec256/vec256_int.h -> build/bdist.linux-ppc64le/wheel/torch/include/ATen/cpu/vec256
copying build/lib.linux-ppc64le-3.7/torch/include/ATen/cpu/vec256/intrinsics.h -> build/bdist.linux-ppc64le/wheel/torch/include/ATen/cpu/vec256
copying build/lib.linux-ppc64le-3.7/torch/include/ATen/cpu/vec256/functional.h -> build/bdist.linux-ppc64le/wheel/torch/include/ATen/cpu/vec256
copying build/lib.linux-ppc64le-3.7/torch/include/ATen/cpu/vec256/vec256_float.h -> build/bdist.linux-ppc64le/wheel/torch/include/ATen/cpu/vec256
copying build/lib.linux-ppc64le-3.7/torch/include/ATen/cpu/vec256/vec256_double.h -> build/bdist.linux-ppc64le/wheel/torch/include/ATen/cpu/vec256
copying build/lib.linux-ppc64le-3.7/torch/include/ATen/cpu/vec256/vec256_base.h -> build/bdist.linux-ppc64le/wheel/torch/include/ATen/cpu/vec256
copying build/lib.linux-ppc64le-3.7/torch/include/ATen/cpu/vec256/vec256_bfloat16.h -> build/bdist.linux-ppc64le/wheel/torch/include/ATen/cpu/vec256
copying build/lib.linux-ppc64le-3.7/torch/include/ATen/cpu/vec256/vec256_float_neon.h -> build/bdist.linux-ppc64le/wheel/torch/include/ATen/cpu/vec256
copying build/lib.linux-ppc64le-3.7/torch/include/ATen/cpu/vec256/vec256_qint.h -> build/bdist.linux-ppc64le/wheel/torch/include/ATen/cpu/vec256
copying build/lib.linux-ppc64le-3.7/torch/include/ATen/cpu/vec256/vec256.h -> build/bdist.linux-ppc64le/wheel/torch/include/ATen/cpu/vec256
copying build/lib.linux-ppc64le-3.7/torch/include/ATen/ThreadLocalState.h -> build/bdist.linux-ppc64le/wheel/torch/include/ATen
copying build/lib.linux-ppc64le-3.7/torch/include/ATen/QuantizedCPUType.h -> build/bdist.linux-ppc64le/wheel/torch/include/ATen
copying build/lib.linux-ppc64le-3.7/torch/include/ATen/NumericUtils.h -> build/bdist.linux-ppc64le/wheel/torch/include/ATen
copying build/lib.linux-ppc64le-3.7/torch/include/ATen/Backend.h -> build/bdist.linux-ppc64le/wheel/torch/include/ATen
copying build/lib.linux-ppc64le-3.7/torch/include/ATen/InitialTensorOptions.h -> build/bdist.linux-ppc64le/wheel/torch/include/ATen
copying build/lib.linux-ppc64le-3.7/torch/include/ATen/NamedTensor.h -> build/bdist.linux-ppc64le/wheel/torch/include/ATen
copying build/lib.linux-ppc64le-3.7/torch/include/ATen/ArrayRef.h -> build/bdist.linux-ppc64le/wheel/torch/include/ATen
copying build/lib.linux-ppc64le-3.7/torch/include/ATen/VmapTransforms.h -> build/bdist.linux-ppc64le/wheel/torch/include/ATen
copying build/lib.linux-ppc64le-3.7/torch/include/ATen/CPUApplyUtils.h -> build/bdist.linux-ppc64le/wheel/torch/include/ATen
copying build/lib.linux-ppc64le-3.7/torch/include/ATen/ParallelOpenMP.h -> build/bdist.linux-ppc64le/wheel/torch/include/ATen
copying build/lib.linux-ppc64le-3.7/torch/include/ATen/Utils.h -> build/bdist.linux-ppc64le/wheel/torch/include/ATen
copying build/lib.linux-ppc64le-3.7/torch/include/ATen/cpp_custom_type_hack.h -> build/bdist.linux-ppc64le/wheel/torch/include/ATen
creating build/bdist.linux-ppc64le/wheel/torch/include/THC
copying build/lib.linux-ppc64le-3.7/torch/include/THC/THCTensor.h -> build/bdist.linux-ppc64le/wheel/torch/include/THC
copying build/lib.linux-ppc64le-3.7/torch/include/THC/THCTensorRandom.h -> build/bdist.linux-ppc64le/wheel/torch/include/THC
copying build/lib.linux-ppc64le-3.7/torch/include/THC/THCReduce.cuh -> build/bdist.linux-ppc64le/wheel/torch/include/THC
copying build/lib.linux-ppc64le-3.7/torch/include/THC/THCDeviceTensor.cuh -> build/bdist.linux-ppc64le/wheel/torch/include/THC
copying build/lib.linux-ppc64le-3.7/torch/include/THC/THCGeneral.hpp -> build/bdist.linux-ppc64le/wheel/torch/include/THC
copying build/lib.linux-ppc64le-3.7/torch/include/THC/THCStorage.hpp -> build/bdist.linux-ppc64le/wheel/torch/include/THC
copying build/lib.linux-ppc64le-3.7/torch/include/THC/THCTensorMode.cuh -> build/bdist.linux-ppc64le/wheel/torch/include/THC
copying build/lib.linux-ppc64le-3.7/torch/include/THC/THCTensorRandom.cuh -> build/bdist.linux-ppc64le/wheel/torch/include/THC
copying build/lib.linux-ppc64le-3.7/torch/include/THC/THCTensorSort.cuh -> build/bdist.linux-ppc64le/wheel/torch/include/THC
copying build/lib.linux-ppc64le-3.7/torch/include/THC/THCTensorMathReduce.cuh -> build/bdist.linux-ppc64le/wheel/torch/include/THC
copying build/lib.linux-ppc64le-3.7/torch/include/THC/THCApply.cuh -> build/bdist.linux-ppc64le/wheel/torch/include/THC
copying build/lib.linux-ppc64le-3.7/torch/include/THC/THCGenerateComplexTypes.h -> build/bdist.linux-ppc64le/wheel/torch/include/THC
copying build/lib.linux-ppc64le-3.7/torch/include/THC/THCAsmUtils.cuh -> build/bdist.linux-ppc64le/wheel/torch/include/THC
copying build/lib.linux-ppc64le-3.7/torch/include/THC/THCDeviceUtils.cuh -> build/bdist.linux-ppc64le/wheel/torch/include/THC
copying build/lib.linux-ppc64le-3.7/torch/include/THC/THCGenerateShortType.h -> build/bdist.linux-ppc64le/wheel/torch/include/THC
copying build/lib.linux-ppc64le-3.7/torch/include/THC/THCTensorTopK.cuh -> build/bdist.linux-ppc64le/wheel/torch/include/THC
copying build/lib.linux-ppc64le-3.7/torch/include/THC/THCDeviceTensor-inl.cuh -> build/bdist.linux-ppc64le/wheel/torch/include/THC
copying build/lib.linux-ppc64le-3.7/torch/include/THC/THCGenerateFloatType.h -> build/bdist.linux-ppc64le/wheel/torch/include/THC
copying build/lib.linux-ppc64le-3.7/torch/include/THC/THCSleep.h -> build/bdist.linux-ppc64le/wheel/torch/include/THC
copying build/lib.linux-ppc64le-3.7/torch/include/THC/THCTensorTypeUtils.cuh -> build/bdist.linux-ppc64le/wheel/torch/include/THC
copying build/lib.linux-ppc64le-3.7/torch/include/THC/THCGeneral.h -> build/bdist.linux-ppc64le/wheel/torch/include/THC
copying build/lib.linux-ppc64le-3.7/torch/include/THC/THCDeviceTensorUtils-inl.cuh -> build/bdist.linux-ppc64le/wheel/torch/include/THC
copying build/lib.linux-ppc64le-3.7/torch/include/THC/THCStorageCopy.h -> build/bdist.linux-ppc64le/wheel/torch/include/THC
copying build/lib.linux-ppc64le-3.7/torch/include/THC/THCScanUtils.cuh -> build/bdist.linux-ppc64le/wheel/torch/include/THC
copying build/lib.linux-ppc64le-3.7/torch/include/THC/THCGenerateAllTypes.h -> build/bdist.linux-ppc64le/wheel/torch/include/THC
copying build/lib.linux-ppc64le-3.7/torch/include/THC/THCTensorCopy.hpp -> build/bdist.linux-ppc64le/wheel/torch/include/THC
copying build/lib.linux-ppc64le-3.7/torch/include/THC/THCTensorMathPointwise.cuh -> build/bdist.linux-ppc64le/wheel/torch/include/THC
copying build/lib.linux-ppc64le-3.7/torch/include/THC/THCGenerateComplexFloatType.h -> build/bdist.linux-ppc64le/wheel/torch/include/THC
creating build/bdist.linux-ppc64le/wheel/torch/include/THC/generic
copying build/lib.linux-ppc64le-3.7/torch/include/THC/generic/THCTensor.h -> build/bdist.linux-ppc64le/wheel/torch/include/THC/generic
copying build/lib.linux-ppc64le-3.7/torch/include/THC/generic/THCTensorRandom.h -> build/bdist.linux-ppc64le/wheel/torch/include/THC/generic
copying build/lib.linux-ppc64le-3.7/torch/include/THC/generic/THCTensorTopK.h -> build/bdist.linux-ppc64le/wheel/torch/include/THC/generic
copying build/lib.linux-ppc64le-3.7/torch/include/THC/generic/THCTensorIndex.h -> build/bdist.linux-ppc64le/wheel/torch/include/THC/generic
copying build/lib.linux-ppc64le-3.7/torch/include/THC/generic/THCTensorMathMagma.h -> build/bdist.linux-ppc64le/wheel/torch/include/THC/generic
copying build/lib.linux-ppc64le-3.7/torch/include/THC/generic/THCTensorSort.h -> build/bdist.linux-ppc64le/wheel/torch/include/THC/generic
copying build/lib.linux-ppc64le-3.7/torch/include/THC/generic/THCStorageCopy.h -> build/bdist.linux-ppc64le/wheel/torch/include/THC/generic
copying build/lib.linux-ppc64le-3.7/torch/include/THC/generic/THCTensorMasked.h -> build/bdist.linux-ppc64le/wheel/torch/include/THC/generic
copying build/lib.linux-ppc64le-3.7/torch/include/THC/generic/THCTensorMath.h -> build/bdist.linux-ppc64le/wheel/torch/include/THC/generic
copying build/lib.linux-ppc64le-3.7/torch/include/THC/generic/THCTensorMathPairwise.h -> build/bdist.linux-ppc64le/wheel/torch/include/THC/generic
copying build/lib.linux-ppc64le-3.7/torch/include/THC/generic/THCTensorMode.h -> build/bdist.linux-ppc64le/wheel/torch/include/THC/generic
copying build/lib.linux-ppc64le-3.7/torch/include/THC/generic/THCTensorCopy.h -> build/bdist.linux-ppc64le/wheel/torch/include/THC/generic
copying build/lib.linux-ppc64le-3.7/torch/include/THC/generic/THCTensorScatterGather.h -> build/bdist.linux-ppc64le/wheel/torch/include/THC/generic
copying build/lib.linux-ppc64le-3.7/torch/include/THC/generic/THCTensorMathBlas.h -> build/bdist.linux-ppc64le/wheel/torch/include/THC/generic
copying build/lib.linux-ppc64le-3.7/torch/include/THC/generic/THCTensorMathReduce.h -> build/bdist.linux-ppc64le/wheel/torch/include/THC/generic
copying build/lib.linux-ppc64le-3.7/torch/include/THC/generic/THCTensorMathPointwise.h -> build/bdist.linux-ppc64le/wheel/torch/include/THC/generic
copying build/lib.linux-ppc64le-3.7/torch/include/THC/generic/THCStorage.h -> build/bdist.linux-ppc64le/wheel/torch/include/THC/generic
copying build/lib.linux-ppc64le-3.7/torch/include/THC/THCCachingHostAllocator.h -> build/bdist.linux-ppc64le/wheel/torch/include/THC
copying build/lib.linux-ppc64le-3.7/torch/include/THC/THCGenerateDoubleType.h -> build/bdist.linux-ppc64le/wheel/torch/include/THC
copying build/lib.linux-ppc64le-3.7/torch/include/THC/THCThrustAllocator.cuh -> build/bdist.linux-ppc64le/wheel/torch/include/THC
copying build/lib.linux-ppc64le-3.7/torch/include/THC/THCTensorMath.h -> build/bdist.linux-ppc64le/wheel/torch/include/THC
copying build/lib.linux-ppc64le-3.7/torch/include/THC/THCDeviceTensorUtils.cuh -> build/bdist.linux-ppc64le/wheel/torch/include/THC
copying build/lib.linux-ppc64le-3.7/torch/include/THC/THCTensorInfo.cuh -> build/bdist.linux-ppc64le/wheel/torch/include/THC
copying build/lib.linux-ppc64le-3.7/torch/include/THC/THCGenerateCharType.h -> build/bdist.linux-ppc64le/wheel/torch/include/THC
copying build/lib.linux-ppc64le-3.7/torch/include/THC/THCGenerateComplexDoubleType.h -> build/bdist.linux-ppc64le/wheel/torch/include/THC
copying build/lib.linux-ppc64le-3.7/torch/include/THC/THCTensorMathMagma.cuh -> build/bdist.linux-ppc64le/wheel/torch/include/THC
copying build/lib.linux-ppc64le-3.7/torch/include/THC/THCAllocator.h -> build/bdist.linux-ppc64le/wheel/torch/include/THC
copying build/lib.linux-ppc64le-3.7/torch/include/THC/THCGenerateBoolType.h -> build/bdist.linux-ppc64le/wheel/torch/include/THC
copying build/lib.linux-ppc64le-3.7/torch/include/THC/THCIntegerDivider.cuh -> build/bdist.linux-ppc64le/wheel/torch/include/THC
copying build/lib.linux-ppc64le-3.7/torch/include/THC/THCGenerateBFloat16Type.h -> build/bdist.linux-ppc64le/wheel/torch/include/THC
copying build/lib.linux-ppc64le-3.7/torch/include/THC/THCGenerateLongType.h -> build/bdist.linux-ppc64le/wheel/torch/include/THC
copying build/lib.linux-ppc64le-3.7/torch/include/THC/THCNumerics.cuh -> build/bdist.linux-ppc64le/wheel/torch/include/THC
copying build/lib.linux-ppc64le-3.7/torch/include/THC/THCGenerateHalfType.h -> build/bdist.linux-ppc64le/wheel/torch/include/THC
copying build/lib.linux-ppc64le-3.7/torch/include/THC/THCSortUtils.cuh -> build/bdist.linux-ppc64le/wheel/torch/include/THC
copying build/lib.linux-ppc64le-3.7/torch/include/THC/THCGenerateIntType.h -> build/bdist.linux-ppc64le/wheel/torch/include/THC
copying build/lib.linux-ppc64le-3.7/torch/include/THC/THCAtomics.cuh -> build/bdist.linux-ppc64le/wheel/torch/include/THC
copying build/lib.linux-ppc64le-3.7/torch/include/THC/THCTensorCopy.h -> build/bdist.linux-ppc64le/wheel/torch/include/THC
copying build/lib.linux-ppc64le-3.7/torch/include/THC/THCTensor.hpp -> build/bdist.linux-ppc64le/wheel/torch/include/THC
copying build/lib.linux-ppc64le-3.7/torch/include/THC/THCGenerateByteType.h -> build/bdist.linux-ppc64le/wheel/torch/include/THC
copying build/lib.linux-ppc64le-3.7/torch/include/THC/THCBlas.h -> build/bdist.linux-ppc64le/wheel/torch/include/THC
copying build/lib.linux-ppc64le-3.7/torch/include/THC/THCGenerateFloatTypes.h -> build/bdist.linux-ppc64le/wheel/torch/include/THC
copying build/lib.linux-ppc64le-3.7/torch/include/THC/THC.h -> build/bdist.linux-ppc64le/wheel/torch/include/THC
copying build/lib.linux-ppc64le-3.7/torch/include/THC/THCReduceAll.cuh -> build/bdist.linux-ppc64le/wheel/torch/include/THC
copying build/lib.linux-ppc64le-3.7/torch/include/THC/THCStorage.h -> build/bdist.linux-ppc64le/wheel/torch/include/THC
copying build/lib.linux-ppc64le-3.7/torch/include/THC/THCReduceApplyUtils.cuh -> build/bdist.linux-ppc64le/wheel/torch/include/THC
creating build/bdist.linux-ppc64le/wheel/torch/include/pybind11
copying build/lib.linux-ppc64le-3.7/torch/include/pybind11/eval.h -> build/bdist.linux-ppc64le/wheel/torch/include/pybind11
copying build/lib.linux-ppc64le-3.7/torch/include/pybind11/buffer_info.h -> build/bdist.linux-ppc64le/wheel/torch/include/pybind11
copying build/lib.linux-ppc64le-3.7/torch/include/pybind11/attr.h -> build/bdist.linux-ppc64le/wheel/torch/include/pybind11
copying build/lib.linux-ppc64le-3.7/torch/include/pybind11/cast.h -> build/bdist.linux-ppc64le/wheel/torch/include/pybind11
copying build/lib.linux-ppc64le-3.7/torch/include/pybind11/operators.h -> build/bdist.linux-ppc64le/wheel/torch/include/pybind11
copying build/lib.linux-ppc64le-3.7/torch/include/pybind11/iostream.h -> build/bdist.linux-ppc64le/wheel/torch/include/pybind11
creating build/bdist.linux-ppc64le/wheel/torch/include/pybind11/detail
copying build/lib.linux-ppc64le-3.7/torch/include/pybind11/detail/common.h -> build/bdist.linux-ppc64le/wheel/torch/include/pybind11/detail
copying build/lib.linux-ppc64le-3.7/torch/include/pybind11/detail/descr.h -> build/bdist.linux-ppc64le/wheel/torch/include/pybind11/detail
copying build/lib.linux-ppc64le-3.7/torch/include/pybind11/detail/class.h -> build/bdist.linux-ppc64le/wheel/torch/include/pybind11/detail
copying build/lib.linux-ppc64le-3.7/torch/include/pybind11/detail/typeid.h -> build/bdist.linux-ppc64le/wheel/torch/include/pybind11/detail
copying build/lib.linux-ppc64le-3.7/torch/include/pybind11/detail/internals.h -> build/bdist.linux-ppc64le/wheel/torch/include/pybind11/detail
copying build/lib.linux-ppc64le-3.7/torch/include/pybind11/detail/init.h -> build/bdist.linux-ppc64le/wheel/torch/include/pybind11/detail
copying build/lib.linux-ppc64le-3.7/torch/include/pybind11/eigen.h -> build/bdist.linux-ppc64le/wheel/torch/include/pybind11
copying build/lib.linux-ppc64le-3.7/torch/include/pybind11/common.h -> build/bdist.linux-ppc64le/wheel/torch/include/pybind11
copying build/lib.linux-ppc64le-3.7/torch/include/pybind11/pybind11.h -> build/bdist.linux-ppc64le/wheel/torch/include/pybind11
copying build/lib.linux-ppc64le-3.7/torch/include/pybind11/stl.h -> build/bdist.linux-ppc64le/wheel/torch/include/pybind11
copying build/lib.linux-ppc64le-3.7/torch/include/pybind11/functional.h -> build/bdist.linux-ppc64le/wheel/torch/include/pybind11
copying build/lib.linux-ppc64le-3.7/torch/include/pybind11/pytypes.h -> build/bdist.linux-ppc64le/wheel/torch/include/pybind11
copying build/lib.linux-ppc64le-3.7/torch/include/pybind11/chrono.h -> build/bdist.linux-ppc64le/wheel/torch/include/pybind11
copying build/lib.linux-ppc64le-3.7/torch/include/pybind11/stl_bind.h -> build/bdist.linux-ppc64le/wheel/torch/include/pybind11
copying build/lib.linux-ppc64le-3.7/torch/include/pybind11/complex.h -> build/bdist.linux-ppc64le/wheel/torch/include/pybind11
copying build/lib.linux-ppc64le-3.7/torch/include/pybind11/options.h -> build/bdist.linux-ppc64le/wheel/torch/include/pybind11
copying build/lib.linux-ppc64le-3.7/torch/include/pybind11/numpy.h -> build/bdist.linux-ppc64le/wheel/torch/include/pybind11
copying build/lib.linux-ppc64le-3.7/torch/include/pybind11/embed.h -> build/bdist.linux-ppc64le/wheel/torch/include/pybind11
creating build/bdist.linux-ppc64le/wheel/torch/include/caffe2
creating build/bdist.linux-ppc64le/wheel/torch/include/caffe2/observers
copying build/lib.linux-ppc64le-3.7/torch/include/caffe2/observers/profile_observer.h -> build/bdist.linux-ppc64le/wheel/torch/include/caffe2/observers
copying build/lib.linux-ppc64le-3.7/torch/include/caffe2/observers/operator_attaching_net_observer.h -> build/bdist.linux-ppc64le/wheel/torch/include/caffe2/observers
copying build/lib.linux-ppc64le-3.7/torch/include/caffe2/observers/time_observer.h -> build/bdist.linux-ppc64le/wheel/torch/include/caffe2/observers
copying build/lib.linux-ppc64le-3.7/torch/include/caffe2/observers/runcnt_observer.h -> build/bdist.linux-ppc64le/wheel/torch/include/caffe2/observers
creating build/bdist.linux-ppc64le/wheel/torch/include/caffe2/cuda_rtc
copying build/lib.linux-ppc64le-3.7/torch/include/caffe2/cuda_rtc/common_rtc.h -> build/bdist.linux-ppc64le/wheel/torch/include/caffe2/cuda_rtc
creating build/bdist.linux-ppc64le/wheel/torch/include/caffe2/ideep
copying build/lib.linux-ppc64le-3.7/torch/include/caffe2/ideep/ideep_utils.h -> build/bdist.linux-ppc64le/wheel/torch/include/caffe2/ideep
creating build/bdist.linux-ppc64le/wheel/torch/include/caffe2/sgd
copying build/lib.linux-ppc64le-3.7/torch/include/caffe2/sgd/gftrl_op.h -> build/bdist.linux-ppc64le/wheel/torch/include/caffe2/sgd
copying build/lib.linux-ppc64le-3.7/torch/include/caffe2/sgd/math_lp.h -> build/bdist.linux-ppc64le/wheel/torch/include/caffe2/sgd
copying build/lib.linux-ppc64le-3.7/torch/include/caffe2/sgd/learning_rate_functors.h -> build/bdist.linux-ppc64le/wheel/torch/include/caffe2/sgd
copying build/lib.linux-ppc64le-3.7/torch/include/caffe2/sgd/fp16_momentum_sgd_op.h -> build/bdist.linux-ppc64le/wheel/torch/include/caffe2/sgd
copying build/lib.linux-ppc64le-3.7/torch/include/caffe2/sgd/rowwise_adagrad_fused.h -> build/bdist.linux-ppc64le/wheel/torch/include/caffe2/sgd
copying build/lib.linux-ppc64le-3.7/torch/include/caffe2/sgd/adagrad_fused.h -> build/bdist.linux-ppc64le/wheel/torch/include/caffe2/sgd
copying build/lib.linux-ppc64le-3.7/torch/include/caffe2/sgd/adam_op.h -> build/bdist.linux-ppc64le/wheel/torch/include/caffe2/sgd
copying build/lib.linux-ppc64le-3.7/torch/include/caffe2/sgd/momentum_sgd_op.h -> build/bdist.linux-ppc64le/wheel/torch/include/caffe2/sgd
copying build/lib.linux-ppc64le-3.7/torch/include/caffe2/sgd/wngrad_op.h -> build/bdist.linux-ppc64le/wheel/torch/include/caffe2/sgd
copying build/lib.linux-ppc64le-3.7/torch/include/caffe2/sgd/fp32_momentum_sgd_op.h -> build/bdist.linux-ppc64le/wheel/torch/include/caffe2/sgd
copying build/lib.linux-ppc64le-3.7/torch/include/caffe2/sgd/learning_rate_adaption_op.h -> build/bdist.linux-ppc64le/wheel/torch/include/caffe2/sgd
copying build/lib.linux-ppc64le-3.7/torch/include/caffe2/sgd/storm_op.h -> build/bdist.linux-ppc64le/wheel/torch/include/caffe2/sgd
copying build/lib.linux-ppc64le-3.7/torch/include/caffe2/sgd/adadelta_op.h -> build/bdist.linux-ppc64le/wheel/torch/include/caffe2/sgd
copying build/lib.linux-ppc64le-3.7/torch/include/caffe2/sgd/ftrl_op.h -> build/bdist.linux-ppc64le/wheel/torch/include/caffe2/sgd
copying build/lib.linux-ppc64le-3.7/torch/include/caffe2/sgd/weight_scale_op.h -> build/bdist.linux-ppc64le/wheel/torch/include/caffe2/sgd
copying build/lib.linux-ppc64le-3.7/torch/include/caffe2/sgd/rowwise_counter.h -> build/bdist.linux-ppc64le/wheel/torch/include/caffe2/sgd
copying build/lib.linux-ppc64le-3.7/torch/include/caffe2/sgd/learning_rate_op.h -> build/bdist.linux-ppc64le/wheel/torch/include/caffe2/sgd
copying build/lib.linux-ppc64le-3.7/torch/include/caffe2/sgd/rmsprop_op.h -> build/bdist.linux-ppc64le/wheel/torch/include/caffe2/sgd
copying build/lib.linux-ppc64le-3.7/torch/include/caffe2/sgd/adagrad_op.h -> build/bdist.linux-ppc64le/wheel/torch/include/caffe2/sgd
copying build/lib.linux-ppc64le-3.7/torch/include/caffe2/sgd/yellowfin_op.h -> build/bdist.linux-ppc64le/wheel/torch/include/caffe2/sgd
copying build/lib.linux-ppc64le-3.7/torch/include/caffe2/sgd/clip_tensor_op.h -> build/bdist.linux-ppc64le/wheel/torch/include/caffe2/sgd
copying build/lib.linux-ppc64le-3.7/torch/include/caffe2/sgd/lars_op.h -> build/bdist.linux-ppc64le/wheel/torch/include/caffe2/sgd
copying build/lib.linux-ppc64le-3.7/torch/include/caffe2/sgd/iter_op.h -> build/bdist.linux-ppc64le/wheel/torch/include/caffe2/sgd
creating build/bdist.linux-ppc64le/wheel/torch/include/caffe2/core
copying build/lib.linux-ppc64le-3.7/torch/include/caffe2/core/blob.h -> build/bdist.linux-ppc64le/wheel/torch/include/caffe2/core
copying build/lib.linux-ppc64le-3.7/torch/include/caffe2/core/graph.h -> build/bdist.linux-ppc64le/wheel/torch/include/caffe2/core
copying build/lib.linux-ppc64le-3.7/torch/include/caffe2/core/tensor_impl.h -> build/bdist.linux-ppc64le/wheel/torch/include/caffe2/core
copying build/lib.linux-ppc64le-3.7/torch/include/caffe2/core/qtensor.h -> build/bdist.linux-ppc64le/wheel/torch/include/caffe2/core
copying build/lib.linux-ppc64le-3.7/torch/include/caffe2/core/allocator.h -> build/bdist.linux-ppc64le/wheel/torch/include/caffe2/core
copying build/lib.linux-ppc64le-3.7/torch/include/caffe2/core/export_caffe2_op_to_c10.h -> build/bdist.linux-ppc64le/wheel/torch/include/caffe2/core
copying build/lib.linux-ppc64le-3.7/torch/include/caffe2/core/storage.h -> build/bdist.linux-ppc64le/wheel/torch/include/caffe2/core
copying build/lib.linux-ppc64le-3.7/torch/include/caffe2/core/timer.h -> build/bdist.linux-ppc64le/wheel/torch/include/caffe2/core
copying build/lib.linux-ppc64le-3.7/torch/include/caffe2/core/event.h -> build/bdist.linux-ppc64le/wheel/torch/include/caffe2/core
copying build/lib.linux-ppc64le-3.7/torch/include/caffe2/core/common_cudnn.h -> build/bdist.linux-ppc64le/wheel/torch/include/caffe2/core
copying build/lib.linux-ppc64le-3.7/torch/include/caffe2/core/tensor.h -> build/bdist.linux-ppc64le/wheel/torch/include/caffe2/core
copying build/lib.linux-ppc64le-3.7/torch/include/caffe2/core/common.h -> build/bdist.linux-ppc64le/wheel/torch/include/caffe2/core
copying build/lib.linux-ppc64le-3.7/torch/include/caffe2/core/plan_executor.h -> build/bdist.linux-ppc64le/wheel/torch/include/caffe2/core
copying build/lib.linux-ppc64le-3.7/torch/include/caffe2/core/net_async_task_future.h -> build/bdist.linux-ppc64le/wheel/torch/include/caffe2/core
copying build/lib.linux-ppc64le-3.7/torch/include/caffe2/core/operator.h -> build/bdist.linux-ppc64le/wheel/torch/include/caffe2/core
copying build/lib.linux-ppc64le-3.7/torch/include/caffe2/core/transform.h -> build/bdist.linux-ppc64le/wheel/torch/include/caffe2/core
copying build/lib.linux-ppc64le-3.7/torch/include/caffe2/core/blob_stats.h -> build/bdist.linux-ppc64le/wheel/torch/include/caffe2/core
copying build/lib.linux-ppc64le-3.7/torch/include/caffe2/core/module.h -> build/bdist.linux-ppc64le/wheel/torch/include/caffe2/core
copying build/lib.linux-ppc64le-3.7/torch/include/caffe2/core/observer.h -> build/bdist.linux-ppc64le/wheel/torch/include/caffe2/core
copying build/lib.linux-ppc64le-3.7/torch/include/caffe2/core/stats.h -> build/bdist.linux-ppc64le/wheel/torch/include/caffe2/core
copying build/lib.linux-ppc64le-3.7/torch/include/caffe2/core/net_async_scheduling.h -> build/bdist.linux-ppc64le/wheel/torch/include/caffe2/core
copying build/lib.linux-ppc64le-3.7/torch/include/caffe2/core/operator_schema.h -> build/bdist.linux-ppc64le/wheel/torch/include/caffe2/core
copying build/lib.linux-ppc64le-3.7/torch/include/caffe2/core/context_gpu.h -> build/bdist.linux-ppc64le/wheel/torch/include/caffe2/core
copying build/lib.linux-ppc64le-3.7/torch/include/caffe2/core/memonger.h -> build/bdist.linux-ppc64le/wheel/torch/include/caffe2/core
copying build/lib.linux-ppc64le-3.7/torch/include/caffe2/core/blob_serialization.h -> build/bdist.linux-ppc64le/wheel/torch/include/caffe2/core
copying build/lib.linux-ppc64le-3.7/torch/include/caffe2/core/common_gpu.h -> build/bdist.linux-ppc64le/wheel/torch/include/caffe2/core
copying build/lib.linux-ppc64le-3.7/torch/include/caffe2/core/context.h -> build/bdist.linux-ppc64le/wheel/torch/include/caffe2/core
copying build/lib.linux-ppc64le-3.7/torch/include/caffe2/core/db.h -> build/bdist.linux-ppc64le/wheel/torch/include/caffe2/core
copying build/lib.linux-ppc64le-3.7/torch/include/caffe2/core/tensor_int8.h -> build/bdist.linux-ppc64le/wheel/torch/include/caffe2/core
copying build/lib.linux-ppc64le-3.7/torch/include/caffe2/core/logging.h -> build/bdist.linux-ppc64le/wheel/torch/include/caffe2/core
copying build/lib.linux-ppc64le-3.7/torch/include/caffe2/core/net_async_tracing.h -> build/bdist.linux-ppc64le/wheel/torch/include/caffe2/core
copying build/lib.linux-ppc64le-3.7/torch/include/caffe2/core/init.h -> build/bdist.linux-ppc64le/wheel/torch/include/caffe2/core
copying build/lib.linux-ppc64le-3.7/torch/include/caffe2/core/operator_gradient.h -> build/bdist.linux-ppc64le/wheel/torch/include/caffe2/core
copying build/lib.linux-ppc64le-3.7/torch/include/caffe2/core/export_c10_op_to_caffe2.h -> build/bdist.linux-ppc64le/wheel/torch/include/caffe2/core
copying build/lib.linux-ppc64le-3.7/torch/include/caffe2/core/test_utils.h -> build/bdist.linux-ppc64le/wheel/torch/include/caffe2/core
copying build/lib.linux-ppc64le-3.7/torch/include/caffe2/core/macros.h -> build/bdist.linux-ppc64le/wheel/torch/include/caffe2/core
copying build/lib.linux-ppc64le-3.7/torch/include/caffe2/core/scope_guard.h -> build/bdist.linux-ppc64le/wheel/torch/include/caffe2/core
copying build/lib.linux-ppc64le-3.7/torch/include/caffe2/core/net_async_task_graph.h -> build/bdist.linux-ppc64le/wheel/torch/include/caffe2/core
copying build/lib.linux-ppc64le-3.7/torch/include/caffe2/core/net_simple_refcount.h -> build/bdist.linux-ppc64le/wheel/torch/include/caffe2/core
copying build/lib.linux-ppc64le-3.7/torch/include/caffe2/core/net_async_task.h -> build/bdist.linux-ppc64le/wheel/torch/include/caffe2/core
copying build/lib.linux-ppc64le-3.7/torch/include/caffe2/core/net_dag_utils.h -> build/bdist.linux-ppc64le/wheel/torch/include/caffe2/core
copying build/lib.linux-ppc64le-3.7/torch/include/caffe2/core/prof_dag_counters.h -> build/bdist.linux-ppc64le/wheel/torch/include/caffe2/core
copying build/lib.linux-ppc64le-3.7/torch/include/caffe2/core/types.h -> build/bdist.linux-ppc64le/wheel/torch/include/caffe2/core
copying build/lib.linux-ppc64le-3.7/torch/include/caffe2/core/net_parallel.h -> build/bdist.linux-ppc64le/wheel/torch/include/caffe2/core
copying build/lib.linux-ppc64le-3.7/torch/include/caffe2/core/common_omp.h -> build/bdist.linux-ppc64le/wheel/torch/include/caffe2/core
copying build/lib.linux-ppc64le-3.7/torch/include/caffe2/core/event_cpu.h -> build/bdist.linux-ppc64le/wheel/torch/include/caffe2/core
copying build/lib.linux-ppc64le-3.7/torch/include/caffe2/core/blob_serializer_base.h -> build/bdist.linux-ppc64le/wheel/torch/include/caffe2/core
copying build/lib.linux-ppc64le-3.7/torch/include/caffe2/core/cudnn_wrappers.h -> build/bdist.linux-ppc64le/wheel/torch/include/caffe2/core
copying build/lib.linux-ppc64le-3.7/torch/include/caffe2/core/numa.h -> build/bdist.linux-ppc64le/wheel/torch/include/caffe2/core
copying build/lib.linux-ppc64le-3.7/torch/include/caffe2/core/flags.h -> build/bdist.linux-ppc64le/wheel/torch/include/caffe2/core
copying build/lib.linux-ppc64le-3.7/torch/include/caffe2/core/net_async_base.h -> build/bdist.linux-ppc64le/wheel/torch/include/caffe2/core
copying build/lib.linux-ppc64le-3.7/torch/include/caffe2/core/qtensor_serialization.h -> build/bdist.linux-ppc64le/wheel/torch/include/caffe2/core
copying build/lib.linux-ppc64le-3.7/torch/include/caffe2/core/static_tracepoint.h -> build/bdist.linux-ppc64le/wheel/torch/include/caffe2/core
copying build/lib.linux-ppc64le-3.7/torch/include/caffe2/core/static_tracepoint_elfx86.h -> build/bdist.linux-ppc64le/wheel/torch/include/caffe2/core
copying build/lib.linux-ppc64le-3.7/torch/include/caffe2/core/workspace.h -> build/bdist.linux-ppc64le/wheel/torch/include/caffe2/core
copying build/lib.linux-ppc64le-3.7/torch/include/caffe2/core/net.h -> build/bdist.linux-ppc64le/wheel/torch/include/caffe2/core
copying build/lib.linux-ppc64le-3.7/torch/include/caffe2/core/asan.h -> build/bdist.linux-ppc64le/wheel/torch/include/caffe2/core
copying build/lib.linux-ppc64le-3.7/torch/include/caffe2/core/context_base.h -> build/bdist.linux-ppc64le/wheel/torch/include/caffe2/core
copying build/lib.linux-ppc64le-3.7/torch/include/caffe2/core/net_simple.h -> build/bdist.linux-ppc64le/wheel/torch/include/caffe2/core
creating build/bdist.linux-ppc64le/wheel/torch/include/caffe2/proto
copying build/lib.linux-ppc64le-3.7/torch/include/caffe2/proto/caffe2_legacy.pb.h -> build/bdist.linux-ppc64le/wheel/torch/include/caffe2/proto
copying build/lib.linux-ppc64le-3.7/torch/include/caffe2/proto/predictor_consts.pb.h -> build/bdist.linux-ppc64le/wheel/torch/include/caffe2/proto
copying build/lib.linux-ppc64le-3.7/torch/include/caffe2/proto/prof_dag.pb.h -> build/bdist.linux-ppc64le/wheel/torch/include/caffe2/proto
copying build/lib.linux-ppc64le-3.7/torch/include/caffe2/proto/caffe2.pb.h -> build/bdist.linux-ppc64le/wheel/torch/include/caffe2/proto
copying build/lib.linux-ppc64le-3.7/torch/include/caffe2/proto/hsm.pb.h -> build/bdist.linux-ppc64le/wheel/torch/include/caffe2/proto
copying build/lib.linux-ppc64le-3.7/torch/include/caffe2/proto/caffe2_pb.h -> build/bdist.linux-ppc64le/wheel/torch/include/caffe2/proto
copying build/lib.linux-ppc64le-3.7/torch/include/caffe2/proto/metanet.pb.h -> build/bdist.linux-ppc64le/wheel/torch/include/caffe2/proto
copying build/lib.linux-ppc64le-3.7/torch/include/caffe2/proto/torch_pb.h -> build/bdist.linux-ppc64le/wheel/torch/include/caffe2/proto
copying build/lib.linux-ppc64le-3.7/torch/include/caffe2/proto/torch.pb.h -> build/bdist.linux-ppc64le/wheel/torch/include/caffe2/proto
creating build/bdist.linux-ppc64le/wheel/torch/include/caffe2/transforms
copying build/lib.linux-ppc64le-3.7/torch/include/caffe2/transforms/conv_to_nnpack_transform.h -> build/bdist.linux-ppc64le/wheel/torch/include/caffe2/transforms
copying build/lib.linux-ppc64le-3.7/torch/include/caffe2/transforms/pattern_net_transform.h -> build/bdist.linux-ppc64le/wheel/torch/include/caffe2/transforms
copying build/lib.linux-ppc64le-3.7/torch/include/caffe2/transforms/single_op_transform.h -> build/bdist.linux-ppc64le/wheel/torch/include/caffe2/transforms
copying build/lib.linux-ppc64le-3.7/torch/include/caffe2/transforms/common_subexpression_elimination.h -> build/bdist.linux-ppc64le/wheel/torch/include/caffe2/transforms
creating build/bdist.linux-ppc64le/wheel/torch/include/caffe2/predictor
copying build/lib.linux-ppc64le-3.7/torch/include/caffe2/predictor/ThreadLocalPtr.h -> build/bdist.linux-ppc64le/wheel/torch/include/caffe2/predictor
copying build/lib.linux-ppc64le-3.7/torch/include/caffe2/predictor/InferenceGraph.h -> build/bdist.linux-ppc64le/wheel/torch/include/caffe2/predictor
copying build/lib.linux-ppc64le-3.7/torch/include/caffe2/predictor/predictor_config.h -> build/bdist.linux-ppc64le/wheel/torch/include/caffe2/predictor
copying build/lib.linux-ppc64le-3.7/torch/include/caffe2/predictor/transforms.h -> build/bdist.linux-ppc64le/wheel/torch/include/caffe2/predictor
copying build/lib.linux-ppc64le-3.7/torch/include/caffe2/predictor/predictor.h -> build/bdist.linux-ppc64le/wheel/torch/include/caffe2/predictor
copying build/lib.linux-ppc64le-3.7/torch/include/caffe2/predictor/predictor_utils.h -> build/bdist.linux-ppc64le/wheel/torch/include/caffe2/predictor
creating build/bdist.linux-ppc64le/wheel/torch/include/caffe2/onnx
copying build/lib.linux-ppc64le-3.7/torch/include/caffe2/onnx/onnxifi_graph_info.h -> build/bdist.linux-ppc64le/wheel/torch/include/caffe2/onnx
copying build/lib.linux-ppc64le-3.7/torch/include/caffe2/onnx/offline_tensor.h -> build/bdist.linux-ppc64le/wheel/torch/include/caffe2/onnx
copying build/lib.linux-ppc64le-3.7/torch/include/caffe2/onnx/backend_rep.h -> build/bdist.linux-ppc64le/wheel/torch/include/caffe2/onnx
copying build/lib.linux-ppc64le-3.7/torch/include/caffe2/onnx/helper.h -> build/bdist.linux-ppc64le/wheel/torch/include/caffe2/onnx
copying build/lib.linux-ppc64le-3.7/torch/include/caffe2/onnx/device.h -> build/bdist.linux-ppc64le/wheel/torch/include/caffe2/onnx
copying build/lib.linux-ppc64le-3.7/torch/include/caffe2/onnx/onnxifi_init.h -> build/bdist.linux-ppc64le/wheel/torch/include/caffe2/onnx
copying build/lib.linux-ppc64le-3.7/torch/include/caffe2/onnx/backend.h -> build/bdist.linux-ppc64le/wheel/torch/include/caffe2/onnx
copying build/lib.linux-ppc64le-3.7/torch/include/caffe2/onnx/onnx_exporter.h -> build/bdist.linux-ppc64le/wheel/torch/include/caffe2/onnx
creating build/bdist.linux-ppc64le/wheel/torch/include/caffe2/mpi
copying build/lib.linux-ppc64le-3.7/torch/include/caffe2/mpi/mpi_ops.h -> build/bdist.linux-ppc64le/wheel/torch/include/caffe2/mpi
copying build/lib.linux-ppc64le-3.7/torch/include/caffe2/mpi/mpi_common.h -> build/bdist.linux-ppc64le/wheel/torch/include/caffe2/mpi
creating build/bdist.linux-ppc64le/wheel/torch/include/caffe2/python
copying build/lib.linux-ppc64le-3.7/torch/include/caffe2/python/pybind_state_dlpack.h -> build/bdist.linux-ppc64le/wheel/torch/include/caffe2/python
copying build/lib.linux-ppc64le-3.7/torch/include/caffe2/python/dlpack.h -> build/bdist.linux-ppc64le/wheel/torch/include/caffe2/python
copying build/lib.linux-ppc64le-3.7/torch/include/caffe2/python/pybind_state_registry.h -> build/bdist.linux-ppc64le/wheel/torch/include/caffe2/python
copying build/lib.linux-ppc64le-3.7/torch/include/caffe2/python/pybind_state.h -> build/bdist.linux-ppc64le/wheel/torch/include/caffe2/python
creating build/bdist.linux-ppc64le/wheel/torch/include/caffe2/operators
copying build/lib.linux-ppc64le-3.7/torch/include/caffe2/operators/affine_channel_op.h -> build/bdist.linux-ppc64le/wheel/torch/include/caffe2/operators
copying build/lib.linux-ppc64le-3.7/torch/include/caffe2/operators/cosh_op.h -> build/bdist.linux-ppc64le/wheel/torch/include/caffe2/operators
copying build/lib.linux-ppc64le-3.7/torch/include/caffe2/operators/normalize_l1_op.h -> build/bdist.linux-ppc64le/wheel/torch/include/caffe2/operators
copying build/lib.linux-ppc64le-3.7/torch/include/caffe2/operators/gather_ranges_to_dense_op.h -> build/bdist.linux-ppc64le/wheel/torch/include/caffe2/operators
copying build/lib.linux-ppc64le-3.7/torch/include/caffe2/operators/lengths_tile_op.h -> build/bdist.linux-ppc64le/wheel/torch/include/caffe2/operators
copying build/lib.linux-ppc64le-3.7/torch/include/caffe2/operators/cube_op.h -> build/bdist.linux-ppc64le/wheel/torch/include/caffe2/operators
copying build/lib.linux-ppc64le-3.7/torch/include/caffe2/operators/rmac_regions_op.h -> build/bdist.linux-ppc64le/wheel/torch/include/caffe2/operators
copying build/lib.linux-ppc64le-3.7/torch/include/caffe2/operators/numpy_tile_op.h -> build/bdist.linux-ppc64le/wheel/torch/include/caffe2/operators
copying build/lib.linux-ppc64le-3.7/torch/include/caffe2/operators/rank_loss_op.h -> build/bdist.linux-ppc64le/wheel/torch/include/caffe2/operators
copying build/lib.linux-ppc64le-3.7/torch/include/caffe2/operators/load_save_op.h -> build/bdist.linux-ppc64le/wheel/torch/include/caffe2/operators
copying build/lib.linux-ppc64le-3.7/torch/include/caffe2/operators/softsign_op.h -> build/bdist.linux-ppc64le/wheel/torch/include/caffe2/operators
copying build/lib.linux-ppc64le-3.7/torch/include/caffe2/operators/arg_ops.h -> build/bdist.linux-ppc64le/wheel/torch/include/caffe2/operators
copying build/lib.linux-ppc64le-3.7/torch/include/caffe2/operators/slice_op.h -> build/bdist.linux-ppc64le/wheel/torch/include/caffe2/operators
copying build/lib.linux-ppc64le-3.7/torch/include/caffe2/operators/tan_op.h -> build/bdist.linux-ppc64le/wheel/torch/include/caffe2/operators
copying build/lib.linux-ppc64le-3.7/torch/include/caffe2/operators/conditional_op.h -> build/bdist.linux-ppc64le/wheel/torch/include/caffe2/operators
copying build/lib.linux-ppc64le-3.7/torch/include/caffe2/operators/pack_segments.h -> build/bdist.linux-ppc64le/wheel/torch/include/caffe2/operators
copying build/lib.linux-ppc64le-3.7/torch/include/caffe2/operators/tile_op.h -> build/bdist.linux-ppc64le/wheel/torch/include/caffe2/operators
copying build/lib.linux-ppc64le-3.7/torch/include/caffe2/operators/matmul_op.h -> build/bdist.linux-ppc64le/wheel/torch/include/caffe2/operators
copying build/lib.linux-ppc64le-3.7/torch/include/caffe2/operators/transpose_op.h -> build/bdist.linux-ppc64le/wheel/torch/include/caffe2/operators
copying build/lib.linux-ppc64le-3.7/torch/include/caffe2/operators/batch_gather_ops.h -> build/bdist.linux-ppc64le/wheel/torch/include/caffe2/operators
copying build/lib.linux-ppc64le-3.7/torch/include/caffe2/operators/expand_squeeze_dims_op.h -> build/bdist.linux-ppc64le/wheel/torch/include/caffe2/operators
copying build/lib.linux-ppc64le-3.7/torch/include/caffe2/operators/batch_matmul_op.h -> build/bdist.linux-ppc64le/wheel/torch/include/caffe2/operators
copying build/lib.linux-ppc64le-3.7/torch/include/caffe2/operators/lstm_unit_op.h -> build/bdist.linux-ppc64le/wheel/torch/include/caffe2/operators
copying build/lib.linux-ppc64le-3.7/torch/include/caffe2/operators/fused_rowwise_nbit_conversion_ops.h -> build/bdist.linux-ppc64le/wheel/torch/include/caffe2/operators
copying build/lib.linux-ppc64le-3.7/torch/include/caffe2/operators/relu_n_op.h -> build/bdist.linux-ppc64le/wheel/torch/include/caffe2/operators
copying build/lib.linux-ppc64le-3.7/torch/include/caffe2/operators/sqr_op.h -> build/bdist.linux-ppc64le/wheel/torch/include/caffe2/operators
copying build/lib.linux-ppc64le-3.7/torch/include/caffe2/operators/reverse_packed_segs_op.h -> build/bdist.linux-ppc64le/wheel/torch/include/caffe2/operators
copying build/lib.linux-ppc64le-3.7/torch/include/caffe2/operators/perplexity_op.h -> build/bdist.linux-ppc64le/wheel/torch/include/caffe2/operators
copying build/lib.linux-ppc64le-3.7/torch/include/caffe2/operators/self_binning_histogram_op.h -> build/bdist.linux-ppc64le/wheel/torch/include/caffe2/operators
copying build/lib.linux-ppc64le-3.7/torch/include/caffe2/operators/elementwise_add_op.h -> build/bdist.linux-ppc64le/wheel/torch/include/caffe2/operators
copying build/lib.linux-ppc64le-3.7/torch/include/caffe2/operators/acos_op.h -> build/bdist.linux-ppc64le/wheel/torch/include/caffe2/operators
copying build/lib.linux-ppc64le-3.7/torch/include/caffe2/operators/lpnorm_op.h -> build/bdist.linux-ppc64le/wheel/torch/include/caffe2/operators
copying build/lib.linux-ppc64le-3.7/torch/include/caffe2/operators/enforce_finite_op.h -> build/bdist.linux-ppc64le/wheel/torch/include/caffe2/operators
copying build/lib.linux-ppc64le-3.7/torch/include/caffe2/operators/group_norm_op.h -> build/bdist.linux-ppc64le/wheel/torch/include/caffe2/operators
copying build/lib.linux-ppc64le-3.7/torch/include/caffe2/operators/layer_norm_op.h -> build/bdist.linux-ppc64le/wheel/torch/include/caffe2/operators
copying build/lib.linux-ppc64le-3.7/torch/include/caffe2/operators/sparse_to_dense_mask_op.h -> build/bdist.linux-ppc64le/wheel/torch/include/caffe2/operators
copying build/lib.linux-ppc64le-3.7/torch/include/caffe2/operators/generate_proposals_op_util_nms.h -> build/bdist.linux-ppc64le/wheel/torch/include/caffe2/operators
copying build/lib.linux-ppc64le-3.7/torch/include/caffe2/operators/generate_proposals_op_util_boxes.h -> build/bdist.linux-ppc64le/wheel/torch/include/caffe2/operators
copying build/lib.linux-ppc64le-3.7/torch/include/caffe2/operators/locally_connected_op_impl.h -> build/bdist.linux-ppc64le/wheel/torch/include/caffe2/operators
copying build/lib.linux-ppc64le-3.7/torch/include/caffe2/operators/softmax_op.h -> build/bdist.linux-ppc64le/wheel/torch/include/caffe2/operators
copying build/lib.linux-ppc64le-3.7/torch/include/caffe2/operators/counter_ops.h -> build/bdist.linux-ppc64le/wheel/torch/include/caffe2/operators
copying build/lib.linux-ppc64le-3.7/torch/include/caffe2/operators/local_response_normalization_op.h -> build/bdist.linux-ppc64le/wheel/torch/include/caffe2/operators
copying build/lib.linux-ppc64le-3.7/torch/include/caffe2/operators/erf_op.h -> build/bdist.linux-ppc64le/wheel/torch/include/caffe2/operators
copying build/lib.linux-ppc64le-3.7/torch/include/caffe2/operators/accumulate_op.h -> build/bdist.linux-ppc64le/wheel/torch/include/caffe2/operators
copying build/lib.linux-ppc64le-3.7/torch/include/caffe2/operators/lengths_reducer_ops.h -> build/bdist.linux-ppc64le/wheel/torch/include/caffe2/operators
copying build/lib.linux-ppc64le-3.7/torch/include/caffe2/operators/stop_gradient.h -> build/bdist.linux-ppc64le/wheel/torch/include/caffe2/operators
copying build/lib.linux-ppc64le-3.7/torch/include/caffe2/operators/floor_op.h -> build/bdist.linux-ppc64le/wheel/torch/include/caffe2/operators
copying build/lib.linux-ppc64le-3.7/torch/include/caffe2/operators/loss_op.h -> build/bdist.linux-ppc64le/wheel/torch/include/caffe2/operators
copying build/lib.linux-ppc64le-3.7/torch/include/caffe2/operators/selu_op.h -> build/bdist.linux-ppc64le/wheel/torch/include/caffe2/operators
copying build/lib.linux-ppc64le-3.7/torch/include/caffe2/operators/apmeter_op.h -> build/bdist.linux-ppc64le/wheel/torch/include/caffe2/operators
copying build/lib.linux-ppc64le-3.7/torch/include/caffe2/operators/abs_op.h -> build/bdist.linux-ppc64le/wheel/torch/include/caffe2/operators
copying build/lib.linux-ppc64le-3.7/torch/include/caffe2/operators/dropout_op.h -> build/bdist.linux-ppc64le/wheel/torch/include/caffe2/operators
copying build/lib.linux-ppc64le-3.7/torch/include/caffe2/operators/fused_rowwise_nbitfake_conversion_ops.h -> build/bdist.linux-ppc64le/wheel/torch/include/caffe2/operators
copying build/lib.linux-ppc64le-3.7/torch/include/caffe2/operators/reduce_front_back_max_ops.h -> build/bdist.linux-ppc64le/wheel/torch/include/caffe2/operators
copying build/lib.linux-ppc64le-3.7/torch/include/caffe2/operators/piecewise_linear_transform_op.h -> build/bdist.linux-ppc64le/wheel/torch/include/caffe2/operators
copying build/lib.linux-ppc64le-3.7/torch/include/caffe2/operators/channel_backprop_stats_op.h -> build/bdist.linux-ppc64le/wheel/torch/include/caffe2/operators
copying build/lib.linux-ppc64le-3.7/torch/include/caffe2/operators/sqrt_op.h -> build/bdist.linux-ppc64le/wheel/torch/include/caffe2/operators
copying build/lib.linux-ppc64le-3.7/torch/include/caffe2/operators/space_batch_op.h -> build/bdist.linux-ppc64le/wheel/torch/include/caffe2/operators
copying build/lib.linux-ppc64le-3.7/torch/include/caffe2/operators/log_op.h -> build/bdist.linux-ppc64le/wheel/torch/include/caffe2/operators
copying build/lib.linux-ppc64le-3.7/torch/include/caffe2/operators/clip_op.h -> build/bdist.linux-ppc64le/wheel/torch/include/caffe2/operators
copying build/lib.linux-ppc64le-3.7/torch/include/caffe2/operators/prepend_dim_op.h -> build/bdist.linux-ppc64le/wheel/torch/include/caffe2/operators
copying build/lib.linux-ppc64le-3.7/torch/include/caffe2/operators/scale_op.h -> build/bdist.linux-ppc64le/wheel/torch/include/caffe2/operators
copying build/lib.linux-ppc64le-3.7/torch/include/caffe2/operators/conv_op.h -> build/bdist.linux-ppc64le/wheel/torch/include/caffe2/operators
copying build/lib.linux-ppc64le-3.7/torch/include/caffe2/operators/roi_align_op.h -> build/bdist.linux-ppc64le/wheel/torch/include/caffe2/operators
copying build/lib.linux-ppc64le-3.7/torch/include/caffe2/operators/lengths_pad_op.h -> build/bdist.linux-ppc64le/wheel/torch/include/caffe2/operators
copying build/lib.linux-ppc64le-3.7/torch/include/caffe2/operators/gru_unit_op.h -> build/bdist.linux-ppc64le/wheel/torch/include/caffe2/operators
copying build/lib.linux-ppc64le-3.7/torch/include/caffe2/operators/ensure_clipped_op.h -> build/bdist.linux-ppc64le/wheel/torch/include/caffe2/operators
copying build/lib.linux-ppc64le-3.7/torch/include/caffe2/operators/prefetch_op.h -> build/bdist.linux-ppc64le/wheel/torch/include/caffe2/operators
copying build/lib.linux-ppc64le-3.7/torch/include/caffe2/operators/ctc_greedy_decoder_op.h -> build/bdist.linux-ppc64le/wheel/torch/include/caffe2/operators
copying build/lib.linux-ppc64le-3.7/torch/include/caffe2/operators/utility_ops.h -> build/bdist.linux-ppc64le/wheel/torch/include/caffe2/operators
copying build/lib.linux-ppc64le-3.7/torch/include/caffe2/operators/glu_op.h -> build/bdist.linux-ppc64le/wheel/torch/include/caffe2/operators
copying build/lib.linux-ppc64le-3.7/torch/include/caffe2/operators/concat_split_op.h -> build/bdist.linux-ppc64le/wheel/torch/include/caffe2/operators
copying build/lib.linux-ppc64le-3.7/torch/include/caffe2/operators/conv_transpose_op_mobile.h -> build/bdist.linux-ppc64le/wheel/torch/include/caffe2/operators
copying build/lib.linux-ppc64le-3.7/torch/include/caffe2/operators/tanh_op.h -> build/bdist.linux-ppc64le/wheel/torch/include/caffe2/operators
copying build/lib.linux-ppc64le-3.7/torch/include/caffe2/operators/activation_ops_cudnn.h -> build/bdist.linux-ppc64le/wheel/torch/include/caffe2/operators
copying build/lib.linux-ppc64le-3.7/torch/include/caffe2/operators/operator_fallback_gpu.h -> build/bdist.linux-ppc64le/wheel/torch/include/caffe2/operators
copying build/lib.linux-ppc64le-3.7/torch/include/caffe2/operators/negate_gradient_op.h -> build/bdist.linux-ppc64le/wheel/torch/include/caffe2/operators
copying build/lib.linux-ppc64le-3.7/torch/include/caffe2/operators/one_hot_ops.h -> build/bdist.linux-ppc64le/wheel/torch/include/caffe2/operators
copying build/lib.linux-ppc64le-3.7/torch/include/caffe2/operators/ceil_op.h -> build/bdist.linux-ppc64le/wheel/torch/include/caffe2/operators
copying build/lib.linux-ppc64le-3.7/torch/include/caffe2/operators/sinh_op.h -> build/bdist.linux-ppc64le/wheel/torch/include/caffe2/operators
copying build/lib.linux-ppc64le-3.7/torch/include/caffe2/operators/histogram_op.h -> build/bdist.linux-ppc64le/wheel/torch/include/caffe2/operators
copying build/lib.linux-ppc64le-3.7/torch/include/caffe2/operators/do_op.h -> build/bdist.linux-ppc64le/wheel/torch/include/caffe2/operators
copying build/lib.linux-ppc64le-3.7/torch/include/caffe2/operators/string_ops.h -> build/bdist.linux-ppc64le/wheel/torch/include/caffe2/operators
copying build/lib.linux-ppc64le-3.7/torch/include/caffe2/operators/flexible_top_k.h -> build/bdist.linux-ppc64le/wheel/torch/include/caffe2/operators
copying build/lib.linux-ppc64le-3.7/torch/include/caffe2/operators/generate_proposals_op.h -> build/bdist.linux-ppc64le/wheel/torch/include/caffe2/operators
copying build/lib.linux-ppc64le-3.7/torch/include/caffe2/operators/feature_maps_ops.h -> build/bdist.linux-ppc64le/wheel/torch/include/caffe2/operators
copying build/lib.linux-ppc64le-3.7/torch/include/caffe2/operators/cos_op.h -> build/bdist.linux-ppc64le/wheel/torch/include/caffe2/operators
copying build/lib.linux-ppc64le-3.7/torch/include/caffe2/operators/reduce_front_back_sum_mean_ops.h -> build/bdist.linux-ppc64le/wheel/torch/include/caffe2/operators
copying build/lib.linux-ppc64le-3.7/torch/include/caffe2/operators/assert_op.h -> build/bdist.linux-ppc64le/wheel/torch/include/caffe2/operators
copying build/lib.linux-ppc64le-3.7/torch/include/caffe2/operators/cbrt_op.h -> build/bdist.linux-ppc64le/wheel/torch/include/caffe2/operators
copying build/lib.linux-ppc64le-3.7/torch/include/caffe2/operators/swish_op.h -> build/bdist.linux-ppc64le/wheel/torch/include/caffe2/operators
copying build/lib.linux-ppc64le-3.7/torch/include/caffe2/operators/reciprocal_op.h -> build/bdist.linux-ppc64le/wheel/torch/include/caffe2/operators
copying build/lib.linux-ppc64le-3.7/torch/include/caffe2/operators/tensor_protos_db_input.h -> build/bdist.linux-ppc64le/wheel/torch/include/caffe2/operators
copying build/lib.linux-ppc64le-3.7/torch/include/caffe2/operators/key_split_ops.h -> build/bdist.linux-ppc64le/wheel/torch/include/caffe2/operators
copying build/lib.linux-ppc64le-3.7/torch/include/caffe2/operators/no_default_engine_op.h -> build/bdist.linux-ppc64le/wheel/torch/include/caffe2/operators
copying build/lib.linux-ppc64le-3.7/torch/include/caffe2/operators/stats_put_ops.h -> build/bdist.linux-ppc64le/wheel/torch/include/caffe2/operators
copying build/lib.linux-ppc64le-3.7/torch/include/caffe2/operators/exp_op.h -> build/bdist.linux-ppc64le/wheel/torch/include/caffe2/operators
copying build/lib.linux-ppc64le-3.7/torch/include/caffe2/operators/deform_conv_op_impl.h -> build/bdist.linux-ppc64le/wheel/torch/include/caffe2/operators
copying build/lib.linux-ppc64le-3.7/torch/include/caffe2/operators/pool_op.h -> build/bdist.linux-ppc64le/wheel/torch/include/caffe2/operators
copying build/lib.linux-ppc64le-3.7/torch/include/caffe2/operators/gelu_op.h -> build/bdist.linux-ppc64le/wheel/torch/include/caffe2/operators
copying build/lib.linux-ppc64le-3.7/torch/include/caffe2/operators/index_hash_ops.h -> build/bdist.linux-ppc64le/wheel/torch/include/caffe2/operators
copying build/lib.linux-ppc64le-3.7/torch/include/caffe2/operators/bucketize_op.h -> build/bdist.linux-ppc64le/wheel/torch/include/caffe2/operators
copying build/lib.linux-ppc64le-3.7/torch/include/caffe2/operators/unique_ops.h -> build/bdist.linux-ppc64le/wheel/torch/include/caffe2/operators
copying build/lib.linux-ppc64le-3.7/torch/include/caffe2/operators/sin_op.h -> build/bdist.linux-ppc64le/wheel/torch/include/caffe2/operators
copying build/lib.linux-ppc64le-3.7/torch/include/caffe2/operators/softplus_op.h -> build/bdist.linux-ppc64le/wheel/torch/include/caffe2/operators
copying build/lib.linux-ppc64le-3.7/torch/include/caffe2/operators/asin_op.h -> build/bdist.linux-ppc64le/wheel/torch/include/caffe2/operators
copying build/lib.linux-ppc64le-3.7/torch/include/caffe2/operators/roi_align_gradient_op.h -> build/bdist.linux-ppc64le/wheel/torch/include/caffe2/operators
copying build/lib.linux-ppc64le-3.7/torch/include/caffe2/operators/pad_op.h -> build/bdist.linux-ppc64le/wheel/torch/include/caffe2/operators
copying build/lib.linux-ppc64le-3.7/torch/include/caffe2/operators/ensure_cpu_output_op.h -> build/bdist.linux-ppc64le/wheel/torch/include/caffe2/operators
copying build/lib.linux-ppc64le-3.7/torch/include/caffe2/operators/load_save_op_util.h -> build/bdist.linux-ppc64le/wheel/torch/include/caffe2/operators
copying build/lib.linux-ppc64le-3.7/torch/include/caffe2/operators/data_couple.h -> build/bdist.linux-ppc64le/wheel/torch/include/caffe2/operators
copying build/lib.linux-ppc64le-3.7/torch/include/caffe2/operators/mish_op.h -> build/bdist.linux-ppc64le/wheel/torch/include/caffe2/operators
copying build/lib.linux-ppc64le-3.7/torch/include/caffe2/operators/elementwise_ops.h -> build/bdist.linux-ppc64le/wheel/torch/include/caffe2/operators
copying build/lib.linux-ppc64le-3.7/torch/include/caffe2/operators/softmax_with_loss_op.h -> build/bdist.linux-ppc64le/wheel/torch/include/caffe2/operators
copying build/lib.linux-ppc64le-3.7/torch/include/caffe2/operators/cast_op.h -> build/bdist.linux-ppc64le/wheel/torch/include/caffe2/operators
copying build/lib.linux-ppc64le-3.7/torch/include/caffe2/operators/lstm_utils.h -> build/bdist.linux-ppc64le/wheel/torch/include/caffe2/operators
copying build/lib.linux-ppc64le-3.7/torch/include/caffe2/operators/im2col_op.h -> build/bdist.linux-ppc64le/wheel/torch/include/caffe2/operators
copying build/lib.linux-ppc64le-3.7/torch/include/caffe2/operators/index_ops.h -> build/bdist.linux-ppc64le/wheel/torch/include/caffe2/operators
copying build/lib.linux-ppc64le-3.7/torch/include/caffe2/operators/elementwise_div_op.h -> build/bdist.linux-ppc64le/wheel/torch/include/caffe2/operators
copying build/lib.linux-ppc64le-3.7/torch/include/caffe2/operators/moments_op.h -> build/bdist.linux-ppc64le/wheel/torch/include/caffe2/operators
copying build/lib.linux-ppc64le-3.7/torch/include/caffe2/operators/lengths_reducer_rowwise_8bit_ops.h -> build/bdist.linux-ppc64le/wheel/torch/include/caffe2/operators
copying build/lib.linux-ppc64le-3.7/torch/include/caffe2/operators/roi_align_rotated_gradient_op.h -> build/bdist.linux-ppc64le/wheel/torch/include/caffe2/operators
copying build/lib.linux-ppc64le-3.7/torch/include/caffe2/operators/conv_op_impl.h -> build/bdist.linux-ppc64le/wheel/torch/include/caffe2/operators
copying build/lib.linux-ppc64le-3.7/torch/include/caffe2/operators/half_float_ops.h -> build/bdist.linux-ppc64le/wheel/torch/include/caffe2/operators
copying build/lib.linux-ppc64le-3.7/torch/include/caffe2/operators/batch_sparse_to_dense_op.h -> build/bdist.linux-ppc64le/wheel/torch/include/caffe2/operators
copying build/lib.linux-ppc64le-3.7/torch/include/caffe2/operators/fused_rowwise_8bit_conversion_ops.h -> build/bdist.linux-ppc64le/wheel/torch/include/caffe2/operators
copying build/lib.linux-ppc64le-3.7/torch/include/caffe2/operators/dense_vector_to_id_list_op.h -> build/bdist.linux-ppc64le/wheel/torch/include/caffe2/operators
copying build/lib.linux-ppc64le-3.7/torch/include/caffe2/operators/leaky_relu_op.h -> build/bdist.linux-ppc64le/wheel/torch/include/caffe2/operators
copying build/lib.linux-ppc64le-3.7/torch/include/caffe2/operators/sequence_ops.h -> build/bdist.linux-ppc64le/wheel/torch/include/caffe2/operators
copying build/lib.linux-ppc64le-3.7/torch/include/caffe2/operators/conv_pool_op_base.h -> build/bdist.linux-ppc64le/wheel/torch/include/caffe2/operators
copying build/lib.linux-ppc64le-3.7/torch/include/caffe2/operators/fully_connected_op.h -> build/bdist.linux-ppc64le/wheel/torch/include/caffe2/operators
copying build/lib.linux-ppc64le-3.7/torch/include/caffe2/operators/hard_sigmoid_op.h -> build/bdist.linux-ppc64le/wheel/torch/include/caffe2/operators
copying build/lib.linux-ppc64le-3.7/torch/include/caffe2/operators/channel_stats_op.h -> build/bdist.linux-ppc64le/wheel/torch/include/caffe2/operators
copying build/lib.linux-ppc64le-3.7/torch/include/caffe2/operators/batch_box_cox_op.h -> build/bdist.linux-ppc64le/wheel/torch/include/caffe2/operators
copying build/lib.linux-ppc64le-3.7/torch/include/caffe2/operators/while_op.h -> build/bdist.linux-ppc64le/wheel/torch/include/caffe2/operators
copying build/lib.linux-ppc64le-3.7/torch/include/caffe2/operators/partition_ops.h -> build/bdist.linux-ppc64le/wheel/torch/include/caffe2/operators
copying build/lib.linux-ppc64le-3.7/torch/include/caffe2/operators/order_switch_ops.h -> build/bdist.linux-ppc64le/wheel/torch/include/caffe2/operators
copying build/lib.linux-ppc64le-3.7/torch/include/caffe2/operators/gather_fused_8bit_rowwise_op.h -> build/bdist.linux-ppc64le/wheel/torch/include/caffe2/operators
copying build/lib.linux-ppc64le-3.7/torch/include/caffe2/operators/margin_ranking_criterion_op.h -> build/bdist.linux-ppc64le/wheel/torch/include/caffe2/operators
copying build/lib.linux-ppc64le-3.7/torch/include/caffe2/operators/elementwise_mul_op.h -> build/bdist.linux-ppc64le/wheel/torch/include/caffe2/operators
copying build/lib.linux-ppc64le-3.7/torch/include/caffe2/operators/sparse_lp_regularizer_op.h -> build/bdist.linux-ppc64le/wheel/torch/include/caffe2/operators
copying build/lib.linux-ppc64le-3.7/torch/include/caffe2/operators/gather_op.h -> build/bdist.linux-ppc64le/wheel/torch/include/caffe2/operators
copying build/lib.linux-ppc64le-3.7/torch/include/caffe2/operators/op_utils_cudnn.h -> build/bdist.linux-ppc64le/wheel/torch/include/caffe2/operators
copying build/lib.linux-ppc64le-3.7/torch/include/caffe2/operators/boolean_mask_ops.h -> build/bdist.linux-ppc64le/wheel/torch/include/caffe2/operators
copying build/lib.linux-ppc64le-3.7/torch/include/caffe2/operators/reshape_op.h -> build/bdist.linux-ppc64le/wheel/torch/include/caffe2/operators
copying build/lib.linux-ppc64le-3.7/torch/include/caffe2/operators/text_file_reader_utils.h -> build/bdist.linux-ppc64le/wheel/torch/include/caffe2/operators
copying build/lib.linux-ppc64le-3.7/torch/include/caffe2/operators/merge_id_lists_op.h -> build/bdist.linux-ppc64le/wheel/torch/include/caffe2/operators
copying build/lib.linux-ppc64le-3.7/torch/include/caffe2/operators/tt_linear_op.h -> build/bdist.linux-ppc64le/wheel/torch/include/caffe2/operators
copying build/lib.linux-ppc64le-3.7/torch/include/caffe2/operators/accuracy_op.h -> build/bdist.linux-ppc64le/wheel/torch/include/caffe2/operators
copying build/lib.linux-ppc64le-3.7/torch/include/caffe2/operators/conv_op_cache_cudnn.h -> build/bdist.linux-ppc64le/wheel/torch/include/caffe2/operators
copying build/lib.linux-ppc64le-3.7/torch/include/caffe2/operators/dataset_ops.h -> build/bdist.linux-ppc64le/wheel/torch/include/caffe2/operators
copying build/lib.linux-ppc64le-3.7/torch/include/caffe2/operators/max_pool_with_index_gpu.h -> build/bdist.linux-ppc64le/wheel/torch/include/caffe2/operators
copying build/lib.linux-ppc64le-3.7/torch/include/caffe2/operators/quantile_op.h -> build/bdist.linux-ppc64le/wheel/torch/include/caffe2/operators
copying build/lib.linux-ppc64le-3.7/torch/include/caffe2/operators/elementwise_ops_utils.h -> build/bdist.linux-ppc64le/wheel/torch/include/caffe2/operators
copying build/lib.linux-ppc64le-3.7/torch/include/caffe2/operators/find_op.h -> build/bdist.linux-ppc64le/wheel/torch/include/caffe2/operators
copying build/lib.linux-ppc64le-3.7/torch/include/caffe2/operators/mean_op.h -> build/bdist.linux-ppc64le/wheel/torch/include/caffe2/operators
copying build/lib.linux-ppc64le-3.7/torch/include/caffe2/operators/elementwise_logical_ops.h -> build/bdist.linux-ppc64le/wheel/torch/include/caffe2/operators
copying build/lib.linux-ppc64le-3.7/torch/include/caffe2/operators/channel_shuffle_op.h -> build/bdist.linux-ppc64le/wheel/torch/include/caffe2/operators
copying build/lib.linux-ppc64le-3.7/torch/include/caffe2/operators/elementwise_linear_op.h -> build/bdist.linux-ppc64le/wheel/torch/include/caffe2/operators
copying build/lib.linux-ppc64le-3.7/torch/include/caffe2/operators/conv_transpose_op.h -> build/bdist.linux-ppc64le/wheel/torch/include/caffe2/operators
copying build/lib.linux-ppc64le-3.7/torch/include/caffe2/operators/conv_transpose_unpool_op_base.h -> build/bdist.linux-ppc64le/wheel/torch/include/caffe2/operators
copying build/lib.linux-ppc64le-3.7/torch/include/caffe2/operators/scale_blobs_op.h -> build/bdist.linux-ppc64le/wheel/torch/include/caffe2/operators
copying build/lib.linux-ppc64le-3.7/torch/include/caffe2/operators/atan_op.h -> build/bdist.linux-ppc64le/wheel/torch/include/caffe2/operators
copying build/lib.linux-ppc64le-3.7/torch/include/caffe2/operators/alias_with_name.h -> build/bdist.linux-ppc64le/wheel/torch/include/caffe2/operators
copying build/lib.linux-ppc64le-3.7/torch/include/caffe2/operators/given_tensor_fill_op.h -> build/bdist.linux-ppc64le/wheel/torch/include/caffe2/operators
copying build/lib.linux-ppc64le-3.7/torch/include/caffe2/operators/collect_and_distribute_fpn_rpn_proposals_op.h -> build/bdist.linux-ppc64le/wheel/torch/include/caffe2/operators
copying build/lib.linux-ppc64le-3.7/torch/include/caffe2/operators/segment_reduction_op.h -> build/bdist.linux-ppc64le/wheel/torch/include/caffe2/operators
copying build/lib.linux-ppc64le-3.7/torch/include/caffe2/operators/pack_rnn_sequence_op.h -> build/bdist.linux-ppc64le/wheel/torch/include/caffe2/operators
copying build/lib.linux-ppc64le-3.7/torch/include/caffe2/operators/weighted_multi_sampling_op.h -> build/bdist.linux-ppc64le/wheel/torch/include/caffe2/operators
copying build/lib.linux-ppc64le-3.7/torch/include/caffe2/operators/instance_norm_op.h -> build/bdist.linux-ppc64le/wheel/torch/include/caffe2/operators
copying build/lib.linux-ppc64le-3.7/torch/include/caffe2/operators/conv_op_shared.h -> build/bdist.linux-ppc64le/wheel/torch/include/caffe2/operators
copying build/lib.linux-ppc64le-3.7/torch/include/caffe2/operators/feed_blob_op.h -> build/bdist.linux-ppc64le/wheel/torch/include/caffe2/operators
copying build/lib.linux-ppc64le-3.7/torch/include/caffe2/operators/softmax_utils.h -> build/bdist.linux-ppc64le/wheel/torch/include/caffe2/operators
copying build/lib.linux-ppc64le-3.7/torch/include/caffe2/operators/elementwise_sub_op.h -> build/bdist.linux-ppc64le/wheel/torch/include/caffe2/operators
copying build/lib.linux-ppc64le-3.7/torch/include/caffe2/operators/is_empty_op.h -> build/bdist.linux-ppc64le/wheel/torch/include/caffe2/operators
copying build/lib.linux-ppc64le-3.7/torch/include/caffe2/operators/expand_op.h -> build/bdist.linux-ppc64le/wheel/torch/include/caffe2/operators
copying build/lib.linux-ppc64le-3.7/torch/include/caffe2/operators/quant_decode_op.h -> build/bdist.linux-ppc64le/wheel/torch/include/caffe2/operators
copying build/lib.linux-ppc64le-3.7/torch/include/caffe2/operators/shape_op.h -> build/bdist.linux-ppc64le/wheel/torch/include/caffe2/operators
copying build/lib.linux-ppc64le-3.7/torch/include/caffe2/operators/normalize_op.h -> build/bdist.linux-ppc64le/wheel/torch/include/caffe2/operators
copying build/lib.linux-ppc64le-3.7/torch/include/caffe2/operators/conv_transpose_op_mobile_impl.h -> build/bdist.linux-ppc64le/wheel/torch/include/caffe2/operators
copying build/lib.linux-ppc64le-3.7/torch/include/caffe2/operators/ctc_beam_search_decoder_op.h -> build/bdist.linux-ppc64le/wheel/torch/include/caffe2/operators
copying build/lib.linux-ppc64le-3.7/torch/include/caffe2/operators/multi_class_accuracy_op.h -> build/bdist.linux-ppc64le/wheel/torch/include/caffe2/operators
copying build/lib.linux-ppc64le-3.7/torch/include/caffe2/operators/create_scope_op.h -> build/bdist.linux-ppc64le/wheel/torch/include/caffe2/operators
copying build/lib.linux-ppc64le-3.7/torch/include/caffe2/operators/thresholded_relu_op.h -> build/bdist.linux-ppc64le/wheel/torch/include/caffe2/operators
copying build/lib.linux-ppc64le-3.7/torch/include/caffe2/operators/rsqrt_op.h -> build/bdist.linux-ppc64le/wheel/torch/include/caffe2/operators
copying build/lib.linux-ppc64le-3.7/torch/include/caffe2/operators/spatial_softmax_with_loss_op.h -> build/bdist.linux-ppc64le/wheel/torch/include/caffe2/operators
copying build/lib.linux-ppc64le-3.7/torch/include/caffe2/operators/summarize_op.h -> build/bdist.linux-ppc64le/wheel/torch/include/caffe2/operators
copying build/lib.linux-ppc64le-3.7/torch/include/caffe2/operators/h_softmax_op.h -> build/bdist.linux-ppc64le/wheel/torch/include/caffe2/operators
copying build/lib.linux-ppc64le-3.7/torch/include/caffe2/operators/logit_op.h -> build/bdist.linux-ppc64le/wheel/torch/include/caffe2/operators
copying build/lib.linux-ppc64le-3.7/torch/include/caffe2/operators/flatten_op.h -> build/bdist.linux-ppc64le/wheel/torch/include/caffe2/operators
copying build/lib.linux-ppc64le-3.7/torch/include/caffe2/operators/resize_3d_op.h -> build/bdist.linux-ppc64le/wheel/torch/include/caffe2/operators
copying build/lib.linux-ppc64le-3.7/torch/include/caffe2/operators/boolean_unmask_ops.h -> build/bdist.linux-ppc64le/wheel/torch/include/caffe2/operators
copying build/lib.linux-ppc64le-3.7/torch/include/caffe2/operators/free_op.h -> build/bdist.linux-ppc64le/wheel/torch/include/caffe2/operators
copying build/lib.linux-ppc64le-3.7/torch/include/caffe2/operators/locally_connected_op.h -> build/bdist.linux-ppc64le/wheel/torch/include/caffe2/operators
copying build/lib.linux-ppc64le-3.7/torch/include/caffe2/operators/batch_permutation_op.h -> build/bdist.linux-ppc64le/wheel/torch/include/caffe2/operators
copying build/lib.linux-ppc64le-3.7/torch/include/caffe2/operators/onnx_while_op.h -> build/bdist.linux-ppc64le/wheel/torch/include/caffe2/operators
copying build/lib.linux-ppc64le-3.7/torch/include/caffe2/operators/spatial_batch_norm_op.h -> build/bdist.linux-ppc64le/wheel/torch/include/caffe2/operators
copying build/lib.linux-ppc64le-3.7/torch/include/caffe2/operators/bbox_transform_op.h -> build/bdist.linux-ppc64le/wheel/torch/include/caffe2/operators
copying build/lib.linux-ppc64le-3.7/torch/include/caffe2/operators/percentile_op.h -> build/bdist.linux-ppc64le/wheel/torch/include/caffe2/operators
copying build/lib.linux-ppc64le-3.7/torch/include/caffe2/operators/jsd_op.h -> build/bdist.linux-ppc64le/wheel/torch/include/caffe2/operators
copying build/lib.linux-ppc64le-3.7/torch/include/caffe2/operators/given_tensor_byte_string_to_uint8_fill_op.h -> build/bdist.linux-ppc64le/wheel/torch/include/caffe2/operators
copying build/lib.linux-ppc64le-3.7/torch/include/caffe2/operators/top_k.h -> build/bdist.linux-ppc64le/wheel/torch/include/caffe2/operators
copying build/lib.linux-ppc64le-3.7/torch/include/caffe2/operators/reducer_functors.h -> build/bdist.linux-ppc64le/wheel/torch/include/caffe2/operators
copying build/lib.linux-ppc64le-3.7/torch/include/caffe2/operators/reduction_ops.h -> build/bdist.linux-ppc64le/wheel/torch/include/caffe2/operators
copying build/lib.linux-ppc64le-3.7/torch/include/caffe2/operators/sparse_dropout_with_replacement_op.h -> build/bdist.linux-ppc64le/wheel/torch/include/caffe2/operators
copying build/lib.linux-ppc64le-3.7/torch/include/caffe2/operators/integral_image_op.h -> build/bdist.linux-ppc64le/wheel/torch/include/caffe2/operators
copying build/lib.linux-ppc64le-3.7/torch/include/caffe2/operators/copy_rows_to_tensor_op.h -> build/bdist.linux-ppc64le/wheel/torch/include/caffe2/operators
copying build/lib.linux-ppc64le-3.7/torch/include/caffe2/operators/elementwise_op_test.h -> build/bdist.linux-ppc64le/wheel/torch/include/caffe2/operators
copying build/lib.linux-ppc64le-3.7/torch/include/caffe2/operators/sigmoid_op.h -> build/bdist.linux-ppc64le/wheel/torch/include/caffe2/operators
copying build/lib.linux-ppc64le-3.7/torch/include/caffe2/operators/batch_bucketize_op.h -> build/bdist.linux-ppc64le/wheel/torch/include/caffe2/operators
copying build/lib.linux-ppc64le-3.7/torch/include/caffe2/operators/elu_op.h -> build/bdist.linux-ppc64le/wheel/torch/include/caffe2/operators
copying build/lib.linux-ppc64le-3.7/torch/include/caffe2/operators/roi_align_rotated_op.h -> build/bdist.linux-ppc64le/wheel/torch/include/caffe2/operators
copying build/lib.linux-ppc64le-3.7/torch/include/caffe2/operators/ngram_ops.h -> build/bdist.linux-ppc64le/wheel/torch/include/caffe2/operators
copying build/lib.linux-ppc64le-3.7/torch/include/caffe2/operators/cross_entropy_op.h -> build/bdist.linux-ppc64le/wheel/torch/include/caffe2/operators
copying build/lib.linux-ppc64le-3.7/torch/include/caffe2/operators/fused_rowwise_random_quantization_ops.h -> build/bdist.linux-ppc64le/wheel/torch/include/caffe2/operators
copying build/lib.linux-ppc64le-3.7/torch/include/caffe2/operators/distance_op.h -> build/bdist.linux-ppc64le/wheel/torch/include/caffe2/operators
copying build/lib.linux-ppc64le-3.7/torch/include/caffe2/operators/resize_op.h -> build/bdist.linux-ppc64le/wheel/torch/include/caffe2/operators
copying build/lib.linux-ppc64le-3.7/torch/include/caffe2/operators/heatmap_max_keypoint_op.h -> build/bdist.linux-ppc64le/wheel/torch/include/caffe2/operators
copying build/lib.linux-ppc64le-3.7/torch/include/caffe2/operators/relu_op.h -> build/bdist.linux-ppc64le/wheel/torch/include/caffe2/operators
copying build/lib.linux-ppc64le-3.7/torch/include/caffe2/operators/upsample_op.h -> build/bdist.linux-ppc64le/wheel/torch/include/caffe2/operators
copying build/lib.linux-ppc64le-3.7/torch/include/caffe2/operators/remove_data_blocks_op.h -> build/bdist.linux-ppc64le/wheel/torch/include/caffe2/operators
copying build/lib.linux-ppc64le-3.7/torch/include/caffe2/operators/fc_inference.h -> build/bdist.linux-ppc64le/wheel/torch/include/caffe2/operators
copying build/lib.linux-ppc64le-3.7/torch/include/caffe2/operators/locally_connected_op_util.h -> build/bdist.linux-ppc64le/wheel/torch/include/caffe2/operators
copying build/lib.linux-ppc64le-3.7/torch/include/caffe2/operators/cosine_embedding_criterion_op.h -> build/bdist.linux-ppc64le/wheel/torch/include/caffe2/operators
copying build/lib.linux-ppc64le-3.7/torch/include/caffe2/operators/rowmul_op.h -> build/bdist.linux-ppc64le/wheel/torch/include/caffe2/operators
copying build/lib.linux-ppc64le-3.7/torch/include/caffe2/operators/sparse_to_dense_op.h -> build/bdist.linux-ppc64le/wheel/torch/include/caffe2/operators
copying build/lib.linux-ppc64le-3.7/torch/include/caffe2/operators/sparse_normalize_op.h -> build/bdist.linux-ppc64le/wheel/torch/include/caffe2/operators
copying build/lib.linux-ppc64le-3.7/torch/include/caffe2/operators/replace_nan_op.h -> build/bdist.linux-ppc64le/wheel/torch/include/caffe2/operators
copying build/lib.linux-ppc64le-3.7/torch/include/caffe2/operators/byte_weight_dequant_op.h -> build/bdist.linux-ppc64le/wheel/torch/include/caffe2/operators
copying build/lib.linux-ppc64le-3.7/torch/include/caffe2/operators/deform_conv_op.h -> build/bdist.linux-ppc64le/wheel/torch/include/caffe2/operators
copying build/lib.linux-ppc64le-3.7/torch/include/caffe2/operators/conv_transpose_op_impl.h -> build/bdist.linux-ppc64le/wheel/torch/include/caffe2/operators
copying build/lib.linux-ppc64le-3.7/torch/include/caffe2/operators/reduce_ops.h -> build/bdist.linux-ppc64le/wheel/torch/include/caffe2/operators
copying build/lib.linux-ppc64le-3.7/torch/include/caffe2/operators/pool_op_util.h -> build/bdist.linux-ppc64le/wheel/torch/include/caffe2/operators
copying build/lib.linux-ppc64le-3.7/torch/include/caffe2/operators/box_with_nms_limit_op.h -> build/bdist.linux-ppc64le/wheel/torch/include/caffe2/operators
copying build/lib.linux-ppc64le-3.7/torch/include/caffe2/operators/variable_length_sequence_padding.h -> build/bdist.linux-ppc64le/wheel/torch/include/caffe2/operators
copying build/lib.linux-ppc64le-3.7/torch/include/caffe2/operators/sinusoid_position_encoding_op.h -> build/bdist.linux-ppc64le/wheel/torch/include/caffe2/operators
copying build/lib.linux-ppc64le-3.7/torch/include/caffe2/operators/if_op.h -> build/bdist.linux-ppc64le/wheel/torch/include/caffe2/operators
copying build/lib.linux-ppc64le-3.7/torch/include/caffe2/operators/negative_op.h -> build/bdist.linux-ppc64le/wheel/torch/include/caffe2/operators
copying build/lib.linux-ppc64le-3.7/torch/include/caffe2/operators/stump_func_op.h -> build/bdist.linux-ppc64le/wheel/torch/include/caffe2/operators
copying build/lib.linux-ppc64le-3.7/torch/include/caffe2/operators/find_duplicate_elements_op.h -> build/bdist.linux-ppc64le/wheel/torch/include/caffe2/operators
copying build/lib.linux-ppc64le-3.7/torch/include/caffe2/operators/filler_op.h -> build/bdist.linux-ppc64le/wheel/torch/include/caffe2/operators
copying build/lib.linux-ppc64le-3.7/torch/include/caffe2/operators/batch_moments_op.h -> build/bdist.linux-ppc64le/wheel/torch/include/caffe2/operators
copying build/lib.linux-ppc64le-3.7/torch/include/caffe2/operators/bisect_percentile_op.h -> build/bdist.linux-ppc64le/wheel/torch/include/caffe2/operators
copying build/lib.linux-ppc64le-3.7/torch/include/caffe2/operators/inference_lstm_op.h -> build/bdist.linux-ppc64le/wheel/torch/include/caffe2/operators
copying build/lib.linux-ppc64le-3.7/torch/include/caffe2/operators/map_ops.h -> build/bdist.linux-ppc64le/wheel/torch/include/caffe2/operators
copying build/lib.linux-ppc64le-3.7/torch/include/caffe2/operators/weighted_sample_op.h -> build/bdist.linux-ppc64le/wheel/torch/include/caffe2/operators
copying build/lib.linux-ppc64le-3.7/torch/include/caffe2/operators/prelu_op.h -> build/bdist.linux-ppc64le/wheel/torch/include/caffe2/operators
copying build/lib.linux-ppc64le-3.7/torch/include/caffe2/operators/pow_op.h -> build/bdist.linux-ppc64le/wheel/torch/include/caffe2/operators
copying build/lib.linux-ppc64le-3.7/torch/include/caffe2/operators/mod_op.h -> build/bdist.linux-ppc64le/wheel/torch/include/caffe2/operators
copying build/lib.linux-ppc64le-3.7/torch/include/caffe2/operators/lengths_reducer_fused_8bit_rowwise_ops.h -> build/bdist.linux-ppc64le/wheel/torch/include/caffe2/operators
copying build/lib.linux-ppc64le-3.7/torch/include/caffe2/operators/generate_proposals_op_util_nms_gpu.h -> build/bdist.linux-ppc64le/wheel/torch/include/caffe2/operators
copying build/lib.linux-ppc64le-3.7/torch/include/caffe2/operators/lengths_top_k_op.h -> build/bdist.linux-ppc64le/wheel/torch/include/caffe2/operators
copying build/lib.linux-ppc64le-3.7/torch/include/caffe2/operators/roi_pool_op.h -> build/bdist.linux-ppc64le/wheel/torch/include/caffe2/operators
copying build/lib.linux-ppc64le-3.7/torch/include/caffe2/operators/cc_bmm_bg_op.h -> build/bdist.linux-ppc64le/wheel/torch/include/caffe2/operators
copying build/lib.linux-ppc64le-3.7/torch/include/caffe2/operators/square_root_divide_op.h -> build/bdist.linux-ppc64le/wheel/torch/include/caffe2/operators
copying build/lib.linux-ppc64le-3.7/torch/include/caffe2/operators/lengths_reducer_fused_nbit_rowwise_ops.h -> build/bdist.linux-ppc64le/wheel/torch/include/caffe2/operators
copying build/lib.linux-ppc64le-3.7/torch/include/caffe2/operators/minmax_ops.h -> build/bdist.linux-ppc64le/wheel/torch/include/caffe2/operators
copying build/lib.linux-ppc64le-3.7/torch/include/caffe2/operators/copy_op.h -> build/bdist.linux-ppc64le/wheel/torch/include/caffe2/operators
copying build/lib.linux-ppc64le-3.7/torch/include/caffe2/operators/zero_gradient_op.h -> build/bdist.linux-ppc64le/wheel/torch/include/caffe2/operators
copying build/lib.linux-ppc64le-3.7/torch/include/caffe2/operators/listwise_l2r_op.h -> build/bdist.linux-ppc64le/wheel/torch/include/caffe2/operators
copying build/lib.linux-ppc64le-3.7/torch/include/caffe2/operators/length_split_op.h -> build/bdist.linux-ppc64le/wheel/torch/include/caffe2/operators
creating build/bdist.linux-ppc64le/wheel/torch/include/caffe2/utils
copying build/lib.linux-ppc64le-3.7/torch/include/caffe2/utils/filler.h -> build/bdist.linux-ppc64le/wheel/torch/include/caffe2/utils
copying build/lib.linux-ppc64le-3.7/torch/include/caffe2/utils/math-detail.h -> build/bdist.linux-ppc64le/wheel/torch/include/caffe2/utils
copying build/lib.linux-ppc64le-3.7/torch/include/caffe2/utils/cast.h -> build/bdist.linux-ppc64le/wheel/torch/include/caffe2/utils
copying build/lib.linux-ppc64le-3.7/torch/include/caffe2/utils/string_utils.h -> build/bdist.linux-ppc64le/wheel/torch/include/caffe2/utils
copying build/lib.linux-ppc64le-3.7/torch/include/caffe2/utils/murmur_hash3.h -> build/bdist.linux-ppc64le/wheel/torch/include/caffe2/utils
copying build/lib.linux-ppc64le-3.7/torch/include/caffe2/utils/proto_wrap.h -> build/bdist.linux-ppc64le/wheel/torch/include/caffe2/utils
copying build/lib.linux-ppc64le-3.7/torch/include/caffe2/utils/fixed_divisor.h -> build/bdist.linux-ppc64le/wheel/torch/include/caffe2/utils
copying build/lib.linux-ppc64le-3.7/torch/include/caffe2/utils/bench_utils.h -> build/bdist.linux-ppc64le/wheel/torch/include/caffe2/utils
copying build/lib.linux-ppc64le-3.7/torch/include/caffe2/utils/signal_handler.h -> build/bdist.linux-ppc64le/wheel/torch/include/caffe2/utils
copying build/lib.linux-ppc64le-3.7/torch/include/caffe2/utils/cblas.h -> build/bdist.linux-ppc64le/wheel/torch/include/caffe2/utils
creating build/bdist.linux-ppc64le/wheel/torch/include/caffe2/utils/threadpool
copying build/lib.linux-ppc64le-3.7/torch/include/caffe2/utils/threadpool/pthreadpool.h -> build/bdist.linux-ppc64le/wheel/torch/include/caffe2/utils/threadpool
copying build/lib.linux-ppc64le-3.7/torch/include/caffe2/utils/threadpool/ThreadPoolCommon.h -> build/bdist.linux-ppc64le/wheel/torch/include/caffe2/utils/threadpool
copying build/lib.linux-ppc64le-3.7/torch/include/caffe2/utils/threadpool/WorkersPool.h -> build/bdist.linux-ppc64le/wheel/torch/include/caffe2/utils/threadpool
copying build/lib.linux-ppc64le-3.7/torch/include/caffe2/utils/threadpool/ThreadPool.h -> build/bdist.linux-ppc64le/wheel/torch/include/caffe2/utils/threadpool
copying build/lib.linux-ppc64le-3.7/torch/include/caffe2/utils/threadpool/pthreadpool-cpp.h -> build/bdist.linux-ppc64le/wheel/torch/include/caffe2/utils/threadpool
copying build/lib.linux-ppc64le-3.7/torch/include/caffe2/utils/conversions.h -> build/bdist.linux-ppc64le/wheel/torch/include/caffe2/utils
copying build/lib.linux-ppc64le-3.7/torch/include/caffe2/utils/cpu_neon.h -> build/bdist.linux-ppc64le/wheel/torch/include/caffe2/utils
copying build/lib.linux-ppc64le-3.7/torch/include/caffe2/utils/proto_convert.h -> build/bdist.linux-ppc64le/wheel/torch/include/caffe2/utils
creating build/bdist.linux-ppc64le/wheel/torch/include/caffe2/utils/math
copying build/lib.linux-ppc64le-3.7/torch/include/caffe2/utils/math/broadcast.h -> build/bdist.linux-ppc64le/wheel/torch/include/caffe2/utils/math
copying build/lib.linux-ppc64le-3.7/torch/include/caffe2/utils/math/elementwise.h -> build/bdist.linux-ppc64le/wheel/torch/include/caffe2/utils/math
copying build/lib.linux-ppc64le-3.7/torch/include/caffe2/utils/math/transpose.h -> build/bdist.linux-ppc64le/wheel/torch/include/caffe2/utils/math
copying build/lib.linux-ppc64le-3.7/torch/include/caffe2/utils/math/reduce.h -> build/bdist.linux-ppc64le/wheel/torch/include/caffe2/utils/math
copying build/lib.linux-ppc64le-3.7/torch/include/caffe2/utils/math/half_utils.h -> build/bdist.linux-ppc64le/wheel/torch/include/caffe2/utils/math
copying build/lib.linux-ppc64le-3.7/torch/include/caffe2/utils/math/utils.h -> build/bdist.linux-ppc64le/wheel/torch/include/caffe2/utils/math
copying build/lib.linux-ppc64le-3.7/torch/include/caffe2/utils/proto_utils.h -> build/bdist.linux-ppc64le/wheel/torch/include/caffe2/utils
copying build/lib.linux-ppc64le-3.7/torch/include/caffe2/utils/cpuid.h -> build/bdist.linux-ppc64le/wheel/torch/include/caffe2/utils
copying build/lib.linux-ppc64le-3.7/torch/include/caffe2/utils/map_utils.h -> build/bdist.linux-ppc64le/wheel/torch/include/caffe2/utils
copying build/lib.linux-ppc64le-3.7/torch/include/caffe2/utils/math.h -> build/bdist.linux-ppc64le/wheel/torch/include/caffe2/utils
copying build/lib.linux-ppc64le-3.7/torch/include/caffe2/utils/zmq_helper.h -> build/bdist.linux-ppc64le/wheel/torch/include/caffe2/utils
copying build/lib.linux-ppc64le-3.7/torch/include/caffe2/utils/simple_queue.h -> build/bdist.linux-ppc64le/wheel/torch/include/caffe2/utils
copying build/lib.linux-ppc64le-3.7/torch/include/caffe2/utils/smart_tensor_printer.h -> build/bdist.linux-ppc64le/wheel/torch/include/caffe2/utils
copying build/lib.linux-ppc64le-3.7/torch/include/caffe2/utils/eigen_utils.h -> build/bdist.linux-ppc64le/wheel/torch/include/caffe2/utils
creating build/bdist.linux-ppc64le/wheel/torch/include/caffe2/opt
copying build/lib.linux-ppc64le-3.7/torch/include/caffe2/opt/onnxifi_op.h -> build/bdist.linux-ppc64le/wheel/torch/include/caffe2/opt
copying build/lib.linux-ppc64le-3.7/torch/include/caffe2/opt/onnx_convert.h -> build/bdist.linux-ppc64le/wheel/torch/include/caffe2/opt
copying build/lib.linux-ppc64le-3.7/torch/include/caffe2/opt/tvm_transformer.h -> build/bdist.linux-ppc64le/wheel/torch/include/caffe2/opt
copying build/lib.linux-ppc64le-3.7/torch/include/caffe2/opt/optimize_ideep.h -> build/bdist.linux-ppc64le/wheel/torch/include/caffe2/opt
copying build/lib.linux-ppc64le-3.7/torch/include/caffe2/opt/mobile.h -> build/bdist.linux-ppc64le/wheel/torch/include/caffe2/opt
copying build/lib.linux-ppc64le-3.7/torch/include/caffe2/opt/backend_cutting.h -> build/bdist.linux-ppc64le/wheel/torch/include/caffe2/opt
copying build/lib.linux-ppc64le-3.7/torch/include/caffe2/opt/optimizer.h -> build/bdist.linux-ppc64le/wheel/torch/include/caffe2/opt
copying build/lib.linux-ppc64le-3.7/torch/include/caffe2/opt/annotations.h -> build/bdist.linux-ppc64le/wheel/torch/include/caffe2/opt
copying build/lib.linux-ppc64le-3.7/torch/include/caffe2/opt/passes.h -> build/bdist.linux-ppc64le/wheel/torch/include/caffe2/opt
copying build/lib.linux-ppc64le-3.7/torch/include/caffe2/opt/device.h -> build/bdist.linux-ppc64le/wheel/torch/include/caffe2/opt
copying build/lib.linux-ppc64le-3.7/torch/include/caffe2/opt/distributed.h -> build/bdist.linux-ppc64le/wheel/torch/include/caffe2/opt
copying build/lib.linux-ppc64le-3.7/torch/include/caffe2/opt/onnxifi_transformer.h -> build/bdist.linux-ppc64le/wheel/torch/include/caffe2/opt
copying build/lib.linux-ppc64le-3.7/torch/include/caffe2/opt/fusion.h -> build/bdist.linux-ppc64le/wheel/torch/include/caffe2/opt
copying build/lib.linux-ppc64le-3.7/torch/include/caffe2/opt/shape_info.h -> build/bdist.linux-ppc64le/wheel/torch/include/caffe2/opt
copying build/lib.linux-ppc64le-3.7/torch/include/caffe2/opt/bound_shape_inferencer.h -> build/bdist.linux-ppc64le/wheel/torch/include/caffe2/opt
copying build/lib.linux-ppc64le-3.7/torch/include/caffe2/opt/converter.h -> build/bdist.linux-ppc64le/wheel/torch/include/caffe2/opt
copying build/lib.linux-ppc64le-3.7/torch/include/caffe2/opt/backend_transformer_base.h -> build/bdist.linux-ppc64le/wheel/torch/include/caffe2/opt
creating build/bdist.linux-ppc64le/wheel/torch/include/caffe2/serialize
copying build/lib.linux-ppc64le-3.7/torch/include/caffe2/serialize/read_adapter_interface.h -> build/bdist.linux-ppc64le/wheel/torch/include/caffe2/serialize
copying build/lib.linux-ppc64le-3.7/torch/include/caffe2/serialize/file_adapter.h -> build/bdist.linux-ppc64le/wheel/torch/include/caffe2/serialize
copying build/lib.linux-ppc64le-3.7/torch/include/caffe2/serialize/crc_alt.h -> build/bdist.linux-ppc64le/wheel/torch/include/caffe2/serialize
copying build/lib.linux-ppc64le-3.7/torch/include/caffe2/serialize/inline_container.h -> build/bdist.linux-ppc64le/wheel/torch/include/caffe2/serialize
copying build/lib.linux-ppc64le-3.7/torch/include/caffe2/serialize/istream_adapter.h -> build/bdist.linux-ppc64le/wheel/torch/include/caffe2/serialize
creating build/bdist.linux-ppc64le/wheel/torch/include/caffe2/image
copying build/lib.linux-ppc64le-3.7/torch/include/caffe2/image/image_input_op.h -> build/bdist.linux-ppc64le/wheel/torch/include/caffe2/image
copying build/lib.linux-ppc64le-3.7/torch/include/caffe2/image/transform_gpu.h -> build/bdist.linux-ppc64le/wheel/torch/include/caffe2/image
creating build/bdist.linux-ppc64le/wheel/torch/include/caffe2/video
copying build/lib.linux-ppc64le-3.7/torch/include/caffe2/video/video_input_op.h -> build/bdist.linux-ppc64le/wheel/torch/include/caffe2/video
copying build/lib.linux-ppc64le-3.7/torch/include/caffe2/video/video_decoder.h -> build/bdist.linux-ppc64le/wheel/torch/include/caffe2/video
copying build/lib.linux-ppc64le-3.7/torch/include/caffe2/video/video_io.h -> build/bdist.linux-ppc64le/wheel/torch/include/caffe2/video
copying build/lib.linux-ppc64le-3.7/torch/include/caffe2/video/optical_flow.h -> build/bdist.linux-ppc64le/wheel/torch/include/caffe2/video
creating build/bdist.linux-ppc64le/wheel/torch/include/caffe2/queue
copying build/lib.linux-ppc64le-3.7/torch/include/caffe2/queue/rebatching_queue.h -> build/bdist.linux-ppc64le/wheel/torch/include/caffe2/queue
copying build/lib.linux-ppc64le-3.7/torch/include/caffe2/queue/rebatching_queue_ops.h -> build/bdist.linux-ppc64le/wheel/torch/include/caffe2/queue
copying build/lib.linux-ppc64le-3.7/torch/include/caffe2/queue/blobs_queue_db.h -> build/bdist.linux-ppc64le/wheel/torch/include/caffe2/queue
copying build/lib.linux-ppc64le-3.7/torch/include/caffe2/queue/queue_ops.h -> build/bdist.linux-ppc64le/wheel/torch/include/caffe2/queue
copying build/lib.linux-ppc64le-3.7/torch/include/caffe2/queue/blobs_queue.h -> build/bdist.linux-ppc64le/wheel/torch/include/caffe2/queue
creating build/bdist.linux-ppc64le/wheel/torch/include/caffe2/perfkernels
copying build/lib.linux-ppc64le-3.7/torch/include/caffe2/perfkernels/embedding_lookup.h -> build/bdist.linux-ppc64le/wheel/torch/include/caffe2/perfkernels
copying build/lib.linux-ppc64le-3.7/torch/include/caffe2/perfkernels/lstm_unit_cpu_common.h -> build/bdist.linux-ppc64le/wheel/torch/include/caffe2/perfkernels
copying build/lib.linux-ppc64le-3.7/torch/include/caffe2/perfkernels/embedding_lookup_idx.h -> build/bdist.linux-ppc64le/wheel/torch/include/caffe2/perfkernels
copying build/lib.linux-ppc64le-3.7/torch/include/caffe2/perfkernels/common.h -> build/bdist.linux-ppc64le/wheel/torch/include/caffe2/perfkernels
copying build/lib.linux-ppc64le-3.7/torch/include/caffe2/perfkernels/lstm_unit_cpu.h -> build/bdist.linux-ppc64le/wheel/torch/include/caffe2/perfkernels
copying build/lib.linux-ppc64le-3.7/torch/include/caffe2/perfkernels/lstm_unit_cpu-impl.h -> build/bdist.linux-ppc64le/wheel/torch/include/caffe2/perfkernels
copying build/lib.linux-ppc64le-3.7/torch/include/caffe2/perfkernels/fused_8bit_rowwise_embedding_lookup.h -> build/bdist.linux-ppc64le/wheel/torch/include/caffe2/perfkernels
copying build/lib.linux-ppc64le-3.7/torch/include/caffe2/perfkernels/cvtsh_ss_bugfix.h -> build/bdist.linux-ppc64le/wheel/torch/include/caffe2/perfkernels
copying build/lib.linux-ppc64le-3.7/torch/include/caffe2/perfkernels/math.h -> build/bdist.linux-ppc64le/wheel/torch/include/caffe2/perfkernels
copying build/lib.linux-ppc64le-3.7/torch/include/caffe2/perfkernels/typed_axpy.h -> build/bdist.linux-ppc64le/wheel/torch/include/caffe2/perfkernels
copying build/lib.linux-ppc64le-3.7/torch/include/caffe2/perfkernels/adagrad.h -> build/bdist.linux-ppc64le/wheel/torch/include/caffe2/perfkernels
copying build/lib.linux-ppc64le-3.7/torch/include/caffe2/perfkernels/fused_nbit_rowwise_conversion.h -> build/bdist.linux-ppc64le/wheel/torch/include/caffe2/perfkernels
copying build/lib.linux-ppc64le-3.7/torch/include/caffe2/perfkernels/fused_8bit_rowwise_embedding_lookup_idx.h -> build/bdist.linux-ppc64le/wheel/torch/include/caffe2/perfkernels
creating build/bdist.linux-ppc64le/wheel/torch/include/caffe2/db
copying build/lib.linux-ppc64le-3.7/torch/include/caffe2/db/create_db_op.h -> build/bdist.linux-ppc64le/wheel/torch/include/caffe2/db
creating build/bdist.linux-ppc64le/wheel/torch/include/caffe2/distributed
copying build/lib.linux-ppc64le-3.7/torch/include/caffe2/distributed/redis_store_handler_op.h -> build/bdist.linux-ppc64le/wheel/torch/include/caffe2/distributed
copying build/lib.linux-ppc64le-3.7/torch/include/caffe2/distributed/file_store_handler.h -> build/bdist.linux-ppc64le/wheel/torch/include/caffe2/distributed
copying build/lib.linux-ppc64le-3.7/torch/include/caffe2/distributed/file_store_handler_op.h -> build/bdist.linux-ppc64le/wheel/torch/include/caffe2/distributed
copying build/lib.linux-ppc64le-3.7/torch/include/caffe2/distributed/store_ops.h -> build/bdist.linux-ppc64le/wheel/torch/include/caffe2/distributed
copying build/lib.linux-ppc64le-3.7/torch/include/caffe2/distributed/redis_store_handler.h -> build/bdist.linux-ppc64le/wheel/torch/include/caffe2/distributed
copying build/lib.linux-ppc64le-3.7/torch/include/caffe2/distributed/store_handler.h -> build/bdist.linux-ppc64le/wheel/torch/include/caffe2/distributed
creating build/bdist.linux-ppc64le/wheel/torch/include/c10d
copying build/lib.linux-ppc64le-3.7/torch/include/c10d/HashStore.hpp -> build/bdist.linux-ppc64le/wheel/torch/include/c10d
copying build/lib.linux-ppc64le-3.7/torch/include/c10d/Utils.hpp -> build/bdist.linux-ppc64le/wheel/torch/include/c10d
copying build/lib.linux-ppc64le-3.7/torch/include/c10d/ProcessGroupNCCL.hpp -> build/bdist.linux-ppc64le/wheel/torch/include/c10d
copying build/lib.linux-ppc64le-3.7/torch/include/c10d/PrefixStore.hpp -> build/bdist.linux-ppc64le/wheel/torch/include/c10d
copying build/lib.linux-ppc64le-3.7/torch/include/c10d/Types.hpp -> build/bdist.linux-ppc64le/wheel/torch/include/c10d
copying build/lib.linux-ppc64le-3.7/torch/include/c10d/NCCLUtils.hpp -> build/bdist.linux-ppc64le/wheel/torch/include/c10d
copying build/lib.linux-ppc64le-3.7/torch/include/c10d/FileStore.hpp -> build/bdist.linux-ppc64le/wheel/torch/include/c10d
copying build/lib.linux-ppc64le-3.7/torch/include/c10d/ProcessGroupMPI.hpp -> build/bdist.linux-ppc64le/wheel/torch/include/c10d
copying build/lib.linux-ppc64le-3.7/torch/include/c10d/GlooDeviceFactory.hpp -> build/bdist.linux-ppc64le/wheel/torch/include/c10d
copying build/lib.linux-ppc64le-3.7/torch/include/c10d/ProcessGroup.hpp -> build/bdist.linux-ppc64le/wheel/torch/include/c10d
copying build/lib.linux-ppc64le-3.7/torch/include/c10d/TCPStore.hpp -> build/bdist.linux-ppc64le/wheel/torch/include/c10d
copying build/lib.linux-ppc64le-3.7/torch/include/c10d/Store.hpp -> build/bdist.linux-ppc64le/wheel/torch/include/c10d
copying build/lib.linux-ppc64le-3.7/torch/include/c10d/ProcessGroupGloo.hpp -> build/bdist.linux-ppc64le/wheel/torch/include/c10d
creating build/bdist.linux-ppc64le/wheel/torch/include/THCUNN
creating build/bdist.linux-ppc64le/wheel/torch/include/THCUNN/generic
copying build/lib.linux-ppc64le-3.7/torch/include/THCUNN/generic/THCUNN.h -> build/bdist.linux-ppc64le/wheel/torch/include/THCUNN/generic
copying build/lib.linux-ppc64le-3.7/torch/include/THCUNN/THCHalfAutoNumerics.cuh -> build/bdist.linux-ppc64le/wheel/torch/include/THCUNN
copying build/lib.linux-ppc64le-3.7/torch/include/THCUNN/SharedMem.cuh -> build/bdist.linux-ppc64le/wheel/torch/include/THCUNN
creating build/bdist.linux-ppc64le/wheel/torch/include/TH
copying build/lib.linux-ppc64le-3.7/torch/include/TH/THGenerateComplexFloatType.h -> build/bdist.linux-ppc64le/wheel/torch/include/TH
copying build/lib.linux-ppc64le-3.7/torch/include/TH/THGenerateFloatType.h -> build/bdist.linux-ppc64le/wheel/torch/include/TH
copying build/lib.linux-ppc64le-3.7/torch/include/TH/THStorage.h -> build/bdist.linux-ppc64le/wheel/torch/include/TH
copying build/lib.linux-ppc64le-3.7/torch/include/TH/THGenerateByteType.h -> build/bdist.linux-ppc64le/wheel/torch/include/TH
copying build/lib.linux-ppc64le-3.7/torch/include/TH/THVector.h -> build/bdist.linux-ppc64le/wheel/torch/include/TH
copying build/lib.linux-ppc64le-3.7/torch/include/TH/THGenerateQTypes.h -> build/bdist.linux-ppc64le/wheel/torch/include/TH
copying build/lib.linux-ppc64le-3.7/torch/include/TH/THLapack.h -> build/bdist.linux-ppc64le/wheel/torch/include/TH
copying build/lib.linux-ppc64le-3.7/torch/include/TH/THTensor.hpp -> build/bdist.linux-ppc64le/wheel/torch/include/TH
copying build/lib.linux-ppc64le-3.7/torch/include/TH/THGenerateIntTypes.h -> build/bdist.linux-ppc64le/wheel/torch/include/TH
copying build/lib.linux-ppc64le-3.7/torch/include/TH/THGenerateComplexTypes.h -> build/bdist.linux-ppc64le/wheel/torch/include/TH
copying build/lib.linux-ppc64le-3.7/torch/include/TH/THGenerateQInt8Type.h -> build/bdist.linux-ppc64le/wheel/torch/include/TH
copying build/lib.linux-ppc64le-3.7/torch/include/TH/THGenerateFloatTypes.h -> build/bdist.linux-ppc64le/wheel/torch/include/TH
copying build/lib.linux-ppc64le-3.7/torch/include/TH/THGenerateBoolType.h -> build/bdist.linux-ppc64le/wheel/torch/include/TH
copying build/lib.linux-ppc64le-3.7/torch/include/TH/THTensor.h -> build/bdist.linux-ppc64le/wheel/torch/include/TH
copying build/lib.linux-ppc64le-3.7/torch/include/TH/THHalf.h -> build/bdist.linux-ppc64le/wheel/torch/include/TH
copying build/lib.linux-ppc64le-3.7/torch/include/TH/THTensorDimApply.h -> build/bdist.linux-ppc64le/wheel/torch/include/TH
copying build/lib.linux-ppc64le-3.7/torch/include/TH/THGenerateAllTypes.h -> build/bdist.linux-ppc64le/wheel/torch/include/TH
copying build/lib.linux-ppc64le-3.7/torch/include/TH/THGenerateHalfType.h -> build/bdist.linux-ppc64le/wheel/torch/include/TH
copying build/lib.linux-ppc64le-3.7/torch/include/TH/THGenerateComplexDoubleType.h -> build/bdist.linux-ppc64le/wheel/torch/include/TH
copying build/lib.linux-ppc64le-3.7/torch/include/TH/THGenerateQInt32Type.h -> build/bdist.linux-ppc64le/wheel/torch/include/TH
creating build/bdist.linux-ppc64le/wheel/torch/include/TH/generic
copying build/lib.linux-ppc64le-3.7/torch/include/TH/generic/THStorage.h -> build/bdist.linux-ppc64le/wheel/torch/include/TH/generic
copying build/lib.linux-ppc64le-3.7/torch/include/TH/generic/THVector.h -> build/bdist.linux-ppc64le/wheel/torch/include/TH/generic
copying build/lib.linux-ppc64le-3.7/torch/include/TH/generic/THLapack.h -> build/bdist.linux-ppc64le/wheel/torch/include/TH/generic
copying build/lib.linux-ppc64le-3.7/torch/include/TH/generic/THTensor.hpp -> build/bdist.linux-ppc64le/wheel/torch/include/TH/generic
copying build/lib.linux-ppc64le-3.7/torch/include/TH/generic/THStorageCopy.h -> build/bdist.linux-ppc64le/wheel/torch/include/TH/generic
copying build/lib.linux-ppc64le-3.7/torch/include/TH/generic/THTensor.h -> build/bdist.linux-ppc64le/wheel/torch/include/TH/generic
copying build/lib.linux-ppc64le-3.7/torch/include/TH/generic/THTensorLapack.h -> build/bdist.linux-ppc64le/wheel/torch/include/TH/generic
copying build/lib.linux-ppc64le-3.7/torch/include/TH/generic/THBlas.h -> build/bdist.linux-ppc64le/wheel/torch/include/TH/generic
copying build/lib.linux-ppc64le-3.7/torch/include/TH/generic/THTensorFastGetSet.hpp -> build/bdist.linux-ppc64le/wheel/torch/include/TH/generic
copying build/lib.linux-ppc64le-3.7/torch/include/TH/generic/THTensorMath.h -> build/bdist.linux-ppc64le/wheel/torch/include/TH/generic
copying build/lib.linux-ppc64le-3.7/torch/include/TH/generic/THTensorRandom.h -> build/bdist.linux-ppc64le/wheel/torch/include/TH/generic
copying build/lib.linux-ppc64le-3.7/torch/include/TH/THTensorApply.h -> build/bdist.linux-ppc64le/wheel/torch/include/TH
copying build/lib.linux-ppc64le-3.7/torch/include/TH/THStorageFunctions.h -> build/bdist.linux-ppc64le/wheel/torch/include/TH
copying build/lib.linux-ppc64le-3.7/torch/include/TH/THStorageFunctions.hpp -> build/bdist.linux-ppc64le/wheel/torch/include/TH
copying build/lib.linux-ppc64le-3.7/torch/include/TH/THGenerateDoubleType.h -> build/bdist.linux-ppc64le/wheel/torch/include/TH
copying build/lib.linux-ppc64le-3.7/torch/include/TH/THGenerateIntType.h -> build/bdist.linux-ppc64le/wheel/torch/include/TH
copying build/lib.linux-ppc64le-3.7/torch/include/TH/THGenerateCharType.h -> build/bdist.linux-ppc64le/wheel/torch/include/TH
copying build/lib.linux-ppc64le-3.7/torch/include/TH/THGenerateQUInt8Type.h -> build/bdist.linux-ppc64le/wheel/torch/include/TH
copying build/lib.linux-ppc64le-3.7/torch/include/TH/THBlas.h -> build/bdist.linux-ppc64le/wheel/torch/include/TH
copying build/lib.linux-ppc64le-3.7/torch/include/TH/THGeneral.h -> build/bdist.linux-ppc64le/wheel/torch/include/TH
copying build/lib.linux-ppc64le-3.7/torch/include/TH/THGenerator.hpp -> build/bdist.linux-ppc64le/wheel/torch/include/TH
copying build/lib.linux-ppc64le-3.7/torch/include/TH/TH.h -> build/bdist.linux-ppc64le/wheel/torch/include/TH
copying build/lib.linux-ppc64le-3.7/torch/include/TH/THGenerateBFloat16Type.h -> build/bdist.linux-ppc64le/wheel/torch/include/TH
copying build/lib.linux-ppc64le-3.7/torch/include/TH/THAllocator.h -> build/bdist.linux-ppc64le/wheel/torch/include/TH
copying build/lib.linux-ppc64le-3.7/torch/include/TH/THGenerateShortType.h -> build/bdist.linux-ppc64le/wheel/torch/include/TH
copying build/lib.linux-ppc64le-3.7/torch/include/TH/THGenerateLongType.h -> build/bdist.linux-ppc64le/wheel/torch/include/TH
creating build/bdist.linux-ppc64le/wheel/torch/include/c10
creating build/bdist.linux-ppc64le/wheel/torch/include/c10/util
copying build/lib.linux-ppc64le-3.7/torch/include/c10/util/Bitset.h -> build/bdist.linux-ppc64le/wheel/torch/include/c10/util
copying build/lib.linux-ppc64le-3.7/torch/include/c10/util/math_compat.h -> build/bdist.linux-ppc64le/wheel/torch/include/c10/util
copying build/lib.linux-ppc64le-3.7/torch/include/c10/util/thread_name.h -> build/bdist.linux-ppc64le/wheel/torch/include/c10/util
copying build/lib.linux-ppc64le-3.7/torch/include/c10/util/complex_math.h -> build/bdist.linux-ppc64le/wheel/torch/include/c10/util
copying build/lib.linux-ppc64le-3.7/torch/include/c10/util/complex_utils.h -> build/bdist.linux-ppc64le/wheel/torch/include/c10/util
copying build/lib.linux-ppc64le-3.7/torch/include/c10/util/C++17.h -> build/bdist.linux-ppc64le/wheel/torch/include/c10/util
copying build/lib.linux-ppc64le-3.7/torch/include/c10/util/StringUtil.h -> build/bdist.linux-ppc64le/wheel/torch/include/c10/util
copying build/lib.linux-ppc64le-3.7/torch/include/c10/util/Exception.h -> build/bdist.linux-ppc64le/wheel/torch/include/c10/util
copying build/lib.linux-ppc64le-3.7/torch/include/c10/util/intrusive_ptr.h -> build/bdist.linux-ppc64le/wheel/torch/include/c10/util
copying build/lib.linux-ppc64le-3.7/torch/include/c10/util/qint8.h -> build/bdist.linux-ppc64le/wheel/torch/include/c10/util
copying build/lib.linux-ppc64le-3.7/torch/include/c10/util/string_utils.h -> build/bdist.linux-ppc64le/wheel/torch/include/c10/util
copying build/lib.linux-ppc64le-3.7/torch/include/c10/util/SmallVector.h -> build/bdist.linux-ppc64le/wheel/torch/include/c10/util
copying build/lib.linux-ppc64le-3.7/torch/include/c10/util/BFloat16-inl.h -> build/bdist.linux-ppc64le/wheel/torch/include/c10/util
copying build/lib.linux-ppc64le-3.7/torch/include/c10/util/TypeIndex.h -> build/bdist.linux-ppc64le/wheel/torch/include/c10/util
copying build/lib.linux-ppc64le-3.7/torch/include/c10/util/Half-inl.h -> build/bdist.linux-ppc64le/wheel/torch/include/c10/util
copying build/lib.linux-ppc64le-3.7/torch/include/c10/util/Deprecated.h -> build/bdist.linux-ppc64le/wheel/torch/include/c10/util
copying build/lib.linux-ppc64le-3.7/torch/include/c10/util/TypeTraits.h -> build/bdist.linux-ppc64le/wheel/torch/include/c10/util
copying build/lib.linux-ppc64le-3.7/torch/include/c10/util/llvmMathExtras.h -> build/bdist.linux-ppc64le/wheel/torch/include/c10/util
copying build/lib.linux-ppc64le-3.7/torch/include/c10/util/Registry.h -> build/bdist.linux-ppc64le/wheel/torch/include/c10/util
copying build/lib.linux-ppc64le-3.7/torch/include/c10/util/sparse_bitset.h -> build/bdist.linux-ppc64le/wheel/torch/include/c10/util
copying build/lib.linux-ppc64le-3.7/torch/include/c10/util/Array.h -> build/bdist.linux-ppc64le/wheel/torch/include/c10/util
copying build/lib.linux-ppc64le-3.7/torch/include/c10/util/Half.h -> build/bdist.linux-ppc64le/wheel/torch/include/c10/util
copying build/lib.linux-ppc64le-3.7/torch/include/c10/util/either.h -> build/bdist.linux-ppc64le/wheel/torch/include/c10/util
copying build/lib.linux-ppc64le-3.7/torch/include/c10/util/UniqueVoidPtr.h -> build/bdist.linux-ppc64le/wheel/torch/include/c10/util
copying build/lib.linux-ppc64le-3.7/torch/include/c10/util/TypeCast.h -> build/bdist.linux-ppc64le/wheel/torch/include/c10/util
copying build/lib.linux-ppc64le-3.7/torch/include/c10/util/Type.h -> build/bdist.linux-ppc64le/wheel/torch/include/c10/util
copying build/lib.linux-ppc64le-3.7/torch/include/c10/util/typeid.h -> build/bdist.linux-ppc64le/wheel/torch/include/c10/util
copying build/lib.linux-ppc64le-3.7/torch/include/c10/util/Logging.h -> build/bdist.linux-ppc64le/wheel/torch/include/c10/util
copying build/lib.linux-ppc64le-3.7/torch/include/c10/util/BFloat16-math.h -> build/bdist.linux-ppc64le/wheel/torch/include/c10/util
copying build/lib.linux-ppc64le-3.7/torch/include/c10/util/LeftRight.h -> build/bdist.linux-ppc64le/wheel/torch/include/c10/util
copying build/lib.linux-ppc64le-3.7/torch/include/c10/util/complex.h -> build/bdist.linux-ppc64le/wheel/torch/include/c10/util
copying build/lib.linux-ppc64le-3.7/torch/include/c10/util/logging_is_not_google_glog.h -> build/bdist.linux-ppc64le/wheel/torch/include/c10/util
copying build/lib.linux-ppc64le-3.7/torch/include/c10/util/Backtrace.h -> build/bdist.linux-ppc64le/wheel/torch/include/c10/util
copying build/lib.linux-ppc64le-3.7/torch/include/c10/util/TypeList.h -> build/bdist.linux-ppc64le/wheel/torch/include/c10/util
copying build/lib.linux-ppc64le-3.7/torch/include/c10/util/FunctionRef.h -> build/bdist.linux-ppc64le/wheel/torch/include/c10/util
copying build/lib.linux-ppc64le-3.7/torch/include/c10/util/in_place.h -> build/bdist.linux-ppc64le/wheel/torch/include/c10/util
copying build/lib.linux-ppc64le-3.7/torch/include/c10/util/BFloat16.h -> build/bdist.linux-ppc64le/wheel/torch/include/c10/util
copying build/lib.linux-ppc64le-3.7/torch/include/c10/util/Metaprogramming.h -> build/bdist.linux-ppc64le/wheel/torch/include/c10/util
copying build/lib.linux-ppc64le-3.7/torch/include/c10/util/flat_hash_map.h -> build/bdist.linux-ppc64le/wheel/torch/include/c10/util
copying build/lib.linux-ppc64le-3.7/torch/include/c10/util/tempfile.h -> build/bdist.linux-ppc64le/wheel/torch/include/c10/util
copying build/lib.linux-ppc64le-3.7/torch/include/c10/util/quint8.h -> build/bdist.linux-ppc64le/wheel/torch/include/c10/util
copying build/lib.linux-ppc64le-3.7/torch/include/c10/util/logging_is_google_glog.h -> build/bdist.linux-ppc64le/wheel/torch/include/c10/util
copying build/lib.linux-ppc64le-3.7/torch/include/c10/util/IdWrapper.h -> build/bdist.linux-ppc64le/wheel/torch/include/c10/util
copying build/lib.linux-ppc64le-3.7/torch/include/c10/util/python_stub.h -> build/bdist.linux-ppc64le/wheel/torch/include/c10/util
copying build/lib.linux-ppc64le-3.7/torch/include/c10/util/qint32.h -> build/bdist.linux-ppc64le/wheel/torch/include/c10/util
copying build/lib.linux-ppc64le-3.7/torch/include/c10/util/order_preserving_flat_hash_map.h -> build/bdist.linux-ppc64le/wheel/torch/include/c10/util
copying build/lib.linux-ppc64le-3.7/torch/include/c10/util/Optional.h -> build/bdist.linux-ppc64le/wheel/torch/include/c10/util
copying build/lib.linux-ppc64le-3.7/torch/include/c10/util/ConstexprCrc.h -> build/bdist.linux-ppc64le/wheel/torch/include/c10/util
copying build/lib.linux-ppc64le-3.7/torch/include/c10/util/string_view.h -> build/bdist.linux-ppc64le/wheel/torch/include/c10/util
copying build/lib.linux-ppc64le-3.7/torch/include/c10/util/numa.h -> build/bdist.linux-ppc64le/wheel/torch/include/c10/util
copying build/lib.linux-ppc64le-3.7/torch/include/c10/util/AlignOf.h -> build/bdist.linux-ppc64le/wheel/torch/include/c10/util
copying build/lib.linux-ppc64le-3.7/torch/include/c10/util/Flags.h -> build/bdist.linux-ppc64le/wheel/torch/include/c10/util
copying build/lib.linux-ppc64le-3.7/torch/include/c10/util/variant.h -> build/bdist.linux-ppc64le/wheel/torch/include/c10/util
copying build/lib.linux-ppc64le-3.7/torch/include/c10/util/ArrayRef.h -> build/bdist.linux-ppc64le/wheel/torch/include/c10/util
copying build/lib.linux-ppc64le-3.7/torch/include/c10/util/ThreadLocalDebugInfo.h -> build/bdist.linux-ppc64le/wheel/torch/include/c10/util
copying build/lib.linux-ppc64le-3.7/torch/include/c10/util/reverse_iterator.h -> build/bdist.linux-ppc64le/wheel/torch/include/c10/util
creating build/bdist.linux-ppc64le/wheel/torch/include/c10/cuda
copying build/lib.linux-ppc64le-3.7/torch/include/c10/cuda/CUDAMathCompat.h -> build/bdist.linux-ppc64le/wheel/torch/include/c10/cuda
creating build/bdist.linux-ppc64le/wheel/torch/include/c10/cuda/impl
copying build/lib.linux-ppc64le-3.7/torch/include/c10/cuda/impl/CUDATest.h -> build/bdist.linux-ppc64le/wheel/torch/include/c10/cuda/impl
copying build/lib.linux-ppc64le-3.7/torch/include/c10/cuda/impl/CUDAGuardImpl.h -> build/bdist.linux-ppc64le/wheel/torch/include/c10/cuda/impl
copying build/lib.linux-ppc64le-3.7/torch/include/c10/cuda/impl/cuda_cmake_macros.h -> build/bdist.linux-ppc64le/wheel/torch/include/c10/cuda/impl
copying build/lib.linux-ppc64le-3.7/torch/include/c10/cuda/CUDAStream.h -> build/bdist.linux-ppc64le/wheel/torch/include/c10/cuda
copying build/lib.linux-ppc64le-3.7/torch/include/c10/cuda/CUDAMacros.h -> build/bdist.linux-ppc64le/wheel/torch/include/c10/cuda
copying build/lib.linux-ppc64le-3.7/torch/include/c10/cuda/CUDACachingAllocator.h -> build/bdist.linux-ppc64le/wheel/torch/include/c10/cuda
copying build/lib.linux-ppc64le-3.7/torch/include/c10/cuda/CUDAException.h -> build/bdist.linux-ppc64le/wheel/torch/include/c10/cuda
copying build/lib.linux-ppc64le-3.7/torch/include/c10/cuda/CUDAFunctions.h -> build/bdist.linux-ppc64le/wheel/torch/include/c10/cuda
copying build/lib.linux-ppc64le-3.7/torch/include/c10/cuda/CUDAGuard.h -> build/bdist.linux-ppc64le/wheel/torch/include/c10/cuda
creating build/bdist.linux-ppc64le/wheel/torch/include/c10/core
copying build/lib.linux-ppc64le-3.7/torch/include/c10/core/Allocator.h -> build/bdist.linux-ppc64le/wheel/torch/include/c10/core
copying build/lib.linux-ppc64le-3.7/torch/include/c10/core/TensorOptions.h -> build/bdist.linux-ppc64le/wheel/torch/include/c10/core
copying build/lib.linux-ppc64le-3.7/torch/include/c10/core/Storage.h -> build/bdist.linux-ppc64le/wheel/torch/include/c10/core
copying build/lib.linux-ppc64le-3.7/torch/include/c10/core/Event.h -> build/bdist.linux-ppc64le/wheel/torch/include/c10/core
copying build/lib.linux-ppc64le-3.7/torch/include/c10/core/QScheme.h -> build/bdist.linux-ppc64le/wheel/torch/include/c10/core
copying build/lib.linux-ppc64le-3.7/torch/include/c10/core/CPUAllocator.h -> build/bdist.linux-ppc64le/wheel/torch/include/c10/core
copying build/lib.linux-ppc64le-3.7/torch/include/c10/core/CopyBytes.h -> build/bdist.linux-ppc64le/wheel/torch/include/c10/core
creating build/bdist.linux-ppc64le/wheel/torch/include/c10/core/impl
copying build/lib.linux-ppc64le-3.7/torch/include/c10/core/impl/InlineDeviceGuard.h -> build/bdist.linux-ppc64le/wheel/torch/include/c10/core/impl
copying build/lib.linux-ppc64le-3.7/torch/include/c10/core/impl/LocalDispatchKeySet.h -> build/bdist.linux-ppc64le/wheel/torch/include/c10/core/impl
copying build/lib.linux-ppc64le-3.7/torch/include/c10/core/impl/InlineEvent.h -> build/bdist.linux-ppc64le/wheel/torch/include/c10/core/impl
copying build/lib.linux-ppc64le-3.7/torch/include/c10/core/impl/InlineStreamGuard.h -> build/bdist.linux-ppc64le/wheel/torch/include/c10/core/impl
copying build/lib.linux-ppc64le-3.7/torch/include/c10/core/impl/DeviceGuardImplInterface.h -> build/bdist.linux-ppc64le/wheel/torch/include/c10/core/impl
copying build/lib.linux-ppc64le-3.7/torch/include/c10/core/impl/FakeGuardImpl.h -> build/bdist.linux-ppc64le/wheel/torch/include/c10/core/impl
copying build/lib.linux-ppc64le-3.7/torch/include/c10/core/impl/VirtualGuardImpl.h -> build/bdist.linux-ppc64le/wheel/torch/include/c10/core/impl
copying build/lib.linux-ppc64le-3.7/torch/include/c10/core/DeviceType.h -> build/bdist.linux-ppc64le/wheel/torch/include/c10/core
copying build/lib.linux-ppc64le-3.7/torch/include/c10/core/ScalarType.h -> build/bdist.linux-ppc64le/wheel/torch/include/c10/core
copying build/lib.linux-ppc64le-3.7/torch/include/c10/core/QEngine.h -> build/bdist.linux-ppc64le/wheel/torch/include/c10/core
copying build/lib.linux-ppc64le-3.7/torch/include/c10/core/DefaultDtype.h -> build/bdist.linux-ppc64le/wheel/torch/include/c10/core
copying build/lib.linux-ppc64le-3.7/torch/include/c10/core/thread_pool.h -> build/bdist.linux-ppc64le/wheel/torch/include/c10/core
copying build/lib.linux-ppc64le-3.7/torch/include/c10/core/StorageImpl.h -> build/bdist.linux-ppc64le/wheel/torch/include/c10/core
copying build/lib.linux-ppc64le-3.7/torch/include/c10/core/DefaultTensorOptions.h -> build/bdist.linux-ppc64le/wheel/torch/include/c10/core
copying build/lib.linux-ppc64le-3.7/torch/include/c10/core/StreamGuard.h -> build/bdist.linux-ppc64le/wheel/torch/include/c10/core
copying build/lib.linux-ppc64le-3.7/torch/include/c10/core/DeviceGuard.h -> build/bdist.linux-ppc64le/wheel/torch/include/c10/core
copying build/lib.linux-ppc64le-3.7/torch/include/c10/core/WrapDimMinimal.h -> build/bdist.linux-ppc64le/wheel/torch/include/c10/core
copying build/lib.linux-ppc64le-3.7/torch/include/c10/core/TensorImpl.h -> build/bdist.linux-ppc64le/wheel/torch/include/c10/core
copying build/lib.linux-ppc64le-3.7/torch/include/c10/core/Layout.h -> build/bdist.linux-ppc64le/wheel/torch/include/c10/core
copying build/lib.linux-ppc64le-3.7/torch/include/c10/core/MemoryFormat.h -> build/bdist.linux-ppc64le/wheel/torch/include/c10/core
copying build/lib.linux-ppc64le-3.7/torch/include/c10/core/UndefinedTensorImpl.h -> build/bdist.linux-ppc64le/wheel/torch/include/c10/core
copying build/lib.linux-ppc64le-3.7/torch/include/c10/core/Device.h -> build/bdist.linux-ppc64le/wheel/torch/include/c10/core
copying build/lib.linux-ppc64le-3.7/torch/include/c10/core/Scalar.h -> build/bdist.linux-ppc64le/wheel/torch/include/c10/core
copying build/lib.linux-ppc64le-3.7/torch/include/c10/core/CompileTimeFunctionPointer.h -> build/bdist.linux-ppc64le/wheel/torch/include/c10/core
copying build/lib.linux-ppc64le-3.7/torch/include/c10/core/Backend.h -> build/bdist.linux-ppc64le/wheel/torch/include/c10/core
copying build/lib.linux-ppc64le-3.7/torch/include/c10/core/DispatchKey.h -> build/bdist.linux-ppc64le/wheel/torch/include/c10/core
copying build/lib.linux-ppc64le-3.7/torch/include/c10/core/GeneratorImpl.h -> build/bdist.linux-ppc64le/wheel/torch/include/c10/core
copying build/lib.linux-ppc64le-3.7/torch/include/c10/core/Stream.h -> build/bdist.linux-ppc64le/wheel/torch/include/c10/core
copying build/lib.linux-ppc64le-3.7/torch/include/c10/core/DispatchKeySet.h -> build/bdist.linux-ppc64le/wheel/torch/include/c10/core
creating build/bdist.linux-ppc64le/wheel/torch/include/c10/macros
copying build/lib.linux-ppc64le-3.7/torch/include/c10/macros/Export.h -> build/bdist.linux-ppc64le/wheel/torch/include/c10/macros
copying build/lib.linux-ppc64le-3.7/torch/include/c10/macros/cmake_macros.h -> build/bdist.linux-ppc64le/wheel/torch/include/c10/macros
copying build/lib.linux-ppc64le-3.7/torch/include/c10/macros/Macros.h -> build/bdist.linux-ppc64le/wheel/torch/include/c10/macros
creating build/bdist.linux-ppc64le/wheel/torch/futures
copying build/lib.linux-ppc64le-3.7/torch/futures/__init__.py -> build/bdist.linux-ppc64le/wheel/torch/futures
copying build/lib.linux-ppc64le-3.7/torch/serialization.py -> build/bdist.linux-ppc64le/wheel/torch
creating build/bdist.linux-ppc64le/wheel/torch/cuda
copying build/lib.linux-ppc64le-3.7/torch/cuda/comm.py -> build/bdist.linux-ppc64le/wheel/torch/cuda
copying build/lib.linux-ppc64le-3.7/torch/cuda/_utils.py -> build/bdist.linux-ppc64le/wheel/torch/cuda
copying build/lib.linux-ppc64le-3.7/torch/cuda/memory.py -> build/bdist.linux-ppc64le/wheel/torch/cuda
copying build/lib.linux-ppc64le-3.7/torch/cuda/sparse.py -> build/bdist.linux-ppc64le/wheel/torch/cuda
creating build/bdist.linux-ppc64le/wheel/torch/cuda/amp
copying build/lib.linux-ppc64le-3.7/torch/cuda/amp/grad_scaler.py -> build/bdist.linux-ppc64le/wheel/torch/cuda/amp
copying build/lib.linux-ppc64le-3.7/torch/cuda/amp/__init__.py -> build/bdist.linux-ppc64le/wheel/torch/cuda/amp
copying build/lib.linux-ppc64le-3.7/torch/cuda/amp/autocast_mode.py -> build/bdist.linux-ppc64le/wheel/torch/cuda/amp
copying build/lib.linux-ppc64le-3.7/torch/cuda/nccl.py -> build/bdist.linux-ppc64le/wheel/torch/cuda
copying build/lib.linux-ppc64le-3.7/torch/cuda/__init__.py -> build/bdist.linux-ppc64le/wheel/torch/cuda
copying build/lib.linux-ppc64le-3.7/torch/cuda/streams.py -> build/bdist.linux-ppc64le/wheel/torch/cuda
copying build/lib.linux-ppc64le-3.7/torch/cuda/random.py -> build/bdist.linux-ppc64le/wheel/torch/cuda
copying build/lib.linux-ppc64le-3.7/torch/cuda/profiler.py -> build/bdist.linux-ppc64le/wheel/torch/cuda
copying build/lib.linux-ppc64le-3.7/torch/cuda/error.py -> build/bdist.linux-ppc64le/wheel/torch/cuda
copying build/lib.linux-ppc64le-3.7/torch/cuda/nvtx.py -> build/bdist.linux-ppc64le/wheel/torch/cuda
copying build/lib.linux-ppc64le-3.7/torch/_utils.py -> build/bdist.linux-ppc64le/wheel/torch
copying build/lib.linux-ppc64le-3.7/torch/__future__.py -> build/bdist.linux-ppc64le/wheel/torch
copying build/lib.linux-ppc64le-3.7/torch/_namedtensor_internals.py -> build/bdist.linux-ppc64le/wheel/torch
copying build/lib.linux-ppc64le-3.7/torch/_torch_docs.py -> build/bdist.linux-ppc64le/wheel/torch
copying build/lib.linux-ppc64le-3.7/torch/tensor.py -> build/bdist.linux-ppc64le/wheel/torch
copying build/lib.linux-ppc64le-3.7/torch/_classes.py -> build/bdist.linux-ppc64le/wheel/torch
copying build/lib.linux-ppc64le-3.7/torch/_ops.py -> build/bdist.linux-ppc64le/wheel/torch
creating build/bdist.linux-ppc64le/wheel/torch/bin
copying build/lib.linux-ppc64le-3.7/torch/bin/test_tensorexpr -> build/bdist.linux-ppc64le/wheel/torch/bin
copying build/lib.linux-ppc64le-3.7/torch/bin/torch_shm_manager -> build/bdist.linux-ppc64le/wheel/torch/bin
copying build/lib.linux-ppc64le-3.7/torch/bin/test_cpp_rpc -> build/bdist.linux-ppc64le/wheel/torch/bin
copying build/lib.linux-ppc64le-3.7/torch/bin/protoc -> build/bdist.linux-ppc64le/wheel/torch/bin
copying build/lib.linux-ppc64le-3.7/torch/bin/protoc-3.11.4.0 -> build/bdist.linux-ppc64le/wheel/torch/bin
copying build/lib.linux-ppc64le-3.7/torch/bin/test_dist_autograd -> build/bdist.linux-ppc64le/wheel/torch/bin
copying build/lib.linux-ppc64le-3.7/torch/bin/test_api -> build/bdist.linux-ppc64le/wheel/torch/bin
copying build/lib.linux-ppc64le-3.7/torch/bin/test_jit -> build/bdist.linux-ppc64le/wheel/torch/bin
copying build/lib.linux-ppc64le-3.7/torch/_C.cpython-37m-powerpc64le-linux-gnu.so -> build/bdist.linux-ppc64le/wheel/torch
creating build/bdist.linux-ppc64le/wheel/torch/optim
copying build/lib.linux-ppc64le-3.7/torch/optim/sparse_adam.pyi -> build/bdist.linux-ppc64le/wheel/torch/optim
copying build/lib.linux-ppc64le-3.7/torch/optim/rmsprop.pyi -> build/bdist.linux-ppc64le/wheel/torch/optim
copying build/lib.linux-ppc64le-3.7/torch/optim/lbfgs.py -> build/bdist.linux-ppc64le/wheel/torch/optim
copying build/lib.linux-ppc64le-3.7/torch/optim/asgd.py -> build/bdist.linux-ppc64le/wheel/torch/optim
copying build/lib.linux-ppc64le-3.7/torch/optim/swa_utils.pyi -> build/bdist.linux-ppc64le/wheel/torch/optim
copying build/lib.linux-ppc64le-3.7/torch/optim/lr_scheduler.pyi -> build/bdist.linux-ppc64le/wheel/torch/optim
copying build/lib.linux-ppc64le-3.7/torch/optim/adadelta.py -> build/bdist.linux-ppc64le/wheel/torch/optim
copying build/lib.linux-ppc64le-3.7/torch/optim/adamw.py -> build/bdist.linux-ppc64le/wheel/torch/optim
copying build/lib.linux-ppc64le-3.7/torch/optim/asgd.pyi -> build/bdist.linux-ppc64le/wheel/torch/optim
copying build/lib.linux-ppc64le-3.7/torch/optim/swa_utils.py -> build/bdist.linux-ppc64le/wheel/torch/optim
copying build/lib.linux-ppc64le-3.7/torch/optim/adagrad.py -> build/bdist.linux-ppc64le/wheel/torch/optim
copying build/lib.linux-ppc64le-3.7/torch/optim/__init__.py -> build/bdist.linux-ppc64le/wheel/torch/optim
copying build/lib.linux-ppc64le-3.7/torch/optim/optimizer.py -> build/bdist.linux-ppc64le/wheel/torch/optim
copying build/lib.linux-ppc64le-3.7/torch/optim/__init__.pyi -> build/bdist.linux-ppc64le/wheel/torch/optim
copying build/lib.linux-ppc64le-3.7/torch/optim/adamax.py -> build/bdist.linux-ppc64le/wheel/torch/optim
copying build/lib.linux-ppc64le-3.7/torch/optim/adadelta.pyi -> build/bdist.linux-ppc64le/wheel/torch/optim
copying build/lib.linux-ppc64le-3.7/torch/optim/rmsprop.py -> build/bdist.linux-ppc64le/wheel/torch/optim
copying build/lib.linux-ppc64le-3.7/torch/optim/adamax.pyi -> build/bdist.linux-ppc64le/wheel/torch/optim
copying build/lib.linux-ppc64le-3.7/torch/optim/lbfgs.pyi -> build/bdist.linux-ppc64le/wheel/torch/optim
copying build/lib.linux-ppc64le-3.7/torch/optim/adamw.pyi -> build/bdist.linux-ppc64le/wheel/torch/optim
copying build/lib.linux-ppc64le-3.7/torch/optim/adagrad.pyi -> build/bdist.linux-ppc64le/wheel/torch/optim
copying build/lib.linux-ppc64le-3.7/torch/optim/sparse_adam.py -> build/bdist.linux-ppc64le/wheel/torch/optim
copying build/lib.linux-ppc64le-3.7/torch/optim/adam.pyi -> build/bdist.linux-ppc64le/wheel/torch/optim
copying build/lib.linux-ppc64le-3.7/torch/optim/optimizer.pyi -> build/bdist.linux-ppc64le/wheel/torch/optim
copying build/lib.linux-ppc64le-3.7/torch/optim/rprop.pyi -> build/bdist.linux-ppc64le/wheel/torch/optim
copying build/lib.linux-ppc64le-3.7/torch/optim/rprop.py -> build/bdist.linux-ppc64le/wheel/torch/optim
copying build/lib.linux-ppc64le-3.7/torch/optim/adam.py -> build/bdist.linux-ppc64le/wheel/torch/optim
copying build/lib.linux-ppc64le-3.7/torch/optim/lr_scheduler.py -> build/bdist.linux-ppc64le/wheel/torch/optim
copying build/lib.linux-ppc64le-3.7/torch/optim/sgd.pyi -> build/bdist.linux-ppc64le/wheel/torch/optim
copying build/lib.linux-ppc64le-3.7/torch/optim/sgd.py -> build/bdist.linux-ppc64le/wheel/torch/optim
copying build/lib.linux-ppc64le-3.7/torch/_VF.py -> build/bdist.linux-ppc64le/wheel/torch
copying build/lib.linux-ppc64le-3.7/torch/_vmap_internals.py -> build/bdist.linux-ppc64le/wheel/torch
creating build/bdist.linux-ppc64le/wheel/torch/contrib
copying build/lib.linux-ppc64le-3.7/torch/contrib/_tensorboard_vis.py -> build/bdist.linux-ppc64le/wheel/torch/contrib
copying build/lib.linux-ppc64le-3.7/torch/contrib/__init__.py -> build/bdist.linux-ppc64le/wheel/torch/contrib
creating build/bdist.linux-ppc64le/wheel/torch/_C
copying build/lib.linux-ppc64le-3.7/torch/_C/_VariableFunctions.pyi -> build/bdist.linux-ppc64le/wheel/torch/_C
copying build/lib.linux-ppc64le-3.7/torch/_C/_cudnn.pyi -> build/bdist.linux-ppc64le/wheel/torch/_C
copying build/lib.linux-ppc64le-3.7/torch/_C/__init__.pyi -> build/bdist.linux-ppc64le/wheel/torch/_C
copying build/lib.linux-ppc64le-3.7/torch/_C/_onnx.pyi -> build/bdist.linux-ppc64le/wheel/torch/_C
copying build/lib.linux-ppc64le-3.7/torch/_C/_nn.pyi -> build/bdist.linux-ppc64le/wheel/torch/_C
copying build/lib.linux-ppc64le-3.7/torch/_linalg_utils.py -> build/bdist.linux-ppc64le/wheel/torch
copying build/lib.linux-ppc64le-3.7/torch/_jit_internal.py -> build/bdist.linux-ppc64le/wheel/torch
copying build/lib.linux-ppc64le-3.7/torch/_appdirs.py -> build/bdist.linux-ppc64le/wheel/torch
creating build/bdist.linux-ppc64le/wheel/torch/onnx
copying build/lib.linux-ppc64le-3.7/torch/onnx/symbolic_opset11.py -> build/bdist.linux-ppc64le/wheel/torch/onnx
copying build/lib.linux-ppc64le-3.7/torch/onnx/symbolic_opset7.py -> build/bdist.linux-ppc64le/wheel/torch/onnx
copying build/lib.linux-ppc64le-3.7/torch/onnx/operators.py -> build/bdist.linux-ppc64le/wheel/torch/onnx
copying build/lib.linux-ppc64le-3.7/torch/onnx/symbolic_registry.py -> build/bdist.linux-ppc64le/wheel/torch/onnx
copying build/lib.linux-ppc64le-3.7/torch/onnx/__init__.py -> build/bdist.linux-ppc64le/wheel/torch/onnx
copying build/lib.linux-ppc64le-3.7/torch/onnx/symbolic_opset12.py -> build/bdist.linux-ppc64le/wheel/torch/onnx
copying build/lib.linux-ppc64le-3.7/torch/onnx/utils.py -> build/bdist.linux-ppc64le/wheel/torch/onnx
copying build/lib.linux-ppc64le-3.7/torch/onnx/symbolic_caffe2.py -> build/bdist.linux-ppc64le/wheel/torch/onnx
copying build/lib.linux-ppc64le-3.7/torch/onnx/symbolic_opset8.py -> build/bdist.linux-ppc64le/wheel/torch/onnx
copying build/lib.linux-ppc64le-3.7/torch/onnx/symbolic_helper.py -> build/bdist.linux-ppc64le/wheel/torch/onnx
copying build/lib.linux-ppc64le-3.7/torch/onnx/symbolic_opset10.py -> build/bdist.linux-ppc64le/wheel/torch/onnx
copying build/lib.linux-ppc64le-3.7/torch/onnx/symbolic_opset9.py -> build/bdist.linux-ppc64le/wheel/torch/onnx
copying build/lib.linux-ppc64le-3.7/torch/_dl.cpython-37m-powerpc64le-linux-gnu.so -> build/bdist.linux-ppc64le/wheel/torch
copying build/lib.linux-ppc64le-3.7/torch/py.typed -> build/bdist.linux-ppc64le/wheel/torch
creating build/bdist.linux-ppc64le/wheel/torch/autograd
copying build/lib.linux-ppc64le-3.7/torch/autograd/anomaly_mode.py -> build/bdist.linux-ppc64le/wheel/torch/autograd
copying build/lib.linux-ppc64le-3.7/torch/autograd/function.py -> build/bdist.linux-ppc64le/wheel/torch/autograd
copying build/lib.linux-ppc64le-3.7/torch/autograd/grad_mode.py -> build/bdist.linux-ppc64le/wheel/torch/autograd
copying build/lib.linux-ppc64le-3.7/torch/autograd/__init__.py -> build/bdist.linux-ppc64le/wheel/torch/autograd
creating build/bdist.linux-ppc64le/wheel/torch/autograd/_functions
copying build/lib.linux-ppc64le-3.7/torch/autograd/_functions/tensor.py -> build/bdist.linux-ppc64le/wheel/torch/autograd/_functions
copying build/lib.linux-ppc64le-3.7/torch/autograd/_functions/__init__.py -> build/bdist.linux-ppc64le/wheel/torch/autograd/_functions
copying build/lib.linux-ppc64le-3.7/torch/autograd/_functions/utils.py -> build/bdist.linux-ppc64le/wheel/torch/autograd/_functions
copying build/lib.linux-ppc64le-3.7/torch/autograd/variable.py -> build/bdist.linux-ppc64le/wheel/torch/autograd
copying build/lib.linux-ppc64le-3.7/torch/autograd/gradcheck.py -> build/bdist.linux-ppc64le/wheel/torch/autograd
copying build/lib.linux-ppc64le-3.7/torch/autograd/grad_mode.pyi -> build/bdist.linux-ppc64le/wheel/torch/autograd
copying build/lib.linux-ppc64le-3.7/torch/autograd/functional.py -> build/bdist.linux-ppc64le/wheel/torch/autograd
copying build/lib.linux-ppc64le-3.7/torch/autograd/profiler.py -> build/bdist.linux-ppc64le/wheel/torch/autograd
creating build/bdist.linux-ppc64le/wheel/torch/nn
copying build/lib.linux-ppc64le-3.7/torch/nn/functional.pyi -> build/bdist.linux-ppc64le/wheel/torch/nn
creating build/bdist.linux-ppc64le/wheel/torch/nn/quantized
copying build/lib.linux-ppc64le-3.7/torch/nn/quantized/__init__.py -> build/bdist.linux-ppc64le/wheel/torch/nn/quantized
creating build/bdist.linux-ppc64le/wheel/torch/nn/quantized/dynamic
copying build/lib.linux-ppc64le-3.7/torch/nn/quantized/dynamic/__init__.py -> build/bdist.linux-ppc64le/wheel/torch/nn/quantized/dynamic
creating build/bdist.linux-ppc64le/wheel/torch/nn/quantized/dynamic/modules
copying build/lib.linux-ppc64le-3.7/torch/nn/quantized/dynamic/modules/__init__.py -> build/bdist.linux-ppc64le/wheel/torch/nn/quantized/dynamic/modules
copying build/lib.linux-ppc64le-3.7/torch/nn/quantized/dynamic/modules/linear.py -> build/bdist.linux-ppc64le/wheel/torch/nn/quantized/dynamic/modules
copying build/lib.linux-ppc64le-3.7/torch/nn/quantized/dynamic/modules/rnn.py -> build/bdist.linux-ppc64le/wheel/torch/nn/quantized/dynamic/modules
creating build/bdist.linux-ppc64le/wheel/torch/nn/quantized/modules
copying build/lib.linux-ppc64le-3.7/torch/nn/quantized/modules/activation.py -> build/bdist.linux-ppc64le/wheel/torch/nn/quantized/modules
copying build/lib.linux-ppc64le-3.7/torch/nn/quantized/modules/__init__.py -> build/bdist.linux-ppc64le/wheel/torch/nn/quantized/modules
copying build/lib.linux-ppc64le-3.7/torch/nn/quantized/modules/linear.py -> build/bdist.linux-ppc64le/wheel/torch/nn/quantized/modules
copying build/lib.linux-ppc64le-3.7/torch/nn/quantized/modules/utils.py -> build/bdist.linux-ppc64le/wheel/torch/nn/quantized/modules
copying build/lib.linux-ppc64le-3.7/torch/nn/quantized/modules/batchnorm.py -> build/bdist.linux-ppc64le/wheel/torch/nn/quantized/modules
copying build/lib.linux-ppc64le-3.7/torch/nn/quantized/modules/functional_modules.py -> build/bdist.linux-ppc64le/wheel/torch/nn/quantized/modules
copying build/lib.linux-ppc64le-3.7/torch/nn/quantized/modules/conv.py -> build/bdist.linux-ppc64le/wheel/torch/nn/quantized/modules
copying build/lib.linux-ppc64le-3.7/torch/nn/quantized/modules/normalization.py -> build/bdist.linux-ppc64le/wheel/torch/nn/quantized/modules
copying build/lib.linux-ppc64le-3.7/torch/nn/quantized/functional.py -> build/bdist.linux-ppc64le/wheel/torch/nn/quantized
creating build/bdist.linux-ppc64le/wheel/torch/nn/intrinsic
creating build/bdist.linux-ppc64le/wheel/torch/nn/intrinsic/quantized
copying build/lib.linux-ppc64le-3.7/torch/nn/intrinsic/quantized/__init__.py -> build/bdist.linux-ppc64le/wheel/torch/nn/intrinsic/quantized
creating build/bdist.linux-ppc64le/wheel/torch/nn/intrinsic/quantized/modules
copying build/lib.linux-ppc64le-3.7/torch/nn/intrinsic/quantized/modules/__init__.py -> build/bdist.linux-ppc64le/wheel/torch/nn/intrinsic/quantized/modules
copying build/lib.linux-ppc64le-3.7/torch/nn/intrinsic/quantized/modules/bn_relu.py -> build/bdist.linux-ppc64le/wheel/torch/nn/intrinsic/quantized/modules
copying build/lib.linux-ppc64le-3.7/torch/nn/intrinsic/quantized/modules/conv_relu.py -> build/bdist.linux-ppc64le/wheel/torch/nn/intrinsic/quantized/modules
copying build/lib.linux-ppc64le-3.7/torch/nn/intrinsic/quantized/modules/linear_relu.py -> build/bdist.linux-ppc64le/wheel/torch/nn/intrinsic/quantized/modules
copying build/lib.linux-ppc64le-3.7/torch/nn/intrinsic/__init__.py -> build/bdist.linux-ppc64le/wheel/torch/nn/intrinsic
creating build/bdist.linux-ppc64le/wheel/torch/nn/intrinsic/modules
copying build/lib.linux-ppc64le-3.7/torch/nn/intrinsic/modules/fused.py -> build/bdist.linux-ppc64le/wheel/torch/nn/intrinsic/modules
copying build/lib.linux-ppc64le-3.7/torch/nn/intrinsic/modules/__init__.py -> build/bdist.linux-ppc64le/wheel/torch/nn/intrinsic/modules
creating build/bdist.linux-ppc64le/wheel/torch/nn/intrinsic/qat
copying build/lib.linux-ppc64le-3.7/torch/nn/intrinsic/qat/__init__.py -> build/bdist.linux-ppc64le/wheel/torch/nn/intrinsic/qat
creating build/bdist.linux-ppc64le/wheel/torch/nn/intrinsic/qat/modules
copying build/lib.linux-ppc64le-3.7/torch/nn/intrinsic/qat/modules/__init__.py -> build/bdist.linux-ppc64le/wheel/torch/nn/intrinsic/qat/modules
copying build/lib.linux-ppc64le-3.7/torch/nn/intrinsic/qat/modules/conv_fused.py -> build/bdist.linux-ppc64le/wheel/torch/nn/intrinsic/qat/modules
copying build/lib.linux-ppc64le-3.7/torch/nn/intrinsic/qat/modules/linear_relu.py -> build/bdist.linux-ppc64le/wheel/torch/nn/intrinsic/qat/modules
copying build/lib.linux-ppc64le-3.7/torch/nn/__init__.py -> build/bdist.linux-ppc64le/wheel/torch/nn
creating build/bdist.linux-ppc64le/wheel/torch/nn/utils
copying build/lib.linux-ppc64le-3.7/torch/nn/utils/prune.py -> build/bdist.linux-ppc64le/wheel/torch/nn/utils
copying build/lib.linux-ppc64le-3.7/torch/nn/utils/convert_parameters.py -> build/bdist.linux-ppc64le/wheel/torch/nn/utils
copying build/lib.linux-ppc64le-3.7/torch/nn/utils/__init__.py -> build/bdist.linux-ppc64le/wheel/torch/nn/utils
copying build/lib.linux-ppc64le-3.7/torch/nn/utils/rnn.py -> build/bdist.linux-ppc64le/wheel/torch/nn/utils
copying build/lib.linux-ppc64le-3.7/torch/nn/utils/clip_grad.py -> build/bdist.linux-ppc64le/wheel/torch/nn/utils
copying build/lib.linux-ppc64le-3.7/torch/nn/utils/weight_norm.py -> build/bdist.linux-ppc64le/wheel/torch/nn/utils
copying build/lib.linux-ppc64le-3.7/torch/nn/utils/fusion.py -> build/bdist.linux-ppc64le/wheel/torch/nn/utils
copying build/lib.linux-ppc64le-3.7/torch/nn/utils/spectral_norm.py -> build/bdist.linux-ppc64le/wheel/torch/nn/utils
copying build/lib.linux-ppc64le-3.7/torch/nn/utils/memory_format.py -> build/bdist.linux-ppc64le/wheel/torch/nn/utils
copying build/lib.linux-ppc64le-3.7/torch/nn/common_types.py -> build/bdist.linux-ppc64le/wheel/torch/nn
copying build/lib.linux-ppc64le-3.7/torch/nn/__init__.pyi -> build/bdist.linux-ppc64le/wheel/torch/nn
creating build/bdist.linux-ppc64le/wheel/torch/nn/backends
copying build/lib.linux-ppc64le-3.7/torch/nn/backends/__init__.py -> build/bdist.linux-ppc64le/wheel/torch/nn/backends
copying build/lib.linux-ppc64le-3.7/torch/nn/backends/thnn.py -> build/bdist.linux-ppc64le/wheel/torch/nn/backends
copying build/lib.linux-ppc64le-3.7/torch/nn/parameter.pyi -> build/bdist.linux-ppc64le/wheel/torch/nn
copying build/lib.linux-ppc64le-3.7/torch/nn/cpp.py -> build/bdist.linux-ppc64le/wheel/torch/nn
copying build/lib.linux-ppc64le-3.7/torch/nn/grad.py -> build/bdist.linux-ppc64le/wheel/torch/nn
copying build/lib.linux-ppc64le-3.7/torch/nn/parameter.py -> build/bdist.linux-ppc64le/wheel/torch/nn
copying build/lib.linux-ppc64le-3.7/torch/nn/_reduction.py -> build/bdist.linux-ppc64le/wheel/torch/nn
creating build/bdist.linux-ppc64le/wheel/torch/nn/parallel
copying build/lib.linux-ppc64le-3.7/torch/nn/parallel/comm.py -> build/bdist.linux-ppc64le/wheel/torch/nn/parallel
copying build/lib.linux-ppc64le-3.7/torch/nn/parallel/data_parallel.pyi -> build/bdist.linux-ppc64le/wheel/torch/nn/parallel
copying build/lib.linux-ppc64le-3.7/torch/nn/parallel/scatter_gather.pyi -> build/bdist.linux-ppc64le/wheel/torch/nn/parallel
copying build/lib.linux-ppc64le-3.7/torch/nn/parallel/common_types.pyi -> build/bdist.linux-ppc64le/wheel/torch/nn/parallel
copying build/lib.linux-ppc64le-3.7/torch/nn/parallel/parallel_apply.pyi -> build/bdist.linux-ppc64le/wheel/torch/nn/parallel
copying build/lib.linux-ppc64le-3.7/torch/nn/parallel/__init__.py -> build/bdist.linux-ppc64le/wheel/torch/nn/parallel
copying build/lib.linux-ppc64le-3.7/torch/nn/parallel/__init__.pyi -> build/bdist.linux-ppc64le/wheel/torch/nn/parallel
copying build/lib.linux-ppc64le-3.7/torch/nn/parallel/_functions.py -> build/bdist.linux-ppc64le/wheel/torch/nn/parallel
copying build/lib.linux-ppc64le-3.7/torch/nn/parallel/replicate.pyi -> build/bdist.linux-ppc64le/wheel/torch/nn/parallel
copying build/lib.linux-ppc64le-3.7/torch/nn/parallel/replicate.py -> build/bdist.linux-ppc64le/wheel/torch/nn/parallel
copying build/lib.linux-ppc64le-3.7/torch/nn/parallel/distributed.pyi -> build/bdist.linux-ppc64le/wheel/torch/nn/parallel
copying build/lib.linux-ppc64le-3.7/torch/nn/parallel/distributed.py -> build/bdist.linux-ppc64le/wheel/torch/nn/parallel
copying build/lib.linux-ppc64le-3.7/torch/nn/parallel/data_parallel.py -> build/bdist.linux-ppc64le/wheel/torch/nn/parallel
copying build/lib.linux-ppc64le-3.7/torch/nn/parallel/parallel_apply.py -> build/bdist.linux-ppc64le/wheel/torch/nn/parallel
copying build/lib.linux-ppc64le-3.7/torch/nn/parallel/scatter_gather.py -> build/bdist.linux-ppc64le/wheel/torch/nn/parallel
copying build/lib.linux-ppc64le-3.7/torch/nn/init.py -> build/bdist.linux-ppc64le/wheel/torch/nn
creating build/bdist.linux-ppc64le/wheel/torch/nn/modules
copying build/lib.linux-ppc64le-3.7/torch/nn/modules/sparse.py -> build/bdist.linux-ppc64le/wheel/torch/nn/modules
copying build/lib.linux-ppc64le-3.7/torch/nn/modules/instancenorm.py -> build/bdist.linux-ppc64le/wheel/torch/nn/modules
copying build/lib.linux-ppc64le-3.7/torch/nn/modules/module.py -> build/bdist.linux-ppc64le/wheel/torch/nn/modules
copying build/lib.linux-ppc64le-3.7/torch/nn/modules/activation.py -> build/bdist.linux-ppc64le/wheel/torch/nn/modules
copying build/lib.linux-ppc64le-3.7/torch/nn/modules/__init__.py -> build/bdist.linux-ppc64le/wheel/torch/nn/modules
copying build/lib.linux-ppc64le-3.7/torch/nn/modules/linear.py -> build/bdist.linux-ppc64le/wheel/torch/nn/modules
copying build/lib.linux-ppc64le-3.7/torch/nn/modules/fold.py -> build/bdist.linux-ppc64le/wheel/torch/nn/modules
copying build/lib.linux-ppc64le-3.7/torch/nn/modules/utils.py -> build/bdist.linux-ppc64le/wheel/torch/nn/modules
copying build/lib.linux-ppc64le-3.7/torch/nn/modules/channelshuffle.py -> build/bdist.linux-ppc64le/wheel/torch/nn/modules
copying build/lib.linux-ppc64le-3.7/torch/nn/modules/batchnorm.py -> build/bdist.linux-ppc64le/wheel/torch/nn/modules
copying build/lib.linux-ppc64le-3.7/torch/nn/modules/padding.py -> build/bdist.linux-ppc64le/wheel/torch/nn/modules
copying build/lib.linux-ppc64le-3.7/torch/nn/modules/loss.py -> build/bdist.linux-ppc64le/wheel/torch/nn/modules
copying build/lib.linux-ppc64le-3.7/torch/nn/modules/_functions.py -> build/bdist.linux-ppc64le/wheel/torch/nn/modules
copying build/lib.linux-ppc64le-3.7/torch/nn/modules/pixelshuffle.py -> build/bdist.linux-ppc64le/wheel/torch/nn/modules
copying build/lib.linux-ppc64le-3.7/torch/nn/modules/transformer.py -> build/bdist.linux-ppc64le/wheel/torch/nn/modules
copying build/lib.linux-ppc64le-3.7/torch/nn/modules/conv.py -> build/bdist.linux-ppc64le/wheel/torch/nn/modules
copying build/lib.linux-ppc64le-3.7/torch/nn/modules/rnn.py -> build/bdist.linux-ppc64le/wheel/torch/nn/modules
copying build/lib.linux-ppc64le-3.7/torch/nn/modules/container.py -> build/bdist.linux-ppc64le/wheel/torch/nn/modules
copying build/lib.linux-ppc64le-3.7/torch/nn/modules/distance.py -> build/bdist.linux-ppc64le/wheel/torch/nn/modules
copying build/lib.linux-ppc64le-3.7/torch/nn/modules/dropout.py -> build/bdist.linux-ppc64le/wheel/torch/nn/modules
copying build/lib.linux-ppc64le-3.7/torch/nn/modules/pooling.py -> build/bdist.linux-ppc64le/wheel/torch/nn/modules
copying build/lib.linux-ppc64le-3.7/torch/nn/modules/adaptive.py -> build/bdist.linux-ppc64le/wheel/torch/nn/modules
copying build/lib.linux-ppc64le-3.7/torch/nn/modules/upsampling.py -> build/bdist.linux-ppc64le/wheel/torch/nn/modules
copying build/lib.linux-ppc64le-3.7/torch/nn/modules/normalization.py -> build/bdist.linux-ppc64le/wheel/torch/nn/modules
copying build/lib.linux-ppc64le-3.7/torch/nn/modules/flatten.py -> build/bdist.linux-ppc64le/wheel/torch/nn/modules
creating build/bdist.linux-ppc64le/wheel/torch/nn/qat
copying build/lib.linux-ppc64le-3.7/torch/nn/qat/__init__.py -> build/bdist.linux-ppc64le/wheel/torch/nn/qat
creating build/bdist.linux-ppc64le/wheel/torch/nn/qat/modules
copying build/lib.linux-ppc64le-3.7/torch/nn/qat/modules/__init__.py -> build/bdist.linux-ppc64le/wheel/torch/nn/qat/modules
copying build/lib.linux-ppc64le-3.7/torch/nn/qat/modules/linear.py -> build/bdist.linux-ppc64le/wheel/torch/nn/qat/modules
copying build/lib.linux-ppc64le-3.7/torch/nn/qat/modules/conv.py -> build/bdist.linux-ppc64le/wheel/torch/nn/qat/modules
copying build/lib.linux-ppc64le-3.7/torch/nn/functional.py -> build/bdist.linux-ppc64le/wheel/torch/nn
creating build/bdist.linux-ppc64le/wheel/torch/quantization
copying build/lib.linux-ppc64le-3.7/torch/quantization/_learnable_fake_quantize.py -> build/bdist.linux-ppc64le/wheel/torch/quantization
copying build/lib.linux-ppc64le-3.7/torch/quantization/qconfig.py -> build/bdist.linux-ppc64le/wheel/torch/quantization
copying build/lib.linux-ppc64le-3.7/torch/quantization/quantize.py -> build/bdist.linux-ppc64le/wheel/torch/quantization
copying build/lib.linux-ppc64le-3.7/torch/quantization/default_mappings.py -> build/bdist.linux-ppc64le/wheel/torch/quantization
copying build/lib.linux-ppc64le-3.7/torch/quantization/__init__.py -> build/bdist.linux-ppc64le/wheel/torch/quantization
copying build/lib.linux-ppc64le-3.7/torch/quantization/_equalize.py -> build/bdist.linux-ppc64le/wheel/torch/quantization
copying build/lib.linux-ppc64le-3.7/torch/quantization/_numeric_suite.py -> build/bdist.linux-ppc64le/wheel/torch/quantization
copying build/lib.linux-ppc64le-3.7/torch/quantization/stubs.py -> build/bdist.linux-ppc64le/wheel/torch/quantization
copying build/lib.linux-ppc64le-3.7/torch/quantization/fuse_modules.py -> build/bdist.linux-ppc64le/wheel/torch/quantization
copying build/lib.linux-ppc64le-3.7/torch/quantization/observer.py -> build/bdist.linux-ppc64le/wheel/torch/quantization
copying build/lib.linux-ppc64le-3.7/torch/quantization/quantize_jit.py -> build/bdist.linux-ppc64le/wheel/torch/quantization
copying build/lib.linux-ppc64le-3.7/torch/quantization/fake_quantize.py -> build/bdist.linux-ppc64le/wheel/torch/quantization
copying build/lib.linux-ppc64le-3.7/torch/__init__.py -> build/bdist.linux-ppc64le/wheel/torch
creating build/bdist.linux-ppc64le/wheel/torch/utils
creating build/bdist.linux-ppc64le/wheel/torch/utils/backcompat
copying build/lib.linux-ppc64le-3.7/torch/utils/backcompat/__init__.py -> build/bdist.linux-ppc64le/wheel/torch/utils/backcompat
copying build/lib.linux-ppc64le-3.7/torch/utils/mkldnn.py -> build/bdist.linux-ppc64le/wheel/torch/utils
copying build/lib.linux-ppc64le-3.7/torch/utils/model_zoo.py -> build/bdist.linux-ppc64le/wheel/torch/utils
copying build/lib.linux-ppc64le-3.7/torch/utils/bundled_inputs.py -> build/bdist.linux-ppc64le/wheel/torch/utils
creating build/bdist.linux-ppc64le/wheel/torch/utils/_benchmark
copying build/lib.linux-ppc64le-3.7/torch/utils/_benchmark/__init__.py -> build/bdist.linux-ppc64le/wheel/torch/utils/_benchmark
creating build/bdist.linux-ppc64le/wheel/torch/utils/_benchmark/utils
copying build/lib.linux-ppc64le-3.7/torch/utils/_benchmark/utils/fuzzer.py -> build/bdist.linux-ppc64le/wheel/torch/utils/_benchmark/utils
copying build/lib.linux-ppc64le-3.7/torch/utils/_benchmark/utils/__init__.py -> build/bdist.linux-ppc64le/wheel/torch/utils/_benchmark/utils
copying build/lib.linux-ppc64le-3.7/torch/utils/_benchmark/utils/timer.py -> build/bdist.linux-ppc64le/wheel/torch/utils/_benchmark/utils
copying build/lib.linux-ppc64le-3.7/torch/utils/_benchmark/utils/common.py -> build/bdist.linux-ppc64le/wheel/torch/utils/_benchmark/utils
copying build/lib.linux-ppc64le-3.7/torch/utils/_benchmark/utils/compare.py -> build/bdist.linux-ppc64le/wheel/torch/utils/_benchmark/utils
creating build/bdist.linux-ppc64le/wheel/torch/utils/_benchmark/op_fuzzers
copying build/lib.linux-ppc64le-3.7/torch/utils/_benchmark/op_fuzzers/unary.py -> build/bdist.linux-ppc64le/wheel/torch/utils/_benchmark/op_fuzzers
copying build/lib.linux-ppc64le-3.7/torch/utils/_benchmark/op_fuzzers/__init__.py -> build/bdist.linux-ppc64le/wheel/torch/utils/_benchmark/op_fuzzers
copying build/lib.linux-ppc64le-3.7/torch/utils/_benchmark/op_fuzzers/binary.py -> build/bdist.linux-ppc64le/wheel/torch/utils/_benchmark/op_fuzzers
copying build/lib.linux-ppc64le-3.7/torch/utils/file_baton.py -> build/bdist.linux-ppc64le/wheel/torch/utils
copying build/lib.linux-ppc64le-3.7/torch/utils/cpp_extension.py -> build/bdist.linux-ppc64le/wheel/torch/utils
copying build/lib.linux-ppc64le-3.7/torch/utils/__init__.py -> build/bdist.linux-ppc64le/wheel/torch/utils
copying build/lib.linux-ppc64le-3.7/torch/utils/checkpoint.py -> build/bdist.linux-ppc64le/wheel/torch/utils
creating build/bdist.linux-ppc64le/wheel/torch/utils/bottleneck
copying build/lib.linux-ppc64le-3.7/torch/utils/bottleneck/__init__.py -> build/bdist.linux-ppc64le/wheel/torch/utils/bottleneck
copying build/lib.linux-ppc64le-3.7/torch/utils/bottleneck/__main__.py -> build/bdist.linux-ppc64le/wheel/torch/utils/bottleneck
creating build/bdist.linux-ppc64le/wheel/torch/utils/hipify
copying build/lib.linux-ppc64le-3.7/torch/utils/hipify/cuda_to_hip_mappings.py -> build/bdist.linux-ppc64le/wheel/torch/utils/hipify
copying build/lib.linux-ppc64le-3.7/torch/utils/hipify/hipify_python.py -> build/bdist.linux-ppc64le/wheel/torch/utils/hipify
copying build/lib.linux-ppc64le-3.7/torch/utils/hipify/__init__.py -> build/bdist.linux-ppc64le/wheel/torch/utils/hipify
copying build/lib.linux-ppc64le-3.7/torch/utils/hipify/constants.py -> build/bdist.linux-ppc64le/wheel/torch/utils/hipify
copying build/lib.linux-ppc64le-3.7/torch/utils/_cpp_extension_versioner.py -> build/bdist.linux-ppc64le/wheel/torch/utils
copying build/lib.linux-ppc64le-3.7/torch/utils/collect_env.py -> build/bdist.linux-ppc64le/wheel/torch/utils
creating build/bdist.linux-ppc64le/wheel/torch/utils/tensorboard
copying build/lib.linux-ppc64le-3.7/torch/utils/tensorboard/_onnx_graph.py -> build/bdist.linux-ppc64le/wheel/torch/utils/tensorboard
copying build/lib.linux-ppc64le-3.7/torch/utils/tensorboard/_utils.py -> build/bdist.linux-ppc64le/wheel/torch/utils/tensorboard
copying build/lib.linux-ppc64le-3.7/torch/utils/tensorboard/_proto_graph.py -> build/bdist.linux-ppc64le/wheel/torch/utils/tensorboard
copying build/lib.linux-ppc64le-3.7/torch/utils/tensorboard/__init__.py -> build/bdist.linux-ppc64le/wheel/torch/utils/tensorboard
copying build/lib.linux-ppc64le-3.7/torch/utils/tensorboard/_embedding.py -> build/bdist.linux-ppc64le/wheel/torch/utils/tensorboard
copying build/lib.linux-ppc64le-3.7/torch/utils/tensorboard/_convert_np.py -> build/bdist.linux-ppc64le/wheel/torch/utils/tensorboard
copying build/lib.linux-ppc64le-3.7/torch/utils/tensorboard/_caffe2_graph.py -> build/bdist.linux-ppc64le/wheel/torch/utils/tensorboard
copying build/lib.linux-ppc64le-3.7/torch/utils/tensorboard/summary.py -> build/bdist.linux-ppc64le/wheel/torch/utils/tensorboard
copying build/lib.linux-ppc64le-3.7/torch/utils/tensorboard/_pytorch_graph.py -> build/bdist.linux-ppc64le/wheel/torch/utils/tensorboard
copying build/lib.linux-ppc64le-3.7/torch/utils/tensorboard/writer.py -> build/bdist.linux-ppc64le/wheel/torch/utils/tensorboard
copying build/lib.linux-ppc64le-3.7/torch/utils/show_pickle.py -> build/bdist.linux-ppc64le/wheel/torch/utils
creating build/bdist.linux-ppc64le/wheel/torch/utils/data
copying build/lib.linux-ppc64le-3.7/torch/utils/data/dataloader.py -> build/bdist.linux-ppc64le/wheel/torch/utils/data
copying build/lib.linux-ppc64le-3.7/torch/utils/data/__init__.py -> build/bdist.linux-ppc64le/wheel/torch/utils/data
copying build/lib.linux-ppc64le-3.7/torch/utils/data/__init__.pyi -> build/bdist.linux-ppc64le/wheel/torch/utils/data
copying build/lib.linux-ppc64le-3.7/torch/utils/data/sampler.py -> build/bdist.linux-ppc64le/wheel/torch/utils/data
copying build/lib.linux-ppc64le-3.7/torch/utils/data/distributed.pyi -> build/bdist.linux-ppc64le/wheel/torch/utils/data
copying build/lib.linux-ppc64le-3.7/torch/utils/data/distributed.py -> build/bdist.linux-ppc64le/wheel/torch/utils/data
creating build/bdist.linux-ppc64le/wheel/torch/utils/data/_utils
copying build/lib.linux-ppc64le-3.7/torch/utils/data/_utils/signal_handling.py -> build/bdist.linux-ppc64le/wheel/torch/utils/data/_utils
copying build/lib.linux-ppc64le-3.7/torch/utils/data/_utils/worker.py -> build/bdist.linux-ppc64le/wheel/torch/utils/data/_utils
copying build/lib.linux-ppc64le-3.7/torch/utils/data/_utils/__init__.py -> build/bdist.linux-ppc64le/wheel/torch/utils/data/_utils
copying build/lib.linux-ppc64le-3.7/torch/utils/data/_utils/pin_memory.py -> build/bdist.linux-ppc64le/wheel/torch/utils/data/_utils
copying build/lib.linux-ppc64le-3.7/torch/utils/data/_utils/fetch.py -> build/bdist.linux-ppc64le/wheel/torch/utils/data/_utils
copying build/lib.linux-ppc64le-3.7/torch/utils/data/_utils/collate.py -> build/bdist.linux-ppc64le/wheel/torch/utils/data/_utils
copying build/lib.linux-ppc64le-3.7/torch/utils/data/dataset.py -> build/bdist.linux-ppc64le/wheel/torch/utils/data
copying build/lib.linux-ppc64le-3.7/torch/utils/mobile_optimizer.py -> build/bdist.linux-ppc64le/wheel/torch/utils
creating build/bdist.linux-ppc64le/wheel/torch/utils/ffi
copying build/lib.linux-ppc64le-3.7/torch/utils/ffi/__init__.py -> build/bdist.linux-ppc64le/wheel/torch/utils/ffi
copying build/lib.linux-ppc64le-3.7/torch/utils/throughput_benchmark.py -> build/bdist.linux-ppc64le/wheel/torch/utils
copying build/lib.linux-ppc64le-3.7/torch/utils/dlpack.py -> build/bdist.linux-ppc64le/wheel/torch/utils
copying build/lib.linux-ppc64le-3.7/torch/utils/hooks.py -> build/bdist.linux-ppc64le/wheel/torch/utils
copying build/lib.linux-ppc64le-3.7/torch/hub.py -> build/bdist.linux-ppc64le/wheel/torch
creating build/bdist.linux-ppc64le/wheel/torch/jit
copying build/lib.linux-ppc64le-3.7/torch/jit/_recursive.py -> build/bdist.linux-ppc64le/wheel/torch/jit
copying build/lib.linux-ppc64le-3.7/torch/jit/supported_ops.py -> build/bdist.linux-ppc64le/wheel/torch/jit
copying build/lib.linux-ppc64le-3.7/torch/jit/quantized.py -> build/bdist.linux-ppc64le/wheel/torch/jit
copying build/lib.linux-ppc64le-3.7/torch/jit/_logging.py -> build/bdist.linux-ppc64le/wheel/torch/jit
copying build/lib.linux-ppc64le-3.7/torch/jit/_state.py -> build/bdist.linux-ppc64le/wheel/torch/jit
copying build/lib.linux-ppc64le-3.7/torch/jit/__init__.py -> build/bdist.linux-ppc64le/wheel/torch/jit
copying build/lib.linux-ppc64le-3.7/torch/jit/unsupported_tensor_ops.py -> build/bdist.linux-ppc64le/wheel/torch/jit
copying build/lib.linux-ppc64le-3.7/torch/jit/_trace.py -> build/bdist.linux-ppc64le/wheel/torch/jit
creating build/bdist.linux-ppc64le/wheel/torch/jit/mobile
copying build/lib.linux-ppc64le-3.7/torch/jit/mobile/__init__.py -> build/bdist.linux-ppc64le/wheel/torch/jit/mobile
copying build/lib.linux-ppc64le-3.7/torch/jit/_script.py -> build/bdist.linux-ppc64le/wheel/torch/jit
copying build/lib.linux-ppc64le-3.7/torch/jit/_async.py -> build/bdist.linux-ppc64le/wheel/torch/jit
copying build/lib.linux-ppc64le-3.7/torch/jit/_pickle.py -> build/bdist.linux-ppc64le/wheel/torch/jit
copying build/lib.linux-ppc64le-3.7/torch/jit/annotations.py -> build/bdist.linux-ppc64le/wheel/torch/jit
copying build/lib.linux-ppc64le-3.7/torch/jit/frontend.py -> build/bdist.linux-ppc64le/wheel/torch/jit
copying build/lib.linux-ppc64le-3.7/torch/jit/_freeze.py -> build/bdist.linux-ppc64le/wheel/torch/jit
copying build/lib.linux-ppc64le-3.7/torch/jit/_fuser.py -> build/bdist.linux-ppc64le/wheel/torch/jit
copying build/lib.linux-ppc64le-3.7/torch/jit/_serialization.py -> build/bdist.linux-ppc64le/wheel/torch/jit
copying build/lib.linux-ppc64le-3.7/torch/jit/_builtins.py -> build/bdist.linux-ppc64le/wheel/torch/jit
copying build/lib.linux-ppc64le-3.7/torch/_overrides.py -> build/bdist.linux-ppc64le/wheel/torch
creating build/bdist.linux-ppc64le/wheel/torch/backends
creating build/bdist.linux-ppc64le/wheel/torch/backends/cuda
copying build/lib.linux-ppc64le-3.7/torch/backends/cuda/__init__.py -> build/bdist.linux-ppc64le/wheel/torch/backends/cuda
creating build/bdist.linux-ppc64le/wheel/torch/backends/mkldnn
copying build/lib.linux-ppc64le-3.7/torch/backends/mkldnn/__init__.py -> build/bdist.linux-ppc64le/wheel/torch/backends/mkldnn
creating build/bdist.linux-ppc64le/wheel/torch/backends/cudnn
copying build/lib.linux-ppc64le-3.7/torch/backends/cudnn/__init__.py -> build/bdist.linux-ppc64le/wheel/torch/backends/cudnn
copying build/lib.linux-ppc64le-3.7/torch/backends/cudnn/rnn.py -> build/bdist.linux-ppc64le/wheel/torch/backends/cudnn
creating build/bdist.linux-ppc64le/wheel/torch/backends/openmp
copying build/lib.linux-ppc64le-3.7/torch/backends/openmp/__init__.py -> build/bdist.linux-ppc64le/wheel/torch/backends/openmp
creating build/bdist.linux-ppc64le/wheel/torch/backends/quantized
copying build/lib.linux-ppc64le-3.7/torch/backends/quantized/__init__.py -> build/bdist.linux-ppc64le/wheel/torch/backends/quantized
creating build/bdist.linux-ppc64le/wheel/torch/backends/xnnpack
copying build/lib.linux-ppc64le-3.7/torch/backends/xnnpack/__init__.py -> build/bdist.linux-ppc64le/wheel/torch/backends/xnnpack
copying build/lib.linux-ppc64le-3.7/torch/backends/__init__.py -> build/bdist.linux-ppc64le/wheel/torch/backends
creating build/bdist.linux-ppc64le/wheel/torch/backends/mkl
copying build/lib.linux-ppc64le-3.7/torch/backends/mkl/__init__.py -> build/bdist.linux-ppc64le/wheel/torch/backends/mkl
copying build/lib.linux-ppc64le-3.7/torch/__config__.py -> build/bdist.linux-ppc64le/wheel/torch
copying build/lib.linux-ppc64le-3.7/torch/_six.py -> build/bdist.linux-ppc64le/wheel/torch
copying build/lib.linux-ppc64le-3.7/torch/types.py -> build/bdist.linux-ppc64le/wheel/torch
creating build/bdist.linux-ppc64le/wheel/torch/testing
creating build/bdist.linux-ppc64le/wheel/torch/testing/_internal
copying build/lib.linux-ppc64le-3.7/torch/testing/_internal/autocast_test_lists.py -> build/bdist.linux-ppc64le/wheel/torch/testing/_internal
copying build/lib.linux-ppc64le-3.7/torch/testing/_internal/expecttest.py -> build/bdist.linux-ppc64le/wheel/torch/testing/_internal
copying build/lib.linux-ppc64le-3.7/torch/testing/_internal/common_distributed.py -> build/bdist.linux-ppc64le/wheel/torch/testing/_internal
creating build/bdist.linux-ppc64le/wheel/torch/testing/_internal/test_module
copying build/lib.linux-ppc64le-3.7/torch/testing/_internal/test_module/__init__.py -> build/bdist.linux-ppc64le/wheel/torch/testing/_internal/test_module
copying build/lib.linux-ppc64le-3.7/torch/testing/_internal/test_module/no_future_div.py -> build/bdist.linux-ppc64le/wheel/torch/testing/_internal/test_module
copying build/lib.linux-ppc64le-3.7/torch/testing/_internal/test_module/future_div.py -> build/bdist.linux-ppc64le/wheel/torch/testing/_internal/test_module
creating build/bdist.linux-ppc64le/wheel/torch/testing/_internal/codegen
copying build/lib.linux-ppc64le-3.7/torch/testing/_internal/codegen/__init__.py -> build/bdist.linux-ppc64le/wheel/torch/testing/_internal/codegen
copying build/lib.linux-ppc64le-3.7/torch/testing/_internal/codegen/random_topo_test.py -> build/bdist.linux-ppc64le/wheel/torch/testing/_internal/codegen
copying build/lib.linux-ppc64le-3.7/torch/testing/_internal/jit_metaprogramming_utils.py -> build/bdist.linux-ppc64le/wheel/torch/testing/_internal
copying build/lib.linux-ppc64le-3.7/torch/testing/_internal/hypothesis_utils.py -> build/bdist.linux-ppc64le/wheel/torch/testing/_internal
copying build/lib.linux-ppc64le-3.7/torch/testing/_internal/common_utils.py -> build/bdist.linux-ppc64le/wheel/torch/testing/_internal
copying build/lib.linux-ppc64le-3.7/torch/testing/_internal/__init__.py -> build/bdist.linux-ppc64le/wheel/torch/testing/_internal
copying build/lib.linux-ppc64le-3.7/torch/testing/_internal/common_nn.py -> build/bdist.linux-ppc64le/wheel/torch/testing/_internal
copying build/lib.linux-ppc64le-3.7/torch/testing/_internal/common_quantized.py -> build/bdist.linux-ppc64le/wheel/torch/testing/_internal
copying build/lib.linux-ppc64le-3.7/torch/testing/_internal/jit_utils.py -> build/bdist.linux-ppc64le/wheel/torch/testing/_internal
copying build/lib.linux-ppc64le-3.7/torch/testing/_internal/common_quantization.py -> build/bdist.linux-ppc64le/wheel/torch/testing/_internal
creating build/bdist.linux-ppc64le/wheel/torch/testing/_internal/generated
copying build/lib.linux-ppc64le-3.7/torch/testing/_internal/generated/__init__.py -> build/bdist.linux-ppc64le/wheel/torch/testing/_internal/generated
copying build/lib.linux-ppc64le-3.7/torch/testing/_internal/generated/annotated_fn_args.py -> build/bdist.linux-ppc64le/wheel/torch/testing/_internal/generated
copying build/lib.linux-ppc64le-3.7/torch/testing/_internal/common_cuda.py -> build/bdist.linux-ppc64le/wheel/torch/testing/_internal
copying build/lib.linux-ppc64le-3.7/torch/testing/_internal/common_methods_invocations.py -> build/bdist.linux-ppc64le/wheel/torch/testing/_internal
creating build/bdist.linux-ppc64le/wheel/torch/testing/_internal/data
copying build/lib.linux-ppc64le-3.7/torch/testing/_internal/data/network2.py -> build/bdist.linux-ppc64le/wheel/torch/testing/_internal/data
copying build/lib.linux-ppc64le-3.7/torch/testing/_internal/data/network1.py -> build/bdist.linux-ppc64le/wheel/torch/testing/_internal/data
copying build/lib.linux-ppc64le-3.7/torch/testing/_internal/data/__init__.py -> build/bdist.linux-ppc64le/wheel/torch/testing/_internal/data
copying build/lib.linux-ppc64le-3.7/torch/testing/_internal/common_device_type.py -> build/bdist.linux-ppc64le/wheel/torch/testing/_internal
creating build/bdist.linux-ppc64le/wheel/torch/testing/_internal/distributed
creating build/bdist.linux-ppc64le/wheel/torch/testing/_internal/distributed/nn
copying build/lib.linux-ppc64le-3.7/torch/testing/_internal/distributed/nn/__init__.py -> build/bdist.linux-ppc64le/wheel/torch/testing/_internal/distributed/nn
creating build/bdist.linux-ppc64le/wheel/torch/testing/_internal/distributed/nn/api
copying build/lib.linux-ppc64le-3.7/torch/testing/_internal/distributed/nn/api/remote_module_test.py -> build/bdist.linux-ppc64le/wheel/torch/testing/_internal/distributed/nn/api
copying build/lib.linux-ppc64le-3.7/torch/testing/_internal/distributed/nn/api/__init__.py -> build/bdist.linux-ppc64le/wheel/torch/testing/_internal/distributed/nn/api
copying build/lib.linux-ppc64le-3.7/torch/testing/_internal/distributed/__init__.py -> build/bdist.linux-ppc64le/wheel/torch/testing/_internal/distributed
creating build/bdist.linux-ppc64le/wheel/torch/testing/_internal/distributed/rpc
copying build/lib.linux-ppc64le-3.7/torch/testing/_internal/distributed/rpc/dist_optimizer_test.py -> build/bdist.linux-ppc64le/wheel/torch/testing/_internal/distributed/rpc
copying build/lib.linux-ppc64le-3.7/torch/testing/_internal/distributed/rpc/rpc_test.py -> build/bdist.linux-ppc64le/wheel/torch/testing/_internal/distributed/rpc
copying build/lib.linux-ppc64le-3.7/torch/testing/_internal/distributed/rpc/rpc_agent_test_fixture.py -> build/bdist.linux-ppc64le/wheel/torch/testing/_internal/distributed/rpc
copying build/lib.linux-ppc64le-3.7/torch/testing/_internal/distributed/rpc/tensorpipe_rpc_agent_test_fixture.py -> build/bdist.linux-ppc64le/wheel/torch/testing/_internal/distributed/rpc
copying build/lib.linux-ppc64le-3.7/torch/testing/_internal/distributed/rpc/__init__.py -> build/bdist.linux-ppc64le/wheel/torch/testing/_internal/distributed/rpc
creating build/bdist.linux-ppc64le/wheel/torch/testing/_internal/distributed/rpc/jit
copying build/lib.linux-ppc64le-3.7/torch/testing/_internal/distributed/rpc/jit/rpc_test.py -> build/bdist.linux-ppc64le/wheel/torch/testing/_internal/distributed/rpc/jit
copying build/lib.linux-ppc64le-3.7/torch/testing/_internal/distributed/rpc/jit/__init__.py -> build/bdist.linux-ppc64le/wheel/torch/testing/_internal/distributed/rpc/jit
copying build/lib.linux-ppc64le-3.7/torch/testing/_internal/distributed/rpc/jit/dist_autograd_test.py -> build/bdist.linux-ppc64le/wheel/torch/testing/_internal/distributed/rpc/jit
copying build/lib.linux-ppc64le-3.7/torch/testing/_internal/distributed/rpc/jit/rpc_test_faulty.py -> build/bdist.linux-ppc64le/wheel/torch/testing/_internal/distributed/rpc/jit
copying build/lib.linux-ppc64le-3.7/torch/testing/_internal/distributed/rpc/dist_autograd_test.py -> build/bdist.linux-ppc64le/wheel/torch/testing/_internal/distributed/rpc
copying build/lib.linux-ppc64le-3.7/torch/testing/_internal/distributed/rpc/faulty_rpc_agent_test_fixture.py -> build/bdist.linux-ppc64le/wheel/torch/testing/_internal/distributed/rpc
copying build/lib.linux-ppc64le-3.7/torch/testing/_internal/distributed/ddp_under_dist_autograd_test.py -> build/bdist.linux-ppc64le/wheel/torch/testing/_internal/distributed
copying build/lib.linux-ppc64le-3.7/torch/testing/_internal/dist_utils.py -> build/bdist.linux-ppc64le/wheel/torch/testing/_internal
copying build/lib.linux-ppc64le-3.7/torch/testing/__init__.py -> build/bdist.linux-ppc64le/wheel/torch/testing
copying build/lib.linux-ppc64le-3.7/torch/random.py -> build/bdist.linux-ppc64le/wheel/torch
copying build/lib.linux-ppc64le-3.7/torch/_storage_docs.py -> build/bdist.linux-ppc64le/wheel/torch
copying build/lib.linux-ppc64le-3.7/torch/version.py -> build/bdist.linux-ppc64le/wheel/torch
copying build/lib.linux-ppc64le-3.7/torch/_tensor_docs.py -> build/bdist.linux-ppc64le/wheel/torch
creating build/bdist.linux-ppc64le/wheel/torch/lib
copying build/lib.linux-ppc64le-3.7/torch/lib/libc10_cuda.so -> build/bdist.linux-ppc64le/wheel/torch/lib
copying build/lib.linux-ppc64le-3.7/torch/lib/libtorch_cuda.so -> build/bdist.linux-ppc64le/wheel/torch/lib
copying build/lib.linux-ppc64le-3.7/torch/lib/libtorch_cpu.so -> build/bdist.linux-ppc64le/wheel/torch/lib
copying build/lib.linux-ppc64le-3.7/torch/lib/libcaffe2_detectron_ops_gpu.so -> build/bdist.linux-ppc64le/wheel/torch/lib
copying build/lib.linux-ppc64le-3.7/torch/lib/libtorch.so -> build/bdist.linux-ppc64le/wheel/torch/lib
copying build/lib.linux-ppc64le-3.7/torch/lib/libtensorpipe.so -> build/bdist.linux-ppc64le/wheel/torch/lib
copying build/lib.linux-ppc64le-3.7/torch/lib/libcaffe2_module_test_dynamic.so -> build/bdist.linux-ppc64le/wheel/torch/lib
copying build/lib.linux-ppc64le-3.7/torch/lib/libtorch_python.so -> build/bdist.linux-ppc64le/wheel/torch/lib
copying build/lib.linux-ppc64le-3.7/torch/lib/libcaffe2_nvrtc.so -> build/bdist.linux-ppc64le/wheel/torch/lib
copying build/lib.linux-ppc64le-3.7/torch/lib/libc10.so -> build/bdist.linux-ppc64le/wheel/torch/lib
copying build/lib.linux-ppc64le-3.7/torch/lib/libshm.so -> build/bdist.linux-ppc64le/wheel/torch/lib
copying build/lib.linux-ppc64le-3.7/torch/lib/libcaffe2_observers.so -> build/bdist.linux-ppc64le/wheel/torch/lib
copying build/lib.linux-ppc64le-3.7/torch/lib/libtorch_global_deps.so -> build/bdist.linux-ppc64le/wheel/torch/lib
creating build/bdist.linux-ppc64le/wheel/torch/test
copying build/lib.linux-ppc64le-3.7/torch/test/generate_proposals_op_test -> build/bdist.linux-ppc64le/wheel/torch/test
copying build/lib.linux-ppc64le-3.7/torch/test/cuda_packedtensoraccessor_test -> build/bdist.linux-ppc64le/wheel/torch/test
copying build/lib.linux-ppc64le-3.7/torch/test/kernel_stackbased_test -> build/bdist.linux-ppc64le/wheel/torch/test
copying build/lib.linux-ppc64le-3.7/torch/test/NamedTensor_test -> build/bdist.linux-ppc64le/wheel/torch/test
copying build/lib.linux-ppc64le-3.7/torch/test/common_test -> build/bdist.linux-ppc64le/wheel/torch/test
copying build/lib.linux-ppc64le-3.7/torch/test/wrapdim_test -> build/bdist.linux-ppc64le/wheel/torch/test
copying build/lib.linux-ppc64le-3.7/torch/test/memory_overlapping_test -> build/bdist.linux-ppc64le/wheel/torch/test
copying build/lib.linux-ppc64le-3.7/torch/test/converter_nomigraph_test -> build/bdist.linux-ppc64le/wheel/torch/test
copying build/lib.linux-ppc64le-3.7/torch/test/c10_logging_test -> build/bdist.linux-ppc64le/wheel/torch/test
copying build/lib.linux-ppc64le-3.7/torch/test/cuda_vectorized_test -> build/bdist.linux-ppc64le/wheel/torch/test
copying build/lib.linux-ppc64le-3.7/torch/test/cpu_generator_test -> build/bdist.linux-ppc64le/wheel/torch/test
copying build/lib.linux-ppc64le-3.7/torch/test/c10_string_view_test -> build/bdist.linux-ppc64le/wheel/torch/test
copying build/lib.linux-ppc64le-3.7/torch/test/math_gpu_test -> build/bdist.linux-ppc64le/wheel/torch/test
copying build/lib.linux-ppc64le-3.7/torch/test/c10_TypeList_test -> build/bdist.linux-ppc64le/wheel/torch/test
copying build/lib.linux-ppc64le-3.7/torch/test/generate_proposals_op_util_nms_gpu_test -> build/bdist.linux-ppc64le/wheel/torch/test
copying build/lib.linux-ppc64le-3.7/torch/test/proto_utils_test -> build/bdist.linux-ppc64le/wheel/torch/test
copying build/lib.linux-ppc64le-3.7/torch/test/net_dag_utils_test -> build/bdist.linux-ppc64le/wheel/torch/test
copying build/lib.linux-ppc64le-3.7/torch/test/time_observer_test -> build/bdist.linux-ppc64le/wheel/torch/test
copying build/lib.linux-ppc64le-3.7/torch/test/net_gpu_test -> build/bdist.linux-ppc64le/wheel/torch/test
copying build/lib.linux-ppc64le-3.7/torch/test/operator_gpu_test -> build/bdist.linux-ppc64le/wheel/torch/test
copying build/lib.linux-ppc64le-3.7/torch/test/split_slss_test -> build/bdist.linux-ppc64le/wheel/torch/test
copying build/lib.linux-ppc64le-3.7/torch/test/pow_test -> build/bdist.linux-ppc64le/wheel/torch/test
copying build/lib.linux-ppc64le-3.7/torch/test/CppSignature_test -> build/bdist.linux-ppc64le/wheel/torch/test
copying build/lib.linux-ppc64le-3.7/torch/test/cuda_optional_test -> build/bdist.linux-ppc64le/wheel/torch/test
copying build/lib.linux-ppc64le-3.7/torch/test/utility_ops_test -> build/bdist.linux-ppc64le/wheel/torch/test
copying build/lib.linux-ppc64le-3.7/torch/test/c10_ConstexprCrc_test -> build/bdist.linux-ppc64le/wheel/torch/test
copying build/lib.linux-ppc64le-3.7/torch/test/observer_test -> build/bdist.linux-ppc64le/wheel/torch/test
copying build/lib.linux-ppc64le-3.7/torch/test/c10_Bitset_test -> build/bdist.linux-ppc64le/wheel/torch/test
copying build/lib.linux-ppc64le-3.7/torch/test/backend_cutting_test -> build/bdist.linux-ppc64le/wheel/torch/test
copying build/lib.linux-ppc64le-3.7/torch/test/quantized_test -> build/bdist.linux-ppc64le/wheel/torch/test
copying build/lib.linux-ppc64le-3.7/torch/test/TensorImpl_test -> build/bdist.linux-ppc64le/wheel/torch/test
copying build/lib.linux-ppc64le-3.7/torch/test/atest -> build/bdist.linux-ppc64le/wheel/torch/test
copying build/lib.linux-ppc64le-3.7/torch/test/conv_to_nnpack_transform_test -> build/bdist.linux-ppc64le/wheel/torch/test
copying build/lib.linux-ppc64le-3.7/torch/test/cuda_integer_divider_test -> build/bdist.linux-ppc64le/wheel/torch/test
copying build/lib.linux-ppc64le-3.7/torch/test/native_test -> build/bdist.linux-ppc64le/wheel/torch/test
copying build/lib.linux-ppc64le-3.7/torch/test/Dimname_test -> build/bdist.linux-ppc64le/wheel/torch/test
copying build/lib.linux-ppc64le-3.7/torch/test/c10_tempfile_test -> build/bdist.linux-ppc64le/wheel/torch/test
copying build/lib.linux-ppc64le-3.7/torch/test/bound_shape_inference_test -> build/bdist.linux-ppc64le/wheel/torch/test
copying build/lib.linux-ppc64le-3.7/torch/test/context_gpu_test -> build/bdist.linux-ppc64le/wheel/torch/test
copying build/lib.linux-ppc64le-3.7/torch/test/vmap_test -> build/bdist.linux-ppc64le/wheel/torch/test
copying build/lib.linux-ppc64le-3.7/torch/test/c10_either_test -> build/bdist.linux-ppc64le/wheel/torch/test
copying build/lib.linux-ppc64le-3.7/torch/test/c10_TypeIndex_test -> build/bdist.linux-ppc64le/wheel/torch/test
copying build/lib.linux-ppc64le-3.7/torch/test/weakref_test -> build/bdist.linux-ppc64le/wheel/torch/test
copying build/lib.linux-ppc64le-3.7/torch/test/inline_container_test -> build/bdist.linux-ppc64le/wheel/torch/test
copying build/lib.linux-ppc64le-3.7/torch/test/init_test -> build/bdist.linux-ppc64le/wheel/torch/test
copying build/lib.linux-ppc64le-3.7/torch/test/c10_registry_test -> build/bdist.linux-ppc64le/wheel/torch/test
copying build/lib.linux-ppc64le-3.7/torch/test/depthwise3x3_conv_op_test -> build/bdist.linux-ppc64le/wheel/torch/test
copying build/lib.linux-ppc64le-3.7/torch/test/memory_format_test -> build/bdist.linux-ppc64le/wheel/torch/test
copying build/lib.linux-ppc64le-3.7/torch/test/TopoSortTest -> build/bdist.linux-ppc64le/wheel/torch/test
copying build/lib.linux-ppc64le-3.7/torch/test/conv_transpose_op_mobile_test -> build/bdist.linux-ppc64le/wheel/torch/test
copying build/lib.linux-ppc64le-3.7/torch/test/c10_InlineDeviceGuard_test -> build/bdist.linux-ppc64le/wheel/torch/test
copying build/lib.linux-ppc64le-3.7/torch/test/kernel_lambda_legacy_test -> build/bdist.linux-ppc64le/wheel/torch/test
copying build/lib.linux-ppc64le-3.7/torch/test/utility_ops_gpu_test -> build/bdist.linux-ppc64le/wheel/torch/test
copying build/lib.linux-ppc64le-3.7/torch/test/operator_test -> build/bdist.linux-ppc64le/wheel/torch/test
copying build/lib.linux-ppc64le-3.7/torch/test/c10_LeftRight_test -> build/bdist.linux-ppc64le/wheel/torch/test
copying build/lib.linux-ppc64le-3.7/torch/test/cuda_apply_test -> build/bdist.linux-ppc64le/wheel/torch/test
copying build/lib.linux-ppc64le-3.7/torch/test/basic -> build/bdist.linux-ppc64le/wheel/torch/test
copying build/lib.linux-ppc64le-3.7/torch/test/fatal_signal_asan_no_sig_test -> build/bdist.linux-ppc64le/wheel/torch/test
copying build/lib.linux-ppc64le-3.7/torch/test/graph_test -> build/bdist.linux-ppc64le/wheel/torch/test
copying build/lib.linux-ppc64le-3.7/torch/test/elementwise_op_gpu_test -> build/bdist.linux-ppc64le/wheel/torch/test
copying build/lib.linux-ppc64le-3.7/torch/test/device_test -> build/bdist.linux-ppc64le/wheel/torch/test
copying build/lib.linux-ppc64le-3.7/torch/test/common_subexpression_elimination_test -> build/bdist.linux-ppc64le/wheel/torch/test
copying build/lib.linux-ppc64le-3.7/torch/test/operator_fallback_gpu_test -> build/bdist.linux-ppc64le/wheel/torch/test
copying build/lib.linux-ppc64le-3.7/torch/test/verify_api_visibility -> build/bdist.linux-ppc64le/wheel/torch/test
copying build/lib.linux-ppc64le-3.7/torch/test/boolean_unmask_ops_test -> build/bdist.linux-ppc64le/wheel/torch/test
copying build/lib.linux-ppc64le-3.7/torch/test/cpuid_test -> build/bdist.linux-ppc64le/wheel/torch/test
copying build/lib.linux-ppc64le-3.7/torch/test/test_parallel -> build/bdist.linux-ppc64le/wheel/torch/test
copying build/lib.linux-ppc64le-3.7/torch/test/scalar_tensor_test -> build/bdist.linux-ppc64le/wheel/torch/test
copying build/lib.linux-ppc64le-3.7/torch/test/event_gpu_test -> build/bdist.linux-ppc64le/wheel/torch/test
copying build/lib.linux-ppc64le-3.7/torch/test/c10_Array_test -> build/bdist.linux-ppc64le/wheel/torch/test
copying build/lib.linux-ppc64le-3.7/torch/test/pattern_net_transform_test -> build/bdist.linux-ppc64le/wheel/torch/test
copying build/lib.linux-ppc64le-3.7/torch/test/batch_permutation_op_gpu_test -> build/bdist.linux-ppc64le/wheel/torch/test
copying build/lib.linux-ppc64le-3.7/torch/test/cuda_stream_test -> build/bdist.linux-ppc64le/wheel/torch/test
copying build/lib.linux-ppc64le-3.7/torch/test/BinaryMatchImplTest -> build/bdist.linux-ppc64le/wheel/torch/test
copying build/lib.linux-ppc64le-3.7/torch/test/cuda_distributions_test -> build/bdist.linux-ppc64le/wheel/torch/test
copying build/lib.linux-ppc64le-3.7/torch/test/c10_bfloat16_test -> build/bdist.linux-ppc64le/wheel/torch/test
copying build/lib.linux-ppc64le-3.7/torch/test/net_test -> build/bdist.linux-ppc64le/wheel/torch/test
copying build/lib.linux-ppc64le-3.7/torch/test/generate_proposals_op_util_boxes_test -> build/bdist.linux-ppc64le/wheel/torch/test
copying build/lib.linux-ppc64le-3.7/torch/test/op_registration_test -> build/bdist.linux-ppc64le/wheel/torch/test
copying build/lib.linux-ppc64le-3.7/torch/test/SubgraphMatcherTest -> build/bdist.linux-ppc64le/wheel/torch/test
copying build/lib.linux-ppc64le-3.7/torch/test/cuda_tensor_interop_test -> build/bdist.linux-ppc64le/wheel/torch/test
copying build/lib.linux-ppc64le-3.7/torch/test/cuda_dlconvertor_test -> build/bdist.linux-ppc64le/wheel/torch/test
copying build/lib.linux-ppc64le-3.7/torch/test/NeuralNetTest -> build/bdist.linux-ppc64le/wheel/torch/test
copying build/lib.linux-ppc64le-3.7/torch/test/elementwise_op_test -> build/bdist.linux-ppc64le/wheel/torch/test
copying build/lib.linux-ppc64le-3.7/torch/test/generate_proposals_op_util_nms_test -> build/bdist.linux-ppc64le/wheel/torch/test
copying build/lib.linux-ppc64le-3.7/torch/test/c10_complex_math_test -> build/bdist.linux-ppc64le/wheel/torch/test
copying build/lib.linux-ppc64le-3.7/torch/test/plan_executor_test -> build/bdist.linux-ppc64le/wheel/torch/test
copying build/lib.linux-ppc64le-3.7/torch/test/string_ops_test -> build/bdist.linux-ppc64le/wheel/torch/test
copying build/lib.linux-ppc64le-3.7/torch/test/batch_matmul_op_test -> build/bdist.linux-ppc64le/wheel/torch/test
copying build/lib.linux-ppc64le-3.7/torch/test/parallel_net_test -> build/bdist.linux-ppc64le/wheel/torch/test
copying build/lib.linux-ppc64le-3.7/torch/test/cuda_complex_math_test -> build/bdist.linux-ppc64le/wheel/torch/test
copying build/lib.linux-ppc64le-3.7/torch/test/GraphTest -> build/bdist.linux-ppc64le/wheel/torch/test
copying build/lib.linux-ppc64le-3.7/torch/test/blob_test -> build/bdist.linux-ppc64le/wheel/torch/test
copying build/lib.linux-ppc64le-3.7/torch/test/cpu_rng_test -> build/bdist.linux-ppc64le/wheel/torch/test
copying build/lib.linux-ppc64le-3.7/torch/test/c10_intrusive_ptr_test -> build/bdist.linux-ppc64le/wheel/torch/test
copying build/lib.linux-ppc64le-3.7/torch/test/predictor_test -> build/bdist.linux-ppc64le/wheel/torch/test
copying build/lib.linux-ppc64le-3.7/torch/test/fixed_divisor_test -> build/bdist.linux-ppc64le/wheel/torch/test
copying build/lib.linux-ppc64le-3.7/torch/test/c10_DeviceGuard_test -> build/bdist.linux-ppc64le/wheel/torch/test
copying build/lib.linux-ppc64le-3.7/torch/test/extension_backend_test -> build/bdist.linux-ppc64le/wheel/torch/test
copying build/lib.linux-ppc64le-3.7/torch/test/c10_flags_test -> build/bdist.linux-ppc64le/wheel/torch/test
copying build/lib.linux-ppc64le-3.7/torch/test/net_async_tracing_test -> build/bdist.linux-ppc64le/wheel/torch/test
copying build/lib.linux-ppc64le-3.7/torch/test/kernel_function_legacy_test -> build/bdist.linux-ppc64le/wheel/torch/test
copying build/lib.linux-ppc64le-3.7/torch/test/AlgorithmsTest -> build/bdist.linux-ppc64le/wheel/torch/test
copying build/lib.linux-ppc64le-3.7/torch/test/cuda_generator_test -> build/bdist.linux-ppc64le/wheel/torch/test
copying build/lib.linux-ppc64le-3.7/torch/test/c10_Half_test -> build/bdist.linux-ppc64le/wheel/torch/test
copying build/lib.linux-ppc64le-3.7/torch/test/scalar_test -> build/bdist.linux-ppc64le/wheel/torch/test
copying build/lib.linux-ppc64le-3.7/torch/test/cuda_cudnn_test -> build/bdist.linux-ppc64le/wheel/torch/test
copying build/lib.linux-ppc64le-3.7/torch/test/c10_DispatchKeySet_test -> build/bdist.linux-ppc64le/wheel/torch/test
copying build/lib.linux-ppc64le-3.7/torch/test/apply_utils_test -> build/bdist.linux-ppc64le/wheel/torch/test
copying build/lib.linux-ppc64le-3.7/torch/test/tensor_interop_test -> build/bdist.linux-ppc64le/wheel/torch/test
copying build/lib.linux-ppc64le-3.7/torch/test/c10_intrusive_ptr_benchmark -> build/bdist.linux-ppc64le/wheel/torch/test
copying build/lib.linux-ppc64le-3.7/torch/test/cuda_half_test -> build/bdist.linux-ppc64le/wheel/torch/test
copying build/lib.linux-ppc64le-3.7/torch/test/data_filler_test -> build/bdist.linux-ppc64le/wheel/torch/test
copying build/lib.linux-ppc64le-3.7/torch/test/backend_fallback_test -> build/bdist.linux-ppc64le/wheel/torch/test
copying build/lib.linux-ppc64le-3.7/torch/test/timer_test -> build/bdist.linux-ppc64le/wheel/torch/test
copying build/lib.linux-ppc64le-3.7/torch/test/TarjansImplTest -> build/bdist.linux-ppc64le/wheel/torch/test
copying build/lib.linux-ppc64le-3.7/torch/test/variant_test -> build/bdist.linux-ppc64le/wheel/torch/test
copying build/lib.linux-ppc64le-3.7/torch/test/ivalue_test -> build/bdist.linux-ppc64le/wheel/torch/test
copying build/lib.linux-ppc64le-3.7/torch/test/c10_CompileTimeFunctionPointer_test -> build/bdist.linux-ppc64le/wheel/torch/test
copying build/lib.linux-ppc64le-3.7/torch/test/text_file_reader_utils_test -> build/bdist.linux-ppc64le/wheel/torch/test
copying build/lib.linux-ppc64le-3.7/torch/test/generate_proposals_op_gpu_test -> build/bdist.linux-ppc64le/wheel/torch/test
copying build/lib.linux-ppc64le-3.7/torch/test/mpi_test -> build/bdist.linux-ppc64le/wheel/torch/test
copying build/lib.linux-ppc64le-3.7/torch/test/c10_complex_test -> build/bdist.linux-ppc64le/wheel/torch/test
copying build/lib.linux-ppc64le-3.7/torch/test/c10_typeid_test -> build/bdist.linux-ppc64le/wheel/torch/test
copying build/lib.linux-ppc64le-3.7/torch/test/kernel_function_test -> build/bdist.linux-ppc64le/wheel/torch/test
copying build/lib.linux-ppc64le-3.7/torch/test/c10_Metaprogramming_test -> build/bdist.linux-ppc64le/wheel/torch/test
copying build/lib.linux-ppc64le-3.7/torch/test/cuda_complex_test -> build/bdist.linux-ppc64le/wheel/torch/test
copying build/lib.linux-ppc64le-3.7/torch/test/broadcast_test -> build/bdist.linux-ppc64le/wheel/torch/test
copying build/lib.linux-ppc64le-3.7/torch/test/c10_InlineStreamGuard_test -> build/bdist.linux-ppc64le/wheel/torch/test
copying build/lib.linux-ppc64le-3.7/torch/test/thread_init_test -> build/bdist.linux-ppc64le/wheel/torch/test
copying build/lib.linux-ppc64le-3.7/torch/test/conv_op_cache_cudnn_test -> build/bdist.linux-ppc64le/wheel/torch/test
copying build/lib.linux-ppc64le-3.7/torch/test/distributed_test -> build/bdist.linux-ppc64le/wheel/torch/test
copying build/lib.linux-ppc64le-3.7/torch/test/context_test -> build/bdist.linux-ppc64le/wheel/torch/test
copying build/lib.linux-ppc64le-3.7/torch/test/module_test -> build/bdist.linux-ppc64le/wheel/torch/test
copying build/lib.linux-ppc64le-3.7/torch/test/c10_TypeTraits_test -> build/bdist.linux-ppc64le/wheel/torch/test
copying build/lib.linux-ppc64le-3.7/torch/test/blob_gpu_test -> build/bdist.linux-ppc64le/wheel/torch/test
copying build/lib.linux-ppc64le-3.7/torch/test/operator_schema_test -> build/bdist.linux-ppc64le/wheel/torch/test
copying build/lib.linux-ppc64le-3.7/torch/test/math_test -> build/bdist.linux-ppc64le/wheel/torch/test
copying build/lib.linux-ppc64le-3.7/torch/test/MatchTest -> build/bdist.linux-ppc64le/wheel/torch/test
copying build/lib.linux-ppc64le-3.7/torch/test/c10_ordered_preserving_dict_test -> build/bdist.linux-ppc64le/wheel/torch/test
copying build/lib.linux-ppc64le-3.7/torch/test/make_boxed_from_unboxed_functor_test -> build/bdist.linux-ppc64le/wheel/torch/test
copying build/lib.linux-ppc64le-3.7/torch/test/transform_test -> build/bdist.linux-ppc64le/wheel/torch/test
copying build/lib.linux-ppc64le-3.7/torch/test/ssa_test -> build/bdist.linux-ppc64le/wheel/torch/test
copying build/lib.linux-ppc64le-3.7/torch/test/mobile_test -> build/bdist.linux-ppc64le/wheel/torch/test
copying build/lib.linux-ppc64le-3.7/torch/test/tensor_iterator_test -> build/bdist.linux-ppc64le/wheel/torch/test
copying build/lib.linux-ppc64le-3.7/torch/test/type_test -> build/bdist.linux-ppc64le/wheel/torch/test
copying build/lib.linux-ppc64le-3.7/torch/test/xla_tensor_test -> build/bdist.linux-ppc64le/wheel/torch/test
copying build/lib.linux-ppc64le-3.7/torch/test/half_test -> build/bdist.linux-ppc64le/wheel/torch/test
copying build/lib.linux-ppc64le-3.7/torch/test/List_test -> build/bdist.linux-ppc64le/wheel/torch/test
copying build/lib.linux-ppc64le-3.7/torch/test/cast_test -> build/bdist.linux-ppc64le/wheel/torch/test
copying build/lib.linux-ppc64le-3.7/torch/test/c10_StreamGuard_test -> build/bdist.linux-ppc64le/wheel/torch/test
copying build/lib.linux-ppc64le-3.7/torch/test/smart_tensor_printer_test -> build/bdist.linux-ppc64le/wheel/torch/test
copying build/lib.linux-ppc64le-3.7/torch/test/roi_align_op_gpu_test -> build/bdist.linux-ppc64le/wheel/torch/test
copying build/lib.linux-ppc64le-3.7/torch/test/kernel_lambda_test -> build/bdist.linux-ppc64le/wheel/torch/test
copying build/lib.linux-ppc64le-3.7/torch/test/simple_queue_test -> build/bdist.linux-ppc64le/wheel/torch/test
copying build/lib.linux-ppc64le-3.7/torch/test/mpi_gpu_test -> build/bdist.linux-ppc64le/wheel/torch/test
copying build/lib.linux-ppc64le-3.7/torch/test/event_test -> build/bdist.linux-ppc64le/wheel/torch/test
copying build/lib.linux-ppc64le-3.7/torch/test/KernelFunction_test -> build/bdist.linux-ppc64le/wheel/torch/test
copying build/lib.linux-ppc64le-3.7/torch/test/batch_matmul_op_gpu_test -> build/bdist.linux-ppc64le/wheel/torch/test
copying build/lib.linux-ppc64le-3.7/torch/test/net_simple_refcount_test -> build/bdist.linux-ppc64le/wheel/torch/test
copying build/lib.linux-ppc64le-3.7/torch/test/Dict_test -> build/bdist.linux-ppc64le/wheel/torch/test
copying build/lib.linux-ppc64le-3.7/torch/test/reshape_op_gpu_test -> build/bdist.linux-ppc64le/wheel/torch/test
copying build/lib.linux-ppc64le-3.7/torch/test/workspace_test -> build/bdist.linux-ppc64le/wheel/torch/test
copying build/lib.linux-ppc64le-3.7/torch/test/half_float_ops_test -> build/bdist.linux-ppc64le/wheel/torch/test
copying build/lib.linux-ppc64le-3.7/torch/test/undefined_tensor_test -> build/bdist.linux-ppc64le/wheel/torch/test
copying build/lib.linux-ppc64le-3.7/torch/test/dead_code_elim_test -> build/bdist.linux-ppc64le/wheel/torch/test
copying build/lib.linux-ppc64le-3.7/torch/test/reduce_ops_test -> build/bdist.linux-ppc64le/wheel/torch/test
copying build/lib.linux-ppc64le-3.7/torch/test/c10_exception_test -> build/bdist.linux-ppc64le/wheel/torch/test
copying build/lib.linux-ppc64le-3.7/torch/test/dlconvertor_test -> build/bdist.linux-ppc64le/wheel/torch/test
copying build/lib.linux-ppc64le-3.7/torch/test/c10_cuda_CUDATest -> build/bdist.linux-ppc64le/wheel/torch/test
copying build/lib.linux-ppc64le-3.7/torch/test/c10_C++17_test -> build/bdist.linux-ppc64le/wheel/torch/test
copying build/lib.linux-ppc64le-3.7/torch/test/stats_test -> build/bdist.linux-ppc64le/wheel/torch/test
creating build/bdist.linux-ppc64le/wheel/torch/multiprocessing
copying build/lib.linux-ppc64le-3.7/torch/multiprocessing/__init__.py -> build/bdist.linux-ppc64le/wheel/torch/multiprocessing
copying build/lib.linux-ppc64le-3.7/torch/multiprocessing/_atfork.py -> build/bdist.linux-ppc64le/wheel/torch/multiprocessing
copying build/lib.linux-ppc64le-3.7/torch/multiprocessing/spawn.py -> build/bdist.linux-ppc64le/wheel/torch/multiprocessing
copying build/lib.linux-ppc64le-3.7/torch/multiprocessing/reductions.py -> build/bdist.linux-ppc64le/wheel/torch/multiprocessing
copying build/lib.linux-ppc64le-3.7/torch/multiprocessing/pool.py -> build/bdist.linux-ppc64le/wheel/torch/multiprocessing
copying build/lib.linux-ppc64le-3.7/torch/multiprocessing/queue.py -> build/bdist.linux-ppc64le/wheel/torch/multiprocessing
copying build/lib.linux-ppc64le-3.7/torch/_tensor_str.py -> build/bdist.linux-ppc64le/wheel/torch
creating build/bdist.linux-ppc64le/wheel/torch/distributions
copying build/lib.linux-ppc64le-3.7/torch/distributions/kl.py -> build/bdist.linux-ppc64le/wheel/torch/distributions
copying build/lib.linux-ppc64le-3.7/torch/distributions/geometric.py -> build/bdist.linux-ppc64le/wheel/torch/distributions
copying build/lib.linux-ppc64le-3.7/torch/distributions/poisson.py -> build/bdist.linux-ppc64le/wheel/torch/distributions
copying build/lib.linux-ppc64le-3.7/torch/distributions/lowrank_multivariate_normal.py -> build/bdist.linux-ppc64le/wheel/torch/distributions
copying build/lib.linux-ppc64le-3.7/torch/distributions/fishersnedecor.py -> build/bdist.linux-ppc64le/wheel/torch/distributions
copying build/lib.linux-ppc64le-3.7/torch/distributions/multinomial.py -> build/bdist.linux-ppc64le/wheel/torch/distributions
copying build/lib.linux-ppc64le-3.7/torch/distributions/transforms.py -> build/bdist.linux-ppc64le/wheel/torch/distributions
copying build/lib.linux-ppc64le-3.7/torch/distributions/continuous_bernoulli.py -> build/bdist.linux-ppc64le/wheel/torch/distributions
copying build/lib.linux-ppc64le-3.7/torch/distributions/normal.py -> build/bdist.linux-ppc64le/wheel/torch/distributions
copying build/lib.linux-ppc64le-3.7/torch/distributions/multivariate_normal.py -> build/bdist.linux-ppc64le/wheel/torch/distributions
copying build/lib.linux-ppc64le-3.7/torch/distributions/negative_binomial.py -> build/bdist.linux-ppc64le/wheel/torch/distributions
copying build/lib.linux-ppc64le-3.7/torch/distributions/exp_family.py -> build/bdist.linux-ppc64le/wheel/torch/distributions
copying build/lib.linux-ppc64le-3.7/torch/distributions/binomial.py -> build/bdist.linux-ppc64le/wheel/torch/distributions
copying build/lib.linux-ppc64le-3.7/torch/distributions/gumbel.py -> build/bdist.linux-ppc64le/wheel/torch/distributions
copying build/lib.linux-ppc64le-3.7/torch/distributions/__init__.py -> build/bdist.linux-ppc64le/wheel/torch/distributions
copying build/lib.linux-ppc64le-3.7/torch/distributions/constraint_registry.py -> build/bdist.linux-ppc64le/wheel/torch/distributions
copying build/lib.linux-ppc64le-3.7/torch/distributions/transformed_distribution.py -> build/bdist.linux-ppc64le/wheel/torch/distributions
copying build/lib.linux-ppc64le-3.7/torch/distributions/utils.py -> build/bdist.linux-ppc64le/wheel/torch/distributions
copying build/lib.linux-ppc64le-3.7/torch/distributions/bernoulli.py -> build/bdist.linux-ppc64le/wheel/torch/distributions
copying build/lib.linux-ppc64le-3.7/torch/distributions/uniform.py -> build/bdist.linux-ppc64le/wheel/torch/distributions
copying build/lib.linux-ppc64le-3.7/torch/distributions/relaxed_categorical.py -> build/bdist.linux-ppc64le/wheel/torch/distributions
copying build/lib.linux-ppc64le-3.7/torch/distributions/categorical.py -> build/bdist.linux-ppc64le/wheel/torch/distributions
copying build/lib.linux-ppc64le-3.7/torch/distributions/exponential.py -> build/bdist.linux-ppc64le/wheel/torch/distributions
copying build/lib.linux-ppc64le-3.7/torch/distributions/logistic_normal.py -> build/bdist.linux-ppc64le/wheel/torch/distributions
copying build/lib.linux-ppc64le-3.7/torch/distributions/chi2.py -> build/bdist.linux-ppc64le/wheel/torch/distributions
copying build/lib.linux-ppc64le-3.7/torch/distributions/relaxed_bernoulli.py -> build/bdist.linux-ppc64le/wheel/torch/distributions
copying build/lib.linux-ppc64le-3.7/torch/distributions/independent.py -> build/bdist.linux-ppc64le/wheel/torch/distributions
copying build/lib.linux-ppc64le-3.7/torch/distributions/constraints.py -> build/bdist.linux-ppc64le/wheel/torch/distributions
copying build/lib.linux-ppc64le-3.7/torch/distributions/weibull.py -> build/bdist.linux-ppc64le/wheel/torch/distributions
copying build/lib.linux-ppc64le-3.7/torch/distributions/pareto.py -> build/bdist.linux-ppc64le/wheel/torch/distributions
copying build/lib.linux-ppc64le-3.7/torch/distributions/mixture_same_family.py -> build/bdist.linux-ppc64le/wheel/torch/distributions
copying build/lib.linux-ppc64le-3.7/torch/distributions/cauchy.py -> build/bdist.linux-ppc64le/wheel/torch/distributions
copying build/lib.linux-ppc64le-3.7/torch/distributions/von_mises.py -> build/bdist.linux-ppc64le/wheel/torch/distributions
copying build/lib.linux-ppc64le-3.7/torch/distributions/studentT.py -> build/bdist.linux-ppc64le/wheel/torch/distributions
copying build/lib.linux-ppc64le-3.7/torch/distributions/half_cauchy.py -> build/bdist.linux-ppc64le/wheel/torch/distributions
copying build/lib.linux-ppc64le-3.7/torch/distributions/log_normal.py -> build/bdist.linux-ppc64le/wheel/torch/distributions
copying build/lib.linux-ppc64le-3.7/torch/distributions/distribution.py -> build/bdist.linux-ppc64le/wheel/torch/distributions
copying build/lib.linux-ppc64le-3.7/torch/distributions/one_hot_categorical.py -> build/bdist.linux-ppc64le/wheel/torch/distributions
copying build/lib.linux-ppc64le-3.7/torch/distributions/gamma.py -> build/bdist.linux-ppc64le/wheel/torch/distributions
copying build/lib.linux-ppc64le-3.7/torch/distributions/laplace.py -> build/bdist.linux-ppc64le/wheel/torch/distributions
copying build/lib.linux-ppc64le-3.7/torch/distributions/half_normal.py -> build/bdist.linux-ppc64le/wheel/torch/distributions
copying build/lib.linux-ppc64le-3.7/torch/distributions/dirichlet.py -> build/bdist.linux-ppc64le/wheel/torch/distributions
copying build/lib.linux-ppc64le-3.7/torch/distributions/beta.py -> build/bdist.linux-ppc64le/wheel/torch/distributions
copying build/lib.linux-ppc64le-3.7/torch/_lobpcg.py -> build/bdist.linux-ppc64le/wheel/torch
creating build/bdist.linux-ppc64le/wheel/torch/share
creating build/bdist.linux-ppc64le/wheel/torch/share/cmake
creating build/bdist.linux-ppc64le/wheel/torch/share/cmake/Torch
copying build/lib.linux-ppc64le-3.7/torch/share/cmake/Torch/TorchConfigVersion.cmake -> build/bdist.linux-ppc64le/wheel/torch/share/cmake/Torch
copying build/lib.linux-ppc64le-3.7/torch/share/cmake/Torch/TorchConfig.cmake -> build/bdist.linux-ppc64le/wheel/torch/share/cmake/Torch
creating build/bdist.linux-ppc64le/wheel/torch/share/cmake/ATen
copying build/lib.linux-ppc64le-3.7/torch/share/cmake/ATen/ATenConfig.cmake -> build/bdist.linux-ppc64le/wheel/torch/share/cmake/ATen
creating build/bdist.linux-ppc64le/wheel/torch/share/cmake/Caffe2
copying build/lib.linux-ppc64le-3.7/torch/share/cmake/Caffe2/Caffe2ConfigVersion.cmake -> build/bdist.linux-ppc64le/wheel/torch/share/cmake/Caffe2
copying build/lib.linux-ppc64le-3.7/torch/share/cmake/Caffe2/Caffe2Targets-release.cmake -> build/bdist.linux-ppc64le/wheel/torch/share/cmake/Caffe2
creating build/bdist.linux-ppc64le/wheel/torch/share/cmake/Caffe2/public
copying build/lib.linux-ppc64le-3.7/torch/share/cmake/Caffe2/public/gflags.cmake -> build/bdist.linux-ppc64le/wheel/torch/share/cmake/Caffe2/public
copying build/lib.linux-ppc64le-3.7/torch/share/cmake/Caffe2/public/threads.cmake -> build/bdist.linux-ppc64le/wheel/torch/share/cmake/Caffe2/public
copying build/lib.linux-ppc64le-3.7/torch/share/cmake/Caffe2/public/utils.cmake -> build/bdist.linux-ppc64le/wheel/torch/share/cmake/Caffe2/public
copying build/lib.linux-ppc64le-3.7/torch/share/cmake/Caffe2/public/glog.cmake -> build/bdist.linux-ppc64le/wheel/torch/share/cmake/Caffe2/public
copying build/lib.linux-ppc64le-3.7/torch/share/cmake/Caffe2/public/mkldnn.cmake -> build/bdist.linux-ppc64le/wheel/torch/share/cmake/Caffe2/public
copying build/lib.linux-ppc64le-3.7/torch/share/cmake/Caffe2/public/cuda.cmake -> build/bdist.linux-ppc64le/wheel/torch/share/cmake/Caffe2/public
copying build/lib.linux-ppc64le-3.7/torch/share/cmake/Caffe2/public/protobuf.cmake -> build/bdist.linux-ppc64le/wheel/torch/share/cmake/Caffe2/public
copying build/lib.linux-ppc64le-3.7/torch/share/cmake/Caffe2/public/mkl.cmake -> build/bdist.linux-ppc64le/wheel/torch/share/cmake/Caffe2/public
copying build/lib.linux-ppc64le-3.7/torch/share/cmake/Caffe2/Caffe2Targets.cmake -> build/bdist.linux-ppc64le/wheel/torch/share/cmake/Caffe2
creating build/bdist.linux-ppc64le/wheel/torch/share/cmake/Caffe2/Modules_CUDA_fix
copying build/lib.linux-ppc64le-3.7/torch/share/cmake/Caffe2/Modules_CUDA_fix/FindCUDA.cmake -> build/bdist.linux-ppc64le/wheel/torch/share/cmake/Caffe2/Modules_CUDA_fix
creating build/bdist.linux-ppc64le/wheel/torch/share/cmake/Caffe2/Modules_CUDA_fix/upstream
copying build/lib.linux-ppc64le-3.7/torch/share/cmake/Caffe2/Modules_CUDA_fix/upstream/FindPackageMessage.cmake -> build/bdist.linux-ppc64le/wheel/torch/share/cmake/Caffe2/Modules_CUDA_fix/upstream
copying build/lib.linux-ppc64le-3.7/torch/share/cmake/Caffe2/Modules_CUDA_fix/upstream/FindCUDA.cmake -> build/bdist.linux-ppc64le/wheel/torch/share/cmake/Caffe2/Modules_CUDA_fix/upstream
copying build/lib.linux-ppc64le-3.7/torch/share/cmake/Caffe2/Modules_CUDA_fix/upstream/FindPackageHandleStandardArgs.cmake -> build/bdist.linux-ppc64le/wheel/torch/share/cmake/Caffe2/Modules_CUDA_fix/upstream
copying build/lib.linux-ppc64le-3.7/torch/share/cmake/Caffe2/Modules_CUDA_fix/upstream/CMakeInitializeConfigs.cmake -> build/bdist.linux-ppc64le/wheel/torch/share/cmake/Caffe2/Modules_CUDA_fix/upstream
creating build/bdist.linux-ppc64le/wheel/torch/share/cmake/Caffe2/Modules_CUDA_fix/upstream/FindCUDA
copying build/lib.linux-ppc64le-3.7/torch/share/cmake/Caffe2/Modules_CUDA_fix/upstream/FindCUDA/select_compute_arch.cmake -> build/bdist.linux-ppc64le/wheel/torch/share/cmake/Caffe2/Modules_CUDA_fix/upstream/FindCUDA
copying build/lib.linux-ppc64le-3.7/torch/share/cmake/Caffe2/Modules_CUDA_fix/upstream/FindCUDA/make2cmake.cmake -> build/bdist.linux-ppc64le/wheel/torch/share/cmake/Caffe2/Modules_CUDA_fix/upstream/FindCUDA
copying build/lib.linux-ppc64le-3.7/torch/share/cmake/Caffe2/Modules_CUDA_fix/upstream/FindCUDA/run_nvcc.cmake -> build/bdist.linux-ppc64le/wheel/torch/share/cmake/Caffe2/Modules_CUDA_fix/upstream/FindCUDA
copying build/lib.linux-ppc64le-3.7/torch/share/cmake/Caffe2/Modules_CUDA_fix/upstream/FindCUDA/parse_cubin.cmake -> build/bdist.linux-ppc64le/wheel/torch/share/cmake/Caffe2/Modules_CUDA_fix/upstream/FindCUDA
copying build/lib.linux-ppc64le-3.7/torch/share/cmake/Caffe2/Modules_CUDA_fix/FindCUDNN.cmake -> build/bdist.linux-ppc64le/wheel/torch/share/cmake/Caffe2/Modules_CUDA_fix
copying build/lib.linux-ppc64le-3.7/torch/share/cmake/Caffe2/Caffe2Config.cmake -> build/bdist.linux-ppc64le/wheel/torch/share/cmake/Caffe2
creating build/bdist.linux-ppc64le/wheel/torch/share/cmake/Gloo
copying build/lib.linux-ppc64le-3.7/torch/share/cmake/Gloo/GlooTargets.cmake -> build/bdist.linux-ppc64le/wheel/torch/share/cmake/Gloo
copying build/lib.linux-ppc64le-3.7/torch/share/cmake/Gloo/GlooConfig.cmake -> build/bdist.linux-ppc64le/wheel/torch/share/cmake/Gloo
copying build/lib.linux-ppc64le-3.7/torch/share/cmake/Gloo/GlooTargets-release.cmake -> build/bdist.linux-ppc64le/wheel/torch/share/cmake/Gloo
copying build/lib.linux-ppc64le-3.7/torch/share/cmake/Gloo/GlooConfigVersion.cmake -> build/bdist.linux-ppc64le/wheel/torch/share/cmake/Gloo
copying build/lib.linux-ppc64le-3.7/torch/_utils_internal.py -> build/bdist.linux-ppc64le/wheel/torch
creating build/bdist.linux-ppc64le/wheel/torch/for_onnx
copying build/lib.linux-ppc64le-3.7/torch/for_onnx/__init__.py -> build/bdist.linux-ppc64le/wheel/torch/for_onnx
creating build/bdist.linux-ppc64le/wheel/torch/sparse
copying build/lib.linux-ppc64le-3.7/torch/sparse/__init__.py -> build/bdist.linux-ppc64le/wheel/torch/sparse
copying build/lib.linux-ppc64le-3.7/torch/quasirandom.py -> build/bdist.linux-ppc64le/wheel/torch
copying build/lib.linux-ppc64le-3.7/torch/storage.py -> build/bdist.linux-ppc64le/wheel/torch
copying build/lib.linux-ppc64le-3.7/torch/_lowrank.py -> build/bdist.linux-ppc64le/wheel/torch
copying build/lib.linux-ppc64le-3.7/torch/functional.py -> build/bdist.linux-ppc64le/wheel/torch
creating build/bdist.linux-ppc64le/wheel/torch/distributed
creating build/bdist.linux-ppc64le/wheel/torch/distributed/optim
copying build/lib.linux-ppc64le-3.7/torch/distributed/optim/__init__.py -> build/bdist.linux-ppc64le/wheel/torch/distributed/optim
copying build/lib.linux-ppc64le-3.7/torch/distributed/optim/optimizer.py -> build/bdist.linux-ppc64le/wheel/torch/distributed/optim
copying build/lib.linux-ppc64le-3.7/torch/distributed/rendezvous.py -> build/bdist.linux-ppc64le/wheel/torch/distributed
creating build/bdist.linux-ppc64le/wheel/torch/distributed/autograd
copying build/lib.linux-ppc64le-3.7/torch/distributed/autograd/__init__.py -> build/bdist.linux-ppc64le/wheel/torch/distributed/autograd
copying build/lib.linux-ppc64le-3.7/torch/distributed/launch.py -> build/bdist.linux-ppc64le/wheel/torch/distributed
creating build/bdist.linux-ppc64le/wheel/torch/distributed/nn
copying build/lib.linux-ppc64le-3.7/torch/distributed/nn/__init__.py -> build/bdist.linux-ppc64le/wheel/torch/distributed/nn
creating build/bdist.linux-ppc64le/wheel/torch/distributed/nn/jit
copying build/lib.linux-ppc64le-3.7/torch/distributed/nn/jit/instantiator.py -> build/bdist.linux-ppc64le/wheel/torch/distributed/nn/jit
creating build/bdist.linux-ppc64le/wheel/torch/distributed/nn/jit/templates
copying build/lib.linux-ppc64le-3.7/torch/distributed/nn/jit/templates/__init__.py -> build/bdist.linux-ppc64le/wheel/torch/distributed/nn/jit/templates
copying build/lib.linux-ppc64le-3.7/torch/distributed/nn/jit/templates/remote_module_template.py -> build/bdist.linux-ppc64le/wheel/torch/distributed/nn/jit/templates
copying build/lib.linux-ppc64le-3.7/torch/distributed/nn/jit/__init__.py -> build/bdist.linux-ppc64le/wheel/torch/distributed/nn/jit
creating build/bdist.linux-ppc64le/wheel/torch/distributed/nn/api
copying build/lib.linux-ppc64le-3.7/torch/distributed/nn/api/remote_module.py -> build/bdist.linux-ppc64le/wheel/torch/distributed/nn/api
copying build/lib.linux-ppc64le-3.7/torch/distributed/nn/api/__init__.py -> build/bdist.linux-ppc64le/wheel/torch/distributed/nn/api
copying build/lib.linux-ppc64le-3.7/torch/distributed/__init__.py -> build/bdist.linux-ppc64le/wheel/torch/distributed
copying build/lib.linux-ppc64le-3.7/torch/distributed/constants.py -> build/bdist.linux-ppc64le/wheel/torch/distributed
copying build/lib.linux-ppc64le-3.7/torch/distributed/distributed_c10d.py -> build/bdist.linux-ppc64le/wheel/torch/distributed
creating build/bdist.linux-ppc64le/wheel/torch/distributed/rpc
copying build/lib.linux-ppc64le-3.7/torch/distributed/rpc/backend_registry.py -> build/bdist.linux-ppc64le/wheel/torch/distributed/rpc
copying build/lib.linux-ppc64le-3.7/torch/distributed/rpc/internal.py -> build/bdist.linux-ppc64le/wheel/torch/distributed/rpc
copying build/lib.linux-ppc64le-3.7/torch/distributed/rpc/rref_proxy.py -> build/bdist.linux-ppc64le/wheel/torch/distributed/rpc
copying build/lib.linux-ppc64le-3.7/torch/distributed/rpc/__init__.py -> build/bdist.linux-ppc64le/wheel/torch/distributed/rpc
copying build/lib.linux-ppc64le-3.7/torch/distributed/rpc/server_process_global_profiler.py -> build/bdist.linux-ppc64le/wheel/torch/distributed/rpc
copying build/lib.linux-ppc64le-3.7/torch/distributed/rpc/constants.py -> build/bdist.linux-ppc64le/wheel/torch/distributed/rpc
copying build/lib.linux-ppc64le-3.7/torch/distributed/rpc/api.py -> build/bdist.linux-ppc64le/wheel/torch/distributed/rpc
copying build/lib.linux-ppc64le-3.7/torch/distributed/rpc/functions.py -> build/bdist.linux-ppc64le/wheel/torch/distributed/rpc
creating build/bdist.linux-ppc64le/wheel/torch/distributed/rpc/_testing
copying build/lib.linux-ppc64le-3.7/torch/distributed/rpc/_testing/faulty_agent_backend_registry.py -> build/bdist.linux-ppc64le/wheel/torch/distributed/rpc/_testing
copying build/lib.linux-ppc64le-3.7/torch/distributed/rpc/_testing/__init__.py -> build/bdist.linux-ppc64le/wheel/torch/distributed/rpc/_testing
creating build/bdist.linux-ppc64le/wheel/caffe2
creating build/bdist.linux-ppc64le/wheel/caffe2/core
copying build/lib.linux-ppc64le-3.7/caffe2/core/__init__.py -> build/bdist.linux-ppc64le/wheel/caffe2/core
creating build/bdist.linux-ppc64le/wheel/caffe2/core/nomnigraph
copying build/lib.linux-ppc64le-3.7/caffe2/core/nomnigraph/__init__.py -> build/bdist.linux-ppc64le/wheel/caffe2/core/nomnigraph
copying build/lib.linux-ppc64le-3.7/caffe2/core/nomnigraph/op_gen.py -> build/bdist.linux-ppc64le/wheel/caffe2/core/nomnigraph
creating build/bdist.linux-ppc64le/wheel/caffe2/proto
copying build/lib.linux-ppc64le-3.7/caffe2/proto/metanet_pb2.py -> build/bdist.linux-ppc64le/wheel/caffe2/proto
copying build/lib.linux-ppc64le-3.7/caffe2/proto/torch_pb2.py -> build/bdist.linux-ppc64le/wheel/caffe2/proto
copying build/lib.linux-ppc64le-3.7/caffe2/proto/predictor_consts_pb2.py -> build/bdist.linux-ppc64le/wheel/caffe2/proto
copying build/lib.linux-ppc64le-3.7/caffe2/proto/caffe2_pb2.py -> build/bdist.linux-ppc64le/wheel/caffe2/proto
copying build/lib.linux-ppc64le-3.7/caffe2/proto/__init__.py -> build/bdist.linux-ppc64le/wheel/caffe2/proto
copying build/lib.linux-ppc64le-3.7/caffe2/proto/caffe2_legacy_pb2.py -> build/bdist.linux-ppc64le/wheel/caffe2/proto
copying build/lib.linux-ppc64le-3.7/caffe2/proto/hsm_pb2.py -> build/bdist.linux-ppc64le/wheel/caffe2/proto
copying build/lib.linux-ppc64le-3.7/caffe2/proto/prof_dag_pb2.py -> build/bdist.linux-ppc64le/wheel/caffe2/proto
creating build/bdist.linux-ppc64le/wheel/caffe2/contrib
creating build/bdist.linux-ppc64le/wheel/caffe2/contrib/script
copying build/lib.linux-ppc64le-3.7/caffe2/contrib/script/__init__.py -> build/bdist.linux-ppc64le/wheel/caffe2/contrib/script
creating build/bdist.linux-ppc64le/wheel/caffe2/contrib/script/examples
copying build/lib.linux-ppc64le-3.7/caffe2/contrib/script/examples/__init__.py -> build/bdist.linux-ppc64le/wheel/caffe2/contrib/script/examples
creating build/bdist.linux-ppc64le/wheel/caffe2/contrib/prof
copying build/lib.linux-ppc64le-3.7/caffe2/contrib/prof/cuda_profile_ops_test.py -> build/bdist.linux-ppc64le/wheel/caffe2/contrib/prof
copying build/lib.linux-ppc64le-3.7/caffe2/contrib/prof/__init__.py -> build/bdist.linux-ppc64le/wheel/caffe2/contrib/prof
creating build/bdist.linux-ppc64le/wheel/caffe2/contrib/aten
creating build/bdist.linux-ppc64le/wheel/caffe2/contrib/aten/docs
copying build/lib.linux-ppc64le-3.7/caffe2/contrib/aten/docs/__init__.py -> build/bdist.linux-ppc64le/wheel/caffe2/contrib/aten/docs
copying build/lib.linux-ppc64le-3.7/caffe2/contrib/aten/docs/sample.py -> build/bdist.linux-ppc64le/wheel/caffe2/contrib/aten/docs
copying build/lib.linux-ppc64le-3.7/caffe2/contrib/aten/aten_test.py -> build/bdist.linux-ppc64le/wheel/caffe2/contrib/aten
copying build/lib.linux-ppc64le-3.7/caffe2/contrib/aten/__init__.py -> build/bdist.linux-ppc64le/wheel/caffe2/contrib/aten
copying build/lib.linux-ppc64le-3.7/caffe2/contrib/aten/gen_op.py -> build/bdist.linux-ppc64le/wheel/caffe2/contrib/aten
creating build/bdist.linux-ppc64le/wheel/caffe2/contrib/playground
copying build/lib.linux-ppc64le-3.7/caffe2/contrib/playground/AnyExp.py -> build/bdist.linux-ppc64le/wheel/caffe2/contrib/playground
copying build/lib.linux-ppc64le-3.7/caffe2/contrib/playground/ModuleRegister.py -> build/bdist.linux-ppc64le/wheel/caffe2/contrib/playground
creating build/bdist.linux-ppc64le/wheel/caffe2/contrib/playground/resnetdemo
copying build/lib.linux-ppc64le-3.7/caffe2/contrib/playground/resnetdemo/caffe2_resnet50_default_forward.py -> build/bdist.linux-ppc64le/wheel/caffe2/contrib/playground/resnetdemo
copying build/lib.linux-ppc64le-3.7/caffe2/contrib/playground/resnetdemo/IN1k_resnet_no_test_model.py -> build/bdist.linux-ppc64le/wheel/caffe2/contrib/playground/resnetdemo
copying build/lib.linux-ppc64le-3.7/caffe2/contrib/playground/resnetdemo/explicit_resnet_forward.py -> build/bdist.linux-ppc64le/wheel/caffe2/contrib/playground/resnetdemo
copying build/lib.linux-ppc64le-3.7/caffe2/contrib/playground/resnetdemo/explicit_resnet_param_update.py -> build/bdist.linux-ppc64le/wheel/caffe2/contrib/playground/resnetdemo
copying build/lib.linux-ppc64le-3.7/caffe2/contrib/playground/resnetdemo/override_no_test_model_no_checkpoint.py -> build/bdist.linux-ppc64le/wheel/caffe2/contrib/playground/resnetdemo
copying build/lib.linux-ppc64le-3.7/caffe2/contrib/playground/resnetdemo/__init__.py -> build/bdist.linux-ppc64le/wheel/caffe2/contrib/playground/resnetdemo
copying build/lib.linux-ppc64le-3.7/caffe2/contrib/playground/resnetdemo/gfs_IN1k.py -> build/bdist.linux-ppc64le/wheel/caffe2/contrib/playground/resnetdemo
copying build/lib.linux-ppc64le-3.7/caffe2/contrib/playground/resnetdemo/IN1k_resnet.py -> build/bdist.linux-ppc64le/wheel/caffe2/contrib/playground/resnetdemo
copying build/lib.linux-ppc64le-3.7/caffe2/contrib/playground/resnetdemo/rendezvous_filestore.py -> build/bdist.linux-ppc64le/wheel/caffe2/contrib/playground/resnetdemo
copying build/lib.linux-ppc64le-3.7/caffe2/contrib/playground/resnetdemo/caffe2_resnet50_default_param_update.py -> build/bdist.linux-ppc64le/wheel/caffe2/contrib/playground/resnetdemo
copying build/lib.linux-ppc64le-3.7/caffe2/contrib/playground/meter.py -> build/bdist.linux-ppc64le/wheel/caffe2/contrib/playground
copying build/lib.linux-ppc64le-3.7/caffe2/contrib/playground/compute_topk_accuracy.py -> build/bdist.linux-ppc64le/wheel/caffe2/contrib/playground
copying build/lib.linux-ppc64le-3.7/caffe2/contrib/playground/__init__.py -> build/bdist.linux-ppc64le/wheel/caffe2/contrib/playground
copying build/lib.linux-ppc64le-3.7/caffe2/contrib/playground/checkpoint.py -> build/bdist.linux-ppc64le/wheel/caffe2/contrib/playground
copying build/lib.linux-ppc64le-3.7/caffe2/contrib/playground/output_generator.py -> build/bdist.linux-ppc64le/wheel/caffe2/contrib/playground
copying build/lib.linux-ppc64le-3.7/caffe2/contrib/playground/AnyExpOnTerm.py -> build/bdist.linux-ppc64le/wheel/caffe2/contrib/playground
copying build/lib.linux-ppc64le-3.7/caffe2/contrib/playground/module_map.py -> build/bdist.linux-ppc64le/wheel/caffe2/contrib/playground
copying build/lib.linux-ppc64le-3.7/caffe2/contrib/playground/compute_loss.py -> build/bdist.linux-ppc64le/wheel/caffe2/contrib/playground
copying build/lib.linux-ppc64le-3.7/caffe2/contrib/__init__.py -> build/bdist.linux-ppc64le/wheel/caffe2/contrib
creating build/bdist.linux-ppc64le/wheel/caffe2/contrib/tensorboard
copying build/lib.linux-ppc64le-3.7/caffe2/contrib/tensorboard/__init__.py -> build/bdist.linux-ppc64le/wheel/caffe2/contrib/tensorboard
copying build/lib.linux-ppc64le-3.7/caffe2/contrib/tensorboard/tensorboard_exporter.py -> build/bdist.linux-ppc64le/wheel/caffe2/contrib/tensorboard
copying build/lib.linux-ppc64le-3.7/caffe2/contrib/tensorboard/tensorboard_exporter_test.py -> build/bdist.linux-ppc64le/wheel/caffe2/contrib/tensorboard
copying build/lib.linux-ppc64le-3.7/caffe2/contrib/tensorboard/tensorboard.py -> build/bdist.linux-ppc64le/wheel/caffe2/contrib/tensorboard
copying build/lib.linux-ppc64le-3.7/caffe2/contrib/tensorboard/tensorboard_test.py -> build/bdist.linux-ppc64le/wheel/caffe2/contrib/tensorboard
creating build/bdist.linux-ppc64le/wheel/caffe2/contrib/warpctc
copying build/lib.linux-ppc64le-3.7/caffe2/contrib/warpctc/ctc_ops_test.py -> build/bdist.linux-ppc64le/wheel/caffe2/contrib/warpctc
copying build/lib.linux-ppc64le-3.7/caffe2/contrib/warpctc/__init__.py -> build/bdist.linux-ppc64le/wheel/caffe2/contrib/warpctc
creating build/bdist.linux-ppc64le/wheel/caffe2/contrib/gloo
copying build/lib.linux-ppc64le-3.7/caffe2/contrib/gloo/__init__.py -> build/bdist.linux-ppc64le/wheel/caffe2/contrib/gloo
copying build/lib.linux-ppc64le-3.7/caffe2/contrib/gloo/gloo_test.py -> build/bdist.linux-ppc64le/wheel/caffe2/contrib/gloo
creating build/bdist.linux-ppc64le/wheel/caffe2/contrib/nnpack
copying build/lib.linux-ppc64le-3.7/caffe2/contrib/nnpack/__init__.py -> build/bdist.linux-ppc64le/wheel/caffe2/contrib/nnpack
copying build/lib.linux-ppc64le-3.7/caffe2/contrib/nnpack/nnpack_ops_test.py -> build/bdist.linux-ppc64le/wheel/caffe2/contrib/nnpack
creating build/bdist.linux-ppc64le/wheel/caffe2/contrib/nccl
copying build/lib.linux-ppc64le-3.7/caffe2/contrib/nccl/__init__.py -> build/bdist.linux-ppc64le/wheel/caffe2/contrib/nccl
copying build/lib.linux-ppc64le-3.7/caffe2/contrib/nccl/nccl_ops_test.py -> build/bdist.linux-ppc64le/wheel/caffe2/contrib/nccl
creating build/bdist.linux-ppc64le/wheel/caffe2/python
copying build/lib.linux-ppc64le-3.7/caffe2/python/dyndep.py -> build/bdist.linux-ppc64le/wheel/caffe2/python
copying build/lib.linux-ppc64le-3.7/caffe2/python/workspace.py -> build/bdist.linux-ppc64le/wheel/caffe2/python
copying build/lib.linux-ppc64le-3.7/caffe2/python/regularizer.py -> build/bdist.linux-ppc64le/wheel/caffe2/python
copying build/lib.linux-ppc64le-3.7/caffe2/python/cached_reader.py -> build/bdist.linux-ppc64le/wheel/caffe2/python
copying build/lib.linux-ppc64le-3.7/caffe2/python/control_test.py -> build/bdist.linux-ppc64le/wheel/caffe2/python
copying build/lib.linux-ppc64le-3.7/caffe2/python/data_parallel_model_test.py -> build/bdist.linux-ppc64le/wheel/caffe2/python
creating build/bdist.linux-ppc64le/wheel/caffe2/python/ideep
copying build/lib.linux-ppc64le-3.7/caffe2/python/ideep/spatial_bn_op_test.py -> build/bdist.linux-ppc64le/wheel/caffe2/python/ideep
copying build/lib.linux-ppc64le-3.7/caffe2/python/ideep/sigmoid_op_test.py -> build/bdist.linux-ppc64le/wheel/caffe2/python/ideep
copying build/lib.linux-ppc64le-3.7/caffe2/python/ideep/relu_op_test.py -> build/bdist.linux-ppc64le/wheel/caffe2/python/ideep
copying build/lib.linux-ppc64le-3.7/caffe2/python/ideep/order_switch_op_test.py -> build/bdist.linux-ppc64le/wheel/caffe2/python/ideep
copying build/lib.linux-ppc64le-3.7/caffe2/python/ideep/shape_op_test.py -> build/bdist.linux-ppc64le/wheel/caffe2/python/ideep
copying build/lib.linux-ppc64le-3.7/caffe2/python/ideep/expanddims_squeeze_op_test.py -> build/bdist.linux-ppc64le/wheel/caffe2/python/ideep
copying build/lib.linux-ppc64le-3.7/caffe2/python/ideep/test_ideep_net.py -> build/bdist.linux-ppc64le/wheel/caffe2/python/ideep
copying build/lib.linux-ppc64le-3.7/caffe2/python/ideep/copy_op_test.py -> build/bdist.linux-ppc64le/wheel/caffe2/python/ideep
copying build/lib.linux-ppc64le-3.7/caffe2/python/ideep/blobs_queue_db_test.py -> build/bdist.linux-ppc64le/wheel/caffe2/python/ideep
copying build/lib.linux-ppc64le-3.7/caffe2/python/ideep/concat_split_op_test.py -> build/bdist.linux-ppc64le/wheel/caffe2/python/ideep
copying build/lib.linux-ppc64le-3.7/caffe2/python/ideep/__init__.py -> build/bdist.linux-ppc64le/wheel/caffe2/python/ideep
copying build/lib.linux-ppc64le-3.7/caffe2/python/ideep/moment_sgd_op_test.py -> build/bdist.linux-ppc64le/wheel/caffe2/python/ideep
copying build/lib.linux-ppc64le-3.7/caffe2/python/ideep/fc_op_test.py -> build/bdist.linux-ppc64le/wheel/caffe2/python/ideep
copying build/lib.linux-ppc64le-3.7/caffe2/python/ideep/channel_shuffle_op_test.py -> build/bdist.linux-ppc64le/wheel/caffe2/python/ideep
copying build/lib.linux-ppc64le-3.7/caffe2/python/ideep/leaky_relu_op_test.py -> build/bdist.linux-ppc64le/wheel/caffe2/python/ideep
copying build/lib.linux-ppc64le-3.7/caffe2/python/ideep/LRN_op_test.py -> build/bdist.linux-ppc64le/wheel/caffe2/python/ideep
copying build/lib.linux-ppc64le-3.7/caffe2/python/ideep/softmax_op_test.py -> build/bdist.linux-ppc64le/wheel/caffe2/python/ideep
copying build/lib.linux-ppc64le-3.7/caffe2/python/ideep/transpose_op_test.py -> build/bdist.linux-ppc64le/wheel/caffe2/python/ideep
copying build/lib.linux-ppc64le-3.7/caffe2/python/ideep/conv_transpose_test.py -> build/bdist.linux-ppc64le/wheel/caffe2/python/ideep
copying build/lib.linux-ppc64le-3.7/caffe2/python/ideep/pre_convert_test.py -> build/bdist.linux-ppc64le/wheel/caffe2/python/ideep
copying build/lib.linux-ppc64le-3.7/caffe2/python/ideep/pool_op_test.py -> build/bdist.linux-ppc64le/wheel/caffe2/python/ideep
copying build/lib.linux-ppc64le-3.7/caffe2/python/ideep/convfusion_op_test.py -> build/bdist.linux-ppc64le/wheel/caffe2/python/ideep
copying build/lib.linux-ppc64le-3.7/caffe2/python/ideep/operator_fallback_op_test.py -> build/bdist.linux-ppc64le/wheel/caffe2/python/ideep
copying build/lib.linux-ppc64le-3.7/caffe2/python/ideep/weightedsum_op_test.py -> build/bdist.linux-ppc64le/wheel/caffe2/python/ideep
copying build/lib.linux-ppc64le-3.7/caffe2/python/ideep/adam_op_test.py -> build/bdist.linux-ppc64le/wheel/caffe2/python/ideep
copying build/lib.linux-ppc64le-3.7/caffe2/python/ideep/transform_ideep_net.py -> build/bdist.linux-ppc64le/wheel/caffe2/python/ideep
copying build/lib.linux-ppc64le-3.7/caffe2/python/ideep/reshape_op_test.py -> build/bdist.linux-ppc64le/wheel/caffe2/python/ideep
copying build/lib.linux-ppc64le-3.7/caffe2/python/ideep/conv_op_test.py -> build/bdist.linux-ppc64le/wheel/caffe2/python/ideep
copying build/lib.linux-ppc64le-3.7/caffe2/python/ideep/dropout_op_test.py -> build/bdist.linux-ppc64le/wheel/caffe2/python/ideep
copying build/lib.linux-ppc64le-3.7/caffe2/python/ideep/elementwise_sum_op_test.py -> build/bdist.linux-ppc64le/wheel/caffe2/python/ideep
copying build/lib.linux-ppc64le-3.7/caffe2/python/record_queue.py -> build/bdist.linux-ppc64le/wheel/caffe2/python
copying build/lib.linux-ppc64le-3.7/caffe2/python/session_test.py -> build/bdist.linux-ppc64le/wheel/caffe2/python
copying build/lib.linux-ppc64le-3.7/caffe2/python/optimizer_test.py -> build/bdist.linux-ppc64le/wheel/caffe2/python
copying build/lib.linux-ppc64le-3.7/caffe2/python/filler_test.py -> build/bdist.linux-ppc64le/wheel/caffe2/python
copying build/lib.linux-ppc64le-3.7/caffe2/python/pipeline.py -> build/bdist.linux-ppc64le/wheel/caffe2/python
creating build/bdist.linux-ppc64le/wheel/caffe2/python/docs
copying build/lib.linux-ppc64le-3.7/caffe2/python/docs/github.py -> build/bdist.linux-ppc64le/wheel/caffe2/python/docs
copying build/lib.linux-ppc64le-3.7/caffe2/python/docs/generator.py -> build/bdist.linux-ppc64le/wheel/caffe2/python/docs
copying build/lib.linux-ppc64le-3.7/caffe2/python/docs/parser.py -> build/bdist.linux-ppc64le/wheel/caffe2/python/docs
copying build/lib.linux-ppc64le-3.7/caffe2/python/docs/formatter.py -> build/bdist.linux-ppc64le/wheel/caffe2/python/docs
copying build/lib.linux-ppc64le-3.7/caffe2/python/docs/__init__.py -> build/bdist.linux-ppc64le/wheel/caffe2/python/docs
copying build/lib.linux-ppc64le-3.7/caffe2/python/caffe_translator_test.py -> build/bdist.linux-ppc64le/wheel/caffe2/python
copying build/lib.linux-ppc64le-3.7/caffe2/python/db_file_reader.py -> build/bdist.linux-ppc64le/wheel/caffe2/python
copying build/lib.linux-ppc64le-3.7/caffe2/python/functional_test.py -> build/bdist.linux-ppc64le/wheel/caffe2/python
copying build/lib.linux-ppc64le-3.7/caffe2/python/device_checker.py -> build/bdist.linux-ppc64le/wheel/caffe2/python
copying build/lib.linux-ppc64le-3.7/caffe2/python/experiment_util.py -> build/bdist.linux-ppc64le/wheel/caffe2/python
copying build/lib.linux-ppc64le-3.7/caffe2/python/checkpoint_test.py -> build/bdist.linux-ppc64le/wheel/caffe2/python
copying build/lib.linux-ppc64le-3.7/caffe2/python/caffe_translator.py -> build/bdist.linux-ppc64le/wheel/caffe2/python
copying build/lib.linux-ppc64le-3.7/caffe2/python/control_ops_grad.py -> build/bdist.linux-ppc64le/wheel/caffe2/python
copying build/lib.linux-ppc64le-3.7/caffe2/python/task.py -> build/bdist.linux-ppc64le/wheel/caffe2/python
copying build/lib.linux-ppc64le-3.7/caffe2/python/nomnigraph.py -> build/bdist.linux-ppc64le/wheel/caffe2/python
copying build/lib.linux-ppc64le-3.7/caffe2/python/lazy.py -> build/bdist.linux-ppc64le/wheel/caffe2/python
copying build/lib.linux-ppc64le-3.7/caffe2/python/visualize.py -> build/bdist.linux-ppc64le/wheel/caffe2/python
copying build/lib.linux-ppc64le-3.7/caffe2/python/parallel_workers_test.py -> build/bdist.linux-ppc64le/wheel/caffe2/python
copying build/lib.linux-ppc64le-3.7/caffe2/python/layer_parameter_sharing_test.py -> build/bdist.linux-ppc64le/wheel/caffe2/python
creating build/bdist.linux-ppc64le/wheel/caffe2/python/serialized_test
copying build/lib.linux-ppc64le-3.7/caffe2/python/serialized_test/serialized_test_util.py -> build/bdist.linux-ppc64le/wheel/caffe2/python/serialized_test
copying build/lib.linux-ppc64le-3.7/caffe2/python/serialized_test/coverage.py -> build/bdist.linux-ppc64le/wheel/caffe2/python/serialized_test
copying build/lib.linux-ppc64le-3.7/caffe2/python/serialized_test/__init__.py -> build/bdist.linux-ppc64le/wheel/caffe2/python/serialized_test
creating build/bdist.linux-ppc64le/wheel/caffe2/python/serialized_test/data
creating build/bdist.linux-ppc64le/wheel/caffe2/python/serialized_test/data/operator_test
copying build/lib.linux-ppc64le-3.7/caffe2/python/serialized_test/data/operator_test/unique_ops_test.test_unique_op.zip -> build/bdist.linux-ppc64le/wheel/caffe2/python/serialized_test/data/operator_test
copying build/lib.linux-ppc64le-3.7/caffe2/python/serialized_test/data/operator_test/reduce_ops_test.test_reduce_mean.zip -> build/bdist.linux-ppc64le/wheel/caffe2/python/serialized_test/data/operator_test
copying build/lib.linux-ppc64le-3.7/caffe2/python/serialized_test/data/operator_test/margin_ranking_criterion_op_test.test_margin_ranking_criterion.zip -> build/bdist.linux-ppc64le/wheel/caffe2/python/serialized_test/data/operator_test
copying build/lib.linux-ppc64le-3.7/caffe2/python/serialized_test/data/operator_test/utility_ops_test.test_sum.zip -> build/bdist.linux-ppc64le/wheel/caffe2/python/serialized_test/data/operator_test
copying build/lib.linux-ppc64le-3.7/caffe2/python/serialized_test/data/operator_test/selu_op_test.test_selu_1.zip -> build/bdist.linux-ppc64le/wheel/caffe2/python/serialized_test/data/operator_test
copying build/lib.linux-ppc64le-3.7/caffe2/python/serialized_test/data/operator_test/elementwise_logical_ops_test.test_where.zip -> build/bdist.linux-ppc64le/wheel/caffe2/python/serialized_test/data/operator_test
copying build/lib.linux-ppc64le-3.7/caffe2/python/serialized_test/data/operator_test/gather_ops_test.test_gather_ops.zip -> build/bdist.linux-ppc64le/wheel/caffe2/python/serialized_test/data/operator_test
copying build/lib.linux-ppc64le-3.7/caffe2/python/serialized_test/data/operator_test/reduction_ops_test.test_elementwise_sum.zip -> build/bdist.linux-ppc64le/wheel/caffe2/python/serialized_test/data/operator_test
copying build/lib.linux-ppc64le-3.7/caffe2/python/serialized_test/data/operator_test/sparse_ops_test.testScatterWeightedSum.zip -> build/bdist.linux-ppc64le/wheel/caffe2/python/serialized_test/data/operator_test
copying build/lib.linux-ppc64le-3.7/caffe2/python/serialized_test/data/operator_test/activation_ops_test.test_relu_n.zip -> build/bdist.linux-ppc64le/wheel/caffe2/python/serialized_test/data/operator_test
copying build/lib.linux-ppc64le-3.7/caffe2/python/serialized_test/data/operator_test/reduce_ops_test.test_reduce_back_max.zip -> build/bdist.linux-ppc64le/wheel/caffe2/python/serialized_test/data/operator_test
copying build/lib.linux-ppc64le-3.7/caffe2/python/serialized_test/data/operator_test/upsample_op_test.test_upsample.zip -> build/bdist.linux-ppc64le/wheel/caffe2/python/serialized_test/data/operator_test
copying build/lib.linux-ppc64le-3.7/caffe2/python/serialized_test/data/operator_test/adagrad_test.test_adagrad.zip -> build/bdist.linux-ppc64le/wheel/caffe2/python/serialized_test/data/operator_test
copying build/lib.linux-ppc64le-3.7/caffe2/python/serialized_test/data/operator_test/mean_op_test.test_mean.zip -> build/bdist.linux-ppc64le/wheel/caffe2/python/serialized_test/data/operator_test
copying build/lib.linux-ppc64le-3.7/caffe2/python/serialized_test/data/operator_test/elementwise_logical_ops_test.test_is_member_of.zip -> build/bdist.linux-ppc64le/wheel/caffe2/python/serialized_test/data/operator_test
copying build/lib.linux-ppc64le-3.7/caffe2/python/serialized_test/data/operator_test/lengths_pad_op_test.test_lengths_pad.zip -> build/bdist.linux-ppc64le/wheel/caffe2/python/serialized_test/data/operator_test
copying build/lib.linux-ppc64le-3.7/caffe2/python/serialized_test/data/operator_test/trigonometric_op_test.test_asin.zip -> build/bdist.linux-ppc64le/wheel/caffe2/python/serialized_test/data/operator_test
copying build/lib.linux-ppc64le-3.7/caffe2/python/serialized_test/data/operator_test/sinusoid_position_encoding_op_test.test_sinusoid_embedding.zip -> build/bdist.linux-ppc64le/wheel/caffe2/python/serialized_test/data/operator_test
copying build/lib.linux-ppc64le-3.7/caffe2/python/serialized_test/data/operator_test/upsample_op_test.test_upsample_grad.zip -> build/bdist.linux-ppc64le/wheel/caffe2/python/serialized_test/data/operator_test
copying build/lib.linux-ppc64le-3.7/caffe2/python/serialized_test/data/operator_test/utility_ops_test.test_elementwise_min.zip -> build/bdist.linux-ppc64le/wheel/caffe2/python/serialized_test/data/operator_test
copying build/lib.linux-ppc64le-3.7/caffe2/python/serialized_test/data/operator_test/utility_ops_test.test_lengths_gather.zip -> build/bdist.linux-ppc64le/wheel/caffe2/python/serialized_test/data/operator_test
copying build/lib.linux-ppc64le-3.7/caffe2/python/serialized_test/data/operator_test/wngrad_test.test_wngrad_dense_base.zip -> build/bdist.linux-ppc64le/wheel/caffe2/python/serialized_test/data/operator_test
copying build/lib.linux-ppc64le-3.7/caffe2/python/serialized_test/data/operator_test/activation_ops_test.test_relu.zip -> build/bdist.linux-ppc64le/wheel/caffe2/python/serialized_test/data/operator_test
copying build/lib.linux-ppc64le-3.7/caffe2/python/serialized_test/data/operator_test/utility_ops_test.test_elementwise_min_grad.zip -> build/bdist.linux-ppc64le/wheel/caffe2/python/serialized_test/data/operator_test
copying build/lib.linux-ppc64le-3.7/caffe2/python/serialized_test/data/operator_test/piecewise_linear_transform_test.test_multi_predictions_params_from_arg.zip -> build/bdist.linux-ppc64le/wheel/caffe2/python/serialized_test/data/operator_test
copying build/lib.linux-ppc64le-3.7/caffe2/python/serialized_test/data/operator_test/utility_ops_test.test_elementwise_max.zip -> build/bdist.linux-ppc64le/wheel/caffe2/python/serialized_test/data/operator_test
copying build/lib.linux-ppc64le-3.7/caffe2/python/serialized_test/data/operator_test/hyperbolic_ops_test.test_cosh.zip -> build/bdist.linux-ppc64le/wheel/caffe2/python/serialized_test/data/operator_test
copying build/lib.linux-ppc64le-3.7/caffe2/python/serialized_test/data/operator_test/learning_rate_adaption_op_test.test_learning_rate_adaption_op_normalization.zip -> build/bdist.linux-ppc64le/wheel/caffe2/python/serialized_test/data/operator_test
copying build/lib.linux-ppc64le-3.7/caffe2/python/serialized_test/data/operator_test/collect_and_distribute_fpn_rpn_proposals_op_test.test_collect_and_dist.zip -> build/bdist.linux-ppc64le/wheel/caffe2/python/serialized_test/data/operator_test
copying build/lib.linux-ppc64le-3.7/caffe2/python/serialized_test/data/operator_test/sequence_ops_test.test_reverse_packed_segs.zip -> build/bdist.linux-ppc64le/wheel/caffe2/python/serialized_test/data/operator_test
copying build/lib.linux-ppc64le-3.7/caffe2/python/serialized_test/data/operator_test/gather_ranges_op_test.test_gather_ranges.zip -> build/bdist.linux-ppc64le/wheel/caffe2/python/serialized_test/data/operator_test
copying build/lib.linux-ppc64le-3.7/caffe2/python/serialized_test/data/operator_test/one_hot_ops_test.test_batch_bucketized_one_hot.zip -> build/bdist.linux-ppc64le/wheel/caffe2/python/serialized_test/data/operator_test
copying build/lib.linux-ppc64le-3.7/caffe2/python/serialized_test/data/operator_test/thresholded_relu_op_test.test_thresholded_relu_1.zip -> build/bdist.linux-ppc64le/wheel/caffe2/python/serialized_test/data/operator_test
copying build/lib.linux-ppc64le-3.7/caffe2/python/serialized_test/data/operator_test/sequence_ops_test.test_remove_data_blocks.zip -> build/bdist.linux-ppc64le/wheel/caffe2/python/serialized_test/data/operator_test
copying build/lib.linux-ppc64le-3.7/caffe2/python/serialized_test/data/operator_test/pack_ops_test.test_pack_with_max_length_ops.zip -> build/bdist.linux-ppc64le/wheel/caffe2/python/serialized_test/data/operator_test
copying build/lib.linux-ppc64le-3.7/caffe2/python/serialized_test/data/operator_test/one_hot_ops_test.test_one_hot.zip -> build/bdist.linux-ppc64le/wheel/caffe2/python/serialized_test/data/operator_test
copying build/lib.linux-ppc64le-3.7/caffe2/python/serialized_test/data/operator_test/find_op_test.test_find.zip -> build/bdist.linux-ppc64le/wheel/caffe2/python/serialized_test/data/operator_test
copying build/lib.linux-ppc64le-3.7/caffe2/python/serialized_test/data/operator_test/erf_op_test.test_erf.zip -> build/bdist.linux-ppc64le/wheel/caffe2/python/serialized_test/data/operator_test
copying build/lib.linux-ppc64le-3.7/caffe2/python/serialized_test/data/operator_test/numpy_tile_op_test.test_numpy_tile.zip -> build/bdist.linux-ppc64le/wheel/caffe2/python/serialized_test/data/operator_test
copying build/lib.linux-ppc64le-3.7/caffe2/python/serialized_test/data/operator_test/sequence_ops_test.test_add_padding.zip -> build/bdist.linux-ppc64le/wheel/caffe2/python/serialized_test/data/operator_test
copying build/lib.linux-ppc64le-3.7/caffe2/python/serialized_test/data/operator_test/reduce_ops_test.test_reduce_min.zip -> build/bdist.linux-ppc64le/wheel/caffe2/python/serialized_test/data/operator_test
copying build/lib.linux-ppc64le-3.7/caffe2/python/serialized_test/data/operator_test/string_ops_test.test_string_ends_with.zip -> build/bdist.linux-ppc64le/wheel/caffe2/python/serialized_test/data/operator_test
copying build/lib.linux-ppc64le-3.7/caffe2/python/serialized_test/data/operator_test/reduction_ops_test.test_elementwise_int_sum.zip -> build/bdist.linux-ppc64le/wheel/caffe2/python/serialized_test/data/operator_test
copying build/lib.linux-ppc64le-3.7/caffe2/python/serialized_test/data/operator_test/adadelta_test.test_adadelta.zip -> build/bdist.linux-ppc64le/wheel/caffe2/python/serialized_test/data/operator_test
copying build/lib.linux-ppc64le-3.7/caffe2/python/serialized_test/data/operator_test/filler_ops_test.test_lengths_range_fill.zip -> build/bdist.linux-ppc64le/wheel/caffe2/python/serialized_test/data/operator_test
copying build/lib.linux-ppc64le-3.7/caffe2/python/serialized_test/data/operator_test/batch_box_cox_test.test_batch_box_cox.zip -> build/bdist.linux-ppc64le/wheel/caffe2/python/serialized_test/data/operator_test
copying build/lib.linux-ppc64le-3.7/caffe2/python/serialized_test/data/operator_test/concat_split_op_test.test_concat.zip -> build/bdist.linux-ppc64le/wheel/caffe2/python/serialized_test/data/operator_test
copying build/lib.linux-ppc64le-3.7/caffe2/python/serialized_test/data/operator_test/affine_channel_op_test.test_affine_channel_2d.zip -> build/bdist.linux-ppc64le/wheel/caffe2/python/serialized_test/data/operator_test
copying build/lib.linux-ppc64le-3.7/caffe2/python/serialized_test/data/operator_test/reduction_ops_test.test_elementwise_sqrsum.zip -> build/bdist.linux-ppc64le/wheel/caffe2/python/serialized_test/data/operator_test
copying build/lib.linux-ppc64le-3.7/caffe2/python/serialized_test/data/operator_test/locally_connected_op_test.test_lc_2d.zip -> build/bdist.linux-ppc64le/wheel/caffe2/python/serialized_test/data/operator_test
copying build/lib.linux-ppc64le-3.7/caffe2/python/serialized_test/data/operator_test/learning_rate_op_test.test_alter_learning_rate_op.zip -> build/bdist.linux-ppc64le/wheel/caffe2/python/serialized_test/data/operator_test
copying build/lib.linux-ppc64le-3.7/caffe2/python/serialized_test/data/operator_test/box_with_nms_limit_op_test.test_simple.zip -> build/bdist.linux-ppc64le/wheel/caffe2/python/serialized_test/data/operator_test
copying build/lib.linux-ppc64le-3.7/caffe2/python/serialized_test/data/operator_test/utility_ops_test.test_elementwise_max_grad.zip -> build/bdist.linux-ppc64le/wheel/caffe2/python/serialized_test/data/operator_test
copying build/lib.linux-ppc64le-3.7/caffe2/python/serialized_test/data/operator_test/channel_shuffle_test.test_channel_shuffle.zip -> build/bdist.linux-ppc64le/wheel/caffe2/python/serialized_test/data/operator_test
copying build/lib.linux-ppc64le-3.7/caffe2/python/serialized_test/data/operator_test/matmul_op_test.test_batch_matmul.zip -> build/bdist.linux-ppc64le/wheel/caffe2/python/serialized_test/data/operator_test
copying build/lib.linux-ppc64le-3.7/caffe2/python/serialized_test/data/operator_test/integral_image_ops_test.test_integral_image_gradient_ops.zip -> build/bdist.linux-ppc64le/wheel/caffe2/python/serialized_test/data/operator_test
copying build/lib.linux-ppc64le-3.7/caffe2/python/serialized_test/data/operator_test/reduce_ops_test.test_reduce_l2.zip -> build/bdist.linux-ppc64le/wheel/caffe2/python/serialized_test/data/operator_test
copying build/lib.linux-ppc64le-3.7/caffe2/python/serialized_test/data/operator_test/recurrent_network_test.test_mul.zip -> build/bdist.linux-ppc64le/wheel/caffe2/python/serialized_test/data/operator_test
copying build/lib.linux-ppc64le-3.7/caffe2/python/serialized_test/data/operator_test/reduce_ops_test.test_reduce_back_mean.zip -> build/bdist.linux-ppc64le/wheel/caffe2/python/serialized_test/data/operator_test
copying build/lib.linux-ppc64le-3.7/caffe2/python/serialized_test/data/operator_test/math_ops_test.test_sign.zip -> build/bdist.linux-ppc64le/wheel/caffe2/python/serialized_test/data/operator_test
copying build/lib.linux-ppc64le-3.7/caffe2/python/serialized_test/data/operator_test/trigonometric_op_test.test_acos.zip -> build/bdist.linux-ppc64le/wheel/caffe2/python/serialized_test/data/operator_test
copying build/lib.linux-ppc64le-3.7/caffe2/python/serialized_test/data/operator_test/gru_test.test_gru_unit_op.zip -> build/bdist.linux-ppc64le/wheel/caffe2/python/serialized_test/data/operator_test
copying build/lib.linux-ppc64le-3.7/caffe2/python/serialized_test/data/operator_test/channel_stats_op_test.test_channel_stats_3d.zip -> build/bdist.linux-ppc64le/wheel/caffe2/python/serialized_test/data/operator_test
copying build/lib.linux-ppc64le-3.7/caffe2/python/serialized_test/data/operator_test/distance_op_test.test_dot_product.zip -> build/bdist.linux-ppc64le/wheel/caffe2/python/serialized_test/data/operator_test
copying build/lib.linux-ppc64le-3.7/caffe2/python/serialized_test/data/operator_test/length_split_op_test.test_length_split_edge.zip -> build/bdist.linux-ppc64le/wheel/caffe2/python/serialized_test/data/operator_test
copying build/lib.linux-ppc64le-3.7/caffe2/python/serialized_test/data/operator_test/negate_gradient_op_test.test_forward.zip -> build/bdist.linux-ppc64le/wheel/caffe2/python/serialized_test/data/operator_test
copying build/lib.linux-ppc64le-3.7/caffe2/python/serialized_test/data/operator_test/sparse_ops_test.testScatterAssign.zip -> build/bdist.linux-ppc64le/wheel/caffe2/python/serialized_test/data/operator_test
copying build/lib.linux-ppc64le-3.7/caffe2/python/serialized_test/data/operator_test/trigonometric_op_test.test_atan.zip -> build/bdist.linux-ppc64le/wheel/caffe2/python/serialized_test/data/operator_test
copying build/lib.linux-ppc64le-3.7/caffe2/python/serialized_test/data/operator_test/floor_op_test.test_floor.zip -> build/bdist.linux-ppc64le/wheel/caffe2/python/serialized_test/data/operator_test
copying build/lib.linux-ppc64le-3.7/caffe2/python/serialized_test/data/operator_test/flexible_top_k_test.test_flexible_top_k.zip -> build/bdist.linux-ppc64le/wheel/caffe2/python/serialized_test/data/operator_test
copying build/lib.linux-ppc64le-3.7/caffe2/python/serialized_test/data/operator_test/sequence_ops_test.test_find_duplicate_elements.zip -> build/bdist.linux-ppc64le/wheel/caffe2/python/serialized_test/data/operator_test
copying build/lib.linux-ppc64le-3.7/caffe2/python/serialized_test/data/operator_test/conv_test.test_1x1_conv.zip -> build/bdist.linux-ppc64le/wheel/caffe2/python/serialized_test/data/operator_test
copying build/lib.linux-ppc64le-3.7/caffe2/python/serialized_test/data/operator_test/one_hot_ops_test.test_batch_one_hot.zip -> build/bdist.linux-ppc64le/wheel/caffe2/python/serialized_test/data/operator_test
copying build/lib.linux-ppc64le-3.7/caffe2/python/serialized_test/data/operator_test/filler_ops_test.test_diagonal_fill_op_float.zip -> build/bdist.linux-ppc64le/wheel/caffe2/python/serialized_test/data/operator_test
copying build/lib.linux-ppc64le-3.7/caffe2/python/serialized_test/data/operator_test/channel_stats_op_test.testChannelStats.zip -> build/bdist.linux-ppc64le/wheel/caffe2/python/serialized_test/data/operator_test
copying build/lib.linux-ppc64le-3.7/caffe2/python/serialized_test/data/operator_test/boolean_mask_test.test_boolean_mask.zip -> build/bdist.linux-ppc64le/wheel/caffe2/python/serialized_test/data/operator_test
copying build/lib.linux-ppc64le-3.7/caffe2/python/serialized_test/data/operator_test/integral_image_ops_test.test_integral_image_ops.zip -> build/bdist.linux-ppc64le/wheel/caffe2/python/serialized_test/data/operator_test
copying build/lib.linux-ppc64le-3.7/caffe2/python/serialized_test/data/operator_test/expand_op_test.test_expand_rand_shape.zip -> build/bdist.linux-ppc64le/wheel/caffe2/python/serialized_test/data/operator_test
copying build/lib.linux-ppc64le-3.7/caffe2/python/serialized_test/data/operator_test/pack_rnn_sequence_op_test.test_unpack_rnn_seqence.zip -> build/bdist.linux-ppc64le/wheel/caffe2/python/serialized_test/data/operator_test
copying build/lib.linux-ppc64le-3.7/caffe2/python/serialized_test/data/operator_test/top_k_test.test_top_k.zip -> build/bdist.linux-ppc64le/wheel/caffe2/python/serialized_test/data/operator_test
copying build/lib.linux-ppc64le-3.7/caffe2/python/serialized_test/data/operator_test/utility_ops_test.test_transpose.zip -> build/bdist.linux-ppc64le/wheel/caffe2/python/serialized_test/data/operator_test
copying build/lib.linux-ppc64le-3.7/caffe2/python/serialized_test/data/operator_test/utility_ops_test.test_nan_check.zip -> build/bdist.linux-ppc64le/wheel/caffe2/python/serialized_test/data/operator_test
copying build/lib.linux-ppc64le-3.7/caffe2/python/serialized_test/data/operator_test/batch_bucketize_op_test.test_batch_bucketize_example.zip -> build/bdist.linux-ppc64le/wheel/caffe2/python/serialized_test/data/operator_test
copying build/lib.linux-ppc64le-3.7/caffe2/python/serialized_test/data/operator_test/elementwise_linear_op_test.test.zip -> build/bdist.linux-ppc64le/wheel/caffe2/python/serialized_test/data/operator_test
copying build/lib.linux-ppc64le-3.7/caffe2/python/serialized_test/data/operator_test/adagrad_test.test_sparse_adagrad_empty.zip -> build/bdist.linux-ppc64le/wheel/caffe2/python/serialized_test/data/operator_test
copying build/lib.linux-ppc64le-3.7/caffe2/python/serialized_test/data/operator_test/softmax_ops_test.test_softmax_with_loss.zip -> build/bdist.linux-ppc64le/wheel/caffe2/python/serialized_test/data/operator_test
copying build/lib.linux-ppc64le-3.7/caffe2/python/serialized_test/data/operator_test/tile_op_test.test_tile.zip -> build/bdist.linux-ppc64le/wheel/caffe2/python/serialized_test/data/operator_test
copying build/lib.linux-ppc64le-3.7/caffe2/python/serialized_test/data/operator_test/weighted_sum_test.test_weighted_sum.zip -> build/bdist.linux-ppc64le/wheel/caffe2/python/serialized_test/data/operator_test
copying build/lib.linux-ppc64le-3.7/caffe2/python/serialized_test/data/operator_test/boolean_unmask_test.test.zip -> build/bdist.linux-ppc64le/wheel/caffe2/python/serialized_test/data/operator_test
copying build/lib.linux-ppc64le-3.7/caffe2/python/serialized_test/data/operator_test/string_ops_test.test_string_starts_with.zip -> build/bdist.linux-ppc64le/wheel/caffe2/python/serialized_test/data/operator_test
copying build/lib.linux-ppc64le-3.7/caffe2/python/serialized_test/data/operator_test/activation_ops_test.test_elu.zip -> build/bdist.linux-ppc64le/wheel/caffe2/python/serialized_test/data/operator_test
copying build/lib.linux-ppc64le-3.7/caffe2/python/serialized_test/data/operator_test/moments_op_test.test_moments.zip -> build/bdist.linux-ppc64le/wheel/caffe2/python/serialized_test/data/operator_test
copying build/lib.linux-ppc64le-3.7/caffe2/python/serialized_test/data/operator_test/arg_ops_test.test_argmin.zip -> build/bdist.linux-ppc64le/wheel/caffe2/python/serialized_test/data/operator_test
copying build/lib.linux-ppc64le-3.7/caffe2/python/serialized_test/data/operator_test/softmax_ops_test.test_softmax_grad.zip -> build/bdist.linux-ppc64le/wheel/caffe2/python/serialized_test/data/operator_test
copying build/lib.linux-ppc64le-3.7/caffe2/python/serialized_test/data/operator_test/reduce_ops_test.test_reduce_max.zip -> build/bdist.linux-ppc64le/wheel/caffe2/python/serialized_test/data/operator_test
copying build/lib.linux-ppc64le-3.7/caffe2/python/serialized_test/data/operator_test/gather_ops_test.test_batch_gather_ops.zip -> build/bdist.linux-ppc64le/wheel/caffe2/python/serialized_test/data/operator_test
copying build/lib.linux-ppc64le-3.7/caffe2/python/serialized_test/data/operator_test/reduce_ops_test.test_reduce_front_sum.zip -> build/bdist.linux-ppc64le/wheel/caffe2/python/serialized_test/data/operator_test
copying build/lib.linux-ppc64le-3.7/caffe2/python/serialized_test/data/operator_test/clip_tensor_op_test.test_clip_tensor_by_scaling.zip -> build/bdist.linux-ppc64le/wheel/caffe2/python/serialized_test/data/operator_test
copying build/lib.linux-ppc64le-3.7/caffe2/python/serialized_test/data/operator_test/ctc_beam_search_decoder_op_test.test_ctc_beam_search_decoder.zip -> build/bdist.linux-ppc64le/wheel/caffe2/python/serialized_test/data/operator_test
copying build/lib.linux-ppc64le-3.7/caffe2/python/serialized_test/data/operator_test/glu_op_test.test_glu_old.zip -> build/bdist.linux-ppc64le/wheel/caffe2/python/serialized_test/data/operator_test
copying build/lib.linux-ppc64le-3.7/caffe2/python/serialized_test/data/operator_test/reduce_ops_test.test_reduce_front_max.zip -> build/bdist.linux-ppc64le/wheel/caffe2/python/serialized_test/data/operator_test
copying build/lib.linux-ppc64le-3.7/caffe2/python/serialized_test/data/operator_test/instance_norm_test.test_instance_norm_reference_check.zip -> build/bdist.linux-ppc64le/wheel/caffe2/python/serialized_test/data/operator_test
copying build/lib.linux-ppc64le-3.7/caffe2/python/serialized_test/data/operator_test/adadelta_test.test_sparse_adadelta_empty.zip -> build/bdist.linux-ppc64le/wheel/caffe2/python/serialized_test/data/operator_test
copying build/lib.linux-ppc64le-3.7/caffe2/python/serialized_test/data/operator_test/onnx_while_test.test_onnx_while_fibb.zip -> build/bdist.linux-ppc64le/wheel/caffe2/python/serialized_test/data/operator_test
copying build/lib.linux-ppc64le-3.7/caffe2/python/serialized_test/data/operator_test/hyperbolic_ops_test.test_sinh.zip -> build/bdist.linux-ppc64le/wheel/caffe2/python/serialized_test/data/operator_test
copying build/lib.linux-ppc64le-3.7/caffe2/python/serialized_test/data/operator_test/channel_backprop_stats_op_test.testChannelBackpropStats.zip -> build/bdist.linux-ppc64le/wheel/caffe2/python/serialized_test/data/operator_test
copying build/lib.linux-ppc64le-3.7/caffe2/python/serialized_test/data/operator_test/utility_ops_test.test_slice.zip -> build/bdist.linux-ppc64le/wheel/caffe2/python/serialized_test/data/operator_test
copying build/lib.linux-ppc64le-3.7/caffe2/python/serialized_test/data/operator_test/reduction_ops_test.test_rowwise_max.zip -> build/bdist.linux-ppc64le/wheel/caffe2/python/serialized_test/data/operator_test
copying build/lib.linux-ppc64le-3.7/caffe2/python/serialized_test/data/operator_test/sequence_ops_test.test_gather_padding.zip -> build/bdist.linux-ppc64le/wheel/caffe2/python/serialized_test/data/operator_test
copying build/lib.linux-ppc64le-3.7/caffe2/python/serialized_test/data/operator_test/one_hot_ops_test.test_segment_one_hot.zip -> build/bdist.linux-ppc64le/wheel/caffe2/python/serialized_test/data/operator_test
copying build/lib.linux-ppc64le-3.7/caffe2/python/serialized_test/data/operator_test/index_hash_ops_test.test_index_hash_ops.zip -> build/bdist.linux-ppc64le/wheel/caffe2/python/serialized_test/data/operator_test
copying build/lib.linux-ppc64le-3.7/caffe2/python/serialized_test/data/operator_test/trigonometric_op_test.test_tan.zip -> build/bdist.linux-ppc64le/wheel/caffe2/python/serialized_test/data/operator_test
copying build/lib.linux-ppc64le-3.7/caffe2/python/serialized_test/data/operator_test/square_root_divide_op_test.test_square_root_divide.zip -> build/bdist.linux-ppc64le/wheel/caffe2/python/serialized_test/data/operator_test
copying build/lib.linux-ppc64le-3.7/caffe2/python/serialized_test/data/operator_test/transpose_op_test.test_transpose.zip -> build/bdist.linux-ppc64le/wheel/caffe2/python/serialized_test/data/operator_test
copying build/lib.linux-ppc64le-3.7/caffe2/python/serialized_test/data/operator_test/elementwise_op_broadcast_test.test_broadcast_powt.zip -> build/bdist.linux-ppc64le/wheel/caffe2/python/serialized_test/data/operator_test
copying build/lib.linux-ppc64le-3.7/caffe2/python/serialized_test/data/operator_test/arg_ops_test.test_argmax.zip -> build/bdist.linux-ppc64le/wheel/caffe2/python/serialized_test/data/operator_test
copying build/lib.linux-ppc64le-3.7/caffe2/python/serialized_test/data/operator_test/batch_moments_op_test.test_batch_moments_2d.zip -> build/bdist.linux-ppc64le/wheel/caffe2/python/serialized_test/data/operator_test
copying build/lib.linux-ppc64le-3.7/caffe2/python/serialized_test/data/operator_test/conditional_test.test_conditional.zip -> build/bdist.linux-ppc64le/wheel/caffe2/python/serialized_test/data/operator_test
copying build/lib.linux-ppc64le-3.7/caffe2/python/serialized_test/data/operator_test/utility_ops_test.test_size_op.zip -> build/bdist.linux-ppc64le/wheel/caffe2/python/serialized_test/data/operator_test
copying build/lib.linux-ppc64le-3.7/caffe2/python/serialized_test/data/operator_test/group_norm_op_test.test_group_norm_2d.zip -> build/bdist.linux-ppc64le/wheel/caffe2/python/serialized_test/data/operator_test
copying build/lib.linux-ppc64le-3.7/caffe2/python/serialized_test/data/operator_test/channel_stats_op_test.test_channel_stats_2d.zip -> build/bdist.linux-ppc64le/wheel/caffe2/python/serialized_test/data/operator_test
copying build/lib.linux-ppc64le-3.7/caffe2/python/serialized_test/data/operator_test/ceil_op_test.test_ceil.zip -> build/bdist.linux-ppc64le/wheel/caffe2/python/serialized_test/data/operator_test
copying build/lib.linux-ppc64le-3.7/caffe2/python/serialized_test/data/operator_test/layer_norm_op_test.test_layer_norm_grad_op.zip -> build/bdist.linux-ppc64le/wheel/caffe2/python/serialized_test/data/operator_test
copying build/lib.linux-ppc64le-3.7/caffe2/python/serialized_test/data/operator_test/jsd_ops_test.test_bernoulli_jsd.zip -> build/bdist.linux-ppc64le/wheel/caffe2/python/serialized_test/data/operator_test
copying build/lib.linux-ppc64le-3.7/caffe2/python/serialized_test/data/operator_test/momentum_sgd_test.test_momentum_sgd.zip -> build/bdist.linux-ppc64le/wheel/caffe2/python/serialized_test/data/operator_test
copying build/lib.linux-ppc64le-3.7/caffe2/python/serialized_test/data/operator_test/concat_split_op_test.test_split.zip -> build/bdist.linux-ppc64le/wheel/caffe2/python/serialized_test/data/operator_test
copying build/lib.linux-ppc64le-3.7/caffe2/python/serialized_test/data/operator_test/ctc_greedy_decoder_op_test.test_ctc_greedy_decoder.zip -> build/bdist.linux-ppc64le/wheel/caffe2/python/serialized_test/data/operator_test
copying build/lib.linux-ppc64le-3.7/caffe2/python/serialized_test/data/operator_test/reduction_ops_test.test_columnwise_max.zip -> build/bdist.linux-ppc64le/wheel/caffe2/python/serialized_test/data/operator_test
copying build/lib.linux-ppc64le-3.7/caffe2/python/serialized_test/data/operator_test/bbox_transform_test.test_bbox_transform.zip -> build/bdist.linux-ppc64le/wheel/caffe2/python/serialized_test/data/operator_test
copying build/lib.linux-ppc64le-3.7/caffe2/python/serialized_test/data/operator_test/clip_op_test.test_clip.zip -> build/bdist.linux-ppc64le/wheel/caffe2/python/serialized_test/data/operator_test
copying build/lib.linux-ppc64le-3.7/caffe2/python/serialized_test/data/operator_test/hyperbolic_ops_test.test_tanh.zip -> build/bdist.linux-ppc64le/wheel/caffe2/python/serialized_test/data/operator_test
copying build/lib.linux-ppc64le-3.7/caffe2/python/serialized_test/data/operator_test/boolean_mask_test.test_sequence_mask_with_lengths.zip -> build/bdist.linux-ppc64le/wheel/caffe2/python/serialized_test/data/operator_test
copying build/lib.linux-ppc64le-3.7/caffe2/python/serialized_test/data/operator_test/matmul_op_test.test_numpy_batch_matmul.zip -> build/bdist.linux-ppc64le/wheel/caffe2/python/serialized_test/data/operator_test
copying build/lib.linux-ppc64le-3.7/caffe2/python/serialized_test/data/operator_test/reduce_ops_test.test_reduce_front_mean.zip -> build/bdist.linux-ppc64le/wheel/caffe2/python/serialized_test/data/operator_test
copying build/lib.linux-ppc64le-3.7/caffe2/python/serialized_test/data/operator_test/concat_split_op_test.test_split_by_lengths.zip -> build/bdist.linux-ppc64le/wheel/caffe2/python/serialized_test/data/operator_test
copying build/lib.linux-ppc64le-3.7/caffe2/python/serialized_test/data/operator_test/dropout_op_test.test_dropout_is_test.zip -> build/bdist.linux-ppc64le/wheel/caffe2/python/serialized_test/data/operator_test
copying build/lib.linux-ppc64le-3.7/caffe2/python/serialized_test/data/operator_test/lengths_top_k_ops_test.test_lengths_top_k_op.zip -> build/bdist.linux-ppc64le/wheel/caffe2/python/serialized_test/data/operator_test
copying build/lib.linux-ppc64le-3.7/caffe2/python/serialized_test/data/operator_test/momentum_sgd_test.test_sparse_momentum_sgd.zip -> build/bdist.linux-ppc64le/wheel/caffe2/python/serialized_test/data/operator_test
copying build/lib.linux-ppc64le-3.7/caffe2/python/serialized_test/data/operator_test/merge_id_lists_op_test.test_merge_id_lists_op.zip -> build/bdist.linux-ppc64le/wheel/caffe2/python/serialized_test/data/operator_test
copying build/lib.linux-ppc64le-3.7/caffe2/python/serialized_test/data/operator_test/rank_loss_operator_test.test_pair_wise_loss_batch.zip -> build/bdist.linux-ppc64le/wheel/caffe2/python/serialized_test/data/operator_test
copying build/lib.linux-ppc64le-3.7/caffe2/python/serialized_test/data/operator_test/gather_ranges_op_test.test_gather_ranges_split.zip -> build/bdist.linux-ppc64le/wheel/caffe2/python/serialized_test/data/operator_test
copying build/lib.linux-ppc64le-3.7/caffe2/python/serialized_test/data/operator_test/softmax_ops_test.test_softmax.zip -> build/bdist.linux-ppc64le/wheel/caffe2/python/serialized_test/data/operator_test
copying build/lib.linux-ppc64le-3.7/caffe2/python/serialized_test/data/operator_test/loss_ops_test.test_averaged_loss.zip -> build/bdist.linux-ppc64le/wheel/caffe2/python/serialized_test/data/operator_test
copying build/lib.linux-ppc64le-3.7/caffe2/python/serialized_test/data/operator_test/fc_operator_test.test_fc.zip -> build/bdist.linux-ppc64le/wheel/caffe2/python/serialized_test/data/operator_test
copying build/lib.linux-ppc64le-3.7/caffe2/python/serialized_test/data/operator_test/spatial_bn_op_test.test_spatialbn_test_mode_3d.zip -> build/bdist.linux-ppc64le/wheel/caffe2/python/serialized_test/data/operator_test
copying build/lib.linux-ppc64le-3.7/caffe2/python/serialized_test/data/operator_test/cosine_embedding_criterion_op_test.test_cosine_embedding_criterion.zip -> build/bdist.linux-ppc64le/wheel/caffe2/python/serialized_test/data/operator_test
copying build/lib.linux-ppc64le-3.7/caffe2/python/serialized_test/data/operator_test/batch_sparse_to_dense_op_test.test_batch_sparse_to_dense.zip -> build/bdist.linux-ppc64le/wheel/caffe2/python/serialized_test/data/operator_test
copying build/lib.linux-ppc64le-3.7/caffe2/python/serialized_test/data/operator_test/matmul_op_test.test_matmul.zip -> build/bdist.linux-ppc64le/wheel/caffe2/python/serialized_test/data/operator_test
copying build/lib.linux-ppc64le-3.7/caffe2/python/serialized_test/data/operator_test/utility_ops_test.test_lengths_to_ranges.zip -> build/bdist.linux-ppc64le/wheel/caffe2/python/serialized_test/data/operator_test
copying build/lib.linux-ppc64le-3.7/caffe2/python/serialized_test/data/operator_test/adagrad_test.test_row_wise_sparse_adagrad_empty.zip -> build/bdist.linux-ppc64le/wheel/caffe2/python/serialized_test/data/operator_test
copying build/lib.linux-ppc64le-3.7/caffe2/python/serialized_test/data/operator_test/activation_ops_test.test_leaky_relu.zip -> build/bdist.linux-ppc64le/wheel/caffe2/python/serialized_test/data/operator_test
copying build/lib.linux-ppc64le-3.7/caffe2/python/serialized_test/data/operator_test/lengths_tile_op_test.test_lengths_tile.zip -> build/bdist.linux-ppc64le/wheel/caffe2/python/serialized_test/data/operator_test
copying build/lib.linux-ppc64le-3.7/caffe2/python/serialized_test/data/operator_test/wngrad_test.test_sparse_wngrad_empty.zip -> build/bdist.linux-ppc64le/wheel/caffe2/python/serialized_test/data/operator_test
copying build/lib.linux-ppc64le-3.7/caffe2/python/serialized_test/data/operator_test/pack_rnn_sequence_op_test.test_pack_rnn_seqence.zip -> build/bdist.linux-ppc64le/wheel/caffe2/python/serialized_test/data/operator_test
copying build/lib.linux-ppc64le-3.7/caffe2/python/serialized_test/data/operator_test/pad_test.test_crop.zip -> build/bdist.linux-ppc64le/wheel/caffe2/python/serialized_test/data/operator_test
copying build/lib.linux-ppc64le-3.7/caffe2/python/serialized_test/data/operator_test/softmax_ops_test.test_spatial_softmax_with_loss.zip -> build/bdist.linux-ppc64le/wheel/caffe2/python/serialized_test/data/operator_test
copying build/lib.linux-ppc64le-3.7/caffe2/python/convnet_benchmarks_test.py -> build/bdist.linux-ppc64le/wheel/caffe2/python
copying build/lib.linux-ppc64le-3.7/caffe2/python/data_workers_test.py -> build/bdist.linux-ppc64le/wheel/caffe2/python
copying build/lib.linux-ppc64le-3.7/caffe2/python/benchmark_generator.py -> build/bdist.linux-ppc64le/wheel/caffe2/python
copying build/lib.linux-ppc64le-3.7/caffe2/python/memonger.py -> build/bdist.linux-ppc64le/wheel/caffe2/python
creating build/bdist.linux-ppc64le/wheel/caffe2/python/predictor
copying build/lib.linux-ppc64le-3.7/caffe2/python/predictor/predictor_py_utils.py -> build/bdist.linux-ppc64le/wheel/caffe2/python/predictor
copying build/lib.linux-ppc64le-3.7/caffe2/python/predictor/predictor_exporter_test.py -> build/bdist.linux-ppc64le/wheel/caffe2/python/predictor
copying build/lib.linux-ppc64le-3.7/caffe2/python/predictor/serde.py -> build/bdist.linux-ppc64le/wheel/caffe2/python/predictor
copying build/lib.linux-ppc64le-3.7/caffe2/python/predictor/predictor_exporter.py -> build/bdist.linux-ppc64le/wheel/caffe2/python/predictor
copying build/lib.linux-ppc64le-3.7/caffe2/python/predictor/mobile_exporter.py -> build/bdist.linux-ppc64le/wheel/caffe2/python/predictor
copying build/lib.linux-ppc64le-3.7/caffe2/python/predictor/__init__.py -> build/bdist.linux-ppc64le/wheel/caffe2/python/predictor
copying build/lib.linux-ppc64le-3.7/caffe2/python/predictor/mobile_exporter_test.py -> build/bdist.linux-ppc64le/wheel/caffe2/python/predictor
copying build/lib.linux-ppc64le-3.7/caffe2/python/predictor/predictor_test.py -> build/bdist.linux-ppc64le/wheel/caffe2/python/predictor
creating build/bdist.linux-ppc64le/wheel/caffe2/python/trt
copying build/lib.linux-ppc64le-3.7/caffe2/python/trt/__init__.py -> build/bdist.linux-ppc64le/wheel/caffe2/python/trt
copying build/lib.linux-ppc64le-3.7/caffe2/python/trt/test_pt_onnx_trt.py -> build/bdist.linux-ppc64le/wheel/caffe2/python/trt
copying build/lib.linux-ppc64le-3.7/caffe2/python/trt/test_trt.py -> build/bdist.linux-ppc64le/wheel/caffe2/python/trt
copying build/lib.linux-ppc64le-3.7/caffe2/python/trt/transform.py -> build/bdist.linux-ppc64le/wheel/caffe2/python/trt
copying build/lib.linux-ppc64le-3.7/caffe2/python/scope_test.py -> build/bdist.linux-ppc64le/wheel/caffe2/python
copying build/lib.linux-ppc64le-3.7/caffe2/python/build.py -> build/bdist.linux-ppc64le/wheel/caffe2/python
copying build/lib.linux-ppc64le-3.7/caffe2/python/sparse_to_dense_test.py -> build/bdist.linux-ppc64le/wheel/caffe2/python
copying build/lib.linux-ppc64le-3.7/caffe2/python/brew.py -> build/bdist.linux-ppc64le/wheel/caffe2/python
creating build/bdist.linux-ppc64le/wheel/caffe2/python/operator_test
copying build/lib.linux-ppc64le-3.7/caffe2/python/operator_test/fc_operator_test.py -> build/bdist.linux-ppc64le/wheel/caffe2/python/operator_test
copying build/lib.linux-ppc64le-3.7/caffe2/python/operator_test/spatial_bn_op_test.py -> build/bdist.linux-ppc64le/wheel/caffe2/python/operator_test
copying build/lib.linux-ppc64le-3.7/caffe2/python/operator_test/moments_op_test.py -> build/bdist.linux-ppc64le/wheel/caffe2/python/operator_test
copying build/lib.linux-ppc64le-3.7/caffe2/python/operator_test/sparse_gradient_checker_test.py -> build/bdist.linux-ppc64le/wheel/caffe2/python/operator_test
copying build/lib.linux-ppc64le-3.7/caffe2/python/operator_test/cross_entropy_ops_test.py -> build/bdist.linux-ppc64le/wheel/caffe2/python/operator_test
copying build/lib.linux-ppc64le-3.7/caffe2/python/operator_test/sequence_ops_test.py -> build/bdist.linux-ppc64le/wheel/caffe2/python/operator_test
copying build/lib.linux-ppc64le-3.7/caffe2/python/operator_test/normalize_op_test.py -> build/bdist.linux-ppc64le/wheel/caffe2/python/operator_test
copying build/lib.linux-ppc64le-3.7/caffe2/python/operator_test/upsample_op_test.py -> build/bdist.linux-ppc64le/wheel/caffe2/python/operator_test
copying build/lib.linux-ppc64le-3.7/caffe2/python/operator_test/record_queue_test.py -> build/bdist.linux-ppc64le/wheel/caffe2/python/operator_test
copying build/lib.linux-ppc64le-3.7/caffe2/python/operator_test/arg_ops_test.py -> build/bdist.linux-ppc64le/wheel/caffe2/python/operator_test
copying build/lib.linux-ppc64le-3.7/caffe2/python/operator_test/assert_test.py -> build/bdist.linux-ppc64le/wheel/caffe2/python/operator_test
copying build/lib.linux-ppc64le-3.7/caffe2/python/operator_test/index_hash_ops_test.py -> build/bdist.linux-ppc64le/wheel/caffe2/python/operator_test
copying build/lib.linux-ppc64le-3.7/caffe2/python/operator_test/map_ops_test.py -> build/bdist.linux-ppc64le/wheel/caffe2/python/operator_test
copying build/lib.linux-ppc64le-3.7/caffe2/python/operator_test/lpnorm_op_test.py -> build/bdist.linux-ppc64le/wheel/caffe2/python/operator_test
copying build/lib.linux-ppc64le-3.7/caffe2/python/operator_test/fused_nbit_rowwise_test_helper.py -> build/bdist.linux-ppc64le/wheel/caffe2/python/operator_test
copying build/lib.linux-ppc64le-3.7/caffe2/python/operator_test/bisect_percentile_op_test.py -> build/bdist.linux-ppc64le/wheel/caffe2/python/operator_test
copying build/lib.linux-ppc64le-3.7/caffe2/python/operator_test/leaky_relu_test.py -> build/bdist.linux-ppc64le/wheel/caffe2/python/operator_test
copying build/lib.linux-ppc64le-3.7/caffe2/python/operator_test/scale_op_test.py -> build/bdist.linux-ppc64le/wheel/caffe2/python/operator_test
copying build/lib.linux-ppc64le-3.7/caffe2/python/operator_test/rmac_regions_op_test.py -> build/bdist.linux-ppc64le/wheel/caffe2/python/operator_test
copying build/lib.linux-ppc64le-3.7/caffe2/python/operator_test/given_tensor_fill_op_test.py -> build/bdist.linux-ppc64le/wheel/caffe2/python/operator_test
copying build/lib.linux-ppc64le-3.7/caffe2/python/operator_test/lengths_pad_op_test.py -> build/bdist.linux-ppc64le/wheel/caffe2/python/operator_test
copying build/lib.linux-ppc64le-3.7/caffe2/python/operator_test/selu_op_test.py -> build/bdist.linux-ppc64le/wheel/caffe2/python/operator_test
copying build/lib.linux-ppc64le-3.7/caffe2/python/operator_test/mkl_conv_op_test.py -> build/bdist.linux-ppc64le/wheel/caffe2/python/operator_test
copying build/lib.linux-ppc64le-3.7/caffe2/python/operator_test/elementwise_logical_ops_test.py -> build/bdist.linux-ppc64le/wheel/caffe2/python/operator_test
copying build/lib.linux-ppc64le-3.7/caffe2/python/operator_test/instance_norm_test.py -> build/bdist.linux-ppc64le/wheel/caffe2/python/operator_test
copying build/lib.linux-ppc64le-3.7/caffe2/python/operator_test/batch_moments_op_test.py -> build/bdist.linux-ppc64le/wheel/caffe2/python/operator_test
copying build/lib.linux-ppc64le-3.7/caffe2/python/operator_test/pack_rnn_sequence_op_test.py -> build/bdist.linux-ppc64le/wheel/caffe2/python/operator_test
copying build/lib.linux-ppc64le-3.7/caffe2/python/operator_test/given_tensor_byte_string_to_uint8_fill_op_test.py -> build/bdist.linux-ppc64le/wheel/caffe2/python/operator_test
copying build/lib.linux-ppc64le-3.7/caffe2/python/operator_test/checkpoint_test.py -> build/bdist.linux-ppc64le/wheel/caffe2/python/operator_test
copying build/lib.linux-ppc64le-3.7/caffe2/python/operator_test/thresholded_relu_op_test.py -> build/bdist.linux-ppc64le/wheel/caffe2/python/operator_test
copying build/lib.linux-ppc64le-3.7/caffe2/python/operator_test/jsd_ops_test.py -> build/bdist.linux-ppc64le/wheel/caffe2/python/operator_test
copying build/lib.linux-ppc64le-3.7/caffe2/python/operator_test/atomic_ops_test.py -> build/bdist.linux-ppc64le/wheel/caffe2/python/operator_test
copying build/lib.linux-ppc64le-3.7/caffe2/python/operator_test/fused_nbit_rowwise_conversion_ops_test.py -> build/bdist.linux-ppc64le/wheel/caffe2/python/operator_test
copying build/lib.linux-ppc64le-3.7/caffe2/python/operator_test/pooling_test.py -> build/bdist.linux-ppc64le/wheel/caffe2/python/operator_test
copying build/lib.linux-ppc64le-3.7/caffe2/python/operator_test/gather_ops_test.py -> build/bdist.linux-ppc64le/wheel/caffe2/python/operator_test
copying build/lib.linux-ppc64le-3.7/caffe2/python/operator_test/weight_scale_test.py -> build/bdist.linux-ppc64le/wheel/caffe2/python/operator_test
copying build/lib.linux-ppc64le-3.7/caffe2/python/operator_test/listwise_l2r_operator_test.py -> build/bdist.linux-ppc64le/wheel/caffe2/python/operator_test
copying build/lib.linux-ppc64le-3.7/caffe2/python/operator_test/elementwise_op_broadcast_test.py -> build/bdist.linux-ppc64le/wheel/caffe2/python/operator_test
copying build/lib.linux-ppc64le-3.7/caffe2/python/operator_test/softplus_op_test.py -> build/bdist.linux-ppc64le/wheel/caffe2/python/operator_test
copying build/lib.linux-ppc64le-3.7/caffe2/python/operator_test/layer_norm_op_test.py -> build/bdist.linux-ppc64le/wheel/caffe2/python/operator_test
copying build/lib.linux-ppc64le-3.7/caffe2/python/operator_test/copy_ops_test.py -> build/bdist.linux-ppc64le/wheel/caffe2/python/operator_test
copying build/lib.linux-ppc64le-3.7/caffe2/python/operator_test/weighted_multi_sample_test.py -> build/bdist.linux-ppc64le/wheel/caffe2/python/operator_test
copying build/lib.linux-ppc64le-3.7/caffe2/python/operator_test/mul_gradient_benchmark.py -> build/bdist.linux-ppc64le/wheel/caffe2/python/operator_test
copying build/lib.linux-ppc64le-3.7/caffe2/python/operator_test/merge_id_lists_op_test.py -> build/bdist.linux-ppc64le/wheel/caffe2/python/operator_test
copying build/lib.linux-ppc64le-3.7/caffe2/python/operator_test/image_input_op_test.py -> build/bdist.linux-ppc64le/wheel/caffe2/python/operator_test
copying build/lib.linux-ppc64le-3.7/caffe2/python/operator_test/partition_ops_test.py -> build/bdist.linux-ppc64le/wheel/caffe2/python/operator_test
copying build/lib.linux-ppc64le-3.7/caffe2/python/operator_test/rank_loss_operator_test.py -> build/bdist.linux-ppc64le/wheel/caffe2/python/operator_test
copying build/lib.linux-ppc64le-3.7/caffe2/python/operator_test/filler_ops_test.py -> build/bdist.linux-ppc64le/wheel/caffe2/python/operator_test
copying build/lib.linux-ppc64le-3.7/caffe2/python/operator_test/elementwise_ops_test.py -> build/bdist.linux-ppc64le/wheel/caffe2/python/operator_test
copying build/lib.linux-ppc64le-3.7/caffe2/python/operator_test/resize_op_test.py -> build/bdist.linux-ppc64le/wheel/caffe2/python/operator_test
copying build/lib.linux-ppc64le-3.7/caffe2/python/operator_test/stats_put_ops_test.py -> build/bdist.linux-ppc64le/wheel/caffe2/python/operator_test
copying build/lib.linux-ppc64le-3.7/caffe2/python/operator_test/tile_op_test.py -> build/bdist.linux-ppc64le/wheel/caffe2/python/operator_test
copying build/lib.linux-ppc64le-3.7/caffe2/python/operator_test/sinusoid_position_encoding_op_test.py -> build/bdist.linux-ppc64le/wheel/caffe2/python/operator_test
copying build/lib.linux-ppc64le-3.7/caffe2/python/operator_test/enforce_finite_op_test.py -> build/bdist.linux-ppc64le/wheel/caffe2/python/operator_test
copying build/lib.linux-ppc64le-3.7/caffe2/python/operator_test/lengths_tile_op_test.py -> build/bdist.linux-ppc64le/wheel/caffe2/python/operator_test
copying build/lib.linux-ppc64le-3.7/caffe2/python/operator_test/ctc_beam_search_decoder_op_test.py -> build/bdist.linux-ppc64le/wheel/caffe2/python/operator_test
copying build/lib.linux-ppc64le-3.7/caffe2/python/operator_test/onnx_while_test.py -> build/bdist.linux-ppc64le/wheel/caffe2/python/operator_test
copying build/lib.linux-ppc64le-3.7/caffe2/python/operator_test/load_save_test.py -> build/bdist.linux-ppc64le/wheel/caffe2/python/operator_test
copying build/lib.linux-ppc64le-3.7/caffe2/python/operator_test/locally_connected_op_test.py -> build/bdist.linux-ppc64le/wheel/caffe2/python/operator_test
copying build/lib.linux-ppc64le-3.7/caffe2/python/operator_test/quantile_test.py -> build/bdist.linux-ppc64le/wheel/caffe2/python/operator_test
copying build/lib.linux-ppc64le-3.7/caffe2/python/operator_test/group_conv_test.py -> build/bdist.linux-ppc64le/wheel/caffe2/python/operator_test
copying build/lib.linux-ppc64le-3.7/caffe2/python/operator_test/flatten_op_test.py -> build/bdist.linux-ppc64le/wheel/caffe2/python/operator_test
copying build/lib.linux-ppc64le-3.7/caffe2/python/operator_test/blobs_queue_db_test.py -> build/bdist.linux-ppc64le/wheel/caffe2/python/operator_test
copying build/lib.linux-ppc64le-3.7/caffe2/python/operator_test/top_k_test.py -> build/bdist.linux-ppc64le/wheel/caffe2/python/operator_test
copying build/lib.linux-ppc64le-3.7/caffe2/python/operator_test/batch_bucketize_op_test.py -> build/bdist.linux-ppc64le/wheel/caffe2/python/operator_test
copying build/lib.linux-ppc64le-3.7/caffe2/python/operator_test/roi_align_rotated_op_test.py -> build/bdist.linux-ppc64le/wheel/caffe2/python/operator_test
copying build/lib.linux-ppc64le-3.7/caffe2/python/operator_test/concat_split_op_test.py -> build/bdist.linux-ppc64le/wheel/caffe2/python/operator_test
copying build/lib.linux-ppc64le-3.7/caffe2/python/operator_test/recurrent_net_executor_test.py -> build/bdist.linux-ppc64le/wheel/caffe2/python/operator_test
copying build/lib.linux-ppc64le-3.7/caffe2/python/operator_test/sparse_ops_test.py -> build/bdist.linux-ppc64le/wheel/caffe2/python/operator_test
copying build/lib.linux-ppc64le-3.7/caffe2/python/operator_test/rnn_cell_test.py -> build/bdist.linux-ppc64le/wheel/caffe2/python/operator_test
copying build/lib.linux-ppc64le-3.7/caffe2/python/operator_test/affine_channel_op_test.py -> build/bdist.linux-ppc64le/wheel/caffe2/python/operator_test
copying build/lib.linux-ppc64le-3.7/caffe2/python/operator_test/unique_ops_test.py -> build/bdist.linux-ppc64le/wheel/caffe2/python/operator_test
copying build/lib.linux-ppc64le-3.7/caffe2/python/operator_test/find_op_test.py -> build/bdist.linux-ppc64le/wheel/caffe2/python/operator_test
copying build/lib.linux-ppc64le-3.7/caffe2/python/operator_test/channel_stats_op_test.py -> build/bdist.linux-ppc64le/wheel/caffe2/python/operator_test
copying build/lib.linux-ppc64le-3.7/caffe2/python/operator_test/__init__.py -> build/bdist.linux-ppc64le/wheel/caffe2/python/operator_test
copying build/lib.linux-ppc64le-3.7/caffe2/python/operator_test/clip_op_test.py -> build/bdist.linux-ppc64le/wheel/caffe2/python/operator_test
copying build/lib.linux-ppc64le-3.7/caffe2/python/operator_test/box_with_nms_limit_op_test.py -> build/bdist.linux-ppc64le/wheel/caffe2/python/operator_test
copying build/lib.linux-ppc64le-3.7/caffe2/python/operator_test/margin_ranking_criterion_op_test.py -> build/bdist.linux-ppc64le/wheel/caffe2/python/operator_test
copying build/lib.linux-ppc64le-3.7/caffe2/python/operator_test/mkl_packed_fc_op_test.py -> build/bdist.linux-ppc64le/wheel/caffe2/python/operator_test
copying build/lib.linux-ppc64le-3.7/caffe2/python/operator_test/sparse_normalize_test.py -> build/bdist.linux-ppc64le/wheel/caffe2/python/operator_test
copying build/lib.linux-ppc64le-3.7/caffe2/python/operator_test/conftest.py -> build/bdist.linux-ppc64le/wheel/caffe2/python/operator_test
copying build/lib.linux-ppc64le-3.7/caffe2/python/operator_test/adadelta_test.py -> build/bdist.linux-ppc64le/wheel/caffe2/python/operator_test
copying build/lib.linux-ppc64le-3.7/caffe2/python/operator_test/floor_op_test.py -> build/bdist.linux-ppc64le/wheel/caffe2/python/operator_test
copying build/lib.linux-ppc64le-3.7/caffe2/python/operator_test/sparse_lp_regularizer_test.py -> build/bdist.linux-ppc64le/wheel/caffe2/python/operator_test
copying build/lib.linux-ppc64le-3.7/caffe2/python/operator_test/alias_with_name_test.py -> build/bdist.linux-ppc64le/wheel/caffe2/python/operator_test
copying build/lib.linux-ppc64le-3.7/caffe2/python/operator_test/torch_integration_test.py -> build/bdist.linux-ppc64le/wheel/caffe2/python/operator_test
copying build/lib.linux-ppc64le-3.7/caffe2/python/operator_test/reduce_ops_test.py -> build/bdist.linux-ppc64le/wheel/caffe2/python/operator_test
copying build/lib.linux-ppc64le-3.7/caffe2/python/operator_test/group_norm_op_test.py -> build/bdist.linux-ppc64le/wheel/caffe2/python/operator_test
copying build/lib.linux-ppc64le-3.7/caffe2/python/operator_test/heatmap_max_keypoint_op_test.py -> build/bdist.linux-ppc64le/wheel/caffe2/python/operator_test
copying build/lib.linux-ppc64le-3.7/caffe2/python/operator_test/utility_ops_test.py -> build/bdist.linux-ppc64le/wheel/caffe2/python/operator_test
copying build/lib.linux-ppc64le-3.7/caffe2/python/operator_test/clip_tensor_op_test.py -> build/bdist.linux-ppc64le/wheel/caffe2/python/operator_test
copying build/lib.linux-ppc64le-3.7/caffe2/python/operator_test/deform_conv_test.py -> build/bdist.linux-ppc64le/wheel/caffe2/python/operator_test
copying build/lib.linux-ppc64le-3.7/caffe2/python/operator_test/data_couple_op_test.py -> build/bdist.linux-ppc64le/wheel/caffe2/python/operator_test
copying build/lib.linux-ppc64le-3.7/caffe2/python/operator_test/percentile_op_test.py -> build/bdist.linux-ppc64le/wheel/caffe2/python/operator_test
copying build/lib.linux-ppc64le-3.7/caffe2/python/operator_test/negate_gradient_op_test.py -> build/bdist.linux-ppc64le/wheel/caffe2/python/operator_test
copying build/lib.linux-ppc64le-3.7/caffe2/python/operator_test/cast_op_test.py -> build/bdist.linux-ppc64le/wheel/caffe2/python/operator_test
copying build/lib.linux-ppc64le-3.7/caffe2/python/operator_test/trigonometric_op_test.py -> build/bdist.linux-ppc64le/wheel/caffe2/python/operator_test
copying build/lib.linux-ppc64le-3.7/caffe2/python/operator_test/length_split_op_test.py -> build/bdist.linux-ppc64le/wheel/caffe2/python/operator_test
copying build/lib.linux-ppc64le-3.7/caffe2/python/operator_test/matmul_op_test.py -> build/bdist.linux-ppc64le/wheel/caffe2/python/operator_test
copying build/lib.linux-ppc64le-3.7/caffe2/python/operator_test/im2col_col2im_test.py -> build/bdist.linux-ppc64le/wheel/caffe2/python/operator_test
copying build/lib.linux-ppc64le-3.7/caffe2/python/operator_test/text_file_reader_test.py -> build/bdist.linux-ppc64le/wheel/caffe2/python/operator_test
copying build/lib.linux-ppc64le-3.7/caffe2/python/operator_test/transpose_op_test.py -> build/bdist.linux-ppc64le/wheel/caffe2/python/operator_test
copying build/lib.linux-ppc64le-3.7/caffe2/python/operator_test/one_hot_ops_test.py -> build/bdist.linux-ppc64le/wheel/caffe2/python/operator_test
copying build/lib.linux-ppc64le-3.7/caffe2/python/operator_test/gru_test.py -> build/bdist.linux-ppc64le/wheel/caffe2/python/operator_test
copying build/lib.linux-ppc64le-3.7/caffe2/python/operator_test/glu_op_test.py -> build/bdist.linux-ppc64le/wheel/caffe2/python/operator_test
copying build/lib.linux-ppc64le-3.7/caffe2/python/operator_test/conv_transpose_test.py -> build/bdist.linux-ppc64le/wheel/caffe2/python/operator_test
copying build/lib.linux-ppc64le-3.7/caffe2/python/operator_test/ctc_greedy_decoder_op_test.py -> build/bdist.linux-ppc64le/wheel/caffe2/python/operator_test
copying build/lib.linux-ppc64le-3.7/caffe2/python/operator_test/softmax_ops_test.py -> build/bdist.linux-ppc64le/wheel/caffe2/python/operator_test
copying build/lib.linux-ppc64le-3.7/caffe2/python/operator_test/reshape_ops_test.py -> build/bdist.linux-ppc64le/wheel/caffe2/python/operator_test
copying build/lib.linux-ppc64le-3.7/caffe2/python/operator_test/reduction_ops_test.py -> build/bdist.linux-ppc64le/wheel/caffe2/python/operator_test
copying build/lib.linux-ppc64le-3.7/caffe2/python/operator_test/lars_test.py -> build/bdist.linux-ppc64le/wheel/caffe2/python/operator_test
copying build/lib.linux-ppc64le-3.7/caffe2/python/operator_test/counter_ops_test.py -> build/bdist.linux-ppc64le/wheel/caffe2/python/operator_test
copying build/lib.linux-ppc64le-3.7/caffe2/python/operator_test/bbox_transform_test.py -> build/bdist.linux-ppc64le/wheel/caffe2/python/operator_test
copying build/lib.linux-ppc64le-3.7/caffe2/python/operator_test/cudnn_recurrent_test.py -> build/bdist.linux-ppc64le/wheel/caffe2/python/operator_test
copying build/lib.linux-ppc64le-3.7/caffe2/python/operator_test/boolean_unmask_test.py -> build/bdist.linux-ppc64le/wheel/caffe2/python/operator_test
copying build/lib.linux-ppc64le-3.7/caffe2/python/operator_test/prepend_dim_test.py -> build/bdist.linux-ppc64le/wheel/caffe2/python/operator_test
copying build/lib.linux-ppc64le-3.7/caffe2/python/operator_test/mod_op_test.py -> build/bdist.linux-ppc64le/wheel/caffe2/python/operator_test
copying build/lib.linux-ppc64le-3.7/caffe2/python/operator_test/detectron_keypoints.py -> build/bdist.linux-ppc64le/wheel/caffe2/python/operator_test
copying build/lib.linux-ppc64le-3.7/caffe2/python/operator_test/erf_op_test.py -> build/bdist.linux-ppc64le/wheel/caffe2/python/operator_test
copying build/lib.linux-ppc64le-3.7/caffe2/python/operator_test/square_root_divide_op_test.py -> build/bdist.linux-ppc64le/wheel/caffe2/python/operator_test
copying build/lib.linux-ppc64le-3.7/caffe2/python/operator_test/batch_sparse_to_dense_op_test.py -> build/bdist.linux-ppc64le/wheel/caffe2/python/operator_test
copying build/lib.linux-ppc64le-3.7/caffe2/python/operator_test/weighted_sum_test.py -> build/bdist.linux-ppc64le/wheel/caffe2/python/operator_test
copying build/lib.linux-ppc64le-3.7/caffe2/python/operator_test/lengths_reducer_fused_nbit_rowwise_ops_test.py -> build/bdist.linux-ppc64le/wheel/caffe2/python/operator_test
copying build/lib.linux-ppc64le-3.7/caffe2/python/operator_test/copy_rows_to_tensor_op_test.py -> build/bdist.linux-ppc64le/wheel/caffe2/python/operator_test
copying build/lib.linux-ppc64le-3.7/caffe2/python/operator_test/learning_rate_op_test.py -> build/bdist.linux-ppc64le/wheel/caffe2/python/operator_test
copying build/lib.linux-ppc64le-3.7/caffe2/python/operator_test/learning_rate_adaption_op_test.py -> build/bdist.linux-ppc64le/wheel/caffe2/python/operator_test
copying build/lib.linux-ppc64le-3.7/caffe2/python/operator_test/crf_test.py -> build/bdist.linux-ppc64le/wheel/caffe2/python/operator_test
copying build/lib.linux-ppc64le-3.7/caffe2/python/operator_test/feature_maps_ops_test.py -> build/bdist.linux-ppc64le/wheel/caffe2/python/operator_test
copying build/lib.linux-ppc64le-3.7/caffe2/python/operator_test/hyperbolic_ops_test.py -> build/bdist.linux-ppc64le/wheel/caffe2/python/operator_test
copying build/lib.linux-ppc64le-3.7/caffe2/python/operator_test/basic_rnn_test.py -> build/bdist.linux-ppc64le/wheel/caffe2/python/operator_test
copying build/lib.linux-ppc64le-3.7/caffe2/python/operator_test/wngrad_test.py -> build/bdist.linux-ppc64le/wheel/caffe2/python/operator_test
copying build/lib.linux-ppc64le-3.7/caffe2/python/operator_test/expand_op_test.py -> build/bdist.linux-ppc64le/wheel/caffe2/python/operator_test
copying build/lib.linux-ppc64le-3.7/caffe2/python/operator_test/sparse_dropout_with_replacement_op_test.py -> build/bdist.linux-ppc64le/wheel/caffe2/python/operator_test
copying build/lib.linux-ppc64le-3.7/caffe2/python/operator_test/shape_inference_test.py -> build/bdist.linux-ppc64le/wheel/caffe2/python/operator_test
copying build/lib.linux-ppc64le-3.7/caffe2/python/operator_test/lengths_top_k_ops_test.py -> build/bdist.linux-ppc64le/wheel/caffe2/python/operator_test
copying build/lib.linux-ppc64le-3.7/caffe2/python/operator_test/python_op_test.py -> build/bdist.linux-ppc64le/wheel/caffe2/python/operator_test
copying build/lib.linux-ppc64le-3.7/caffe2/python/operator_test/channel_backprop_stats_op_test.py -> build/bdist.linux-ppc64le/wheel/caffe2/python/operator_test
copying build/lib.linux-ppc64le-3.7/caffe2/python/operator_test/dataset_ops_test.py -> build/bdist.linux-ppc64le/wheel/caffe2/python/operator_test
copying build/lib.linux-ppc64le-3.7/caffe2/python/operator_test/pack_ops_test.py -> build/bdist.linux-ppc64le/wheel/caffe2/python/operator_test
copying build/lib.linux-ppc64le-3.7/caffe2/python/operator_test/cosine_embedding_criterion_op_test.py -> build/bdist.linux-ppc64le/wheel/caffe2/python/operator_test
copying build/lib.linux-ppc64le-3.7/caffe2/python/operator_test/adagrad_test.py -> build/bdist.linux-ppc64le/wheel/caffe2/python/operator_test
copying build/lib.linux-ppc64le-3.7/caffe2/python/operator_test/duplicate_operands_test.py -> build/bdist.linux-ppc64le/wheel/caffe2/python/operator_test
copying build/lib.linux-ppc64le-3.7/caffe2/python/operator_test/bucketize_op_test.py -> build/bdist.linux-ppc64le/wheel/caffe2/python/operator_test
copying build/lib.linux-ppc64le-3.7/caffe2/python/operator_test/dense_vector_to_id_list_op_test.py -> build/bdist.linux-ppc64le/wheel/caffe2/python/operator_test
copying build/lib.linux-ppc64le-3.7/caffe2/python/operator_test/collect_and_distribute_fpn_rpn_proposals_op_test.py -> build/bdist.linux-ppc64le/wheel/caffe2/python/operator_test
copying build/lib.linux-ppc64le-3.7/caffe2/python/operator_test/ensure_cpu_output_op_test.py -> build/bdist.linux-ppc64le/wheel/caffe2/python/operator_test
copying build/lib.linux-ppc64le-3.7/caffe2/python/operator_test/key_split_ops_test.py -> build/bdist.linux-ppc64le/wheel/caffe2/python/operator_test
copying build/lib.linux-ppc64le-3.7/caffe2/python/operator_test/emptysample_ops_test.py -> build/bdist.linux-ppc64le/wheel/caffe2/python/operator_test
copying build/lib.linux-ppc64le-3.7/caffe2/python/operator_test/ensure_clipped_test.py -> build/bdist.linux-ppc64le/wheel/caffe2/python/operator_test
copying build/lib.linux-ppc64le-3.7/caffe2/python/operator_test/loss_ops_test.py -> build/bdist.linux-ppc64le/wheel/caffe2/python/operator_test
copying build/lib.linux-ppc64le-3.7/caffe2/python/operator_test/weighted_sample_test.py -> build/bdist.linux-ppc64le/wheel/caffe2/python/operator_test
copying build/lib.linux-ppc64le-3.7/caffe2/python/operator_test/activation_ops_test.py -> build/bdist.linux-ppc64le/wheel/caffe2/python/operator_test
copying build/lib.linux-ppc64le-3.7/caffe2/python/operator_test/storm_test.py -> build/bdist.linux-ppc64le/wheel/caffe2/python/operator_test
copying build/lib.linux-ppc64le-3.7/caffe2/python/operator_test/mean_op_test.py -> build/bdist.linux-ppc64le/wheel/caffe2/python/operator_test
copying build/lib.linux-ppc64le-3.7/caffe2/python/operator_test/distance_op_test.py -> build/bdist.linux-ppc64le/wheel/caffe2/python/operator_test
copying build/lib.linux-ppc64le-3.7/caffe2/python/operator_test/numpy_tile_op_test.py -> build/bdist.linux-ppc64le/wheel/caffe2/python/operator_test
copying build/lib.linux-ppc64le-3.7/caffe2/python/operator_test/ngram_ops_test.py -> build/bdist.linux-ppc64le/wheel/caffe2/python/operator_test
copying build/lib.linux-ppc64le-3.7/caffe2/python/operator_test/pad_test.py -> build/bdist.linux-ppc64le/wheel/caffe2/python/operator_test
copying build/lib.linux-ppc64le-3.7/caffe2/python/operator_test/rebatching_queue_test.py -> build/bdist.linux-ppc64le/wheel/caffe2/python/operator_test
copying build/lib.linux-ppc64le-3.7/caffe2/python/operator_test/rand_quantization_op_test.py -> build/bdist.linux-ppc64le/wheel/caffe2/python/operator_test
copying build/lib.linux-ppc64le-3.7/caffe2/python/operator_test/sparse_lengths_sum_benchmark.py -> build/bdist.linux-ppc64le/wheel/caffe2/python/operator_test
copying build/lib.linux-ppc64le-3.7/caffe2/python/operator_test/histogram_test.py -> build/bdist.linux-ppc64le/wheel/caffe2/python/operator_test
copying build/lib.linux-ppc64le-3.7/caffe2/python/operator_test/self_binning_histogram_test.py -> build/bdist.linux-ppc64le/wheel/caffe2/python/operator_test
copying build/lib.linux-ppc64le-3.7/caffe2/python/operator_test/rand_quantization_op_speed_test.py -> build/bdist.linux-ppc64le/wheel/caffe2/python/operator_test
copying build/lib.linux-ppc64le-3.7/caffe2/python/operator_test/adagrad_test_helper.py -> build/bdist.linux-ppc64le/wheel/caffe2/python/operator_test
copying build/lib.linux-ppc64le-3.7/caffe2/python/operator_test/hsm_test.py -> build/bdist.linux-ppc64le/wheel/caffe2/python/operator_test
copying build/lib.linux-ppc64le-3.7/caffe2/python/operator_test/video_input_op_test.py -> build/bdist.linux-ppc64le/wheel/caffe2/python/operator_test
copying build/lib.linux-ppc64le-3.7/caffe2/python/operator_test/unique_uniform_fill_op_test.py -> build/bdist.linux-ppc64le/wheel/caffe2/python/operator_test
copying build/lib.linux-ppc64le-3.7/caffe2/python/operator_test/stats_ops_test.py -> build/bdist.linux-ppc64le/wheel/caffe2/python/operator_test
copying build/lib.linux-ppc64le-3.7/caffe2/python/operator_test/math_ops_test.py -> build/bdist.linux-ppc64le/wheel/caffe2/python/operator_test
copying build/lib.linux-ppc64le-3.7/caffe2/python/operator_test/order_switch_test.py -> build/bdist.linux-ppc64le/wheel/caffe2/python/operator_test
copying build/lib.linux-ppc64le-3.7/caffe2/python/operator_test/conv_test.py -> build/bdist.linux-ppc64le/wheel/caffe2/python/operator_test
copying build/lib.linux-ppc64le-3.7/caffe2/python/operator_test/recurrent_network_test.py -> build/bdist.linux-ppc64le/wheel/caffe2/python/operator_test
copying build/lib.linux-ppc64le-3.7/caffe2/python/operator_test/conditional_test.py -> build/bdist.linux-ppc64le/wheel/caffe2/python/operator_test
copying build/lib.linux-ppc64le-3.7/caffe2/python/operator_test/adam_test.py -> build/bdist.linux-ppc64le/wheel/caffe2/python/operator_test
copying build/lib.linux-ppc64le-3.7/caffe2/python/operator_test/gather_ranges_op_test.py -> build/bdist.linux-ppc64le/wheel/caffe2/python/operator_test
copying build/lib.linux-ppc64le-3.7/caffe2/python/operator_test/momentum_sgd_test.py -> build/bdist.linux-ppc64le/wheel/caffe2/python/operator_test
copying build/lib.linux-ppc64le-3.7/caffe2/python/operator_test/batch_box_cox_test.py -> build/bdist.linux-ppc64le/wheel/caffe2/python/operator_test
copying build/lib.linux-ppc64le-3.7/caffe2/python/operator_test/rowwise_counter_test.py -> build/bdist.linux-ppc64le/wheel/caffe2/python/operator_test
copying build/lib.linux-ppc64le-3.7/caffe2/python/operator_test/depthwise_3x3_conv_test.py -> build/bdist.linux-ppc64le/wheel/caffe2/python/operator_test
copying build/lib.linux-ppc64le-3.7/caffe2/python/operator_test/index_ops_test.py -> build/bdist.linux-ppc64le/wheel/caffe2/python/operator_test
copying build/lib.linux-ppc64le-3.7/caffe2/python/operator_test/integral_image_ops_test.py -> build/bdist.linux-ppc64le/wheel/caffe2/python/operator_test
copying build/lib.linux-ppc64le-3.7/caffe2/python/operator_test/segment_ops_test.py -> build/bdist.linux-ppc64le/wheel/caffe2/python/operator_test
copying build/lib.linux-ppc64le-3.7/caffe2/python/operator_test/elementwise_linear_op_test.py -> build/bdist.linux-ppc64le/wheel/caffe2/python/operator_test
copying build/lib.linux-ppc64le-3.7/caffe2/python/operator_test/apmeter_test.py -> build/bdist.linux-ppc64le/wheel/caffe2/python/operator_test
copying build/lib.linux-ppc64le-3.7/caffe2/python/operator_test/channel_shuffle_test.py -> build/bdist.linux-ppc64le/wheel/caffe2/python/operator_test
copying build/lib.linux-ppc64le-3.7/caffe2/python/operator_test/string_ops_test.py -> build/bdist.linux-ppc64le/wheel/caffe2/python/operator_test
copying build/lib.linux-ppc64le-3.7/caffe2/python/operator_test/dropout_op_test.py -> build/bdist.linux-ppc64le/wheel/caffe2/python/operator_test
copying build/lib.linux-ppc64le-3.7/caffe2/python/operator_test/mpi_test.py -> build/bdist.linux-ppc64le/wheel/caffe2/python/operator_test
copying build/lib.linux-ppc64le-3.7/caffe2/python/operator_test/piecewise_linear_transform_test.py -> build/bdist.linux-ppc64le/wheel/caffe2/python/operator_test
copying build/lib.linux-ppc64le-3.7/caffe2/python/operator_test/specialized_segment_ops_test.py -> build/bdist.linux-ppc64le/wheel/caffe2/python/operator_test
copying build/lib.linux-ppc64le-3.7/caffe2/python/operator_test/ceil_op_test.py -> build/bdist.linux-ppc64le/wheel/caffe2/python/operator_test
copying build/lib.linux-ppc64le-3.7/caffe2/python/operator_test/sparse_to_dense_mask_op_test.py -> build/bdist.linux-ppc64le/wheel/caffe2/python/operator_test
copying build/lib.linux-ppc64le-3.7/caffe2/python/operator_test/flexible_top_k_test.py -> build/bdist.linux-ppc64le/wheel/caffe2/python/operator_test
copying build/lib.linux-ppc64le-3.7/caffe2/python/operator_test/boolean_mask_test.py -> build/bdist.linux-ppc64le/wheel/caffe2/python/operator_test
copying build/lib.linux-ppc64le-3.7/caffe2/python/core_test.py -> build/bdist.linux-ppc64le/wheel/caffe2/python
copying build/lib.linux-ppc64le-3.7/caffe2/python/lstm_benchmark.py -> build/bdist.linux-ppc64le/wheel/caffe2/python
copying build/lib.linux-ppc64le-3.7/caffe2/python/normalizer_test.py -> build/bdist.linux-ppc64le/wheel/caffe2/python
copying build/lib.linux-ppc64le-3.7/caffe2/python/extension_loader.py -> build/bdist.linux-ppc64le/wheel/caffe2/python
copying build/lib.linux-ppc64le-3.7/caffe2/python/db_test.py -> build/bdist.linux-ppc64le/wheel/caffe2/python
copying build/lib.linux-ppc64le-3.7/caffe2/python/mkl_test_util.py -> build/bdist.linux-ppc64le/wheel/caffe2/python
copying build/lib.linux-ppc64le-3.7/caffe2/python/normalizer_context.py -> build/bdist.linux-ppc64le/wheel/caffe2/python
copying build/lib.linux-ppc64le-3.7/caffe2/python/optimizer_test_util.py -> build/bdist.linux-ppc64le/wheel/caffe2/python
copying build/lib.linux-ppc64le-3.7/caffe2/python/timeout_guard.py -> build/bdist.linux-ppc64le/wheel/caffe2/python
copying build/lib.linux-ppc64le-3.7/caffe2/python/recurrent.py -> build/bdist.linux-ppc64le/wheel/caffe2/python
copying build/lib.linux-ppc64le-3.7/caffe2/python/schema_test.py -> build/bdist.linux-ppc64le/wheel/caffe2/python
creating build/bdist.linux-ppc64le/wheel/caffe2/python/onnx
copying build/lib.linux-ppc64le-3.7/caffe2/python/onnx/workspace.py -> build/bdist.linux-ppc64le/wheel/caffe2/python/onnx
creating build/bdist.linux-ppc64le/wheel/caffe2/python/onnx/tests
copying build/lib.linux-ppc64le-3.7/caffe2/python/onnx/tests/onnx_backend_test.py -> build/bdist.linux-ppc64le/wheel/caffe2/python/onnx/tests
copying build/lib.linux-ppc64le-3.7/caffe2/python/onnx/tests/c2_ref_test.py -> build/bdist.linux-ppc64le/wheel/caffe2/python/onnx/tests
copying build/lib.linux-ppc64le-3.7/caffe2/python/onnx/tests/conversion_test.py -> build/bdist.linux-ppc64le/wheel/caffe2/python/onnx/tests
copying build/lib.linux-ppc64le-3.7/caffe2/python/onnx/tests/__init__.py -> build/bdist.linux-ppc64le/wheel/caffe2/python/onnx/tests
copying build/lib.linux-ppc64le-3.7/caffe2/python/onnx/tests/test_utils.py -> build/bdist.linux-ppc64le/wheel/caffe2/python/onnx/tests
copying build/lib.linux-ppc64le-3.7/caffe2/python/onnx/tests/ssa_test.py -> build/bdist.linux-ppc64le/wheel/caffe2/python/onnx/tests
copying build/lib.linux-ppc64le-3.7/caffe2/python/onnx/tests/helper_test.py -> build/bdist.linux-ppc64le/wheel/caffe2/python/onnx/tests
creating build/bdist.linux-ppc64le/wheel/caffe2/python/onnx/bin
copying build/lib.linux-ppc64le-3.7/caffe2/python/onnx/bin/__init__.py -> build/bdist.linux-ppc64le/wheel/caffe2/python/onnx/bin
copying build/lib.linux-ppc64le-3.7/caffe2/python/onnx/bin/conversion.py -> build/bdist.linux-ppc64le/wheel/caffe2/python/onnx/bin
copying build/lib.linux-ppc64le-3.7/caffe2/python/onnx/__init__.py -> build/bdist.linux-ppc64le/wheel/caffe2/python/onnx
copying build/lib.linux-ppc64le-3.7/caffe2/python/onnx/test_onnxifi.py -> build/bdist.linux-ppc64le/wheel/caffe2/python/onnx
copying build/lib.linux-ppc64le-3.7/caffe2/python/onnx/helper.py -> build/bdist.linux-ppc64le/wheel/caffe2/python/onnx
copying build/lib.linux-ppc64le-3.7/caffe2/python/onnx/backend.py -> build/bdist.linux-ppc64le/wheel/caffe2/python/onnx
copying build/lib.linux-ppc64le-3.7/caffe2/python/onnx/onnxifi.py -> build/bdist.linux-ppc64le/wheel/caffe2/python/onnx
copying build/lib.linux-ppc64le-3.7/caffe2/python/onnx/frontend.py -> build/bdist.linux-ppc64le/wheel/caffe2/python/onnx
copying build/lib.linux-ppc64le-3.7/caffe2/python/onnx/backend_rep.py -> build/bdist.linux-ppc64le/wheel/caffe2/python/onnx
copying build/lib.linux-ppc64le-3.7/caffe2/python/onnx/error.py -> build/bdist.linux-ppc64le/wheel/caffe2/python/onnx
copying build/lib.linux-ppc64le-3.7/caffe2/python/onnx/backend_cpp_rep.py -> build/bdist.linux-ppc64le/wheel/caffe2/python/onnx
copying build/lib.linux-ppc64le-3.7/caffe2/python/utils_test.py -> build/bdist.linux-ppc64le/wheel/caffe2/python
copying build/lib.linux-ppc64le-3.7/caffe2/python/dataio.py -> build/bdist.linux-ppc64le/wheel/caffe2/python
copying build/lib.linux-ppc64le-3.7/caffe2/python/rnn_cell.py -> build/bdist.linux-ppc64le/wheel/caffe2/python
copying build/lib.linux-ppc64le-3.7/caffe2/python/model_helper_test.py -> build/bdist.linux-ppc64le/wheel/caffe2/python
copying build/lib.linux-ppc64le-3.7/caffe2/python/brew_test.py -> build/bdist.linux-ppc64le/wheel/caffe2/python
copying build/lib.linux-ppc64le-3.7/caffe2/python/crf_predict.py -> build/bdist.linux-ppc64le/wheel/caffe2/python
copying build/lib.linux-ppc64le-3.7/caffe2/python/text_file_reader.py -> build/bdist.linux-ppc64le/wheel/caffe2/python
copying build/lib.linux-ppc64le-3.7/caffe2/python/net_printer_test.py -> build/bdist.linux-ppc64le/wheel/caffe2/python
copying build/lib.linux-ppc64le-3.7/caffe2/python/control.py -> build/bdist.linux-ppc64le/wheel/caffe2/python
copying build/lib.linux-ppc64le-3.7/caffe2/python/__init__.py -> build/bdist.linux-ppc64le/wheel/caffe2/python
copying build/lib.linux-ppc64le-3.7/caffe2/python/crf.py -> build/bdist.linux-ppc64le/wheel/caffe2/python
creating build/bdist.linux-ppc64le/wheel/caffe2/python/models
copying build/lib.linux-ppc64le-3.7/caffe2/python/models/imagenet_trainer_test_utils.py -> build/bdist.linux-ppc64le/wheel/caffe2/python/models
copying build/lib.linux-ppc64le-3.7/caffe2/python/models/resnet_test.py -> build/bdist.linux-ppc64le/wheel/caffe2/python/models
copying build/lib.linux-ppc64le-3.7/caffe2/python/models/__sym_init__.py -> build/bdist.linux-ppc64le/wheel/caffe2/python/models
copying build/lib.linux-ppc64le-3.7/caffe2/python/models/shufflenet_test.py -> build/bdist.linux-ppc64le/wheel/caffe2/python/models
copying build/lib.linux-ppc64le-3.7/caffe2/python/models/resnet.py -> build/bdist.linux-ppc64le/wheel/caffe2/python/models
copying build/lib.linux-ppc64le-3.7/caffe2/python/models/__init__.py -> build/bdist.linux-ppc64le/wheel/caffe2/python/models
copying build/lib.linux-ppc64le-3.7/caffe2/python/models/download.py -> build/bdist.linux-ppc64le/wheel/caffe2/python/models
copying build/lib.linux-ppc64le-3.7/caffe2/python/models/shufflenet.py -> build/bdist.linux-ppc64le/wheel/caffe2/python/models
creating build/bdist.linux-ppc64le/wheel/caffe2/python/models/seq2seq
copying build/lib.linux-ppc64le-3.7/caffe2/python/models/seq2seq/translate.py -> build/bdist.linux-ppc64le/wheel/caffe2/python/models/seq2seq
copying build/lib.linux-ppc64le-3.7/caffe2/python/models/seq2seq/seq2seq_model_helper.py -> build/bdist.linux-ppc64le/wheel/caffe2/python/models/seq2seq
copying build/lib.linux-ppc64le-3.7/caffe2/python/models/seq2seq/__init__.py -> build/bdist.linux-ppc64le/wheel/caffe2/python/models/seq2seq
copying build/lib.linux-ppc64le-3.7/caffe2/python/models/seq2seq/beam_search.py -> build/bdist.linux-ppc64le/wheel/caffe2/python/models/seq2seq
copying build/lib.linux-ppc64le-3.7/caffe2/python/models/seq2seq/seq2seq_model_helper_test.py -> build/bdist.linux-ppc64le/wheel/caffe2/python/models/seq2seq
copying build/lib.linux-ppc64le-3.7/caffe2/python/models/seq2seq/train.py -> build/bdist.linux-ppc64le/wheel/caffe2/python/models/seq2seq
copying build/lib.linux-ppc64le-3.7/caffe2/python/models/seq2seq/seq2seq_util.py -> build/bdist.linux-ppc64le/wheel/caffe2/python/models/seq2seq
copying build/lib.linux-ppc64le-3.7/caffe2/python/models/seq2seq/seq2seq_beam_search_test.py -> build/bdist.linux-ppc64le/wheel/caffe2/python/models/seq2seq
copying build/lib.linux-ppc64le-3.7/caffe2/python/fused_8bit_rowwise_conversion_ops_test.py -> build/bdist.linux-ppc64le/wheel/caffe2/python
copying build/lib.linux-ppc64le-3.7/caffe2/python/nomnigraph_transformations_test.py -> build/bdist.linux-ppc64le/wheel/caffe2/python
creating build/bdist.linux-ppc64le/wheel/caffe2/python/fakelowp
copying build/lib.linux-ppc64le-3.7/caffe2/python/fakelowp/__init__.py -> build/bdist.linux-ppc64le/wheel/caffe2/python/fakelowp
copying build/lib.linux-ppc64le-3.7/caffe2/python/fakelowp/test_utils.py -> build/bdist.linux-ppc64le/wheel/caffe2/python/fakelowp
copying build/lib.linux-ppc64le-3.7/caffe2/python/fakelowp/init_shared_libs.py -> build/bdist.linux-ppc64le/wheel/caffe2/python/fakelowp
copying build/lib.linux-ppc64le-3.7/caffe2/python/checkpoint.py -> build/bdist.linux-ppc64le/wheel/caffe2/python
copying build/lib.linux-ppc64le-3.7/caffe2/python/model_device_test.py -> build/bdist.linux-ppc64le/wheel/caffe2/python
copying build/lib.linux-ppc64le-3.7/caffe2/python/gradient_checker.py -> build/bdist.linux-ppc64le/wheel/caffe2/python
copying build/lib.linux-ppc64le-3.7/caffe2/python/tt_core_test.py -> build/bdist.linux-ppc64le/wheel/caffe2/python
copying build/lib.linux-ppc64le-3.7/caffe2/python/optimizer.py -> build/bdist.linux-ppc64le/wheel/caffe2/python
copying build/lib.linux-ppc64le-3.7/caffe2/python/transformations_test.py -> build/bdist.linux-ppc64le/wheel/caffe2/python
copying build/lib.linux-ppc64le-3.7/caffe2/python/cnn.py -> build/bdist.linux-ppc64le/wheel/caffe2/python
copying build/lib.linux-ppc64le-3.7/caffe2/python/utils.py -> build/bdist.linux-ppc64le/wheel/caffe2/python
copying build/lib.linux-ppc64le-3.7/caffe2/python/control_ops_util.py -> build/bdist.linux-ppc64le/wheel/caffe2/python
copying build/lib.linux-ppc64le-3.7/caffe2/python/control_ops_grad_test.py -> build/bdist.linux-ppc64le/wheel/caffe2/python
copying build/lib.linux-ppc64le-3.7/caffe2/python/embedding_generation_benchmark.py -> build/bdist.linux-ppc64le/wheel/caffe2/python
creating build/bdist.linux-ppc64le/wheel/caffe2/python/modeling
copying build/lib.linux-ppc64le-3.7/caffe2/python/modeling/compute_norm_for_blobs.py -> build/bdist.linux-ppc64le/wheel/caffe2/python/modeling
copying build/lib.linux-ppc64le-3.7/caffe2/python/modeling/compute_histogram_for_blobs.py -> build/bdist.linux-ppc64le/wheel/caffe2/python/modeling
copying build/lib.linux-ppc64le-3.7/caffe2/python/modeling/compute_norm_for_blobs_test.py -> build/bdist.linux-ppc64le/wheel/caffe2/python/modeling
copying build/lib.linux-ppc64le-3.7/caffe2/python/modeling/initializers_test.py -> build/bdist.linux-ppc64le/wheel/caffe2/python/modeling
copying build/lib.linux-ppc64le-3.7/caffe2/python/modeling/parameter_info.py -> build/bdist.linux-ppc64le/wheel/caffe2/python/modeling
copying build/lib.linux-ppc64le-3.7/caffe2/python/modeling/parameter_sharing.py -> build/bdist.linux-ppc64le/wheel/caffe2/python/modeling
copying build/lib.linux-ppc64le-3.7/caffe2/python/modeling/__init__.py -> build/bdist.linux-ppc64le/wheel/caffe2/python/modeling
copying build/lib.linux-ppc64le-3.7/caffe2/python/modeling/get_entry_from_blobs_test.py -> build/bdist.linux-ppc64le/wheel/caffe2/python/modeling
copying build/lib.linux-ppc64le-3.7/caffe2/python/modeling/gradient_clipping_test.py -> build/bdist.linux-ppc64le/wheel/caffe2/python/modeling
copying build/lib.linux-ppc64le-3.7/caffe2/python/modeling/net_modifier.py -> build/bdist.linux-ppc64le/wheel/caffe2/python/modeling
copying build/lib.linux-ppc64le-3.7/caffe2/python/modeling/compute_statistics_for_blobs_test.py -> build/bdist.linux-ppc64le/wheel/caffe2/python/modeling
copying build/lib.linux-ppc64le-3.7/caffe2/python/modeling/compute_histogram_for_blobs_test.py -> build/bdist.linux-ppc64le/wheel/caffe2/python/modeling
copying build/lib.linux-ppc64le-3.7/caffe2/python/modeling/initializers.py -> build/bdist.linux-ppc64le/wheel/caffe2/python/modeling
copying build/lib.linux-ppc64le-3.7/caffe2/python/modeling/gradient_clipping.py -> build/bdist.linux-ppc64le/wheel/caffe2/python/modeling
copying build/lib.linux-ppc64le-3.7/caffe2/python/modeling/compute_statistics_for_blobs.py -> build/bdist.linux-ppc64le/wheel/caffe2/python/modeling
copying build/lib.linux-ppc64le-3.7/caffe2/python/modeling/parameter_sharing_test.py -> build/bdist.linux-ppc64le/wheel/caffe2/python/modeling
copying build/lib.linux-ppc64le-3.7/caffe2/python/modeling/get_entry_from_blobs.py -> build/bdist.linux-ppc64le/wheel/caffe2/python/modeling
copying build/lib.linux-ppc64le-3.7/caffe2/python/data_parallel_model.py -> build/bdist.linux-ppc64le/wheel/caffe2/python
copying build/lib.linux-ppc64le-3.7/caffe2/python/net_builder_test.py -> build/bdist.linux-ppc64le/wheel/caffe2/python
copying build/lib.linux-ppc64le-3.7/caffe2/python/convnet_benchmarks.py -> build/bdist.linux-ppc64le/wheel/caffe2/python
copying build/lib.linux-ppc64le-3.7/caffe2/python/ideep_test_util.py -> build/bdist.linux-ppc64le/wheel/caffe2/python
copying build/lib.linux-ppc64le-3.7/caffe2/python/numa_benchmark.py -> build/bdist.linux-ppc64le/wheel/caffe2/python
copying build/lib.linux-ppc64le-3.7/caffe2/python/workspace_test.py -> build/bdist.linux-ppc64le/wheel/caffe2/python
copying build/lib.linux-ppc64le-3.7/caffe2/python/net_builder.py -> build/bdist.linux-ppc64le/wheel/caffe2/python
copying build/lib.linux-ppc64le-3.7/caffe2/python/observer_test.py -> build/bdist.linux-ppc64le/wheel/caffe2/python
copying build/lib.linux-ppc64le-3.7/caffe2/python/allcompare_test.py -> build/bdist.linux-ppc64le/wheel/caffe2/python
copying build/lib.linux-ppc64le-3.7/caffe2/python/convert.py -> build/bdist.linux-ppc64le/wheel/caffe2/python
copying build/lib.linux-ppc64le-3.7/caffe2/python/net_printer.py -> build/bdist.linux-ppc64le/wheel/caffe2/python
copying build/lib.linux-ppc64le-3.7/caffe2/python/caffe2_pybind11_state.cpython-37m-powerpc64le-linux-gnu.so -> build/bdist.linux-ppc64le/wheel/caffe2/python
copying build/lib.linux-ppc64le-3.7/caffe2/python/attention.py -> build/bdist.linux-ppc64le/wheel/caffe2/python
copying build/lib.linux-ppc64le-3.7/caffe2/python/lazy_dyndep_test.py -> build/bdist.linux-ppc64le/wheel/caffe2/python
copying build/lib.linux-ppc64le-3.7/caffe2/python/model_helper.py -> build/bdist.linux-ppc64le/wheel/caffe2/python
copying build/lib.linux-ppc64le-3.7/caffe2/python/binarysize.py -> build/bdist.linux-ppc64le/wheel/caffe2/python
creating build/bdist.linux-ppc64le/wheel/caffe2/python/layers
copying build/lib.linux-ppc64le-3.7/caffe2/python/layers/label_smooth.py -> build/bdist.linux-ppc64le/wheel/caffe2/python/layers
copying build/lib.linux-ppc64le-3.7/caffe2/python/layers/bpr_loss.py -> build/bdist.linux-ppc64le/wheel/caffe2/python/layers
copying build/lib.linux-ppc64le-3.7/caffe2/python/layers/batch_sigmoid_cross_entropy_loss.py -> build/bdist.linux-ppc64le/wheel/caffe2/python/layers
copying build/lib.linux-ppc64le-3.7/caffe2/python/layers/tags.py -> build/bdist.linux-ppc64le/wheel/caffe2/python/layers
copying build/lib.linux-ppc64le-3.7/caffe2/python/layers/fc_without_bias.py -> build/bdist.linux-ppc64le/wheel/caffe2/python/layers
copying build/lib.linux-ppc64le-3.7/caffe2/python/layers/select_record_by_context.py -> build/bdist.linux-ppc64le/wheel/caffe2/python/layers
copying build/lib.linux-ppc64le-3.7/caffe2/python/layers/homotopy_weight.py -> build/bdist.linux-ppc64le/wheel/caffe2/python/layers
copying build/lib.linux-ppc64le-3.7/caffe2/python/layers/sparse_dropout_with_replacement.py -> build/bdist.linux-ppc64le/wheel/caffe2/python/layers
copying build/lib.linux-ppc64le-3.7/caffe2/python/layers/pairwise_similarity.py -> build/bdist.linux-ppc64le/wheel/caffe2/python/layers
copying build/lib.linux-ppc64le-3.7/caffe2/python/layers/add_bias.py -> build/bdist.linux-ppc64le/wheel/caffe2/python/layers
copying build/lib.linux-ppc64le-3.7/caffe2/python/layers/build_index.py -> build/bdist.linux-ppc64le/wheel/caffe2/python/layers
copying build/lib.linux-ppc64le-3.7/caffe2/python/layers/bucket_weighted.py -> build/bdist.linux-ppc64le/wheel/caffe2/python/layers
copying build/lib.linux-ppc64le-3.7/caffe2/python/layers/last_n_window_collector.py -> build/bdist.linux-ppc64le/wheel/caffe2/python/layers
copying build/lib.linux-ppc64le-3.7/caffe2/python/layers/sparse_lookup.py -> build/bdist.linux-ppc64le/wheel/caffe2/python/layers
copying build/lib.linux-ppc64le-3.7/caffe2/python/layers/batch_normalization.py -> build/bdist.linux-ppc64le/wheel/caffe2/python/layers
copying build/lib.linux-ppc64le-3.7/caffe2/python/layers/sampling_train.py -> build/bdist.linux-ppc64le/wheel/caffe2/python/layers
copying build/lib.linux-ppc64le-3.7/caffe2/python/layers/adaptive_weight.py -> build/bdist.linux-ppc64le/wheel/caffe2/python/layers
copying build/lib.linux-ppc64le-3.7/caffe2/python/layers/batch_softmax_loss.py -> build/bdist.linux-ppc64le/wheel/caffe2/python/layers
copying build/lib.linux-ppc64le-3.7/caffe2/python/layers/__init__.py -> build/bdist.linux-ppc64le/wheel/caffe2/python/layers
copying build/lib.linux-ppc64le-3.7/caffe2/python/layers/batch_mse_loss.py -> build/bdist.linux-ppc64le/wheel/caffe2/python/layers
copying build/lib.linux-ppc64le-3.7/caffe2/python/layers/batch_huber_loss.py -> build/bdist.linux-ppc64le/wheel/caffe2/python/layers
copying build/lib.linux-ppc64le-3.7/caffe2/python/layers/concat.py -> build/bdist.linux-ppc64le/wheel/caffe2/python/layers
copying build/lib.linux-ppc64le-3.7/caffe2/python/layers/gather_record.py -> build/bdist.linux-ppc64le/wheel/caffe2/python/layers
copying build/lib.linux-ppc64le-3.7/caffe2/python/layers/fc.py -> build/bdist.linux-ppc64le/wheel/caffe2/python/layers
copying build/lib.linux-ppc64le-3.7/caffe2/python/layers/blob_weighted_sum.py -> build/bdist.linux-ppc64le/wheel/caffe2/python/layers
copying build/lib.linux-ppc64le-3.7/caffe2/python/layers/fc_with_bootstrap.py -> build/bdist.linux-ppc64le/wheel/caffe2/python/layers
copying build/lib.linux-ppc64le-3.7/caffe2/python/layers/random_fourier_features.py -> build/bdist.linux-ppc64le/wheel/caffe2/python/layers
copying build/lib.linux-ppc64le-3.7/caffe2/python/layers/position_weighted.py -> build/bdist.linux-ppc64le/wheel/caffe2/python/layers
copying build/lib.linux-ppc64le-3.7/caffe2/python/layers/merge_id_lists.py -> build/bdist.linux-ppc64le/wheel/caffe2/python/layers
copying build/lib.linux-ppc64le-3.7/caffe2/python/layers/conv.py -> build/bdist.linux-ppc64le/wheel/caffe2/python/layers
copying build/lib.linux-ppc64le-3.7/caffe2/python/layers/uniform_sampling.py -> build/bdist.linux-ppc64le/wheel/caffe2/python/layers
copying build/lib.linux-ppc64le-3.7/caffe2/python/layers/batch_lr_loss.py -> build/bdist.linux-ppc64le/wheel/caffe2/python/layers
copying build/lib.linux-ppc64le-3.7/caffe2/python/layers/layers.py -> build/bdist.linux-ppc64le/wheel/caffe2/python/layers
copying build/lib.linux-ppc64le-3.7/caffe2/python/layers/semi_random_features.py -> build/bdist.linux-ppc64le/wheel/caffe2/python/layers
copying build/lib.linux-ppc64le-3.7/caffe2/python/layers/layer_normalization.py -> build/bdist.linux-ppc64le/wheel/caffe2/python/layers
copying build/lib.linux-ppc64le-3.7/caffe2/python/layers/reservoir_sampling.py -> build/bdist.linux-ppc64le/wheel/caffe2/python/layers
copying build/lib.linux-ppc64le-3.7/caffe2/python/layers/split.py -> build/bdist.linux-ppc64le/wheel/caffe2/python/layers
copying build/lib.linux-ppc64le-3.7/caffe2/python/layers/sparse_feature_hash.py -> build/bdist.linux-ppc64le/wheel/caffe2/python/layers
copying build/lib.linux-ppc64le-3.7/caffe2/python/layers/dropout.py -> build/bdist.linux-ppc64le/wheel/caffe2/python/layers
copying build/lib.linux-ppc64le-3.7/caffe2/python/layers/constant_weight.py -> build/bdist.linux-ppc64le/wheel/caffe2/python/layers
copying build/lib.linux-ppc64le-3.7/caffe2/python/layers/functional.py -> build/bdist.linux-ppc64le/wheel/caffe2/python/layers
copying build/lib.linux-ppc64le-3.7/caffe2/python/layers/margin_rank_loss.py -> build/bdist.linux-ppc64le/wheel/caffe2/python/layers
copying build/lib.linux-ppc64le-3.7/caffe2/python/layers/feature_sparse_to_dense.py -> build/bdist.linux-ppc64le/wheel/caffe2/python/layers
copying build/lib.linux-ppc64le-3.7/caffe2/python/layers/arc_cosine_feature_map.py -> build/bdist.linux-ppc64le/wheel/caffe2/python/layers
copying build/lib.linux-ppc64le-3.7/caffe2/python/layers/sampling_trainable_mixin.py -> build/bdist.linux-ppc64le/wheel/caffe2/python/layers
copying build/lib.linux-ppc64le-3.7/caffe2/python/optimizer_context.py -> build/bdist.linux-ppc64le/wheel/caffe2/python
copying build/lib.linux-ppc64le-3.7/caffe2/python/crf_viterbi_test.py -> build/bdist.linux-ppc64le/wheel/caffe2/python
copying build/lib.linux-ppc64le-3.7/caffe2/python/core.py -> build/bdist.linux-ppc64le/wheel/caffe2/python
copying build/lib.linux-ppc64le-3.7/caffe2/python/modifier_context.py -> build/bdist.linux-ppc64le/wheel/caffe2/python
copying build/lib.linux-ppc64le-3.7/caffe2/python/regularizer_test.py -> build/bdist.linux-ppc64le/wheel/caffe2/python
copying build/lib.linux-ppc64le-3.7/caffe2/python/layer_test_util.py -> build/bdist.linux-ppc64le/wheel/caffe2/python
copying build/lib.linux-ppc64le-3.7/caffe2/python/schema.py -> build/bdist.linux-ppc64le/wheel/caffe2/python
copying build/lib.linux-ppc64le-3.7/caffe2/python/gru_cell.py -> build/bdist.linux-ppc64le/wheel/caffe2/python
copying build/lib.linux-ppc64le-3.7/caffe2/python/python_op_test.py -> build/bdist.linux-ppc64le/wheel/caffe2/python
copying build/lib.linux-ppc64le-3.7/caffe2/python/nomnigraph_test.py -> build/bdist.linux-ppc64le/wheel/caffe2/python
copying build/lib.linux-ppc64le-3.7/caffe2/python/lengths_reducer_fused_8bit_rowwise_ops_test.py -> build/bdist.linux-ppc64le/wheel/caffe2/python
creating build/bdist.linux-ppc64le/wheel/caffe2/python/test
copying build/lib.linux-ppc64le-3.7/caffe2/python/test/do_op_test.py -> build/bdist.linux-ppc64le/wheel/caffe2/python/test
copying build/lib.linux-ppc64le-3.7/caffe2/python/test/blob_deallocation_test.py -> build/bdist.linux-ppc64le/wheel/caffe2/python/test
copying build/lib.linux-ppc64le-3.7/caffe2/python/test/python_protobuf_test.py -> build/bdist.linux-ppc64le/wheel/caffe2/python/test
copying build/lib.linux-ppc64le-3.7/caffe2/python/test/__init__.py -> build/bdist.linux-ppc64le/wheel/caffe2/python/test
copying build/lib.linux-ppc64le-3.7/caffe2/python/test/executor_test_util.py -> build/bdist.linux-ppc64le/wheel/caffe2/python/test
copying build/lib.linux-ppc64le-3.7/caffe2/python/test/inference_lstm_op_test.py -> build/bdist.linux-ppc64le/wheel/caffe2/python/test
copying build/lib.linux-ppc64le-3.7/caffe2/python/test/executor_test.py -> build/bdist.linux-ppc64le/wheel/caffe2/python/test
copying build/lib.linux-ppc64le-3.7/caffe2/python/test/gpu_context_test.py -> build/bdist.linux-ppc64le/wheel/caffe2/python/test
copying build/lib.linux-ppc64le-3.7/caffe2/python/queue_util.py -> build/bdist.linux-ppc64le/wheel/caffe2/python
copying build/lib.linux-ppc64le-3.7/caffe2/python/layers_test.py -> build/bdist.linux-ppc64le/wheel/caffe2/python
copying build/lib.linux-ppc64le-3.7/caffe2/python/core_gradients_test.py -> build/bdist.linux-ppc64le/wheel/caffe2/python
copying build/lib.linux-ppc64le-3.7/caffe2/python/muji.py -> build/bdist.linux-ppc64le/wheel/caffe2/python
copying build/lib.linux-ppc64le-3.7/caffe2/python/context.py -> build/bdist.linux-ppc64le/wheel/caffe2/python
creating build/bdist.linux-ppc64le/wheel/caffe2/python/examples
copying build/lib.linux-ppc64le-3.7/caffe2/python/examples/resnet50_trainer.py -> build/bdist.linux-ppc64le/wheel/caffe2/python/examples
copying build/lib.linux-ppc64le-3.7/caffe2/python/examples/__init__.py -> build/bdist.linux-ppc64le/wheel/caffe2/python/examples
copying build/lib.linux-ppc64le-3.7/caffe2/python/examples/lmdb_create_example.py -> build/bdist.linux-ppc64le/wheel/caffe2/python/examples
copying build/lib.linux-ppc64le-3.7/caffe2/python/examples/imagenet_trainer.py -> build/bdist.linux-ppc64le/wheel/caffe2/python/examples
copying build/lib.linux-ppc64le-3.7/caffe2/python/examples/char_rnn.py -> build/bdist.linux-ppc64le/wheel/caffe2/python/examples
copying build/lib.linux-ppc64le-3.7/caffe2/python/lengths_reducer_rowwise_8bit_ops_test.py -> build/bdist.linux-ppc64le/wheel/caffe2/python
copying build/lib.linux-ppc64le-3.7/caffe2/python/parallelize_bmuf_distributed_test.py -> build/bdist.linux-ppc64le/wheel/caffe2/python
copying build/lib.linux-ppc64le-3.7/caffe2/python/normalizer.py -> build/bdist.linux-ppc64le/wheel/caffe2/python
copying build/lib.linux-ppc64le-3.7/caffe2/python/hip_test_util.py -> build/bdist.linux-ppc64le/wheel/caffe2/python
copying build/lib.linux-ppc64le-3.7/caffe2/python/operator_fp_exceptions_test.py -> build/bdist.linux-ppc64le/wheel/caffe2/python
creating build/bdist.linux-ppc64le/wheel/caffe2/python/mint
copying build/lib.linux-ppc64le-3.7/caffe2/python/mint/__init__.py -> build/bdist.linux-ppc64le/wheel/caffe2/python/mint
copying build/lib.linux-ppc64le-3.7/caffe2/python/mint/app.py -> build/bdist.linux-ppc64le/wheel/caffe2/python/mint
copying build/lib.linux-ppc64le-3.7/caffe2/python/_import_c_extension.py -> build/bdist.linux-ppc64le/wheel/caffe2/python
copying build/lib.linux-ppc64le-3.7/caffe2/python/convert_test.py -> build/bdist.linux-ppc64le/wheel/caffe2/python
copying build/lib.linux-ppc64le-3.7/caffe2/python/layer_model_helper.py -> build/bdist.linux-ppc64le/wheel/caffe2/python
creating build/bdist.linux-ppc64le/wheel/caffe2/python/mkl
copying build/lib.linux-ppc64le-3.7/caffe2/python/mkl/mkl_speed_test.py -> build/bdist.linux-ppc64le/wheel/caffe2/python/mkl
copying build/lib.linux-ppc64le-3.7/caffe2/python/mkl/mkl_conv_op_test.py -> build/bdist.linux-ppc64le/wheel/caffe2/python/mkl
copying build/lib.linux-ppc64le-3.7/caffe2/python/mkl/mkl_fc_speed_test.py -> build/bdist.linux-ppc64le/wheel/caffe2/python/mkl
copying build/lib.linux-ppc64le-3.7/caffe2/python/mkl/mkl_concat_op_test.py -> build/bdist.linux-ppc64le/wheel/caffe2/python/mkl
copying build/lib.linux-ppc64le-3.7/caffe2/python/mkl/mkl_pool_speed_test.py -> build/bdist.linux-ppc64le/wheel/caffe2/python/mkl
copying build/lib.linux-ppc64le-3.7/caffe2/python/mkl/mkl_LRN_op_test.py -> build/bdist.linux-ppc64le/wheel/caffe2/python/mkl
copying build/lib.linux-ppc64le-3.7/caffe2/python/mkl/mkl_relu_op_test.py -> build/bdist.linux-ppc64le/wheel/caffe2/python/mkl
copying build/lib.linux-ppc64le-3.7/caffe2/python/mkl/__init__.py -> build/bdist.linux-ppc64le/wheel/caffe2/python/mkl
copying build/lib.linux-ppc64le-3.7/caffe2/python/mkl/mkl_sbn_op_test.py -> build/bdist.linux-ppc64le/wheel/caffe2/python/mkl
copying build/lib.linux-ppc64le-3.7/caffe2/python/mkl/mkl_sbn_speed_test.py -> build/bdist.linux-ppc64le/wheel/caffe2/python/mkl
copying build/lib.linux-ppc64le-3.7/caffe2/python/mkl/mkl_squeeze_op_test.py -> build/bdist.linux-ppc64le/wheel/caffe2/python/mkl
copying build/lib.linux-ppc64le-3.7/caffe2/python/mkl/rewrite_graph.py -> build/bdist.linux-ppc64le/wheel/caffe2/python/mkl
copying build/lib.linux-ppc64le-3.7/caffe2/python/mkl/mkl_copy_op_test.py -> build/bdist.linux-ppc64le/wheel/caffe2/python/mkl
copying build/lib.linux-ppc64le-3.7/caffe2/python/mkl/mkl_fill_op_test.py -> build/bdist.linux-ppc64le/wheel/caffe2/python/mkl
copying build/lib.linux-ppc64le-3.7/caffe2/python/mkl/mkl_LRN_speed_test.py -> build/bdist.linux-ppc64le/wheel/caffe2/python/mkl
copying build/lib.linux-ppc64le-3.7/caffe2/python/mkl/mkl_pool_op_test.py -> build/bdist.linux-ppc64le/wheel/caffe2/python/mkl
copying build/lib.linux-ppc64le-3.7/caffe2/python/mkl/rewrite_graph_test.py -> build/bdist.linux-ppc64le/wheel/caffe2/python/mkl
copying build/lib.linux-ppc64le-3.7/caffe2/python/mkl/mkl_sigmoid_op_test.py -> build/bdist.linux-ppc64le/wheel/caffe2/python/mkl
copying build/lib.linux-ppc64le-3.7/caffe2/python/mkl/mkl_elementwise_sum_op_test.py -> build/bdist.linux-ppc64le/wheel/caffe2/python/mkl
copying build/lib.linux-ppc64le-3.7/caffe2/python/mkl/mkl_elementwise_add_op_test.py -> build/bdist.linux-ppc64le/wheel/caffe2/python/mkl
copying build/lib.linux-ppc64le-3.7/caffe2/python/mkl/mkl_fc_op_test.py -> build/bdist.linux-ppc64le/wheel/caffe2/python/mkl
copying build/lib.linux-ppc64le-3.7/caffe2/python/hypothesis_test.py -> build/bdist.linux-ppc64le/wheel/caffe2/python
copying build/lib.linux-ppc64le-3.7/caffe2/python/data_workers.py -> build/bdist.linux-ppc64le/wheel/caffe2/python
copying build/lib.linux-ppc64le-3.7/caffe2/python/layer_model_instantiator.py -> build/bdist.linux-ppc64le/wheel/caffe2/python
copying build/lib.linux-ppc64le-3.7/caffe2/python/toy_regression_test.py -> build/bdist.linux-ppc64le/wheel/caffe2/python
copying build/lib.linux-ppc64le-3.7/caffe2/python/transformations.py -> build/bdist.linux-ppc64le/wheel/caffe2/python
copying build/lib.linux-ppc64le-3.7/caffe2/python/hsm_util.py -> build/bdist.linux-ppc64le/wheel/caffe2/python
copying build/lib.linux-ppc64le-3.7/caffe2/python/task_test.py -> build/bdist.linux-ppc64le/wheel/caffe2/python
copying build/lib.linux-ppc64le-3.7/caffe2/python/regularizer_context.py -> build/bdist.linux-ppc64le/wheel/caffe2/python
copying build/lib.linux-ppc64le-3.7/caffe2/python/lazy_dyndep.py -> build/bdist.linux-ppc64le/wheel/caffe2/python
creating build/bdist.linux-ppc64le/wheel/caffe2/python/helpers
copying build/lib.linux-ppc64le-3.7/caffe2/python/helpers/tools.py -> build/bdist.linux-ppc64le/wheel/caffe2/python/helpers
copying build/lib.linux-ppc64le-3.7/caffe2/python/helpers/algebra.py -> build/bdist.linux-ppc64le/wheel/caffe2/python/helpers
copying build/lib.linux-ppc64le-3.7/caffe2/python/helpers/db_input.py -> build/bdist.linux-ppc64le/wheel/caffe2/python/helpers
copying build/lib.linux-ppc64le-3.7/caffe2/python/helpers/__init__.py -> build/bdist.linux-ppc64le/wheel/caffe2/python/helpers
copying build/lib.linux-ppc64le-3.7/caffe2/python/helpers/nonlinearity.py -> build/bdist.linux-ppc64le/wheel/caffe2/python/helpers
copying build/lib.linux-ppc64le-3.7/caffe2/python/helpers/control_ops.py -> build/bdist.linux-ppc64le/wheel/caffe2/python/helpers
copying build/lib.linux-ppc64le-3.7/caffe2/python/helpers/fc.py -> build/bdist.linux-ppc64le/wheel/caffe2/python/helpers
copying build/lib.linux-ppc64le-3.7/caffe2/python/helpers/array_helpers.py -> build/bdist.linux-ppc64le/wheel/caffe2/python/helpers
copying build/lib.linux-ppc64le-3.7/caffe2/python/helpers/conv.py -> build/bdist.linux-ppc64le/wheel/caffe2/python/helpers
copying build/lib.linux-ppc64le-3.7/caffe2/python/helpers/elementwise_linear.py -> build/bdist.linux-ppc64le/wheel/caffe2/python/helpers
copying build/lib.linux-ppc64le-3.7/caffe2/python/helpers/train.py -> build/bdist.linux-ppc64le/wheel/caffe2/python/helpers
copying build/lib.linux-ppc64le-3.7/caffe2/python/helpers/arg_scope.py -> build/bdist.linux-ppc64le/wheel/caffe2/python/helpers
copying build/lib.linux-ppc64le-3.7/caffe2/python/helpers/dropout.py -> build/bdist.linux-ppc64le/wheel/caffe2/python/helpers
copying build/lib.linux-ppc64le-3.7/caffe2/python/helpers/pooling.py -> build/bdist.linux-ppc64le/wheel/caffe2/python/helpers
copying build/lib.linux-ppc64le-3.7/caffe2/python/helpers/normalization.py -> build/bdist.linux-ppc64le/wheel/caffe2/python/helpers
copying build/lib.linux-ppc64le-3.7/caffe2/python/caffe2_pybind11_state_gpu.cpython-37m-powerpc64le-linux-gnu.so -> build/bdist.linux-ppc64le/wheel/caffe2/python
creating build/bdist.linux-ppc64le/wheel/caffe2/python/rnn
copying build/lib.linux-ppc64le-3.7/caffe2/python/rnn/rnn_cell_test_util.py -> build/bdist.linux-ppc64le/wheel/caffe2/python/rnn
copying build/lib.linux-ppc64le-3.7/caffe2/python/rnn/__init__.py -> build/bdist.linux-ppc64le/wheel/caffe2/python/rnn
copying build/lib.linux-ppc64le-3.7/caffe2/python/rnn/lstm_comparison.py -> build/bdist.linux-ppc64le/wheel/caffe2/python/rnn
copying build/lib.linux-ppc64le-3.7/caffe2/python/sparse_to_dense_mask_test.py -> build/bdist.linux-ppc64le/wheel/caffe2/python
copying build/lib.linux-ppc64le-3.7/caffe2/python/compatibility.py -> build/bdist.linux-ppc64le/wheel/caffe2/python
copying build/lib.linux-ppc64le-3.7/caffe2/python/pipeline_test.py -> build/bdist.linux-ppc64le/wheel/caffe2/python
copying build/lib.linux-ppc64le-3.7/caffe2/python/test_util.py -> build/bdist.linux-ppc64le/wheel/caffe2/python
copying build/lib.linux-ppc64le-3.7/caffe2/python/predictor_constants.py -> build/bdist.linux-ppc64le/wheel/caffe2/python
copying build/lib.linux-ppc64le-3.7/caffe2/python/context_test.py -> build/bdist.linux-ppc64le/wheel/caffe2/python
copying build/lib.linux-ppc64le-3.7/caffe2/python/parallel_workers.py -> build/bdist.linux-ppc64le/wheel/caffe2/python
copying build/lib.linux-ppc64le-3.7/caffe2/python/functional.py -> build/bdist.linux-ppc64le/wheel/caffe2/python
copying build/lib.linux-ppc64le-3.7/caffe2/python/hypothesis_test_util.py -> build/bdist.linux-ppc64le/wheel/caffe2/python
copying build/lib.linux-ppc64le-3.7/caffe2/python/dataio_test.py -> build/bdist.linux-ppc64le/wheel/caffe2/python
copying build/lib.linux-ppc64le-3.7/caffe2/python/nomnigraph_transformations.py -> build/bdist.linux-ppc64le/wheel/caffe2/python
copying build/lib.linux-ppc64le-3.7/caffe2/python/memonger_test.py -> build/bdist.linux-ppc64le/wheel/caffe2/python
copying build/lib.linux-ppc64le-3.7/caffe2/python/gradient_check_test.py -> build/bdist.linux-ppc64le/wheel/caffe2/python
copying build/lib.linux-ppc64le-3.7/caffe2/python/session.py -> build/bdist.linux-ppc64le/wheel/caffe2/python
copying build/lib.linux-ppc64le-3.7/caffe2/python/scope.py -> build/bdist.linux-ppc64le/wheel/caffe2/python
copying build/lib.linux-ppc64le-3.7/caffe2/python/dataset.py -> build/bdist.linux-ppc64le/wheel/caffe2/python
copying build/lib.linux-ppc64le-3.7/caffe2/python/numa_test.py -> build/bdist.linux-ppc64le/wheel/caffe2/python
copying build/lib.linux-ppc64le-3.7/caffe2/python/muji_test.py -> build/bdist.linux-ppc64le/wheel/caffe2/python
copying build/lib.linux-ppc64le-3.7/caffe2/python/net_drawer.py -> build/bdist.linux-ppc64le/wheel/caffe2/python
copying build/lib.linux-ppc64le-3.7/caffe2/python/tt_core.py -> build/bdist.linux-ppc64le/wheel/caffe2/python
creating build/bdist.linux-ppc64le/wheel/caffe2/quantization
creating build/bdist.linux-ppc64le/wheel/caffe2/quantization/server
copying build/lib.linux-ppc64le-3.7/caffe2/quantization/server/conv_groupwise_dnnlowp_op_test.py -> build/bdist.linux-ppc64le/wheel/caffe2/quantization/server
copying build/lib.linux-ppc64le-3.7/caffe2/quantization/server/fully_connected_rowwise_dnnlowp_op_test.py -> build/bdist.linux-ppc64le/wheel/caffe2/quantization/server
copying build/lib.linux-ppc64le-3.7/caffe2/quantization/server/elementwise_add_dnnlowp_op_test.py -> build/bdist.linux-ppc64le/wheel/caffe2/quantization/server
copying build/lib.linux-ppc64le-3.7/caffe2/quantization/server/lstm_unit_dnnlowp_op_test.py -> build/bdist.linux-ppc64le/wheel/caffe2/quantization/server
copying build/lib.linux-ppc64le-3.7/caffe2/quantization/server/conv_depthwise_dnnlowp_op_test.py -> build/bdist.linux-ppc64le/wheel/caffe2/quantization/server
copying build/lib.linux-ppc64le-3.7/caffe2/quantization/server/quantize_dnnlowp_op_test.py -> build/bdist.linux-ppc64le/wheel/caffe2/quantization/server
copying build/lib.linux-ppc64le-3.7/caffe2/quantization/server/channel_shuffle_dnnlowp_op_test.py -> build/bdist.linux-ppc64le/wheel/caffe2/quantization/server
copying build/lib.linux-ppc64le-3.7/caffe2/quantization/server/elementwise_linear_dnnlowp_op_test.py -> build/bdist.linux-ppc64le/wheel/caffe2/quantization/server
copying build/lib.linux-ppc64le-3.7/caffe2/quantization/server/gather_dnnlowp_op_test.py -> build/bdist.linux-ppc64le/wheel/caffe2/quantization/server
copying build/lib.linux-ppc64le-3.7/caffe2/quantization/server/concat_dnnlowp_op_test.py -> build/bdist.linux-ppc64le/wheel/caffe2/quantization/server
copying build/lib.linux-ppc64le-3.7/caffe2/quantization/server/conv_dnnlowp_op_test.py -> build/bdist.linux-ppc64le/wheel/caffe2/quantization/server
copying build/lib.linux-ppc64le-3.7/caffe2/quantization/server/elementwise_sum_dnnlowp_op_test.py -> build/bdist.linux-ppc64le/wheel/caffe2/quantization/server
copying build/lib.linux-ppc64le-3.7/caffe2/quantization/server/spatial_batch_norm_dnnlowp_op_test.py -> build/bdist.linux-ppc64le/wheel/caffe2/quantization/server
copying build/lib.linux-ppc64le-3.7/caffe2/quantization/server/__init__.py -> build/bdist.linux-ppc64le/wheel/caffe2/quantization/server
copying build/lib.linux-ppc64le-3.7/caffe2/quantization/server/int8_quant_scheme_blob_fill_test.py -> build/bdist.linux-ppc64le/wheel/caffe2/quantization/server
copying build/lib.linux-ppc64le-3.7/caffe2/quantization/server/dequantize_dnnlowp_op_test.py -> build/bdist.linux-ppc64le/wheel/caffe2/quantization/server
copying build/lib.linux-ppc64le-3.7/caffe2/quantization/server/pool_dnnlowp_op_test.py -> build/bdist.linux-ppc64le/wheel/caffe2/quantization/server
copying build/lib.linux-ppc64le-3.7/caffe2/quantization/server/utils.py -> build/bdist.linux-ppc64le/wheel/caffe2/quantization/server
copying build/lib.linux-ppc64le-3.7/caffe2/quantization/server/elementwise_mul_dnnlowp_op_test.py -> build/bdist.linux-ppc64le/wheel/caffe2/quantization/server
copying build/lib.linux-ppc64le-3.7/caffe2/quantization/server/dnnlowp_test_utils.py -> build/bdist.linux-ppc64le/wheel/caffe2/quantization/server
copying build/lib.linux-ppc64le-3.7/caffe2/quantization/server/fully_connected_dnnlowp_op_test.py -> build/bdist.linux-ppc64le/wheel/caffe2/quantization/server
copying build/lib.linux-ppc64le-3.7/caffe2/quantization/server/conv_dnnlowp_acc16_op_test.py -> build/bdist.linux-ppc64le/wheel/caffe2/quantization/server
copying build/lib.linux-ppc64le-3.7/caffe2/quantization/server/batch_permutation_dnnlowp_op_test.py -> build/bdist.linux-ppc64le/wheel/caffe2/quantization/server
copying build/lib.linux-ppc64le-3.7/caffe2/quantization/server/fully_connected_dnnlowp_acc16_op_test.py -> build/bdist.linux-ppc64le/wheel/caffe2/quantization/server
copying build/lib.linux-ppc64le-3.7/caffe2/quantization/server/observer_test.py -> build/bdist.linux-ppc64le/wheel/caffe2/quantization/server
copying build/lib.linux-ppc64le-3.7/caffe2/quantization/server/resize_nearest_3d_dnnlowp_op_test.py -> build/bdist.linux-ppc64le/wheel/caffe2/quantization/server
copying build/lib.linux-ppc64le-3.7/caffe2/quantization/server/fully_connected_fp16_test.py -> build/bdist.linux-ppc64le/wheel/caffe2/quantization/server
copying build/lib.linux-ppc64le-3.7/caffe2/quantization/server/sigmoid_dnnlowp_op_test.py -> build/bdist.linux-ppc64le/wheel/caffe2/quantization/server
copying build/lib.linux-ppc64le-3.7/caffe2/quantization/server/resize_nearest_dnnlowp_op_test.py -> build/bdist.linux-ppc64le/wheel/caffe2/quantization/server
copying build/lib.linux-ppc64le-3.7/caffe2/quantization/server/group_norm_dnnlowp_op_test.py -> build/bdist.linux-ppc64le/wheel/caffe2/quantization/server
copying build/lib.linux-ppc64le-3.7/caffe2/quantization/server/batch_matmul_dnnlowp_op_test.py -> build/bdist.linux-ppc64le/wheel/caffe2/quantization/server
copying build/lib.linux-ppc64le-3.7/caffe2/quantization/server/int8_gen_quant_params_test.py -> build/bdist.linux-ppc64le/wheel/caffe2/quantization/server
copying build/lib.linux-ppc64le-3.7/caffe2/quantization/server/conv_groupwise_dnnlowp_acc16_op_test.py -> build/bdist.linux-ppc64le/wheel/caffe2/quantization/server
copying build/lib.linux-ppc64le-3.7/caffe2/quantization/server/tanh_dnnlowp_op_test.py -> build/bdist.linux-ppc64le/wheel/caffe2/quantization/server
copying build/lib.linux-ppc64le-3.7/caffe2/quantization/server/relu_dnnlowp_op_test.py -> build/bdist.linux-ppc64le/wheel/caffe2/quantization/server
copying build/lib.linux-ppc64le-3.7/caffe2/quantization/__init__.py -> build/bdist.linux-ppc64le/wheel/caffe2/quantization
copying build/lib.linux-ppc64le-3.7/caffe2/__init__.py -> build/bdist.linux-ppc64le/wheel/caffe2
creating build/bdist.linux-ppc64le/wheel/caffe2/experiments
creating build/bdist.linux-ppc64le/wheel/caffe2/experiments/python
copying build/lib.linux-ppc64le-3.7/caffe2/experiments/python/tt_pad_op_test.py -> build/bdist.linux-ppc64le/wheel/caffe2/experiments/python
copying build/lib.linux-ppc64le-3.7/caffe2/experiments/python/device_reduce_sum_bench.py -> build/bdist.linux-ppc64le/wheel/caffe2/experiments/python
copying build/lib.linux-ppc64le-3.7/caffe2/experiments/python/tt_contraction_op_test.py -> build/bdist.linux-ppc64le/wheel/caffe2/experiments/python
copying build/lib.linux-ppc64le-3.7/caffe2/experiments/python/SparseTransformer.py -> build/bdist.linux-ppc64le/wheel/caffe2/experiments/python
copying build/lib.linux-ppc64le-3.7/caffe2/experiments/python/__init__.py -> build/bdist.linux-ppc64le/wheel/caffe2/experiments/python
copying build/lib.linux-ppc64le-3.7/caffe2/experiments/python/convnet_benchmarks.py -> build/bdist.linux-ppc64le/wheel/caffe2/experiments/python
copying build/lib.linux-ppc64le-3.7/caffe2/experiments/python/funhash_op_test.py -> build/bdist.linux-ppc64le/wheel/caffe2/experiments/python
copying build/lib.linux-ppc64le-3.7/caffe2/experiments/python/sparse_reshape_op_test.py -> build/bdist.linux-ppc64le/wheel/caffe2/experiments/python
copying build/lib.linux-ppc64le-3.7/caffe2/experiments/python/sparse_funhash_op_test.py -> build/bdist.linux-ppc64le/wheel/caffe2/experiments/python
copying build/lib.linux-ppc64le-3.7/caffe2/experiments/python/net_construct_bench.py -> build/bdist.linux-ppc64le/wheel/caffe2/experiments/python
copying build/lib.linux-ppc64le-3.7/caffe2/experiments/__init__.py -> build/bdist.linux-ppc64le/wheel/caffe2/experiments
creating build/bdist.linux-ppc64le/wheel/caffe2/perfkernels
copying build/lib.linux-ppc64le-3.7/caffe2/perfkernels/hp_emblookup_codegen.py -> build/bdist.linux-ppc64le/wheel/caffe2/perfkernels
copying build/lib.linux-ppc64le-3.7/caffe2/perfkernels/__init__.py -> build/bdist.linux-ppc64le/wheel/caffe2/perfkernels
creating build/bdist.linux-ppc64le/wheel/caffe2/distributed
copying build/lib.linux-ppc64le-3.7/caffe2/distributed/__init__.py -> build/bdist.linux-ppc64le/wheel/caffe2/distributed
copying build/lib.linux-ppc64le-3.7/caffe2/distributed/file_store_handler_op_test.py -> build/bdist.linux-ppc64le/wheel/caffe2/distributed
copying build/lib.linux-ppc64le-3.7/caffe2/distributed/store_ops_test_util.py -> build/bdist.linux-ppc64le/wheel/caffe2/distributed
copying build/lib.linux-ppc64le-3.7/caffe2/distributed/redis_store_handler_op_test.py -> build/bdist.linux-ppc64le/wheel/caffe2/distributed
running install_egg_info
running egg_info
creating torch.egg-info
writing torch.egg-info/PKG-INFO
writing dependency_links to torch.egg-info/dependency_links.txt
writing entry points to torch.egg-info/entry_points.txt
writing requirements to torch.egg-info/requires.txt
writing top-level names to torch.egg-info/top_level.txt
writing manifest file 'torch.egg-info/SOURCES.txt'
writing manifest file 'torch.egg-info/SOURCES.txt'
Copying torch.egg-info to build/bdist.linux-ppc64le/wheel/torch-1.7.0a0+4f72382-py3.7.egg-info
running install_scripts
adding license file "LICENSE" (matched pattern "LICEN[CS]E*")
adding license file "NOTICE" (matched pattern "NOTICE*")
creating build/bdist.linux-ppc64le/wheel/torch-1.7.0a0+4f72382.dist-info/WHEEL
creating 'dist/torch-1.7.0a0+4f72382-cp37-cp37m-linux_ppc64le.whl' and adding 'build/bdist.linux-ppc64le/wheel' to it
adding 'caffe2/__init__.py'
adding 'caffe2/contrib/__init__.py'
adding 'caffe2/contrib/aten/__init__.py'
adding 'caffe2/contrib/aten/aten_test.py'
adding 'caffe2/contrib/aten/gen_op.py'
adding 'caffe2/contrib/aten/docs/__init__.py'
adding 'caffe2/contrib/aten/docs/sample.py'
adding 'caffe2/contrib/gloo/__init__.py'
adding 'caffe2/contrib/gloo/gloo_test.py'
adding 'caffe2/contrib/nccl/__init__.py'
adding 'caffe2/contrib/nccl/nccl_ops_test.py'
adding 'caffe2/contrib/nnpack/__init__.py'
adding 'caffe2/contrib/nnpack/nnpack_ops_test.py'
adding 'caffe2/contrib/playground/AnyExp.py'
adding 'caffe2/contrib/playground/AnyExpOnTerm.py'
adding 'caffe2/contrib/playground/ModuleRegister.py'
adding 'caffe2/contrib/playground/__init__.py'
adding 'caffe2/contrib/playground/checkpoint.py'
adding 'caffe2/contrib/playground/compute_loss.py'
adding 'caffe2/contrib/playground/compute_topk_accuracy.py'
adding 'caffe2/contrib/playground/meter.py'
adding 'caffe2/contrib/playground/module_map.py'
adding 'caffe2/contrib/playground/output_generator.py'
adding 'caffe2/contrib/playground/resnetdemo/IN1k_resnet.py'
adding 'caffe2/contrib/playground/resnetdemo/IN1k_resnet_no_test_model.py'
adding 'caffe2/contrib/playground/resnetdemo/__init__.py'
adding 'caffe2/contrib/playground/resnetdemo/caffe2_resnet50_default_forward.py'
adding 'caffe2/contrib/playground/resnetdemo/caffe2_resnet50_default_param_update.py'
adding 'caffe2/contrib/playground/resnetdemo/explicit_resnet_forward.py'
adding 'caffe2/contrib/playground/resnetdemo/explicit_resnet_param_update.py'
adding 'caffe2/contrib/playground/resnetdemo/gfs_IN1k.py'
adding 'caffe2/contrib/playground/resnetdemo/override_no_test_model_no_checkpoint.py'
adding 'caffe2/contrib/playground/resnetdemo/rendezvous_filestore.py'
adding 'caffe2/contrib/prof/__init__.py'
adding 'caffe2/contrib/prof/cuda_profile_ops_test.py'
adding 'caffe2/contrib/script/__init__.py'
adding 'caffe2/contrib/script/examples/__init__.py'
adding 'caffe2/contrib/tensorboard/__init__.py'
adding 'caffe2/contrib/tensorboard/tensorboard.py'
adding 'caffe2/contrib/tensorboard/tensorboard_exporter.py'
adding 'caffe2/contrib/tensorboard/tensorboard_exporter_test.py'
adding 'caffe2/contrib/tensorboard/tensorboard_test.py'
adding 'caffe2/contrib/warpctc/__init__.py'
adding 'caffe2/contrib/warpctc/ctc_ops_test.py'
adding 'caffe2/core/__init__.py'
adding 'caffe2/core/nomnigraph/__init__.py'
adding 'caffe2/core/nomnigraph/op_gen.py'
adding 'caffe2/distributed/__init__.py'
adding 'caffe2/distributed/file_store_handler_op_test.py'
adding 'caffe2/distributed/redis_store_handler_op_test.py'
adding 'caffe2/distributed/store_ops_test_util.py'
adding 'caffe2/experiments/__init__.py'
adding 'caffe2/experiments/python/SparseTransformer.py'
adding 'caffe2/experiments/python/__init__.py'
adding 'caffe2/experiments/python/convnet_benchmarks.py'
adding 'caffe2/experiments/python/device_reduce_sum_bench.py'
adding 'caffe2/experiments/python/funhash_op_test.py'
adding 'caffe2/experiments/python/net_construct_bench.py'
adding 'caffe2/experiments/python/sparse_funhash_op_test.py'
adding 'caffe2/experiments/python/sparse_reshape_op_test.py'
adding 'caffe2/experiments/python/tt_contraction_op_test.py'
adding 'caffe2/experiments/python/tt_pad_op_test.py'
adding 'caffe2/perfkernels/__init__.py'
adding 'caffe2/perfkernels/hp_emblookup_codegen.py'
adding 'caffe2/proto/__init__.py'
adding 'caffe2/proto/caffe2_legacy_pb2.py'
adding 'caffe2/proto/caffe2_pb2.py'
adding 'caffe2/proto/hsm_pb2.py'
adding 'caffe2/proto/metanet_pb2.py'
adding 'caffe2/proto/predictor_consts_pb2.py'
adding 'caffe2/proto/prof_dag_pb2.py'
adding 'caffe2/proto/torch_pb2.py'
adding 'caffe2/python/__init__.py'
adding 'caffe2/python/_import_c_extension.py'
adding 'caffe2/python/allcompare_test.py'
adding 'caffe2/python/attention.py'
adding 'caffe2/python/benchmark_generator.py'
adding 'caffe2/python/binarysize.py'
adding 'caffe2/python/brew.py'
adding 'caffe2/python/brew_test.py'
adding 'caffe2/python/build.py'
adding 'caffe2/python/cached_reader.py'
adding 'caffe2/python/caffe2_pybind11_state.cpython-37m-powerpc64le-linux-gnu.so'
adding 'caffe2/python/caffe2_pybind11_state_gpu.cpython-37m-powerpc64le-linux-gnu.so'
adding 'caffe2/python/caffe_translator.py'
adding 'caffe2/python/caffe_translator_test.py'
adding 'caffe2/python/checkpoint.py'
adding 'caffe2/python/checkpoint_test.py'
adding 'caffe2/python/cnn.py'
adding 'caffe2/python/compatibility.py'
adding 'caffe2/python/context.py'
adding 'caffe2/python/context_test.py'
adding 'caffe2/python/control.py'
adding 'caffe2/python/control_ops_grad.py'
adding 'caffe2/python/control_ops_grad_test.py'
adding 'caffe2/python/control_ops_util.py'
adding 'caffe2/python/control_test.py'
adding 'caffe2/python/convert.py'
adding 'caffe2/python/convert_test.py'
adding 'caffe2/python/convnet_benchmarks.py'
adding 'caffe2/python/convnet_benchmarks_test.py'
adding 'caffe2/python/core.py'
adding 'caffe2/python/core_gradients_test.py'
adding 'caffe2/python/core_test.py'
adding 'caffe2/python/crf.py'
adding 'caffe2/python/crf_predict.py'
adding 'caffe2/python/crf_viterbi_test.py'
adding 'caffe2/python/data_parallel_model.py'
adding 'caffe2/python/data_parallel_model_test.py'
adding 'caffe2/python/data_workers.py'
adding 'caffe2/python/data_workers_test.py'
adding 'caffe2/python/dataio.py'
adding 'caffe2/python/dataio_test.py'
adding 'caffe2/python/dataset.py'
adding 'caffe2/python/db_file_reader.py'
adding 'caffe2/python/db_test.py'
adding 'caffe2/python/device_checker.py'
adding 'caffe2/python/dyndep.py'
adding 'caffe2/python/embedding_generation_benchmark.py'
adding 'caffe2/python/experiment_util.py'
adding 'caffe2/python/extension_loader.py'
adding 'caffe2/python/filler_test.py'
adding 'caffe2/python/functional.py'
adding 'caffe2/python/functional_test.py'
adding 'caffe2/python/fused_8bit_rowwise_conversion_ops_test.py'
adding 'caffe2/python/gradient_check_test.py'
adding 'caffe2/python/gradient_checker.py'
adding 'caffe2/python/gru_cell.py'
adding 'caffe2/python/hip_test_util.py'
adding 'caffe2/python/hsm_util.py'
adding 'caffe2/python/hypothesis_test.py'
adding 'caffe2/python/hypothesis_test_util.py'
adding 'caffe2/python/ideep_test_util.py'
adding 'caffe2/python/layer_model_helper.py'
adding 'caffe2/python/layer_model_instantiator.py'
adding 'caffe2/python/layer_parameter_sharing_test.py'
adding 'caffe2/python/layer_test_util.py'
adding 'caffe2/python/layers_test.py'
adding 'caffe2/python/lazy.py'
adding 'caffe2/python/lazy_dyndep.py'
adding 'caffe2/python/lazy_dyndep_test.py'
adding 'caffe2/python/lengths_reducer_fused_8bit_rowwise_ops_test.py'
adding 'caffe2/python/lengths_reducer_rowwise_8bit_ops_test.py'
adding 'caffe2/python/lstm_benchmark.py'
adding 'caffe2/python/memonger.py'
adding 'caffe2/python/memonger_test.py'
adding 'caffe2/python/mkl_test_util.py'
adding 'caffe2/python/model_device_test.py'
adding 'caffe2/python/model_helper.py'
adding 'caffe2/python/model_helper_test.py'
adding 'caffe2/python/modifier_context.py'
adding 'caffe2/python/muji.py'
adding 'caffe2/python/muji_test.py'
adding 'caffe2/python/net_builder.py'
adding 'caffe2/python/net_builder_test.py'
adding 'caffe2/python/net_drawer.py'
adding 'caffe2/python/net_printer.py'
adding 'caffe2/python/net_printer_test.py'
adding 'caffe2/python/nomnigraph.py'
adding 'caffe2/python/nomnigraph_test.py'
adding 'caffe2/python/nomnigraph_transformations.py'
adding 'caffe2/python/nomnigraph_transformations_test.py'
adding 'caffe2/python/normalizer.py'
adding 'caffe2/python/normalizer_context.py'
adding 'caffe2/python/normalizer_test.py'
adding 'caffe2/python/numa_benchmark.py'
adding 'caffe2/python/numa_test.py'
adding 'caffe2/python/observer_test.py'
adding 'caffe2/python/operator_fp_exceptions_test.py'
adding 'caffe2/python/optimizer.py'
adding 'caffe2/python/optimizer_context.py'
adding 'caffe2/python/optimizer_test.py'
adding 'caffe2/python/optimizer_test_util.py'
adding 'caffe2/python/parallel_workers.py'
adding 'caffe2/python/parallel_workers_test.py'
adding 'caffe2/python/parallelize_bmuf_distributed_test.py'
adding 'caffe2/python/pipeline.py'
adding 'caffe2/python/pipeline_test.py'
adding 'caffe2/python/predictor_constants.py'
adding 'caffe2/python/python_op_test.py'
adding 'caffe2/python/queue_util.py'
adding 'caffe2/python/record_queue.py'
adding 'caffe2/python/recurrent.py'
adding 'caffe2/python/regularizer.py'
adding 'caffe2/python/regularizer_context.py'
adding 'caffe2/python/regularizer_test.py'
adding 'caffe2/python/rnn_cell.py'
adding 'caffe2/python/schema.py'
adding 'caffe2/python/schema_test.py'
adding 'caffe2/python/scope.py'
adding 'caffe2/python/scope_test.py'
adding 'caffe2/python/session.py'
adding 'caffe2/python/session_test.py'
adding 'caffe2/python/sparse_to_dense_mask_test.py'
adding 'caffe2/python/sparse_to_dense_test.py'
adding 'caffe2/python/task.py'
adding 'caffe2/python/task_test.py'
adding 'caffe2/python/test_util.py'
adding 'caffe2/python/text_file_reader.py'
adding 'caffe2/python/timeout_guard.py'
adding 'caffe2/python/toy_regression_test.py'
adding 'caffe2/python/transformations.py'
adding 'caffe2/python/transformations_test.py'
adding 'caffe2/python/tt_core.py'
adding 'caffe2/python/tt_core_test.py'
adding 'caffe2/python/utils.py'
adding 'caffe2/python/utils_test.py'
adding 'caffe2/python/visualize.py'
adding 'caffe2/python/workspace.py'
adding 'caffe2/python/workspace_test.py'
adding 'caffe2/python/docs/__init__.py'
adding 'caffe2/python/docs/formatter.py'
adding 'caffe2/python/docs/generator.py'
adding 'caffe2/python/docs/github.py'
adding 'caffe2/python/docs/parser.py'
adding 'caffe2/python/examples/__init__.py'
adding 'caffe2/python/examples/char_rnn.py'
adding 'caffe2/python/examples/imagenet_trainer.py'
adding 'caffe2/python/examples/lmdb_create_example.py'
adding 'caffe2/python/examples/resnet50_trainer.py'
adding 'caffe2/python/fakelowp/__init__.py'
adding 'caffe2/python/fakelowp/init_shared_libs.py'
adding 'caffe2/python/fakelowp/test_utils.py'
adding 'caffe2/python/helpers/__init__.py'
adding 'caffe2/python/helpers/algebra.py'
adding 'caffe2/python/helpers/arg_scope.py'
adding 'caffe2/python/helpers/array_helpers.py'
adding 'caffe2/python/helpers/control_ops.py'
adding 'caffe2/python/helpers/conv.py'
adding 'caffe2/python/helpers/db_input.py'
adding 'caffe2/python/helpers/dropout.py'
adding 'caffe2/python/helpers/elementwise_linear.py'
adding 'caffe2/python/helpers/fc.py'
adding 'caffe2/python/helpers/nonlinearity.py'
adding 'caffe2/python/helpers/normalization.py'
adding 'caffe2/python/helpers/pooling.py'
adding 'caffe2/python/helpers/tools.py'
adding 'caffe2/python/helpers/train.py'
adding 'caffe2/python/ideep/LRN_op_test.py'
adding 'caffe2/python/ideep/__init__.py'
adding 'caffe2/python/ideep/adam_op_test.py'
adding 'caffe2/python/ideep/blobs_queue_db_test.py'
adding 'caffe2/python/ideep/channel_shuffle_op_test.py'
adding 'caffe2/python/ideep/concat_split_op_test.py'
adding 'caffe2/python/ideep/conv_op_test.py'
adding 'caffe2/python/ideep/conv_transpose_test.py'
adding 'caffe2/python/ideep/convfusion_op_test.py'
adding 'caffe2/python/ideep/copy_op_test.py'
adding 'caffe2/python/ideep/dropout_op_test.py'
adding 'caffe2/python/ideep/elementwise_sum_op_test.py'
adding 'caffe2/python/ideep/expanddims_squeeze_op_test.py'
adding 'caffe2/python/ideep/fc_op_test.py'
adding 'caffe2/python/ideep/leaky_relu_op_test.py'
adding 'caffe2/python/ideep/moment_sgd_op_test.py'
adding 'caffe2/python/ideep/operator_fallback_op_test.py'
adding 'caffe2/python/ideep/order_switch_op_test.py'
adding 'caffe2/python/ideep/pool_op_test.py'
adding 'caffe2/python/ideep/pre_convert_test.py'
adding 'caffe2/python/ideep/relu_op_test.py'
adding 'caffe2/python/ideep/reshape_op_test.py'
adding 'caffe2/python/ideep/shape_op_test.py'
adding 'caffe2/python/ideep/sigmoid_op_test.py'
adding 'caffe2/python/ideep/softmax_op_test.py'
adding 'caffe2/python/ideep/spatial_bn_op_test.py'
adding 'caffe2/python/ideep/test_ideep_net.py'
adding 'caffe2/python/ideep/transform_ideep_net.py'
adding 'caffe2/python/ideep/transpose_op_test.py'
adding 'caffe2/python/ideep/weightedsum_op_test.py'
adding 'caffe2/python/layers/__init__.py'
adding 'caffe2/python/layers/adaptive_weight.py'
adding 'caffe2/python/layers/add_bias.py'
adding 'caffe2/python/layers/arc_cosine_feature_map.py'
adding 'caffe2/python/layers/batch_huber_loss.py'
adding 'caffe2/python/layers/batch_lr_loss.py'
adding 'caffe2/python/layers/batch_mse_loss.py'
adding 'caffe2/python/layers/batch_normalization.py'
adding 'caffe2/python/layers/batch_sigmoid_cross_entropy_loss.py'
adding 'caffe2/python/layers/batch_softmax_loss.py'
adding 'caffe2/python/layers/blob_weighted_sum.py'
adding 'caffe2/python/layers/bpr_loss.py'
adding 'caffe2/python/layers/bucket_weighted.py'
adding 'caffe2/python/layers/build_index.py'
adding 'caffe2/python/layers/concat.py'
adding 'caffe2/python/layers/constant_weight.py'
adding 'caffe2/python/layers/conv.py'
adding 'caffe2/python/layers/dropout.py'
adding 'caffe2/python/layers/fc.py'
adding 'caffe2/python/layers/fc_with_bootstrap.py'
adding 'caffe2/python/layers/fc_without_bias.py'
adding 'caffe2/python/layers/feature_sparse_to_dense.py'
adding 'caffe2/python/layers/functional.py'
adding 'caffe2/python/layers/gather_record.py'
adding 'caffe2/python/layers/homotopy_weight.py'
adding 'caffe2/python/layers/label_smooth.py'
adding 'caffe2/python/layers/last_n_window_collector.py'
adding 'caffe2/python/layers/layer_normalization.py'
adding 'caffe2/python/layers/layers.py'
adding 'caffe2/python/layers/margin_rank_loss.py'
adding 'caffe2/python/layers/merge_id_lists.py'
adding 'caffe2/python/layers/pairwise_similarity.py'
adding 'caffe2/python/layers/position_weighted.py'
adding 'caffe2/python/layers/random_fourier_features.py'
adding 'caffe2/python/layers/reservoir_sampling.py'
adding 'caffe2/python/layers/sampling_train.py'
adding 'caffe2/python/layers/sampling_trainable_mixin.py'
adding 'caffe2/python/layers/select_record_by_context.py'
adding 'caffe2/python/layers/semi_random_features.py'
adding 'caffe2/python/layers/sparse_dropout_with_replacement.py'
adding 'caffe2/python/layers/sparse_feature_hash.py'
adding 'caffe2/python/layers/sparse_lookup.py'
adding 'caffe2/python/layers/split.py'
adding 'caffe2/python/layers/tags.py'
adding 'caffe2/python/layers/uniform_sampling.py'
adding 'caffe2/python/mint/__init__.py'
adding 'caffe2/python/mint/app.py'
adding 'caffe2/python/mkl/__init__.py'
adding 'caffe2/python/mkl/mkl_LRN_op_test.py'
adding 'caffe2/python/mkl/mkl_LRN_speed_test.py'
adding 'caffe2/python/mkl/mkl_concat_op_test.py'
adding 'caffe2/python/mkl/mkl_conv_op_test.py'
adding 'caffe2/python/mkl/mkl_copy_op_test.py'
adding 'caffe2/python/mkl/mkl_elementwise_add_op_test.py'
adding 'caffe2/python/mkl/mkl_elementwise_sum_op_test.py'
adding 'caffe2/python/mkl/mkl_fc_op_test.py'
adding 'caffe2/python/mkl/mkl_fc_speed_test.py'
adding 'caffe2/python/mkl/mkl_fill_op_test.py'
adding 'caffe2/python/mkl/mkl_pool_op_test.py'
adding 'caffe2/python/mkl/mkl_pool_speed_test.py'
adding 'caffe2/python/mkl/mkl_relu_op_test.py'
adding 'caffe2/python/mkl/mkl_sbn_op_test.py'
adding 'caffe2/python/mkl/mkl_sbn_speed_test.py'
adding 'caffe2/python/mkl/mkl_sigmoid_op_test.py'
adding 'caffe2/python/mkl/mkl_speed_test.py'
adding 'caffe2/python/mkl/mkl_squeeze_op_test.py'
adding 'caffe2/python/mkl/rewrite_graph.py'
adding 'caffe2/python/mkl/rewrite_graph_test.py'
adding 'caffe2/python/modeling/__init__.py'
adding 'caffe2/python/modeling/compute_histogram_for_blobs.py'
adding 'caffe2/python/modeling/compute_histogram_for_blobs_test.py'
adding 'caffe2/python/modeling/compute_norm_for_blobs.py'
adding 'caffe2/python/modeling/compute_norm_for_blobs_test.py'
adding 'caffe2/python/modeling/compute_statistics_for_blobs.py'
adding 'caffe2/python/modeling/compute_statistics_for_blobs_test.py'
adding 'caffe2/python/modeling/get_entry_from_blobs.py'
adding 'caffe2/python/modeling/get_entry_from_blobs_test.py'
adding 'caffe2/python/modeling/gradient_clipping.py'
adding 'caffe2/python/modeling/gradient_clipping_test.py'
adding 'caffe2/python/modeling/initializers.py'
adding 'caffe2/python/modeling/initializers_test.py'
adding 'caffe2/python/modeling/net_modifier.py'
adding 'caffe2/python/modeling/parameter_info.py'
adding 'caffe2/python/modeling/parameter_sharing.py'
adding 'caffe2/python/modeling/parameter_sharing_test.py'
adding 'caffe2/python/models/__init__.py'
adding 'caffe2/python/models/__sym_init__.py'
adding 'caffe2/python/models/download.py'
adding 'caffe2/python/models/imagenet_trainer_test_utils.py'
adding 'caffe2/python/models/resnet.py'
adding 'caffe2/python/models/resnet_test.py'
adding 'caffe2/python/models/shufflenet.py'
adding 'caffe2/python/models/shufflenet_test.py'
adding 'caffe2/python/models/seq2seq/__init__.py'
adding 'caffe2/python/models/seq2seq/beam_search.py'
adding 'caffe2/python/models/seq2seq/seq2seq_beam_search_test.py'
adding 'caffe2/python/models/seq2seq/seq2seq_model_helper.py'
adding 'caffe2/python/models/seq2seq/seq2seq_model_helper_test.py'
adding 'caffe2/python/models/seq2seq/seq2seq_util.py'
adding 'caffe2/python/models/seq2seq/train.py'
adding 'caffe2/python/models/seq2seq/translate.py'
adding 'caffe2/python/onnx/__init__.py'
adding 'caffe2/python/onnx/backend.py'
adding 'caffe2/python/onnx/backend_cpp_rep.py'
adding 'caffe2/python/onnx/backend_rep.py'
adding 'caffe2/python/onnx/error.py'
adding 'caffe2/python/onnx/frontend.py'
adding 'caffe2/python/onnx/helper.py'
adding 'caffe2/python/onnx/onnxifi.py'
adding 'caffe2/python/onnx/test_onnxifi.py'
adding 'caffe2/python/onnx/workspace.py'
adding 'caffe2/python/onnx/bin/__init__.py'
adding 'caffe2/python/onnx/bin/conversion.py'
adding 'caffe2/python/onnx/tests/__init__.py'
adding 'caffe2/python/onnx/tests/c2_ref_test.py'
adding 'caffe2/python/onnx/tests/conversion_test.py'
adding 'caffe2/python/onnx/tests/helper_test.py'
adding 'caffe2/python/onnx/tests/onnx_backend_test.py'
adding 'caffe2/python/onnx/tests/ssa_test.py'
adding 'caffe2/python/onnx/tests/test_utils.py'
adding 'caffe2/python/operator_test/__init__.py'
adding 'caffe2/python/operator_test/activation_ops_test.py'
adding 'caffe2/python/operator_test/adadelta_test.py'
adding 'caffe2/python/operator_test/adagrad_test.py'
adding 'caffe2/python/operator_test/adagrad_test_helper.py'
adding 'caffe2/python/operator_test/adam_test.py'
adding 'caffe2/python/operator_test/affine_channel_op_test.py'
adding 'caffe2/python/operator_test/alias_with_name_test.py'
adding 'caffe2/python/operator_test/apmeter_test.py'
adding 'caffe2/python/operator_test/arg_ops_test.py'
adding 'caffe2/python/operator_test/assert_test.py'
adding 'caffe2/python/operator_test/atomic_ops_test.py'
adding 'caffe2/python/operator_test/basic_rnn_test.py'
adding 'caffe2/python/operator_test/batch_box_cox_test.py'
adding 'caffe2/python/operator_test/batch_bucketize_op_test.py'
adding 'caffe2/python/operator_test/batch_moments_op_test.py'
adding 'caffe2/python/operator_test/batch_sparse_to_dense_op_test.py'
adding 'caffe2/python/operator_test/bbox_transform_test.py'
adding 'caffe2/python/operator_test/bisect_percentile_op_test.py'
adding 'caffe2/python/operator_test/blobs_queue_db_test.py'
adding 'caffe2/python/operator_test/boolean_mask_test.py'
adding 'caffe2/python/operator_test/boolean_unmask_test.py'
adding 'caffe2/python/operator_test/box_with_nms_limit_op_test.py'
adding 'caffe2/python/operator_test/bucketize_op_test.py'
adding 'caffe2/python/operator_test/cast_op_test.py'
adding 'caffe2/python/operator_test/ceil_op_test.py'
adding 'caffe2/python/operator_test/channel_backprop_stats_op_test.py'
adding 'caffe2/python/operator_test/channel_shuffle_test.py'
adding 'caffe2/python/operator_test/channel_stats_op_test.py'
adding 'caffe2/python/operator_test/checkpoint_test.py'
adding 'caffe2/python/operator_test/clip_op_test.py'
adding 'caffe2/python/operator_test/clip_tensor_op_test.py'
adding 'caffe2/python/operator_test/collect_and_distribute_fpn_rpn_proposals_op_test.py'
adding 'caffe2/python/operator_test/concat_split_op_test.py'
adding 'caffe2/python/operator_test/conditional_test.py'
adding 'caffe2/python/operator_test/conftest.py'
adding 'caffe2/python/operator_test/conv_test.py'
adding 'caffe2/python/operator_test/conv_transpose_test.py'
adding 'caffe2/python/operator_test/copy_ops_test.py'
adding 'caffe2/python/operator_test/copy_rows_to_tensor_op_test.py'
adding 'caffe2/python/operator_test/cosine_embedding_criterion_op_test.py'
adding 'caffe2/python/operator_test/counter_ops_test.py'
adding 'caffe2/python/operator_test/crf_test.py'
adding 'caffe2/python/operator_test/cross_entropy_ops_test.py'
adding 'caffe2/python/operator_test/ctc_beam_search_decoder_op_test.py'
adding 'caffe2/python/operator_test/ctc_greedy_decoder_op_test.py'
adding 'caffe2/python/operator_test/cudnn_recurrent_test.py'
adding 'caffe2/python/operator_test/data_couple_op_test.py'
adding 'caffe2/python/operator_test/dataset_ops_test.py'
adding 'caffe2/python/operator_test/deform_conv_test.py'
adding 'caffe2/python/operator_test/dense_vector_to_id_list_op_test.py'
adding 'caffe2/python/operator_test/depthwise_3x3_conv_test.py'
adding 'caffe2/python/operator_test/detectron_keypoints.py'
adding 'caffe2/python/operator_test/distance_op_test.py'
adding 'caffe2/python/operator_test/dropout_op_test.py'
adding 'caffe2/python/operator_test/duplicate_operands_test.py'
adding 'caffe2/python/operator_test/elementwise_linear_op_test.py'
adding 'caffe2/python/operator_test/elementwise_logical_ops_test.py'
adding 'caffe2/python/operator_test/elementwise_op_broadcast_test.py'
adding 'caffe2/python/operator_test/elementwise_ops_test.py'
adding 'caffe2/python/operator_test/emptysample_ops_test.py'
adding 'caffe2/python/operator_test/enforce_finite_op_test.py'
adding 'caffe2/python/operator_test/ensure_clipped_test.py'
adding 'caffe2/python/operator_test/ensure_cpu_output_op_test.py'
adding 'caffe2/python/operator_test/erf_op_test.py'
adding 'caffe2/python/operator_test/expand_op_test.py'
adding 'caffe2/python/operator_test/fc_operator_test.py'
adding 'caffe2/python/operator_test/feature_maps_ops_test.py'
adding 'caffe2/python/operator_test/filler_ops_test.py'
adding 'caffe2/python/operator_test/find_op_test.py'
adding 'caffe2/python/operator_test/flatten_op_test.py'
adding 'caffe2/python/operator_test/flexible_top_k_test.py'
adding 'caffe2/python/operator_test/floor_op_test.py'
adding 'caffe2/python/operator_test/fused_nbit_rowwise_conversion_ops_test.py'
adding 'caffe2/python/operator_test/fused_nbit_rowwise_test_helper.py'
adding 'caffe2/python/operator_test/gather_ops_test.py'
adding 'caffe2/python/operator_test/gather_ranges_op_test.py'
adding 'caffe2/python/operator_test/given_tensor_byte_string_to_uint8_fill_op_test.py'
adding 'caffe2/python/operator_test/given_tensor_fill_op_test.py'
adding 'caffe2/python/operator_test/glu_op_test.py'
adding 'caffe2/python/operator_test/group_conv_test.py'
adding 'caffe2/python/operator_test/group_norm_op_test.py'
adding 'caffe2/python/operator_test/gru_test.py'
adding 'caffe2/python/operator_test/heatmap_max_keypoint_op_test.py'
adding 'caffe2/python/operator_test/histogram_test.py'
adding 'caffe2/python/operator_test/hsm_test.py'
adding 'caffe2/python/operator_test/hyperbolic_ops_test.py'
adding 'caffe2/python/operator_test/im2col_col2im_test.py'
adding 'caffe2/python/operator_test/image_input_op_test.py'
adding 'caffe2/python/operator_test/index_hash_ops_test.py'
adding 'caffe2/python/operator_test/index_ops_test.py'
adding 'caffe2/python/operator_test/instance_norm_test.py'
adding 'caffe2/python/operator_test/integral_image_ops_test.py'
adding 'caffe2/python/operator_test/jsd_ops_test.py'
adding 'caffe2/python/operator_test/key_split_ops_test.py'
adding 'caffe2/python/operator_test/lars_test.py'
adding 'caffe2/python/operator_test/layer_norm_op_test.py'
adding 'caffe2/python/operator_test/leaky_relu_test.py'
adding 'caffe2/python/operator_test/learning_rate_adaption_op_test.py'
adding 'caffe2/python/operator_test/learning_rate_op_test.py'
adding 'caffe2/python/operator_test/length_split_op_test.py'
adding 'caffe2/python/operator_test/lengths_pad_op_test.py'
adding 'caffe2/python/operator_test/lengths_reducer_fused_nbit_rowwise_ops_test.py'
adding 'caffe2/python/operator_test/lengths_tile_op_test.py'
adding 'caffe2/python/operator_test/lengths_top_k_ops_test.py'
adding 'caffe2/python/operator_test/listwise_l2r_operator_test.py'
adding 'caffe2/python/operator_test/load_save_test.py'
adding 'caffe2/python/operator_test/locally_connected_op_test.py'
adding 'caffe2/python/operator_test/loss_ops_test.py'
adding 'caffe2/python/operator_test/lpnorm_op_test.py'
adding 'caffe2/python/operator_test/map_ops_test.py'
adding 'caffe2/python/operator_test/margin_ranking_criterion_op_test.py'
adding 'caffe2/python/operator_test/math_ops_test.py'
adding 'caffe2/python/operator_test/matmul_op_test.py'
adding 'caffe2/python/operator_test/mean_op_test.py'
adding 'caffe2/python/operator_test/merge_id_lists_op_test.py'
adding 'caffe2/python/operator_test/mkl_conv_op_test.py'
adding 'caffe2/python/operator_test/mkl_packed_fc_op_test.py'
adding 'caffe2/python/operator_test/mod_op_test.py'
adding 'caffe2/python/operator_test/moments_op_test.py'
adding 'caffe2/python/operator_test/momentum_sgd_test.py'
adding 'caffe2/python/operator_test/mpi_test.py'
adding 'caffe2/python/operator_test/mul_gradient_benchmark.py'
adding 'caffe2/python/operator_test/negate_gradient_op_test.py'
adding 'caffe2/python/operator_test/ngram_ops_test.py'
adding 'caffe2/python/operator_test/normalize_op_test.py'
adding 'caffe2/python/operator_test/numpy_tile_op_test.py'
adding 'caffe2/python/operator_test/one_hot_ops_test.py'
adding 'caffe2/python/operator_test/onnx_while_test.py'
adding 'caffe2/python/operator_test/order_switch_test.py'
adding 'caffe2/python/operator_test/pack_ops_test.py'
adding 'caffe2/python/operator_test/pack_rnn_sequence_op_test.py'
adding 'caffe2/python/operator_test/pad_test.py'
adding 'caffe2/python/operator_test/partition_ops_test.py'
adding 'caffe2/python/operator_test/percentile_op_test.py'
adding 'caffe2/python/operator_test/piecewise_linear_transform_test.py'
adding 'caffe2/python/operator_test/pooling_test.py'
adding 'caffe2/python/operator_test/prepend_dim_test.py'
adding 'caffe2/python/operator_test/python_op_test.py'
adding 'caffe2/python/operator_test/quantile_test.py'
adding 'caffe2/python/operator_test/rand_quantization_op_speed_test.py'
adding 'caffe2/python/operator_test/rand_quantization_op_test.py'
adding 'caffe2/python/operator_test/rank_loss_operator_test.py'
adding 'caffe2/python/operator_test/rebatching_queue_test.py'
adding 'caffe2/python/operator_test/record_queue_test.py'
adding 'caffe2/python/operator_test/recurrent_net_executor_test.py'
adding 'caffe2/python/operator_test/recurrent_network_test.py'
adding 'caffe2/python/operator_test/reduce_ops_test.py'
adding 'caffe2/python/operator_test/reduction_ops_test.py'
adding 'caffe2/python/operator_test/reshape_ops_test.py'
adding 'caffe2/python/operator_test/resize_op_test.py'
adding 'caffe2/python/operator_test/rmac_regions_op_test.py'
adding 'caffe2/python/operator_test/rnn_cell_test.py'
adding 'caffe2/python/operator_test/roi_align_rotated_op_test.py'
adding 'caffe2/python/operator_test/rowwise_counter_test.py'
adding 'caffe2/python/operator_test/scale_op_test.py'
adding 'caffe2/python/operator_test/segment_ops_test.py'
adding 'caffe2/python/operator_test/self_binning_histogram_test.py'
adding 'caffe2/python/operator_test/selu_op_test.py'
adding 'caffe2/python/operator_test/sequence_ops_test.py'
adding 'caffe2/python/operator_test/shape_inference_test.py'
adding 'caffe2/python/operator_test/sinusoid_position_encoding_op_test.py'
adding 'caffe2/python/operator_test/softmax_ops_test.py'
adding 'caffe2/python/operator_test/softplus_op_test.py'
adding 'caffe2/python/operator_test/sparse_dropout_with_replacement_op_test.py'
adding 'caffe2/python/operator_test/sparse_gradient_checker_test.py'
adding 'caffe2/python/operator_test/sparse_lengths_sum_benchmark.py'
adding 'caffe2/python/operator_test/sparse_lp_regularizer_test.py'
adding 'caffe2/python/operator_test/sparse_normalize_test.py'
adding 'caffe2/python/operator_test/sparse_ops_test.py'
adding 'caffe2/python/operator_test/sparse_to_dense_mask_op_test.py'
adding 'caffe2/python/operator_test/spatial_bn_op_test.py'
adding 'caffe2/python/operator_test/specialized_segment_ops_test.py'
adding 'caffe2/python/operator_test/square_root_divide_op_test.py'
adding 'caffe2/python/operator_test/stats_ops_test.py'
adding 'caffe2/python/operator_test/stats_put_ops_test.py'
adding 'caffe2/python/operator_test/storm_test.py'
adding 'caffe2/python/operator_test/string_ops_test.py'
adding 'caffe2/python/operator_test/text_file_reader_test.py'
adding 'caffe2/python/operator_test/thresholded_relu_op_test.py'
adding 'caffe2/python/operator_test/tile_op_test.py'
adding 'caffe2/python/operator_test/top_k_test.py'
adding 'caffe2/python/operator_test/torch_integration_test.py'
adding 'caffe2/python/operator_test/transpose_op_test.py'
adding 'caffe2/python/operator_test/trigonometric_op_test.py'
adding 'caffe2/python/operator_test/unique_ops_test.py'
adding 'caffe2/python/operator_test/unique_uniform_fill_op_test.py'
adding 'caffe2/python/operator_test/upsample_op_test.py'
adding 'caffe2/python/operator_test/utility_ops_test.py'
adding 'caffe2/python/operator_test/video_input_op_test.py'
adding 'caffe2/python/operator_test/weight_scale_test.py'
adding 'caffe2/python/operator_test/weighted_multi_sample_test.py'
adding 'caffe2/python/operator_test/weighted_sample_test.py'
adding 'caffe2/python/operator_test/weighted_sum_test.py'
adding 'caffe2/python/operator_test/wngrad_test.py'
adding 'caffe2/python/predictor/__init__.py'
adding 'caffe2/python/predictor/mobile_exporter.py'
adding 'caffe2/python/predictor/mobile_exporter_test.py'
adding 'caffe2/python/predictor/predictor_exporter.py'
adding 'caffe2/python/predictor/predictor_exporter_test.py'
adding 'caffe2/python/predictor/predictor_py_utils.py'
adding 'caffe2/python/predictor/predictor_test.py'
adding 'caffe2/python/predictor/serde.py'
adding 'caffe2/python/rnn/__init__.py'
adding 'caffe2/python/rnn/lstm_comparison.py'
adding 'caffe2/python/rnn/rnn_cell_test_util.py'
adding 'caffe2/python/serialized_test/__init__.py'
adding 'caffe2/python/serialized_test/coverage.py'
adding 'caffe2/python/serialized_test/serialized_test_util.py'
adding 'caffe2/python/serialized_test/data/operator_test/activation_ops_test.test_elu.zip'
adding 'caffe2/python/serialized_test/data/operator_test/activation_ops_test.test_leaky_relu.zip'
adding 'caffe2/python/serialized_test/data/operator_test/activation_ops_test.test_relu.zip'
adding 'caffe2/python/serialized_test/data/operator_test/activation_ops_test.test_relu_n.zip'
adding 'caffe2/python/serialized_test/data/operator_test/adadelta_test.test_adadelta.zip'
adding 'caffe2/python/serialized_test/data/operator_test/adadelta_test.test_sparse_adadelta_empty.zip'
adding 'caffe2/python/serialized_test/data/operator_test/adagrad_test.test_adagrad.zip'
adding 'caffe2/python/serialized_test/data/operator_test/adagrad_test.test_row_wise_sparse_adagrad_empty.zip'
adding 'caffe2/python/serialized_test/data/operator_test/adagrad_test.test_sparse_adagrad_empty.zip'
adding 'caffe2/python/serialized_test/data/operator_test/affine_channel_op_test.test_affine_channel_2d.zip'
adding 'caffe2/python/serialized_test/data/operator_test/arg_ops_test.test_argmax.zip'
adding 'caffe2/python/serialized_test/data/operator_test/arg_ops_test.test_argmin.zip'
adding 'caffe2/python/serialized_test/data/operator_test/batch_box_cox_test.test_batch_box_cox.zip'
adding 'caffe2/python/serialized_test/data/operator_test/batch_bucketize_op_test.test_batch_bucketize_example.zip'
adding 'caffe2/python/serialized_test/data/operator_test/batch_moments_op_test.test_batch_moments_2d.zip'
adding 'caffe2/python/serialized_test/data/operator_test/batch_sparse_to_dense_op_test.test_batch_sparse_to_dense.zip'
adding 'caffe2/python/serialized_test/data/operator_test/bbox_transform_test.test_bbox_transform.zip'
adding 'caffe2/python/serialized_test/data/operator_test/boolean_mask_test.test_boolean_mask.zip'
adding 'caffe2/python/serialized_test/data/operator_test/boolean_mask_test.test_sequence_mask_with_lengths.zip'
adding 'caffe2/python/serialized_test/data/operator_test/boolean_unmask_test.test.zip'
adding 'caffe2/python/serialized_test/data/operator_test/box_with_nms_limit_op_test.test_simple.zip'
adding 'caffe2/python/serialized_test/data/operator_test/ceil_op_test.test_ceil.zip'
adding 'caffe2/python/serialized_test/data/operator_test/channel_backprop_stats_op_test.testChannelBackpropStats.zip'
adding 'caffe2/python/serialized_test/data/operator_test/channel_shuffle_test.test_channel_shuffle.zip'
adding 'caffe2/python/serialized_test/data/operator_test/channel_stats_op_test.testChannelStats.zip'
adding 'caffe2/python/serialized_test/data/operator_test/channel_stats_op_test.test_channel_stats_2d.zip'
adding 'caffe2/python/serialized_test/data/operator_test/channel_stats_op_test.test_channel_stats_3d.zip'
adding 'caffe2/python/serialized_test/data/operator_test/clip_op_test.test_clip.zip'
adding 'caffe2/python/serialized_test/data/operator_test/clip_tensor_op_test.test_clip_tensor_by_scaling.zip'
adding 'caffe2/python/serialized_test/data/operator_test/collect_and_distribute_fpn_rpn_proposals_op_test.test_collect_and_dist.zip'
adding 'caffe2/python/serialized_test/data/operator_test/concat_split_op_test.test_concat.zip'
adding 'caffe2/python/serialized_test/data/operator_test/concat_split_op_test.test_split.zip'
adding 'caffe2/python/serialized_test/data/operator_test/concat_split_op_test.test_split_by_lengths.zip'
adding 'caffe2/python/serialized_test/data/operator_test/conditional_test.test_conditional.zip'
adding 'caffe2/python/serialized_test/data/operator_test/conv_test.test_1x1_conv.zip'
adding 'caffe2/python/serialized_test/data/operator_test/cosine_embedding_criterion_op_test.test_cosine_embedding_criterion.zip'
adding 'caffe2/python/serialized_test/data/operator_test/ctc_beam_search_decoder_op_test.test_ctc_beam_search_decoder.zip'
adding 'caffe2/python/serialized_test/data/operator_test/ctc_greedy_decoder_op_test.test_ctc_greedy_decoder.zip'
adding 'caffe2/python/serialized_test/data/operator_test/distance_op_test.test_dot_product.zip'
adding 'caffe2/python/serialized_test/data/operator_test/dropout_op_test.test_dropout_is_test.zip'
adding 'caffe2/python/serialized_test/data/operator_test/elementwise_linear_op_test.test.zip'
adding 'caffe2/python/serialized_test/data/operator_test/elementwise_logical_ops_test.test_is_member_of.zip'
adding 'caffe2/python/serialized_test/data/operator_test/elementwise_logical_ops_test.test_where.zip'
adding 'caffe2/python/serialized_test/data/operator_test/elementwise_op_broadcast_test.test_broadcast_powt.zip'
adding 'caffe2/python/serialized_test/data/operator_test/erf_op_test.test_erf.zip'
adding 'caffe2/python/serialized_test/data/operator_test/expand_op_test.test_expand_rand_shape.zip'
adding 'caffe2/python/serialized_test/data/operator_test/fc_operator_test.test_fc.zip'
adding 'caffe2/python/serialized_test/data/operator_test/filler_ops_test.test_diagonal_fill_op_float.zip'
adding 'caffe2/python/serialized_test/data/operator_test/filler_ops_test.test_lengths_range_fill.zip'
adding 'caffe2/python/serialized_test/data/operator_test/find_op_test.test_find.zip'
adding 'caffe2/python/serialized_test/data/operator_test/flexible_top_k_test.test_flexible_top_k.zip'
adding 'caffe2/python/serialized_test/data/operator_test/floor_op_test.test_floor.zip'
adding 'caffe2/python/serialized_test/data/operator_test/gather_ops_test.test_batch_gather_ops.zip'
adding 'caffe2/python/serialized_test/data/operator_test/gather_ops_test.test_gather_ops.zip'
adding 'caffe2/python/serialized_test/data/operator_test/gather_ranges_op_test.test_gather_ranges.zip'
adding 'caffe2/python/serialized_test/data/operator_test/gather_ranges_op_test.test_gather_ranges_split.zip'
adding 'caffe2/python/serialized_test/data/operator_test/glu_op_test.test_glu_old.zip'
adding 'caffe2/python/serialized_test/data/operator_test/group_norm_op_test.test_group_norm_2d.zip'
adding 'caffe2/python/serialized_test/data/operator_test/gru_test.test_gru_unit_op.zip'
adding 'caffe2/python/serialized_test/data/operator_test/hyperbolic_ops_test.test_cosh.zip'
adding 'caffe2/python/serialized_test/data/operator_test/hyperbolic_ops_test.test_sinh.zip'
adding 'caffe2/python/serialized_test/data/operator_test/hyperbolic_ops_test.test_tanh.zip'
adding 'caffe2/python/serialized_test/data/operator_test/index_hash_ops_test.test_index_hash_ops.zip'
adding 'caffe2/python/serialized_test/data/operator_test/instance_norm_test.test_instance_norm_reference_check.zip'
adding 'caffe2/python/serialized_test/data/operator_test/integral_image_ops_test.test_integral_image_gradient_ops.zip'
adding 'caffe2/python/serialized_test/data/operator_test/integral_image_ops_test.test_integral_image_ops.zip'
adding 'caffe2/python/serialized_test/data/operator_test/jsd_ops_test.test_bernoulli_jsd.zip'
adding 'caffe2/python/serialized_test/data/operator_test/layer_norm_op_test.test_layer_norm_grad_op.zip'
adding 'caffe2/python/serialized_test/data/operator_test/learning_rate_adaption_op_test.test_learning_rate_adaption_op_normalization.zip'
adding 'caffe2/python/serialized_test/data/operator_test/learning_rate_op_test.test_alter_learning_rate_op.zip'
adding 'caffe2/python/serialized_test/data/operator_test/length_split_op_test.test_length_split_edge.zip'
adding 'caffe2/python/serialized_test/data/operator_test/lengths_pad_op_test.test_lengths_pad.zip'
adding 'caffe2/python/serialized_test/data/operator_test/lengths_tile_op_test.test_lengths_tile.zip'
adding 'caffe2/python/serialized_test/data/operator_test/lengths_top_k_ops_test.test_lengths_top_k_op.zip'
adding 'caffe2/python/serialized_test/data/operator_test/locally_connected_op_test.test_lc_2d.zip'
adding 'caffe2/python/serialized_test/data/operator_test/loss_ops_test.test_averaged_loss.zip'
adding 'caffe2/python/serialized_test/data/operator_test/margin_ranking_criterion_op_test.test_margin_ranking_criterion.zip'
adding 'caffe2/python/serialized_test/data/operator_test/math_ops_test.test_sign.zip'
adding 'caffe2/python/serialized_test/data/operator_test/matmul_op_test.test_batch_matmul.zip'
adding 'caffe2/python/serialized_test/data/operator_test/matmul_op_test.test_matmul.zip'
adding 'caffe2/python/serialized_test/data/operator_test/matmul_op_test.test_numpy_batch_matmul.zip'
adding 'caffe2/python/serialized_test/data/operator_test/mean_op_test.test_mean.zip'
adding 'caffe2/python/serialized_test/data/operator_test/merge_id_lists_op_test.test_merge_id_lists_op.zip'
adding 'caffe2/python/serialized_test/data/operator_test/moments_op_test.test_moments.zip'
adding 'caffe2/python/serialized_test/data/operator_test/momentum_sgd_test.test_momentum_sgd.zip'
adding 'caffe2/python/serialized_test/data/operator_test/momentum_sgd_test.test_sparse_momentum_sgd.zip'
adding 'caffe2/python/serialized_test/data/operator_test/negate_gradient_op_test.test_forward.zip'
adding 'caffe2/python/serialized_test/data/operator_test/numpy_tile_op_test.test_numpy_tile.zip'
adding 'caffe2/python/serialized_test/data/operator_test/one_hot_ops_test.test_batch_bucketized_one_hot.zip'
adding 'caffe2/python/serialized_test/data/operator_test/one_hot_ops_test.test_batch_one_hot.zip'
adding 'caffe2/python/serialized_test/data/operator_test/one_hot_ops_test.test_one_hot.zip'
adding 'caffe2/python/serialized_test/data/operator_test/one_hot_ops_test.test_segment_one_hot.zip'
adding 'caffe2/python/serialized_test/data/operator_test/onnx_while_test.test_onnx_while_fibb.zip'
adding 'caffe2/python/serialized_test/data/operator_test/pack_ops_test.test_pack_with_max_length_ops.zip'
adding 'caffe2/python/serialized_test/data/operator_test/pack_rnn_sequence_op_test.test_pack_rnn_seqence.zip'
adding 'caffe2/python/serialized_test/data/operator_test/pack_rnn_sequence_op_test.test_unpack_rnn_seqence.zip'
adding 'caffe2/python/serialized_test/data/operator_test/pad_test.test_crop.zip'
adding 'caffe2/python/serialized_test/data/operator_test/piecewise_linear_transform_test.test_multi_predictions_params_from_arg.zip'
adding 'caffe2/python/serialized_test/data/operator_test/rank_loss_operator_test.test_pair_wise_loss_batch.zip'
adding 'caffe2/python/serialized_test/data/operator_test/recurrent_network_test.test_mul.zip'
adding 'caffe2/python/serialized_test/data/operator_test/reduce_ops_test.test_reduce_back_max.zip'
adding 'caffe2/python/serialized_test/data/operator_test/reduce_ops_test.test_reduce_back_mean.zip'
adding 'caffe2/python/serialized_test/data/operator_test/reduce_ops_test.test_reduce_front_max.zip'
adding 'caffe2/python/serialized_test/data/operator_test/reduce_ops_test.test_reduce_front_mean.zip'
adding 'caffe2/python/serialized_test/data/operator_test/reduce_ops_test.test_reduce_front_sum.zip'
adding 'caffe2/python/serialized_test/data/operator_test/reduce_ops_test.test_reduce_l2.zip'
adding 'caffe2/python/serialized_test/data/operator_test/reduce_ops_test.test_reduce_max.zip'
adding 'caffe2/python/serialized_test/data/operator_test/reduce_ops_test.test_reduce_mean.zip'
adding 'caffe2/python/serialized_test/data/operator_test/reduce_ops_test.test_reduce_min.zip'
adding 'caffe2/python/serialized_test/data/operator_test/reduction_ops_test.test_columnwise_max.zip'
adding 'caffe2/python/serialized_test/data/operator_test/reduction_ops_test.test_elementwise_int_sum.zip'
adding 'caffe2/python/serialized_test/data/operator_test/reduction_ops_test.test_elementwise_sqrsum.zip'
adding 'caffe2/python/serialized_test/data/operator_test/reduction_ops_test.test_elementwise_sum.zip'
adding 'caffe2/python/serialized_test/data/operator_test/reduction_ops_test.test_rowwise_max.zip'
adding 'caffe2/python/serialized_test/data/operator_test/selu_op_test.test_selu_1.zip'
adding 'caffe2/python/serialized_test/data/operator_test/sequence_ops_test.test_add_padding.zip'
adding 'caffe2/python/serialized_test/data/operator_test/sequence_ops_test.test_find_duplicate_elements.zip'
adding 'caffe2/python/serialized_test/data/operator_test/sequence_ops_test.test_gather_padding.zip'
adding 'caffe2/python/serialized_test/data/operator_test/sequence_ops_test.test_remove_data_blocks.zip'
adding 'caffe2/python/serialized_test/data/operator_test/sequence_ops_test.test_reverse_packed_segs.zip'
adding 'caffe2/python/serialized_test/data/operator_test/sinusoid_position_encoding_op_test.test_sinusoid_embedding.zip'
adding 'caffe2/python/serialized_test/data/operator_test/softmax_ops_test.test_softmax.zip'
adding 'caffe2/python/serialized_test/data/operator_test/softmax_ops_test.test_softmax_grad.zip'
adding 'caffe2/python/serialized_test/data/operator_test/softmax_ops_test.test_softmax_with_loss.zip'
adding 'caffe2/python/serialized_test/data/operator_test/softmax_ops_test.test_spatial_softmax_with_loss.zip'
adding 'caffe2/python/serialized_test/data/operator_test/sparse_ops_test.testScatterAssign.zip'
adding 'caffe2/python/serialized_test/data/operator_test/sparse_ops_test.testScatterWeightedSum.zip'
adding 'caffe2/python/serialized_test/data/operator_test/spatial_bn_op_test.test_spatialbn_test_mode_3d.zip'
adding 'caffe2/python/serialized_test/data/operator_test/square_root_divide_op_test.test_square_root_divide.zip'
adding 'caffe2/python/serialized_test/data/operator_test/string_ops_test.test_string_ends_with.zip'
adding 'caffe2/python/serialized_test/data/operator_test/string_ops_test.test_string_starts_with.zip'
adding 'caffe2/python/serialized_test/data/operator_test/thresholded_relu_op_test.test_thresholded_relu_1.zip'
adding 'caffe2/python/serialized_test/data/operator_test/tile_op_test.test_tile.zip'
adding 'caffe2/python/serialized_test/data/operator_test/top_k_test.test_top_k.zip'
adding 'caffe2/python/serialized_test/data/operator_test/transpose_op_test.test_transpose.zip'
adding 'caffe2/python/serialized_test/data/operator_test/trigonometric_op_test.test_acos.zip'
adding 'caffe2/python/serialized_test/data/operator_test/trigonometric_op_test.test_asin.zip'
adding 'caffe2/python/serialized_test/data/operator_test/trigonometric_op_test.test_atan.zip'
adding 'caffe2/python/serialized_test/data/operator_test/trigonometric_op_test.test_tan.zip'
adding 'caffe2/python/serialized_test/data/operator_test/unique_ops_test.test_unique_op.zip'
adding 'caffe2/python/serialized_test/data/operator_test/upsample_op_test.test_upsample.zip'
adding 'caffe2/python/serialized_test/data/operator_test/upsample_op_test.test_upsample_grad.zip'
adding 'caffe2/python/serialized_test/data/operator_test/utility_ops_test.test_elementwise_max.zip'
adding 'caffe2/python/serialized_test/data/operator_test/utility_ops_test.test_elementwise_max_grad.zip'
adding 'caffe2/python/serialized_test/data/operator_test/utility_ops_test.test_elementwise_min.zip'
adding 'caffe2/python/serialized_test/data/operator_test/utility_ops_test.test_elementwise_min_grad.zip'
adding 'caffe2/python/serialized_test/data/operator_test/utility_ops_test.test_lengths_gather.zip'
adding 'caffe2/python/serialized_test/data/operator_test/utility_ops_test.test_lengths_to_ranges.zip'
adding 'caffe2/python/serialized_test/data/operator_test/utility_ops_test.test_nan_check.zip'
adding 'caffe2/python/serialized_test/data/operator_test/utility_ops_test.test_size_op.zip'
adding 'caffe2/python/serialized_test/data/operator_test/utility_ops_test.test_slice.zip'
adding 'caffe2/python/serialized_test/data/operator_test/utility_ops_test.test_sum.zip'
adding 'caffe2/python/serialized_test/data/operator_test/utility_ops_test.test_transpose.zip'
adding 'caffe2/python/serialized_test/data/operator_test/weighted_sum_test.test_weighted_sum.zip'
adding 'caffe2/python/serialized_test/data/operator_test/wngrad_test.test_sparse_wngrad_empty.zip'
adding 'caffe2/python/serialized_test/data/operator_test/wngrad_test.test_wngrad_dense_base.zip'
adding 'caffe2/python/test/__init__.py'
adding 'caffe2/python/test/blob_deallocation_test.py'
adding 'caffe2/python/test/do_op_test.py'
adding 'caffe2/python/test/executor_test.py'
adding 'caffe2/python/test/executor_test_util.py'
adding 'caffe2/python/test/gpu_context_test.py'
adding 'caffe2/python/test/inference_lstm_op_test.py'
adding 'caffe2/python/test/python_protobuf_test.py'
adding 'caffe2/python/trt/__init__.py'
adding 'caffe2/python/trt/test_pt_onnx_trt.py'
adding 'caffe2/python/trt/test_trt.py'
adding 'caffe2/python/trt/transform.py'
adding 'caffe2/quantization/__init__.py'
adding 'caffe2/quantization/server/__init__.py'
adding 'caffe2/quantization/server/batch_matmul_dnnlowp_op_test.py'
adding 'caffe2/quantization/server/batch_permutation_dnnlowp_op_test.py'
adding 'caffe2/quantization/server/channel_shuffle_dnnlowp_op_test.py'
adding 'caffe2/quantization/server/concat_dnnlowp_op_test.py'
adding 'caffe2/quantization/server/conv_depthwise_dnnlowp_op_test.py'
adding 'caffe2/quantization/server/conv_dnnlowp_acc16_op_test.py'
adding 'caffe2/quantization/server/conv_dnnlowp_op_test.py'
adding 'caffe2/quantization/server/conv_groupwise_dnnlowp_acc16_op_test.py'
adding 'caffe2/quantization/server/conv_groupwise_dnnlowp_op_test.py'
adding 'caffe2/quantization/server/dequantize_dnnlowp_op_test.py'
adding 'caffe2/quantization/server/dnnlowp_test_utils.py'
adding 'caffe2/quantization/server/elementwise_add_dnnlowp_op_test.py'
adding 'caffe2/quantization/server/elementwise_linear_dnnlowp_op_test.py'
adding 'caffe2/quantization/server/elementwise_mul_dnnlowp_op_test.py'
adding 'caffe2/quantization/server/elementwise_sum_dnnlowp_op_test.py'
adding 'caffe2/quantization/server/fully_connected_dnnlowp_acc16_op_test.py'
adding 'caffe2/quantization/server/fully_connected_dnnlowp_op_test.py'
adding 'caffe2/quantization/server/fully_connected_fp16_test.py'
adding 'caffe2/quantization/server/fully_connected_rowwise_dnnlowp_op_test.py'
adding 'caffe2/quantization/server/gather_dnnlowp_op_test.py'
adding 'caffe2/quantization/server/group_norm_dnnlowp_op_test.py'
adding 'caffe2/quantization/server/int8_gen_quant_params_test.py'
adding 'caffe2/quantization/server/int8_quant_scheme_blob_fill_test.py'
adding 'caffe2/quantization/server/lstm_unit_dnnlowp_op_test.py'
adding 'caffe2/quantization/server/observer_test.py'
adding 'caffe2/quantization/server/pool_dnnlowp_op_test.py'
adding 'caffe2/quantization/server/quantize_dnnlowp_op_test.py'
adding 'caffe2/quantization/server/relu_dnnlowp_op_test.py'
adding 'caffe2/quantization/server/resize_nearest_3d_dnnlowp_op_test.py'
adding 'caffe2/quantization/server/resize_nearest_dnnlowp_op_test.py'
adding 'caffe2/quantization/server/sigmoid_dnnlowp_op_test.py'
adding 'caffe2/quantization/server/spatial_batch_norm_dnnlowp_op_test.py'
adding 'caffe2/quantization/server/tanh_dnnlowp_op_test.py'
adding 'caffe2/quantization/server/utils.py'
adding 'torch/_C.cpython-37m-powerpc64le-linux-gnu.so'
adding 'torch/_VF.py'
adding 'torch/__config__.py'
adding 'torch/__future__.py'
adding 'torch/__init__.py'
adding 'torch/_appdirs.py'
adding 'torch/_classes.py'
adding 'torch/_dl.cpython-37m-powerpc64le-linux-gnu.so'
adding 'torch/_jit_internal.py'
adding 'torch/_linalg_utils.py'
adding 'torch/_lobpcg.py'
adding 'torch/_lowrank.py'
adding 'torch/_namedtensor_internals.py'
adding 'torch/_ops.py'
adding 'torch/_overrides.py'
adding 'torch/_six.py'
adding 'torch/_storage_docs.py'
adding 'torch/_tensor_docs.py'
adding 'torch/_tensor_str.py'
adding 'torch/_torch_docs.py'
adding 'torch/_utils.py'
adding 'torch/_utils_internal.py'
adding 'torch/_vmap_internals.py'
adding 'torch/functional.py'
adding 'torch/hub.py'
adding 'torch/py.typed'
adding 'torch/quasirandom.py'
adding 'torch/random.py'
adding 'torch/serialization.py'
adding 'torch/storage.py'
adding 'torch/tensor.py'
adding 'torch/types.py'
adding 'torch/version.py'
adding 'torch/_C/_VariableFunctions.pyi'
adding 'torch/_C/__init__.pyi'
adding 'torch/_C/_cudnn.pyi'
adding 'torch/_C/_nn.pyi'
adding 'torch/_C/_onnx.pyi'
adding 'torch/autograd/__init__.py'
adding 'torch/autograd/anomaly_mode.py'
adding 'torch/autograd/function.py'
adding 'torch/autograd/functional.py'
adding 'torch/autograd/grad_mode.py'
adding 'torch/autograd/grad_mode.pyi'
adding 'torch/autograd/gradcheck.py'
adding 'torch/autograd/profiler.py'
adding 'torch/autograd/variable.py'
adding 'torch/autograd/_functions/__init__.py'
adding 'torch/autograd/_functions/tensor.py'
adding 'torch/autograd/_functions/utils.py'
adding 'torch/backends/__init__.py'
adding 'torch/backends/cuda/__init__.py'
adding 'torch/backends/cudnn/__init__.py'
adding 'torch/backends/cudnn/rnn.py'
adding 'torch/backends/mkl/__init__.py'
adding 'torch/backends/mkldnn/__init__.py'
adding 'torch/backends/openmp/__init__.py'
adding 'torch/backends/quantized/__init__.py'
adding 'torch/backends/xnnpack/__init__.py'
adding 'torch/bin/protoc'
adding 'torch/bin/protoc-3.11.4.0'
adding 'torch/bin/test_api'
adding 'torch/bin/test_cpp_rpc'
adding 'torch/bin/test_dist_autograd'
adding 'torch/bin/test_jit'
adding 'torch/bin/test_tensorexpr'
adding 'torch/bin/torch_shm_manager'
adding 'torch/contrib/__init__.py'
adding 'torch/contrib/_tensorboard_vis.py'
adding 'torch/cuda/__init__.py'
adding 'torch/cuda/_utils.py'
adding 'torch/cuda/comm.py'
adding 'torch/cuda/error.py'
adding 'torch/cuda/memory.py'
adding 'torch/cuda/nccl.py'
adding 'torch/cuda/nvtx.py'
adding 'torch/cuda/profiler.py'
adding 'torch/cuda/random.py'
adding 'torch/cuda/sparse.py'
adding 'torch/cuda/streams.py'
adding 'torch/cuda/amp/__init__.py'
adding 'torch/cuda/amp/autocast_mode.py'
adding 'torch/cuda/amp/grad_scaler.py'
adding 'torch/distributed/__init__.py'
adding 'torch/distributed/constants.py'
adding 'torch/distributed/distributed_c10d.py'
adding 'torch/distributed/launch.py'
adding 'torch/distributed/rendezvous.py'
adding 'torch/distributed/autograd/__init__.py'
adding 'torch/distributed/nn/__init__.py'
adding 'torch/distributed/nn/api/__init__.py'
adding 'torch/distributed/nn/api/remote_module.py'
adding 'torch/distributed/nn/jit/__init__.py'
adding 'torch/distributed/nn/jit/instantiator.py'
adding 'torch/distributed/nn/jit/templates/__init__.py'
adding 'torch/distributed/nn/jit/templates/remote_module_template.py'
adding 'torch/distributed/optim/__init__.py'
adding 'torch/distributed/optim/optimizer.py'
adding 'torch/distributed/rpc/__init__.py'
adding 'torch/distributed/rpc/api.py'
adding 'torch/distributed/rpc/backend_registry.py'
adding 'torch/distributed/rpc/constants.py'
adding 'torch/distributed/rpc/functions.py'
adding 'torch/distributed/rpc/internal.py'
adding 'torch/distributed/rpc/rref_proxy.py'
adding 'torch/distributed/rpc/server_process_global_profiler.py'
adding 'torch/distributed/rpc/_testing/__init__.py'
adding 'torch/distributed/rpc/_testing/faulty_agent_backend_registry.py'
adding 'torch/distributions/__init__.py'
adding 'torch/distributions/bernoulli.py'
adding 'torch/distributions/beta.py'
adding 'torch/distributions/binomial.py'
adding 'torch/distributions/categorical.py'
adding 'torch/distributions/cauchy.py'
adding 'torch/distributions/chi2.py'
adding 'torch/distributions/constraint_registry.py'
adding 'torch/distributions/constraints.py'
adding 'torch/distributions/continuous_bernoulli.py'
adding 'torch/distributions/dirichlet.py'
adding 'torch/distributions/distribution.py'
adding 'torch/distributions/exp_family.py'
adding 'torch/distributions/exponential.py'
adding 'torch/distributions/fishersnedecor.py'
adding 'torch/distributions/gamma.py'
adding 'torch/distributions/geometric.py'
adding 'torch/distributions/gumbel.py'
adding 'torch/distributions/half_cauchy.py'
adding 'torch/distributions/half_normal.py'
adding 'torch/distributions/independent.py'
adding 'torch/distributions/kl.py'
adding 'torch/distributions/laplace.py'
adding 'torch/distributions/log_normal.py'
adding 'torch/distributions/logistic_normal.py'
adding 'torch/distributions/lowrank_multivariate_normal.py'
adding 'torch/distributions/mixture_same_family.py'
adding 'torch/distributions/multinomial.py'
adding 'torch/distributions/multivariate_normal.py'
adding 'torch/distributions/negative_binomial.py'
adding 'torch/distributions/normal.py'
adding 'torch/distributions/one_hot_categorical.py'
adding 'torch/distributions/pareto.py'
adding 'torch/distributions/poisson.py'
adding 'torch/distributions/relaxed_bernoulli.py'
adding 'torch/distributions/relaxed_categorical.py'
adding 'torch/distributions/studentT.py'
adding 'torch/distributions/transformed_distribution.py'
adding 'torch/distributions/transforms.py'
adding 'torch/distributions/uniform.py'
adding 'torch/distributions/utils.py'
adding 'torch/distributions/von_mises.py'
adding 'torch/distributions/weibull.py'
adding 'torch/for_onnx/__init__.py'
adding 'torch/futures/__init__.py'
adding 'torch/include/ATen/ATen.h'
adding 'torch/include/ATen/AccumulateType.h'
adding 'torch/include/ATen/ArrayRef.h'
adding 'torch/include/ATen/Backend.h'
adding 'torch/include/ATen/Backtrace.h'
adding 'torch/include/ATen/BatchedTensorImpl.h'
adding 'torch/include/ATen/CPUApplyUtils.h'
adding 'torch/include/ATen/CPUFixedAllocator.h'
adding 'torch/include/ATen/CPUGeneratorImpl.h'
adding 'torch/include/ATen/CPUType.h'
adding 'torch/include/ATen/CUDAGeneratorImpl.h'
adding 'torch/include/ATen/CUDAType.h'
adding 'torch/include/ATen/Config.h'
adding 'torch/include/ATen/Context.h'
adding 'torch/include/ATen/DLConvertor.h'
adding 'torch/include/ATen/Device.h'
adding 'torch/include/ATen/DeviceGuard.h'
adding 'torch/include/ATen/DimVector.h'
adding 'torch/include/ATen/Dimname.h'
adding 'torch/include/ATen/Dispatch.h'
adding 'torch/include/ATen/DynamicLibrary.h'
adding 'torch/include/ATen/ExpandUtils.h'
adding 'torch/include/ATen/Formatting.h'
adding 'torch/include/ATen/Functions.h'
adding 'torch/include/ATen/Generator.h'
adding 'torch/include/ATen/InferSize.h'
adding 'torch/include/ATen/InitialTensorOptions.h'
adding 'torch/include/ATen/Layout.h'
adding 'torch/include/ATen/LegacyTHFunctionsCPU.h'
adding 'torch/include/ATen/LegacyTHFunctionsCUDA.h'
adding 'torch/include/ATen/MatrixRef.h'
adding 'torch/include/ATen/MemoryOverlap.h'
adding 'torch/include/ATen/MkldnnCPUType.h'
adding 'torch/include/ATen/NamedTensor.h'
adding 'torch/include/ATen/NamedTensorUtils.h'
adding 'torch/include/ATen/NativeFunctions.h'
adding 'torch/include/ATen/NumericUtils.h'
adding 'torch/include/ATen/OpaqueTensorImpl.h'
adding 'torch/include/ATen/PTThreadPool.h'
adding 'torch/include/ATen/Parallel.h'
adding 'torch/include/ATen/ParallelNative.h'
adding 'torch/include/ATen/ParallelNativeTBB.h'
adding 'torch/include/ATen/ParallelOpenMP.h'
adding 'torch/include/ATen/QuantizedCPUType.h'
adding 'torch/include/ATen/QuantizedCUDAType.h'
adding 'torch/include/ATen/Scalar.h'
adding 'torch/include/ATen/ScalarOps.h'
adding 'torch/include/ATen/ScalarType.h'
adding 'torch/include/ATen/SequenceNumber.h'
adding 'torch/include/ATen/SmallVector.h'
adding 'torch/include/ATen/SparseCPUType.h'
adding 'torch/include/ATen/SparseCUDAType.h'
adding 'torch/include/ATen/SparseTensorImpl.h'
adding 'torch/include/ATen/SparseTensorUtils.h'
adding 'torch/include/ATen/Storage.h'
adding 'torch/include/ATen/Tensor.h'
adding 'torch/include/ATen/TensorAccessor.h'
adding 'torch/include/ATen/TensorGeometry.h'
adding 'torch/include/ATen/TensorIndexing.h'
adding 'torch/include/ATen/TensorNames.h'
adding 'torch/include/ATen/TensorOperators.h'
adding 'torch/include/ATen/TensorOptions.h'
adding 'torch/include/ATen/TensorUtils.h'
adding 'torch/include/ATen/ThreadLocalState.h'
adding 'torch/include/ATen/TracerMode.h'
adding 'torch/include/ATen/TypeDefault.h'
adding 'torch/include/ATen/Utils.h'
adding 'torch/include/ATen/Version.h'
adding 'torch/include/ATen/VmapTransforms.h'
adding 'torch/include/ATen/WrapDimUtils.h'
adding 'torch/include/ATen/WrapDimUtilsMulti.h'
adding 'torch/include/ATen/autocast_VS2017_helper.h'
adding 'torch/include/ATen/autocast_mode.h'
adding 'torch/include/ATen/cpp_custom_type_hack.h'
adding 'torch/include/ATen/div_rtn.h'
adding 'torch/include/ATen/dlpack.h'
adding 'torch/include/ATen/record_function.h'
adding 'torch/include/ATen/core/ATenGeneral.h'
adding 'torch/include/ATen/core/ATenOpList.h'
adding 'torch/include/ATen/core/Array.h'
adding 'torch/include/ATen/core/Backtrace.h'
adding 'torch/include/ATen/core/DeprecatedTypeProperties.h'
adding 'torch/include/ATen/core/DeprecatedTypePropertiesRegistry.h'
adding 'torch/include/ATen/core/Dict.h'
adding 'torch/include/ATen/core/Dict_inl.h'
adding 'torch/include/ATen/core/DimVector.h'
adding 'torch/include/ATen/core/Dimname.h'
adding 'torch/include/ATen/core/DistributionsHelper.h'
adding 'torch/include/ATen/core/Formatting.h'
adding 'torch/include/ATen/core/Generator.h'
adding 'torch/include/ATen/core/LegacyTypeDispatch.h'
adding 'torch/include/ATen/core/List.h'
adding 'torch/include/ATen/core/List_inl.h'
adding 'torch/include/ATen/core/MT19937RNGEngine.h'
adding 'torch/include/ATen/core/Macros.h'
adding 'torch/include/ATen/core/NamedTensor.h'
adding 'torch/include/ATen/core/PhiloxRNGEngine.h'
adding 'torch/include/ATen/core/Range.h'
adding 'torch/include/ATen/core/Reduction.h'
adding 'torch/include/ATen/core/Scalar.h'
adding 'torch/include/ATen/core/ScalarType.h'
adding 'torch/include/ATen/core/Tensor.h'
adding 'torch/include/ATen/core/TensorAccessor.h'
adding 'torch/include/ATen/core/TensorBody.h'
adding 'torch/include/ATen/core/TransformationHelper.h'
adding 'torch/include/ATen/core/UndefinedTensorImpl.h'
adding 'torch/include/ATen/core/UnsafeFromTH.h'
adding 'torch/include/ATen/core/VariableHooksInterface.h'
adding 'torch/include/ATen/core/Variadic.h'
adding 'torch/include/ATen/core/alias_info.h'
adding 'torch/include/ATen/core/aten_interned_strings.h'
adding 'torch/include/ATen/core/blob.h'
adding 'torch/include/ATen/core/builtin_function.h'
adding 'torch/include/ATen/core/function.h'
adding 'torch/include/ATen/core/function_schema.h'
adding 'torch/include/ATen/core/function_schema_inl.h'
adding 'torch/include/ATen/core/functional.h'
adding 'torch/include/ATen/core/grad_mode.h'
adding 'torch/include/ATen/core/interned_strings.h'
adding 'torch/include/ATen/core/interned_strings_class.h'
adding 'torch/include/ATen/core/ivalue.h'
adding 'torch/include/ATen/core/ivalue_inl.h'
adding 'torch/include/ATen/core/jit_type.h'
adding 'torch/include/ATen/core/operator_name.h'
adding 'torch/include/ATen/core/qualified_name.h'
adding 'torch/include/ATen/core/rref_interface.h'
adding 'torch/include/ATen/core/stack.h'
adding 'torch/include/ATen/core/typeid.h'
adding 'torch/include/ATen/core/boxing/KernelFunction.h'
adding 'torch/include/ATen/core/boxing/KernelFunction_impl.h'
adding 'torch/include/ATen/core/boxing/impl/WrapFunctionIntoFunctor.h'
adding 'torch/include/ATen/core/boxing/impl/WrapFunctionIntoRuntimeFunctor.h'
adding 'torch/include/ATen/core/boxing/impl/boxing.h'
adding 'torch/include/ATen/core/boxing/impl/make_boxed_from_unboxed_functor.h'
adding 'torch/include/ATen/core/boxing/impl/test_helpers.h'
adding 'torch/include/ATen/core/dispatch/CppSignature.h'
adding 'torch/include/ATen/core/dispatch/DispatchKeyExtractor.h'
adding 'torch/include/ATen/core/dispatch/Dispatcher.h'
adding 'torch/include/ATen/core/dispatch/ObservedOperators.h'
adding 'torch/include/ATen/core/dispatch/OperatorEntry.h'
adding 'torch/include/ATen/core/dispatch/OperatorOptions.h'
adding 'torch/include/ATen/core/dispatch/RegistrationHandleRAII.h'
adding 'torch/include/ATen/core/op_registration/hacky_wrapper_for_legacy_signatures.h'
adding 'torch/include/ATen/core/op_registration/infer_schema.h'
adding 'torch/include/ATen/core/op_registration/op_registration.h'
adding 'torch/include/ATen/cpu/FlushDenormal.h'
adding 'torch/include/ATen/cpu/vml.h'
adding 'torch/include/ATen/cpu/vec256/functional.h'
adding 'torch/include/ATen/cpu/vec256/intrinsics.h'
adding 'torch/include/ATen/cpu/vec256/vec256.h'
adding 'torch/include/ATen/cpu/vec256/vec256_base.h'
adding 'torch/include/ATen/cpu/vec256/vec256_bfloat16.h'
adding 'torch/include/ATen/cpu/vec256/vec256_complex_double.h'
adding 'torch/include/ATen/cpu/vec256/vec256_complex_float.h'
adding 'torch/include/ATen/cpu/vec256/vec256_double.h'
adding 'torch/include/ATen/cpu/vec256/vec256_float.h'
adding 'torch/include/ATen/cpu/vec256/vec256_float_neon.h'
adding 'torch/include/ATen/cpu/vec256/vec256_int.h'
adding 'torch/include/ATen/cpu/vec256/vec256_qint.h'
adding 'torch/include/ATen/cuda/ATenCUDAGeneral.h'
adding 'torch/include/ATen/cuda/CUDAApplyUtils.cuh'
adding 'torch/include/ATen/cuda/CUDABlas.h'
adding 'torch/include/ATen/cuda/CUDAConfig.h'
adding 'torch/include/ATen/cuda/CUDAContext.h'
adding 'torch/include/ATen/cuda/CUDADevice.h'
adding 'torch/include/ATen/cuda/CUDAEvent.h'
adding 'torch/include/ATen/cuda/CUDAMultiStreamGuard.h'
adding 'torch/include/ATen/cuda/CUDATensorMethods.cuh'
adding 'torch/include/ATen/cuda/CUDAUtils.h'
adding 'torch/include/ATen/cuda/DeviceUtils.cuh'
adding 'torch/include/ATen/cuda/Exceptions.h'
adding 'torch/include/ATen/cuda/NumericLimits.cuh'
adding 'torch/include/ATen/cuda/PinnedMemoryAllocator.h'
adding 'torch/include/ATen/cuda/detail/CUDAHooks.h'
adding 'torch/include/ATen/cuda/detail/DeviceThreadHandles.h'
adding 'torch/include/ATen/cuda/detail/IndexUtils.cuh'
adding 'torch/include/ATen/cuda/detail/KernelUtils.h'
adding 'torch/include/ATen/cuda/detail/OffsetCalculator.cuh'
adding 'torch/include/ATen/cuda/detail/TensorInfo.cuh'
adding 'torch/include/ATen/cudnn/Descriptors.h'
adding 'torch/include/ATen/cudnn/Exceptions.h'
adding 'torch/include/ATen/cudnn/Handle.h'
adding 'torch/include/ATen/cudnn/Handles.h'
adding 'torch/include/ATen/cudnn/Types.h'
adding 'torch/include/ATen/cudnn/Utils.h'
adding 'torch/include/ATen/cudnn/cudnn-wrapper.h'
adding 'torch/include/ATen/detail/CPUGuardImpl.h'
adding 'torch/include/ATen/detail/CUDAHooksInterface.h'
adding 'torch/include/ATen/detail/FunctionTraits.h'
adding 'torch/include/ATen/detail/HIPHooksInterface.h'
adding 'torch/include/ATen/hip/impl/HIPAllocatorMasqueradingAsCUDA.h'
adding 'torch/include/ATen/hip/impl/HIPCachingAllocatorMasqueradingAsCUDA.h'
adding 'torch/include/ATen/hip/impl/HIPGuardImplMasqueradingAsCUDA.h'
adding 'torch/include/ATen/hip/impl/HIPStreamMasqueradingAsCUDA.h'
adding 'torch/include/ATen/native/Activation.h'
adding 'torch/include/ATen/native/BinaryOps.h'
adding 'torch/include/ATen/native/BucketizationUtils.h'
adding 'torch/include/ATen/native/CPUBlas.h'
adding 'torch/include/ATen/native/ComplexHelper.h'
adding 'torch/include/ATen/native/ConvUtils.h'
adding 'torch/include/ATen/native/Copy.h'
adding 'torch/include/ATen/native/Cross.h'
adding 'torch/include/ATen/native/DilatedConvolutionUtils.h'
adding 'torch/include/ATen/native/DispatchStub.h'
adding 'torch/include/ATen/native/Distance.h'
adding 'torch/include/ATen/native/DistributionTemplates.h'
adding 'torch/include/ATen/native/Distributions.h'
adding 'torch/include/ATen/native/Fill.h'
adding 'torch/include/ATen/native/GridSampler.h'
adding 'torch/include/ATen/native/IndexingUtils.h'
adding 'torch/include/ATen/native/Lerp.h'
adding 'torch/include/ATen/native/LinearAlgebraUtils.h'
adding 'torch/include/ATen/native/Math.h'
adding 'torch/include/ATen/native/PointwiseOps.h'
adding 'torch/include/ATen/native/Pool.h'
adding 'torch/include/ATen/native/Pow.h'
adding 'torch/include/ATen/native/RNN.h'
adding 'torch/include/ATen/native/ReduceAllOps.h'
adding 'torch/include/ATen/native/ReduceOps.h'
adding 'torch/include/ATen/native/ReduceOpsUtils.h'
adding 'torch/include/ATen/native/Repeat.h'
adding 'torch/include/ATen/native/Resize.h'
adding 'torch/include/ATen/native/ResizeCommon.h'
adding 'torch/include/ATen/native/ScatterGatherChecks.h'
adding 'torch/include/ATen/native/SharedReduceOps.h'
adding 'torch/include/ATen/native/SobolEngineOpsUtils.h'
adding 'torch/include/ATen/native/Sorting.h'
adding 'torch/include/ATen/native/SortingUtils.h'
adding 'torch/include/ATen/native/SpectralOpsUtils.h'
adding 'torch/include/ATen/native/TensorAdvancedIndexing.h'
adding 'torch/include/ATen/native/TensorCompare.h'
adding 'torch/include/ATen/native/TensorDimApply.h'
adding 'torch/include/ATen/native/TensorFactories.h'
adding 'torch/include/ATen/native/TensorIterator.h'
adding 'torch/include/ATen/native/TensorIteratorDynamicCasting.h'
adding 'torch/include/ATen/native/TensorTransformations.h'
adding 'torch/include/ATen/native/TriangularOpsUtils.h'
adding 'torch/include/ATen/native/TypeProperties.h'
adding 'torch/include/ATen/native/UnaryOps.h'
adding 'torch/include/ATen/native/Unfold2d.h'
adding 'torch/include/ATen/native/Unfold3d.h'
adding 'torch/include/ATen/native/UnfoldBackward.h'
adding 'torch/include/ATen/native/UpSample.h'
adding 'torch/include/ATen/native/batch_norm.h'
adding 'torch/include/ATen/native/group_norm.h'
adding 'torch/include/ATen/native/im2col.h'
adding 'torch/include/ATen/native/im2col_shape_check.h'
adding 'torch/include/ATen/native/layer_norm.h'
adding 'torch/include/ATen/native/vol2col.h'
adding 'torch/include/ATen/native/cpu/AtomicAddFloat.h'
adding 'torch/include/ATen/native/cpu/CatKernel.h'
adding 'torch/include/ATen/native/cpu/DepthwiseConvKernel.h'
adding 'torch/include/ATen/native/cpu/DistributionTemplates.h'
adding 'torch/include/ATen/native/cpu/GridSamplerKernel.h'
adding 'torch/include/ATen/native/cpu/Intrinsics.h'
adding 'torch/include/ATen/native/cpu/IsContiguous.h'
adding 'torch/include/ATen/native/cpu/Loops.h'
adding 'torch/include/ATen/native/cpu/Reduce.h'
adding 'torch/include/ATen/native/cpu/SoftmaxKernel.h'
adding 'torch/include/ATen/native/cpu/avx_mathfun.h'
adding 'torch/include/ATen/native/cpu/zmath.h'
adding 'torch/include/ATen/native/quantized/Copy.h'
adding 'torch/include/ATen/native/quantized/affine_quantizer.h'
adding 'torch/include/ATen/native/quantized/fake_quant_affine.h'
adding 'torch/include/ATen/native/quantized/cpu/conv_packed_params.h'
adding 'torch/include/ATen/native/quantized/cpu/fbgemm_utils.h'
adding 'torch/include/ATen/native/quantized/cpu/init_qnnpack.h'
adding 'torch/include/ATen/native/quantized/cpu/packed_params.h'
adding 'torch/include/ATen/native/quantized/cpu/qnnpack_utils.h'
adding 'torch/include/ATen/native/quantized/cpu/quant_utils.h'
adding 'torch/include/ATen/native/quantized/cpu/quantized_ops.h'
adding 'torch/include/ATen/quantized/QTensorImpl.h'
adding 'torch/include/ATen/quantized/Quantizer.h'
adding 'torch/include/TH/TH.h'
adding 'torch/include/TH/THAllocator.h'
adding 'torch/include/TH/THBlas.h'
adding 'torch/include/TH/THGeneral.h'
adding 'torch/include/TH/THGenerateAllTypes.h'
adding 'torch/include/TH/THGenerateBFloat16Type.h'
adding 'torch/include/TH/THGenerateBoolType.h'
adding 'torch/include/TH/THGenerateByteType.h'
adding 'torch/include/TH/THGenerateCharType.h'
adding 'torch/include/TH/THGenerateComplexDoubleType.h'
adding 'torch/include/TH/THGenerateComplexFloatType.h'
adding 'torch/include/TH/THGenerateComplexTypes.h'
adding 'torch/include/TH/THGenerateDoubleType.h'
adding 'torch/include/TH/THGenerateFloatType.h'
adding 'torch/include/TH/THGenerateFloatTypes.h'
adding 'torch/include/TH/THGenerateHalfType.h'
adding 'torch/include/TH/THGenerateIntType.h'
adding 'torch/include/TH/THGenerateIntTypes.h'
adding 'torch/include/TH/THGenerateLongType.h'
adding 'torch/include/TH/THGenerateQInt32Type.h'
adding 'torch/include/TH/THGenerateQInt8Type.h'
adding 'torch/include/TH/THGenerateQTypes.h'
adding 'torch/include/TH/THGenerateQUInt8Type.h'
adding 'torch/include/TH/THGenerateShortType.h'
adding 'torch/include/TH/THGenerator.hpp'
adding 'torch/include/TH/THHalf.h'
adding 'torch/include/TH/THLapack.h'
adding 'torch/include/TH/THStorage.h'
adding 'torch/include/TH/THStorageFunctions.h'
adding 'torch/include/TH/THStorageFunctions.hpp'
adding 'torch/include/TH/THTensor.h'
adding 'torch/include/TH/THTensor.hpp'
adding 'torch/include/TH/THTensorApply.h'
adding 'torch/include/TH/THTensorDimApply.h'
adding 'torch/include/TH/THVector.h'
adding 'torch/include/TH/generic/THBlas.h'
adding 'torch/include/TH/generic/THLapack.h'
adding 'torch/include/TH/generic/THStorage.h'
adding 'torch/include/TH/generic/THStorageCopy.h'
adding 'torch/include/TH/generic/THTensor.h'
adding 'torch/include/TH/generic/THTensor.hpp'
adding 'torch/include/TH/generic/THTensorFastGetSet.hpp'
adding 'torch/include/TH/generic/THTensorLapack.h'
adding 'torch/include/TH/generic/THTensorMath.h'
adding 'torch/include/TH/generic/THTensorRandom.h'
adding 'torch/include/TH/generic/THVector.h'
adding 'torch/include/THC/THC.h'
adding 'torch/include/THC/THCAllocator.h'
adding 'torch/include/THC/THCApply.cuh'
adding 'torch/include/THC/THCAsmUtils.cuh'
adding 'torch/include/THC/THCAtomics.cuh'
adding 'torch/include/THC/THCBlas.h'
adding 'torch/include/THC/THCCachingHostAllocator.h'
adding 'torch/include/THC/THCDeviceTensor-inl.cuh'
adding 'torch/include/THC/THCDeviceTensor.cuh'
adding 'torch/include/THC/THCDeviceTensorUtils-inl.cuh'
adding 'torch/include/THC/THCDeviceTensorUtils.cuh'
adding 'torch/include/THC/THCDeviceUtils.cuh'
adding 'torch/include/THC/THCGeneral.h'
adding 'torch/include/THC/THCGeneral.hpp'
adding 'torch/include/THC/THCGenerateAllTypes.h'
adding 'torch/include/THC/THCGenerateBFloat16Type.h'
adding 'torch/include/THC/THCGenerateBoolType.h'
adding 'torch/include/THC/THCGenerateByteType.h'
adding 'torch/include/THC/THCGenerateCharType.h'
adding 'torch/include/THC/THCGenerateComplexDoubleType.h'
adding 'torch/include/THC/THCGenerateComplexFloatType.h'
adding 'torch/include/THC/THCGenerateComplexTypes.h'
adding 'torch/include/THC/THCGenerateDoubleType.h'
adding 'torch/include/THC/THCGenerateFloatType.h'
adding 'torch/include/THC/THCGenerateFloatTypes.h'
adding 'torch/include/THC/THCGenerateHalfType.h'
adding 'torch/include/THC/THCGenerateIntType.h'
adding 'torch/include/THC/THCGenerateLongType.h'
adding 'torch/include/THC/THCGenerateShortType.h'
adding 'torch/include/THC/THCIntegerDivider.cuh'
adding 'torch/include/THC/THCNumerics.cuh'
adding 'torch/include/THC/THCReduce.cuh'
adding 'torch/include/THC/THCReduceAll.cuh'
adding 'torch/include/THC/THCReduceApplyUtils.cuh'
adding 'torch/include/THC/THCScanUtils.cuh'
adding 'torch/include/THC/THCSleep.h'
adding 'torch/include/THC/THCSortUtils.cuh'
adding 'torch/include/THC/THCStorage.h'
adding 'torch/include/THC/THCStorage.hpp'
adding 'torch/include/THC/THCStorageCopy.h'
adding 'torch/include/THC/THCTensor.h'
adding 'torch/include/THC/THCTensor.hpp'
adding 'torch/include/THC/THCTensorCopy.h'
adding 'torch/include/THC/THCTensorCopy.hpp'
adding 'torch/include/THC/THCTensorInfo.cuh'
adding 'torch/include/THC/THCTensorMath.h'
adding 'torch/include/THC/THCTensorMathMagma.cuh'
adding 'torch/include/THC/THCTensorMathPointwise.cuh'
adding 'torch/include/THC/THCTensorMathReduce.cuh'
adding 'torch/include/THC/THCTensorMode.cuh'
adding 'torch/include/THC/THCTensorRandom.cuh'
adding 'torch/include/THC/THCTensorRandom.h'
adding 'torch/include/THC/THCTensorSort.cuh'
adding 'torch/include/THC/THCTensorTopK.cuh'
adding 'torch/include/THC/THCTensorTypeUtils.cuh'
adding 'torch/include/THC/THCThrustAllocator.cuh'
adding 'torch/include/THC/generic/THCStorage.h'
adding 'torch/include/THC/generic/THCStorageCopy.h'
adding 'torch/include/THC/generic/THCTensor.h'
adding 'torch/include/THC/generic/THCTensorCopy.h'
adding 'torch/include/THC/generic/THCTensorIndex.h'
adding 'torch/include/THC/generic/THCTensorMasked.h'
adding 'torch/include/THC/generic/THCTensorMath.h'
adding 'torch/include/THC/generic/THCTensorMathBlas.h'
adding 'torch/include/THC/generic/THCTensorMathMagma.h'
adding 'torch/include/THC/generic/THCTensorMathPairwise.h'
adding 'torch/include/THC/generic/THCTensorMathPointwise.h'
adding 'torch/include/THC/generic/THCTensorMathReduce.h'
adding 'torch/include/THC/generic/THCTensorMode.h'
adding 'torch/include/THC/generic/THCTensorRandom.h'
adding 'torch/include/THC/generic/THCTensorScatterGather.h'
adding 'torch/include/THC/generic/THCTensorSort.h'
adding 'torch/include/THC/generic/THCTensorTopK.h'
adding 'torch/include/THCUNN/SharedMem.cuh'
adding 'torch/include/THCUNN/THCHalfAutoNumerics.cuh'
adding 'torch/include/THCUNN/generic/THCUNN.h'
adding 'torch/include/c10/core/Allocator.h'
adding 'torch/include/c10/core/Backend.h'
adding 'torch/include/c10/core/CPUAllocator.h'
adding 'torch/include/c10/core/CompileTimeFunctionPointer.h'
adding 'torch/include/c10/core/CopyBytes.h'
adding 'torch/include/c10/core/DefaultDtype.h'
adding 'torch/include/c10/core/DefaultTensorOptions.h'
adding 'torch/include/c10/core/Device.h'
adding 'torch/include/c10/core/DeviceGuard.h'
adding 'torch/include/c10/core/DeviceType.h'
adding 'torch/include/c10/core/DispatchKey.h'
adding 'torch/include/c10/core/DispatchKeySet.h'
adding 'torch/include/c10/core/Event.h'
adding 'torch/include/c10/core/GeneratorImpl.h'
adding 'torch/include/c10/core/Layout.h'
adding 'torch/include/c10/core/MemoryFormat.h'
adding 'torch/include/c10/core/QEngine.h'
adding 'torch/include/c10/core/QScheme.h'
adding 'torch/include/c10/core/Scalar.h'
adding 'torch/include/c10/core/ScalarType.h'
adding 'torch/include/c10/core/Storage.h'
adding 'torch/include/c10/core/StorageImpl.h'
adding 'torch/include/c10/core/Stream.h'
adding 'torch/include/c10/core/StreamGuard.h'
adding 'torch/include/c10/core/TensorImpl.h'
adding 'torch/include/c10/core/TensorOptions.h'
adding 'torch/include/c10/core/UndefinedTensorImpl.h'
adding 'torch/include/c10/core/WrapDimMinimal.h'
adding 'torch/include/c10/core/thread_pool.h'
adding 'torch/include/c10/core/impl/DeviceGuardImplInterface.h'
adding 'torch/include/c10/core/impl/FakeGuardImpl.h'
adding 'torch/include/c10/core/impl/InlineDeviceGuard.h'
adding 'torch/include/c10/core/impl/InlineEvent.h'
adding 'torch/include/c10/core/impl/InlineStreamGuard.h'
adding 'torch/include/c10/core/impl/LocalDispatchKeySet.h'
adding 'torch/include/c10/core/impl/VirtualGuardImpl.h'
adding 'torch/include/c10/cuda/CUDACachingAllocator.h'
adding 'torch/include/c10/cuda/CUDAException.h'
adding 'torch/include/c10/cuda/CUDAFunctions.h'
adding 'torch/include/c10/cuda/CUDAGuard.h'
adding 'torch/include/c10/cuda/CUDAMacros.h'
adding 'torch/include/c10/cuda/CUDAMathCompat.h'
adding 'torch/include/c10/cuda/CUDAStream.h'
adding 'torch/include/c10/cuda/impl/CUDAGuardImpl.h'
adding 'torch/include/c10/cuda/impl/CUDATest.h'
adding 'torch/include/c10/cuda/impl/cuda_cmake_macros.h'
adding 'torch/include/c10/macros/Export.h'
adding 'torch/include/c10/macros/Macros.h'
adding 'torch/include/c10/macros/cmake_macros.h'
adding 'torch/include/c10/util/AlignOf.h'
adding 'torch/include/c10/util/Array.h'
adding 'torch/include/c10/util/ArrayRef.h'
adding 'torch/include/c10/util/BFloat16-inl.h'
adding 'torch/include/c10/util/BFloat16-math.h'
adding 'torch/include/c10/util/BFloat16.h'
adding 'torch/include/c10/util/Backtrace.h'
adding 'torch/include/c10/util/Bitset.h'
adding 'torch/include/c10/util/C++17.h'
adding 'torch/include/c10/util/ConstexprCrc.h'
adding 'torch/include/c10/util/Deprecated.h'
adding 'torch/include/c10/util/Exception.h'
adding 'torch/include/c10/util/Flags.h'
adding 'torch/include/c10/util/FunctionRef.h'
adding 'torch/include/c10/util/Half-inl.h'
adding 'torch/include/c10/util/Half.h'
adding 'torch/include/c10/util/IdWrapper.h'
adding 'torch/include/c10/util/LeftRight.h'
adding 'torch/include/c10/util/Logging.h'
adding 'torch/include/c10/util/Metaprogramming.h'
adding 'torch/include/c10/util/Optional.h'
adding 'torch/include/c10/util/Registry.h'
adding 'torch/include/c10/util/SmallVector.h'
adding 'torch/include/c10/util/StringUtil.h'
adding 'torch/include/c10/util/ThreadLocalDebugInfo.h'
adding 'torch/include/c10/util/Type.h'
adding 'torch/include/c10/util/TypeCast.h'
adding 'torch/include/c10/util/TypeIndex.h'
adding 'torch/include/c10/util/TypeList.h'
adding 'torch/include/c10/util/TypeTraits.h'
adding 'torch/include/c10/util/UniqueVoidPtr.h'
adding 'torch/include/c10/util/complex.h'
adding 'torch/include/c10/util/complex_math.h'
adding 'torch/include/c10/util/complex_utils.h'
adding 'torch/include/c10/util/either.h'
adding 'torch/include/c10/util/flat_hash_map.h'
adding 'torch/include/c10/util/in_place.h'
adding 'torch/include/c10/util/intrusive_ptr.h'
adding 'torch/include/c10/util/llvmMathExtras.h'
adding 'torch/include/c10/util/logging_is_google_glog.h'
adding 'torch/include/c10/util/logging_is_not_google_glog.h'
adding 'torch/include/c10/util/math_compat.h'
adding 'torch/include/c10/util/numa.h'
adding 'torch/include/c10/util/order_preserving_flat_hash_map.h'
adding 'torch/include/c10/util/python_stub.h'
adding 'torch/include/c10/util/qint32.h'
adding 'torch/include/c10/util/qint8.h'
adding 'torch/include/c10/util/quint8.h'
adding 'torch/include/c10/util/reverse_iterator.h'
adding 'torch/include/c10/util/sparse_bitset.h'
adding 'torch/include/c10/util/string_utils.h'
adding 'torch/include/c10/util/string_view.h'
adding 'torch/include/c10/util/tempfile.h'
adding 'torch/include/c10/util/thread_name.h'
adding 'torch/include/c10/util/typeid.h'
adding 'torch/include/c10/util/variant.h'
adding 'torch/include/c10d/FileStore.hpp'
adding 'torch/include/c10d/GlooDeviceFactory.hpp'
adding 'torch/include/c10d/HashStore.hpp'
adding 'torch/include/c10d/NCCLUtils.hpp'
adding 'torch/include/c10d/PrefixStore.hpp'
adding 'torch/include/c10d/ProcessGroup.hpp'
adding 'torch/include/c10d/ProcessGroupGloo.hpp'
adding 'torch/include/c10d/ProcessGroupMPI.hpp'
adding 'torch/include/c10d/ProcessGroupNCCL.hpp'
adding 'torch/include/c10d/Store.hpp'
adding 'torch/include/c10d/TCPStore.hpp'
adding 'torch/include/c10d/Types.hpp'
adding 'torch/include/c10d/Utils.hpp'
adding 'torch/include/caffe2/core/allocator.h'
adding 'torch/include/caffe2/core/asan.h'
adding 'torch/include/caffe2/core/blob.h'
adding 'torch/include/caffe2/core/blob_serialization.h'
adding 'torch/include/caffe2/core/blob_serializer_base.h'
adding 'torch/include/caffe2/core/blob_stats.h'
adding 'torch/include/caffe2/core/common.h'
adding 'torch/include/caffe2/core/common_cudnn.h'
adding 'torch/include/caffe2/core/common_gpu.h'
adding 'torch/include/caffe2/core/common_omp.h'
adding 'torch/include/caffe2/core/context.h'
adding 'torch/include/caffe2/core/context_base.h'
adding 'torch/include/caffe2/core/context_gpu.h'
adding 'torch/include/caffe2/core/cudnn_wrappers.h'
adding 'torch/include/caffe2/core/db.h'
adding 'torch/include/caffe2/core/event.h'
adding 'torch/include/caffe2/core/event_cpu.h'
adding 'torch/include/caffe2/core/export_c10_op_to_caffe2.h'
adding 'torch/include/caffe2/core/export_caffe2_op_to_c10.h'
adding 'torch/include/caffe2/core/flags.h'
adding 'torch/include/caffe2/core/graph.h'
adding 'torch/include/caffe2/core/init.h'
adding 'torch/include/caffe2/core/logging.h'
adding 'torch/include/caffe2/core/macros.h'
adding 'torch/include/caffe2/core/memonger.h'
adding 'torch/include/caffe2/core/module.h'
adding 'torch/include/caffe2/core/net.h'
adding 'torch/include/caffe2/core/net_async_base.h'
adding 'torch/include/caffe2/core/net_async_scheduling.h'
adding 'torch/include/caffe2/core/net_async_task.h'
adding 'torch/include/caffe2/core/net_async_task_future.h'
adding 'torch/include/caffe2/core/net_async_task_graph.h'
adding 'torch/include/caffe2/core/net_async_tracing.h'
adding 'torch/include/caffe2/core/net_dag_utils.h'
adding 'torch/include/caffe2/core/net_parallel.h'
adding 'torch/include/caffe2/core/net_simple.h'
adding 'torch/include/caffe2/core/net_simple_refcount.h'
adding 'torch/include/caffe2/core/numa.h'
adding 'torch/include/caffe2/core/observer.h'
adding 'torch/include/caffe2/core/operator.h'
adding 'torch/include/caffe2/core/operator_gradient.h'
adding 'torch/include/caffe2/core/operator_schema.h'
adding 'torch/include/caffe2/core/plan_executor.h'
adding 'torch/include/caffe2/core/prof_dag_counters.h'
adding 'torch/include/caffe2/core/qtensor.h'
adding 'torch/include/caffe2/core/qtensor_serialization.h'
adding 'torch/include/caffe2/core/scope_guard.h'
adding 'torch/include/caffe2/core/static_tracepoint.h'
adding 'torch/include/caffe2/core/static_tracepoint_elfx86.h'
adding 'torch/include/caffe2/core/stats.h'
adding 'torch/include/caffe2/core/storage.h'
adding 'torch/include/caffe2/core/tensor.h'
adding 'torch/include/caffe2/core/tensor_impl.h'
adding 'torch/include/caffe2/core/tensor_int8.h'
adding 'torch/include/caffe2/core/test_utils.h'
adding 'torch/include/caffe2/core/timer.h'
adding 'torch/include/caffe2/core/transform.h'
adding 'torch/include/caffe2/core/types.h'
adding 'torch/include/caffe2/core/workspace.h'
adding 'torch/include/caffe2/cuda_rtc/common_rtc.h'
adding 'torch/include/caffe2/db/create_db_op.h'
adding 'torch/include/caffe2/distributed/file_store_handler.h'
adding 'torch/include/caffe2/distributed/file_store_handler_op.h'
adding 'torch/include/caffe2/distributed/redis_store_handler.h'
adding 'torch/include/caffe2/distributed/redis_store_handler_op.h'
adding 'torch/include/caffe2/distributed/store_handler.h'
adding 'torch/include/caffe2/distributed/store_ops.h'
adding 'torch/include/caffe2/ideep/ideep_utils.h'
adding 'torch/include/caffe2/image/image_input_op.h'
adding 'torch/include/caffe2/image/transform_gpu.h'
adding 'torch/include/caffe2/mpi/mpi_common.h'
adding 'torch/include/caffe2/mpi/mpi_ops.h'
adding 'torch/include/caffe2/observers/operator_attaching_net_observer.h'
adding 'torch/include/caffe2/observers/profile_observer.h'
adding 'torch/include/caffe2/observers/runcnt_observer.h'
adding 'torch/include/caffe2/observers/time_observer.h'
adding 'torch/include/caffe2/onnx/backend.h'
adding 'torch/include/caffe2/onnx/backend_rep.h'
adding 'torch/include/caffe2/onnx/device.h'
adding 'torch/include/caffe2/onnx/helper.h'
adding 'torch/include/caffe2/onnx/offline_tensor.h'
adding 'torch/include/caffe2/onnx/onnx_exporter.h'
adding 'torch/include/caffe2/onnx/onnxifi_graph_info.h'
adding 'torch/include/caffe2/onnx/onnxifi_init.h'
adding 'torch/include/caffe2/operators/abs_op.h'
adding 'torch/include/caffe2/operators/accumulate_op.h'
adding 'torch/include/caffe2/operators/accuracy_op.h'
adding 'torch/include/caffe2/operators/acos_op.h'
adding 'torch/include/caffe2/operators/activation_ops_cudnn.h'
adding 'torch/include/caffe2/operators/affine_channel_op.h'
adding 'torch/include/caffe2/operators/alias_with_name.h'
adding 'torch/include/caffe2/operators/apmeter_op.h'
adding 'torch/include/caffe2/operators/arg_ops.h'
adding 'torch/include/caffe2/operators/asin_op.h'
adding 'torch/include/caffe2/operators/assert_op.h'
adding 'torch/include/caffe2/operators/atan_op.h'
adding 'torch/include/caffe2/operators/batch_box_cox_op.h'
adding 'torch/include/caffe2/operators/batch_bucketize_op.h'
adding 'torch/include/caffe2/operators/batch_gather_ops.h'
adding 'torch/include/caffe2/operators/batch_matmul_op.h'
adding 'torch/include/caffe2/operators/batch_moments_op.h'
adding 'torch/include/caffe2/operators/batch_permutation_op.h'
adding 'torch/include/caffe2/operators/batch_sparse_to_dense_op.h'
adding 'torch/include/caffe2/operators/bbox_transform_op.h'
adding 'torch/include/caffe2/operators/bisect_percentile_op.h'
adding 'torch/include/caffe2/operators/boolean_mask_ops.h'
adding 'torch/include/caffe2/operators/boolean_unmask_ops.h'
adding 'torch/include/caffe2/operators/box_with_nms_limit_op.h'
adding 'torch/include/caffe2/operators/bucketize_op.h'
adding 'torch/include/caffe2/operators/byte_weight_dequant_op.h'
adding 'torch/include/caffe2/operators/cast_op.h'
adding 'torch/include/caffe2/operators/cbrt_op.h'
adding 'torch/include/caffe2/operators/cc_bmm_bg_op.h'
adding 'torch/include/caffe2/operators/ceil_op.h'
adding 'torch/include/caffe2/operators/channel_backprop_stats_op.h'
adding 'torch/include/caffe2/operators/channel_shuffle_op.h'
adding 'torch/include/caffe2/operators/channel_stats_op.h'
adding 'torch/include/caffe2/operators/clip_op.h'
adding 'torch/include/caffe2/operators/collect_and_distribute_fpn_rpn_proposals_op.h'
adding 'torch/include/caffe2/operators/concat_split_op.h'
adding 'torch/include/caffe2/operators/conditional_op.h'
adding 'torch/include/caffe2/operators/conv_op.h'
adding 'torch/include/caffe2/operators/conv_op_cache_cudnn.h'
adding 'torch/include/caffe2/operators/conv_op_impl.h'
adding 'torch/include/caffe2/operators/conv_op_shared.h'
adding 'torch/include/caffe2/operators/conv_pool_op_base.h'
adding 'torch/include/caffe2/operators/conv_transpose_op.h'
adding 'torch/include/caffe2/operators/conv_transpose_op_impl.h'
adding 'torch/include/caffe2/operators/conv_transpose_op_mobile.h'
adding 'torch/include/caffe2/operators/conv_transpose_op_mobile_impl.h'
adding 'torch/include/caffe2/operators/conv_transpose_unpool_op_base.h'
adding 'torch/include/caffe2/operators/copy_op.h'
adding 'torch/include/caffe2/operators/copy_rows_to_tensor_op.h'
adding 'torch/include/caffe2/operators/cos_op.h'
adding 'torch/include/caffe2/operators/cosh_op.h'
adding 'torch/include/caffe2/operators/cosine_embedding_criterion_op.h'
adding 'torch/include/caffe2/operators/counter_ops.h'
adding 'torch/include/caffe2/operators/create_scope_op.h'
adding 'torch/include/caffe2/operators/cross_entropy_op.h'
adding 'torch/include/caffe2/operators/ctc_beam_search_decoder_op.h'
adding 'torch/include/caffe2/operators/ctc_greedy_decoder_op.h'
adding 'torch/include/caffe2/operators/cube_op.h'
adding 'torch/include/caffe2/operators/data_couple.h'
adding 'torch/include/caffe2/operators/dataset_ops.h'
adding 'torch/include/caffe2/operators/deform_conv_op.h'
adding 'torch/include/caffe2/operators/deform_conv_op_impl.h'
adding 'torch/include/caffe2/operators/dense_vector_to_id_list_op.h'
adding 'torch/include/caffe2/operators/distance_op.h'
adding 'torch/include/caffe2/operators/do_op.h'
adding 'torch/include/caffe2/operators/dropout_op.h'
adding 'torch/include/caffe2/operators/elementwise_add_op.h'
adding 'torch/include/caffe2/operators/elementwise_div_op.h'
adding 'torch/include/caffe2/operators/elementwise_linear_op.h'
adding 'torch/include/caffe2/operators/elementwise_logical_ops.h'
adding 'torch/include/caffe2/operators/elementwise_mul_op.h'
adding 'torch/include/caffe2/operators/elementwise_op_test.h'
adding 'torch/include/caffe2/operators/elementwise_ops.h'
adding 'torch/include/caffe2/operators/elementwise_ops_utils.h'
adding 'torch/include/caffe2/operators/elementwise_sub_op.h'
adding 'torch/include/caffe2/operators/elu_op.h'
adding 'torch/include/caffe2/operators/enforce_finite_op.h'
adding 'torch/include/caffe2/operators/ensure_clipped_op.h'
adding 'torch/include/caffe2/operators/ensure_cpu_output_op.h'
adding 'torch/include/caffe2/operators/erf_op.h'
adding 'torch/include/caffe2/operators/exp_op.h'
adding 'torch/include/caffe2/operators/expand_op.h'
adding 'torch/include/caffe2/operators/expand_squeeze_dims_op.h'
adding 'torch/include/caffe2/operators/fc_inference.h'
adding 'torch/include/caffe2/operators/feature_maps_ops.h'
adding 'torch/include/caffe2/operators/feed_blob_op.h'
adding 'torch/include/caffe2/operators/filler_op.h'
adding 'torch/include/caffe2/operators/find_duplicate_elements_op.h'
adding 'torch/include/caffe2/operators/find_op.h'
adding 'torch/include/caffe2/operators/flatten_op.h'
adding 'torch/include/caffe2/operators/flexible_top_k.h'
adding 'torch/include/caffe2/operators/floor_op.h'
adding 'torch/include/caffe2/operators/free_op.h'
adding 'torch/include/caffe2/operators/fully_connected_op.h'
adding 'torch/include/caffe2/operators/fused_rowwise_8bit_conversion_ops.h'
adding 'torch/include/caffe2/operators/fused_rowwise_nbit_conversion_ops.h'
adding 'torch/include/caffe2/operators/fused_rowwise_nbitfake_conversion_ops.h'
adding 'torch/include/caffe2/operators/fused_rowwise_random_quantization_ops.h'
adding 'torch/include/caffe2/operators/gather_fused_8bit_rowwise_op.h'
adding 'torch/include/caffe2/operators/gather_op.h'
adding 'torch/include/caffe2/operators/gather_ranges_to_dense_op.h'
adding 'torch/include/caffe2/operators/gelu_op.h'
adding 'torch/include/caffe2/operators/generate_proposals_op.h'
adding 'torch/include/caffe2/operators/generate_proposals_op_util_boxes.h'
adding 'torch/include/caffe2/operators/generate_proposals_op_util_nms.h'
adding 'torch/include/caffe2/operators/generate_proposals_op_util_nms_gpu.h'
adding 'torch/include/caffe2/operators/given_tensor_byte_string_to_uint8_fill_op.h'
adding 'torch/include/caffe2/operators/given_tensor_fill_op.h'
adding 'torch/include/caffe2/operators/glu_op.h'
adding 'torch/include/caffe2/operators/group_norm_op.h'
adding 'torch/include/caffe2/operators/gru_unit_op.h'
adding 'torch/include/caffe2/operators/h_softmax_op.h'
adding 'torch/include/caffe2/operators/half_float_ops.h'
adding 'torch/include/caffe2/operators/hard_sigmoid_op.h'
adding 'torch/include/caffe2/operators/heatmap_max_keypoint_op.h'
adding 'torch/include/caffe2/operators/histogram_op.h'
adding 'torch/include/caffe2/operators/if_op.h'
adding 'torch/include/caffe2/operators/im2col_op.h'
adding 'torch/include/caffe2/operators/index_hash_ops.h'
adding 'torch/include/caffe2/operators/index_ops.h'
adding 'torch/include/caffe2/operators/inference_lstm_op.h'
adding 'torch/include/caffe2/operators/instance_norm_op.h'
adding 'torch/include/caffe2/operators/integral_image_op.h'
adding 'torch/include/caffe2/operators/is_empty_op.h'
adding 'torch/include/caffe2/operators/jsd_op.h'
adding 'torch/include/caffe2/operators/key_split_ops.h'
adding 'torch/include/caffe2/operators/layer_norm_op.h'
adding 'torch/include/caffe2/operators/leaky_relu_op.h'
adding 'torch/include/caffe2/operators/length_split_op.h'
adding 'torch/include/caffe2/operators/lengths_pad_op.h'
adding 'torch/include/caffe2/operators/lengths_reducer_fused_8bit_rowwise_ops.h'
adding 'torch/include/caffe2/operators/lengths_reducer_fused_nbit_rowwise_ops.h'
adding 'torch/include/caffe2/operators/lengths_reducer_ops.h'
adding 'torch/include/caffe2/operators/lengths_reducer_rowwise_8bit_ops.h'
adding 'torch/include/caffe2/operators/lengths_tile_op.h'
adding 'torch/include/caffe2/operators/lengths_top_k_op.h'
adding 'torch/include/caffe2/operators/listwise_l2r_op.h'
adding 'torch/include/caffe2/operators/load_save_op.h'
adding 'torch/include/caffe2/operators/load_save_op_util.h'
adding 'torch/include/caffe2/operators/local_response_normalization_op.h'
adding 'torch/include/caffe2/operators/locally_connected_op.h'
adding 'torch/include/caffe2/operators/locally_connected_op_impl.h'
adding 'torch/include/caffe2/operators/locally_connected_op_util.h'
adding 'torch/include/caffe2/operators/log_op.h'
adding 'torch/include/caffe2/operators/logit_op.h'
adding 'torch/include/caffe2/operators/loss_op.h'
adding 'torch/include/caffe2/operators/lpnorm_op.h'
adding 'torch/include/caffe2/operators/lstm_unit_op.h'
adding 'torch/include/caffe2/operators/lstm_utils.h'
adding 'torch/include/caffe2/operators/map_ops.h'
adding 'torch/include/caffe2/operators/margin_ranking_criterion_op.h'
adding 'torch/include/caffe2/operators/matmul_op.h'
adding 'torch/include/caffe2/operators/max_pool_with_index_gpu.h'
adding 'torch/include/caffe2/operators/mean_op.h'
adding 'torch/include/caffe2/operators/merge_id_lists_op.h'
adding 'torch/include/caffe2/operators/minmax_ops.h'
adding 'torch/include/caffe2/operators/mish_op.h'
adding 'torch/include/caffe2/operators/mod_op.h'
adding 'torch/include/caffe2/operators/moments_op.h'
adding 'torch/include/caffe2/operators/multi_class_accuracy_op.h'
adding 'torch/include/caffe2/operators/negate_gradient_op.h'
adding 'torch/include/caffe2/operators/negative_op.h'
adding 'torch/include/caffe2/operators/ngram_ops.h'
adding 'torch/include/caffe2/operators/no_default_engine_op.h'
adding 'torch/include/caffe2/operators/normalize_l1_op.h'
adding 'torch/include/caffe2/operators/normalize_op.h'
adding 'torch/include/caffe2/operators/numpy_tile_op.h'
adding 'torch/include/caffe2/operators/one_hot_ops.h'
adding 'torch/include/caffe2/operators/onnx_while_op.h'
adding 'torch/include/caffe2/operators/op_utils_cudnn.h'
adding 'torch/include/caffe2/operators/operator_fallback_gpu.h'
adding 'torch/include/caffe2/operators/order_switch_ops.h'
adding 'torch/include/caffe2/operators/pack_rnn_sequence_op.h'
adding 'torch/include/caffe2/operators/pack_segments.h'
adding 'torch/include/caffe2/operators/pad_op.h'
adding 'torch/include/caffe2/operators/partition_ops.h'
adding 'torch/include/caffe2/operators/percentile_op.h'
adding 'torch/include/caffe2/operators/perplexity_op.h'
adding 'torch/include/caffe2/operators/piecewise_linear_transform_op.h'
adding 'torch/include/caffe2/operators/pool_op.h'
adding 'torch/include/caffe2/operators/pool_op_util.h'
adding 'torch/include/caffe2/operators/pow_op.h'
adding 'torch/include/caffe2/operators/prefetch_op.h'
adding 'torch/include/caffe2/operators/prelu_op.h'
adding 'torch/include/caffe2/operators/prepend_dim_op.h'
adding 'torch/include/caffe2/operators/quant_decode_op.h'
adding 'torch/include/caffe2/operators/quantile_op.h'
adding 'torch/include/caffe2/operators/rank_loss_op.h'
adding 'torch/include/caffe2/operators/reciprocal_op.h'
adding 'torch/include/caffe2/operators/reduce_front_back_max_ops.h'
adding 'torch/include/caffe2/operators/reduce_front_back_sum_mean_ops.h'
adding 'torch/include/caffe2/operators/reduce_ops.h'
adding 'torch/include/caffe2/operators/reducer_functors.h'
adding 'torch/include/caffe2/operators/reduction_ops.h'
adding 'torch/include/caffe2/operators/relu_n_op.h'
adding 'torch/include/caffe2/operators/relu_op.h'
adding 'torch/include/caffe2/operators/remove_data_blocks_op.h'
adding 'torch/include/caffe2/operators/replace_nan_op.h'
adding 'torch/include/caffe2/operators/reshape_op.h'
adding 'torch/include/caffe2/operators/resize_3d_op.h'
adding 'torch/include/caffe2/operators/resize_op.h'
adding 'torch/include/caffe2/operators/reverse_packed_segs_op.h'
adding 'torch/include/caffe2/operators/rmac_regions_op.h'
adding 'torch/include/caffe2/operators/roi_align_gradient_op.h'
adding 'torch/include/caffe2/operators/roi_align_op.h'
adding 'torch/include/caffe2/operators/roi_align_rotated_gradient_op.h'
adding 'torch/include/caffe2/operators/roi_align_rotated_op.h'
adding 'torch/include/caffe2/operators/roi_pool_op.h'
adding 'torch/include/caffe2/operators/rowmul_op.h'
adding 'torch/include/caffe2/operators/rsqrt_op.h'
adding 'torch/include/caffe2/operators/scale_blobs_op.h'
adding 'torch/include/caffe2/operators/scale_op.h'
adding 'torch/include/caffe2/operators/segment_reduction_op.h'
adding 'torch/include/caffe2/operators/self_binning_histogram_op.h'
adding 'torch/include/caffe2/operators/selu_op.h'
adding 'torch/include/caffe2/operators/sequence_ops.h'
adding 'torch/include/caffe2/operators/shape_op.h'
adding 'torch/include/caffe2/operators/sigmoid_op.h'
adding 'torch/include/caffe2/operators/sin_op.h'
adding 'torch/include/caffe2/operators/sinh_op.h'
adding 'torch/include/caffe2/operators/sinusoid_position_encoding_op.h'
adding 'torch/include/caffe2/operators/slice_op.h'
adding 'torch/include/caffe2/operators/softmax_op.h'
adding 'torch/include/caffe2/operators/softmax_utils.h'
adding 'torch/include/caffe2/operators/softmax_with_loss_op.h'
adding 'torch/include/caffe2/operators/softplus_op.h'
adding 'torch/include/caffe2/operators/softsign_op.h'
adding 'torch/include/caffe2/operators/space_batch_op.h'
adding 'torch/include/caffe2/operators/sparse_dropout_with_replacement_op.h'
adding 'torch/include/caffe2/operators/sparse_lp_regularizer_op.h'
adding 'torch/include/caffe2/operators/sparse_normalize_op.h'
adding 'torch/include/caffe2/operators/sparse_to_dense_mask_op.h'
adding 'torch/include/caffe2/operators/sparse_to_dense_op.h'
adding 'torch/include/caffe2/operators/spatial_batch_norm_op.h'
adding 'torch/include/caffe2/operators/spatial_softmax_with_loss_op.h'
adding 'torch/include/caffe2/operators/sqr_op.h'
adding 'torch/include/caffe2/operators/sqrt_op.h'
adding 'torch/include/caffe2/operators/square_root_divide_op.h'
adding 'torch/include/caffe2/operators/stats_put_ops.h'
adding 'torch/include/caffe2/operators/stop_gradient.h'
adding 'torch/include/caffe2/operators/string_ops.h'
adding 'torch/include/caffe2/operators/stump_func_op.h'
adding 'torch/include/caffe2/operators/summarize_op.h'
adding 'torch/include/caffe2/operators/swish_op.h'
adding 'torch/include/caffe2/operators/tan_op.h'
adding 'torch/include/caffe2/operators/tanh_op.h'
adding 'torch/include/caffe2/operators/tensor_protos_db_input.h'
adding 'torch/include/caffe2/operators/text_file_reader_utils.h'
adding 'torch/include/caffe2/operators/thresholded_relu_op.h'
adding 'torch/include/caffe2/operators/tile_op.h'
adding 'torch/include/caffe2/operators/top_k.h'
adding 'torch/include/caffe2/operators/transpose_op.h'
adding 'torch/include/caffe2/operators/tt_linear_op.h'
adding 'torch/include/caffe2/operators/unique_ops.h'
adding 'torch/include/caffe2/operators/upsample_op.h'
adding 'torch/include/caffe2/operators/utility_ops.h'
adding 'torch/include/caffe2/operators/variable_length_sequence_padding.h'
adding 'torch/include/caffe2/operators/weighted_multi_sampling_op.h'
adding 'torch/include/caffe2/operators/weighted_sample_op.h'
adding 'torch/include/caffe2/operators/while_op.h'
adding 'torch/include/caffe2/operators/zero_gradient_op.h'
adding 'torch/include/caffe2/opt/annotations.h'
adding 'torch/include/caffe2/opt/backend_cutting.h'
adding 'torch/include/caffe2/opt/backend_transformer_base.h'
adding 'torch/include/caffe2/opt/bound_shape_inferencer.h'
adding 'torch/include/caffe2/opt/converter.h'
adding 'torch/include/caffe2/opt/device.h'
adding 'torch/include/caffe2/opt/distributed.h'
adding 'torch/include/caffe2/opt/fusion.h'
adding 'torch/include/caffe2/opt/mobile.h'
adding 'torch/include/caffe2/opt/onnx_convert.h'
adding 'torch/include/caffe2/opt/onnxifi_op.h'
adding 'torch/include/caffe2/opt/onnxifi_transformer.h'
adding 'torch/include/caffe2/opt/optimize_ideep.h'
adding 'torch/include/caffe2/opt/optimizer.h'
adding 'torch/include/caffe2/opt/passes.h'
adding 'torch/include/caffe2/opt/shape_info.h'
adding 'torch/include/caffe2/opt/tvm_transformer.h'
adding 'torch/include/caffe2/perfkernels/adagrad.h'
adding 'torch/include/caffe2/perfkernels/common.h'
adding 'torch/include/caffe2/perfkernels/cvtsh_ss_bugfix.h'
adding 'torch/include/caffe2/perfkernels/embedding_lookup.h'
adding 'torch/include/caffe2/perfkernels/embedding_lookup_idx.h'
adding 'torch/include/caffe2/perfkernels/fused_8bit_rowwise_embedding_lookup.h'
adding 'torch/include/caffe2/perfkernels/fused_8bit_rowwise_embedding_lookup_idx.h'
adding 'torch/include/caffe2/perfkernels/fused_nbit_rowwise_conversion.h'
adding 'torch/include/caffe2/perfkernels/lstm_unit_cpu-impl.h'
adding 'torch/include/caffe2/perfkernels/lstm_unit_cpu.h'
adding 'torch/include/caffe2/perfkernels/lstm_unit_cpu_common.h'
adding 'torch/include/caffe2/perfkernels/math.h'
adding 'torch/include/caffe2/perfkernels/typed_axpy.h'
adding 'torch/include/caffe2/predictor/InferenceGraph.h'
adding 'torch/include/caffe2/predictor/ThreadLocalPtr.h'
adding 'torch/include/caffe2/predictor/predictor.h'
adding 'torch/include/caffe2/predictor/predictor_config.h'
adding 'torch/include/caffe2/predictor/predictor_utils.h'
adding 'torch/include/caffe2/predictor/transforms.h'
adding 'torch/include/caffe2/proto/caffe2.pb.h'
adding 'torch/include/caffe2/proto/caffe2_legacy.pb.h'
adding 'torch/include/caffe2/proto/caffe2_pb.h'
adding 'torch/include/caffe2/proto/hsm.pb.h'
adding 'torch/include/caffe2/proto/metanet.pb.h'
adding 'torch/include/caffe2/proto/predictor_consts.pb.h'
adding 'torch/include/caffe2/proto/prof_dag.pb.h'
adding 'torch/include/caffe2/proto/torch.pb.h'
adding 'torch/include/caffe2/proto/torch_pb.h'
adding 'torch/include/caffe2/python/dlpack.h'
adding 'torch/include/caffe2/python/pybind_state.h'
adding 'torch/include/caffe2/python/pybind_state_dlpack.h'
adding 'torch/include/caffe2/python/pybind_state_registry.h'
adding 'torch/include/caffe2/queue/blobs_queue.h'
adding 'torch/include/caffe2/queue/blobs_queue_db.h'
adding 'torch/include/caffe2/queue/queue_ops.h'
adding 'torch/include/caffe2/queue/rebatching_queue.h'
adding 'torch/include/caffe2/queue/rebatching_queue_ops.h'
adding 'torch/include/caffe2/serialize/crc_alt.h'
adding 'torch/include/caffe2/serialize/file_adapter.h'
adding 'torch/include/caffe2/serialize/inline_container.h'
adding 'torch/include/caffe2/serialize/istream_adapter.h'
adding 'torch/include/caffe2/serialize/read_adapter_interface.h'
adding 'torch/include/caffe2/sgd/adadelta_op.h'
adding 'torch/include/caffe2/sgd/adagrad_fused.h'
adding 'torch/include/caffe2/sgd/adagrad_op.h'
adding 'torch/include/caffe2/sgd/adam_op.h'
adding 'torch/include/caffe2/sgd/clip_tensor_op.h'
adding 'torch/include/caffe2/sgd/fp16_momentum_sgd_op.h'
adding 'torch/include/caffe2/sgd/fp32_momentum_sgd_op.h'
adding 'torch/include/caffe2/sgd/ftrl_op.h'
adding 'torch/include/caffe2/sgd/gftrl_op.h'
adding 'torch/include/caffe2/sgd/iter_op.h'
adding 'torch/include/caffe2/sgd/lars_op.h'
adding 'torch/include/caffe2/sgd/learning_rate_adaption_op.h'
adding 'torch/include/caffe2/sgd/learning_rate_functors.h'
adding 'torch/include/caffe2/sgd/learning_rate_op.h'
adding 'torch/include/caffe2/sgd/math_lp.h'
adding 'torch/include/caffe2/sgd/momentum_sgd_op.h'
adding 'torch/include/caffe2/sgd/rmsprop_op.h'
adding 'torch/include/caffe2/sgd/rowwise_adagrad_fused.h'
adding 'torch/include/caffe2/sgd/rowwise_counter.h'
adding 'torch/include/caffe2/sgd/storm_op.h'
adding 'torch/include/caffe2/sgd/weight_scale_op.h'
adding 'torch/include/caffe2/sgd/wngrad_op.h'
adding 'torch/include/caffe2/sgd/yellowfin_op.h'
adding 'torch/include/caffe2/transforms/common_subexpression_elimination.h'
adding 'torch/include/caffe2/transforms/conv_to_nnpack_transform.h'
adding 'torch/include/caffe2/transforms/pattern_net_transform.h'
adding 'torch/include/caffe2/transforms/single_op_transform.h'
adding 'torch/include/caffe2/utils/bench_utils.h'
adding 'torch/include/caffe2/utils/cast.h'
adding 'torch/include/caffe2/utils/cblas.h'
adding 'torch/include/caffe2/utils/conversions.h'
adding 'torch/include/caffe2/utils/cpu_neon.h'
adding 'torch/include/caffe2/utils/cpuid.h'
adding 'torch/include/caffe2/utils/eigen_utils.h'
adding 'torch/include/caffe2/utils/filler.h'
adding 'torch/include/caffe2/utils/fixed_divisor.h'
adding 'torch/include/caffe2/utils/map_utils.h'
adding 'torch/include/caffe2/utils/math-detail.h'
adding 'torch/include/caffe2/utils/math.h'
adding 'torch/include/caffe2/utils/murmur_hash3.h'
adding 'torch/include/caffe2/utils/proto_convert.h'
adding 'torch/include/caffe2/utils/proto_utils.h'
adding 'torch/include/caffe2/utils/proto_wrap.h'
adding 'torch/include/caffe2/utils/signal_handler.h'
adding 'torch/include/caffe2/utils/simple_queue.h'
adding 'torch/include/caffe2/utils/smart_tensor_printer.h'
adding 'torch/include/caffe2/utils/string_utils.h'
adding 'torch/include/caffe2/utils/zmq_helper.h'
adding 'torch/include/caffe2/utils/math/broadcast.h'
adding 'torch/include/caffe2/utils/math/elementwise.h'
adding 'torch/include/caffe2/utils/math/half_utils.h'
adding 'torch/include/caffe2/utils/math/reduce.h'
adding 'torch/include/caffe2/utils/math/transpose.h'
adding 'torch/include/caffe2/utils/math/utils.h'
adding 'torch/include/caffe2/utils/threadpool/ThreadPool.h'
adding 'torch/include/caffe2/utils/threadpool/ThreadPoolCommon.h'
adding 'torch/include/caffe2/utils/threadpool/WorkersPool.h'
adding 'torch/include/caffe2/utils/threadpool/pthreadpool-cpp.h'
adding 'torch/include/caffe2/utils/threadpool/pthreadpool.h'
adding 'torch/include/caffe2/video/optical_flow.h'
adding 'torch/include/caffe2/video/video_decoder.h'
adding 'torch/include/caffe2/video/video_input_op.h'
adding 'torch/include/caffe2/video/video_io.h'
adding 'torch/include/pybind11/attr.h'
adding 'torch/include/pybind11/buffer_info.h'
adding 'torch/include/pybind11/cast.h'
adding 'torch/include/pybind11/chrono.h'
adding 'torch/include/pybind11/common.h'
adding 'torch/include/pybind11/complex.h'
adding 'torch/include/pybind11/eigen.h'
adding 'torch/include/pybind11/embed.h'
adding 'torch/include/pybind11/eval.h'
adding 'torch/include/pybind11/functional.h'
adding 'torch/include/pybind11/iostream.h'
adding 'torch/include/pybind11/numpy.h'
adding 'torch/include/pybind11/operators.h'
adding 'torch/include/pybind11/options.h'
adding 'torch/include/pybind11/pybind11.h'
adding 'torch/include/pybind11/pytypes.h'
adding 'torch/include/pybind11/stl.h'
adding 'torch/include/pybind11/stl_bind.h'
adding 'torch/include/pybind11/detail/class.h'
adding 'torch/include/pybind11/detail/common.h'
adding 'torch/include/pybind11/detail/descr.h'
adding 'torch/include/pybind11/detail/init.h'
adding 'torch/include/pybind11/detail/internals.h'
adding 'torch/include/pybind11/detail/typeid.h'
adding 'torch/include/torch/custom_class.h'
adding 'torch/include/torch/custom_class_detail.h'
adding 'torch/include/torch/extension.h'
adding 'torch/include/torch/library.h'
adding 'torch/include/torch/script.h'
adding 'torch/include/torch/csrc/CudaIPCTypes.h'
adding 'torch/include/torch/csrc/DataLoader.h'
adding 'torch/include/torch/csrc/Device.h'
adding 'torch/include/torch/csrc/Dtype.h'
adding 'torch/include/torch/csrc/DynamicTypes.h'
adding 'torch/include/torch/csrc/Exceptions.h'
adding 'torch/include/torch/csrc/Generator.h'
adding 'torch/include/torch/csrc/Layout.h'
adding 'torch/include/torch/csrc/MemoryFormat.h'
adding 'torch/include/torch/csrc/Module.h'
adding 'torch/include/torch/csrc/PtrWrapper.h'
adding 'torch/include/torch/csrc/PythonTypes.h'
adding 'torch/include/torch/csrc/QScheme.h'
adding 'torch/include/torch/csrc/Size.h'
adding 'torch/include/torch/csrc/Storage.h'
adding 'torch/include/torch/csrc/StorageDefs.h'
adding 'torch/include/torch/csrc/THP.h'
adding 'torch/include/torch/csrc/THP_export.h'
adding 'torch/include/torch/csrc/TypeInfo.h'
adding 'torch/include/torch/csrc/Types.h'
adding 'torch/include/torch/csrc/WindowsTorchApiMacro.h'
adding 'torch/include/torch/csrc/copy_utils.h'
adding 'torch/include/torch/csrc/python_dimname.h'
adding 'torch/include/torch/csrc/python_headers.h'
adding 'torch/include/torch/csrc/serialization.h'
adding 'torch/include/torch/csrc/utils.h'
adding 'torch/include/torch/csrc/api/include/torch/all.h'
adding 'torch/include/torch/csrc/api/include/torch/arg.h'
adding 'torch/include/torch/csrc/api/include/torch/autograd.h'
adding 'torch/include/torch/csrc/api/include/torch/cuda.h'
adding 'torch/include/torch/csrc/api/include/torch/data.h'
adding 'torch/include/torch/csrc/api/include/torch/enum.h'
adding 'torch/include/torch/csrc/api/include/torch/expanding_array.h'
adding 'torch/include/torch/csrc/api/include/torch/jit.h'
adding 'torch/include/torch/csrc/api/include/torch/nn.h'
adding 'torch/include/torch/csrc/api/include/torch/optim.h'
adding 'torch/include/torch/csrc/api/include/torch/ordered_dict.h'
adding 'torch/include/torch/csrc/api/include/torch/python.h'
adding 'torch/include/torch/csrc/api/include/torch/serialize.h'
adding 'torch/include/torch/csrc/api/include/torch/torch.h'
adding 'torch/include/torch/csrc/api/include/torch/types.h'
adding 'torch/include/torch/csrc/api/include/torch/utils.h'
adding 'torch/include/torch/csrc/api/include/torch/data/dataloader.h'
adding 'torch/include/torch/csrc/api/include/torch/data/dataloader_options.h'
adding 'torch/include/torch/csrc/api/include/torch/data/datasets.h'
adding 'torch/include/torch/csrc/api/include/torch/data/example.h'
adding 'torch/include/torch/csrc/api/include/torch/data/iterator.h'
adding 'torch/include/torch/csrc/api/include/torch/data/samplers.h'
adding 'torch/include/torch/csrc/api/include/torch/data/transforms.h'
adding 'torch/include/torch/csrc/api/include/torch/data/worker_exception.h'
adding 'torch/include/torch/csrc/api/include/torch/data/dataloader/base.h'
adding 'torch/include/torch/csrc/api/include/torch/data/dataloader/stateful.h'
adding 'torch/include/torch/csrc/api/include/torch/data/dataloader/stateless.h'
adding 'torch/include/torch/csrc/api/include/torch/data/datasets/base.h'
adding 'torch/include/torch/csrc/api/include/torch/data/datasets/chunk.h'
adding 'torch/include/torch/csrc/api/include/torch/data/datasets/map.h'
adding 'torch/include/torch/csrc/api/include/torch/data/datasets/mnist.h'
adding 'torch/include/torch/csrc/api/include/torch/data/datasets/shared.h'
adding 'torch/include/torch/csrc/api/include/torch/data/datasets/stateful.h'
adding 'torch/include/torch/csrc/api/include/torch/data/datasets/tensor.h'
adding 'torch/include/torch/csrc/api/include/torch/data/detail/data_shuttle.h'
adding 'torch/include/torch/csrc/api/include/torch/data/detail/queue.h'
adding 'torch/include/torch/csrc/api/include/torch/data/detail/sequencers.h'
adding 'torch/include/torch/csrc/api/include/torch/data/samplers/base.h'
adding 'torch/include/torch/csrc/api/include/torch/data/samplers/custom_batch_request.h'
adding 'torch/include/torch/csrc/api/include/torch/data/samplers/distributed.h'
adding 'torch/include/torch/csrc/api/include/torch/data/samplers/random.h'
adding 'torch/include/torch/csrc/api/include/torch/data/samplers/sequential.h'
adding 'torch/include/torch/csrc/api/include/torch/data/samplers/serialize.h'
adding 'torch/include/torch/csrc/api/include/torch/data/samplers/stream.h'
adding 'torch/include/torch/csrc/api/include/torch/data/transforms/base.h'
adding 'torch/include/torch/csrc/api/include/torch/data/transforms/collate.h'
adding 'torch/include/torch/csrc/api/include/torch/data/transforms/lambda.h'
adding 'torch/include/torch/csrc/api/include/torch/data/transforms/stack.h'
adding 'torch/include/torch/csrc/api/include/torch/data/transforms/tensor.h'
adding 'torch/include/torch/csrc/api/include/torch/detail/TensorDataContainer.h'
adding 'torch/include/torch/csrc/api/include/torch/detail/static.h'
adding 'torch/include/torch/csrc/api/include/torch/nn/cloneable.h'
adding 'torch/include/torch/csrc/api/include/torch/nn/functional.h'
adding 'torch/include/torch/csrc/api/include/torch/nn/init.h'
adding 'torch/include/torch/csrc/api/include/torch/nn/module.h'
adding 'torch/include/torch/csrc/api/include/torch/nn/modules.h'
adding 'torch/include/torch/csrc/api/include/torch/nn/options.h'
adding 'torch/include/torch/csrc/api/include/torch/nn/pimpl-inl.h'
adding 'torch/include/torch/csrc/api/include/torch/nn/pimpl.h'
adding 'torch/include/torch/csrc/api/include/torch/nn/utils.h'
adding 'torch/include/torch/csrc/api/include/torch/nn/functional/activation.h'
adding 'torch/include/torch/csrc/api/include/torch/nn/functional/batchnorm.h'
adding 'torch/include/torch/csrc/api/include/torch/nn/functional/conv.h'
adding 'torch/include/torch/csrc/api/include/torch/nn/functional/distance.h'
adding 'torch/include/torch/csrc/api/include/torch/nn/functional/dropout.h'
adding 'torch/include/torch/csrc/api/include/torch/nn/functional/embedding.h'
adding 'torch/include/torch/csrc/api/include/torch/nn/functional/fold.h'
adding 'torch/include/torch/csrc/api/include/torch/nn/functional/instancenorm.h'
adding 'torch/include/torch/csrc/api/include/torch/nn/functional/linear.h'
adding 'torch/include/torch/csrc/api/include/torch/nn/functional/loss.h'
adding 'torch/include/torch/csrc/api/include/torch/nn/functional/normalization.h'
adding 'torch/include/torch/csrc/api/include/torch/nn/functional/padding.h'
adding 'torch/include/torch/csrc/api/include/torch/nn/functional/pixelshuffle.h'
adding 'torch/include/torch/csrc/api/include/torch/nn/functional/pooling.h'
adding 'torch/include/torch/csrc/api/include/torch/nn/functional/upsampling.h'
adding 'torch/include/torch/csrc/api/include/torch/nn/functional/vision.h'
adding 'torch/include/torch/csrc/api/include/torch/nn/modules/_functions.h'
adding 'torch/include/torch/csrc/api/include/torch/nn/modules/activation.h'
adding 'torch/include/torch/csrc/api/include/torch/nn/modules/adaptive.h'
adding 'torch/include/torch/csrc/api/include/torch/nn/modules/batchnorm.h'
adding 'torch/include/torch/csrc/api/include/torch/nn/modules/common.h'
adding 'torch/include/torch/csrc/api/include/torch/nn/modules/conv.h'
adding 'torch/include/torch/csrc/api/include/torch/nn/modules/distance.h'
adding 'torch/include/torch/csrc/api/include/torch/nn/modules/dropout.h'
adding 'torch/include/torch/csrc/api/include/torch/nn/modules/embedding.h'
adding 'torch/include/torch/csrc/api/include/torch/nn/modules/fold.h'
adding 'torch/include/torch/csrc/api/include/torch/nn/modules/instancenorm.h'
adding 'torch/include/torch/csrc/api/include/torch/nn/modules/linear.h'
adding 'torch/include/torch/csrc/api/include/torch/nn/modules/loss.h'
adding 'torch/include/torch/csrc/api/include/torch/nn/modules/normalization.h'
adding 'torch/include/torch/csrc/api/include/torch/nn/modules/padding.h'
adding 'torch/include/torch/csrc/api/include/torch/nn/modules/pixelshuffle.h'
adding 'torch/include/torch/csrc/api/include/torch/nn/modules/pooling.h'
adding 'torch/include/torch/csrc/api/include/torch/nn/modules/rnn.h'
adding 'torch/include/torch/csrc/api/include/torch/nn/modules/upsampling.h'
adding 'torch/include/torch/csrc/api/include/torch/nn/modules/utils.h'
adding 'torch/include/torch/csrc/api/include/torch/nn/modules/container/any.h'
adding 'torch/include/torch/csrc/api/include/torch/nn/modules/container/any_module_holder.h'
adding 'torch/include/torch/csrc/api/include/torch/nn/modules/container/any_value.h'
adding 'torch/include/torch/csrc/api/include/torch/nn/modules/container/functional.h'
adding 'torch/include/torch/csrc/api/include/torch/nn/modules/container/modulelist.h'
adding 'torch/include/torch/csrc/api/include/torch/nn/modules/container/named_any.h'
adding 'torch/include/torch/csrc/api/include/torch/nn/modules/container/parameterdict.h'
adding 'torch/include/torch/csrc/api/include/torch/nn/modules/container/parameterlist.h'
adding 'torch/include/torch/csrc/api/include/torch/nn/modules/container/sequential.h'
adding 'torch/include/torch/csrc/api/include/torch/nn/options/activation.h'
adding 'torch/include/torch/csrc/api/include/torch/nn/options/adaptive.h'
adding 'torch/include/torch/csrc/api/include/torch/nn/options/batchnorm.h'
adding 'torch/include/torch/csrc/api/include/torch/nn/options/conv.h'
adding 'torch/include/torch/csrc/api/include/torch/nn/options/distance.h'
adding 'torch/include/torch/csrc/api/include/torch/nn/options/dropout.h'
adding 'torch/include/torch/csrc/api/include/torch/nn/options/embedding.h'
adding 'torch/include/torch/csrc/api/include/torch/nn/options/fold.h'
adding 'torch/include/torch/csrc/api/include/torch/nn/options/instancenorm.h'
adding 'torch/include/torch/csrc/api/include/torch/nn/options/linear.h'
adding 'torch/include/torch/csrc/api/include/torch/nn/options/loss.h'
adding 'torch/include/torch/csrc/api/include/torch/nn/options/normalization.h'
adding 'torch/include/torch/csrc/api/include/torch/nn/options/padding.h'
adding 'torch/include/torch/csrc/api/include/torch/nn/options/pixelshuffle.h'
adding 'torch/include/torch/csrc/api/include/torch/nn/options/pooling.h'
adding 'torch/include/torch/csrc/api/include/torch/nn/options/rnn.h'
adding 'torch/include/torch/csrc/api/include/torch/nn/options/upsampling.h'
adding 'torch/include/torch/csrc/api/include/torch/nn/options/vision.h'
adding 'torch/include/torch/csrc/api/include/torch/nn/parallel/data_parallel.h'
adding 'torch/include/torch/csrc/api/include/torch/nn/utils/clip_grad.h'
adding 'torch/include/torch/csrc/api/include/torch/nn/utils/convert_parameters.h'
adding 'torch/include/torch/csrc/api/include/torch/nn/utils/rnn.h'
adding 'torch/include/torch/csrc/api/include/torch/optim/adagrad.h'
adding 'torch/include/torch/csrc/api/include/torch/optim/adam.h'
adding 'torch/include/torch/csrc/api/include/torch/optim/adamw.h'
adding 'torch/include/torch/csrc/api/include/torch/optim/lbfgs.h'
adding 'torch/include/torch/csrc/api/include/torch/optim/optimizer.h'
adding 'torch/include/torch/csrc/api/include/torch/optim/rmsprop.h'
adding 'torch/include/torch/csrc/api/include/torch/optim/serialize.h'
adding 'torch/include/torch/csrc/api/include/torch/optim/sgd.h'
adding 'torch/include/torch/csrc/api/include/torch/serialize/archive.h'
adding 'torch/include/torch/csrc/api/include/torch/serialize/input-archive.h'
adding 'torch/include/torch/csrc/api/include/torch/serialize/output-archive.h'
adding 'torch/include/torch/csrc/api/include/torch/serialize/tensor.h'
adding 'torch/include/torch/csrc/autograd/VariableTypeUtils.h'
adding 'torch/include/torch/csrc/autograd/anomaly_mode.h'
adding 'torch/include/torch/csrc/autograd/autograd.h'
adding 'torch/include/torch/csrc/autograd/cpp_hook.h'
adding 'torch/include/torch/csrc/autograd/custom_function.h'
adding 'torch/include/torch/csrc/autograd/edge.h'
adding 'torch/include/torch/csrc/autograd/engine.h'
adding 'torch/include/torch/csrc/autograd/function.h'
adding 'torch/include/torch/csrc/autograd/function_hook.h'
adding 'torch/include/torch/csrc/autograd/grad_mode.h'
adding 'torch/include/torch/csrc/autograd/input_buffer.h'
adding 'torch/include/torch/csrc/autograd/input_metadata.h'
adding 'torch/include/torch/csrc/autograd/profiler.h'
adding 'torch/include/torch/csrc/autograd/python_anomaly_mode.h'
adding 'torch/include/torch/csrc/autograd/python_autograd.h'
adding 'torch/include/torch/csrc/autograd/python_cpp_function.h'
adding 'torch/include/torch/csrc/autograd/python_engine.h'
adding 'torch/include/torch/csrc/autograd/python_function.h'
adding 'torch/include/torch/csrc/autograd/python_hook.h'
adding 'torch/include/torch/csrc/autograd/python_legacy_variable.h'
adding 'torch/include/torch/csrc/autograd/python_nn_functions.h'
adding 'torch/include/torch/csrc/autograd/python_variable.h'
adding 'torch/include/torch/csrc/autograd/python_variable_indexing.h'
adding 'torch/include/torch/csrc/autograd/record_function_ops.h'
adding 'torch/include/torch/csrc/autograd/saved_variable.h'
adding 'torch/include/torch/csrc/autograd/symbolic.h'
adding 'torch/include/torch/csrc/autograd/variable.h'
adding 'torch/include/torch/csrc/autograd/functions/accumulate_grad.h'
adding 'torch/include/torch/csrc/autograd/functions/basic_ops.h'
adding 'torch/include/torch/csrc/autograd/functions/comm.h'
adding 'torch/include/torch/csrc/autograd/functions/pybind.h'
adding 'torch/include/torch/csrc/autograd/functions/tensor.h'
adding 'torch/include/torch/csrc/autograd/functions/utils.h'
adding 'torch/include/torch/csrc/autograd/generated/Functions.h'
adding 'torch/include/torch/csrc/autograd/generated/RegistrationDeclarations.h'
adding 'torch/include/torch/csrc/autograd/generated/VariableType.h'
adding 'torch/include/torch/csrc/autograd/generated/python_functions.h'
adding 'torch/include/torch/csrc/autograd/generated/variable_factories.h'
adding 'torch/include/torch/csrc/autograd/utils/error_messages.h'
adding 'torch/include/torch/csrc/autograd/utils/grad_layout_contract.h'
adding 'torch/include/torch/csrc/autograd/utils/lambda_post_hook.h'
adding 'torch/include/torch/csrc/autograd/utils/python_arg_parsing.h'
adding 'torch/include/torch/csrc/autograd/utils/wrap_outputs.h'
adding 'torch/include/torch/csrc/cuda/Event.h'
adding 'torch/include/torch/csrc/cuda/Module.h'
adding 'torch/include/torch/csrc/cuda/Storage.h'
adding 'torch/include/torch/csrc/cuda/Stream.h'
adding 'torch/include/torch/csrc/cuda/THCP.h'
adding 'torch/include/torch/csrc/cuda/comm.h'
adding 'torch/include/torch/csrc/cuda/device_set.h'
adding 'torch/include/torch/csrc/cuda/nccl.h'
adding 'torch/include/torch/csrc/cuda/override_macros.h'
adding 'torch/include/torch/csrc/cuda/python_comm.h'
adding 'torch/include/torch/csrc/cuda/python_nccl.h'
adding 'torch/include/torch/csrc/cuda/restore_macros.h'
adding 'torch/include/torch/csrc/cuda/serialization.h'
adding 'torch/include/torch/csrc/cuda/undef_macros.h'
adding 'torch/include/torch/csrc/cuda/utils.h'
adding 'torch/include/torch/csrc/jit/jit_log.h'
adding 'torch/include/torch/csrc/jit/resource_guard.h'
adding 'torch/include/torch/csrc/jit/api/compilation_unit.h'
adding 'torch/include/torch/csrc/jit/api/function_impl.h'
adding 'torch/include/torch/csrc/jit/api/method.h'
adding 'torch/include/torch/csrc/jit/api/module.h'
adding 'torch/include/torch/csrc/jit/api/object.h'
adding 'torch/include/torch/csrc/jit/backends/backend.h'
adding 'torch/include/torch/csrc/jit/backends/backend_detail.h'
adding 'torch/include/torch/csrc/jit/backends/backend_init.h'
adding 'torch/include/torch/csrc/jit/backends/backend_interface.h'
adding 'torch/include/torch/csrc/jit/backends/backend_resolver.h'
adding 'torch/include/torch/csrc/jit/frontend/builtin_functions.h'
adding 'torch/include/torch/csrc/jit/frontend/canonicalize_modified_loop.h'
adding 'torch/include/torch/csrc/jit/frontend/code_template.h'
adding 'torch/include/torch/csrc/jit/frontend/concrete_module_type.h'
adding 'torch/include/torch/csrc/jit/frontend/convert_to_ssa.h'
adding 'torch/include/torch/csrc/jit/frontend/edit_distance.h'
adding 'torch/include/torch/csrc/jit/frontend/error_report.h'
adding 'torch/include/torch/csrc/jit/frontend/exit_transforms.h'
adding 'torch/include/torch/csrc/jit/frontend/function_schema_parser.h'
adding 'torch/include/torch/csrc/jit/frontend/inline_loop_condition.h'
adding 'torch/include/torch/csrc/jit/frontend/ir_emitter.h'
adding 'torch/include/torch/csrc/jit/frontend/lexer.h'
adding 'torch/include/torch/csrc/jit/frontend/mini_environment.h'
adding 'torch/include/torch/csrc/jit/frontend/name_mangler.h'
adding 'torch/include/torch/csrc/jit/frontend/parse_string_literal.h'
adding 'torch/include/torch/csrc/jit/frontend/parser.h'
adding 'torch/include/torch/csrc/jit/frontend/parser_constants.h'
adding 'torch/include/torch/csrc/jit/frontend/resolver.h'
adding 'torch/include/torch/csrc/jit/frontend/schema_matching.h'
adding 'torch/include/torch/csrc/jit/frontend/schema_type_parser.h'
adding 'torch/include/torch/csrc/jit/frontend/script_type_parser.h'
adding 'torch/include/torch/csrc/jit/frontend/source_range.h'
adding 'torch/include/torch/csrc/jit/frontend/strtod.h'
adding 'torch/include/torch/csrc/jit/frontend/sugared_value.h'
adding 'torch/include/torch/csrc/jit/frontend/tracer.h'
adding 'torch/include/torch/csrc/jit/frontend/tree.h'
adding 'torch/include/torch/csrc/jit/frontend/tree_views.h'
adding 'torch/include/torch/csrc/jit/frontend/versioned_symbols.h'
adding 'torch/include/torch/csrc/jit/ir/alias_analysis.h'
adding 'torch/include/torch/csrc/jit/ir/attributes.h'
adding 'torch/include/torch/csrc/jit/ir/constants.h'
adding 'torch/include/torch/csrc/jit/ir/graph_node_list.h'
adding 'torch/include/torch/csrc/jit/ir/ir.h'
adding 'torch/include/torch/csrc/jit/ir/ir_views.h'
adding 'torch/include/torch/csrc/jit/ir/irparser.h'
adding 'torch/include/torch/csrc/jit/ir/named_value.h'
adding 'torch/include/torch/csrc/jit/ir/node_hashing.h'
adding 'torch/include/torch/csrc/jit/ir/scope.h'
adding 'torch/include/torch/csrc/jit/ir/subgraph_matcher.h'
adding 'torch/include/torch/csrc/jit/ir/type_hashing.h'
adding 'torch/include/torch/csrc/jit/passes/bailout_graph.h'
adding 'torch/include/torch/csrc/jit/passes/batch_mm.h'
adding 'torch/include/torch/csrc/jit/passes/canonicalize.h'
adding 'torch/include/torch/csrc/jit/passes/canonicalize_graph_fuser_ops.h'
adding 'torch/include/torch/csrc/jit/passes/clear_profiling.h'
adding 'torch/include/torch/csrc/jit/passes/clear_undefinedness.h'
adding 'torch/include/torch/csrc/jit/passes/common_subexpression_elimination.h'
adding 'torch/include/torch/csrc/jit/passes/constant_pooling.h'
adding 'torch/include/torch/csrc/jit/passes/constant_propagation.h'
adding 'torch/include/torch/csrc/jit/passes/create_autodiff_subgraphs.h'
adding 'torch/include/torch/csrc/jit/passes/create_functional_graphs.h'
adding 'torch/include/torch/csrc/jit/passes/cuda_graph_fuser.h'
adding 'torch/include/torch/csrc/jit/passes/dead_code_elimination.h'
adding 'torch/include/torch/csrc/jit/passes/decompose_ops.h'
adding 'torch/include/torch/csrc/jit/passes/erase_number_types.h'
adding 'torch/include/torch/csrc/jit/passes/fixup_trace_scope_blocks.h'
adding 'torch/include/torch/csrc/jit/passes/fold_conv_bn.h'
adding 'torch/include/torch/csrc/jit/passes/freeze_module.h'
adding 'torch/include/torch/csrc/jit/passes/fuse_linear.h'
adding 'torch/include/torch/csrc/jit/passes/fuse_relu.h'
adding 'torch/include/torch/csrc/jit/passes/graph_fuser.h'
adding 'torch/include/torch/csrc/jit/passes/graph_rewrite_helper.h'
adding 'torch/include/torch/csrc/jit/passes/guard_elimination.h'
adding 'torch/include/torch/csrc/jit/passes/inline_autodiff_subgraphs.h'
adding 'torch/include/torch/csrc/jit/passes/inline_fork_wait.h'
adding 'torch/include/torch/csrc/jit/passes/inline_forked_closures.h'
adding 'torch/include/torch/csrc/jit/passes/inliner.h'
adding 'torch/include/torch/csrc/jit/passes/inplace_check.h'
adding 'torch/include/torch/csrc/jit/passes/insert_guards.h'
adding 'torch/include/torch/csrc/jit/passes/lift_closures.h'
adding 'torch/include/torch/csrc/jit/passes/liveness.h'
adding 'torch/include/torch/csrc/jit/passes/loop_unrolling.h'
adding 'torch/include/torch/csrc/jit/passes/lower_grad_of.h'
adding 'torch/include/torch/csrc/jit/passes/lower_graph.h'
adding 'torch/include/torch/csrc/jit/passes/lower_tuples.h'
adding 'torch/include/torch/csrc/jit/passes/normalize_ops.h'
adding 'torch/include/torch/csrc/jit/passes/onnx.h'
adding 'torch/include/torch/csrc/jit/passes/pass_manager.h'
adding 'torch/include/torch/csrc/jit/passes/peephole.h'
adding 'torch/include/torch/csrc/jit/passes/peephole_list_idioms.h'
adding 'torch/include/torch/csrc/jit/passes/prepack_folding.h'
adding 'torch/include/torch/csrc/jit/passes/remove_dropout.h'
adding 'torch/include/torch/csrc/jit/passes/remove_expands.h'
adding 'torch/include/torch/csrc/jit/passes/remove_inplace_ops.h'
adding 'torch/include/torch/csrc/jit/passes/remove_mutation.h'
adding 'torch/include/torch/csrc/jit/passes/requires_grad_analysis.h'
adding 'torch/include/torch/csrc/jit/passes/shape_analysis.h'
adding 'torch/include/torch/csrc/jit/passes/specialize_autogradzero.h'
adding 'torch/include/torch/csrc/jit/passes/subgraph_rewrite.h'
adding 'torch/include/torch/csrc/jit/passes/tensorexpr_fuser.h'
adding 'torch/include/torch/csrc/jit/passes/vulkan_rewrite.h'
adding 'torch/include/torch/csrc/jit/passes/xnnpack_rewrite.h'
adding 'torch/include/torch/csrc/jit/passes/quantization/dedup_module_uses.h'
adding 'torch/include/torch/csrc/jit/passes/quantization/finalize.h'
adding 'torch/include/torch/csrc/jit/passes/quantization/fusion_passes.h'
adding 'torch/include/torch/csrc/jit/passes/quantization/helper.h'
adding 'torch/include/torch/csrc/jit/passes/quantization/insert_observers.h'
adding 'torch/include/torch/csrc/jit/passes/quantization/insert_quant_dequant.h'
adding 'torch/include/torch/csrc/jit/passes/quantization/quantization_patterns.h'
adding 'torch/include/torch/csrc/jit/passes/quantization/quantization_type.h'
adding 'torch/include/torch/csrc/jit/passes/utils/check_alias_annotation.h'
adding 'torch/include/torch/csrc/jit/passes/utils/memory_dag.h'
adding 'torch/include/torch/csrc/jit/passes/utils/subgraph_utils.h'
adding 'torch/include/torch/csrc/jit/python/init.h'
adding 'torch/include/torch/csrc/jit/python/module_python.h'
adding 'torch/include/torch/csrc/jit/python/pybind.h'
adding 'torch/include/torch/csrc/jit/python/pybind_utils.h'
adding 'torch/include/torch/csrc/jit/python/python_arg_flatten.h'
adding 'torch/include/torch/csrc/jit/python/python_custom_class.h'
adding 'torch/include/torch/csrc/jit/python/python_ir.h'
adding 'torch/include/torch/csrc/jit/python/python_ivalue.h'
adding 'torch/include/torch/csrc/jit/python/python_sugared_value.h'
adding 'torch/include/torch/csrc/jit/python/python_tracer.h'
adding 'torch/include/torch/csrc/jit/python/python_tree_views.h'
adding 'torch/include/torch/csrc/jit/python/script_init.h'
adding 'torch/include/torch/csrc/jit/python/update_graph_executor_opt.h'
adding 'torch/include/torch/csrc/jit/runtime/argument_spec.h'
adding 'torch/include/torch/csrc/jit/runtime/autodiff.h'
adding 'torch/include/torch/csrc/jit/runtime/custom_operator.h'
adding 'torch/include/torch/csrc/jit/runtime/exception_message.h'
adding 'torch/include/torch/csrc/jit/runtime/graph_executor.h'
adding 'torch/include/torch/csrc/jit/runtime/graph_executor_impl.h'
adding 'torch/include/torch/csrc/jit/runtime/instruction.h'
adding 'torch/include/torch/csrc/jit/runtime/interpreter.h'
adding 'torch/include/torch/csrc/jit/runtime/jit_exception.h'
adding 'torch/include/torch/csrc/jit/runtime/logging.h'
adding 'torch/include/torch/csrc/jit/runtime/operator.h'
adding 'torch/include/torch/csrc/jit/runtime/operator_options.h'
adding 'torch/include/torch/csrc/jit/runtime/print_handler.h'
adding 'torch/include/torch/csrc/jit/runtime/profiling_graph_executor_impl.h'
adding 'torch/include/torch/csrc/jit/runtime/profiling_record.h'
adding 'torch/include/torch/csrc/jit/runtime/register_ops_utils.h'
adding 'torch/include/torch/csrc/jit/runtime/symbolic_script.h'
adding 'torch/include/torch/csrc/jit/runtime/vararg_functions.h'
adding 'torch/include/torch/csrc/jit/runtime/variable_tensor_list.h'
adding 'torch/include/torch/csrc/jit/serialization/export.h'
adding 'torch/include/torch/csrc/jit/serialization/import.h'
adding 'torch/include/torch/csrc/jit/serialization/import_export_constants.h'
adding 'torch/include/torch/csrc/jit/serialization/import_export_functions.h'
adding 'torch/include/torch/csrc/jit/serialization/import_export_helpers.h'
adding 'torch/include/torch/csrc/jit/serialization/import_legacy.h'
adding 'torch/include/torch/csrc/jit/serialization/import_source.h'
adding 'torch/include/torch/csrc/jit/serialization/pickle.h'
adding 'torch/include/torch/csrc/jit/serialization/pickler.h'
adding 'torch/include/torch/csrc/jit/serialization/python_print.h'
adding 'torch/include/torch/csrc/jit/serialization/source_range_serialization.h'
adding 'torch/include/torch/csrc/jit/serialization/source_range_serialization_impl.h'
adding 'torch/include/torch/csrc/jit/serialization/type_name_uniquer.h'
adding 'torch/include/torch/csrc/jit/serialization/unpickler.h'
adding 'torch/include/torch/csrc/jit/testing/file_check.h'
adding 'torch/include/torch/csrc/jit/testing/hooks_for_testing.h'
adding 'torch/include/torch/csrc/onnx/init.h'
adding 'torch/include/torch/csrc/onnx/onnx.h'
adding 'torch/include/torch/csrc/utils/auto_gil.h'
adding 'torch/include/torch/csrc/utils/byte_order.h'
adding 'torch/include/torch/csrc/utils/cuda_enabled.h'
adding 'torch/include/torch/csrc/utils/cuda_lazy_init.h'
adding 'torch/include/torch/csrc/utils/disallow_copy.h'
adding 'torch/include/torch/csrc/utils/future.h'
adding 'torch/include/torch/csrc/utils/hash.h'
adding 'torch/include/torch/csrc/utils/init.h'
adding 'torch/include/torch/csrc/utils/invalid_arguments.h'
adding 'torch/include/torch/csrc/utils/memory.h'
adding 'torch/include/torch/csrc/utils/numpy_stub.h'
adding 'torch/include/torch/csrc/utils/object_ptr.h'
adding 'torch/include/torch/csrc/utils/pybind.h'
adding 'torch/include/torch/csrc/utils/python_arg_parser.h'
adding 'torch/include/torch/csrc/utils/python_compat.h'
adding 'torch/include/torch/csrc/utils/python_dispatch.h'
adding 'torch/include/torch/csrc/utils/python_numbers.h'
adding 'torch/include/torch/csrc/utils/python_scalars.h'
adding 'torch/include/torch/csrc/utils/python_strings.h'
adding 'torch/include/torch/csrc/utils/python_stub.h'
adding 'torch/include/torch/csrc/utils/python_tuples.h'
adding 'torch/include/torch/csrc/utils/six.h'
adding 'torch/include/torch/csrc/utils/structseq.h'
adding 'torch/include/torch/csrc/utils/tensor_apply.h'
adding 'torch/include/torch/csrc/utils/tensor_dtypes.h'
adding 'torch/include/torch/csrc/utils/tensor_flatten.h'
adding 'torch/include/torch/csrc/utils/tensor_layouts.h'
adding 'torch/include/torch/csrc/utils/tensor_list.h'
adding 'torch/include/torch/csrc/utils/tensor_memoryformats.h'
adding 'torch/include/torch/csrc/utils/tensor_new.h'
adding 'torch/include/torch/csrc/utils/tensor_numpy.h'
adding 'torch/include/torch/csrc/utils/tensor_qschemes.h'
adding 'torch/include/torch/csrc/utils/tensor_types.h'
adding 'torch/include/torch/csrc/utils/throughput_benchmark-inl.h'
adding 'torch/include/torch/csrc/utils/throughput_benchmark.h'
adding 'torch/include/torch/csrc/utils/variadic.h'
adding 'torch/jit/__init__.py'
adding 'torch/jit/_async.py'
adding 'torch/jit/_builtins.py'
adding 'torch/jit/_freeze.py'
adding 'torch/jit/_fuser.py'
adding 'torch/jit/_logging.py'
adding 'torch/jit/_pickle.py'
adding 'torch/jit/_recursive.py'
adding 'torch/jit/_script.py'
adding 'torch/jit/_serialization.py'
adding 'torch/jit/_state.py'
adding 'torch/jit/_trace.py'
adding 'torch/jit/annotations.py'
adding 'torch/jit/frontend.py'
adding 'torch/jit/quantized.py'
adding 'torch/jit/supported_ops.py'
adding 'torch/jit/unsupported_tensor_ops.py'
adding 'torch/jit/mobile/__init__.py'
adding 'torch/lib/libc10.so'
adding 'torch/lib/libc10_cuda.so'
adding 'torch/lib/libcaffe2_detectron_ops_gpu.so'
adding 'torch/lib/libcaffe2_module_test_dynamic.so'
adding 'torch/lib/libcaffe2_nvrtc.so'
adding 'torch/lib/libcaffe2_observers.so'
adding 'torch/lib/libshm.so'
adding 'torch/lib/libtensorpipe.so'
adding 'torch/lib/libtorch.so'
adding 'torch/lib/libtorch_cpu.so'
adding 'torch/lib/libtorch_cuda.so'
adding 'torch/lib/libtorch_global_deps.so'
adding 'torch/lib/libtorch_python.so'
adding 'torch/multiprocessing/__init__.py'
adding 'torch/multiprocessing/_atfork.py'
adding 'torch/multiprocessing/pool.py'
adding 'torch/multiprocessing/queue.py'
adding 'torch/multiprocessing/reductions.py'
adding 'torch/multiprocessing/spawn.py'
adding 'torch/nn/__init__.py'
adding 'torch/nn/__init__.pyi'
adding 'torch/nn/_reduction.py'
adding 'torch/nn/common_types.py'
adding 'torch/nn/cpp.py'
adding 'torch/nn/functional.py'
adding 'torch/nn/functional.pyi'
adding 'torch/nn/grad.py'
adding 'torch/nn/init.py'
adding 'torch/nn/parameter.py'
adding 'torch/nn/parameter.pyi'
adding 'torch/nn/backends/__init__.py'
adding 'torch/nn/backends/thnn.py'
adding 'torch/nn/intrinsic/__init__.py'
adding 'torch/nn/intrinsic/modules/__init__.py'
adding 'torch/nn/intrinsic/modules/fused.py'
adding 'torch/nn/intrinsic/qat/__init__.py'
adding 'torch/nn/intrinsic/qat/modules/__init__.py'
adding 'torch/nn/intrinsic/qat/modules/conv_fused.py'
adding 'torch/nn/intrinsic/qat/modules/linear_relu.py'
adding 'torch/nn/intrinsic/quantized/__init__.py'
adding 'torch/nn/intrinsic/quantized/modules/__init__.py'
adding 'torch/nn/intrinsic/quantized/modules/bn_relu.py'
adding 'torch/nn/intrinsic/quantized/modules/conv_relu.py'
adding 'torch/nn/intrinsic/quantized/modules/linear_relu.py'
adding 'torch/nn/modules/__init__.py'
adding 'torch/nn/modules/_functions.py'
adding 'torch/nn/modules/activation.py'
adding 'torch/nn/modules/adaptive.py'
adding 'torch/nn/modules/batchnorm.py'
adding 'torch/nn/modules/channelshuffle.py'
adding 'torch/nn/modules/container.py'
adding 'torch/nn/modules/conv.py'
adding 'torch/nn/modules/distance.py'
adding 'torch/nn/modules/dropout.py'
adding 'torch/nn/modules/flatten.py'
adding 'torch/nn/modules/fold.py'
adding 'torch/nn/modules/instancenorm.py'
adding 'torch/nn/modules/linear.py'
adding 'torch/nn/modules/loss.py'
adding 'torch/nn/modules/module.py'
adding 'torch/nn/modules/normalization.py'
adding 'torch/nn/modules/padding.py'
adding 'torch/nn/modules/pixelshuffle.py'
adding 'torch/nn/modules/pooling.py'
adding 'torch/nn/modules/rnn.py'
adding 'torch/nn/modules/sparse.py'
adding 'torch/nn/modules/transformer.py'
adding 'torch/nn/modules/upsampling.py'
adding 'torch/nn/modules/utils.py'
adding 'torch/nn/parallel/__init__.py'
adding 'torch/nn/parallel/__init__.pyi'
adding 'torch/nn/parallel/_functions.py'
adding 'torch/nn/parallel/comm.py'
adding 'torch/nn/parallel/common_types.pyi'
adding 'torch/nn/parallel/data_parallel.py'
adding 'torch/nn/parallel/data_parallel.pyi'
adding 'torch/nn/parallel/distributed.py'
adding 'torch/nn/parallel/distributed.pyi'
adding 'torch/nn/parallel/parallel_apply.py'
adding 'torch/nn/parallel/parallel_apply.pyi'
adding 'torch/nn/parallel/replicate.py'
adding 'torch/nn/parallel/replicate.pyi'
adding 'torch/nn/parallel/scatter_gather.py'
adding 'torch/nn/parallel/scatter_gather.pyi'
adding 'torch/nn/qat/__init__.py'
adding 'torch/nn/qat/modules/__init__.py'
adding 'torch/nn/qat/modules/conv.py'
adding 'torch/nn/qat/modules/linear.py'
adding 'torch/nn/quantized/__init__.py'
adding 'torch/nn/quantized/functional.py'
adding 'torch/nn/quantized/dynamic/__init__.py'
adding 'torch/nn/quantized/dynamic/modules/__init__.py'
adding 'torch/nn/quantized/dynamic/modules/linear.py'
adding 'torch/nn/quantized/dynamic/modules/rnn.py'
adding 'torch/nn/quantized/modules/__init__.py'
adding 'torch/nn/quantized/modules/activation.py'
adding 'torch/nn/quantized/modules/batchnorm.py'
adding 'torch/nn/quantized/modules/conv.py'
adding 'torch/nn/quantized/modules/functional_modules.py'
adding 'torch/nn/quantized/modules/linear.py'
adding 'torch/nn/quantized/modules/normalization.py'
adding 'torch/nn/quantized/modules/utils.py'
adding 'torch/nn/utils/__init__.py'
adding 'torch/nn/utils/clip_grad.py'
adding 'torch/nn/utils/convert_parameters.py'
adding 'torch/nn/utils/fusion.py'
adding 'torch/nn/utils/memory_format.py'
adding 'torch/nn/utils/prune.py'
adding 'torch/nn/utils/rnn.py'
adding 'torch/nn/utils/spectral_norm.py'
adding 'torch/nn/utils/weight_norm.py'
adding 'torch/onnx/__init__.py'
adding 'torch/onnx/operators.py'
adding 'torch/onnx/symbolic_caffe2.py'
adding 'torch/onnx/symbolic_helper.py'
adding 'torch/onnx/symbolic_opset10.py'
adding 'torch/onnx/symbolic_opset11.py'
adding 'torch/onnx/symbolic_opset12.py'
adding 'torch/onnx/symbolic_opset7.py'
adding 'torch/onnx/symbolic_opset8.py'
adding 'torch/onnx/symbolic_opset9.py'
adding 'torch/onnx/symbolic_registry.py'
adding 'torch/onnx/utils.py'
adding 'torch/optim/__init__.py'
adding 'torch/optim/__init__.pyi'
adding 'torch/optim/adadelta.py'
adding 'torch/optim/adadelta.pyi'
adding 'torch/optim/adagrad.py'
adding 'torch/optim/adagrad.pyi'
adding 'torch/optim/adam.py'
adding 'torch/optim/adam.pyi'
adding 'torch/optim/adamax.py'
adding 'torch/optim/adamax.pyi'
adding 'torch/optim/adamw.py'
adding 'torch/optim/adamw.pyi'
adding 'torch/optim/asgd.py'
adding 'torch/optim/asgd.pyi'
adding 'torch/optim/lbfgs.py'
adding 'torch/optim/lbfgs.pyi'
adding 'torch/optim/lr_scheduler.py'
adding 'torch/optim/lr_scheduler.pyi'
adding 'torch/optim/optimizer.py'
adding 'torch/optim/optimizer.pyi'
adding 'torch/optim/rmsprop.py'
adding 'torch/optim/rmsprop.pyi'
adding 'torch/optim/rprop.py'
adding 'torch/optim/rprop.pyi'
adding 'torch/optim/sgd.py'
adding 'torch/optim/sgd.pyi'
adding 'torch/optim/sparse_adam.py'
adding 'torch/optim/sparse_adam.pyi'
adding 'torch/optim/swa_utils.py'
adding 'torch/optim/swa_utils.pyi'
adding 'torch/quantization/__init__.py'
adding 'torch/quantization/_equalize.py'
adding 'torch/quantization/_learnable_fake_quantize.py'
adding 'torch/quantization/_numeric_suite.py'
adding 'torch/quantization/default_mappings.py'
adding 'torch/quantization/fake_quantize.py'
adding 'torch/quantization/fuse_modules.py'
adding 'torch/quantization/observer.py'
adding 'torch/quantization/qconfig.py'
adding 'torch/quantization/quantize.py'
adding 'torch/quantization/quantize_jit.py'
adding 'torch/quantization/stubs.py'
adding 'torch/share/cmake/ATen/ATenConfig.cmake'
adding 'torch/share/cmake/Caffe2/Caffe2Config.cmake'
adding 'torch/share/cmake/Caffe2/Caffe2ConfigVersion.cmake'
adding 'torch/share/cmake/Caffe2/Caffe2Targets-release.cmake'
adding 'torch/share/cmake/Caffe2/Caffe2Targets.cmake'
adding 'torch/share/cmake/Caffe2/Modules_CUDA_fix/FindCUDA.cmake'
adding 'torch/share/cmake/Caffe2/Modules_CUDA_fix/FindCUDNN.cmake'
adding 'torch/share/cmake/Caffe2/Modules_CUDA_fix/upstream/CMakeInitializeConfigs.cmake'
adding 'torch/share/cmake/Caffe2/Modules_CUDA_fix/upstream/FindCUDA.cmake'
adding 'torch/share/cmake/Caffe2/Modules_CUDA_fix/upstream/FindPackageHandleStandardArgs.cmake'
adding 'torch/share/cmake/Caffe2/Modules_CUDA_fix/upstream/FindPackageMessage.cmake'
adding 'torch/share/cmake/Caffe2/Modules_CUDA_fix/upstream/FindCUDA/make2cmake.cmake'
adding 'torch/share/cmake/Caffe2/Modules_CUDA_fix/upstream/FindCUDA/parse_cubin.cmake'
adding 'torch/share/cmake/Caffe2/Modules_CUDA_fix/upstream/FindCUDA/run_nvcc.cmake'
adding 'torch/share/cmake/Caffe2/Modules_CUDA_fix/upstream/FindCUDA/select_compute_arch.cmake'
adding 'torch/share/cmake/Caffe2/public/cuda.cmake'
adding 'torch/share/cmake/Caffe2/public/gflags.cmake'
adding 'torch/share/cmake/Caffe2/public/glog.cmake'
adding 'torch/share/cmake/Caffe2/public/mkl.cmake'
adding 'torch/share/cmake/Caffe2/public/mkldnn.cmake'
adding 'torch/share/cmake/Caffe2/public/protobuf.cmake'
adding 'torch/share/cmake/Caffe2/public/threads.cmake'
adding 'torch/share/cmake/Caffe2/public/utils.cmake'
adding 'torch/share/cmake/Gloo/GlooConfig.cmake'
adding 'torch/share/cmake/Gloo/GlooConfigVersion.cmake'
adding 'torch/share/cmake/Gloo/GlooTargets-release.cmake'
adding 'torch/share/cmake/Gloo/GlooTargets.cmake'
adding 'torch/share/cmake/Torch/TorchConfig.cmake'
adding 'torch/share/cmake/Torch/TorchConfigVersion.cmake'
adding 'torch/sparse/__init__.py'
adding 'torch/test/AlgorithmsTest'
adding 'torch/test/BinaryMatchImplTest'
adding 'torch/test/CppSignature_test'
adding 'torch/test/Dict_test'
adding 'torch/test/Dimname_test'
adding 'torch/test/GraphTest'
adding 'torch/test/KernelFunction_test'
adding 'torch/test/List_test'
adding 'torch/test/MatchTest'
adding 'torch/test/NamedTensor_test'
adding 'torch/test/NeuralNetTest'
adding 'torch/test/SubgraphMatcherTest'
adding 'torch/test/TarjansImplTest'
adding 'torch/test/TensorImpl_test'
adding 'torch/test/TopoSortTest'
adding 'torch/test/apply_utils_test'
adding 'torch/test/atest'
adding 'torch/test/backend_cutting_test'
adding 'torch/test/backend_fallback_test'
adding 'torch/test/basic'
adding 'torch/test/batch_matmul_op_gpu_test'
adding 'torch/test/batch_matmul_op_test'
adding 'torch/test/batch_permutation_op_gpu_test'
adding 'torch/test/blob_gpu_test'
adding 'torch/test/blob_test'
adding 'torch/test/boolean_unmask_ops_test'
adding 'torch/test/bound_shape_inference_test'
adding 'torch/test/broadcast_test'
adding 'torch/test/c10_Array_test'
adding 'torch/test/c10_Bitset_test'
adding 'torch/test/c10_C++17_test'
adding 'torch/test/c10_CompileTimeFunctionPointer_test'
adding 'torch/test/c10_ConstexprCrc_test'
adding 'torch/test/c10_DeviceGuard_test'
adding 'torch/test/c10_DispatchKeySet_test'
adding 'torch/test/c10_Half_test'
adding 'torch/test/c10_InlineDeviceGuard_test'
adding 'torch/test/c10_InlineStreamGuard_test'
adding 'torch/test/c10_LeftRight_test'
adding 'torch/test/c10_Metaprogramming_test'
adding 'torch/test/c10_StreamGuard_test'
adding 'torch/test/c10_TypeIndex_test'
adding 'torch/test/c10_TypeList_test'
adding 'torch/test/c10_TypeTraits_test'
adding 'torch/test/c10_bfloat16_test'
adding 'torch/test/c10_complex_math_test'
adding 'torch/test/c10_complex_test'
adding 'torch/test/c10_cuda_CUDATest'
adding 'torch/test/c10_either_test'
adding 'torch/test/c10_exception_test'
adding 'torch/test/c10_flags_test'
adding 'torch/test/c10_intrusive_ptr_benchmark'
adding 'torch/test/c10_intrusive_ptr_test'
adding 'torch/test/c10_logging_test'
adding 'torch/test/c10_ordered_preserving_dict_test'
adding 'torch/test/c10_registry_test'
adding 'torch/test/c10_string_view_test'
adding 'torch/test/c10_tempfile_test'
adding 'torch/test/c10_typeid_test'
adding 'torch/test/cast_test'
adding 'torch/test/common_subexpression_elimination_test'
adding 'torch/test/common_test'
adding 'torch/test/context_gpu_test'
adding 'torch/test/context_test'
adding 'torch/test/conv_op_cache_cudnn_test'
adding 'torch/test/conv_to_nnpack_transform_test'
adding 'torch/test/conv_transpose_op_mobile_test'
adding 'torch/test/converter_nomigraph_test'
adding 'torch/test/cpu_generator_test'
adding 'torch/test/cpu_rng_test'
adding 'torch/test/cpuid_test'
adding 'torch/test/cuda_apply_test'
adding 'torch/test/cuda_complex_math_test'
adding 'torch/test/cuda_complex_test'
adding 'torch/test/cuda_cudnn_test'
adding 'torch/test/cuda_distributions_test'
adding 'torch/test/cuda_dlconvertor_test'
adding 'torch/test/cuda_generator_test'
adding 'torch/test/cuda_half_test'
adding 'torch/test/cuda_integer_divider_test'
adding 'torch/test/cuda_optional_test'
adding 'torch/test/cuda_packedtensoraccessor_test'
adding 'torch/test/cuda_stream_test'
adding 'torch/test/cuda_tensor_interop_test'
adding 'torch/test/cuda_vectorized_test'
adding 'torch/test/data_filler_test'
adding 'torch/test/dead_code_elim_test'
adding 'torch/test/depthwise3x3_conv_op_test'
adding 'torch/test/device_test'
adding 'torch/test/distributed_test'
adding 'torch/test/dlconvertor_test'
adding 'torch/test/elementwise_op_gpu_test'
adding 'torch/test/elementwise_op_test'
adding 'torch/test/event_gpu_test'
adding 'torch/test/event_test'
adding 'torch/test/extension_backend_test'
adding 'torch/test/fatal_signal_asan_no_sig_test'
adding 'torch/test/fixed_divisor_test'
adding 'torch/test/generate_proposals_op_gpu_test'
adding 'torch/test/generate_proposals_op_test'
adding 'torch/test/generate_proposals_op_util_boxes_test'
adding 'torch/test/generate_proposals_op_util_nms_gpu_test'
adding 'torch/test/generate_proposals_op_util_nms_test'
adding 'torch/test/graph_test'
adding 'torch/test/half_float_ops_test'
adding 'torch/test/half_test'
adding 'torch/test/init_test'
adding 'torch/test/inline_container_test'
adding 'torch/test/ivalue_test'
adding 'torch/test/kernel_function_legacy_test'
adding 'torch/test/kernel_function_test'
adding 'torch/test/kernel_lambda_legacy_test'
adding 'torch/test/kernel_lambda_test'
adding 'torch/test/kernel_stackbased_test'
adding 'torch/test/make_boxed_from_unboxed_functor_test'
adding 'torch/test/math_gpu_test'
adding 'torch/test/math_test'
adding 'torch/test/memory_format_test'
adding 'torch/test/memory_overlapping_test'
adding 'torch/test/mobile_test'
adding 'torch/test/module_test'
adding 'torch/test/mpi_gpu_test'
adding 'torch/test/mpi_test'
adding 'torch/test/native_test'
adding 'torch/test/net_async_tracing_test'
adding 'torch/test/net_dag_utils_test'
adding 'torch/test/net_gpu_test'
adding 'torch/test/net_simple_refcount_test'
adding 'torch/test/net_test'
adding 'torch/test/observer_test'
adding 'torch/test/op_registration_test'
adding 'torch/test/operator_fallback_gpu_test'
adding 'torch/test/operator_gpu_test'
adding 'torch/test/operator_schema_test'
adding 'torch/test/operator_test'
adding 'torch/test/parallel_net_test'
adding 'torch/test/pattern_net_transform_test'
adding 'torch/test/plan_executor_test'
adding 'torch/test/pow_test'
adding 'torch/test/predictor_test'
adding 'torch/test/proto_utils_test'
adding 'torch/test/quantized_test'
adding 'torch/test/reduce_ops_test'
adding 'torch/test/reshape_op_gpu_test'
adding 'torch/test/roi_align_op_gpu_test'
adding 'torch/test/scalar_tensor_test'
adding 'torch/test/scalar_test'
adding 'torch/test/simple_queue_test'
adding 'torch/test/smart_tensor_printer_test'
adding 'torch/test/split_slss_test'
adding 'torch/test/ssa_test'
adding 'torch/test/stats_test'
adding 'torch/test/string_ops_test'
adding 'torch/test/tensor_interop_test'
adding 'torch/test/tensor_iterator_test'
adding 'torch/test/test_parallel'
adding 'torch/test/text_file_reader_utils_test'
adding 'torch/test/thread_init_test'
adding 'torch/test/time_observer_test'
adding 'torch/test/timer_test'
adding 'torch/test/transform_test'
adding 'torch/test/type_test'
adding 'torch/test/undefined_tensor_test'
adding 'torch/test/utility_ops_gpu_test'
adding 'torch/test/utility_ops_test'
adding 'torch/test/variant_test'
adding 'torch/test/verify_api_visibility'
adding 'torch/test/vmap_test'
adding 'torch/test/weakref_test'
adding 'torch/test/workspace_test'
adding 'torch/test/wrapdim_test'
adding 'torch/test/xla_tensor_test'
adding 'torch/testing/__init__.py'
adding 'torch/testing/_internal/__init__.py'
adding 'torch/testing/_internal/autocast_test_lists.py'
adding 'torch/testing/_internal/common_cuda.py'
adding 'torch/testing/_internal/common_device_type.py'
adding 'torch/testing/_internal/common_distributed.py'
adding 'torch/testing/_internal/common_methods_invocations.py'
adding 'torch/testing/_internal/common_nn.py'
adding 'torch/testing/_internal/common_quantization.py'
adding 'torch/testing/_internal/common_quantized.py'
adding 'torch/testing/_internal/common_utils.py'
adding 'torch/testing/_internal/dist_utils.py'
adding 'torch/testing/_internal/expecttest.py'
adding 'torch/testing/_internal/hypothesis_utils.py'
adding 'torch/testing/_internal/jit_metaprogramming_utils.py'
adding 'torch/testing/_internal/jit_utils.py'
adding 'torch/testing/_internal/codegen/__init__.py'
adding 'torch/testing/_internal/codegen/random_topo_test.py'
adding 'torch/testing/_internal/data/__init__.py'
adding 'torch/testing/_internal/data/network1.py'
adding 'torch/testing/_internal/data/network2.py'
adding 'torch/testing/_internal/distributed/__init__.py'
adding 'torch/testing/_internal/distributed/ddp_under_dist_autograd_test.py'
adding 'torch/testing/_internal/distributed/nn/__init__.py'
adding 'torch/testing/_internal/distributed/nn/api/__init__.py'
adding 'torch/testing/_internal/distributed/nn/api/remote_module_test.py'
adding 'torch/testing/_internal/distributed/rpc/__init__.py'
adding 'torch/testing/_internal/distributed/rpc/dist_autograd_test.py'
adding 'torch/testing/_internal/distributed/rpc/dist_optimizer_test.py'
adding 'torch/testing/_internal/distributed/rpc/faulty_rpc_agent_test_fixture.py'
adding 'torch/testing/_internal/distributed/rpc/rpc_agent_test_fixture.py'
adding 'torch/testing/_internal/distributed/rpc/rpc_test.py'
adding 'torch/testing/_internal/distributed/rpc/tensorpipe_rpc_agent_test_fixture.py'
adding 'torch/testing/_internal/distributed/rpc/jit/__init__.py'
adding 'torch/testing/_internal/distributed/rpc/jit/dist_autograd_test.py'
adding 'torch/testing/_internal/distributed/rpc/jit/rpc_test.py'
adding 'torch/testing/_internal/distributed/rpc/jit/rpc_test_faulty.py'
adding 'torch/testing/_internal/generated/__init__.py'
adding 'torch/testing/_internal/generated/annotated_fn_args.py'
adding 'torch/testing/_internal/test_module/__init__.py'
adding 'torch/testing/_internal/test_module/future_div.py'
adding 'torch/testing/_internal/test_module/no_future_div.py'
adding 'torch/utils/__init__.py'
adding 'torch/utils/_cpp_extension_versioner.py'
adding 'torch/utils/bundled_inputs.py'
adding 'torch/utils/checkpoint.py'
adding 'torch/utils/collect_env.py'
adding 'torch/utils/cpp_extension.py'
adding 'torch/utils/dlpack.py'
adding 'torch/utils/file_baton.py'
adding 'torch/utils/hooks.py'
adding 'torch/utils/mkldnn.py'
adding 'torch/utils/mobile_optimizer.py'
adding 'torch/utils/model_zoo.py'
adding 'torch/utils/show_pickle.py'
adding 'torch/utils/throughput_benchmark.py'
adding 'torch/utils/_benchmark/__init__.py'
adding 'torch/utils/_benchmark/op_fuzzers/__init__.py'
adding 'torch/utils/_benchmark/op_fuzzers/binary.py'
adding 'torch/utils/_benchmark/op_fuzzers/unary.py'
adding 'torch/utils/_benchmark/utils/__init__.py'
adding 'torch/utils/_benchmark/utils/common.py'
adding 'torch/utils/_benchmark/utils/compare.py'
adding 'torch/utils/_benchmark/utils/fuzzer.py'
adding 'torch/utils/_benchmark/utils/timer.py'
adding 'torch/utils/backcompat/__init__.py'
adding 'torch/utils/bottleneck/__init__.py'
adding 'torch/utils/bottleneck/__main__.py'
adding 'torch/utils/data/__init__.py'
adding 'torch/utils/data/__init__.pyi'
adding 'torch/utils/data/dataloader.py'
adding 'torch/utils/data/dataset.py'
adding 'torch/utils/data/distributed.py'
adding 'torch/utils/data/distributed.pyi'
adding 'torch/utils/data/sampler.py'
adding 'torch/utils/data/_utils/__init__.py'
adding 'torch/utils/data/_utils/collate.py'
adding 'torch/utils/data/_utils/fetch.py'
adding 'torch/utils/data/_utils/pin_memory.py'
adding 'torch/utils/data/_utils/signal_handling.py'
adding 'torch/utils/data/_utils/worker.py'
adding 'torch/utils/ffi/__init__.py'
adding 'torch/utils/hipify/__init__.py'
adding 'torch/utils/hipify/constants.py'
adding 'torch/utils/hipify/cuda_to_hip_mappings.py'
adding 'torch/utils/hipify/hipify_python.py'
adding 'torch/utils/tensorboard/__init__.py'
adding 'torch/utils/tensorboard/_caffe2_graph.py'
adding 'torch/utils/tensorboard/_convert_np.py'
adding 'torch/utils/tensorboard/_embedding.py'
adding 'torch/utils/tensorboard/_onnx_graph.py'
adding 'torch/utils/tensorboard/_proto_graph.py'
adding 'torch/utils/tensorboard/_pytorch_graph.py'
adding 'torch/utils/tensorboard/_utils.py'
adding 'torch/utils/tensorboard/summary.py'
adding 'torch/utils/tensorboard/writer.py'
adding 'torch-1.7.0a0+4f72382.dist-info/LICENSE'
adding 'torch-1.7.0a0+4f72382.dist-info/METADATA'
adding 'torch-1.7.0a0+4f72382.dist-info/NOTICE'
adding 'torch-1.7.0a0+4f72382.dist-info/WHEEL'
adding 'torch-1.7.0a0+4f72382.dist-info/entry_points.txt'
adding 'torch-1.7.0a0+4f72382.dist-info/top_level.txt'
adding 'torch-1.7.0a0+4f72382.dist-info/RECORD'
removing build/bdist.linux-ppc64le/wheel
❯ python setup.py install --prefix /castles/nr/projects/d/duanj-ai-in-medical-imaging/.share/conda-env/ml
Building wheel torch-1.7.0a0+4f72382
-- Building version 1.7.0a0+4f72382
cmake --build . --target install --config Release -- -j 144
-- std::exception_ptr is supported.
-- Turning off deprecation warning due to glog.
-- Building using own protobuf under third_party per request.
-- Use custom protobuf build.
--
-- 3.11.4.0
-- Caffe2 protobuf include directory: $<BUILD_INTERFACE:/castles/nr/projects/d/duanj-ai-in-medical-imaging/.share/download/t1/pytorch/third_party/protobuf/src>$<INSTALL_INTERFACE:include>
-- Trying to find preferred BLAS backend of choice: MKL
-- MKL_THREADING = OMP
-- MKL_THREADING = OMP
CMake Warning at cmake/Dependencies.cmake:148 (message):
  MKL could not be found.  Defaulting to Eigen
Call Stack (most recent call first):
  CMakeLists.txt:472 (include)


CMake Warning at cmake/Dependencies.cmake:172 (message):
  Preferred BLAS (MKL) cannot be found, now searching for a general BLAS
  library
Call Stack (most recent call first):
  CMakeLists.txt:472 (include)


-- MKL_THREADING = OMP
-- Checking for [mkl_intel_lp64 - mkl_gnu_thread - mkl_core - gomp - pthread - m - dl]
--   Library mkl_intel_lp64: not found
-- Checking for [mkl_intel_lp64 - mkl_intel_thread - mkl_core - gomp - pthread - m - dl]
--   Library mkl_intel_lp64: not found
-- Checking for [mkl_intel - mkl_gnu_thread - mkl_core - gomp - pthread - m - dl]
--   Library mkl_intel: not found
-- Checking for [mkl_intel - mkl_intel_thread - mkl_core - gomp - pthread - m - dl]
--   Library mkl_intel: not found
-- Checking for [mkl_gf_lp64 - mkl_gnu_thread - mkl_core - gomp - pthread - m - dl]
--   Library mkl_gf_lp64: not found
-- Checking for [mkl_gf_lp64 - mkl_intel_thread - mkl_core - gomp - pthread - m - dl]
--   Library mkl_gf_lp64: not found
-- Checking for [mkl_gf - mkl_gnu_thread - mkl_core - gomp - pthread - m - dl]
--   Library mkl_gf: not found
-- Checking for [mkl_gf - mkl_intel_thread - mkl_core - gomp - pthread - m - dl]
--   Library mkl_gf: not found
-- Checking for [mkl_intel_lp64 - mkl_gnu_thread - mkl_core - iomp5 - pthread - m - dl]
--   Library mkl_intel_lp64: not found
-- Checking for [mkl_intel_lp64 - mkl_intel_thread - mkl_core - iomp5 - pthread - m - dl]
--   Library mkl_intel_lp64: not found
-- Checking for [mkl_intel - mkl_gnu_thread - mkl_core - iomp5 - pthread - m - dl]
--   Library mkl_intel: not found
-- Checking for [mkl_intel - mkl_intel_thread - mkl_core - iomp5 - pthread - m - dl]
--   Library mkl_intel: not found
-- Checking for [mkl_gf_lp64 - mkl_gnu_thread - mkl_core - iomp5 - pthread - m - dl]
--   Library mkl_gf_lp64: not found
-- Checking for [mkl_gf_lp64 - mkl_intel_thread - mkl_core - iomp5 - pthread - m - dl]
--   Library mkl_gf_lp64: not found
-- Checking for [mkl_gf - mkl_gnu_thread - mkl_core - iomp5 - pthread - m - dl]
--   Library mkl_gf: not found
-- Checking for [mkl_gf - mkl_intel_thread - mkl_core - iomp5 - pthread - m - dl]
--   Library mkl_gf: not found
-- Checking for [mkl_intel_lp64 - mkl_gnu_thread - mkl_core - pthread - m - dl]
--   Library mkl_intel_lp64: not found
-- Checking for [mkl_intel_lp64 - mkl_intel_thread - mkl_core - pthread - m - dl]
--   Library mkl_intel_lp64: not found
-- Checking for [mkl_intel - mkl_gnu_thread - mkl_core - pthread - m - dl]
--   Library mkl_intel: not found
-- Checking for [mkl_intel - mkl_intel_thread - mkl_core - pthread - m - dl]
--   Library mkl_intel: not found
-- Checking for [mkl_gf_lp64 - mkl_gnu_thread - mkl_core - pthread - m - dl]
--   Library mkl_gf_lp64: not found
-- Checking for [mkl_gf_lp64 - mkl_intel_thread - mkl_core - pthread - m - dl]
--   Library mkl_gf_lp64: not found
-- Checking for [mkl_gf - mkl_gnu_thread - mkl_core - pthread - m - dl]
--   Library mkl_gf: not found
-- Checking for [mkl_gf - mkl_intel_thread - mkl_core - pthread - m - dl]
--   Library mkl_gf: not found
-- Checking for [mkl_intel_lp64 - mkl_sequential - mkl_core - m - dl]
--   Library mkl_intel_lp64: not found
-- Checking for [mkl_intel - mkl_sequential - mkl_core - m - dl]
--   Library mkl_intel: not found
-- Checking for [mkl_gf_lp64 - mkl_sequential - mkl_core - m - dl]
--   Library mkl_gf_lp64: not found
-- Checking for [mkl_gf - mkl_sequential - mkl_core - m - dl]
--   Library mkl_gf: not found
-- Checking for [mkl_intel_lp64 - mkl_core - gomp - pthread - m - dl]
--   Library mkl_intel_lp64: not found
-- Checking for [mkl_intel - mkl_core - gomp - pthread - m - dl]
--   Library mkl_intel: not found
-- Checking for [mkl_gf_lp64 - mkl_core - gomp - pthread - m - dl]
--   Library mkl_gf_lp64: not found
-- Checking for [mkl_gf - mkl_core - gomp - pthread - m - dl]
--   Library mkl_gf: not found
-- Checking for [mkl_intel_lp64 - mkl_core - iomp5 - pthread - m - dl]
--   Library mkl_intel_lp64: not found
-- Checking for [mkl_intel - mkl_core - iomp5 - pthread - m - dl]
--   Library mkl_intel: not found
-- Checking for [mkl_gf_lp64 - mkl_core - iomp5 - pthread - m - dl]
--   Library mkl_gf_lp64: not found
-- Checking for [mkl_gf - mkl_core - iomp5 - pthread - m - dl]
--   Library mkl_gf: not found
-- Checking for [mkl_intel_lp64 - mkl_core - pthread - m - dl]
--   Library mkl_intel_lp64: not found
-- Checking for [mkl_intel - mkl_core - pthread - m - dl]
--   Library mkl_intel: not found
-- Checking for [mkl_gf_lp64 - mkl_core - pthread - m - dl]
--   Library mkl_gf_lp64: not found
-- Checking for [mkl_gf - mkl_core - pthread - m - dl]
--   Library mkl_gf: not found
-- Checking for [mkl - guide - pthread - m]
--   Library mkl: not found
-- MKL library not found
-- Checking for [Accelerate]
--   Library Accelerate: BLAS_Accelerate_LIBRARY-NOTFOUND
-- Checking for [vecLib]
--   Library vecLib: BLAS_vecLib_LIBRARY-NOTFOUND
-- Checking for [openblas]
--   Library openblas: /rds/bear-apps/2019b/EL7-power9/software/OpenBLAS/0.3.7-GCC-8.3.0/lib/libopenblas.so
-- Found a library with BLAS API (open).
CMake Warning at third_party/cpuinfo/CMakeLists.txt:71 (MESSAGE):
  Target processor architecture "ppc64le" is not supported in cpuinfo.
  cpuinfo will compile, but cpuinfo_initialize() will always fail.


-- Found PythonInterp: /rds/bear-apps/2019b/EL7-power9/software/Python/3.7.4-GCCcore-8.3.0/bin/python (found version "3.7.4")
-- git Version: v1.4.0-505be96a-dirty
-- Version: 1.4.0
-- Performing Test HAVE_STD_REGEX -- success
-- Performing Test HAVE_GNU_POSIX_REGEX -- failed to compile
-- Performing Test HAVE_POSIX_REGEX -- success
-- Performing Test HAVE_STEADY_CLOCK -- success
CMake Warning at cmake/Dependencies.cmake:698 (message):
  Turning USE_FAKELOWP off as it depends on USE_FBGEMM.
Call Stack (most recent call first):
  CMakeLists.txt:472 (include)


-- Found Numa  (include: /usr/include, library: /usr/lib64/libnuma.so)
-- Using third party subdirectory Eigen.
-- Found PythonInterp: /rds/bear-apps/2019b/EL7-power9/software/Python/3.7.4-GCCcore-8.3.0/bin/python (found suitable version "3.7.4", minimum required is "3.0")
-- Using third_party/pybind11.
-- pybind11 include dirs: /castles/nr/projects/d/duanj-ai-in-medical-imaging/.share/download/t1/pytorch/cmake/../third_party/pybind11/include
-- MPI support found
-- MPI compile flags:
-- MPI include path: /rds/bear-apps/2019b/EL7-power9/software/OpenMPI/3.1.4-gcccuda-2019b/include
-- MPI LINK flags path: -Wl,-rpath -Wl,/rds/bear-apps/2019b/EL7-power9/software/hwloc/1.11.12-GCCcore-8.3.0/lib -Wl,-rpath -Wl,/rds/bear-apps/2019b/EL7-power9/software/OpenMPI/3.1.4-gcccuda-2019b/lib -Wl,--enable-new-dtags -L/rds/bear-apps/2019b/EL7-power9/software/hwloc/1.11.12-GCCcore-8.3.0/lib
-- MPI libraries: /rds/bear-apps/2019b/EL7-power9/software/OpenMPI/3.1.4-gcccuda-2019b/lib/libmpi.so
-- Found OpenMPI with CUDA support built.
-- Adding OpenMP CXX_FLAGS: -fopenmp
-- No OpenMP library needs to be linked against
CMake Warning (dev) at cmake/public/cuda.cmake:29 (find_package):
  Policy CMP0074 is not set: find_package uses <PackageName>_ROOT variables.
  Run "cmake --help-policy CMP0074" for policy details.  Use the cmake_policy
  command to set the policy and suppress this warning.

  Environment variable CUDA_ROOT is set to:

    /rds/bear-apps/2019b/EL7-power9/software/CUDA/10.1.243-GCC-8.3.0

  For compatibility, CMake is ignoring the variable.
Call Stack (most recent call first):
  cmake/Dependencies.cmake:1111 (include)
  CMakeLists.txt:472 (include)
This warning is for project developers.  Use -Wno-dev to suppress it.

-- Found CUDA: /rds/bear-apps/2019b/EL7-power9/software/CUDA/10.1.243-GCC-8.3.0 (found version "10.1")
-- Caffe2: CUDA detected: 10.1
-- Caffe2: CUDA nvcc is: /rds/bear-apps/2019b/EL7-power9/software/CUDA/10.1.243-GCC-8.3.0/bin/nvcc
-- Caffe2: CUDA toolkit directory: /rds/bear-apps/2019b/EL7-power9/software/CUDA/10.1.243-GCC-8.3.0
-- Caffe2: Header version is: 10.1
-- Found cuDNN: v7.6.4  (include: /rds/bear-apps/2019b/EL7-power9/software/cuDNN/7.6.4.38-gcccuda-2019b/include, library: /rds/bear-apps/2019b/EL7-power9/software/cuDNN/7.6.4.38-gcccuda-2019b/lib/libcudnn.so)
-- Autodetected CUDA architecture(s):  7.0 7.0 7.0 7.0
-- Added CUDA NVCC flags for: -gencode;arch=compute_70,code=sm_70
-- Autodetected CUDA architecture(s):  7.0 7.0 7.0 7.0
CMake Warning at cmake/External/nccl.cmake:65 (message):
  Objcopy version is too old to support NCCL library slimming
Call Stack (most recent call first):
  cmake/Dependencies.cmake:1233 (include)
  CMakeLists.txt:472 (include)


-- Could NOT find CUB (missing: CUB_INCLUDE_DIR)
-- MPI include path: /rds/bear-apps/2019b/EL7-power9/software/OpenMPI/3.1.4-gcccuda-2019b/include
-- MPI libraries: /rds/bear-apps/2019b/EL7-power9/software/OpenMPI/3.1.4-gcccuda-2019b/lib/libmpi.so
CMake Warning (dev) at third_party/gloo/cmake/Cuda.cmake:133 (find_package):
  Policy CMP0074 is not set: find_package uses <PackageName>_ROOT variables.
  Run "cmake --help-policy CMP0074" for policy details.  Use the cmake_policy
  command to set the policy and suppress this warning.

  Environment variable CUDA_ROOT is set to:

    /rds/bear-apps/2019b/EL7-power9/software/CUDA/10.1.243-GCC-8.3.0

  For compatibility, CMake is ignoring the variable.
Call Stack (most recent call first):
  third_party/gloo/cmake/Dependencies.cmake:78 (include)
  third_party/gloo/CMakeLists.txt:75 (include)
This warning is for project developers.  Use -Wno-dev to suppress it.

-- Found CUDA: /rds/bear-apps/2019b/EL7-power9/software/CUDA/10.1.243-GCC-8.3.0 (found suitable version "10.1", minimum required is "7.0")
-- CUDA detected: 10.1
-- Could NOT find NCCL (missing: NCCL_INCLUDE_DIR NCCL_LIBRARY)
CMake Warning at third_party/gloo/cmake/Dependencies.cmake:96 (message):
  Not compiling with NCCL support.  Suppress this warning with
  -DUSE_NCCL=OFF.
Call Stack (most recent call first):
  third_party/gloo/CMakeLists.txt:75 (include)


Generated: /castles/nr/projects/d/duanj-ai-in-medical-imaging/.share/download/t1/pytorch/build/third_party/onnx/onnx/onnx_onnx_torch-ml.proto
Generated: /castles/nr/projects/d/duanj-ai-in-medical-imaging/.share/download/t1/pytorch/build/third_party/onnx/onnx/onnx-operators_onnx_torch-ml.proto
--
-- ******** Summary ********
--   CMake version         : 3.15.3
--   CMake command         : /rds/bear-apps/2019b/EL7-power9/software/CMake/3.15.3-GCCcore-8.3.0/bin/cmake
--   System                : Linux
--   C++ compiler          : /rds/bear-apps/2019b/EL7-power9/software/GCCcore/8.3.0/bin/c++
--   C++ compiler version  : 8.3.0
--   CXX flags             :  -Wno-deprecated -fvisibility-inlines-hidden -fopenmp -Wnon-virtual-dtor
--   Build type            : Release
--   Compile definitions   : ONNX_ML=1;ONNXIFI_ENABLE_EXT=1
--   CMAKE_PREFIX_PATH     : /rds/bear-apps/2019b/EL7-power9/software/Python/3.7.4-GCCcore-8.3.0/lib/python3.7/site-packages;/rds/bear-apps/2019b/EL7-power9/software/CUDA/10.1.243-GCC-8.3.0
--   CMAKE_INSTALL_PREFIX  : /castles/nr/projects/d/duanj-ai-in-medical-imaging/.share/download/t1/pytorch/torch
--   CMAKE_MODULE_PATH     : /castles/nr/projects/d/duanj-ai-in-medical-imaging/.share/download/t1/pytorch/cmake/Modules;/castles/nr/projects/d/duanj-ai-in-medical-imaging/.share/download/t1/pytorch/cmake/public/../Modules_CUDA_fix
--
--   ONNX version          : 1.7.0
--   ONNX NAMESPACE        : onnx_torch
--   ONNX_BUILD_TESTS      : OFF
--   ONNX_BUILD_BENCHMARKS : OFF
--   ONNX_USE_LITE_PROTO   : OFF
--   ONNXIFI_DUMMY_BACKEND : OFF
--   ONNXIFI_ENABLE_EXT    : OFF
--
--   Protobuf compiler     :
--   Protobuf includes     :
--   Protobuf libraries    :
--   BUILD_ONNX_PYTHON     : OFF
--
-- ******** Summary ********
--   CMake version         : 3.15.3
--   CMake command         : /rds/bear-apps/2019b/EL7-power9/software/CMake/3.15.3-GCCcore-8.3.0/bin/cmake
--   System                : Linux
--   C++ compiler          : /rds/bear-apps/2019b/EL7-power9/software/GCCcore/8.3.0/bin/c++
--   C++ compiler version  : 8.3.0
--   CXX flags             :  -Wno-deprecated -fvisibility-inlines-hidden -fopenmp -Wnon-virtual-dtor
--   Build type            : Release
--   Compile definitions   : ONNX_ML=1;ONNXIFI_ENABLE_EXT=1
--   CMAKE_PREFIX_PATH     : /rds/bear-apps/2019b/EL7-power9/software/Python/3.7.4-GCCcore-8.3.0/lib/python3.7/site-packages;/rds/bear-apps/2019b/EL7-power9/software/CUDA/10.1.243-GCC-8.3.0
--   CMAKE_INSTALL_PREFIX  : /castles/nr/projects/d/duanj-ai-in-medical-imaging/.share/download/t1/pytorch/torch
--   CMAKE_MODULE_PATH     : /castles/nr/projects/d/duanj-ai-in-medical-imaging/.share/download/t1/pytorch/cmake/Modules;/castles/nr/projects/d/duanj-ai-in-medical-imaging/.share/download/t1/pytorch/cmake/public/../Modules_CUDA_fix
--
--   ONNX version          : 1.4.1
--   ONNX NAMESPACE        : onnx_torch
--   ONNX_BUILD_TESTS      : OFF
--   ONNX_BUILD_BENCHMARKS : OFF
--   ONNX_USE_LITE_PROTO   : OFF
--   ONNXIFI_DUMMY_BACKEND : OFF
--
--   Protobuf compiler     :
--   Protobuf includes     :
--   Protobuf libraries    :
--   BUILD_ONNX_PYTHON     : OFF
-- Found CUDA with FP16 support, compiling with torch.cuda.HalfTensor
-- Adding -DNDEBUG to compile flags
-- MAGMA not found. Compiling without MAGMA support
-- Could not find hardware support for NEON on this machine.
-- No OMAP3 processor on this machine.
-- No OMAP4 processor on this machine.
-- Found a library with LAPACK API (open).
disabling ROCM because NOT USE_ROCM is set
-- MIOpen not found. Compiling without MIOpen support
disabling MKLDNN because USE_MKLDNN is not set
-- Version: 6.2.0
-- Build type: Release
-- CXX_STANDARD: 14
-- Required features: cxx_variadic_templates
-- GCC 8.3.0: Adding gcc and gcc_s libs to link line
-- NUMA paths:
-- /usr/include
-- /usr/lib64/libnuma.so
-- Using ATen parallel backend: OMP
CMake Deprecation Warning at third_party/sleef/CMakeLists.txt:20 (cmake_policy):
  The OLD behavior for policy CMP0066 will be removed from a future version
  of CMake.

  The cmake-policies(7) manual explains that the OLD behaviors of all
  policies are deprecated and that a policy should be set to OLD only under
  specific short-term circumstances.  Projects should be ported to the NEW
  behavior and not rely on setting a policy to OLD.


-- Found OpenMP_C: -fopenmp
-- Found OpenMP_CXX: -fopenmp
-- Found OpenMP: TRUE
-- Configuring build for SLEEF-v3.4.0
   Target system: Linux-4.14.0-115.7.1.el7a.ppc64le
   Target processor: ppc64le
   Host system: Linux-4.14.0-115.7.1.el7a.ppc64le
   Host processor: ppc64le
   Detected C compiler: GNU @ /rds/bear-apps/2019b/EL7-power9/software/GCCcore/8.3.0/bin/cc
-- Using option `-Wall -Wno-unused -Wno-attributes -Wno-unused-result -Wno-psabi -ffp-contract=off -fno-math-errno -fno-trapping-math` to compile libsleef
-- Building shared libs : OFF
-- MPFR : /usr/lib64/libmpfr.so
-- MPFR header file in /usr/include
-- GMP : /usr/lib64/libgmp.so
-- RT : /usr/lib64/librt.so
-- FFTW3 : LIBFFTW3-NOTFOUND
-- OPENSSL : 1.0.2k
-- SDE : SDE_COMMAND-NOTFOUND
-- RUNNING_ON_TRAVIS : 0
-- COMPILER_SUPPORTS_OPENMP : 1
AT_INSTALL_INCLUDE_DIR include/ATen/core
core header install: /castles/nr/projects/d/duanj-ai-in-medical-imaging/.share/download/t1/pytorch/build/aten/src/ATen/core/TensorBody.h
-- Include NCCL operators
-- Excluding FakeLowP operators
-- Excluding ideep operators as we are not using ideep
-- Excluding image processing operators due to no opencv
-- Excluding video processing operators due to no opencv
-- Include Observer library
-- /rds/bear-apps/2019b/EL7-power9/software/GCCcore/8.3.0/bin/c++ /castles/nr/projects/d/duanj-ai-in-medical-imaging/.share/download/t1/pytorch/torch/abi-check.cpp -o /castles/nr/projects/d/duanj-ai-in-medical-imaging/.share/download/t1/pytorch/build/abi-check
-- Determined _GLIBCXX_USE_CXX11_ABI=1
-- MPI_INCLUDE_PATH: /rds/bear-apps/2019b/EL7-power9/software/OpenMPI/3.1.4-gcccuda-2019b/include
-- MPI_LIBRARIES: /rds/bear-apps/2019b/EL7-power9/software/OpenMPI/3.1.4-gcccuda-2019b/lib/libmpi.so
-- MPIEXEC: /rds/bear-apps/2019b/EL7-power9/software/OpenMPI/3.1.4-gcccuda-2019b/bin/mpiexec
-- Autodetected CUDA architecture(s):  7.0 7.0 7.0 7.0
-- pytorch is compiling with OpenMP.
OpenMP CXX_FLAGS: -fopenmp.
OpenMP libraries: /rds/bear-apps/2019b/EL7-power9/software/GCCcore/8.3.0/lib64/libgomp.so;/lib64/libpthread.so.
-- Caffe2 is compiling with OpenMP.
OpenMP CXX_FLAGS: -fopenmp.
OpenMP libraries: /rds/bear-apps/2019b/EL7-power9/software/GCCcore/8.3.0/lib64/libgomp.so;/lib64/libpthread.so.
-- Using lib/python3.7/site-packages as python relative installation path
CMake Warning at CMakeLists.txt:703 (message):
  Generated cmake files are only fully tested if one builds with system glog,
  gflags, and protobuf.  Other settings may generate files that are not well
  tested.


--
-- ******** Summary ********
-- General:
--   CMake version         : 3.15.3
--   CMake command         : /rds/bear-apps/2019b/EL7-power9/software/CMake/3.15.3-GCCcore-8.3.0/bin/cmake
--   System                : Linux
--   C++ compiler          : /rds/bear-apps/2019b/EL7-power9/software/GCCcore/8.3.0/bin/c++
--   C++ compiler id       : GNU
--   C++ compiler version  : 8.3.0
--   BLAS                  : MKL
--   CXX flags             :  -Wno-deprecated -fvisibility-inlines-hidden -fopenmp -DNDEBUG -DUSE_VULKAN_WRAPPER -O2 -fPIC -Wno-narrowing -Wall -Wextra -Werror=return-type -Wno-missing-field-initializers -Wno-type-limits -Wno-array-bounds -Wno-unknown-pragmas -Wno-sign-compare -Wno-unused-parameter -Wno-unused-variable -Wno-unused-function -Wno-unused-result -Wno-unused-local-typedefs -Wno-strict-overflow -Wno-strict-aliasing -Wno-error=deprecated-declarations -Wno-stringop-overflow -Wno-psabi -Wno-error=pedantic -Wno-error=redundant-decls -Wno-error=old-style-cast -fdiagnostics-color=always -faligned-new -Wno-unused-but-set-variable -Wno-maybe-uninitialized -fno-math-errno -fno-trapping-math -Werror=format -Wno-stringop-overflow
--   Build type            : Release
--   Compile definitions   : ONNX_ML=1;ONNXIFI_ENABLE_EXT=1;ONNX_NAMESPACE=onnx_torch;HAVE_MMAP=1;_FILE_OFFSET_BITS=64;HAVE_SHM_OPEN=1;HAVE_SHM_UNLINK=1;HAVE_MALLOC_USABLE_SIZE=1;USE_EXTERNAL_MZCRC;MINIZ_DISABLE_ZIP_READER_CRC32_CHECKS
--   CMAKE_PREFIX_PATH     : /rds/bear-apps/2019b/EL7-power9/software/Python/3.7.4-GCCcore-8.3.0/lib/python3.7/site-packages;/rds/bear-apps/2019b/EL7-power9/software/CUDA/10.1.243-GCC-8.3.0
--   CMAKE_INSTALL_PREFIX  : /castles/nr/projects/d/duanj-ai-in-medical-imaging/.share/download/t1/pytorch/torch
--
--   TORCH_VERSION         : 1.7.0
--   CAFFE2_VERSION        : 1.7.0
--   BUILD_CAFFE2_MOBILE   : OFF
--   USE_STATIC_DISPATCH   : OFF
--   BUILD_BINARY          : OFF
--   BUILD_CUSTOM_PROTOBUF : ON
--     Link local protobuf : ON
--   BUILD_DOCS            : OFF
--   BUILD_PYTHON          : True
--     Python version      : 3.7.4
--     Python executable   : /rds/bear-apps/2019b/EL7-power9/software/Python/3.7.4-GCCcore-8.3.0/bin/python
--     Pythonlibs version  : 3.7.4
--     Python library      : /rds/bear-apps/2019b/EL7-power9/software/Python/3.7.4-GCCcore-8.3.0/lib/libpython3.7m.so.1.0
--     Python includes     : /rds/bear-apps/2019b/EL7-power9/software/Python/3.7.4-GCCcore-8.3.0/include/python3.7m
--     Python site-packages: lib/python3.7/site-packages
--   BUILD_CAFFE2_OPS      : ON
--   BUILD_SHARED_LIBS     : ON
--   BUILD_TEST            : True
--   BUILD_JNI             : OFF
--   INTERN_BUILD_MOBILE   :
--   CLANG_CODE_COVERAGE   : OFF
--   USE_ASAN              : OFF
--   USE_CUDA              : ON
--     CUDA static link    : OFF
--     USE_CUDNN           : ON
--     CUDA version        : 10.1
--     cuDNN version       : 7.6.4
--     CUDA root directory : /rds/bear-apps/2019b/EL7-power9/software/CUDA/10.1.243-GCC-8.3.0
--     CUDA library        : /rds/bear-apps/2019b/EL7-power9/software/CUDA/10.1.243-GCC-8.3.0/lib64/stubs/libcuda.so
--     cudart library      : /rds/bear-apps/2019b/EL7-power9/software/CUDA/10.1.243-GCC-8.3.0/lib64/libcudart.so
--     cublas library      : /rds/bear-apps/2019b/EL7-power9/software/CUDA/10.1.243-GCC-8.3.0/lib64/libcublas.so
--     cufft library       : /rds/bear-apps/2019b/EL7-power9/software/CUDA/10.1.243-GCC-8.3.0/lib64/libcufft.so
--     curand library      : /rds/bear-apps/2019b/EL7-power9/software/CUDA/10.1.243-GCC-8.3.0/lib64/libcurand.so
--     cuDNN library       : /rds/bear-apps/2019b/EL7-power9/software/cuDNN/7.6.4.38-gcccuda-2019b/lib/libcudnn.so
--     nvrtc               : /rds/bear-apps/2019b/EL7-power9/software/CUDA/10.1.243-GCC-8.3.0/lib64/libnvrtc.so
--     CUDA include path   : /rds/bear-apps/2019b/EL7-power9/software/CUDA/10.1.243-GCC-8.3.0/include
--     NVCC executable     : /rds/bear-apps/2019b/EL7-power9/software/CUDA/10.1.243-GCC-8.3.0/bin/nvcc
--     NVCC flags          : -DONNX_NAMESPACE=onnx_torch;-gencode;arch=compute_70,code=sm_70;-Xcudafe;--diag_suppress=cc_clobber_ignored;-Xcudafe;--diag_suppress=integer_sign_change;-Xcudafe;--diag_suppress=useless_using_declaration;-Xcudafe;--diag_suppress=set_but_not_used;-Xcudafe;--diag_suppress=field_without_dll_interface;-Xcudafe;--diag_suppress=base_class_has_different_dll_interface;-Xcudafe;--diag_suppress=dll_interface_conflict_none_assumed;-Xcudafe;--diag_suppress=dll_interface_conflict_dllexport_assumed;-Xcudafe;--diag_suppress=implicit_return_from_non_void_function;-Xcudafe;--diag_suppress=unsigned_compare_with_zero;-Xcudafe;--diag_suppress=declared_but_not_referenced;-Xcudafe;--diag_suppress=bad_friend_decl;-std=c++14;-Xcompiler;-fPIC;--expt-relaxed-constexpr;--expt-extended-lambda;-Wno-deprecated-gpu-targets;--expt-extended-lambda;-gencode;arch=compute_70,code=sm_70;-Xcompiler;-fPIC;-DCUDA_HAS_FP16=1;-D__CUDA_NO_HALF_OPERATORS__;-D__CUDA_NO_HALF_CONVERSIONS__;-D__CUDA_NO_HALF2_OPERATORS__
--     CUDA host compiler  : /rds/bear-apps/2019b/EL7-power9/software/GCCcore/8.3.0/bin/cc
--     NVCC --device-c     : OFF
--     USE_TENSORRT        : OFF
--   USE_ROCM              : OFF
--   USE_EIGEN_FOR_BLAS    : ON
--   USE_FBGEMM            : OFF
--     USE_FAKELOWP          : OFF
--   USE_FFMPEG            : OFF
--   USE_GFLAGS            : OFF
--   USE_GLOG              : OFF
--   USE_LEVELDB           : OFF
--   USE_LITE_PROTO        : OFF
--   USE_LMDB              : OFF
--   USE_METAL             : OFF
--   USE_MKL               : OFF
--   USE_MKLDNN            : OFF
--   USE_NCCL              : ON
--     USE_SYSTEM_NCCL     : OFF
--   USE_NNPACK            : OFF
--   USE_NUMPY             : ON
--   USE_OBSERVERS         : ON
--   USE_OPENCL            : OFF
--   USE_OPENCV            : OFF
--   USE_OPENMP            : ON
--   USE_TBB               : OFF
--   USE_VULKAN            : OFF
--   USE_PROF              : OFF
--   USE_QNNPACK           : OFF
--   USE_PYTORCH_QNNPACK   : OFF
--   USE_REDIS             : OFF
--   USE_ROCKSDB           : OFF
--   USE_ZMQ               : OFF
--   USE_DISTRIBUTED       : ON
--     USE_MPI             : ON
--     USE_GLOO            : ON
--     USE_TENSORPIPE      : ON
--   Public Dependencies  : Threads::Threads
--   Private Dependencies : cpuinfo;/usr/lib64/libnuma.so;fp16;/rds/bear-apps/2019b/EL7-power9/software/OpenMPI/3.1.4-gcccuda-2019b/lib/libmpi.so;gloo;tensorpipe;aten_op_header_gen;foxi_loader;rt;fmt::fmt-header-only;gcc_s;gcc;dl
-- Configuring done
-- Generating done
-- Build files have been written to: /castles/nr/projects/d/duanj-ai-in-medical-imaging/.share/download/t1/pytorch/build
[  0%] Built target mkrename_gnuabi
[  0%] Built target torch_global_deps
[  0%] Built target mkdisp
[  0%] Built target nccl_external
[  0%] Built target clog
[  0%] Built target arraymap
[  1%] Built target mkmasked_gnuabi
[  1%] Built target mkrename
[  2%] Built target benchmark
[  2%] Built target fmt
[  2%] Built target caffe2_nvrtc
[  2%] Built target ATEN_CPU_FILES_GEN_TARGET
[  2%] Built target mkalias
[  2%] Built target ATEN_CUDA_FILES_GEN_TARGET
[  2%] Built target gtest
[  2%] Built target generate-torch-sources
[  2%] Built target renamePURECFMA_SCALAR.h_generated
[  2%] Built target headers
[  2%] Built target common
[  3%] Built target cpuinfo_internals
[  3%] Built target cpuinfo
[  3%] Built target benchmark_main
[  4%] Built target libprotobuf-lite
[  4%] Built target renamePUREC_SCALAR.h_generated
[  5%] Built target uv_a
[  5%] Built target foxi_loader
[  6%] Built target gloo
[  7%] Built target uv
[  7%] Built target torch_python_stubs
[  8%] Built target c10
[  8%] Built target __aten_op_header_gen
[  8%] Built target gtest_main
[  8%] Built target sleefpurecfma_scalar
[  8%] Built target sleefdetpurec_scalar
[  9%] Built target sleefpurec_scalar
[ 10%] Built target libprotobuf
[ 10%] Built target gmock
[ 10%] Built target c10_intrusive_ptr_benchmark
[ 10%] Built target sleefdetpurecfma_scalar
[ 10%] Built target c10_cuda
[ 10%] Built target c10_Bitset_test
[ 10%] Built target c10_Half_test
[ 10%] Built target c10_tempfile_test
[ 10%] Built target c10_TypeList_test
[ 10%] Built target c10_TypeIndex_test
[ 10%] Built target c10_bfloat16_test
[ 10%] Built target c10_InlineStreamGuard_test
[ 10%] Built target c10_Array_test
[ 10%] Built target c10_CompileTimeFunctionPointer_test
[ 10%] Built target c10_Metaprogramming_test
[ 11%] Built target c10_intrusive_ptr_test
[ 11%] Built target c10_flags_test
[ 11%] Built target c10_ConstexprCrc_test
[ 11%] Built target c10_TypeTraits_test
[ 11%] Built target c10_logging_test
[ 11%] Built target c10_C++17_test
[ 11%] Built target c10_DeviceGuard_test
[ 11%] Built target c10_cuda_CUDATest
[ 11%] Built target c10_typeid_test
[ 12%] Built target c10_DispatchKeySet_test
[ 12%] Built target c10_LeftRight_test
[ 12%] Built target c10_string_view_test
[ 12%] Built target gmock_main
[ 12%] Built target c10_complex_math_test
[ 12%] Linking CXX static library ../../../lib/libgloo_cuda.a
[ 12%] Built target c10_exception_test
[ 12%] Built target c10_StreamGuard_test
[ 12%] Built target c10_InlineDeviceGuard_test
[ 12%] Built target c10_complex_test
[ 12%] Built target sleef
[ 12%] Built target c10_ordered_preserving_dict_test
[ 12%] Built target c10_either_test
[ 12%] Built target c10_registry_test
[ 14%] Built target libprotoc
[ 14%] Built target protoc
[ 14%] Built target gen_onnx_proto
[ 14%] Built target onnx_proto
[ 14%] Built target Caffe2_PROTO
[ 33%] Built target python_copy_files
[ 34%] Built target gloo_cuda
[ 34%] Built target tensorpipe
[ 34%] Built target caffe2_protos
[ 35%] Built target onnx
[ 65%] Built target torch_cpu
[ 65%] Linking CXX shared library ../lib/libtorch_cuda.so
[ 79%] Built target torch_cuda
Scanning dependencies of target torch
[ 79%] Building CXX object caffe2/CMakeFiles/torch.dir/__/empty.cpp.o
[ 79%] Linking CXX shared library ../lib/libtorch.so
[ 79%] Built target torch
[ 79%] Built target inline_container_test
[ 79%] Built target Dimname_test
[ 79%] Built target graph_test
[ 79%] Built target init_test
[ 79%] Linking CXX executable ../bin/cuda_complex_math_test
Scanning dependencies of target cuda_vectorized_test
[ 79%] Built target fixed_divisor_test
Scanning dependencies of target cuda_optional_test
Scanning dependencies of target cuda_half_test
[ 79%] Built target common_test
Scanning dependencies of target cuda_distributions_test
[ 79%] Built target fatal_signal_asan_no_sig_test
[ 79%] Built target variant_test
Scanning dependencies of target cuda_complex_test
[ 79%] Built target simple_queue_test
Scanning dependencies of target cuda_integer_divider_test
Scanning dependencies of target cuda_packedtensoraccessor_test
[ 79%] Built target stats_test
[ 79%] Built target timer_test
[ 79%] Built target CppSignature_test
[ 79%] Built target NeuralNetTest
[ 79%] Built target cpuid_test
[ 79%] Built target vmap_test
[ 79%] Built target verify_api_visibility
[ 79%] Built target cuda_complex_math_test
[ 79%] Built target AlgorithmsTest
[ 79%] Built target TopoSortTest
[ 79%] Built target conv_op_cache_cudnn_test
[ 79%] Built target MatchTest
[ 79%] Built target BinaryMatchImplTest
[ 79%] Built target GraphTest
[ 79%] Built target TarjansImplTest
[ 79%] Built target memory_overlapping_test
[ 79%] Built target SubgraphMatcherTest
[ 79%] Built target net_async_tracing_test
[ 80%] Built target kernel_stackbased_test
[ 81%] Built target List_test
[ 81%] Built target cast_test
[ 81%] Built target mobile_test
[ 83%] Built target observer_test
[ 83%] Built target blob_test
[ 83%] Built target backend_cutting_test
[ 83%] Built target cpu_generator_test
[ 83%] Built target ssa_test
[ 83%] Built target distributed_test
[ 83%] Built target wrapdim_test
[ 83%] Built target mpi_test
[ 83%] Built target context_test
[ 83%] Built target scalar_tensor_test
[ 83%] Built target event_test
[ 83%] Built target device_test
[ 83%] Built target undefined_tensor_test
[ 83%] Built target dlconvertor_test
[ 83%] Built target NamedTensor_test
[ 83%] Built target broadcast_test
[ 83%] Built target apply_utils_test
[ 83%] Built target test_parallel
[ 83%] Built target op_registration_test
[ 83%] Built target cuda_stream_test
[ 83%] Built target blob_gpu_test
[ 83%] Built target smart_tensor_printer_test
[ 83%] Built target extension_backend_test
[ 83%] Built target scalar_test
[ 83%] Built target weakref_test
[ 83%] Built target memory_format_test
[ 83%] Built target quantized_test
[ 83%] Built target half_test
Scanning dependencies of target cuda_generator_test
[ 83%] Built target kernel_function_test
[ 83%] Built target TensorImpl_test
[ 83%] Built target text_file_reader_utils_test
[ 83%] Built target native_test
[ 85%] Built target atest
[ 85%] Built target basic
[ 85%] Built target xla_tensor_test
[ 85%] Linking CXX executable ../bin/cuda_complex_test
[ 85%] Built target kernel_lambda_test
[ 85%] Linking CXX executable ../bin/cuda_integer_divider_test
[ 85%] Built target Dict_test
[ 85%] Built target cuda_apply_test
[ 85%] Linking CXX executable ../bin/cuda_vectorized_test
[ 85%] Linking CXX executable ../bin/cuda_optional_test
[ 85%] Built target make_boxed_from_unboxed_functor_test
[ 85%] Built target backend_fallback_test
[ 85%] Built target event_gpu_test
[ 85%] Built target context_gpu_test
[ 85%] Linking CXX executable ../bin/cuda_half_test
[ 85%] Built target cuda_dlconvertor_test
[ 85%] Built target net_test
[ 85%] Built target kernel_lambda_legacy_test
[ 85%] Built target conv_to_nnpack_transform_test
[ 85%] Built target proto_utils_test
[ 86%] Built target data_filler_test
[ 86%] Linking CXX executable ../bin/cuda_packedtensoraccessor_test
[ 86%] Built target math_test
[ 86%] Built target KernelFunction_test
[ 86%] Built target kernel_function_legacy_test
[ 86%] Built target module_test
[ 86%] Built target plan_executor_test
[ 86%] Built target converter_nomigraph_test
[ 86%] Linking CXX executable ../bin/cuda_distributions_test
[ 86%] Built target workspace_test
[ 87%] Built target tensor_iterator_test
[ 88%] Built target time_observer_test
[ 88%] Built target operator_gpu_test
[ 88%] Built target batch_matmul_op_test
[ 88%] Built target operator_test
[ 88%] Built target pattern_net_transform_test
[ 88%] Built target common_subexpression_elimination_test
[ 88%] Built target bound_shape_inference_test
[ 88%] Built target depthwise3x3_conv_op_test
[ 88%] Built target dead_code_elim_test
[ 88%] Built target conv_transpose_op_mobile_test
[ 88%] Built target predictor_test
[ 88%] Built target split_slss_test
[ 88%] Built target net_dag_utils_test
[ 88%] Built target mpi_gpu_test
[ 88%] Built target reduce_ops_test
[ 88%] Built target reshape_op_gpu_test
[ 88%] Built target batch_matmul_op_gpu_test
[ 88%] Built target operator_fallback_gpu_test
[ 88%] Built target parallel_net_test
[ 88%] Built target thread_init_test
[ 89%] Linking CXX shared library ../../../../lib/libshm.so
[ 89%] Built target net_gpu_test
[ 89%] Built target half_float_ops_test
[ 89%] Built target math_gpu_test
[ 89%] Built target boolean_unmask_ops_test
[ 89%] Built target net_simple_refcount_test
[ 89%] Built target cuda_complex_test
[ 89%] Built target pow_test
[ 90%] Built target operator_schema_test
[ 90%] Built target transform_test
[ 90%] Built target caffe2_module_test_dynamic
[ 90%] Built target tensor_interop_test
[ 90%] Built target cuda_cudnn_test
[ 90%] Built target utility_ops_gpu_test
[ 90%] Built target cuda_vectorized_test
[ 90%] Built target cuda_half_test
[ 90%] Built target cuda_optional_test
[ 90%] Built target cuda_tensor_interop_test
[ 90%] Built target caffe2_observers
[ 90%] Built target utility_ops_test
[ 90%] Built target cuda_integer_divider_test
[ 90%] Built target cuda_packedtensoraccessor_test
[ 90%] Linking CXX executable ../bin/cuda_generator_test
[ 90%] Built target c10d
[ 90%] Built target generate_proposals_op_util_nms_test
[ 90%] Built target cuda_distributions_test
[ 90%] Linking CXX executable ../../../bin/HashStoreTest
[ 90%] Built target shm
[ 90%] Linking CXX executable ../../../bin/FileStoreTest
[ 90%] Built target type_test
[ 90%] Built target cuda_generator_test
[ 90%] Built target caffe2_pybind11_state
[ 91%] Built target caffe2_pybind11_state_gpu
[ 91%] Built target generate_proposals_op_util_boxes_test
[ 91%] Linking CXX executable ../../../../bin/torch_shm_manager
[ 91%] Built target ivalue_test
[ 91%] Linking CXX shared library ../../../lib/libc10d_cuda_test.so
[ 91%] Linking CXX executable ../bin/parallel_benchmark
[ 91%] Linking CXX executable ../../../bin/ProcessGroupMPITest
[ 91%] Built target cpu_rng_test
[ 91%] Built target string_ops_test
[ 91%] Built target elementwise_op_test
[ 91%] Linking CXX executable ../../../bin/TCPStoreTest
[ 91%] Built target HashStoreTest
[ 91%] Built target generate_proposals_op_gpu_test
[ 91%] Built target elementwise_op_gpu_test
[ 91%] Built target FileStoreTest
[ 91%] Built target generate_proposals_op_test
[ 91%] Built target generate_proposals_op_util_nms_gpu_test
[ 91%] Built target batch_permutation_op_gpu_test
[ 91%] Linking CXX executable ../bin/test_tensorexpr
[ 91%] Linking CXX executable ../bin/test_api
[ 91%] Linking CXX shared library ../lib/libprocess_group_agent.so
[ 91%] Linking CXX executable ../bin/test_dist_autograd
[ 91%] Linking CXX executable ../bin/test_jit
[ 91%] Built target parallel_benchmark
[ 91%] Built target torch_shm_manager
[ 91%] Built target ProcessGroupMPITest
[ 91%] Built target TCPStoreTest
[ 91%] Built target roi_align_op_gpu_test
[ 91%] Linking CXX shared library ../../lib/libcaffe2_detectron_ops_gpu.so
[ 91%] Built target process_group_agent
[ 91%] Built target test_dist_autograd
[ 91%] Built target c10d_cuda_test
[ 91%] Linking CXX executable ../bin/test_cpp_rpc
[ 91%] Linking CXX executable ../../../bin/ProcessGroupNCCLErrorsTest
[ 91%] Linking CXX executable ../../../bin/ProcessGroupGlooAsyncTest
[ 91%] Linking CXX executable ../../../bin/ProcessGroupGlooTest
[ 91%] Linking CXX executable ../../../bin/ProcessGroupNCCLTest
[ 91%] Built target test_tensorexpr
[ 92%] Built target test_cpp_rpc
[ 92%] Built target ProcessGroupGlooAsyncTest
[ 92%] Built target ProcessGroupNCCLTest
[ 92%] Built target ProcessGroupNCCLErrorsTest
[ 92%] Built target ProcessGroupGlooTest
[ 93%] Built target caffe2_detectron_ops_gpu
[ 94%] Built target test_jit
[ 94%] Linking CXX shared library ../../lib/libtorch_python.so
[ 95%] Built target test_api
[100%] Built target torch_python
Install the project...
-- Install configuration: "Release"
-- Set runtime path of "/castles/nr/projects/d/duanj-ai-in-medical-imaging/.share/download/t1/pytorch/torch/lib/libtorch_cuda.so" to "$ORIGIN:/rds/bear-apps/2019b/EL7-power9/software/cuDNN/7.6.4.38-gcccuda-2019b/lib"
-- Set runtime path of "/castles/nr/projects/d/duanj-ai-in-medical-imaging/.share/download/t1/pytorch/torch/lib/libtorch.so" to "$ORIGIN:/rds/bear-apps/2019b/EL7-power9/software/cuDNN/7.6.4.38-gcccuda-2019b/lib"
-- Set runtime path of "/castles/nr/projects/d/duanj-ai-in-medical-imaging/.share/download/t1/pytorch/torch/test/cuda_complex_test" to "$ORIGIN:/rds/bear-apps/2019b/EL7-power9/software/cuDNN/7.6.4.38-gcccuda-2019b/lib"
-- Set runtime path of "/castles/nr/projects/d/duanj-ai-in-medical-imaging/.share/download/t1/pytorch/torch/test/cuda_complex_math_test" to "$ORIGIN:/rds/bear-apps/2019b/EL7-power9/software/cuDNN/7.6.4.38-gcccuda-2019b/lib"
-- Set runtime path of "/castles/nr/projects/d/duanj-ai-in-medical-imaging/.share/download/t1/pytorch/torch/test/cuda_integer_divider_test" to "$ORIGIN:/rds/bear-apps/2019b/EL7-power9/software/cuDNN/7.6.4.38-gcccuda-2019b/lib"
-- Set runtime path of "/castles/nr/projects/d/duanj-ai-in-medical-imaging/.share/download/t1/pytorch/torch/test/cuda_half_test" to "$ORIGIN:/rds/bear-apps/2019b/EL7-power9/software/cuDNN/7.6.4.38-gcccuda-2019b/lib"
-- Set runtime path of "/castles/nr/projects/d/duanj-ai-in-medical-imaging/.share/download/t1/pytorch/torch/test/cuda_distributions_test" to "$ORIGIN:/rds/bear-apps/2019b/EL7-power9/software/cuDNN/7.6.4.38-gcccuda-2019b/lib"
-- Set runtime path of "/castles/nr/projects/d/duanj-ai-in-medical-imaging/.share/download/t1/pytorch/torch/test/cuda_optional_test" to "$ORIGIN:/rds/bear-apps/2019b/EL7-power9/software/cuDNN/7.6.4.38-gcccuda-2019b/lib"
-- Set runtime path of "/castles/nr/projects/d/duanj-ai-in-medical-imaging/.share/download/t1/pytorch/torch/test/cuda_packedtensoraccessor_test" to "$ORIGIN:/rds/bear-apps/2019b/EL7-power9/software/cuDNN/7.6.4.38-gcccuda-2019b/lib"
-- Set runtime path of "/castles/nr/projects/d/duanj-ai-in-medical-imaging/.share/download/t1/pytorch/torch/test/cuda_vectorized_test" to "$ORIGIN:/rds/bear-apps/2019b/EL7-power9/software/cuDNN/7.6.4.38-gcccuda-2019b/lib"
-- Set runtime path of "/castles/nr/projects/d/duanj-ai-in-medical-imaging/.share/download/t1/pytorch/torch/test/cuda_generator_test" to "$ORIGIN:/rds/bear-apps/2019b/EL7-power9/software/cuDNN/7.6.4.38-gcccuda-2019b/lib"
-- Set runtime path of "/castles/nr/projects/d/duanj-ai-in-medical-imaging/.share/download/t1/pytorch/torch/bin/test_jit" to "$ORIGIN:/rds/bear-apps/2019b/EL7-power9/software/cuDNN/7.6.4.38-gcccuda-2019b/lib"
-- Set runtime path of "/castles/nr/projects/d/duanj-ai-in-medical-imaging/.share/download/t1/pytorch/torch/bin/test_tensorexpr" to "$ORIGIN:/rds/bear-apps/2019b/EL7-power9/software/cuDNN/7.6.4.38-gcccuda-2019b/lib"
-- Set runtime path of "/castles/nr/projects/d/duanj-ai-in-medical-imaging/.share/download/t1/pytorch/torch/bin/test_cpp_rpc" to "$ORIGIN:/rds/bear-apps/2019b/EL7-power9/software/cuDNN/7.6.4.38-gcccuda-2019b/lib"
-- Set runtime path of "/castles/nr/projects/d/duanj-ai-in-medical-imaging/.share/download/t1/pytorch/torch/bin/test_api" to "$ORIGIN:/rds/bear-apps/2019b/EL7-power9/software/cuDNN/7.6.4.38-gcccuda-2019b/lib"
-- Set runtime path of "/castles/nr/projects/d/duanj-ai-in-medical-imaging/.share/download/t1/pytorch/torch/bin/test_dist_autograd" to "$ORIGIN:/rds/bear-apps/2019b/EL7-power9/software/cuDNN/7.6.4.38-gcccuda-2019b/lib"
-- Set runtime path of "/castles/nr/projects/d/duanj-ai-in-medical-imaging/.share/download/t1/pytorch/torch/lib/libtorch_python.so" to "$ORIGIN:/rds/bear-apps/2019b/EL7-power9/software/cuDNN/7.6.4.38-gcccuda-2019b/lib"
-- Set runtime path of "/castles/nr/projects/d/duanj-ai-in-medical-imaging/.share/download/t1/pytorch/torch/lib/libshm.so" to "$ORIGIN:/rds/bear-apps/2019b/EL7-power9/software/cuDNN/7.6.4.38-gcccuda-2019b/lib"
-- Set runtime path of "/castles/nr/projects/d/duanj-ai-in-medical-imaging/.share/download/t1/pytorch/torch/bin/torch_shm_manager" to "$ORIGIN/../lib:/rds/bear-apps/2019b/EL7-power9/software/cuDNN/7.6.4.38-gcccuda-2019b/lib"
-- Set runtime path of "/castles/nr/projects/d/duanj-ai-in-medical-imaging/.share/download/t1/pytorch/torch/lib/libcaffe2_detectron_ops_gpu.so" to "$ORIGIN:/rds/bear-apps/2019b/EL7-power9/software/cuDNN/7.6.4.38-gcccuda-2019b/lib"
running install
running build
running build_py
copying torch/version.py -> build/lib.linux-ppc64le-3.7/torch
copying caffe2/proto/metanet_pb2.py -> build/lib.linux-ppc64le-3.7/caffe2/proto
copying caffe2/proto/torch_pb2.py -> build/lib.linux-ppc64le-3.7/caffe2/proto
copying caffe2/proto/predictor_consts_pb2.py -> build/lib.linux-ppc64le-3.7/caffe2/proto
copying caffe2/proto/caffe2_pb2.py -> build/lib.linux-ppc64le-3.7/caffe2/proto
copying caffe2/proto/caffe2_legacy_pb2.py -> build/lib.linux-ppc64le-3.7/caffe2/proto
copying caffe2/proto/hsm_pb2.py -> build/lib.linux-ppc64le-3.7/caffe2/proto
copying caffe2/proto/prof_dag_pb2.py -> build/lib.linux-ppc64le-3.7/caffe2/proto
copying torch/bin/test_tensorexpr -> build/lib.linux-ppc64le-3.7/torch/bin
copying torch/bin/torch_shm_manager -> build/lib.linux-ppc64le-3.7/torch/bin
copying torch/bin/test_cpp_rpc -> build/lib.linux-ppc64le-3.7/torch/bin
copying torch/bin/test_dist_autograd -> build/lib.linux-ppc64le-3.7/torch/bin
copying torch/bin/test_api -> build/lib.linux-ppc64le-3.7/torch/bin
copying torch/bin/test_jit -> build/lib.linux-ppc64le-3.7/torch/bin
copying torch/test/cuda_packedtensoraccessor_test -> build/lib.linux-ppc64le-3.7/torch/test
copying torch/test/cuda_vectorized_test -> build/lib.linux-ppc64le-3.7/torch/test
copying torch/test/cuda_optional_test -> build/lib.linux-ppc64le-3.7/torch/test
copying torch/test/cuda_integer_divider_test -> build/lib.linux-ppc64le-3.7/torch/test
copying torch/test/cuda_distributions_test -> build/lib.linux-ppc64le-3.7/torch/test
copying torch/test/cuda_complex_math_test -> build/lib.linux-ppc64le-3.7/torch/test
copying torch/test/cuda_generator_test -> build/lib.linux-ppc64le-3.7/torch/test
copying torch/test/cuda_half_test -> build/lib.linux-ppc64le-3.7/torch/test
copying torch/test/cuda_complex_test -> build/lib.linux-ppc64le-3.7/torch/test
copying torch/lib/libtorch_cuda.so -> build/lib.linux-ppc64le-3.7/torch/lib
copying torch/lib/libcaffe2_detectron_ops_gpu.so -> build/lib.linux-ppc64le-3.7/torch/lib
copying torch/lib/libtorch.so -> build/lib.linux-ppc64le-3.7/torch/lib
copying torch/lib/libtorch_python.so -> build/lib.linux-ppc64le-3.7/torch/lib
copying torch/lib/libshm.so -> build/lib.linux-ppc64le-3.7/torch/lib
copying torch/share/cmake/Caffe2/Caffe2Targets-release.cmake -> build/lib.linux-ppc64le-3.7/torch/share/cmake/Caffe2
copying torch/share/cmake/Gloo/GlooTargets-release.cmake -> build/lib.linux-ppc64le-3.7/torch/share/cmake/Gloo
running build_ext
-- Building with NumPy bindings
-- Detected cuDNN at /rds/bear-apps/2019b/EL7-power9/software/cuDNN/7.6.4.38-gcccuda-2019b/lib, /rds/bear-apps/2019b/EL7-power9/software/cuDNN/7.6.4.38-gcccuda-2019b/include
-- Detected CUDA at /rds/bear-apps/2019b/EL7-power9/software/CUDA/10.1.243-GCC-8.3.0
-- Not using MKLDNN
-- Building NCCL library
-- Building with distributed package

Copying extension caffe2.python.caffe2_pybind11_state
Copying caffe2.python.caffe2_pybind11_state from torch/lib/python3.7/site-packages/caffe2/python/caffe2_pybind11_state.cpython-37m-powerpc64le-linux-gnu.so to /castles/nr/projects/d/duanj-ai-in-medical-imaging/.share/download/t1/pytorch/build/lib.linux-ppc64le-3.7/caffe2/python/caffe2_pybind11_state.cpython-37m-powerpc64le-linux-gnu.so

Copying extension caffe2.python.caffe2_pybind11_state_gpu
Copying caffe2.python.caffe2_pybind11_state_gpu from torch/lib/python3.7/site-packages/caffe2/python/caffe2_pybind11_state_gpu.cpython-37m-powerpc64le-linux-gnu.so to /castles/nr/projects/d/duanj-ai-in-medical-imaging/.share/download/t1/pytorch/build/lib.linux-ppc64le-3.7/caffe2/python/caffe2_pybind11_state_gpu.cpython-37m-powerpc64le-linux-gnu.so
running install_lib
creating /castles/nr/projects/d/duanj-ai-in-medical-imaging/.share/conda-env/ml/lib/python3.7/site-packages/torch
creating /castles/nr/projects/d/duanj-ai-in-medical-imaging/.share/conda-env/ml/lib/python3.7/site-packages/torch/include
creating /castles/nr/projects/d/duanj-ai-in-medical-imaging/.share/conda-env/ml/lib/python3.7/site-packages/torch/include/torch
copying build/lib.linux-ppc64le-3.7/torch/include/torch/library.h -> /castles/nr/projects/d/duanj-ai-in-medical-imaging/.share/conda-env/ml/lib/python3.7/site-packages/torch/include/torch
copying build/lib.linux-ppc64le-3.7/torch/include/torch/custom_class.h -> /castles/nr/projects/d/duanj-ai-in-medical-imaging/.share/conda-env/ml/lib/python3.7/site-packages/torch/include/torch
copying build/lib.linux-ppc64le-3.7/torch/include/torch/extension.h -> /castles/nr/projects/d/duanj-ai-in-medical-imaging/.share/conda-env/ml/lib/python3.7/site-packages/torch/include/torch
copying build/lib.linux-ppc64le-3.7/torch/include/torch/script.h -> /castles/nr/projects/d/duanj-ai-in-medical-imaging/.share/conda-env/ml/lib/python3.7/site-packages/torch/include/torch
creating /castles/nr/projects/d/duanj-ai-in-medical-imaging/.share/conda-env/ml/lib/python3.7/site-packages/torch/include/torch/csrc
copying build/lib.linux-ppc64le-3.7/torch/include/torch/csrc/Dtype.h -> /castles/nr/projects/d/duanj-ai-in-medical-imaging/.share/conda-env/ml/lib/python3.7/site-packages/torch/include/torch/csrc
creating /castles/nr/projects/d/duanj-ai-in-medical-imaging/.share/conda-env/ml/lib/python3.7/site-packages/torch/include/torch/csrc/cuda
copying build/lib.linux-ppc64le-3.7/torch/include/torch/csrc/cuda/restore_macros.h -> /castles/nr/projects/d/duanj-ai-in-medical-imaging/.share/conda-env/ml/lib/python3.7/site-packages/torch/include/torch/csrc/cuda
copying build/lib.linux-ppc64le-3.7/torch/include/torch/csrc/cuda/device_set.h -> /castles/nr/projects/d/duanj-ai-in-medical-imaging/.share/conda-env/ml/lib/python3.7/site-packages/torch/include/torch/csrc/cuda
copying build/lib.linux-ppc64le-3.7/torch/include/torch/csrc/cuda/Storage.h -> /castles/nr/projects/d/duanj-ai-in-medical-imaging/.share/conda-env/ml/lib/python3.7/site-packages/torch/include/torch/csrc/cuda
copying build/lib.linux-ppc64le-3.7/torch/include/torch/csrc/cuda/comm.h -> /castles/nr/projects/d/duanj-ai-in-medical-imaging/.share/conda-env/ml/lib/python3.7/site-packages/torch/include/torch/csrc/cuda
copying build/lib.linux-ppc64le-3.7/torch/include/torch/csrc/cuda/python_comm.h -> /castles/nr/projects/d/duanj-ai-in-medical-imaging/.share/conda-env/ml/lib/python3.7/site-packages/torch/include/torch/csrc/cuda
copying build/lib.linux-ppc64le-3.7/torch/include/torch/csrc/cuda/python_nccl.h -> /castles/nr/projects/d/duanj-ai-in-medical-imaging/.share/conda-env/ml/lib/python3.7/site-packages/torch/include/torch/csrc/cuda
copying build/lib.linux-ppc64le-3.7/torch/include/torch/csrc/cuda/Event.h -> /castles/nr/projects/d/duanj-ai-in-medical-imaging/.share/conda-env/ml/lib/python3.7/site-packages/torch/include/torch/csrc/cuda
copying build/lib.linux-ppc64le-3.7/torch/include/torch/csrc/cuda/Module.h -> /castles/nr/projects/d/duanj-ai-in-medical-imaging/.share/conda-env/ml/lib/python3.7/site-packages/torch/include/torch/csrc/cuda
copying build/lib.linux-ppc64le-3.7/torch/include/torch/csrc/cuda/serialization.h -> /castles/nr/projects/d/duanj-ai-in-medical-imaging/.share/conda-env/ml/lib/python3.7/site-packages/torch/include/torch/csrc/cuda
copying build/lib.linux-ppc64le-3.7/torch/include/torch/csrc/cuda/override_macros.h -> /castles/nr/projects/d/duanj-ai-in-medical-imaging/.share/conda-env/ml/lib/python3.7/site-packages/torch/include/torch/csrc/cuda
copying build/lib.linux-ppc64le-3.7/torch/include/torch/csrc/cuda/nccl.h -> /castles/nr/projects/d/duanj-ai-in-medical-imaging/.share/conda-env/ml/lib/python3.7/site-packages/torch/include/torch/csrc/cuda
copying build/lib.linux-ppc64le-3.7/torch/include/torch/csrc/cuda/undef_macros.h -> /castles/nr/projects/d/duanj-ai-in-medical-imaging/.share/conda-env/ml/lib/python3.7/site-packages/torch/include/torch/csrc/cuda
copying build/lib.linux-ppc64le-3.7/torch/include/torch/csrc/cuda/THCP.h -> /castles/nr/projects/d/duanj-ai-in-medical-imaging/.share/conda-env/ml/lib/python3.7/site-packages/torch/include/torch/csrc/cuda
copying build/lib.linux-ppc64le-3.7/torch/include/torch/csrc/cuda/Stream.h -> /castles/nr/projects/d/duanj-ai-in-medical-imaging/.share/conda-env/ml/lib/python3.7/site-packages/torch/include/torch/csrc/cuda
copying build/lib.linux-ppc64le-3.7/torch/include/torch/csrc/cuda/utils.h -> /castles/nr/projects/d/duanj-ai-in-medical-imaging/.share/conda-env/ml/lib/python3.7/site-packages/torch/include/torch/csrc/cuda
copying build/lib.linux-ppc64le-3.7/torch/include/torch/csrc/Exceptions.h -> /castles/nr/projects/d/duanj-ai-in-medical-imaging/.share/conda-env/ml/lib/python3.7/site-packages/torch/include/torch/csrc
copying build/lib.linux-ppc64le-3.7/torch/include/torch/csrc/Storage.h -> /castles/nr/projects/d/duanj-ai-in-medical-imaging/.share/conda-env/ml/lib/python3.7/site-packages/torch/include/torch/csrc
copying build/lib.linux-ppc64le-3.7/torch/include/torch/csrc/Generator.h -> /castles/nr/projects/d/duanj-ai-in-medical-imaging/.share/conda-env/ml/lib/python3.7/site-packages/torch/include/torch/csrc
copying build/lib.linux-ppc64le-3.7/torch/include/torch/csrc/QScheme.h -> /castles/nr/projects/d/duanj-ai-in-medical-imaging/.share/conda-env/ml/lib/python3.7/site-packages/torch/include/torch/csrc
copying build/lib.linux-ppc64le-3.7/torch/include/torch/csrc/WindowsTorchApiMacro.h -> /castles/nr/projects/d/duanj-ai-in-medical-imaging/.share/conda-env/ml/lib/python3.7/site-packages/torch/include/torch/csrc
copying build/lib.linux-ppc64le-3.7/torch/include/torch/csrc/Module.h -> /castles/nr/projects/d/duanj-ai-in-medical-imaging/.share/conda-env/ml/lib/python3.7/site-packages/torch/include/torch/csrc
creating /castles/nr/projects/d/duanj-ai-in-medical-imaging/.share/conda-env/ml/lib/python3.7/site-packages/torch/include/torch/csrc/onnx
copying build/lib.linux-ppc64le-3.7/torch/include/torch/csrc/onnx/onnx.h -> /castles/nr/projects/d/duanj-ai-in-medical-imaging/.share/conda-env/ml/lib/python3.7/site-packages/torch/include/torch/csrc/onnx
copying build/lib.linux-ppc64le-3.7/torch/include/torch/csrc/onnx/init.h -> /castles/nr/projects/d/duanj-ai-in-medical-imaging/.share/conda-env/ml/lib/python3.7/site-packages/torch/include/torch/csrc/onnx
copying build/lib.linux-ppc64le-3.7/torch/include/torch/csrc/PtrWrapper.h -> /castles/nr/projects/d/duanj-ai-in-medical-imaging/.share/conda-env/ml/lib/python3.7/site-packages/torch/include/torch/csrc
creating /castles/nr/projects/d/duanj-ai-in-medical-imaging/.share/conda-env/ml/lib/python3.7/site-packages/torch/include/torch/csrc/autograd
copying build/lib.linux-ppc64le-3.7/torch/include/torch/csrc/autograd/custom_function.h -> /castles/nr/projects/d/duanj-ai-in-medical-imaging/.share/conda-env/ml/lib/python3.7/site-packages/torch/include/torch/csrc/autograd
copying build/lib.linux-ppc64le-3.7/torch/include/torch/csrc/autograd/record_function_ops.h -> /castles/nr/projects/d/duanj-ai-in-medical-imaging/.share/conda-env/ml/lib/python3.7/site-packages/torch/include/torch/csrc/autograd
copying build/lib.linux-ppc64le-3.7/torch/include/torch/csrc/autograd/edge.h -> /castles/nr/projects/d/duanj-ai-in-medical-imaging/.share/conda-env/ml/lib/python3.7/site-packages/torch/include/torch/csrc/autograd
copying build/lib.linux-ppc64le-3.7/torch/include/torch/csrc/autograd/function.h -> /castles/nr/projects/d/duanj-ai-in-medical-imaging/.share/conda-env/ml/lib/python3.7/site-packages/torch/include/torch/csrc/autograd
copying build/lib.linux-ppc64le-3.7/torch/include/torch/csrc/autograd/autograd.h -> /castles/nr/projects/d/duanj-ai-in-medical-imaging/.share/conda-env/ml/lib/python3.7/site-packages/torch/include/torch/csrc/autograd
copying build/lib.linux-ppc64le-3.7/torch/include/torch/csrc/autograd/python_cpp_function.h -> /castles/nr/projects/d/duanj-ai-in-medical-imaging/.share/conda-env/ml/lib/python3.7/site-packages/torch/include/torch/csrc/autograd
creating /castles/nr/projects/d/duanj-ai-in-medical-imaging/.share/conda-env/ml/lib/python3.7/site-packages/torch/include/torch/csrc/autograd/utils
copying build/lib.linux-ppc64le-3.7/torch/include/torch/csrc/autograd/utils/wrap_outputs.h -> /castles/nr/projects/d/duanj-ai-in-medical-imaging/.share/conda-env/ml/lib/python3.7/site-packages/torch/include/torch/csrc/autograd/utils
copying build/lib.linux-ppc64le-3.7/torch/include/torch/csrc/autograd/utils/lambda_post_hook.h -> /castles/nr/projects/d/duanj-ai-in-medical-imaging/.share/conda-env/ml/lib/python3.7/site-packages/torch/include/torch/csrc/autograd/utils
copying build/lib.linux-ppc64le-3.7/torch/include/torch/csrc/autograd/utils/grad_layout_contract.h -> /castles/nr/projects/d/duanj-ai-in-medical-imaging/.share/conda-env/ml/lib/python3.7/site-packages/torch/include/torch/csrc/autograd/utils
copying build/lib.linux-ppc64le-3.7/torch/include/torch/csrc/autograd/utils/error_messages.h -> /castles/nr/projects/d/duanj-ai-in-medical-imaging/.share/conda-env/ml/lib/python3.7/site-packages/torch/include/torch/csrc/autograd/utils
copying build/lib.linux-ppc64le-3.7/torch/include/torch/csrc/autograd/utils/python_arg_parsing.h -> /castles/nr/projects/d/duanj-ai-in-medical-imaging/.share/conda-env/ml/lib/python3.7/site-packages/torch/include/torch/csrc/autograd/utils
copying build/lib.linux-ppc64le-3.7/torch/include/torch/csrc/autograd/python_engine.h -> /castles/nr/projects/d/duanj-ai-in-medical-imaging/.share/conda-env/ml/lib/python3.7/site-packages/torch/include/torch/csrc/autograd
copying build/lib.linux-ppc64le-3.7/torch/include/torch/csrc/autograd/saved_variable.h -> /castles/nr/projects/d/duanj-ai-in-medical-imaging/.share/conda-env/ml/lib/python3.7/site-packages/torch/include/torch/csrc/autograd
copying build/lib.linux-ppc64le-3.7/torch/include/torch/csrc/autograd/profiler.h -> /castles/nr/projects/d/duanj-ai-in-medical-imaging/.share/conda-env/ml/lib/python3.7/site-packages/torch/include/torch/csrc/autograd
copying build/lib.linux-ppc64le-3.7/torch/include/torch/csrc/autograd/cpp_hook.h -> /castles/nr/projects/d/duanj-ai-in-medical-imaging/.share/conda-env/ml/lib/python3.7/site-packages/torch/include/torch/csrc/autograd
copying build/lib.linux-ppc64le-3.7/torch/include/torch/csrc/autograd/input_metadata.h -> /castles/nr/projects/d/duanj-ai-in-medical-imaging/.share/conda-env/ml/lib/python3.7/site-packages/torch/include/torch/csrc/autograd
copying build/lib.linux-ppc64le-3.7/torch/include/torch/csrc/autograd/symbolic.h -> /castles/nr/projects/d/duanj-ai-in-medical-imaging/.share/conda-env/ml/lib/python3.7/site-packages/torch/include/torch/csrc/autograd
creating /castles/nr/projects/d/duanj-ai-in-medical-imaging/.share/conda-env/ml/lib/python3.7/site-packages/torch/include/torch/csrc/autograd/generated
copying build/lib.linux-ppc64le-3.7/torch/include/torch/csrc/autograd/generated/python_functions.h -> /castles/nr/projects/d/duanj-ai-in-medical-imaging/.share/conda-env/ml/lib/python3.7/site-packages/torch/include/torch/csrc/autograd/generated
copying build/lib.linux-ppc64le-3.7/torch/include/torch/csrc/autograd/generated/Functions.h -> /castles/nr/projects/d/duanj-ai-in-medical-imaging/.share/conda-env/ml/lib/python3.7/site-packages/torch/include/torch/csrc/autograd/generated
copying build/lib.linux-ppc64le-3.7/torch/include/torch/csrc/autograd/generated/RegistrationDeclarations.h -> /castles/nr/projects/d/duanj-ai-in-medical-imaging/.share/conda-env/ml/lib/python3.7/site-packages/torch/include/torch/csrc/autograd/generated
copying build/lib.linux-ppc64le-3.7/torch/include/torch/csrc/autograd/generated/VariableType.h -> /castles/nr/projects/d/duanj-ai-in-medical-imaging/.share/conda-env/ml/lib/python3.7/site-packages/torch/include/torch/csrc/autograd/generated
copying build/lib.linux-ppc64le-3.7/torch/include/torch/csrc/autograd/generated/variable_factories.h -> /castles/nr/projects/d/duanj-ai-in-medical-imaging/.share/conda-env/ml/lib/python3.7/site-packages/torch/include/torch/csrc/autograd/generated
copying build/lib.linux-ppc64le-3.7/torch/include/torch/csrc/autograd/python_anomaly_mode.h -> /castles/nr/projects/d/duanj-ai-in-medical-imaging/.share/conda-env/ml/lib/python3.7/site-packages/torch/include/torch/csrc/autograd
copying build/lib.linux-ppc64le-3.7/torch/include/torch/csrc/autograd/function_hook.h -> /castles/nr/projects/d/duanj-ai-in-medical-imaging/.share/conda-env/ml/lib/python3.7/site-packages/torch/include/torch/csrc/autograd
creating /castles/nr/projects/d/duanj-ai-in-medical-imaging/.share/conda-env/ml/lib/python3.7/site-packages/torch/include/torch/csrc/autograd/functions
copying build/lib.linux-ppc64le-3.7/torch/include/torch/csrc/autograd/functions/pybind.h -> /castles/nr/projects/d/duanj-ai-in-medical-imaging/.share/conda-env/ml/lib/python3.7/site-packages/torch/include/torch/csrc/autograd/functions
copying build/lib.linux-ppc64le-3.7/torch/include/torch/csrc/autograd/functions/basic_ops.h -> /castles/nr/projects/d/duanj-ai-in-medical-imaging/.share/conda-env/ml/lib/python3.7/site-packages/torch/include/torch/csrc/autograd/functions
copying build/lib.linux-ppc64le-3.7/torch/include/torch/csrc/autograd/functions/comm.h -> /castles/nr/projects/d/duanj-ai-in-medical-imaging/.share/conda-env/ml/lib/python3.7/site-packages/torch/include/torch/csrc/autograd/functions
copying build/lib.linux-ppc64le-3.7/torch/include/torch/csrc/autograd/functions/tensor.h -> /castles/nr/projects/d/duanj-ai-in-medical-imaging/.share/conda-env/ml/lib/python3.7/site-packages/torch/include/torch/csrc/autograd/functions
copying build/lib.linux-ppc64le-3.7/torch/include/torch/csrc/autograd/functions/accumulate_grad.h -> /castles/nr/projects/d/duanj-ai-in-medical-imaging/.share/conda-env/ml/lib/python3.7/site-packages/torch/include/torch/csrc/autograd/functions
copying build/lib.linux-ppc64le-3.7/torch/include/torch/csrc/autograd/functions/utils.h -> /castles/nr/projects/d/duanj-ai-in-medical-imaging/.share/conda-env/ml/lib/python3.7/site-packages/torch/include/torch/csrc/autograd/functions
copying build/lib.linux-ppc64le-3.7/torch/include/torch/csrc/autograd/python_autograd.h -> /castles/nr/projects/d/duanj-ai-in-medical-imaging/.share/conda-env/ml/lib/python3.7/site-packages/torch/include/torch/csrc/autograd
copying build/lib.linux-ppc64le-3.7/torch/include/torch/csrc/autograd/python_variable_indexing.h -> /castles/nr/projects/d/duanj-ai-in-medical-imaging/.share/conda-env/ml/lib/python3.7/site-packages/torch/include/torch/csrc/autograd
copying build/lib.linux-ppc64le-3.7/torch/include/torch/csrc/autograd/input_buffer.h -> /castles/nr/projects/d/duanj-ai-in-medical-imaging/.share/conda-env/ml/lib/python3.7/site-packages/torch/include/torch/csrc/autograd
copying build/lib.linux-ppc64le-3.7/torch/include/torch/csrc/autograd/python_variable.h -> /castles/nr/projects/d/duanj-ai-in-medical-imaging/.share/conda-env/ml/lib/python3.7/site-packages/torch/include/torch/csrc/autograd
copying build/lib.linux-ppc64le-3.7/torch/include/torch/csrc/autograd/grad_mode.h -> /castles/nr/projects/d/duanj-ai-in-medical-imaging/.share/conda-env/ml/lib/python3.7/site-packages/torch/include/torch/csrc/autograd
copying build/lib.linux-ppc64le-3.7/torch/include/torch/csrc/autograd/VariableTypeUtils.h -> /castles/nr/projects/d/duanj-ai-in-medical-imaging/.share/conda-env/ml/lib/python3.7/site-packages/torch/include/torch/csrc/autograd
copying build/lib.linux-ppc64le-3.7/torch/include/torch/csrc/autograd/python_function.h -> /castles/nr/projects/d/duanj-ai-in-medical-imaging/.share/conda-env/ml/lib/python3.7/site-packages/torch/include/torch/csrc/autograd
copying build/lib.linux-ppc64le-3.7/torch/include/torch/csrc/autograd/anomaly_mode.h -> /castles/nr/projects/d/duanj-ai-in-medical-imaging/.share/conda-env/ml/lib/python3.7/site-packages/torch/include/torch/csrc/autograd
copying build/lib.linux-ppc64le-3.7/torch/include/torch/csrc/autograd/python_nn_functions.h -> /castles/nr/projects/d/duanj-ai-in-medical-imaging/.share/conda-env/ml/lib/python3.7/site-packages/torch/include/torch/csrc/autograd
copying build/lib.linux-ppc64le-3.7/torch/include/torch/csrc/autograd/variable.h -> /castles/nr/projects/d/duanj-ai-in-medical-imaging/.share/conda-env/ml/lib/python3.7/site-packages/torch/include/torch/csrc/autograd
copying build/lib.linux-ppc64le-3.7/torch/include/torch/csrc/autograd/python_hook.h -> /castles/nr/projects/d/duanj-ai-in-medical-imaging/.share/conda-env/ml/lib/python3.7/site-packages/torch/include/torch/csrc/autograd
copying build/lib.linux-ppc64le-3.7/torch/include/torch/csrc/autograd/python_legacy_variable.h -> /castles/nr/projects/d/duanj-ai-in-medical-imaging/.share/conda-env/ml/lib/python3.7/site-packages/torch/include/torch/csrc/autograd
copying build/lib.linux-ppc64le-3.7/torch/include/torch/csrc/autograd/engine.h -> /castles/nr/projects/d/duanj-ai-in-medical-imaging/.share/conda-env/ml/lib/python3.7/site-packages/torch/include/torch/csrc/autograd
copying build/lib.linux-ppc64le-3.7/torch/include/torch/csrc/THP.h -> /castles/nr/projects/d/duanj-ai-in-medical-imaging/.share/conda-env/ml/lib/python3.7/site-packages/torch/include/torch/csrc
copying build/lib.linux-ppc64le-3.7/torch/include/torch/csrc/Size.h -> /castles/nr/projects/d/duanj-ai-in-medical-imaging/.share/conda-env/ml/lib/python3.7/site-packages/torch/include/torch/csrc
creating /castles/nr/projects/d/duanj-ai-in-medical-imaging/.share/conda-env/ml/lib/python3.7/site-packages/torch/include/torch/csrc/utils
copying build/lib.linux-ppc64le-3.7/torch/include/torch/csrc/utils/throughput_benchmark.h -> /castles/nr/projects/d/duanj-ai-in-medical-imaging/.share/conda-env/ml/lib/python3.7/site-packages/torch/include/torch/csrc/utils
copying build/lib.linux-ppc64le-3.7/torch/include/torch/csrc/utils/pybind.h -> /castles/nr/projects/d/duanj-ai-in-medical-imaging/.share/conda-env/ml/lib/python3.7/site-packages/torch/include/torch/csrc/utils
copying build/lib.linux-ppc64le-3.7/torch/include/torch/csrc/utils/python_numbers.h -> /castles/nr/projects/d/duanj-ai-in-medical-imaging/.share/conda-env/ml/lib/python3.7/site-packages/torch/include/torch/csrc/utils
copying build/lib.linux-ppc64le-3.7/torch/include/torch/csrc/utils/tensor_types.h -> /castles/nr/projects/d/duanj-ai-in-medical-imaging/.share/conda-env/ml/lib/python3.7/site-packages/torch/include/torch/csrc/utils
copying build/lib.linux-ppc64le-3.7/torch/include/torch/csrc/utils/tensor_flatten.h -> /castles/nr/projects/d/duanj-ai-in-medical-imaging/.share/conda-env/ml/lib/python3.7/site-packages/torch/include/torch/csrc/utils
copying build/lib.linux-ppc64le-3.7/torch/include/torch/csrc/utils/six.h -> /castles/nr/projects/d/duanj-ai-in-medical-imaging/.share/conda-env/ml/lib/python3.7/site-packages/torch/include/torch/csrc/utils
copying build/lib.linux-ppc64le-3.7/torch/include/torch/csrc/utils/memory.h -> /castles/nr/projects/d/duanj-ai-in-medical-imaging/.share/conda-env/ml/lib/python3.7/site-packages/torch/include/torch/csrc/utils
copying build/lib.linux-ppc64le-3.7/torch/include/torch/csrc/utils/cuda_lazy_init.h -> /castles/nr/projects/d/duanj-ai-in-medical-imaging/.share/conda-env/ml/lib/python3.7/site-packages/torch/include/torch/csrc/utils
copying build/lib.linux-ppc64le-3.7/torch/include/torch/csrc/utils/tensor_list.h -> /castles/nr/projects/d/duanj-ai-in-medical-imaging/.share/conda-env/ml/lib/python3.7/site-packages/torch/include/torch/csrc/utils
copying build/lib.linux-ppc64le-3.7/torch/include/torch/csrc/utils/tensor_layouts.h -> /castles/nr/projects/d/duanj-ai-in-medical-imaging/.share/conda-env/ml/lib/python3.7/site-packages/torch/include/torch/csrc/utils
copying build/lib.linux-ppc64le-3.7/torch/include/torch/csrc/utils/cuda_enabled.h -> /castles/nr/projects/d/duanj-ai-in-medical-imaging/.share/conda-env/ml/lib/python3.7/site-packages/torch/include/torch/csrc/utils
copying build/lib.linux-ppc64le-3.7/torch/include/torch/csrc/utils/throughput_benchmark-inl.h -> /castles/nr/projects/d/duanj-ai-in-medical-imaging/.share/conda-env/ml/lib/python3.7/site-packages/torch/include/torch/csrc/utils
copying build/lib.linux-ppc64le-3.7/torch/include/torch/csrc/utils/auto_gil.h -> /castles/nr/projects/d/duanj-ai-in-medical-imaging/.share/conda-env/ml/lib/python3.7/site-packages/torch/include/torch/csrc/utils
copying build/lib.linux-ppc64le-3.7/torch/include/torch/csrc/utils/hash.h -> /castles/nr/projects/d/duanj-ai-in-medical-imaging/.share/conda-env/ml/lib/python3.7/site-packages/torch/include/torch/csrc/utils
copying build/lib.linux-ppc64le-3.7/torch/include/torch/csrc/utils/tensor_apply.h -> /castles/nr/projects/d/duanj-ai-in-medical-imaging/.share/conda-env/ml/lib/python3.7/site-packages/torch/include/torch/csrc/utils
copying build/lib.linux-ppc64le-3.7/torch/include/torch/csrc/utils/invalid_arguments.h -> /castles/nr/projects/d/duanj-ai-in-medical-imaging/.share/conda-env/ml/lib/python3.7/site-packages/torch/include/torch/csrc/utils
copying build/lib.linux-ppc64le-3.7/torch/include/torch/csrc/utils/python_tuples.h -> /castles/nr/projects/d/duanj-ai-in-medical-imaging/.share/conda-env/ml/lib/python3.7/site-packages/torch/include/torch/csrc/utils
copying build/lib.linux-ppc64le-3.7/torch/include/torch/csrc/utils/structseq.h -> /castles/nr/projects/d/duanj-ai-in-medical-imaging/.share/conda-env/ml/lib/python3.7/site-packages/torch/include/torch/csrc/utils
copying build/lib.linux-ppc64le-3.7/torch/include/torch/csrc/utils/python_strings.h -> /castles/nr/projects/d/duanj-ai-in-medical-imaging/.share/conda-env/ml/lib/python3.7/site-packages/torch/include/torch/csrc/utils
copying build/lib.linux-ppc64le-3.7/torch/include/torch/csrc/utils/future.h -> /castles/nr/projects/d/duanj-ai-in-medical-imaging/.share/conda-env/ml/lib/python3.7/site-packages/torch/include/torch/csrc/utils
copying build/lib.linux-ppc64le-3.7/torch/include/torch/csrc/utils/byte_order.h -> /castles/nr/projects/d/duanj-ai-in-medical-imaging/.share/conda-env/ml/lib/python3.7/site-packages/torch/include/torch/csrc/utils
copying build/lib.linux-ppc64le-3.7/torch/include/torch/csrc/utils/numpy_stub.h -> /castles/nr/projects/d/duanj-ai-in-medical-imaging/.share/conda-env/ml/lib/python3.7/site-packages/torch/include/torch/csrc/utils
copying build/lib.linux-ppc64le-3.7/torch/include/torch/csrc/utils/init.h -> /castles/nr/projects/d/duanj-ai-in-medical-imaging/.share/conda-env/ml/lib/python3.7/site-packages/torch/include/torch/csrc/utils
copying build/lib.linux-ppc64le-3.7/torch/include/torch/csrc/utils/disallow_copy.h -> /castles/nr/projects/d/duanj-ai-in-medical-imaging/.share/conda-env/ml/lib/python3.7/site-packages/torch/include/torch/csrc/utils
copying build/lib.linux-ppc64le-3.7/torch/include/torch/csrc/utils/tensor_numpy.h -> /castles/nr/projects/d/duanj-ai-in-medical-imaging/.share/conda-env/ml/lib/python3.7/site-packages/torch/include/torch/csrc/utils
copying build/lib.linux-ppc64le-3.7/torch/include/torch/csrc/utils/variadic.h -> /castles/nr/projects/d/duanj-ai-in-medical-imaging/.share/conda-env/ml/lib/python3.7/site-packages/torch/include/torch/csrc/utils
copying build/lib.linux-ppc64le-3.7/torch/include/torch/csrc/utils/python_arg_parser.h -> /castles/nr/projects/d/duanj-ai-in-medical-imaging/.share/conda-env/ml/lib/python3.7/site-packages/torch/include/torch/csrc/utils
copying build/lib.linux-ppc64le-3.7/torch/include/torch/csrc/utils/tensor_dtypes.h -> /castles/nr/projects/d/duanj-ai-in-medical-imaging/.share/conda-env/ml/lib/python3.7/site-packages/torch/include/torch/csrc/utils
copying build/lib.linux-ppc64le-3.7/torch/include/torch/csrc/utils/python_dispatch.h -> /castles/nr/projects/d/duanj-ai-in-medical-imaging/.share/conda-env/ml/lib/python3.7/site-packages/torch/include/torch/csrc/utils
copying build/lib.linux-ppc64le-3.7/torch/include/torch/csrc/utils/python_stub.h -> /castles/nr/projects/d/duanj-ai-in-medical-imaging/.share/conda-env/ml/lib/python3.7/site-packages/torch/include/torch/csrc/utils
copying build/lib.linux-ppc64le-3.7/torch/include/torch/csrc/utils/tensor_qschemes.h -> /castles/nr/projects/d/duanj-ai-in-medical-imaging/.share/conda-env/ml/lib/python3.7/site-packages/torch/include/torch/csrc/utils
copying build/lib.linux-ppc64le-3.7/torch/include/torch/csrc/utils/tensor_memoryformats.h -> /castles/nr/projects/d/duanj-ai-in-medical-imaging/.share/conda-env/ml/lib/python3.7/site-packages/torch/include/torch/csrc/utils
copying build/lib.linux-ppc64le-3.7/torch/include/torch/csrc/utils/object_ptr.h -> /castles/nr/projects/d/duanj-ai-in-medical-imaging/.share/conda-env/ml/lib/python3.7/site-packages/torch/include/torch/csrc/utils
copying build/lib.linux-ppc64le-3.7/torch/include/torch/csrc/utils/tensor_new.h -> /castles/nr/projects/d/duanj-ai-in-medical-imaging/.share/conda-env/ml/lib/python3.7/site-packages/torch/include/torch/csrc/utils
copying build/lib.linux-ppc64le-3.7/torch/include/torch/csrc/utils/python_scalars.h -> /castles/nr/projects/d/duanj-ai-in-medical-imaging/.share/conda-env/ml/lib/python3.7/site-packages/torch/include/torch/csrc/utils
copying build/lib.linux-ppc64le-3.7/torch/include/torch/csrc/utils/python_compat.h -> /castles/nr/projects/d/duanj-ai-in-medical-imaging/.share/conda-env/ml/lib/python3.7/site-packages/torch/include/torch/csrc/utils
copying build/lib.linux-ppc64le-3.7/torch/include/torch/csrc/THP_export.h -> /castles/nr/projects/d/duanj-ai-in-medical-imaging/.share/conda-env/ml/lib/python3.7/site-packages/torch/include/torch/csrc
creating /castles/nr/projects/d/duanj-ai-in-medical-imaging/.share/conda-env/ml/lib/python3.7/site-packages/torch/include/torch/csrc/jit
creating /castles/nr/projects/d/duanj-ai-in-medical-imaging/.share/conda-env/ml/lib/python3.7/site-packages/torch/include/torch/csrc/jit/passes
copying build/lib.linux-ppc64le-3.7/torch/include/torch/csrc/jit/passes/freeze_module.h -> /castles/nr/projects/d/duanj-ai-in-medical-imaging/.share/conda-env/ml/lib/python3.7/site-packages/torch/include/torch/csrc/jit/passes
copying build/lib.linux-ppc64le-3.7/torch/include/torch/csrc/jit/passes/shape_analysis.h -> /castles/nr/projects/d/duanj-ai-in-medical-imaging/.share/conda-env/ml/lib/python3.7/site-packages/torch/include/torch/csrc/jit/passes
copying build/lib.linux-ppc64le-3.7/torch/include/torch/csrc/jit/passes/loop_unrolling.h -> /castles/nr/projects/d/duanj-ai-in-medical-imaging/.share/conda-env/ml/lib/python3.7/site-packages/torch/include/torch/csrc/jit/passes
copying build/lib.linux-ppc64le-3.7/torch/include/torch/csrc/jit/passes/create_functional_graphs.h -> /castles/nr/projects/d/duanj-ai-in-medical-imaging/.share/conda-env/ml/lib/python3.7/site-packages/torch/include/torch/csrc/jit/passes
copying build/lib.linux-ppc64le-3.7/torch/include/torch/csrc/jit/passes/decompose_ops.h -> /castles/nr/projects/d/duanj-ai-in-medical-imaging/.share/conda-env/ml/lib/python3.7/site-packages/torch/include/torch/csrc/jit/passes
copying build/lib.linux-ppc64le-3.7/torch/include/torch/csrc/jit/passes/requires_grad_analysis.h -> /castles/nr/projects/d/duanj-ai-in-medical-imaging/.share/conda-env/ml/lib/python3.7/site-packages/torch/include/torch/csrc/jit/passes
copying build/lib.linux-ppc64le-3.7/torch/include/torch/csrc/jit/passes/remove_expands.h -> /castles/nr/projects/d/duanj-ai-in-medical-imaging/.share/conda-env/ml/lib/python3.7/site-packages/torch/include/torch/csrc/jit/passes
copying build/lib.linux-ppc64le-3.7/torch/include/torch/csrc/jit/passes/onnx.h -> /castles/nr/projects/d/duanj-ai-in-medical-imaging/.share/conda-env/ml/lib/python3.7/site-packages/torch/include/torch/csrc/jit/passes
copying build/lib.linux-ppc64le-3.7/torch/include/torch/csrc/jit/passes/normalize_ops.h -> /castles/nr/projects/d/duanj-ai-in-medical-imaging/.share/conda-env/ml/lib/python3.7/site-packages/torch/include/torch/csrc/jit/passes
copying build/lib.linux-ppc64le-3.7/torch/include/torch/csrc/jit/passes/constant_pooling.h -> /castles/nr/projects/d/duanj-ai-in-medical-imaging/.share/conda-env/ml/lib/python3.7/site-packages/torch/include/torch/csrc/jit/passes
copying build/lib.linux-ppc64le-3.7/torch/include/torch/csrc/jit/passes/clear_profiling.h -> /castles/nr/projects/d/duanj-ai-in-medical-imaging/.share/conda-env/ml/lib/python3.7/site-packages/torch/include/torch/csrc/jit/passes
copying build/lib.linux-ppc64le-3.7/torch/include/torch/csrc/jit/passes/vulkan_rewrite.h -> /castles/nr/projects/d/duanj-ai-in-medical-imaging/.share/conda-env/ml/lib/python3.7/site-packages/torch/include/torch/csrc/jit/passes
copying build/lib.linux-ppc64le-3.7/torch/include/torch/csrc/jit/passes/fold_conv_bn.h -> /castles/nr/projects/d/duanj-ai-in-medical-imaging/.share/conda-env/ml/lib/python3.7/site-packages/torch/include/torch/csrc/jit/passes
copying build/lib.linux-ppc64le-3.7/torch/include/torch/csrc/jit/passes/remove_mutation.h -> /castles/nr/projects/d/duanj-ai-in-medical-imaging/.share/conda-env/ml/lib/python3.7/site-packages/torch/include/torch/csrc/jit/passes
copying build/lib.linux-ppc64le-3.7/torch/include/torch/csrc/jit/passes/inplace_check.h -> /castles/nr/projects/d/duanj-ai-in-medical-imaging/.share/conda-env/ml/lib/python3.7/site-packages/torch/include/torch/csrc/jit/passes
copying build/lib.linux-ppc64le-3.7/torch/include/torch/csrc/jit/passes/erase_number_types.h -> /castles/nr/projects/d/duanj-ai-in-medical-imaging/.share/conda-env/ml/lib/python3.7/site-packages/torch/include/torch/csrc/jit/passes
copying build/lib.linux-ppc64le-3.7/torch/include/torch/csrc/jit/passes/canonicalize_graph_fuser_ops.h -> /castles/nr/projects/d/duanj-ai-in-medical-imaging/.share/conda-env/ml/lib/python3.7/site-packages/torch/include/torch/csrc/jit/passes
copying build/lib.linux-ppc64le-3.7/torch/include/torch/csrc/jit/passes/canonicalize.h -> /castles/nr/projects/d/duanj-ai-in-medical-imaging/.share/conda-env/ml/lib/python3.7/site-packages/torch/include/torch/csrc/jit/passes
copying build/lib.linux-ppc64le-3.7/torch/include/torch/csrc/jit/passes/peephole_list_idioms.h -> /castles/nr/projects/d/duanj-ai-in-medical-imaging/.share/conda-env/ml/lib/python3.7/site-packages/torch/include/torch/csrc/jit/passes
creating /castles/nr/projects/d/duanj-ai-in-medical-imaging/.share/conda-env/ml/lib/python3.7/site-packages/torch/include/torch/csrc/jit/passes/quantization
copying build/lib.linux-ppc64le-3.7/torch/include/torch/csrc/jit/passes/quantization/insert_observers.h -> /castles/nr/projects/d/duanj-ai-in-medical-imaging/.share/conda-env/ml/lib/python3.7/site-packages/torch/include/torch/csrc/jit/passes/quantization
copying build/lib.linux-ppc64le-3.7/torch/include/torch/csrc/jit/passes/quantization/finalize.h -> /castles/nr/projects/d/duanj-ai-in-medical-imaging/.share/conda-env/ml/lib/python3.7/site-packages/torch/include/torch/csrc/jit/passes/quantization
copying build/lib.linux-ppc64le-3.7/torch/include/torch/csrc/jit/passes/quantization/dedup_module_uses.h -> /castles/nr/projects/d/duanj-ai-in-medical-imaging/.share/conda-env/ml/lib/python3.7/site-packages/torch/include/torch/csrc/jit/passes/quantization
copying build/lib.linux-ppc64le-3.7/torch/include/torch/csrc/jit/passes/quantization/quantization_patterns.h -> /castles/nr/projects/d/duanj-ai-in-medical-imaging/.share/conda-env/ml/lib/python3.7/site-packages/torch/include/torch/csrc/jit/passes/quantization
copying build/lib.linux-ppc64le-3.7/torch/include/torch/csrc/jit/passes/quantization/helper.h -> /castles/nr/projects/d/duanj-ai-in-medical-imaging/.share/conda-env/ml/lib/python3.7/site-packages/torch/include/torch/csrc/jit/passes/quantization
copying build/lib.linux-ppc64le-3.7/torch/include/torch/csrc/jit/passes/quantization/quantization_type.h -> /castles/nr/projects/d/duanj-ai-in-medical-imaging/.share/conda-env/ml/lib/python3.7/site-packages/torch/include/torch/csrc/jit/passes/quantization
copying build/lib.linux-ppc64le-3.7/torch/include/torch/csrc/jit/passes/quantization/fusion_passes.h -> /castles/nr/projects/d/duanj-ai-in-medical-imaging/.share/conda-env/ml/lib/python3.7/site-packages/torch/include/torch/csrc/jit/passes/quantization
copying build/lib.linux-ppc64le-3.7/torch/include/torch/csrc/jit/passes/quantization/insert_quant_dequant.h -> /castles/nr/projects/d/duanj-ai-in-medical-imaging/.share/conda-env/ml/lib/python3.7/site-packages/torch/include/torch/csrc/jit/passes/quantization
copying build/lib.linux-ppc64le-3.7/torch/include/torch/csrc/jit/passes/lower_graph.h -> /castles/nr/projects/d/duanj-ai-in-medical-imaging/.share/conda-env/ml/lib/python3.7/site-packages/torch/include/torch/csrc/jit/passes
creating /castles/nr/projects/d/duanj-ai-in-medical-imaging/.share/conda-env/ml/lib/python3.7/site-packages/torch/include/torch/csrc/jit/passes/utils
copying build/lib.linux-ppc64le-3.7/torch/include/torch/csrc/jit/passes/utils/check_alias_annotation.h -> /castles/nr/projects/d/duanj-ai-in-medical-imaging/.share/conda-env/ml/lib/python3.7/site-packages/torch/include/torch/csrc/jit/passes/utils
copying build/lib.linux-ppc64le-3.7/torch/include/torch/csrc/jit/passes/utils/memory_dag.h -> /castles/nr/projects/d/duanj-ai-in-medical-imaging/.share/conda-env/ml/lib/python3.7/site-packages/torch/include/torch/csrc/jit/passes/utils
copying build/lib.linux-ppc64le-3.7/torch/include/torch/csrc/jit/passes/utils/subgraph_utils.h -> /castles/nr/projects/d/duanj-ai-in-medical-imaging/.share/conda-env/ml/lib/python3.7/site-packages/torch/include/torch/csrc/jit/passes/utils
copying build/lib.linux-ppc64le-3.7/torch/include/torch/csrc/jit/passes/fuse_linear.h -> /castles/nr/projects/d/duanj-ai-in-medical-imaging/.share/conda-env/ml/lib/python3.7/site-packages/torch/include/torch/csrc/jit/passes
copying build/lib.linux-ppc64le-3.7/torch/include/torch/csrc/jit/passes/inliner.h -> /castles/nr/projects/d/duanj-ai-in-medical-imaging/.share/conda-env/ml/lib/python3.7/site-packages/torch/include/torch/csrc/jit/passes
copying build/lib.linux-ppc64le-3.7/torch/include/torch/csrc/jit/passes/lower_grad_of.h -> /castles/nr/projects/d/duanj-ai-in-medical-imaging/.share/conda-env/ml/lib/python3.7/site-packages/torch/include/torch/csrc/jit/passes
copying build/lib.linux-ppc64le-3.7/torch/include/torch/csrc/jit/passes/create_autodiff_subgraphs.h -> /castles/nr/projects/d/duanj-ai-in-medical-imaging/.share/conda-env/ml/lib/python3.7/site-packages/torch/include/torch/csrc/jit/passes
copying build/lib.linux-ppc64le-3.7/torch/include/torch/csrc/jit/passes/dead_code_elimination.h -> /castles/nr/projects/d/duanj-ai-in-medical-imaging/.share/conda-env/ml/lib/python3.7/site-packages/torch/include/torch/csrc/jit/passes
copying build/lib.linux-ppc64le-3.7/torch/include/torch/csrc/jit/passes/peephole.h -> /castles/nr/projects/d/duanj-ai-in-medical-imaging/.share/conda-env/ml/lib/python3.7/site-packages/torch/include/torch/csrc/jit/passes
copying build/lib.linux-ppc64le-3.7/torch/include/torch/csrc/jit/passes/fixup_trace_scope_blocks.h -> /castles/nr/projects/d/duanj-ai-in-medical-imaging/.share/conda-env/ml/lib/python3.7/site-packages/torch/include/torch/csrc/jit/passes
copying build/lib.linux-ppc64le-3.7/torch/include/torch/csrc/jit/passes/cuda_graph_fuser.h -> /castles/nr/projects/d/duanj-ai-in-medical-imaging/.share/conda-env/ml/lib/python3.7/site-packages/torch/include/torch/csrc/jit/passes
copying build/lib.linux-ppc64le-3.7/torch/include/torch/csrc/jit/passes/graph_fuser.h -> /castles/nr/projects/d/duanj-ai-in-medical-imaging/.share/conda-env/ml/lib/python3.7/site-packages/torch/include/torch/csrc/jit/passes
copying build/lib.linux-ppc64le-3.7/torch/include/torch/csrc/jit/passes/specialize_autogradzero.h -> /castles/nr/projects/d/duanj-ai-in-medical-imaging/.share/conda-env/ml/lib/python3.7/site-packages/torch/include/torch/csrc/jit/passes
copying build/lib.linux-ppc64le-3.7/torch/include/torch/csrc/jit/passes/lift_closures.h -> /castles/nr/projects/d/duanj-ai-in-medical-imaging/.share/conda-env/ml/lib/python3.7/site-packages/torch/include/torch/csrc/jit/passes
copying build/lib.linux-ppc64le-3.7/torch/include/torch/csrc/jit/passes/tensorexpr_fuser.h -> /castles/nr/projects/d/duanj-ai-in-medical-imaging/.share/conda-env/ml/lib/python3.7/site-packages/torch/include/torch/csrc/jit/passes
copying build/lib.linux-ppc64le-3.7/torch/include/torch/csrc/jit/passes/batch_mm.h -> /castles/nr/projects/d/duanj-ai-in-medical-imaging/.share/conda-env/ml/lib/python3.7/site-packages/torch/include/torch/csrc/jit/passes
copying build/lib.linux-ppc64le-3.7/torch/include/torch/csrc/jit/passes/insert_guards.h -> /castles/nr/projects/d/duanj-ai-in-medical-imaging/.share/conda-env/ml/lib/python3.7/site-packages/torch/include/torch/csrc/jit/passes
copying build/lib.linux-ppc64le-3.7/torch/include/torch/csrc/jit/passes/bailout_graph.h -> /castles/nr/projects/d/duanj-ai-in-medical-imaging/.share/conda-env/ml/lib/python3.7/site-packages/torch/include/torch/csrc/jit/passes
copying build/lib.linux-ppc64le-3.7/torch/include/torch/csrc/jit/passes/clear_undefinedness.h -> /castles/nr/projects/d/duanj-ai-in-medical-imaging/.share/conda-env/ml/lib/python3.7/site-packages/torch/include/torch/csrc/jit/passes
copying build/lib.linux-ppc64le-3.7/torch/include/torch/csrc/jit/passes/pass_manager.h -> /castles/nr/projects/d/duanj-ai-in-medical-imaging/.share/conda-env/ml/lib/python3.7/site-packages/torch/include/torch/csrc/jit/passes
copying build/lib.linux-ppc64le-3.7/torch/include/torch/csrc/jit/passes/lower_tuples.h -> /castles/nr/projects/d/duanj-ai-in-medical-imaging/.share/conda-env/ml/lib/python3.7/site-packages/torch/include/torch/csrc/jit/passes
copying build/lib.linux-ppc64le-3.7/torch/include/torch/csrc/jit/passes/common_subexpression_elimination.h -> /castles/nr/projects/d/duanj-ai-in-medical-imaging/.share/conda-env/ml/lib/python3.7/site-packages/torch/include/torch/csrc/jit/passes
copying build/lib.linux-ppc64le-3.7/torch/include/torch/csrc/jit/passes/liveness.h -> /castles/nr/projects/d/duanj-ai-in-medical-imaging/.share/conda-env/ml/lib/python3.7/site-packages/torch/include/torch/csrc/jit/passes
copying build/lib.linux-ppc64le-3.7/torch/include/torch/csrc/jit/passes/constant_propagation.h -> /castles/nr/projects/d/duanj-ai-in-medical-imaging/.share/conda-env/ml/lib/python3.7/site-packages/torch/include/torch/csrc/jit/passes
copying build/lib.linux-ppc64le-3.7/torch/include/torch/csrc/jit/passes/inline_autodiff_subgraphs.h -> /castles/nr/projects/d/duanj-ai-in-medical-imaging/.share/conda-env/ml/lib/python3.7/site-packages/torch/include/torch/csrc/jit/passes
copying build/lib.linux-ppc64le-3.7/torch/include/torch/csrc/jit/passes/remove_inplace_ops.h -> /castles/nr/projects/d/duanj-ai-in-medical-imaging/.share/conda-env/ml/lib/python3.7/site-packages/torch/include/torch/csrc/jit/passes
copying build/lib.linux-ppc64le-3.7/torch/include/torch/csrc/jit/passes/inline_fork_wait.h -> /castles/nr/projects/d/duanj-ai-in-medical-imaging/.share/conda-env/ml/lib/python3.7/site-packages/torch/include/torch/csrc/jit/passes
copying build/lib.linux-ppc64le-3.7/torch/include/torch/csrc/jit/passes/graph_rewrite_helper.h -> /castles/nr/projects/d/duanj-ai-in-medical-imaging/.share/conda-env/ml/lib/python3.7/site-packages/torch/include/torch/csrc/jit/passes
copying build/lib.linux-ppc64le-3.7/torch/include/torch/csrc/jit/passes/inline_forked_closures.h -> /castles/nr/projects/d/duanj-ai-in-medical-imaging/.share/conda-env/ml/lib/python3.7/site-packages/torch/include/torch/csrc/jit/passes
copying build/lib.linux-ppc64le-3.7/torch/include/torch/csrc/jit/passes/fuse_relu.h -> /castles/nr/projects/d/duanj-ai-in-medical-imaging/.share/conda-env/ml/lib/python3.7/site-packages/torch/include/torch/csrc/jit/passes
copying build/lib.linux-ppc64le-3.7/torch/include/torch/csrc/jit/passes/remove_dropout.h -> /castles/nr/projects/d/duanj-ai-in-medical-imaging/.share/conda-env/ml/lib/python3.7/site-packages/torch/include/torch/csrc/jit/passes
copying build/lib.linux-ppc64le-3.7/torch/include/torch/csrc/jit/passes/subgraph_rewrite.h -> /castles/nr/projects/d/duanj-ai-in-medical-imaging/.share/conda-env/ml/lib/python3.7/site-packages/torch/include/torch/csrc/jit/passes
copying build/lib.linux-ppc64le-3.7/torch/include/torch/csrc/jit/passes/guard_elimination.h -> /castles/nr/projects/d/duanj-ai-in-medical-imaging/.share/conda-env/ml/lib/python3.7/site-packages/torch/include/torch/csrc/jit/passes
copying build/lib.linux-ppc64le-3.7/torch/include/torch/csrc/jit/passes/xnnpack_rewrite.h -> /castles/nr/projects/d/duanj-ai-in-medical-imaging/.share/conda-env/ml/lib/python3.7/site-packages/torch/include/torch/csrc/jit/passes
copying build/lib.linux-ppc64le-3.7/torch/include/torch/csrc/jit/passes/prepack_folding.h -> /castles/nr/projects/d/duanj-ai-in-medical-imaging/.share/conda-env/ml/lib/python3.7/site-packages/torch/include/torch/csrc/jit/passes
copying build/lib.linux-ppc64le-3.7/torch/include/torch/csrc/jit/jit_log.h -> /castles/nr/projects/d/duanj-ai-in-medical-imaging/.share/conda-env/ml/lib/python3.7/site-packages/torch/include/torch/csrc/jit
creating /castles/nr/projects/d/duanj-ai-in-medical-imaging/.share/conda-env/ml/lib/python3.7/site-packages/torch/include/torch/csrc/jit/python
copying build/lib.linux-ppc64le-3.7/torch/include/torch/csrc/jit/python/pybind.h -> /castles/nr/projects/d/duanj-ai-in-medical-imaging/.share/conda-env/ml/lib/python3.7/site-packages/torch/include/torch/csrc/jit/python
copying build/lib.linux-ppc64le-3.7/torch/include/torch/csrc/jit/python/update_graph_executor_opt.h -> /castles/nr/projects/d/duanj-ai-in-medical-imaging/.share/conda-env/ml/lib/python3.7/site-packages/torch/include/torch/csrc/jit/python
copying build/lib.linux-ppc64le-3.7/torch/include/torch/csrc/jit/python/python_sugared_value.h -> /castles/nr/projects/d/duanj-ai-in-medical-imaging/.share/conda-env/ml/lib/python3.7/site-packages/torch/include/torch/csrc/jit/python
copying build/lib.linux-ppc64le-3.7/torch/include/torch/csrc/jit/python/python_tree_views.h -> /castles/nr/projects/d/duanj-ai-in-medical-imaging/.share/conda-env/ml/lib/python3.7/site-packages/torch/include/torch/csrc/jit/python
copying build/lib.linux-ppc64le-3.7/torch/include/torch/csrc/jit/python/script_init.h -> /castles/nr/projects/d/duanj-ai-in-medical-imaging/.share/conda-env/ml/lib/python3.7/site-packages/torch/include/torch/csrc/jit/python
copying build/lib.linux-ppc64le-3.7/torch/include/torch/csrc/jit/python/python_tracer.h -> /castles/nr/projects/d/duanj-ai-in-medical-imaging/.share/conda-env/ml/lib/python3.7/site-packages/torch/include/torch/csrc/jit/python
copying build/lib.linux-ppc64le-3.7/torch/include/torch/csrc/jit/python/pybind_utils.h -> /castles/nr/projects/d/duanj-ai-in-medical-imaging/.share/conda-env/ml/lib/python3.7/site-packages/torch/include/torch/csrc/jit/python
copying build/lib.linux-ppc64le-3.7/torch/include/torch/csrc/jit/python/init.h -> /castles/nr/projects/d/duanj-ai-in-medical-imaging/.share/conda-env/ml/lib/python3.7/site-packages/torch/include/torch/csrc/jit/python
copying build/lib.linux-ppc64le-3.7/torch/include/torch/csrc/jit/python/python_arg_flatten.h -> /castles/nr/projects/d/duanj-ai-in-medical-imaging/.share/conda-env/ml/lib/python3.7/site-packages/torch/include/torch/csrc/jit/python
copying build/lib.linux-ppc64le-3.7/torch/include/torch/csrc/jit/python/module_python.h -> /castles/nr/projects/d/duanj-ai-in-medical-imaging/.share/conda-env/ml/lib/python3.7/site-packages/torch/include/torch/csrc/jit/python
copying build/lib.linux-ppc64le-3.7/torch/include/torch/csrc/jit/python/python_ir.h -> /castles/nr/projects/d/duanj-ai-in-medical-imaging/.share/conda-env/ml/lib/python3.7/site-packages/torch/include/torch/csrc/jit/python
copying build/lib.linux-ppc64le-3.7/torch/include/torch/csrc/jit/python/python_ivalue.h -> /castles/nr/projects/d/duanj-ai-in-medical-imaging/.share/conda-env/ml/lib/python3.7/site-packages/torch/include/torch/csrc/jit/python
copying build/lib.linux-ppc64le-3.7/torch/include/torch/csrc/jit/python/python_custom_class.h -> /castles/nr/projects/d/duanj-ai-in-medical-imaging/.share/conda-env/ml/lib/python3.7/site-packages/torch/include/torch/csrc/jit/python
creating /castles/nr/projects/d/duanj-ai-in-medical-imaging/.share/conda-env/ml/lib/python3.7/site-packages/torch/include/torch/csrc/jit/runtime
copying build/lib.linux-ppc64le-3.7/torch/include/torch/csrc/jit/runtime/variable_tensor_list.h -> /castles/nr/projects/d/duanj-ai-in-medical-imaging/.share/conda-env/ml/lib/python3.7/site-packages/torch/include/torch/csrc/jit/runtime
copying build/lib.linux-ppc64le-3.7/torch/include/torch/csrc/jit/runtime/symbolic_script.h -> /castles/nr/projects/d/duanj-ai-in-medical-imaging/.share/conda-env/ml/lib/python3.7/site-packages/torch/include/torch/csrc/jit/runtime
copying build/lib.linux-ppc64le-3.7/torch/include/torch/csrc/jit/runtime/autodiff.h -> /castles/nr/projects/d/duanj-ai-in-medical-imaging/.share/conda-env/ml/lib/python3.7/site-packages/torch/include/torch/csrc/jit/runtime
copying build/lib.linux-ppc64le-3.7/torch/include/torch/csrc/jit/runtime/interpreter.h -> /castles/nr/projects/d/duanj-ai-in-medical-imaging/.share/conda-env/ml/lib/python3.7/site-packages/torch/include/torch/csrc/jit/runtime
copying build/lib.linux-ppc64le-3.7/torch/include/torch/csrc/jit/runtime/custom_operator.h -> /castles/nr/projects/d/duanj-ai-in-medical-imaging/.share/conda-env/ml/lib/python3.7/site-packages/torch/include/torch/csrc/jit/runtime
copying build/lib.linux-ppc64le-3.7/torch/include/torch/csrc/jit/runtime/instruction.h -> /castles/nr/projects/d/duanj-ai-in-medical-imaging/.share/conda-env/ml/lib/python3.7/site-packages/torch/include/torch/csrc/jit/runtime
copying build/lib.linux-ppc64le-3.7/torch/include/torch/csrc/jit/runtime/operator.h -> /castles/nr/projects/d/duanj-ai-in-medical-imaging/.share/conda-env/ml/lib/python3.7/site-packages/torch/include/torch/csrc/jit/runtime
copying build/lib.linux-ppc64le-3.7/torch/include/torch/csrc/jit/runtime/graph_executor_impl.h -> /castles/nr/projects/d/duanj-ai-in-medical-imaging/.share/conda-env/ml/lib/python3.7/site-packages/torch/include/torch/csrc/jit/runtime
copying build/lib.linux-ppc64le-3.7/torch/include/torch/csrc/jit/runtime/profiling_record.h -> /castles/nr/projects/d/duanj-ai-in-medical-imaging/.share/conda-env/ml/lib/python3.7/site-packages/torch/include/torch/csrc/jit/runtime
copying build/lib.linux-ppc64le-3.7/torch/include/torch/csrc/jit/runtime/vararg_functions.h -> /castles/nr/projects/d/duanj-ai-in-medical-imaging/.share/conda-env/ml/lib/python3.7/site-packages/torch/include/torch/csrc/jit/runtime
copying build/lib.linux-ppc64le-3.7/torch/include/torch/csrc/jit/runtime/register_ops_utils.h -> /castles/nr/projects/d/duanj-ai-in-medical-imaging/.share/conda-env/ml/lib/python3.7/site-packages/torch/include/torch/csrc/jit/runtime
copying build/lib.linux-ppc64le-3.7/torch/include/torch/csrc/jit/runtime/exception_message.h -> /castles/nr/projects/d/duanj-ai-in-medical-imaging/.share/conda-env/ml/lib/python3.7/site-packages/torch/include/torch/csrc/jit/runtime
copying build/lib.linux-ppc64le-3.7/torch/include/torch/csrc/jit/runtime/logging.h -> /castles/nr/projects/d/duanj-ai-in-medical-imaging/.share/conda-env/ml/lib/python3.7/site-packages/torch/include/torch/csrc/jit/runtime
copying build/lib.linux-ppc64le-3.7/torch/include/torch/csrc/jit/runtime/operator_options.h -> /castles/nr/projects/d/duanj-ai-in-medical-imaging/.share/conda-env/ml/lib/python3.7/site-packages/torch/include/torch/csrc/jit/runtime
copying build/lib.linux-ppc64le-3.7/torch/include/torch/csrc/jit/runtime/argument_spec.h -> /castles/nr/projects/d/duanj-ai-in-medical-imaging/.share/conda-env/ml/lib/python3.7/site-packages/torch/include/torch/csrc/jit/runtime
copying build/lib.linux-ppc64le-3.7/torch/include/torch/csrc/jit/runtime/graph_executor.h -> /castles/nr/projects/d/duanj-ai-in-medical-imaging/.share/conda-env/ml/lib/python3.7/site-packages/torch/include/torch/csrc/jit/runtime
copying build/lib.linux-ppc64le-3.7/torch/include/torch/csrc/jit/runtime/print_handler.h -> /castles/nr/projects/d/duanj-ai-in-medical-imaging/.share/conda-env/ml/lib/python3.7/site-packages/torch/include/torch/csrc/jit/runtime
copying build/lib.linux-ppc64le-3.7/torch/include/torch/csrc/jit/runtime/profiling_graph_executor_impl.h -> /castles/nr/projects/d/duanj-ai-in-medical-imaging/.share/conda-env/ml/lib/python3.7/site-packages/torch/include/torch/csrc/jit/runtime
copying build/lib.linux-ppc64le-3.7/torch/include/torch/csrc/jit/runtime/jit_exception.h -> /castles/nr/projects/d/duanj-ai-in-medical-imaging/.share/conda-env/ml/lib/python3.7/site-packages/torch/include/torch/csrc/jit/runtime
creating /castles/nr/projects/d/duanj-ai-in-medical-imaging/.share/conda-env/ml/lib/python3.7/site-packages/torch/include/torch/csrc/jit/serialization
copying build/lib.linux-ppc64le-3.7/torch/include/torch/csrc/jit/serialization/export.h -> /castles/nr/projects/d/duanj-ai-in-medical-imaging/.share/conda-env/ml/lib/python3.7/site-packages/torch/include/torch/csrc/jit/serialization
copying build/lib.linux-ppc64le-3.7/torch/include/torch/csrc/jit/serialization/pickle.h -> /castles/nr/projects/d/duanj-ai-in-medical-imaging/.share/conda-env/ml/lib/python3.7/site-packages/torch/include/torch/csrc/jit/serialization
copying build/lib.linux-ppc64le-3.7/torch/include/torch/csrc/jit/serialization/unpickler.h -> /castles/nr/projects/d/duanj-ai-in-medical-imaging/.share/conda-env/ml/lib/python3.7/site-packages/torch/include/torch/csrc/jit/serialization
copying build/lib.linux-ppc64le-3.7/torch/include/torch/csrc/jit/serialization/import_export_helpers.h -> /castles/nr/projects/d/duanj-ai-in-medical-imaging/.share/conda-env/ml/lib/python3.7/site-packages/torch/include/torch/csrc/jit/serialization
copying build/lib.linux-ppc64le-3.7/torch/include/torch/csrc/jit/serialization/import_source.h -> /castles/nr/projects/d/duanj-ai-in-medical-imaging/.share/conda-env/ml/lib/python3.7/site-packages/torch/include/torch/csrc/jit/serialization
copying build/lib.linux-ppc64le-3.7/torch/include/torch/csrc/jit/serialization/type_name_uniquer.h -> /castles/nr/projects/d/duanj-ai-in-medical-imaging/.share/conda-env/ml/lib/python3.7/site-packages/torch/include/torch/csrc/jit/serialization
copying build/lib.linux-ppc64le-3.7/torch/include/torch/csrc/jit/serialization/pickler.h -> /castles/nr/projects/d/duanj-ai-in-medical-imaging/.share/conda-env/ml/lib/python3.7/site-packages/torch/include/torch/csrc/jit/serialization
copying build/lib.linux-ppc64le-3.7/torch/include/torch/csrc/jit/serialization/import_export_functions.h -> /castles/nr/projects/d/duanj-ai-in-medical-imaging/.share/conda-env/ml/lib/python3.7/site-packages/torch/include/torch/csrc/jit/serialization
copying build/lib.linux-ppc64le-3.7/torch/include/torch/csrc/jit/serialization/import_legacy.h -> /castles/nr/projects/d/duanj-ai-in-medical-imaging/.share/conda-env/ml/lib/python3.7/site-packages/torch/include/torch/csrc/jit/serialization
copying build/lib.linux-ppc64le-3.7/torch/include/torch/csrc/jit/serialization/import_export_constants.h -> /castles/nr/projects/d/duanj-ai-in-medical-imaging/.share/conda-env/ml/lib/python3.7/site-packages/torch/include/torch/csrc/jit/serialization
copying build/lib.linux-ppc64le-3.7/torch/include/torch/csrc/jit/serialization/python_print.h -> /castles/nr/projects/d/duanj-ai-in-medical-imaging/.share/conda-env/ml/lib/python3.7/site-packages/torch/include/torch/csrc/jit/serialization
copying build/lib.linux-ppc64le-3.7/torch/include/torch/csrc/jit/serialization/import.h -> /castles/nr/projects/d/duanj-ai-in-medical-imaging/.share/conda-env/ml/lib/python3.7/site-packages/torch/include/torch/csrc/jit/serialization
copying build/lib.linux-ppc64le-3.7/torch/include/torch/csrc/jit/serialization/source_range_serialization.h -> /castles/nr/projects/d/duanj-ai-in-medical-imaging/.share/conda-env/ml/lib/python3.7/site-packages/torch/include/torch/csrc/jit/serialization
copying build/lib.linux-ppc64le-3.7/torch/include/torch/csrc/jit/serialization/source_range_serialization_impl.h -> /castles/nr/projects/d/duanj-ai-in-medical-imaging/.share/conda-env/ml/lib/python3.7/site-packages/torch/include/torch/csrc/jit/serialization
creating /castles/nr/projects/d/duanj-ai-in-medical-imaging/.share/conda-env/ml/lib/python3.7/site-packages/torch/include/torch/csrc/jit/backends
copying build/lib.linux-ppc64le-3.7/torch/include/torch/csrc/jit/backends/backend_resolver.h -> /castles/nr/projects/d/duanj-ai-in-medical-imaging/.share/conda-env/ml/lib/python3.7/site-packages/torch/include/torch/csrc/jit/backends
copying build/lib.linux-ppc64le-3.7/torch/include/torch/csrc/jit/backends/backend_init.h -> /castles/nr/projects/d/duanj-ai-in-medical-imaging/.share/conda-env/ml/lib/python3.7/site-packages/torch/include/torch/csrc/jit/backends
copying build/lib.linux-ppc64le-3.7/torch/include/torch/csrc/jit/backends/backend_detail.h -> /castles/nr/projects/d/duanj-ai-in-medical-imaging/.share/conda-env/ml/lib/python3.7/site-packages/torch/include/torch/csrc/jit/backends
copying build/lib.linux-ppc64le-3.7/torch/include/torch/csrc/jit/backends/backend.h -> /castles/nr/projects/d/duanj-ai-in-medical-imaging/.share/conda-env/ml/lib/python3.7/site-packages/torch/include/torch/csrc/jit/backends
copying build/lib.linux-ppc64le-3.7/torch/include/torch/csrc/jit/backends/backend_interface.h -> /castles/nr/projects/d/duanj-ai-in-medical-imaging/.share/conda-env/ml/lib/python3.7/site-packages/torch/include/torch/csrc/jit/backends
creating /castles/nr/projects/d/duanj-ai-in-medical-imaging/.share/conda-env/ml/lib/python3.7/site-packages/torch/include/torch/csrc/jit/api
copying build/lib.linux-ppc64le-3.7/torch/include/torch/csrc/jit/api/function_impl.h -> /castles/nr/projects/d/duanj-ai-in-medical-imaging/.share/conda-env/ml/lib/python3.7/site-packages/torch/include/torch/csrc/jit/api
copying build/lib.linux-ppc64le-3.7/torch/include/torch/csrc/jit/api/module.h -> /castles/nr/projects/d/duanj-ai-in-medical-imaging/.share/conda-env/ml/lib/python3.7/site-packages/torch/include/torch/csrc/jit/api
copying build/lib.linux-ppc64le-3.7/torch/include/torch/csrc/jit/api/compilation_unit.h -> /castles/nr/projects/d/duanj-ai-in-medical-imaging/.share/conda-env/ml/lib/python3.7/site-packages/torch/include/torch/csrc/jit/api
copying build/lib.linux-ppc64le-3.7/torch/include/torch/csrc/jit/api/object.h -> /castles/nr/projects/d/duanj-ai-in-medical-imaging/.share/conda-env/ml/lib/python3.7/site-packages/torch/include/torch/csrc/jit/api
copying build/lib.linux-ppc64le-3.7/torch/include/torch/csrc/jit/api/method.h -> /castles/nr/projects/d/duanj-ai-in-medical-imaging/.share/conda-env/ml/lib/python3.7/site-packages/torch/include/torch/csrc/jit/api
creating /castles/nr/projects/d/duanj-ai-in-medical-imaging/.share/conda-env/ml/lib/python3.7/site-packages/torch/include/torch/csrc/jit/testing
copying build/lib.linux-ppc64le-3.7/torch/include/torch/csrc/jit/testing/hooks_for_testing.h -> /castles/nr/projects/d/duanj-ai-in-medical-imaging/.share/conda-env/ml/lib/python3.7/site-packages/torch/include/torch/csrc/jit/testing
copying build/lib.linux-ppc64le-3.7/torch/include/torch/csrc/jit/testing/file_check.h -> /castles/nr/projects/d/duanj-ai-in-medical-imaging/.share/conda-env/ml/lib/python3.7/site-packages/torch/include/torch/csrc/jit/testing
copying build/lib.linux-ppc64le-3.7/torch/include/torch/csrc/jit/resource_guard.h -> /castles/nr/projects/d/duanj-ai-in-medical-imaging/.share/conda-env/ml/lib/python3.7/site-packages/torch/include/torch/csrc/jit
creating /castles/nr/projects/d/duanj-ai-in-medical-imaging/.share/conda-env/ml/lib/python3.7/site-packages/torch/include/torch/csrc/jit/ir
copying build/lib.linux-ppc64le-3.7/torch/include/torch/csrc/jit/ir/subgraph_matcher.h -> /castles/nr/projects/d/duanj-ai-in-medical-imaging/.share/conda-env/ml/lib/python3.7/site-packages/torch/include/torch/csrc/jit/ir
copying build/lib.linux-ppc64le-3.7/torch/include/torch/csrc/jit/ir/ir.h -> /castles/nr/projects/d/duanj-ai-in-medical-imaging/.share/conda-env/ml/lib/python3.7/site-packages/torch/include/torch/csrc/jit/ir
copying build/lib.linux-ppc64le-3.7/torch/include/torch/csrc/jit/ir/type_hashing.h -> /castles/nr/projects/d/duanj-ai-in-medical-imaging/.share/conda-env/ml/lib/python3.7/site-packages/torch/include/torch/csrc/jit/ir
copying build/lib.linux-ppc64le-3.7/torch/include/torch/csrc/jit/ir/scope.h -> /castles/nr/projects/d/duanj-ai-in-medical-imaging/.share/conda-env/ml/lib/python3.7/site-packages/torch/include/torch/csrc/jit/ir
copying build/lib.linux-ppc64le-3.7/torch/include/torch/csrc/jit/ir/attributes.h -> /castles/nr/projects/d/duanj-ai-in-medical-imaging/.share/conda-env/ml/lib/python3.7/site-packages/torch/include/torch/csrc/jit/ir
copying build/lib.linux-ppc64le-3.7/torch/include/torch/csrc/jit/ir/graph_node_list.h -> /castles/nr/projects/d/duanj-ai-in-medical-imaging/.share/conda-env/ml/lib/python3.7/site-packages/torch/include/torch/csrc/jit/ir
copying build/lib.linux-ppc64le-3.7/torch/include/torch/csrc/jit/ir/irparser.h -> /castles/nr/projects/d/duanj-ai-in-medical-imaging/.share/conda-env/ml/lib/python3.7/site-packages/torch/include/torch/csrc/jit/ir
copying build/lib.linux-ppc64le-3.7/torch/include/torch/csrc/jit/ir/named_value.h -> /castles/nr/projects/d/duanj-ai-in-medical-imaging/.share/conda-env/ml/lib/python3.7/site-packages/torch/include/torch/csrc/jit/ir
copying build/lib.linux-ppc64le-3.7/torch/include/torch/csrc/jit/ir/ir_views.h -> /castles/nr/projects/d/duanj-ai-in-medical-imaging/.share/conda-env/ml/lib/python3.7/site-packages/torch/include/torch/csrc/jit/ir
copying build/lib.linux-ppc64le-3.7/torch/include/torch/csrc/jit/ir/alias_analysis.h -> /castles/nr/projects/d/duanj-ai-in-medical-imaging/.share/conda-env/ml/lib/python3.7/site-packages/torch/include/torch/csrc/jit/ir
copying build/lib.linux-ppc64le-3.7/torch/include/torch/csrc/jit/ir/constants.h -> /castles/nr/projects/d/duanj-ai-in-medical-imaging/.share/conda-env/ml/lib/python3.7/site-packages/torch/include/torch/csrc/jit/ir
copying build/lib.linux-ppc64le-3.7/torch/include/torch/csrc/jit/ir/node_hashing.h -> /castles/nr/projects/d/duanj-ai-in-medical-imaging/.share/conda-env/ml/lib/python3.7/site-packages/torch/include/torch/csrc/jit/ir
creating /castles/nr/projects/d/duanj-ai-in-medical-imaging/.share/conda-env/ml/lib/python3.7/site-packages/torch/include/torch/csrc/jit/frontend
copying build/lib.linux-ppc64le-3.7/torch/include/torch/csrc/jit/frontend/sugared_value.h -> /castles/nr/projects/d/duanj-ai-in-medical-imaging/.share/conda-env/ml/lib/python3.7/site-packages/torch/include/torch/csrc/jit/frontend
copying build/lib.linux-ppc64le-3.7/torch/include/torch/csrc/jit/frontend/tree_views.h -> /castles/nr/projects/d/duanj-ai-in-medical-imaging/.share/conda-env/ml/lib/python3.7/site-packages/torch/include/torch/csrc/jit/frontend
copying build/lib.linux-ppc64le-3.7/torch/include/torch/csrc/jit/frontend/schema_type_parser.h -> /castles/nr/projects/d/duanj-ai-in-medical-imaging/.share/conda-env/ml/lib/python3.7/site-packages/torch/include/torch/csrc/jit/frontend
copying build/lib.linux-ppc64le-3.7/torch/include/torch/csrc/jit/frontend/function_schema_parser.h -> /castles/nr/projects/d/duanj-ai-in-medical-imaging/.share/conda-env/ml/lib/python3.7/site-packages/torch/include/torch/csrc/jit/frontend
copying build/lib.linux-ppc64le-3.7/torch/include/torch/csrc/jit/frontend/source_range.h -> /castles/nr/projects/d/duanj-ai-in-medical-imaging/.share/conda-env/ml/lib/python3.7/site-packages/torch/include/torch/csrc/jit/frontend
copying build/lib.linux-ppc64le-3.7/torch/include/torch/csrc/jit/frontend/convert_to_ssa.h -> /castles/nr/projects/d/duanj-ai-in-medical-imaging/.share/conda-env/ml/lib/python3.7/site-packages/torch/include/torch/csrc/jit/frontend
copying build/lib.linux-ppc64le-3.7/torch/include/torch/csrc/jit/frontend/concrete_module_type.h -> /castles/nr/projects/d/duanj-ai-in-medical-imaging/.share/conda-env/ml/lib/python3.7/site-packages/torch/include/torch/csrc/jit/frontend
copying build/lib.linux-ppc64le-3.7/torch/include/torch/csrc/jit/frontend/script_type_parser.h -> /castles/nr/projects/d/duanj-ai-in-medical-imaging/.share/conda-env/ml/lib/python3.7/site-packages/torch/include/torch/csrc/jit/frontend
copying build/lib.linux-ppc64le-3.7/torch/include/torch/csrc/jit/frontend/lexer.h -> /castles/nr/projects/d/duanj-ai-in-medical-imaging/.share/conda-env/ml/lib/python3.7/site-packages/torch/include/torch/csrc/jit/frontend
copying build/lib.linux-ppc64le-3.7/torch/include/torch/csrc/jit/frontend/inline_loop_condition.h -> /castles/nr/projects/d/duanj-ai-in-medical-imaging/.share/conda-env/ml/lib/python3.7/site-packages/torch/include/torch/csrc/jit/frontend
copying build/lib.linux-ppc64le-3.7/torch/include/torch/csrc/jit/frontend/canonicalize_modified_loop.h -> /castles/nr/projects/d/duanj-ai-in-medical-imaging/.share/conda-env/ml/lib/python3.7/site-packages/torch/include/torch/csrc/jit/frontend
copying build/lib.linux-ppc64le-3.7/torch/include/torch/csrc/jit/frontend/parse_string_literal.h -> /castles/nr/projects/d/duanj-ai-in-medical-imaging/.share/conda-env/ml/lib/python3.7/site-packages/torch/include/torch/csrc/jit/frontend
copying build/lib.linux-ppc64le-3.7/torch/include/torch/csrc/jit/frontend/mini_environment.h -> /castles/nr/projects/d/duanj-ai-in-medical-imaging/.share/conda-env/ml/lib/python3.7/site-packages/torch/include/torch/csrc/jit/frontend
copying build/lib.linux-ppc64le-3.7/torch/include/torch/csrc/jit/frontend/edit_distance.h -> /castles/nr/projects/d/duanj-ai-in-medical-imaging/.share/conda-env/ml/lib/python3.7/site-packages/torch/include/torch/csrc/jit/frontend
copying build/lib.linux-ppc64le-3.7/torch/include/torch/csrc/jit/frontend/parser_constants.h -> /castles/nr/projects/d/duanj-ai-in-medical-imaging/.share/conda-env/ml/lib/python3.7/site-packages/torch/include/torch/csrc/jit/frontend
copying build/lib.linux-ppc64le-3.7/torch/include/torch/csrc/jit/frontend/strtod.h -> /castles/nr/projects/d/duanj-ai-in-medical-imaging/.share/conda-env/ml/lib/python3.7/site-packages/torch/include/torch/csrc/jit/frontend
copying build/lib.linux-ppc64le-3.7/torch/include/torch/csrc/jit/frontend/builtin_functions.h -> /castles/nr/projects/d/duanj-ai-in-medical-imaging/.share/conda-env/ml/lib/python3.7/site-packages/torch/include/torch/csrc/jit/frontend
copying build/lib.linux-ppc64le-3.7/torch/include/torch/csrc/jit/frontend/tracer.h -> /castles/nr/projects/d/duanj-ai-in-medical-imaging/.share/conda-env/ml/lib/python3.7/site-packages/torch/include/torch/csrc/jit/frontend
copying build/lib.linux-ppc64le-3.7/torch/include/torch/csrc/jit/frontend/code_template.h -> /castles/nr/projects/d/duanj-ai-in-medical-imaging/.share/conda-env/ml/lib/python3.7/site-packages/torch/include/torch/csrc/jit/frontend
copying build/lib.linux-ppc64le-3.7/torch/include/torch/csrc/jit/frontend/schema_matching.h -> /castles/nr/projects/d/duanj-ai-in-medical-imaging/.share/conda-env/ml/lib/python3.7/site-packages/torch/include/torch/csrc/jit/frontend
copying build/lib.linux-ppc64le-3.7/torch/include/torch/csrc/jit/frontend/resolver.h -> /castles/nr/projects/d/duanj-ai-in-medical-imaging/.share/conda-env/ml/lib/python3.7/site-packages/torch/include/torch/csrc/jit/frontend
copying build/lib.linux-ppc64le-3.7/torch/include/torch/csrc/jit/frontend/parser.h -> /castles/nr/projects/d/duanj-ai-in-medical-imaging/.share/conda-env/ml/lib/python3.7/site-packages/torch/include/torch/csrc/jit/frontend
copying build/lib.linux-ppc64le-3.7/torch/include/torch/csrc/jit/frontend/tree.h -> /castles/nr/projects/d/duanj-ai-in-medical-imaging/.share/conda-env/ml/lib/python3.7/site-packages/torch/include/torch/csrc/jit/frontend
copying build/lib.linux-ppc64le-3.7/torch/include/torch/csrc/jit/frontend/error_report.h -> /castles/nr/projects/d/duanj-ai-in-medical-imaging/.share/conda-env/ml/lib/python3.7/site-packages/torch/include/torch/csrc/jit/frontend
copying build/lib.linux-ppc64le-3.7/torch/include/torch/csrc/jit/frontend/exit_transforms.h -> /castles/nr/projects/d/duanj-ai-in-medical-imaging/.share/conda-env/ml/lib/python3.7/site-packages/torch/include/torch/csrc/jit/frontend
copying build/lib.linux-ppc64le-3.7/torch/include/torch/csrc/jit/frontend/versioned_symbols.h -> /castles/nr/projects/d/duanj-ai-in-medical-imaging/.share/conda-env/ml/lib/python3.7/site-packages/torch/include/torch/csrc/jit/frontend
copying build/lib.linux-ppc64le-3.7/torch/include/torch/csrc/jit/frontend/name_mangler.h -> /castles/nr/projects/d/duanj-ai-in-medical-imaging/.share/conda-env/ml/lib/python3.7/site-packages/torch/include/torch/csrc/jit/frontend
copying build/lib.linux-ppc64le-3.7/torch/include/torch/csrc/jit/frontend/ir_emitter.h -> /castles/nr/projects/d/duanj-ai-in-medical-imaging/.share/conda-env/ml/lib/python3.7/site-packages/torch/include/torch/csrc/jit/frontend
copying build/lib.linux-ppc64le-3.7/torch/include/torch/csrc/DataLoader.h -> /castles/nr/projects/d/duanj-ai-in-medical-imaging/.share/conda-env/ml/lib/python3.7/site-packages/torch/include/torch/csrc
copying build/lib.linux-ppc64le-3.7/torch/include/torch/csrc/serialization.h -> /castles/nr/projects/d/duanj-ai-in-medical-imaging/.share/conda-env/ml/lib/python3.7/site-packages/torch/include/torch/csrc
creating /castles/nr/projects/d/duanj-ai-in-medical-imaging/.share/conda-env/ml/lib/python3.7/site-packages/torch/include/torch/csrc/api
creating /castles/nr/projects/d/duanj-ai-in-medical-imaging/.share/conda-env/ml/lib/python3.7/site-packages/torch/include/torch/csrc/api/include
creating /castles/nr/projects/d/duanj-ai-in-medical-imaging/.share/conda-env/ml/lib/python3.7/site-packages/torch/include/torch/csrc/api/include/torch
copying build/lib.linux-ppc64le-3.7/torch/include/torch/csrc/api/include/torch/enum.h -> /castles/nr/projects/d/duanj-ai-in-medical-imaging/.share/conda-env/ml/lib/python3.7/site-packages/torch/include/torch/csrc/api/include/torch
creating /castles/nr/projects/d/duanj-ai-in-medical-imaging/.share/conda-env/ml/lib/python3.7/site-packages/torch/include/torch/csrc/api/include/torch/detail
copying build/lib.linux-ppc64le-3.7/torch/include/torch/csrc/api/include/torch/detail/static.h -> /castles/nr/projects/d/duanj-ai-in-medical-imaging/.share/conda-env/ml/lib/python3.7/site-packages/torch/include/torch/csrc/api/include/torch/detail
copying build/lib.linux-ppc64le-3.7/torch/include/torch/csrc/api/include/torch/detail/TensorDataContainer.h -> /castles/nr/projects/d/duanj-ai-in-medical-imaging/.share/conda-env/ml/lib/python3.7/site-packages/torch/include/torch/csrc/api/include/torch/detail
copying build/lib.linux-ppc64le-3.7/torch/include/torch/csrc/api/include/torch/expanding_array.h -> /castles/nr/projects/d/duanj-ai-in-medical-imaging/.share/conda-env/ml/lib/python3.7/site-packages/torch/include/torch/csrc/api/include/torch
creating /castles/nr/projects/d/duanj-ai-in-medical-imaging/.share/conda-env/ml/lib/python3.7/site-packages/torch/include/torch/csrc/api/include/torch/optim
copying build/lib.linux-ppc64le-3.7/torch/include/torch/csrc/api/include/torch/optim/adamw.h -> /castles/nr/projects/d/duanj-ai-in-medical-imaging/.share/conda-env/ml/lib/python3.7/site-packages/torch/include/torch/csrc/api/include/torch/optim
copying build/lib.linux-ppc64le-3.7/torch/include/torch/csrc/api/include/torch/optim/adam.h -> /castles/nr/projects/d/duanj-ai-in-medical-imaging/.share/conda-env/ml/lib/python3.7/site-packages/torch/include/torch/csrc/api/include/torch/optim
copying build/lib.linux-ppc64le-3.7/torch/include/torch/csrc/api/include/torch/optim/optimizer.h -> /castles/nr/projects/d/duanj-ai-in-medical-imaging/.share/conda-env/ml/lib/python3.7/site-packages/torch/include/torch/csrc/api/include/torch/optim
copying build/lib.linux-ppc64le-3.7/torch/include/torch/csrc/api/include/torch/optim/lbfgs.h -> /castles/nr/projects/d/duanj-ai-in-medical-imaging/.share/conda-env/ml/lib/python3.7/site-packages/torch/include/torch/csrc/api/include/torch/optim
copying build/lib.linux-ppc64le-3.7/torch/include/torch/csrc/api/include/torch/optim/serialize.h -> /castles/nr/projects/d/duanj-ai-in-medical-imaging/.share/conda-env/ml/lib/python3.7/site-packages/torch/include/torch/csrc/api/include/torch/optim
copying build/lib.linux-ppc64le-3.7/torch/include/torch/csrc/api/include/torch/optim/sgd.h -> /castles/nr/projects/d/duanj-ai-in-medical-imaging/.share/conda-env/ml/lib/python3.7/site-packages/torch/include/torch/csrc/api/include/torch/optim
copying build/lib.linux-ppc64le-3.7/torch/include/torch/csrc/api/include/torch/optim/adagrad.h -> /castles/nr/projects/d/duanj-ai-in-medical-imaging/.share/conda-env/ml/lib/python3.7/site-packages/torch/include/torch/csrc/api/include/torch/optim
copying build/lib.linux-ppc64le-3.7/torch/include/torch/csrc/api/include/torch/optim/rmsprop.h -> /castles/nr/projects/d/duanj-ai-in-medical-imaging/.share/conda-env/ml/lib/python3.7/site-packages/torch/include/torch/csrc/api/include/torch/optim
copying build/lib.linux-ppc64le-3.7/torch/include/torch/csrc/api/include/torch/python.h -> /castles/nr/projects/d/duanj-ai-in-medical-imaging/.share/conda-env/ml/lib/python3.7/site-packages/torch/include/torch/csrc/api/include/torch
copying build/lib.linux-ppc64le-3.7/torch/include/torch/csrc/api/include/torch/jit.h -> /castles/nr/projects/d/duanj-ai-in-medical-imaging/.share/conda-env/ml/lib/python3.7/site-packages/torch/include/torch/csrc/api/include/torch
copying build/lib.linux-ppc64le-3.7/torch/include/torch/csrc/api/include/torch/nn.h -> /castles/nr/projects/d/duanj-ai-in-medical-imaging/.share/conda-env/ml/lib/python3.7/site-packages/torch/include/torch/csrc/api/include/torch
copying build/lib.linux-ppc64le-3.7/torch/include/torch/csrc/api/include/torch/autograd.h -> /castles/nr/projects/d/duanj-ai-in-medical-imaging/.share/conda-env/ml/lib/python3.7/site-packages/torch/include/torch/csrc/api/include/torch
copying build/lib.linux-ppc64le-3.7/torch/include/torch/csrc/api/include/torch/optim.h -> /castles/nr/projects/d/duanj-ai-in-medical-imaging/.share/conda-env/ml/lib/python3.7/site-packages/torch/include/torch/csrc/api/include/torch
creating /castles/nr/projects/d/duanj-ai-in-medical-imaging/.share/conda-env/ml/lib/python3.7/site-packages/torch/include/torch/csrc/api/include/torch/nn
copying build/lib.linux-ppc64le-3.7/torch/include/torch/csrc/api/include/torch/nn/cloneable.h -> /castles/nr/projects/d/duanj-ai-in-medical-imaging/.share/conda-env/ml/lib/python3.7/site-packages/torch/include/torch/csrc/api/include/torch/nn
copying build/lib.linux-ppc64le-3.7/torch/include/torch/csrc/api/include/torch/nn/module.h -> /castles/nr/projects/d/duanj-ai-in-medical-imaging/.share/conda-env/ml/lib/python3.7/site-packages/torch/include/torch/csrc/api/include/torch/nn
creating /castles/nr/projects/d/duanj-ai-in-medical-imaging/.share/conda-env/ml/lib/python3.7/site-packages/torch/include/torch/csrc/api/include/torch/nn/functional
copying build/lib.linux-ppc64le-3.7/torch/include/torch/csrc/api/include/torch/nn/functional/pixelshuffle.h -> /castles/nr/projects/d/duanj-ai-in-medical-imaging/.share/conda-env/ml/lib/python3.7/site-packages/torch/include/torch/csrc/api/include/torch/nn/functional
copying build/lib.linux-ppc64le-3.7/torch/include/torch/csrc/api/include/torch/nn/functional/activation.h -> /castles/nr/projects/d/duanj-ai-in-medical-imaging/.share/conda-env/ml/lib/python3.7/site-packages/torch/include/torch/csrc/api/include/torch/nn/functional
copying build/lib.linux-ppc64le-3.7/torch/include/torch/csrc/api/include/torch/nn/functional/instancenorm.h -> /castles/nr/projects/d/duanj-ai-in-medical-imaging/.share/conda-env/ml/lib/python3.7/site-packages/torch/include/torch/csrc/api/include/torch/nn/functional
copying build/lib.linux-ppc64le-3.7/torch/include/torch/csrc/api/include/torch/nn/functional/upsampling.h -> /castles/nr/projects/d/duanj-ai-in-medical-imaging/.share/conda-env/ml/lib/python3.7/site-packages/torch/include/torch/csrc/api/include/torch/nn/functional
copying build/lib.linux-ppc64le-3.7/torch/include/torch/csrc/api/include/torch/nn/functional/linear.h -> /castles/nr/projects/d/duanj-ai-in-medical-imaging/.share/conda-env/ml/lib/python3.7/site-packages/torch/include/torch/csrc/api/include/torch/nn/functional
copying build/lib.linux-ppc64le-3.7/torch/include/torch/csrc/api/include/torch/nn/functional/dropout.h -> /castles/nr/projects/d/duanj-ai-in-medical-imaging/.share/conda-env/ml/lib/python3.7/site-packages/torch/include/torch/csrc/api/include/torch/nn/functional
copying build/lib.linux-ppc64le-3.7/torch/include/torch/csrc/api/include/torch/nn/functional/distance.h -> /castles/nr/projects/d/duanj-ai-in-medical-imaging/.share/conda-env/ml/lib/python3.7/site-packages/torch/include/torch/csrc/api/include/torch/nn/functional
copying build/lib.linux-ppc64le-3.7/torch/include/torch/csrc/api/include/torch/nn/functional/padding.h -> /castles/nr/projects/d/duanj-ai-in-medical-imaging/.share/conda-env/ml/lib/python3.7/site-packages/torch/include/torch/csrc/api/include/torch/nn/functional
copying build/lib.linux-ppc64le-3.7/torch/include/torch/csrc/api/include/torch/nn/functional/normalization.h -> /castles/nr/projects/d/duanj-ai-in-medical-imaging/.share/conda-env/ml/lib/python3.7/site-packages/torch/include/torch/csrc/api/include/torch/nn/functional
copying build/lib.linux-ppc64le-3.7/torch/include/torch/csrc/api/include/torch/nn/functional/embedding.h -> /castles/nr/projects/d/duanj-ai-in-medical-imaging/.share/conda-env/ml/lib/python3.7/site-packages/torch/include/torch/csrc/api/include/torch/nn/functional
copying build/lib.linux-ppc64le-3.7/torch/include/torch/csrc/api/include/torch/nn/functional/conv.h -> /castles/nr/projects/d/duanj-ai-in-medical-imaging/.share/conda-env/ml/lib/python3.7/site-packages/torch/include/torch/csrc/api/include/torch/nn/functional
copying build/lib.linux-ppc64le-3.7/torch/include/torch/csrc/api/include/torch/nn/functional/vision.h -> /castles/nr/projects/d/duanj-ai-in-medical-imaging/.share/conda-env/ml/lib/python3.7/site-packages/torch/include/torch/csrc/api/include/torch/nn/functional
copying build/lib.linux-ppc64le-3.7/torch/include/torch/csrc/api/include/torch/nn/functional/loss.h -> /castles/nr/projects/d/duanj-ai-in-medical-imaging/.share/conda-env/ml/lib/python3.7/site-packages/torch/include/torch/csrc/api/include/torch/nn/functional
copying build/lib.linux-ppc64le-3.7/torch/include/torch/csrc/api/include/torch/nn/functional/batchnorm.h -> /castles/nr/projects/d/duanj-ai-in-medical-imaging/.share/conda-env/ml/lib/python3.7/site-packages/torch/include/torch/csrc/api/include/torch/nn/functional
copying build/lib.linux-ppc64le-3.7/torch/include/torch/csrc/api/include/torch/nn/functional/fold.h -> /castles/nr/projects/d/duanj-ai-in-medical-imaging/.share/conda-env/ml/lib/python3.7/site-packages/torch/include/torch/csrc/api/include/torch/nn/functional
copying build/lib.linux-ppc64le-3.7/torch/include/torch/csrc/api/include/torch/nn/functional/pooling.h -> /castles/nr/projects/d/duanj-ai-in-medical-imaging/.share/conda-env/ml/lib/python3.7/site-packages/torch/include/torch/csrc/api/include/torch/nn/functional
creating /castles/nr/projects/d/duanj-ai-in-medical-imaging/.share/conda-env/ml/lib/python3.7/site-packages/torch/include/torch/csrc/api/include/torch/nn/utils
copying build/lib.linux-ppc64le-3.7/torch/include/torch/csrc/api/include/torch/nn/utils/rnn.h -> /castles/nr/projects/d/duanj-ai-in-medical-imaging/.share/conda-env/ml/lib/python3.7/site-packages/torch/include/torch/csrc/api/include/torch/nn/utils
copying build/lib.linux-ppc64le-3.7/torch/include/torch/csrc/api/include/torch/nn/utils/clip_grad.h -> /castles/nr/projects/d/duanj-ai-in-medical-imaging/.share/conda-env/ml/lib/python3.7/site-packages/torch/include/torch/csrc/api/include/torch/nn/utils
copying build/lib.linux-ppc64le-3.7/torch/include/torch/csrc/api/include/torch/nn/utils/convert_parameters.h -> /castles/nr/projects/d/duanj-ai-in-medical-imaging/.share/conda-env/ml/lib/python3.7/site-packages/torch/include/torch/csrc/api/include/torch/nn/utils
copying build/lib.linux-ppc64le-3.7/torch/include/torch/csrc/api/include/torch/nn/functional.h -> /castles/nr/projects/d/duanj-ai-in-medical-imaging/.share/conda-env/ml/lib/python3.7/site-packages/torch/include/torch/csrc/api/include/torch/nn
copying build/lib.linux-ppc64le-3.7/torch/include/torch/csrc/api/include/torch/nn/modules.h -> /castles/nr/projects/d/duanj-ai-in-medical-imaging/.share/conda-env/ml/lib/python3.7/site-packages/torch/include/torch/csrc/api/include/torch/nn
copying build/lib.linux-ppc64le-3.7/torch/include/torch/csrc/api/include/torch/nn/init.h -> /castles/nr/projects/d/duanj-ai-in-medical-imaging/.share/conda-env/ml/lib/python3.7/site-packages/torch/include/torch/csrc/api/include/torch/nn
copying build/lib.linux-ppc64le-3.7/torch/include/torch/csrc/api/include/torch/nn/pimpl-inl.h -> /castles/nr/projects/d/duanj-ai-in-medical-imaging/.share/conda-env/ml/lib/python3.7/site-packages/torch/include/torch/csrc/api/include/torch/nn
creating /castles/nr/projects/d/duanj-ai-in-medical-imaging/.share/conda-env/ml/lib/python3.7/site-packages/torch/include/torch/csrc/api/include/torch/nn/parallel
copying build/lib.linux-ppc64le-3.7/torch/include/torch/csrc/api/include/torch/nn/parallel/data_parallel.h -> /castles/nr/projects/d/duanj-ai-in-medical-imaging/.share/conda-env/ml/lib/python3.7/site-packages/torch/include/torch/csrc/api/include/torch/nn/parallel
creating /castles/nr/projects/d/duanj-ai-in-medical-imaging/.share/conda-env/ml/lib/python3.7/site-packages/torch/include/torch/csrc/api/include/torch/nn/options
copying build/lib.linux-ppc64le-3.7/torch/include/torch/csrc/api/include/torch/nn/options/pixelshuffle.h -> /castles/nr/projects/d/duanj-ai-in-medical-imaging/.share/conda-env/ml/lib/python3.7/site-packages/torch/include/torch/csrc/api/include/torch/nn/options
copying build/lib.linux-ppc64le-3.7/torch/include/torch/csrc/api/include/torch/nn/options/rnn.h -> /castles/nr/projects/d/duanj-ai-in-medical-imaging/.share/conda-env/ml/lib/python3.7/site-packages/torch/include/torch/csrc/api/include/torch/nn/options
copying build/lib.linux-ppc64le-3.7/torch/include/torch/csrc/api/include/torch/nn/options/activation.h -> /castles/nr/projects/d/duanj-ai-in-medical-imaging/.share/conda-env/ml/lib/python3.7/site-packages/torch/include/torch/csrc/api/include/torch/nn/options
copying build/lib.linux-ppc64le-3.7/torch/include/torch/csrc/api/include/torch/nn/options/instancenorm.h -> /castles/nr/projects/d/duanj-ai-in-medical-imaging/.share/conda-env/ml/lib/python3.7/site-packages/torch/include/torch/csrc/api/include/torch/nn/options
copying build/lib.linux-ppc64le-3.7/torch/include/torch/csrc/api/include/torch/nn/options/upsampling.h -> /castles/nr/projects/d/duanj-ai-in-medical-imaging/.share/conda-env/ml/lib/python3.7/site-packages/torch/include/torch/csrc/api/include/torch/nn/options
copying build/lib.linux-ppc64le-3.7/torch/include/torch/csrc/api/include/torch/nn/options/linear.h -> /castles/nr/projects/d/duanj-ai-in-medical-imaging/.share/conda-env/ml/lib/python3.7/site-packages/torch/include/torch/csrc/api/include/torch/nn/options
copying build/lib.linux-ppc64le-3.7/torch/include/torch/csrc/api/include/torch/nn/options/dropout.h -> /castles/nr/projects/d/duanj-ai-in-medical-imaging/.share/conda-env/ml/lib/python3.7/site-packages/torch/include/torch/csrc/api/include/torch/nn/options
copying build/lib.linux-ppc64le-3.7/torch/include/torch/csrc/api/include/torch/nn/options/distance.h -> /castles/nr/projects/d/duanj-ai-in-medical-imaging/.share/conda-env/ml/lib/python3.7/site-packages/torch/include/torch/csrc/api/include/torch/nn/options
copying build/lib.linux-ppc64le-3.7/torch/include/torch/csrc/api/include/torch/nn/options/padding.h -> /castles/nr/projects/d/duanj-ai-in-medical-imaging/.share/conda-env/ml/lib/python3.7/site-packages/torch/include/torch/csrc/api/include/torch/nn/options
copying build/lib.linux-ppc64le-3.7/torch/include/torch/csrc/api/include/torch/nn/options/normalization.h -> /castles/nr/projects/d/duanj-ai-in-medical-imaging/.share/conda-env/ml/lib/python3.7/site-packages/torch/include/torch/csrc/api/include/torch/nn/options
copying build/lib.linux-ppc64le-3.7/torch/include/torch/csrc/api/include/torch/nn/options/embedding.h -> /castles/nr/projects/d/duanj-ai-in-medical-imaging/.share/conda-env/ml/lib/python3.7/site-packages/torch/include/torch/csrc/api/include/torch/nn/options
copying build/lib.linux-ppc64le-3.7/torch/include/torch/csrc/api/include/torch/nn/options/conv.h -> /castles/nr/projects/d/duanj-ai-in-medical-imaging/.share/conda-env/ml/lib/python3.7/site-packages/torch/include/torch/csrc/api/include/torch/nn/options
copying build/lib.linux-ppc64le-3.7/torch/include/torch/csrc/api/include/torch/nn/options/vision.h -> /castles/nr/projects/d/duanj-ai-in-medical-imaging/.share/conda-env/ml/lib/python3.7/site-packages/torch/include/torch/csrc/api/include/torch/nn/options
copying build/lib.linux-ppc64le-3.7/torch/include/torch/csrc/api/include/torch/nn/options/adaptive.h -> /castles/nr/projects/d/duanj-ai-in-medical-imaging/.share/conda-env/ml/lib/python3.7/site-packages/torch/include/torch/csrc/api/include/torch/nn/options
copying build/lib.linux-ppc64le-3.7/torch/include/torch/csrc/api/include/torch/nn/options/loss.h -> /castles/nr/projects/d/duanj-ai-in-medical-imaging/.share/conda-env/ml/lib/python3.7/site-packages/torch/include/torch/csrc/api/include/torch/nn/options
copying build/lib.linux-ppc64le-3.7/torch/include/torch/csrc/api/include/torch/nn/options/batchnorm.h -> /castles/nr/projects/d/duanj-ai-in-medical-imaging/.share/conda-env/ml/lib/python3.7/site-packages/torch/include/torch/csrc/api/include/torch/nn/options
copying build/lib.linux-ppc64le-3.7/torch/include/torch/csrc/api/include/torch/nn/options/fold.h -> /castles/nr/projects/d/duanj-ai-in-medical-imaging/.share/conda-env/ml/lib/python3.7/site-packages/torch/include/torch/csrc/api/include/torch/nn/options
copying build/lib.linux-ppc64le-3.7/torch/include/torch/csrc/api/include/torch/nn/options/pooling.h -> /castles/nr/projects/d/duanj-ai-in-medical-imaging/.share/conda-env/ml/lib/python3.7/site-packages/torch/include/torch/csrc/api/include/torch/nn/options
copying build/lib.linux-ppc64le-3.7/torch/include/torch/csrc/api/include/torch/nn/options.h -> /castles/nr/projects/d/duanj-ai-in-medical-imaging/.share/conda-env/ml/lib/python3.7/site-packages/torch/include/torch/csrc/api/include/torch/nn
creating /castles/nr/projects/d/duanj-ai-in-medical-imaging/.share/conda-env/ml/lib/python3.7/site-packages/torch/include/torch/csrc/api/include/torch/nn/modules
copying build/lib.linux-ppc64le-3.7/torch/include/torch/csrc/api/include/torch/nn/modules/pixelshuffle.h -> /castles/nr/projects/d/duanj-ai-in-medical-imaging/.share/conda-env/ml/lib/python3.7/site-packages/torch/include/torch/csrc/api/include/torch/nn/modules
copying build/lib.linux-ppc64le-3.7/torch/include/torch/csrc/api/include/torch/nn/modules/rnn.h -> /castles/nr/projects/d/duanj-ai-in-medical-imaging/.share/conda-env/ml/lib/python3.7/site-packages/torch/include/torch/csrc/api/include/torch/nn/modules
copying build/lib.linux-ppc64le-3.7/torch/include/torch/csrc/api/include/torch/nn/modules/activation.h -> /castles/nr/projects/d/duanj-ai-in-medical-imaging/.share/conda-env/ml/lib/python3.7/site-packages/torch/include/torch/csrc/api/include/torch/nn/modules
copying build/lib.linux-ppc64le-3.7/torch/include/torch/csrc/api/include/torch/nn/modules/instancenorm.h -> /castles/nr/projects/d/duanj-ai-in-medical-imaging/.share/conda-env/ml/lib/python3.7/site-packages/torch/include/torch/csrc/api/include/torch/nn/modules
copying build/lib.linux-ppc64le-3.7/torch/include/torch/csrc/api/include/torch/nn/modules/common.h -> /castles/nr/projects/d/duanj-ai-in-medical-imaging/.share/conda-env/ml/lib/python3.7/site-packages/torch/include/torch/csrc/api/include/torch/nn/modules
copying build/lib.linux-ppc64le-3.7/torch/include/torch/csrc/api/include/torch/nn/modules/upsampling.h -> /castles/nr/projects/d/duanj-ai-in-medical-imaging/.share/conda-env/ml/lib/python3.7/site-packages/torch/include/torch/csrc/api/include/torch/nn/modules
copying build/lib.linux-ppc64le-3.7/torch/include/torch/csrc/api/include/torch/nn/modules/_functions.h -> /castles/nr/projects/d/duanj-ai-in-medical-imaging/.share/conda-env/ml/lib/python3.7/site-packages/torch/include/torch/csrc/api/include/torch/nn/modules
copying build/lib.linux-ppc64le-3.7/torch/include/torch/csrc/api/include/torch/nn/modules/linear.h -> /castles/nr/projects/d/duanj-ai-in-medical-imaging/.share/conda-env/ml/lib/python3.7/site-packages/torch/include/torch/csrc/api/include/torch/nn/modules
copying build/lib.linux-ppc64le-3.7/torch/include/torch/csrc/api/include/torch/nn/modules/dropout.h -> /castles/nr/projects/d/duanj-ai-in-medical-imaging/.share/conda-env/ml/lib/python3.7/site-packages/torch/include/torch/csrc/api/include/torch/nn/modules
copying build/lib.linux-ppc64le-3.7/torch/include/torch/csrc/api/include/torch/nn/modules/distance.h -> /castles/nr/projects/d/duanj-ai-in-medical-imaging/.share/conda-env/ml/lib/python3.7/site-packages/torch/include/torch/csrc/api/include/torch/nn/modules
copying build/lib.linux-ppc64le-3.7/torch/include/torch/csrc/api/include/torch/nn/modules/padding.h -> /castles/nr/projects/d/duanj-ai-in-medical-imaging/.share/conda-env/ml/lib/python3.7/site-packages/torch/include/torch/csrc/api/include/torch/nn/modules
copying build/lib.linux-ppc64le-3.7/torch/include/torch/csrc/api/include/torch/nn/modules/normalization.h -> /castles/nr/projects/d/duanj-ai-in-medical-imaging/.share/conda-env/ml/lib/python3.7/site-packages/torch/include/torch/csrc/api/include/torch/nn/modules
copying build/lib.linux-ppc64le-3.7/torch/include/torch/csrc/api/include/torch/nn/modules/embedding.h -> /castles/nr/projects/d/duanj-ai-in-medical-imaging/.share/conda-env/ml/lib/python3.7/site-packages/torch/include/torch/csrc/api/include/torch/nn/modules
copying build/lib.linux-ppc64le-3.7/torch/include/torch/csrc/api/include/torch/nn/modules/conv.h -> /castles/nr/projects/d/duanj-ai-in-medical-imaging/.share/conda-env/ml/lib/python3.7/site-packages/torch/include/torch/csrc/api/include/torch/nn/modules
creating /castles/nr/projects/d/duanj-ai-in-medical-imaging/.share/conda-env/ml/lib/python3.7/site-packages/torch/include/torch/csrc/api/include/torch/nn/modules/container
copying build/lib.linux-ppc64le-3.7/torch/include/torch/csrc/api/include/torch/nn/modules/container/named_any.h -> /castles/nr/projects/d/duanj-ai-in-medical-imaging/.share/conda-env/ml/lib/python3.7/site-packages/torch/include/torch/csrc/api/include/torch/nn/modules/container
copying build/lib.linux-ppc64le-3.7/torch/include/torch/csrc/api/include/torch/nn/modules/container/modulelist.h -> /castles/nr/projects/d/duanj-ai-in-medical-imaging/.share/conda-env/ml/lib/python3.7/site-packages/torch/include/torch/csrc/api/include/torch/nn/modules/container
copying build/lib.linux-ppc64le-3.7/torch/include/torch/csrc/api/include/torch/nn/modules/container/functional.h -> /castles/nr/projects/d/duanj-ai-in-medical-imaging/.share/conda-env/ml/lib/python3.7/site-packages/torch/include/torch/csrc/api/include/torch/nn/modules/container
copying build/lib.linux-ppc64le-3.7/torch/include/torch/csrc/api/include/torch/nn/modules/container/any_module_holder.h -> /castles/nr/projects/d/duanj-ai-in-medical-imaging/.share/conda-env/ml/lib/python3.7/site-packages/torch/include/torch/csrc/api/include/torch/nn/modules/container
copying build/lib.linux-ppc64le-3.7/torch/include/torch/csrc/api/include/torch/nn/modules/container/any_value.h -> /castles/nr/projects/d/duanj-ai-in-medical-imaging/.share/conda-env/ml/lib/python3.7/site-packages/torch/include/torch/csrc/api/include/torch/nn/modules/container
copying build/lib.linux-ppc64le-3.7/torch/include/torch/csrc/api/include/torch/nn/modules/container/parameterlist.h -> /castles/nr/projects/d/duanj-ai-in-medical-imaging/.share/conda-env/ml/lib/python3.7/site-packages/torch/include/torch/csrc/api/include/torch/nn/modules/container
copying build/lib.linux-ppc64le-3.7/torch/include/torch/csrc/api/include/torch/nn/modules/container/any.h -> /castles/nr/projects/d/duanj-ai-in-medical-imaging/.share/conda-env/ml/lib/python3.7/site-packages/torch/include/torch/csrc/api/include/torch/nn/modules/container
copying build/lib.linux-ppc64le-3.7/torch/include/torch/csrc/api/include/torch/nn/modules/container/sequential.h -> /castles/nr/projects/d/duanj-ai-in-medical-imaging/.share/conda-env/ml/lib/python3.7/site-packages/torch/include/torch/csrc/api/include/torch/nn/modules/container
copying build/lib.linux-ppc64le-3.7/torch/include/torch/csrc/api/include/torch/nn/modules/container/parameterdict.h -> /castles/nr/projects/d/duanj-ai-in-medical-imaging/.share/conda-env/ml/lib/python3.7/site-packages/torch/include/torch/csrc/api/include/torch/nn/modules/container
copying build/lib.linux-ppc64le-3.7/torch/include/torch/csrc/api/include/torch/nn/modules/adaptive.h -> /castles/nr/projects/d/duanj-ai-in-medical-imaging/.share/conda-env/ml/lib/python3.7/site-packages/torch/include/torch/csrc/api/include/torch/nn/modules
copying build/lib.linux-ppc64le-3.7/torch/include/torch/csrc/api/include/torch/nn/modules/loss.h -> /castles/nr/projects/d/duanj-ai-in-medical-imaging/.share/conda-env/ml/lib/python3.7/site-packages/torch/include/torch/csrc/api/include/torch/nn/modules
copying build/lib.linux-ppc64le-3.7/torch/include/torch/csrc/api/include/torch/nn/modules/batchnorm.h -> /castles/nr/projects/d/duanj-ai-in-medical-imaging/.share/conda-env/ml/lib/python3.7/site-packages/torch/include/torch/csrc/api/include/torch/nn/modules
copying build/lib.linux-ppc64le-3.7/torch/include/torch/csrc/api/include/torch/nn/modules/fold.h -> /castles/nr/projects/d/duanj-ai-in-medical-imaging/.share/conda-env/ml/lib/python3.7/site-packages/torch/include/torch/csrc/api/include/torch/nn/modules
copying build/lib.linux-ppc64le-3.7/torch/include/torch/csrc/api/include/torch/nn/modules/pooling.h -> /castles/nr/projects/d/duanj-ai-in-medical-imaging/.share/conda-env/ml/lib/python3.7/site-packages/torch/include/torch/csrc/api/include/torch/nn/modules
copying build/lib.linux-ppc64le-3.7/torch/include/torch/csrc/api/include/torch/nn/modules/utils.h -> /castles/nr/projects/d/duanj-ai-in-medical-imaging/.share/conda-env/ml/lib/python3.7/site-packages/torch/include/torch/csrc/api/include/torch/nn/modules
copying build/lib.linux-ppc64le-3.7/torch/include/torch/csrc/api/include/torch/nn/pimpl.h -> /castles/nr/projects/d/duanj-ai-in-medical-imaging/.share/conda-env/ml/lib/python3.7/site-packages/torch/include/torch/csrc/api/include/torch/nn
copying build/lib.linux-ppc64le-3.7/torch/include/torch/csrc/api/include/torch/nn/utils.h -> /castles/nr/projects/d/duanj-ai-in-medical-imaging/.share/conda-env/ml/lib/python3.7/site-packages/torch/include/torch/csrc/api/include/torch/nn
copying build/lib.linux-ppc64le-3.7/torch/include/torch/csrc/api/include/torch/serialize.h -> /castles/nr/projects/d/duanj-ai-in-medical-imaging/.share/conda-env/ml/lib/python3.7/site-packages/torch/include/torch/csrc/api/include/torch
copying build/lib.linux-ppc64le-3.7/torch/include/torch/csrc/api/include/torch/torch.h -> /castles/nr/projects/d/duanj-ai-in-medical-imaging/.share/conda-env/ml/lib/python3.7/site-packages/torch/include/torch/csrc/api/include/torch
creating /castles/nr/projects/d/duanj-ai-in-medical-imaging/.share/conda-env/ml/lib/python3.7/site-packages/torch/include/torch/csrc/api/include/torch/serialize
copying build/lib.linux-ppc64le-3.7/torch/include/torch/csrc/api/include/torch/serialize/tensor.h -> /castles/nr/projects/d/duanj-ai-in-medical-imaging/.share/conda-env/ml/lib/python3.7/site-packages/torch/include/torch/csrc/api/include/torch/serialize
copying build/lib.linux-ppc64le-3.7/torch/include/torch/csrc/api/include/torch/serialize/input-archive.h -> /castles/nr/projects/d/duanj-ai-in-medical-imaging/.share/conda-env/ml/lib/python3.7/site-packages/torch/include/torch/csrc/api/include/torch/serialize
copying build/lib.linux-ppc64le-3.7/torch/include/torch/csrc/api/include/torch/serialize/output-archive.h -> /castles/nr/projects/d/duanj-ai-in-medical-imaging/.share/conda-env/ml/lib/python3.7/site-packages/torch/include/torch/csrc/api/include/torch/serialize
copying build/lib.linux-ppc64le-3.7/torch/include/torch/csrc/api/include/torch/serialize/archive.h -> /castles/nr/projects/d/duanj-ai-in-medical-imaging/.share/conda-env/ml/lib/python3.7/site-packages/torch/include/torch/csrc/api/include/torch/serialize
copying build/lib.linux-ppc64le-3.7/torch/include/torch/csrc/api/include/torch/cuda.h -> /castles/nr/projects/d/duanj-ai-in-medical-imaging/.share/conda-env/ml/lib/python3.7/site-packages/torch/include/torch/csrc/api/include/torch
copying build/lib.linux-ppc64le-3.7/torch/include/torch/csrc/api/include/torch/ordered_dict.h -> /castles/nr/projects/d/duanj-ai-in-medical-imaging/.share/conda-env/ml/lib/python3.7/site-packages/torch/include/torch/csrc/api/include/torch
copying build/lib.linux-ppc64le-3.7/torch/include/torch/csrc/api/include/torch/data.h -> /castles/nr/projects/d/duanj-ai-in-medical-imaging/.share/conda-env/ml/lib/python3.7/site-packages/torch/include/torch/csrc/api/include/torch
copying build/lib.linux-ppc64le-3.7/torch/include/torch/csrc/api/include/torch/all.h -> /castles/nr/projects/d/duanj-ai-in-medical-imaging/.share/conda-env/ml/lib/python3.7/site-packages/torch/include/torch/csrc/api/include/torch
copying build/lib.linux-ppc64le-3.7/torch/include/torch/csrc/api/include/torch/types.h -> /castles/nr/projects/d/duanj-ai-in-medical-imaging/.share/conda-env/ml/lib/python3.7/site-packages/torch/include/torch/csrc/api/include/torch
creating /castles/nr/projects/d/duanj-ai-in-medical-imaging/.share/conda-env/ml/lib/python3.7/site-packages/torch/include/torch/csrc/api/include/torch/data
copying build/lib.linux-ppc64le-3.7/torch/include/torch/csrc/api/include/torch/data/worker_exception.h -> /castles/nr/projects/d/duanj-ai-in-medical-imaging/.share/conda-env/ml/lib/python3.7/site-packages/torch/include/torch/csrc/api/include/torch/data
creating /castles/nr/projects/d/duanj-ai-in-medical-imaging/.share/conda-env/ml/lib/python3.7/site-packages/torch/include/torch/csrc/api/include/torch/data/datasets
copying build/lib.linux-ppc64le-3.7/torch/include/torch/csrc/api/include/torch/data/datasets/mnist.h -> /castles/nr/projects/d/duanj-ai-in-medical-imaging/.share/conda-env/ml/lib/python3.7/site-packages/torch/include/torch/csrc/api/include/torch/data/datasets
copying build/lib.linux-ppc64le-3.7/torch/include/torch/csrc/api/include/torch/data/datasets/map.h -> /castles/nr/projects/d/duanj-ai-in-medical-imaging/.share/conda-env/ml/lib/python3.7/site-packages/torch/include/torch/csrc/api/include/torch/data/datasets
copying build/lib.linux-ppc64le-3.7/torch/include/torch/csrc/api/include/torch/data/datasets/tensor.h -> /castles/nr/projects/d/duanj-ai-in-medical-imaging/.share/conda-env/ml/lib/python3.7/site-packages/torch/include/torch/csrc/api/include/torch/data/datasets
copying build/lib.linux-ppc64le-3.7/torch/include/torch/csrc/api/include/torch/data/datasets/chunk.h -> /castles/nr/projects/d/duanj-ai-in-medical-imaging/.share/conda-env/ml/lib/python3.7/site-packages/torch/include/torch/csrc/api/include/torch/data/datasets
copying build/lib.linux-ppc64le-3.7/torch/include/torch/csrc/api/include/torch/data/datasets/shared.h -> /castles/nr/projects/d/duanj-ai-in-medical-imaging/.share/conda-env/ml/lib/python3.7/site-packages/torch/include/torch/csrc/api/include/torch/data/datasets
copying build/lib.linux-ppc64le-3.7/torch/include/torch/csrc/api/include/torch/data/datasets/base.h -> /castles/nr/projects/d/duanj-ai-in-medical-imaging/.share/conda-env/ml/lib/python3.7/site-packages/torch/include/torch/csrc/api/include/torch/data/datasets
copying build/lib.linux-ppc64le-3.7/torch/include/torch/csrc/api/include/torch/data/datasets/stateful.h -> /castles/nr/projects/d/duanj-ai-in-medical-imaging/.share/conda-env/ml/lib/python3.7/site-packages/torch/include/torch/csrc/api/include/torch/data/datasets
creating /castles/nr/projects/d/duanj-ai-in-medical-imaging/.share/conda-env/ml/lib/python3.7/site-packages/torch/include/torch/csrc/api/include/torch/data/detail
copying build/lib.linux-ppc64le-3.7/torch/include/torch/csrc/api/include/torch/data/detail/sequencers.h -> /castles/nr/projects/d/duanj-ai-in-medical-imaging/.share/conda-env/ml/lib/python3.7/site-packages/torch/include/torch/csrc/api/include/torch/data/detail
copying build/lib.linux-ppc64le-3.7/torch/include/torch/csrc/api/include/torch/data/detail/queue.h -> /castles/nr/projects/d/duanj-ai-in-medical-imaging/.share/conda-env/ml/lib/python3.7/site-packages/torch/include/torch/csrc/api/include/torch/data/detail
copying build/lib.linux-ppc64le-3.7/torch/include/torch/csrc/api/include/torch/data/detail/data_shuttle.h -> /castles/nr/projects/d/duanj-ai-in-medical-imaging/.share/conda-env/ml/lib/python3.7/site-packages/torch/include/torch/csrc/api/include/torch/data/detail
copying build/lib.linux-ppc64le-3.7/torch/include/torch/csrc/api/include/torch/data/example.h -> /castles/nr/projects/d/duanj-ai-in-medical-imaging/.share/conda-env/ml/lib/python3.7/site-packages/torch/include/torch/csrc/api/include/torch/data
creating /castles/nr/projects/d/duanj-ai-in-medical-imaging/.share/conda-env/ml/lib/python3.7/site-packages/torch/include/torch/csrc/api/include/torch/data/transforms
copying build/lib.linux-ppc64le-3.7/torch/include/torch/csrc/api/include/torch/data/transforms/tensor.h -> /castles/nr/projects/d/duanj-ai-in-medical-imaging/.share/conda-env/ml/lib/python3.7/site-packages/torch/include/torch/csrc/api/include/torch/data/transforms
copying build/lib.linux-ppc64le-3.7/torch/include/torch/csrc/api/include/torch/data/transforms/collate.h -> /castles/nr/projects/d/duanj-ai-in-medical-imaging/.share/conda-env/ml/lib/python3.7/site-packages/torch/include/torch/csrc/api/include/torch/data/transforms
copying build/lib.linux-ppc64le-3.7/torch/include/torch/csrc/api/include/torch/data/transforms/stack.h -> /castles/nr/projects/d/duanj-ai-in-medical-imaging/.share/conda-env/ml/lib/python3.7/site-packages/torch/include/torch/csrc/api/include/torch/data/transforms
copying build/lib.linux-ppc64le-3.7/torch/include/torch/csrc/api/include/torch/data/transforms/base.h -> /castles/nr/projects/d/duanj-ai-in-medical-imaging/.share/conda-env/ml/lib/python3.7/site-packages/torch/include/torch/csrc/api/include/torch/data/transforms
copying build/lib.linux-ppc64le-3.7/torch/include/torch/csrc/api/include/torch/data/transforms/lambda.h -> /castles/nr/projects/d/duanj-ai-in-medical-imaging/.share/conda-env/ml/lib/python3.7/site-packages/torch/include/torch/csrc/api/include/torch/data/transforms
copying build/lib.linux-ppc64le-3.7/torch/include/torch/csrc/api/include/torch/data/iterator.h -> /castles/nr/projects/d/duanj-ai-in-medical-imaging/.share/conda-env/ml/lib/python3.7/site-packages/torch/include/torch/csrc/api/include/torch/data
copying build/lib.linux-ppc64le-3.7/torch/include/torch/csrc/api/include/torch/data/datasets.h -> /castles/nr/projects/d/duanj-ai-in-medical-imaging/.share/conda-env/ml/lib/python3.7/site-packages/torch/include/torch/csrc/api/include/torch/data
creating /castles/nr/projects/d/duanj-ai-in-medical-imaging/.share/conda-env/ml/lib/python3.7/site-packages/torch/include/torch/csrc/api/include/torch/data/dataloader
copying build/lib.linux-ppc64le-3.7/torch/include/torch/csrc/api/include/torch/data/dataloader/stateless.h -> /castles/nr/projects/d/duanj-ai-in-medical-imaging/.share/conda-env/ml/lib/python3.7/site-packages/torch/include/torch/csrc/api/include/torch/data/dataloader
copying build/lib.linux-ppc64le-3.7/torch/include/torch/csrc/api/include/torch/data/dataloader/base.h -> /castles/nr/projects/d/duanj-ai-in-medical-imaging/.share/conda-env/ml/lib/python3.7/site-packages/torch/include/torch/csrc/api/include/torch/data/dataloader
copying build/lib.linux-ppc64le-3.7/torch/include/torch/csrc/api/include/torch/data/dataloader/stateful.h -> /castles/nr/projects/d/duanj-ai-in-medical-imaging/.share/conda-env/ml/lib/python3.7/site-packages/torch/include/torch/csrc/api/include/torch/data/dataloader
copying build/lib.linux-ppc64le-3.7/torch/include/torch/csrc/api/include/torch/data/dataloader.h -> /castles/nr/projects/d/duanj-ai-in-medical-imaging/.share/conda-env/ml/lib/python3.7/site-packages/torch/include/torch/csrc/api/include/torch/data
copying build/lib.linux-ppc64le-3.7/torch/include/torch/csrc/api/include/torch/data/dataloader_options.h -> /castles/nr/projects/d/duanj-ai-in-medical-imaging/.share/conda-env/ml/lib/python3.7/site-packages/torch/include/torch/csrc/api/include/torch/data
copying build/lib.linux-ppc64le-3.7/torch/include/torch/csrc/api/include/torch/data/transforms.h -> /castles/nr/projects/d/duanj-ai-in-medical-imaging/.share/conda-env/ml/lib/python3.7/site-packages/torch/include/torch/csrc/api/include/torch/data
copying build/lib.linux-ppc64le-3.7/torch/include/torch/csrc/api/include/torch/data/samplers.h -> /castles/nr/projects/d/duanj-ai-in-medical-imaging/.share/conda-env/ml/lib/python3.7/site-packages/torch/include/torch/csrc/api/include/torch/data
creating /castles/nr/projects/d/duanj-ai-in-medical-imaging/.share/conda-env/ml/lib/python3.7/site-packages/torch/include/torch/csrc/api/include/torch/data/samplers
copying build/lib.linux-ppc64le-3.7/torch/include/torch/csrc/api/include/torch/data/samplers/serialize.h -> /castles/nr/projects/d/duanj-ai-in-medical-imaging/.share/conda-env/ml/lib/python3.7/site-packages/torch/include/torch/csrc/api/include/torch/data/samplers
copying build/lib.linux-ppc64le-3.7/torch/include/torch/csrc/api/include/torch/data/samplers/base.h -> /castles/nr/projects/d/duanj-ai-in-medical-imaging/.share/conda-env/ml/lib/python3.7/site-packages/torch/include/torch/csrc/api/include/torch/data/samplers
copying build/lib.linux-ppc64le-3.7/torch/include/torch/csrc/api/include/torch/data/samplers/distributed.h -> /castles/nr/projects/d/duanj-ai-in-medical-imaging/.share/conda-env/ml/lib/python3.7/site-packages/torch/include/torch/csrc/api/include/torch/data/samplers
copying build/lib.linux-ppc64le-3.7/torch/include/torch/csrc/api/include/torch/data/samplers/custom_batch_request.h -> /castles/nr/projects/d/duanj-ai-in-medical-imaging/.share/conda-env/ml/lib/python3.7/site-packages/torch/include/torch/csrc/api/include/torch/data/samplers
copying build/lib.linux-ppc64le-3.7/torch/include/torch/csrc/api/include/torch/data/samplers/sequential.h -> /castles/nr/projects/d/duanj-ai-in-medical-imaging/.share/conda-env/ml/lib/python3.7/site-packages/torch/include/torch/csrc/api/include/torch/data/samplers
copying build/lib.linux-ppc64le-3.7/torch/include/torch/csrc/api/include/torch/data/samplers/random.h -> /castles/nr/projects/d/duanj-ai-in-medical-imaging/.share/conda-env/ml/lib/python3.7/site-packages/torch/include/torch/csrc/api/include/torch/data/samplers
copying build/lib.linux-ppc64le-3.7/torch/include/torch/csrc/api/include/torch/data/samplers/stream.h -> /castles/nr/projects/d/duanj-ai-in-medical-imaging/.share/conda-env/ml/lib/python3.7/site-packages/torch/include/torch/csrc/api/include/torch/data/samplers
copying build/lib.linux-ppc64le-3.7/torch/include/torch/csrc/api/include/torch/arg.h -> /castles/nr/projects/d/duanj-ai-in-medical-imaging/.share/conda-env/ml/lib/python3.7/site-packages/torch/include/torch/csrc/api/include/torch
copying build/lib.linux-ppc64le-3.7/torch/include/torch/csrc/api/include/torch/utils.h -> /castles/nr/projects/d/duanj-ai-in-medical-imaging/.share/conda-env/ml/lib/python3.7/site-packages/torch/include/torch/csrc/api/include/torch
copying build/lib.linux-ppc64le-3.7/torch/include/torch/csrc/PythonTypes.h -> /castles/nr/projects/d/duanj-ai-in-medical-imaging/.share/conda-env/ml/lib/python3.7/site-packages/torch/include/torch/csrc
copying build/lib.linux-ppc64le-3.7/torch/include/torch/csrc/TypeInfo.h -> /castles/nr/projects/d/duanj-ai-in-medical-imaging/.share/conda-env/ml/lib/python3.7/site-packages/torch/include/torch/csrc
copying build/lib.linux-ppc64le-3.7/torch/include/torch/csrc/python_headers.h -> /castles/nr/projects/d/duanj-ai-in-medical-imaging/.share/conda-env/ml/lib/python3.7/site-packages/torch/include/torch/csrc
copying build/lib.linux-ppc64le-3.7/torch/include/torch/csrc/Layout.h -> /castles/nr/projects/d/duanj-ai-in-medical-imaging/.share/conda-env/ml/lib/python3.7/site-packages/torch/include/torch/csrc
copying build/lib.linux-ppc64le-3.7/torch/include/torch/csrc/DynamicTypes.h -> /castles/nr/projects/d/duanj-ai-in-medical-imaging/.share/conda-env/ml/lib/python3.7/site-packages/torch/include/torch/csrc
copying build/lib.linux-ppc64le-3.7/torch/include/torch/csrc/MemoryFormat.h -> /castles/nr/projects/d/duanj-ai-in-medical-imaging/.share/conda-env/ml/lib/python3.7/site-packages/torch/include/torch/csrc
copying build/lib.linux-ppc64le-3.7/torch/include/torch/csrc/StorageDefs.h -> /castles/nr/projects/d/duanj-ai-in-medical-imaging/.share/conda-env/ml/lib/python3.7/site-packages/torch/include/torch/csrc
copying build/lib.linux-ppc64le-3.7/torch/include/torch/csrc/CudaIPCTypes.h -> /castles/nr/projects/d/duanj-ai-in-medical-imaging/.share/conda-env/ml/lib/python3.7/site-packages/torch/include/torch/csrc
copying build/lib.linux-ppc64le-3.7/torch/include/torch/csrc/Device.h -> /castles/nr/projects/d/duanj-ai-in-medical-imaging/.share/conda-env/ml/lib/python3.7/site-packages/torch/include/torch/csrc
copying build/lib.linux-ppc64le-3.7/torch/include/torch/csrc/python_dimname.h -> /castles/nr/projects/d/duanj-ai-in-medical-imaging/.share/conda-env/ml/lib/python3.7/site-packages/torch/include/torch/csrc
copying build/lib.linux-ppc64le-3.7/torch/include/torch/csrc/Types.h -> /castles/nr/projects/d/duanj-ai-in-medical-imaging/.share/conda-env/ml/lib/python3.7/site-packages/torch/include/torch/csrc
copying build/lib.linux-ppc64le-3.7/torch/include/torch/csrc/copy_utils.h -> /castles/nr/projects/d/duanj-ai-in-medical-imaging/.share/conda-env/ml/lib/python3.7/site-packages/torch/include/torch/csrc
copying build/lib.linux-ppc64le-3.7/torch/include/torch/csrc/utils.h -> /castles/nr/projects/d/duanj-ai-in-medical-imaging/.share/conda-env/ml/lib/python3.7/site-packages/torch/include/torch/csrc
copying build/lib.linux-ppc64le-3.7/torch/include/torch/custom_class_detail.h -> /castles/nr/projects/d/duanj-ai-in-medical-imaging/.share/conda-env/ml/lib/python3.7/site-packages/torch/include/torch
creating /castles/nr/projects/d/duanj-ai-in-medical-imaging/.share/conda-env/ml/lib/python3.7/site-packages/torch/include/ATen
copying build/lib.linux-ppc64le-3.7/torch/include/ATen/TypeDefault.h -> /castles/nr/projects/d/duanj-ai-in-medical-imaging/.share/conda-env/ml/lib/python3.7/site-packages/torch/include/ATen
copying build/lib.linux-ppc64le-3.7/torch/include/ATen/InferSize.h -> /castles/nr/projects/d/duanj-ai-in-medical-imaging/.share/conda-env/ml/lib/python3.7/site-packages/torch/include/ATen
copying build/lib.linux-ppc64le-3.7/torch/include/ATen/SparseCPUType.h -> /castles/nr/projects/d/duanj-ai-in-medical-imaging/.share/conda-env/ml/lib/python3.7/site-packages/torch/include/ATen
copying build/lib.linux-ppc64le-3.7/torch/include/ATen/ATen.h -> /castles/nr/projects/d/duanj-ai-in-medical-imaging/.share/conda-env/ml/lib/python3.7/site-packages/torch/include/ATen
copying build/lib.linux-ppc64le-3.7/torch/include/ATen/SequenceNumber.h -> /castles/nr/projects/d/duanj-ai-in-medical-imaging/.share/conda-env/ml/lib/python3.7/site-packages/torch/include/ATen
copying build/lib.linux-ppc64le-3.7/torch/include/ATen/BatchedTensorImpl.h -> /castles/nr/projects/d/duanj-ai-in-medical-imaging/.share/conda-env/ml/lib/python3.7/site-packages/torch/include/ATen
copying build/lib.linux-ppc64le-3.7/torch/include/ATen/DLConvertor.h -> /castles/nr/projects/d/duanj-ai-in-medical-imaging/.share/conda-env/ml/lib/python3.7/site-packages/torch/include/ATen
creating /castles/nr/projects/d/duanj-ai-in-medical-imaging/.share/conda-env/ml/lib/python3.7/site-packages/torch/include/ATen/cuda
copying build/lib.linux-ppc64le-3.7/torch/include/ATen/cuda/Exceptions.h -> /castles/nr/projects/d/duanj-ai-in-medical-imaging/.share/conda-env/ml/lib/python3.7/site-packages/torch/include/ATen/cuda
copying build/lib.linux-ppc64le-3.7/torch/include/ATen/cuda/NumericLimits.cuh -> /castles/nr/projects/d/duanj-ai-in-medical-imaging/.share/conda-env/ml/lib/python3.7/site-packages/torch/include/ATen/cuda
copying build/lib.linux-ppc64le-3.7/torch/include/ATen/cuda/CUDAConfig.h -> /castles/nr/projects/d/duanj-ai-in-medical-imaging/.share/conda-env/ml/lib/python3.7/site-packages/torch/include/ATen/cuda
creating /castles/nr/projects/d/duanj-ai-in-medical-imaging/.share/conda-env/ml/lib/python3.7/site-packages/torch/include/ATen/cuda/detail
copying build/lib.linux-ppc64le-3.7/torch/include/ATen/cuda/detail/DeviceThreadHandles.h -> /castles/nr/projects/d/duanj-ai-in-medical-imaging/.share/conda-env/ml/lib/python3.7/site-packages/torch/include/ATen/cuda/detail
copying build/lib.linux-ppc64le-3.7/torch/include/ATen/cuda/detail/OffsetCalculator.cuh -> /castles/nr/projects/d/duanj-ai-in-medical-imaging/.share/conda-env/ml/lib/python3.7/site-packages/torch/include/ATen/cuda/detail
copying build/lib.linux-ppc64le-3.7/torch/include/ATen/cuda/detail/CUDAHooks.h -> /castles/nr/projects/d/duanj-ai-in-medical-imaging/.share/conda-env/ml/lib/python3.7/site-packages/torch/include/ATen/cuda/detail
copying build/lib.linux-ppc64le-3.7/torch/include/ATen/cuda/detail/IndexUtils.cuh -> /castles/nr/projects/d/duanj-ai-in-medical-imaging/.share/conda-env/ml/lib/python3.7/site-packages/torch/include/ATen/cuda/detail
copying build/lib.linux-ppc64le-3.7/torch/include/ATen/cuda/detail/KernelUtils.h -> /castles/nr/projects/d/duanj-ai-in-medical-imaging/.share/conda-env/ml/lib/python3.7/site-packages/torch/include/ATen/cuda/detail
copying build/lib.linux-ppc64le-3.7/torch/include/ATen/cuda/detail/TensorInfo.cuh -> /castles/nr/projects/d/duanj-ai-in-medical-imaging/.share/conda-env/ml/lib/python3.7/site-packages/torch/include/ATen/cuda/detail
copying build/lib.linux-ppc64le-3.7/torch/include/ATen/cuda/CUDAApplyUtils.cuh -> /castles/nr/projects/d/duanj-ai-in-medical-imaging/.share/conda-env/ml/lib/python3.7/site-packages/torch/include/ATen/cuda
copying build/lib.linux-ppc64le-3.7/torch/include/ATen/cuda/PinnedMemoryAllocator.h -> /castles/nr/projects/d/duanj-ai-in-medical-imaging/.share/conda-env/ml/lib/python3.7/site-packages/torch/include/ATen/cuda
copying build/lib.linux-ppc64le-3.7/torch/include/ATen/cuda/ATenCUDAGeneral.h -> /castles/nr/projects/d/duanj-ai-in-medical-imaging/.share/conda-env/ml/lib/python3.7/site-packages/torch/include/ATen/cuda
copying build/lib.linux-ppc64le-3.7/torch/include/ATen/cuda/DeviceUtils.cuh -> /castles/nr/projects/d/duanj-ai-in-medical-imaging/.share/conda-env/ml/lib/python3.7/site-packages/torch/include/ATen/cuda
copying build/lib.linux-ppc64le-3.7/torch/include/ATen/cuda/CUDAContext.h -> /castles/nr/projects/d/duanj-ai-in-medical-imaging/.share/conda-env/ml/lib/python3.7/site-packages/torch/include/ATen/cuda
copying build/lib.linux-ppc64le-3.7/torch/include/ATen/cuda/CUDADevice.h -> /castles/nr/projects/d/duanj-ai-in-medical-imaging/.share/conda-env/ml/lib/python3.7/site-packages/torch/include/ATen/cuda
copying build/lib.linux-ppc64le-3.7/torch/include/ATen/cuda/CUDAUtils.h -> /castles/nr/projects/d/duanj-ai-in-medical-imaging/.share/conda-env/ml/lib/python3.7/site-packages/torch/include/ATen/cuda
copying build/lib.linux-ppc64le-3.7/torch/include/ATen/cuda/CUDAMultiStreamGuard.h -> /castles/nr/projects/d/duanj-ai-in-medical-imaging/.share/conda-env/ml/lib/python3.7/site-packages/torch/include/ATen/cuda
copying build/lib.linux-ppc64le-3.7/torch/include/ATen/cuda/CUDABlas.h -> /castles/nr/projects/d/duanj-ai-in-medical-imaging/.share/conda-env/ml/lib/python3.7/site-packages/torch/include/ATen/cuda
copying build/lib.linux-ppc64le-3.7/torch/include/ATen/cuda/CUDATensorMethods.cuh -> /castles/nr/projects/d/duanj-ai-in-medical-imaging/.share/conda-env/ml/lib/python3.7/site-packages/torch/include/ATen/cuda
copying build/lib.linux-ppc64le-3.7/torch/include/ATen/cuda/CUDAEvent.h -> /castles/nr/projects/d/duanj-ai-in-medical-imaging/.share/conda-env/ml/lib/python3.7/site-packages/torch/include/ATen/cuda
copying build/lib.linux-ppc64le-3.7/torch/include/ATen/TensorOptions.h -> /castles/nr/projects/d/duanj-ai-in-medical-imaging/.share/conda-env/ml/lib/python3.7/site-packages/torch/include/ATen
creating /castles/nr/projects/d/duanj-ai-in-medical-imaging/.share/conda-env/ml/lib/python3.7/site-packages/torch/include/ATen/hip
creating /castles/nr/projects/d/duanj-ai-in-medical-imaging/.share/conda-env/ml/lib/python3.7/site-packages/torch/include/ATen/hip/impl
copying build/lib.linux-ppc64le-3.7/torch/include/ATen/hip/impl/HIPAllocatorMasqueradingAsCUDA.h -> /castles/nr/projects/d/duanj-ai-in-medical-imaging/.share/conda-env/ml/lib/python3.7/site-packages/torch/include/ATen/hip/impl
copying build/lib.linux-ppc64le-3.7/torch/include/ATen/hip/impl/HIPCachingAllocatorMasqueradingAsCUDA.h -> /castles/nr/projects/d/duanj-ai-in-medical-imaging/.share/conda-env/ml/lib/python3.7/site-packages/torch/include/ATen/hip/impl
copying build/lib.linux-ppc64le-3.7/torch/include/ATen/hip/impl/HIPGuardImplMasqueradingAsCUDA.h -> /castles/nr/projects/d/duanj-ai-in-medical-imaging/.share/conda-env/ml/lib/python3.7/site-packages/torch/include/ATen/hip/impl
copying build/lib.linux-ppc64le-3.7/torch/include/ATen/hip/impl/HIPStreamMasqueradingAsCUDA.h -> /castles/nr/projects/d/duanj-ai-in-medical-imaging/.share/conda-env/ml/lib/python3.7/site-packages/torch/include/ATen/hip/impl
copying build/lib.linux-ppc64le-3.7/torch/include/ATen/Storage.h -> /castles/nr/projects/d/duanj-ai-in-medical-imaging/.share/conda-env/ml/lib/python3.7/site-packages/torch/include/ATen
copying build/lib.linux-ppc64le-3.7/torch/include/ATen/SparseTensorImpl.h -> /castles/nr/projects/d/duanj-ai-in-medical-imaging/.share/conda-env/ml/lib/python3.7/site-packages/torch/include/ATen
copying build/lib.linux-ppc64le-3.7/torch/include/ATen/record_function.h -> /castles/nr/projects/d/duanj-ai-in-medical-imaging/.share/conda-env/ml/lib/python3.7/site-packages/torch/include/ATen
copying build/lib.linux-ppc64le-3.7/torch/include/ATen/TensorGeometry.h -> /castles/nr/projects/d/duanj-ai-in-medical-imaging/.share/conda-env/ml/lib/python3.7/site-packages/torch/include/ATen
creating /castles/nr/projects/d/duanj-ai-in-medical-imaging/.share/conda-env/ml/lib/python3.7/site-packages/torch/include/ATen/cudnn
copying build/lib.linux-ppc64le-3.7/torch/include/ATen/cudnn/cudnn-wrapper.h -> /castles/nr/projects/d/duanj-ai-in-medical-imaging/.share/conda-env/ml/lib/python3.7/site-packages/torch/include/ATen/cudnn
copying build/lib.linux-ppc64le-3.7/torch/include/ATen/cudnn/Exceptions.h -> /castles/nr/projects/d/duanj-ai-in-medical-imaging/.share/conda-env/ml/lib/python3.7/site-packages/torch/include/ATen/cudnn
copying build/lib.linux-ppc64le-3.7/torch/include/ATen/cudnn/Descriptors.h -> /castles/nr/projects/d/duanj-ai-in-medical-imaging/.share/conda-env/ml/lib/python3.7/site-packages/torch/include/ATen/cudnn
copying build/lib.linux-ppc64le-3.7/torch/include/ATen/cudnn/Handle.h -> /castles/nr/projects/d/duanj-ai-in-medical-imaging/.share/conda-env/ml/lib/python3.7/site-packages/torch/include/ATen/cudnn
copying build/lib.linux-ppc64le-3.7/torch/include/ATen/cudnn/Handles.h -> /castles/nr/projects/d/duanj-ai-in-medical-imaging/.share/conda-env/ml/lib/python3.7/site-packages/torch/include/ATen/cudnn
copying build/lib.linux-ppc64le-3.7/torch/include/ATen/cudnn/Types.h -> /castles/nr/projects/d/duanj-ai-in-medical-imaging/.share/conda-env/ml/lib/python3.7/site-packages/torch/include/ATen/cudnn
copying build/lib.linux-ppc64le-3.7/torch/include/ATen/cudnn/Utils.h -> /castles/nr/projects/d/duanj-ai-in-medical-imaging/.share/conda-env/ml/lib/python3.7/site-packages/torch/include/ATen/cudnn
creating /castles/nr/projects/d/duanj-ai-in-medical-imaging/.share/conda-env/ml/lib/python3.7/site-packages/torch/include/ATen/core
copying build/lib.linux-ppc64le-3.7/torch/include/ATen/core/blob.h -> /castles/nr/projects/d/duanj-ai-in-medical-imaging/.share/conda-env/ml/lib/python3.7/site-packages/torch/include/ATen/core
copying build/lib.linux-ppc64le-3.7/torch/include/ATen/core/function_schema_inl.h -> /castles/nr/projects/d/duanj-ai-in-medical-imaging/.share/conda-env/ml/lib/python3.7/site-packages/torch/include/ATen/core
copying build/lib.linux-ppc64le-3.7/torch/include/ATen/core/ATenOpList.h -> /castles/nr/projects/d/duanj-ai-in-medical-imaging/.share/conda-env/ml/lib/python3.7/site-packages/torch/include/ATen/core
copying build/lib.linux-ppc64le-3.7/torch/include/ATen/core/operator_name.h -> /castles/nr/projects/d/duanj-ai-in-medical-imaging/.share/conda-env/ml/lib/python3.7/site-packages/torch/include/ATen/core
copying build/lib.linux-ppc64le-3.7/torch/include/ATen/core/Generator.h -> /castles/nr/projects/d/duanj-ai-in-medical-imaging/.share/conda-env/ml/lib/python3.7/site-packages/torch/include/ATen/core
copying build/lib.linux-ppc64le-3.7/torch/include/ATen/core/List.h -> /castles/nr/projects/d/duanj-ai-in-medical-imaging/.share/conda-env/ml/lib/python3.7/site-packages/torch/include/ATen/core
creating /castles/nr/projects/d/duanj-ai-in-medical-imaging/.share/conda-env/ml/lib/python3.7/site-packages/torch/include/ATen/core/op_registration
copying build/lib.linux-ppc64le-3.7/torch/include/ATen/core/op_registration/infer_schema.h -> /castles/nr/projects/d/duanj-ai-in-medical-imaging/.share/conda-env/ml/lib/python3.7/site-packages/torch/include/ATen/core/op_registration
copying build/lib.linux-ppc64le-3.7/torch/include/ATen/core/op_registration/hacky_wrapper_for_legacy_signatures.h -> /castles/nr/projects/d/duanj-ai-in-medical-imaging/.share/conda-env/ml/lib/python3.7/site-packages/torch/include/ATen/core/op_registration
copying build/lib.linux-ppc64le-3.7/torch/include/ATen/core/op_registration/op_registration.h -> /castles/nr/projects/d/duanj-ai-in-medical-imaging/.share/conda-env/ml/lib/python3.7/site-packages/torch/include/ATen/core/op_registration
copying build/lib.linux-ppc64le-3.7/torch/include/ATen/core/Tensor.h -> /castles/nr/projects/d/duanj-ai-in-medical-imaging/.share/conda-env/ml/lib/python3.7/site-packages/torch/include/ATen/core
copying build/lib.linux-ppc64le-3.7/torch/include/ATen/core/function.h -> /castles/nr/projects/d/duanj-ai-in-medical-imaging/.share/conda-env/ml/lib/python3.7/site-packages/torch/include/ATen/core
copying build/lib.linux-ppc64le-3.7/torch/include/ATen/core/function_schema.h -> /castles/nr/projects/d/duanj-ai-in-medical-imaging/.share/conda-env/ml/lib/python3.7/site-packages/torch/include/ATen/core
copying build/lib.linux-ppc64le-3.7/torch/include/ATen/core/ivalue.h -> /castles/nr/projects/d/duanj-ai-in-medical-imaging/.share/conda-env/ml/lib/python3.7/site-packages/torch/include/ATen/core
copying build/lib.linux-ppc64le-3.7/torch/include/ATen/core/ScalarType.h -> /castles/nr/projects/d/duanj-ai-in-medical-imaging/.share/conda-env/ml/lib/python3.7/site-packages/torch/include/ATen/core
copying build/lib.linux-ppc64le-3.7/torch/include/ATen/core/interned_strings_class.h -> /castles/nr/projects/d/duanj-ai-in-medical-imaging/.share/conda-env/ml/lib/python3.7/site-packages/torch/include/ATen/core
copying build/lib.linux-ppc64le-3.7/torch/include/ATen/core/ivalue_inl.h -> /castles/nr/projects/d/duanj-ai-in-medical-imaging/.share/conda-env/ml/lib/python3.7/site-packages/torch/include/ATen/core
copying build/lib.linux-ppc64le-3.7/torch/include/ATen/core/DistributionsHelper.h -> /castles/nr/projects/d/duanj-ai-in-medical-imaging/.share/conda-env/ml/lib/python3.7/site-packages/torch/include/ATen/core
copying build/lib.linux-ppc64le-3.7/torch/include/ATen/core/Array.h -> /castles/nr/projects/d/duanj-ai-in-medical-imaging/.share/conda-env/ml/lib/python3.7/site-packages/torch/include/ATen/core
copying build/lib.linux-ppc64le-3.7/torch/include/ATen/core/jit_type.h -> /castles/nr/projects/d/duanj-ai-in-medical-imaging/.share/conda-env/ml/lib/python3.7/site-packages/torch/include/ATen/core
copying build/lib.linux-ppc64le-3.7/torch/include/ATen/core/Dict.h -> /castles/nr/projects/d/duanj-ai-in-medical-imaging/.share/conda-env/ml/lib/python3.7/site-packages/torch/include/ATen/core
copying build/lib.linux-ppc64le-3.7/torch/include/ATen/core/Dict_inl.h -> /castles/nr/projects/d/duanj-ai-in-medical-imaging/.share/conda-env/ml/lib/python3.7/site-packages/torch/include/ATen/core
copying build/lib.linux-ppc64le-3.7/torch/include/ATen/core/aten_interned_strings.h -> /castles/nr/projects/d/duanj-ai-in-medical-imaging/.share/conda-env/ml/lib/python3.7/site-packages/torch/include/ATen/core
copying build/lib.linux-ppc64le-3.7/torch/include/ATen/core/Reduction.h -> /castles/nr/projects/d/duanj-ai-in-medical-imaging/.share/conda-env/ml/lib/python3.7/site-packages/torch/include/ATen/core
copying build/lib.linux-ppc64le-3.7/torch/include/ATen/core/stack.h -> /castles/nr/projects/d/duanj-ai-in-medical-imaging/.share/conda-env/ml/lib/python3.7/site-packages/torch/include/ATen/core
copying build/lib.linux-ppc64le-3.7/torch/include/ATen/core/functional.h -> /castles/nr/projects/d/duanj-ai-in-medical-imaging/.share/conda-env/ml/lib/python3.7/site-packages/torch/include/ATen/core
copying build/lib.linux-ppc64le-3.7/torch/include/ATen/core/typeid.h -> /castles/nr/projects/d/duanj-ai-in-medical-imaging/.share/conda-env/ml/lib/python3.7/site-packages/torch/include/ATen/core
copying build/lib.linux-ppc64le-3.7/torch/include/ATen/core/DeprecatedTypeProperties.h -> /castles/nr/projects/d/duanj-ai-in-medical-imaging/.share/conda-env/ml/lib/python3.7/site-packages/torch/include/ATen/core
copying build/lib.linux-ppc64le-3.7/torch/include/ATen/core/ATenGeneral.h -> /castles/nr/projects/d/duanj-ai-in-medical-imaging/.share/conda-env/ml/lib/python3.7/site-packages/torch/include/ATen/core
copying build/lib.linux-ppc64le-3.7/torch/include/ATen/core/Formatting.h -> /castles/nr/projects/d/duanj-ai-in-medical-imaging/.share/conda-env/ml/lib/python3.7/site-packages/torch/include/ATen/core
copying build/lib.linux-ppc64le-3.7/torch/include/ATen/core/LegacyTypeDispatch.h -> /castles/nr/projects/d/duanj-ai-in-medical-imaging/.share/conda-env/ml/lib/python3.7/site-packages/torch/include/ATen/core
creating /castles/nr/projects/d/duanj-ai-in-medical-imaging/.share/conda-env/ml/lib/python3.7/site-packages/torch/include/ATen/core/boxing
creating /castles/nr/projects/d/duanj-ai-in-medical-imaging/.share/conda-env/ml/lib/python3.7/site-packages/torch/include/ATen/core/boxing/impl
copying build/lib.linux-ppc64le-3.7/torch/include/ATen/core/boxing/impl/WrapFunctionIntoFunctor.h -> /castles/nr/projects/d/duanj-ai-in-medical-imaging/.share/conda-env/ml/lib/python3.7/site-packages/torch/include/ATen/core/boxing/impl
copying build/lib.linux-ppc64le-3.7/torch/include/ATen/core/boxing/impl/test_helpers.h -> /castles/nr/projects/d/duanj-ai-in-medical-imaging/.share/conda-env/ml/lib/python3.7/site-packages/torch/include/ATen/core/boxing/impl
copying build/lib.linux-ppc64le-3.7/torch/include/ATen/core/boxing/impl/make_boxed_from_unboxed_functor.h -> /castles/nr/projects/d/duanj-ai-in-medical-imaging/.share/conda-env/ml/lib/python3.7/site-packages/torch/include/ATen/core/boxing/impl
copying build/lib.linux-ppc64le-3.7/torch/include/ATen/core/boxing/impl/WrapFunctionIntoRuntimeFunctor.h -> /castles/nr/projects/d/duanj-ai-in-medical-imaging/.share/conda-env/ml/lib/python3.7/site-packages/torch/include/ATen/core/boxing/impl
copying build/lib.linux-ppc64le-3.7/torch/include/ATen/core/boxing/impl/boxing.h -> /castles/nr/projects/d/duanj-ai-in-medical-imaging/.share/conda-env/ml/lib/python3.7/site-packages/torch/include/ATen/core/boxing/impl
copying build/lib.linux-ppc64le-3.7/torch/include/ATen/core/boxing/KernelFunction.h -> /castles/nr/projects/d/duanj-ai-in-medical-imaging/.share/conda-env/ml/lib/python3.7/site-packages/torch/include/ATen/core/boxing
copying build/lib.linux-ppc64le-3.7/torch/include/ATen/core/boxing/KernelFunction_impl.h -> /castles/nr/projects/d/duanj-ai-in-medical-imaging/.share/conda-env/ml/lib/python3.7/site-packages/torch/include/ATen/core/boxing
copying build/lib.linux-ppc64le-3.7/torch/include/ATen/core/TransformationHelper.h -> /castles/nr/projects/d/duanj-ai-in-medical-imaging/.share/conda-env/ml/lib/python3.7/site-packages/torch/include/ATen/core
copying build/lib.linux-ppc64le-3.7/torch/include/ATen/core/Backtrace.h -> /castles/nr/projects/d/duanj-ai-in-medical-imaging/.share/conda-env/ml/lib/python3.7/site-packages/torch/include/ATen/core
copying build/lib.linux-ppc64le-3.7/torch/include/ATen/core/Macros.h -> /castles/nr/projects/d/duanj-ai-in-medical-imaging/.share/conda-env/ml/lib/python3.7/site-packages/torch/include/ATen/core
copying build/lib.linux-ppc64le-3.7/torch/include/ATen/core/UndefinedTensorImpl.h -> /castles/nr/projects/d/duanj-ai-in-medical-imaging/.share/conda-env/ml/lib/python3.7/site-packages/torch/include/ATen/core
copying build/lib.linux-ppc64le-3.7/torch/include/ATen/core/PhiloxRNGEngine.h -> /castles/nr/projects/d/duanj-ai-in-medical-imaging/.share/conda-env/ml/lib/python3.7/site-packages/torch/include/ATen/core
copying build/lib.linux-ppc64le-3.7/torch/include/ATen/core/Dimname.h -> /castles/nr/projects/d/duanj-ai-in-medical-imaging/.share/conda-env/ml/lib/python3.7/site-packages/torch/include/ATen/core
copying build/lib.linux-ppc64le-3.7/torch/include/ATen/core/Variadic.h -> /castles/nr/projects/d/duanj-ai-in-medical-imaging/.share/conda-env/ml/lib/python3.7/site-packages/torch/include/ATen/core
creating /castles/nr/projects/d/duanj-ai-in-medical-imaging/.share/conda-env/ml/lib/python3.7/site-packages/torch/include/ATen/core/dispatch
copying build/lib.linux-ppc64le-3.7/torch/include/ATen/core/dispatch/OperatorOptions.h -> /castles/nr/projects/d/duanj-ai-in-medical-imaging/.share/conda-env/ml/lib/python3.7/site-packages/torch/include/ATen/core/dispatch
copying build/lib.linux-ppc64le-3.7/torch/include/ATen/core/dispatch/DispatchKeyExtractor.h -> /castles/nr/projects/d/duanj-ai-in-medical-imaging/.share/conda-env/ml/lib/python3.7/site-packages/torch/include/ATen/core/dispatch
copying build/lib.linux-ppc64le-3.7/torch/include/ATen/core/dispatch/RegistrationHandleRAII.h -> /castles/nr/projects/d/duanj-ai-in-medical-imaging/.share/conda-env/ml/lib/python3.7/site-packages/torch/include/ATen/core/dispatch
copying build/lib.linux-ppc64le-3.7/torch/include/ATen/core/dispatch/ObservedOperators.h -> /castles/nr/projects/d/duanj-ai-in-medical-imaging/.share/conda-env/ml/lib/python3.7/site-packages/torch/include/ATen/core/dispatch
copying build/lib.linux-ppc64le-3.7/torch/include/ATen/core/dispatch/OperatorEntry.h -> /castles/nr/projects/d/duanj-ai-in-medical-imaging/.share/conda-env/ml/lib/python3.7/site-packages/torch/include/ATen/core/dispatch
copying build/lib.linux-ppc64le-3.7/torch/include/ATen/core/dispatch/Dispatcher.h -> /castles/nr/projects/d/duanj-ai-in-medical-imaging/.share/conda-env/ml/lib/python3.7/site-packages/torch/include/ATen/core/dispatch
copying build/lib.linux-ppc64le-3.7/torch/include/ATen/core/dispatch/CppSignature.h -> /castles/nr/projects/d/duanj-ai-in-medical-imaging/.share/conda-env/ml/lib/python3.7/site-packages/torch/include/ATen/core/dispatch
copying build/lib.linux-ppc64le-3.7/torch/include/ATen/core/TensorAccessor.h -> /castles/nr/projects/d/duanj-ai-in-medical-imaging/.share/conda-env/ml/lib/python3.7/site-packages/torch/include/ATen/core
copying build/lib.linux-ppc64le-3.7/torch/include/ATen/core/rref_interface.h -> /castles/nr/projects/d/duanj-ai-in-medical-imaging/.share/conda-env/ml/lib/python3.7/site-packages/torch/include/ATen/core
copying build/lib.linux-ppc64le-3.7/torch/include/ATen/core/grad_mode.h -> /castles/nr/projects/d/duanj-ai-in-medical-imaging/.share/conda-env/ml/lib/python3.7/site-packages/torch/include/ATen/core
copying build/lib.linux-ppc64le-3.7/torch/include/ATen/core/List_inl.h -> /castles/nr/projects/d/duanj-ai-in-medical-imaging/.share/conda-env/ml/lib/python3.7/site-packages/torch/include/ATen/core
copying build/lib.linux-ppc64le-3.7/torch/include/ATen/core/Scalar.h -> /castles/nr/projects/d/duanj-ai-in-medical-imaging/.share/conda-env/ml/lib/python3.7/site-packages/torch/include/ATen/core
copying build/lib.linux-ppc64le-3.7/torch/include/ATen/core/Range.h -> /castles/nr/projects/d/duanj-ai-in-medical-imaging/.share/conda-env/ml/lib/python3.7/site-packages/torch/include/ATen/core
copying build/lib.linux-ppc64le-3.7/torch/include/ATen/core/VariableHooksInterface.h -> /castles/nr/projects/d/duanj-ai-in-medical-imaging/.share/conda-env/ml/lib/python3.7/site-packages/torch/include/ATen/core
copying build/lib.linux-ppc64le-3.7/torch/include/ATen/core/alias_info.h -> /castles/nr/projects/d/duanj-ai-in-medical-imaging/.share/conda-env/ml/lib/python3.7/site-packages/torch/include/ATen/core
copying build/lib.linux-ppc64le-3.7/torch/include/ATen/core/qualified_name.h -> /castles/nr/projects/d/duanj-ai-in-medical-imaging/.share/conda-env/ml/lib/python3.7/site-packages/torch/include/ATen/core
copying build/lib.linux-ppc64le-3.7/torch/include/ATen/core/DimVector.h -> /castles/nr/projects/d/duanj-ai-in-medical-imaging/.share/conda-env/ml/lib/python3.7/site-packages/torch/include/ATen/core
copying build/lib.linux-ppc64le-3.7/torch/include/ATen/core/UnsafeFromTH.h -> /castles/nr/projects/d/duanj-ai-in-medical-imaging/.share/conda-env/ml/lib/python3.7/site-packages/torch/include/ATen/core
copying build/lib.linux-ppc64le-3.7/torch/include/ATen/core/interned_strings.h -> /castles/nr/projects/d/duanj-ai-in-medical-imaging/.share/conda-env/ml/lib/python3.7/site-packages/torch/include/ATen/core
copying build/lib.linux-ppc64le-3.7/torch/include/ATen/core/TensorBody.h -> /castles/nr/projects/d/duanj-ai-in-medical-imaging/.share/conda-env/ml/lib/python3.7/site-packages/torch/include/ATen/core
copying build/lib.linux-ppc64le-3.7/torch/include/ATen/core/NamedTensor.h -> /castles/nr/projects/d/duanj-ai-in-medical-imaging/.share/conda-env/ml/lib/python3.7/site-packages/torch/include/ATen/core
copying build/lib.linux-ppc64le-3.7/torch/include/ATen/core/DeprecatedTypePropertiesRegistry.h -> /castles/nr/projects/d/duanj-ai-in-medical-imaging/.share/conda-env/ml/lib/python3.7/site-packages/torch/include/ATen/core
copying build/lib.linux-ppc64le-3.7/torch/include/ATen/core/builtin_function.h -> /castles/nr/projects/d/duanj-ai-in-medical-imaging/.share/conda-env/ml/lib/python3.7/site-packages/torch/include/ATen/core
copying build/lib.linux-ppc64le-3.7/torch/include/ATen/core/MT19937RNGEngine.h -> /castles/nr/projects/d/duanj-ai-in-medical-imaging/.share/conda-env/ml/lib/python3.7/site-packages/torch/include/ATen/core
copying build/lib.linux-ppc64le-3.7/torch/include/ATen/PTThreadPool.h -> /castles/nr/projects/d/duanj-ai-in-medical-imaging/.share/conda-env/ml/lib/python3.7/site-packages/torch/include/ATen
copying build/lib.linux-ppc64le-3.7/torch/include/ATen/SmallVector.h -> /castles/nr/projects/d/duanj-ai-in-medical-imaging/.share/conda-env/ml/lib/python3.7/site-packages/torch/include/ATen
copying build/lib.linux-ppc64le-3.7/torch/include/ATen/Generator.h -> /castles/nr/projects/d/duanj-ai-in-medical-imaging/.share/conda-env/ml/lib/python3.7/site-packages/torch/include/ATen
copying build/lib.linux-ppc64le-3.7/torch/include/ATen/AccumulateType.h -> /castles/nr/projects/d/duanj-ai-in-medical-imaging/.share/conda-env/ml/lib/python3.7/site-packages/torch/include/ATen
copying build/lib.linux-ppc64le-3.7/torch/include/ATen/autocast_mode.h -> /castles/nr/projects/d/duanj-ai-in-medical-imaging/.share/conda-env/ml/lib/python3.7/site-packages/torch/include/ATen
creating /castles/nr/projects/d/duanj-ai-in-medical-imaging/.share/conda-env/ml/lib/python3.7/site-packages/torch/include/ATen/detail
copying build/lib.linux-ppc64le-3.7/torch/include/ATen/detail/CPUGuardImpl.h -> /castles/nr/projects/d/duanj-ai-in-medical-imaging/.share/conda-env/ml/lib/python3.7/site-packages/torch/include/ATen/detail
copying build/lib.linux-ppc64le-3.7/torch/include/ATen/detail/FunctionTraits.h -> /castles/nr/projects/d/duanj-ai-in-medical-imaging/.share/conda-env/ml/lib/python3.7/site-packages/torch/include/ATen/detail
copying build/lib.linux-ppc64le-3.7/torch/include/ATen/detail/HIPHooksInterface.h -> /castles/nr/projects/d/duanj-ai-in-medical-imaging/.share/conda-env/ml/lib/python3.7/site-packages/torch/include/ATen/detail
copying build/lib.linux-ppc64le-3.7/torch/include/ATen/detail/CUDAHooksInterface.h -> /castles/nr/projects/d/duanj-ai-in-medical-imaging/.share/conda-env/ml/lib/python3.7/site-packages/torch/include/ATen/detail
copying build/lib.linux-ppc64le-3.7/torch/include/ATen/Tensor.h -> /castles/nr/projects/d/duanj-ai-in-medical-imaging/.share/conda-env/ml/lib/python3.7/site-packages/torch/include/ATen
copying build/lib.linux-ppc64le-3.7/torch/include/ATen/WrapDimUtilsMulti.h -> /castles/nr/projects/d/duanj-ai-in-medical-imaging/.share/conda-env/ml/lib/python3.7/site-packages/torch/include/ATen
copying build/lib.linux-ppc64le-3.7/torch/include/ATen/ParallelNativeTBB.h -> /castles/nr/projects/d/duanj-ai-in-medical-imaging/.share/conda-env/ml/lib/python3.7/site-packages/torch/include/ATen
creating /castles/nr/projects/d/duanj-ai-in-medical-imaging/.share/conda-env/ml/lib/python3.7/site-packages/torch/include/ATen/quantized
copying build/lib.linux-ppc64le-3.7/torch/include/ATen/quantized/Quantizer.h -> /castles/nr/projects/d/duanj-ai-in-medical-imaging/.share/conda-env/ml/lib/python3.7/site-packages/torch/include/ATen/quantized
copying build/lib.linux-ppc64le-3.7/torch/include/ATen/quantized/QTensorImpl.h -> /castles/nr/projects/d/duanj-ai-in-medical-imaging/.share/conda-env/ml/lib/python3.7/site-packages/torch/include/ATen/quantized
copying build/lib.linux-ppc64le-3.7/torch/include/ATen/TensorNames.h -> /castles/nr/projects/d/duanj-ai-in-medical-imaging/.share/conda-env/ml/lib/python3.7/site-packages/torch/include/ATen
copying build/lib.linux-ppc64le-3.7/torch/include/ATen/MemoryOverlap.h -> /castles/nr/projects/d/duanj-ai-in-medical-imaging/.share/conda-env/ml/lib/python3.7/site-packages/torch/include/ATen
copying build/lib.linux-ppc64le-3.7/torch/include/ATen/Dispatch.h -> /castles/nr/projects/d/duanj-ai-in-medical-imaging/.share/conda-env/ml/lib/python3.7/site-packages/torch/include/ATen
copying build/lib.linux-ppc64le-3.7/torch/include/ATen/ScalarType.h -> /castles/nr/projects/d/duanj-ai-in-medical-imaging/.share/conda-env/ml/lib/python3.7/site-packages/torch/include/ATen
copying build/lib.linux-ppc64le-3.7/torch/include/ATen/TensorUtils.h -> /castles/nr/projects/d/duanj-ai-in-medical-imaging/.share/conda-env/ml/lib/python3.7/site-packages/torch/include/ATen
copying build/lib.linux-ppc64le-3.7/torch/include/ATen/MatrixRef.h -> /castles/nr/projects/d/duanj-ai-in-medical-imaging/.share/conda-env/ml/lib/python3.7/site-packages/torch/include/ATen
copying build/lib.linux-ppc64le-3.7/torch/include/ATen/LegacyTHFunctionsCUDA.h -> /castles/nr/projects/d/duanj-ai-in-medical-imaging/.share/conda-env/ml/lib/python3.7/site-packages/torch/include/ATen
copying build/lib.linux-ppc64le-3.7/torch/include/ATen/NamedTensorUtils.h -> /castles/nr/projects/d/duanj-ai-in-medical-imaging/.share/conda-env/ml/lib/python3.7/site-packages/torch/include/ATen
copying build/lib.linux-ppc64le-3.7/torch/include/ATen/ScalarOps.h -> /castles/nr/projects/d/duanj-ai-in-medical-imaging/.share/conda-env/ml/lib/python3.7/site-packages/torch/include/ATen
copying build/lib.linux-ppc64le-3.7/torch/include/ATen/dlpack.h -> /castles/nr/projects/d/duanj-ai-in-medical-imaging/.share/conda-env/ml/lib/python3.7/site-packages/torch/include/ATen
copying build/lib.linux-ppc64le-3.7/torch/include/ATen/TracerMode.h -> /castles/nr/projects/d/duanj-ai-in-medical-imaging/.share/conda-env/ml/lib/python3.7/site-packages/torch/include/ATen
copying build/lib.linux-ppc64le-3.7/torch/include/ATen/WrapDimUtils.h -> /castles/nr/projects/d/duanj-ai-in-medical-imaging/.share/conda-env/ml/lib/python3.7/site-packages/torch/include/ATen
copying build/lib.linux-ppc64le-3.7/torch/include/ATen/QuantizedCUDAType.h -> /castles/nr/projects/d/duanj-ai-in-medical-imaging/.share/conda-env/ml/lib/python3.7/site-packages/torch/include/ATen
copying build/lib.linux-ppc64le-3.7/torch/include/ATen/NativeFunctions.h -> /castles/nr/projects/d/duanj-ai-in-medical-imaging/.share/conda-env/ml/lib/python3.7/site-packages/torch/include/ATen
copying build/lib.linux-ppc64le-3.7/torch/include/ATen/Version.h -> /castles/nr/projects/d/duanj-ai-in-medical-imaging/.share/conda-env/ml/lib/python3.7/site-packages/torch/include/ATen
copying build/lib.linux-ppc64le-3.7/torch/include/ATen/OpaqueTensorImpl.h -> /castles/nr/projects/d/duanj-ai-in-medical-imaging/.share/conda-env/ml/lib/python3.7/site-packages/torch/include/ATen
copying build/lib.linux-ppc64le-3.7/torch/include/ATen/Context.h -> /castles/nr/projects/d/duanj-ai-in-medical-imaging/.share/conda-env/ml/lib/python3.7/site-packages/torch/include/ATen
copying build/lib.linux-ppc64le-3.7/torch/include/ATen/autocast_VS2017_helper.h -> /castles/nr/projects/d/duanj-ai-in-medical-imaging/.share/conda-env/ml/lib/python3.7/site-packages/torch/include/ATen
copying build/lib.linux-ppc64le-3.7/torch/include/ATen/Parallel.h -> /castles/nr/projects/d/duanj-ai-in-medical-imaging/.share/conda-env/ml/lib/python3.7/site-packages/torch/include/ATen
copying build/lib.linux-ppc64le-3.7/torch/include/ATen/DeviceGuard.h -> /castles/nr/projects/d/duanj-ai-in-medical-imaging/.share/conda-env/ml/lib/python3.7/site-packages/torch/include/ATen
copying build/lib.linux-ppc64le-3.7/torch/include/ATen/CUDAType.h -> /castles/nr/projects/d/duanj-ai-in-medical-imaging/.share/conda-env/ml/lib/python3.7/site-packages/torch/include/ATen
copying build/lib.linux-ppc64le-3.7/torch/include/ATen/ParallelNative.h -> /castles/nr/projects/d/duanj-ai-in-medical-imaging/.share/conda-env/ml/lib/python3.7/site-packages/torch/include/ATen
copying build/lib.linux-ppc64le-3.7/torch/include/ATen/Formatting.h -> /castles/nr/projects/d/duanj-ai-in-medical-imaging/.share/conda-env/ml/lib/python3.7/site-packages/torch/include/ATen
copying build/lib.linux-ppc64le-3.7/torch/include/ATen/TensorOperators.h -> /castles/nr/projects/d/duanj-ai-in-medical-imaging/.share/conda-env/ml/lib/python3.7/site-packages/torch/include/ATen
copying build/lib.linux-ppc64le-3.7/torch/include/ATen/TensorIndexing.h -> /castles/nr/projects/d/duanj-ai-in-medical-imaging/.share/conda-env/ml/lib/python3.7/site-packages/torch/include/ATen
copying build/lib.linux-ppc64le-3.7/torch/include/ATen/Layout.h -> /castles/nr/projects/d/duanj-ai-in-medical-imaging/.share/conda-env/ml/lib/python3.7/site-packages/torch/include/ATen
copying build/lib.linux-ppc64le-3.7/torch/include/ATen/Backtrace.h -> /castles/nr/projects/d/duanj-ai-in-medical-imaging/.share/conda-env/ml/lib/python3.7/site-packages/torch/include/ATen
copying build/lib.linux-ppc64le-3.7/torch/include/ATen/div_rtn.h -> /castles/nr/projects/d/duanj-ai-in-medical-imaging/.share/conda-env/ml/lib/python3.7/site-packages/torch/include/ATen
copying build/lib.linux-ppc64le-3.7/torch/include/ATen/Dimname.h -> /castles/nr/projects/d/duanj-ai-in-medical-imaging/.share/conda-env/ml/lib/python3.7/site-packages/torch/include/ATen
copying build/lib.linux-ppc64le-3.7/torch/include/ATen/Device.h -> /castles/nr/projects/d/duanj-ai-in-medical-imaging/.share/conda-env/ml/lib/python3.7/site-packages/torch/include/ATen
copying build/lib.linux-ppc64le-3.7/torch/include/ATen/LegacyTHFunctionsCPU.h -> /castles/nr/projects/d/duanj-ai-in-medical-imaging/.share/conda-env/ml/lib/python3.7/site-packages/torch/include/ATen
copying build/lib.linux-ppc64le-3.7/torch/include/ATen/MkldnnCPUType.h -> /castles/nr/projects/d/duanj-ai-in-medical-imaging/.share/conda-env/ml/lib/python3.7/site-packages/torch/include/ATen
copying build/lib.linux-ppc64le-3.7/torch/include/ATen/Config.h -> /castles/nr/projects/d/duanj-ai-in-medical-imaging/.share/conda-env/ml/lib/python3.7/site-packages/torch/include/ATen
copying build/lib.linux-ppc64le-3.7/torch/include/ATen/TensorAccessor.h -> /castles/nr/projects/d/duanj-ai-in-medical-imaging/.share/conda-env/ml/lib/python3.7/site-packages/torch/include/ATen
copying build/lib.linux-ppc64le-3.7/torch/include/ATen/CUDAGeneratorImpl.h -> /castles/nr/projects/d/duanj-ai-in-medical-imaging/.share/conda-env/ml/lib/python3.7/site-packages/torch/include/ATen
copying build/lib.linux-ppc64le-3.7/torch/include/ATen/SparseCUDAType.h -> /castles/nr/projects/d/duanj-ai-in-medical-imaging/.share/conda-env/ml/lib/python3.7/site-packages/torch/include/ATen
copying build/lib.linux-ppc64le-3.7/torch/include/ATen/Scalar.h -> /castles/nr/projects/d/duanj-ai-in-medical-imaging/.share/conda-env/ml/lib/python3.7/site-packages/torch/include/ATen
copying build/lib.linux-ppc64le-3.7/torch/include/ATen/SparseTensorUtils.h -> /castles/nr/projects/d/duanj-ai-in-medical-imaging/.share/conda-env/ml/lib/python3.7/site-packages/torch/include/ATen
copying build/lib.linux-ppc64le-3.7/torch/include/ATen/CPUType.h -> /castles/nr/projects/d/duanj-ai-in-medical-imaging/.share/conda-env/ml/lib/python3.7/site-packages/torch/include/ATen
copying build/lib.linux-ppc64le-3.7/torch/include/ATen/Functions.h -> /castles/nr/projects/d/duanj-ai-in-medical-imaging/.share/conda-env/ml/lib/python3.7/site-packages/torch/include/ATen
copying build/lib.linux-ppc64le-3.7/torch/include/ATen/CPUGeneratorImpl.h -> /castles/nr/projects/d/duanj-ai-in-medical-imaging/.share/conda-env/ml/lib/python3.7/site-packages/torch/include/ATen
creating /castles/nr/projects/d/duanj-ai-in-medical-imaging/.share/conda-env/ml/lib/python3.7/site-packages/torch/include/ATen/native
copying build/lib.linux-ppc64le-3.7/torch/include/ATen/native/group_norm.h -> /castles/nr/projects/d/duanj-ai-in-medical-imaging/.share/conda-env/ml/lib/python3.7/site-packages/torch/include/ATen/native
copying build/lib.linux-ppc64le-3.7/torch/include/ATen/native/BucketizationUtils.h -> /castles/nr/projects/d/duanj-ai-in-medical-imaging/.share/conda-env/ml/lib/python3.7/site-packages/torch/include/ATen/native
copying build/lib.linux-ppc64le-3.7/torch/include/ATen/native/TensorIteratorDynamicCasting.h -> /castles/nr/projects/d/duanj-ai-in-medical-imaging/.share/conda-env/ml/lib/python3.7/site-packages/torch/include/ATen/native
copying build/lib.linux-ppc64le-3.7/torch/include/ATen/native/RNN.h -> /castles/nr/projects/d/duanj-ai-in-medical-imaging/.share/conda-env/ml/lib/python3.7/site-packages/torch/include/ATen/native
copying build/lib.linux-ppc64le-3.7/torch/include/ATen/native/layer_norm.h -> /castles/nr/projects/d/duanj-ai-in-medical-imaging/.share/conda-env/ml/lib/python3.7/site-packages/torch/include/ATen/native
copying build/lib.linux-ppc64le-3.7/torch/include/ATen/native/TensorAdvancedIndexing.h -> /castles/nr/projects/d/duanj-ai-in-medical-imaging/.share/conda-env/ml/lib/python3.7/site-packages/torch/include/ATen/native
copying build/lib.linux-ppc64le-3.7/torch/include/ATen/native/GridSampler.h -> /castles/nr/projects/d/duanj-ai-in-medical-imaging/.share/conda-env/ml/lib/python3.7/site-packages/torch/include/ATen/native
copying build/lib.linux-ppc64le-3.7/torch/include/ATen/native/Activation.h -> /castles/nr/projects/d/duanj-ai-in-medical-imaging/.share/conda-env/ml/lib/python3.7/site-packages/torch/include/ATen/native
copying build/lib.linux-ppc64le-3.7/torch/include/ATen/native/ScatterGatherChecks.h -> /castles/nr/projects/d/duanj-ai-in-medical-imaging/.share/conda-env/ml/lib/python3.7/site-packages/torch/include/ATen/native
copying build/lib.linux-ppc64le-3.7/torch/include/ATen/native/TensorDimApply.h -> /castles/nr/projects/d/duanj-ai-in-medical-imaging/.share/conda-env/ml/lib/python3.7/site-packages/torch/include/ATen/native
copying build/lib.linux-ppc64le-3.7/torch/include/ATen/native/ReduceOpsUtils.h -> /castles/nr/projects/d/duanj-ai-in-medical-imaging/.share/conda-env/ml/lib/python3.7/site-packages/torch/include/ATen/native
copying build/lib.linux-ppc64le-3.7/torch/include/ATen/native/Repeat.h -> /castles/nr/projects/d/duanj-ai-in-medical-imaging/.share/conda-env/ml/lib/python3.7/site-packages/torch/include/ATen/native
copying build/lib.linux-ppc64le-3.7/torch/include/ATen/native/BinaryOps.h -> /castles/nr/projects/d/duanj-ai-in-medical-imaging/.share/conda-env/ml/lib/python3.7/site-packages/torch/include/ATen/native
copying build/lib.linux-ppc64le-3.7/torch/include/ATen/native/Unfold2d.h -> /castles/nr/projects/d/duanj-ai-in-medical-imaging/.share/conda-env/ml/lib/python3.7/site-packages/torch/include/ATen/native
copying build/lib.linux-ppc64le-3.7/torch/include/ATen/native/vol2col.h -> /castles/nr/projects/d/duanj-ai-in-medical-imaging/.share/conda-env/ml/lib/python3.7/site-packages/torch/include/ATen/native
creating /castles/nr/projects/d/duanj-ai-in-medical-imaging/.share/conda-env/ml/lib/python3.7/site-packages/torch/include/ATen/native/quantized
copying build/lib.linux-ppc64le-3.7/torch/include/ATen/native/quantized/Copy.h -> /castles/nr/projects/d/duanj-ai-in-medical-imaging/.share/conda-env/ml/lib/python3.7/site-packages/torch/include/ATen/native/quantized
copying build/lib.linux-ppc64le-3.7/torch/include/ATen/native/quantized/fake_quant_affine.h -> /castles/nr/projects/d/duanj-ai-in-medical-imaging/.share/conda-env/ml/lib/python3.7/site-packages/torch/include/ATen/native/quantized
copying build/lib.linux-ppc64le-3.7/torch/include/ATen/native/quantized/affine_quantizer.h -> /castles/nr/projects/d/duanj-ai-in-medical-imaging/.share/conda-env/ml/lib/python3.7/site-packages/torch/include/ATen/native/quantized
creating /castles/nr/projects/d/duanj-ai-in-medical-imaging/.share/conda-env/ml/lib/python3.7/site-packages/torch/include/ATen/native/quantized/cpu
copying build/lib.linux-ppc64le-3.7/torch/include/ATen/native/quantized/cpu/quantized_ops.h -> /castles/nr/projects/d/duanj-ai-in-medical-imaging/.share/conda-env/ml/lib/python3.7/site-packages/torch/include/ATen/native/quantized/cpu
copying build/lib.linux-ppc64le-3.7/torch/include/ATen/native/quantized/cpu/fbgemm_utils.h -> /castles/nr/projects/d/duanj-ai-in-medical-imaging/.share/conda-env/ml/lib/python3.7/site-packages/torch/include/ATen/native/quantized/cpu
copying build/lib.linux-ppc64le-3.7/torch/include/ATen/native/quantized/cpu/conv_packed_params.h -> /castles/nr/projects/d/duanj-ai-in-medical-imaging/.share/conda-env/ml/lib/python3.7/site-packages/torch/include/ATen/native/quantized/cpu
copying build/lib.linux-ppc64le-3.7/torch/include/ATen/native/quantized/cpu/qnnpack_utils.h -> /castles/nr/projects/d/duanj-ai-in-medical-imaging/.share/conda-env/ml/lib/python3.7/site-packages/torch/include/ATen/native/quantized/cpu
copying build/lib.linux-ppc64le-3.7/torch/include/ATen/native/quantized/cpu/packed_params.h -> /castles/nr/projects/d/duanj-ai-in-medical-imaging/.share/conda-env/ml/lib/python3.7/site-packages/torch/include/ATen/native/quantized/cpu
copying build/lib.linux-ppc64le-3.7/torch/include/ATen/native/quantized/cpu/quant_utils.h -> /castles/nr/projects/d/duanj-ai-in-medical-imaging/.share/conda-env/ml/lib/python3.7/site-packages/torch/include/ATen/native/quantized/cpu
copying build/lib.linux-ppc64le-3.7/torch/include/ATen/native/quantized/cpu/init_qnnpack.h -> /castles/nr/projects/d/duanj-ai-in-medical-imaging/.share/conda-env/ml/lib/python3.7/site-packages/torch/include/ATen/native/quantized/cpu
copying build/lib.linux-ppc64le-3.7/torch/include/ATen/native/batch_norm.h -> /castles/nr/projects/d/duanj-ai-in-medical-imaging/.share/conda-env/ml/lib/python3.7/site-packages/torch/include/ATen/native
copying build/lib.linux-ppc64le-3.7/torch/include/ATen/native/Sorting.h -> /castles/nr/projects/d/duanj-ai-in-medical-imaging/.share/conda-env/ml/lib/python3.7/site-packages/torch/include/ATen/native
copying build/lib.linux-ppc64le-3.7/torch/include/ATen/native/SortingUtils.h -> /castles/nr/projects/d/duanj-ai-in-medical-imaging/.share/conda-env/ml/lib/python3.7/site-packages/torch/include/ATen/native
copying build/lib.linux-ppc64le-3.7/torch/include/ATen/native/TensorCompare.h -> /castles/nr/projects/d/duanj-ai-in-medical-imaging/.share/conda-env/ml/lib/python3.7/site-packages/torch/include/ATen/native
copying build/lib.linux-ppc64le-3.7/torch/include/ATen/native/DispatchStub.h -> /castles/nr/projects/d/duanj-ai-in-medical-imaging/.share/conda-env/ml/lib/python3.7/site-packages/torch/include/ATen/native
copying build/lib.linux-ppc64le-3.7/torch/include/ATen/native/Resize.h -> /castles/nr/projects/d/duanj-ai-in-medical-imaging/.share/conda-env/ml/lib/python3.7/site-packages/torch/include/ATen/native
copying build/lib.linux-ppc64le-3.7/torch/include/ATen/native/LinearAlgebraUtils.h -> /castles/nr/projects/d/duanj-ai-in-medical-imaging/.share/conda-env/ml/lib/python3.7/site-packages/torch/include/ATen/native
copying build/lib.linux-ppc64le-3.7/torch/include/ATen/native/ConvUtils.h -> /castles/nr/projects/d/duanj-ai-in-medical-imaging/.share/conda-env/ml/lib/python3.7/site-packages/torch/include/ATen/native
copying build/lib.linux-ppc64le-3.7/torch/include/ATen/native/im2col.h -> /castles/nr/projects/d/duanj-ai-in-medical-imaging/.share/conda-env/ml/lib/python3.7/site-packages/torch/include/ATen/native
copying build/lib.linux-ppc64le-3.7/torch/include/ATen/native/Cross.h -> /castles/nr/projects/d/duanj-ai-in-medical-imaging/.share/conda-env/ml/lib/python3.7/site-packages/torch/include/ATen/native
copying build/lib.linux-ppc64le-3.7/torch/include/ATen/native/TriangularOpsUtils.h -> /castles/nr/projects/d/duanj-ai-in-medical-imaging/.share/conda-env/ml/lib/python3.7/site-packages/torch/include/ATen/native
copying build/lib.linux-ppc64le-3.7/torch/include/ATen/native/IndexingUtils.h -> /castles/nr/projects/d/duanj-ai-in-medical-imaging/.share/conda-env/ml/lib/python3.7/site-packages/torch/include/ATen/native
copying build/lib.linux-ppc64le-3.7/torch/include/ATen/native/UnfoldBackward.h -> /castles/nr/projects/d/duanj-ai-in-medical-imaging/.share/conda-env/ml/lib/python3.7/site-packages/torch/include/ATen/native
copying build/lib.linux-ppc64le-3.7/torch/include/ATen/native/Distance.h -> /castles/nr/projects/d/duanj-ai-in-medical-imaging/.share/conda-env/ml/lib/python3.7/site-packages/torch/include/ATen/native
copying build/lib.linux-ppc64le-3.7/torch/include/ATen/native/Lerp.h -> /castles/nr/projects/d/duanj-ai-in-medical-imaging/.share/conda-env/ml/lib/python3.7/site-packages/torch/include/ATen/native
copying build/lib.linux-ppc64le-3.7/torch/include/ATen/native/SpectralOpsUtils.h -> /castles/nr/projects/d/duanj-ai-in-medical-imaging/.share/conda-env/ml/lib/python3.7/site-packages/torch/include/ATen/native
copying build/lib.linux-ppc64le-3.7/torch/include/ATen/native/Pool.h -> /castles/nr/projects/d/duanj-ai-in-medical-imaging/.share/conda-env/ml/lib/python3.7/site-packages/torch/include/ATen/native
copying build/lib.linux-ppc64le-3.7/torch/include/ATen/native/Distributions.h -> /castles/nr/projects/d/duanj-ai-in-medical-imaging/.share/conda-env/ml/lib/python3.7/site-packages/torch/include/ATen/native
copying build/lib.linux-ppc64le-3.7/torch/include/ATen/native/ReduceAllOps.h -> /castles/nr/projects/d/duanj-ai-in-medical-imaging/.share/conda-env/ml/lib/python3.7/site-packages/torch/include/ATen/native
copying build/lib.linux-ppc64le-3.7/torch/include/ATen/native/TensorIterator.h -> /castles/nr/projects/d/duanj-ai-in-medical-imaging/.share/conda-env/ml/lib/python3.7/site-packages/torch/include/ATen/native
copying build/lib.linux-ppc64le-3.7/torch/include/ATen/native/TensorFactories.h -> /castles/nr/projects/d/duanj-ai-in-medical-imaging/.share/conda-env/ml/lib/python3.7/site-packages/torch/include/ATen/native
copying build/lib.linux-ppc64le-3.7/torch/include/ATen/native/SobolEngineOpsUtils.h -> /castles/nr/projects/d/duanj-ai-in-medical-imaging/.share/conda-env/ml/lib/python3.7/site-packages/torch/include/ATen/native
copying build/lib.linux-ppc64le-3.7/torch/include/ATen/native/Copy.h -> /castles/nr/projects/d/duanj-ai-in-medical-imaging/.share/conda-env/ml/lib/python3.7/site-packages/torch/include/ATen/native
copying build/lib.linux-ppc64le-3.7/torch/include/ATen/native/im2col_shape_check.h -> /castles/nr/projects/d/duanj-ai-in-medical-imaging/.share/conda-env/ml/lib/python3.7/site-packages/torch/include/ATen/native
copying build/lib.linux-ppc64le-3.7/torch/include/ATen/native/UpSample.h -> /castles/nr/projects/d/duanj-ai-in-medical-imaging/.share/conda-env/ml/lib/python3.7/site-packages/torch/include/ATen/native
copying build/lib.linux-ppc64le-3.7/torch/include/ATen/native/ReduceOps.h -> /castles/nr/projects/d/duanj-ai-in-medical-imaging/.share/conda-env/ml/lib/python3.7/site-packages/torch/include/ATen/native
copying build/lib.linux-ppc64le-3.7/torch/include/ATen/native/Pow.h -> /castles/nr/projects/d/duanj-ai-in-medical-imaging/.share/conda-env/ml/lib/python3.7/site-packages/torch/include/ATen/native
copying build/lib.linux-ppc64le-3.7/torch/include/ATen/native/Fill.h -> /castles/nr/projects/d/duanj-ai-in-medical-imaging/.share/conda-env/ml/lib/python3.7/site-packages/torch/include/ATen/native
copying build/lib.linux-ppc64le-3.7/torch/include/ATen/native/SharedReduceOps.h -> /castles/nr/projects/d/duanj-ai-in-medical-imaging/.share/conda-env/ml/lib/python3.7/site-packages/torch/include/ATen/native
copying build/lib.linux-ppc64le-3.7/torch/include/ATen/native/ResizeCommon.h -> /castles/nr/projects/d/duanj-ai-in-medical-imaging/.share/conda-env/ml/lib/python3.7/site-packages/torch/include/ATen/native
copying build/lib.linux-ppc64le-3.7/torch/include/ATen/native/ComplexHelper.h -> /castles/nr/projects/d/duanj-ai-in-medical-imaging/.share/conda-env/ml/lib/python3.7/site-packages/torch/include/ATen/native
copying build/lib.linux-ppc64le-3.7/torch/include/ATen/native/DilatedConvolutionUtils.h -> /castles/nr/projects/d/duanj-ai-in-medical-imaging/.share/conda-env/ml/lib/python3.7/site-packages/torch/include/ATen/native
copying build/lib.linux-ppc64le-3.7/torch/include/ATen/native/TensorTransformations.h -> /castles/nr/projects/d/duanj-ai-in-medical-imaging/.share/conda-env/ml/lib/python3.7/site-packages/torch/include/ATen/native
copying build/lib.linux-ppc64le-3.7/torch/include/ATen/native/Math.h -> /castles/nr/projects/d/duanj-ai-in-medical-imaging/.share/conda-env/ml/lib/python3.7/site-packages/torch/include/ATen/native
copying build/lib.linux-ppc64le-3.7/torch/include/ATen/native/DistributionTemplates.h -> /castles/nr/projects/d/duanj-ai-in-medical-imaging/.share/conda-env/ml/lib/python3.7/site-packages/torch/include/ATen/native
copying build/lib.linux-ppc64le-3.7/torch/include/ATen/native/Unfold3d.h -> /castles/nr/projects/d/duanj-ai-in-medical-imaging/.share/conda-env/ml/lib/python3.7/site-packages/torch/include/ATen/native
copying build/lib.linux-ppc64le-3.7/torch/include/ATen/native/TypeProperties.h -> /castles/nr/projects/d/duanj-ai-in-medical-imaging/.share/conda-env/ml/lib/python3.7/site-packages/torch/include/ATen/native
creating /castles/nr/projects/d/duanj-ai-in-medical-imaging/.share/conda-env/ml/lib/python3.7/site-packages/torch/include/ATen/native/cpu
copying build/lib.linux-ppc64le-3.7/torch/include/ATen/native/cpu/SoftmaxKernel.h -> /castles/nr/projects/d/duanj-ai-in-medical-imaging/.share/conda-env/ml/lib/python3.7/site-packages/torch/include/ATen/native/cpu
copying build/lib.linux-ppc64le-3.7/torch/include/ATen/native/cpu/avx_mathfun.h -> /castles/nr/projects/d/duanj-ai-in-medical-imaging/.share/conda-env/ml/lib/python3.7/site-packages/torch/include/ATen/native/cpu
copying build/lib.linux-ppc64le-3.7/torch/include/ATen/native/cpu/zmath.h -> /castles/nr/projects/d/duanj-ai-in-medical-imaging/.share/conda-env/ml/lib/python3.7/site-packages/torch/include/ATen/native/cpu
copying build/lib.linux-ppc64le-3.7/torch/include/ATen/native/cpu/Loops.h -> /castles/nr/projects/d/duanj-ai-in-medical-imaging/.share/conda-env/ml/lib/python3.7/site-packages/torch/include/ATen/native/cpu
copying build/lib.linux-ppc64le-3.7/torch/include/ATen/native/cpu/AtomicAddFloat.h -> /castles/nr/projects/d/duanj-ai-in-medical-imaging/.share/conda-env/ml/lib/python3.7/site-packages/torch/include/ATen/native/cpu
copying build/lib.linux-ppc64le-3.7/torch/include/ATen/native/cpu/GridSamplerKernel.h -> /castles/nr/projects/d/duanj-ai-in-medical-imaging/.share/conda-env/ml/lib/python3.7/site-packages/torch/include/ATen/native/cpu
copying build/lib.linux-ppc64le-3.7/torch/include/ATen/native/cpu/Intrinsics.h -> /castles/nr/projects/d/duanj-ai-in-medical-imaging/.share/conda-env/ml/lib/python3.7/site-packages/torch/include/ATen/native/cpu
copying build/lib.linux-ppc64le-3.7/torch/include/ATen/native/cpu/CatKernel.h -> /castles/nr/projects/d/duanj-ai-in-medical-imaging/.share/conda-env/ml/lib/python3.7/site-packages/torch/include/ATen/native/cpu
copying build/lib.linux-ppc64le-3.7/torch/include/ATen/native/cpu/DistributionTemplates.h -> /castles/nr/projects/d/duanj-ai-in-medical-imaging/.share/conda-env/ml/lib/python3.7/site-packages/torch/include/ATen/native/cpu
copying build/lib.linux-ppc64le-3.7/torch/include/ATen/native/cpu/Reduce.h -> /castles/nr/projects/d/duanj-ai-in-medical-imaging/.share/conda-env/ml/lib/python3.7/site-packages/torch/include/ATen/native/cpu
copying build/lib.linux-ppc64le-3.7/torch/include/ATen/native/cpu/DepthwiseConvKernel.h -> /castles/nr/projects/d/duanj-ai-in-medical-imaging/.share/conda-env/ml/lib/python3.7/site-packages/torch/include/ATen/native/cpu
copying build/lib.linux-ppc64le-3.7/torch/include/ATen/native/cpu/IsContiguous.h -> /castles/nr/projects/d/duanj-ai-in-medical-imaging/.share/conda-env/ml/lib/python3.7/site-packages/torch/include/ATen/native/cpu
copying build/lib.linux-ppc64le-3.7/torch/include/ATen/native/CPUBlas.h -> /castles/nr/projects/d/duanj-ai-in-medical-imaging/.share/conda-env/ml/lib/python3.7/site-packages/torch/include/ATen/native
copying build/lib.linux-ppc64le-3.7/torch/include/ATen/native/UnaryOps.h -> /castles/nr/projects/d/duanj-ai-in-medical-imaging/.share/conda-env/ml/lib/python3.7/site-packages/torch/include/ATen/native
copying build/lib.linux-ppc64le-3.7/torch/include/ATen/native/PointwiseOps.h -> /castles/nr/projects/d/duanj-ai-in-medical-imaging/.share/conda-env/ml/lib/python3.7/site-packages/torch/include/ATen/native
copying build/lib.linux-ppc64le-3.7/torch/include/ATen/ExpandUtils.h -> /castles/nr/projects/d/duanj-ai-in-medical-imaging/.share/conda-env/ml/lib/python3.7/site-packages/torch/include/ATen
copying build/lib.linux-ppc64le-3.7/torch/include/ATen/DynamicLibrary.h -> /castles/nr/projects/d/duanj-ai-in-medical-imaging/.share/conda-env/ml/lib/python3.7/site-packages/torch/include/ATen
copying build/lib.linux-ppc64le-3.7/torch/include/ATen/DimVector.h -> /castles/nr/projects/d/duanj-ai-in-medical-imaging/.share/conda-env/ml/lib/python3.7/site-packages/torch/include/ATen
copying build/lib.linux-ppc64le-3.7/torch/include/ATen/CPUFixedAllocator.h -> /castles/nr/projects/d/duanj-ai-in-medical-imaging/.share/conda-env/ml/lib/python3.7/site-packages/torch/include/ATen
creating /castles/nr/projects/d/duanj-ai-in-medical-imaging/.share/conda-env/ml/lib/python3.7/site-packages/torch/include/ATen/cpu
copying build/lib.linux-ppc64le-3.7/torch/include/ATen/cpu/vml.h -> /castles/nr/projects/d/duanj-ai-in-medical-imaging/.share/conda-env/ml/lib/python3.7/site-packages/torch/include/ATen/cpu
copying build/lib.linux-ppc64le-3.7/torch/include/ATen/cpu/FlushDenormal.h -> /castles/nr/projects/d/duanj-ai-in-medical-imaging/.share/conda-env/ml/lib/python3.7/site-packages/torch/include/ATen/cpu
creating /castles/nr/projects/d/duanj-ai-in-medical-imaging/.share/conda-env/ml/lib/python3.7/site-packages/torch/include/ATen/cpu/vec256
copying build/lib.linux-ppc64le-3.7/torch/include/ATen/cpu/vec256/vec256_complex_float.h -> /castles/nr/projects/d/duanj-ai-in-medical-imaging/.share/conda-env/ml/lib/python3.7/site-packages/torch/include/ATen/cpu/vec256
copying build/lib.linux-ppc64le-3.7/torch/include/ATen/cpu/vec256/vec256_complex_double.h -> /castles/nr/projects/d/duanj-ai-in-medical-imaging/.share/conda-env/ml/lib/python3.7/site-packages/torch/include/ATen/cpu/vec256
copying build/lib.linux-ppc64le-3.7/torch/include/ATen/cpu/vec256/vec256_int.h -> /castles/nr/projects/d/duanj-ai-in-medical-imaging/.share/conda-env/ml/lib/python3.7/site-packages/torch/include/ATen/cpu/vec256
copying build/lib.linux-ppc64le-3.7/torch/include/ATen/cpu/vec256/intrinsics.h -> /castles/nr/projects/d/duanj-ai-in-medical-imaging/.share/conda-env/ml/lib/python3.7/site-packages/torch/include/ATen/cpu/vec256
copying build/lib.linux-ppc64le-3.7/torch/include/ATen/cpu/vec256/functional.h -> /castles/nr/projects/d/duanj-ai-in-medical-imaging/.share/conda-env/ml/lib/python3.7/site-packages/torch/include/ATen/cpu/vec256
copying build/lib.linux-ppc64le-3.7/torch/include/ATen/cpu/vec256/vec256_float.h -> /castles/nr/projects/d/duanj-ai-in-medical-imaging/.share/conda-env/ml/lib/python3.7/site-packages/torch/include/ATen/cpu/vec256
copying build/lib.linux-ppc64le-3.7/torch/include/ATen/cpu/vec256/vec256_double.h -> /castles/nr/projects/d/duanj-ai-in-medical-imaging/.share/conda-env/ml/lib/python3.7/site-packages/torch/include/ATen/cpu/vec256
copying build/lib.linux-ppc64le-3.7/torch/include/ATen/cpu/vec256/vec256_base.h -> /castles/nr/projects/d/duanj-ai-in-medical-imaging/.share/conda-env/ml/lib/python3.7/site-packages/torch/include/ATen/cpu/vec256
copying build/lib.linux-ppc64le-3.7/torch/include/ATen/cpu/vec256/vec256_bfloat16.h -> /castles/nr/projects/d/duanj-ai-in-medical-imaging/.share/conda-env/ml/lib/python3.7/site-packages/torch/include/ATen/cpu/vec256
copying build/lib.linux-ppc64le-3.7/torch/include/ATen/cpu/vec256/vec256_float_neon.h -> /castles/nr/projects/d/duanj-ai-in-medical-imaging/.share/conda-env/ml/lib/python3.7/site-packages/torch/include/ATen/cpu/vec256
copying build/lib.linux-ppc64le-3.7/torch/include/ATen/cpu/vec256/vec256_qint.h -> /castles/nr/projects/d/duanj-ai-in-medical-imaging/.share/conda-env/ml/lib/python3.7/site-packages/torch/include/ATen/cpu/vec256
copying build/lib.linux-ppc64le-3.7/torch/include/ATen/cpu/vec256/vec256.h -> /castles/nr/projects/d/duanj-ai-in-medical-imaging/.share/conda-env/ml/lib/python3.7/site-packages/torch/include/ATen/cpu/vec256
copying build/lib.linux-ppc64le-3.7/torch/include/ATen/ThreadLocalState.h -> /castles/nr/projects/d/duanj-ai-in-medical-imaging/.share/conda-env/ml/lib/python3.7/site-packages/torch/include/ATen
copying build/lib.linux-ppc64le-3.7/torch/include/ATen/QuantizedCPUType.h -> /castles/nr/projects/d/duanj-ai-in-medical-imaging/.share/conda-env/ml/lib/python3.7/site-packages/torch/include/ATen
copying build/lib.linux-ppc64le-3.7/torch/include/ATen/NumericUtils.h -> /castles/nr/projects/d/duanj-ai-in-medical-imaging/.share/conda-env/ml/lib/python3.7/site-packages/torch/include/ATen
copying build/lib.linux-ppc64le-3.7/torch/include/ATen/Backend.h -> /castles/nr/projects/d/duanj-ai-in-medical-imaging/.share/conda-env/ml/lib/python3.7/site-packages/torch/include/ATen
copying build/lib.linux-ppc64le-3.7/torch/include/ATen/InitialTensorOptions.h -> /castles/nr/projects/d/duanj-ai-in-medical-imaging/.share/conda-env/ml/lib/python3.7/site-packages/torch/include/ATen
copying build/lib.linux-ppc64le-3.7/torch/include/ATen/NamedTensor.h -> /castles/nr/projects/d/duanj-ai-in-medical-imaging/.share/conda-env/ml/lib/python3.7/site-packages/torch/include/ATen
copying build/lib.linux-ppc64le-3.7/torch/include/ATen/ArrayRef.h -> /castles/nr/projects/d/duanj-ai-in-medical-imaging/.share/conda-env/ml/lib/python3.7/site-packages/torch/include/ATen
copying build/lib.linux-ppc64le-3.7/torch/include/ATen/VmapTransforms.h -> /castles/nr/projects/d/duanj-ai-in-medical-imaging/.share/conda-env/ml/lib/python3.7/site-packages/torch/include/ATen
copying build/lib.linux-ppc64le-3.7/torch/include/ATen/CPUApplyUtils.h -> /castles/nr/projects/d/duanj-ai-in-medical-imaging/.share/conda-env/ml/lib/python3.7/site-packages/torch/include/ATen
copying build/lib.linux-ppc64le-3.7/torch/include/ATen/ParallelOpenMP.h -> /castles/nr/projects/d/duanj-ai-in-medical-imaging/.share/conda-env/ml/lib/python3.7/site-packages/torch/include/ATen
copying build/lib.linux-ppc64le-3.7/torch/include/ATen/Utils.h -> /castles/nr/projects/d/duanj-ai-in-medical-imaging/.share/conda-env/ml/lib/python3.7/site-packages/torch/include/ATen
copying build/lib.linux-ppc64le-3.7/torch/include/ATen/cpp_custom_type_hack.h -> /castles/nr/projects/d/duanj-ai-in-medical-imaging/.share/conda-env/ml/lib/python3.7/site-packages/torch/include/ATen
creating /castles/nr/projects/d/duanj-ai-in-medical-imaging/.share/conda-env/ml/lib/python3.7/site-packages/torch/include/THC
copying build/lib.linux-ppc64le-3.7/torch/include/THC/THCTensor.h -> /castles/nr/projects/d/duanj-ai-in-medical-imaging/.share/conda-env/ml/lib/python3.7/site-packages/torch/include/THC
copying build/lib.linux-ppc64le-3.7/torch/include/THC/THCTensorRandom.h -> /castles/nr/projects/d/duanj-ai-in-medical-imaging/.share/conda-env/ml/lib/python3.7/site-packages/torch/include/THC
copying build/lib.linux-ppc64le-3.7/torch/include/THC/THCReduce.cuh -> /castles/nr/projects/d/duanj-ai-in-medical-imaging/.share/conda-env/ml/lib/python3.7/site-packages/torch/include/THC
copying build/lib.linux-ppc64le-3.7/torch/include/THC/THCDeviceTensor.cuh -> /castles/nr/projects/d/duanj-ai-in-medical-imaging/.share/conda-env/ml/lib/python3.7/site-packages/torch/include/THC
copying build/lib.linux-ppc64le-3.7/torch/include/THC/THCGeneral.hpp -> /castles/nr/projects/d/duanj-ai-in-medical-imaging/.share/conda-env/ml/lib/python3.7/site-packages/torch/include/THC
copying build/lib.linux-ppc64le-3.7/torch/include/THC/THCStorage.hpp -> /castles/nr/projects/d/duanj-ai-in-medical-imaging/.share/conda-env/ml/lib/python3.7/site-packages/torch/include/THC
copying build/lib.linux-ppc64le-3.7/torch/include/THC/THCTensorMode.cuh -> /castles/nr/projects/d/duanj-ai-in-medical-imaging/.share/conda-env/ml/lib/python3.7/site-packages/torch/include/THC
copying build/lib.linux-ppc64le-3.7/torch/include/THC/THCTensorRandom.cuh -> /castles/nr/projects/d/duanj-ai-in-medical-imaging/.share/conda-env/ml/lib/python3.7/site-packages/torch/include/THC
copying build/lib.linux-ppc64le-3.7/torch/include/THC/THCTensorSort.cuh -> /castles/nr/projects/d/duanj-ai-in-medical-imaging/.share/conda-env/ml/lib/python3.7/site-packages/torch/include/THC
copying build/lib.linux-ppc64le-3.7/torch/include/THC/THCTensorMathReduce.cuh -> /castles/nr/projects/d/duanj-ai-in-medical-imaging/.share/conda-env/ml/lib/python3.7/site-packages/torch/include/THC
copying build/lib.linux-ppc64le-3.7/torch/include/THC/THCApply.cuh -> /castles/nr/projects/d/duanj-ai-in-medical-imaging/.share/conda-env/ml/lib/python3.7/site-packages/torch/include/THC
copying build/lib.linux-ppc64le-3.7/torch/include/THC/THCGenerateComplexTypes.h -> /castles/nr/projects/d/duanj-ai-in-medical-imaging/.share/conda-env/ml/lib/python3.7/site-packages/torch/include/THC
copying build/lib.linux-ppc64le-3.7/torch/include/THC/THCAsmUtils.cuh -> /castles/nr/projects/d/duanj-ai-in-medical-imaging/.share/conda-env/ml/lib/python3.7/site-packages/torch/include/THC
copying build/lib.linux-ppc64le-3.7/torch/include/THC/THCDeviceUtils.cuh -> /castles/nr/projects/d/duanj-ai-in-medical-imaging/.share/conda-env/ml/lib/python3.7/site-packages/torch/include/THC
copying build/lib.linux-ppc64le-3.7/torch/include/THC/THCGenerateShortType.h -> /castles/nr/projects/d/duanj-ai-in-medical-imaging/.share/conda-env/ml/lib/python3.7/site-packages/torch/include/THC
copying build/lib.linux-ppc64le-3.7/torch/include/THC/THCTensorTopK.cuh -> /castles/nr/projects/d/duanj-ai-in-medical-imaging/.share/conda-env/ml/lib/python3.7/site-packages/torch/include/THC
copying build/lib.linux-ppc64le-3.7/torch/include/THC/THCDeviceTensor-inl.cuh -> /castles/nr/projects/d/duanj-ai-in-medical-imaging/.share/conda-env/ml/lib/python3.7/site-packages/torch/include/THC
copying build/lib.linux-ppc64le-3.7/torch/include/THC/THCGenerateFloatType.h -> /castles/nr/projects/d/duanj-ai-in-medical-imaging/.share/conda-env/ml/lib/python3.7/site-packages/torch/include/THC
copying build/lib.linux-ppc64le-3.7/torch/include/THC/THCSleep.h -> /castles/nr/projects/d/duanj-ai-in-medical-imaging/.share/conda-env/ml/lib/python3.7/site-packages/torch/include/THC
copying build/lib.linux-ppc64le-3.7/torch/include/THC/THCTensorTypeUtils.cuh -> /castles/nr/projects/d/duanj-ai-in-medical-imaging/.share/conda-env/ml/lib/python3.7/site-packages/torch/include/THC
copying build/lib.linux-ppc64le-3.7/torch/include/THC/THCGeneral.h -> /castles/nr/projects/d/duanj-ai-in-medical-imaging/.share/conda-env/ml/lib/python3.7/site-packages/torch/include/THC
copying build/lib.linux-ppc64le-3.7/torch/include/THC/THCDeviceTensorUtils-inl.cuh -> /castles/nr/projects/d/duanj-ai-in-medical-imaging/.share/conda-env/ml/lib/python3.7/site-packages/torch/include/THC
copying build/lib.linux-ppc64le-3.7/torch/include/THC/THCStorageCopy.h -> /castles/nr/projects/d/duanj-ai-in-medical-imaging/.share/conda-env/ml/lib/python3.7/site-packages/torch/include/THC
copying build/lib.linux-ppc64le-3.7/torch/include/THC/THCScanUtils.cuh -> /castles/nr/projects/d/duanj-ai-in-medical-imaging/.share/conda-env/ml/lib/python3.7/site-packages/torch/include/THC
copying build/lib.linux-ppc64le-3.7/torch/include/THC/THCGenerateAllTypes.h -> /castles/nr/projects/d/duanj-ai-in-medical-imaging/.share/conda-env/ml/lib/python3.7/site-packages/torch/include/THC
copying build/lib.linux-ppc64le-3.7/torch/include/THC/THCTensorCopy.hpp -> /castles/nr/projects/d/duanj-ai-in-medical-imaging/.share/conda-env/ml/lib/python3.7/site-packages/torch/include/THC
copying build/lib.linux-ppc64le-3.7/torch/include/THC/THCTensorMathPointwise.cuh -> /castles/nr/projects/d/duanj-ai-in-medical-imaging/.share/conda-env/ml/lib/python3.7/site-packages/torch/include/THC
copying build/lib.linux-ppc64le-3.7/torch/include/THC/THCGenerateComplexFloatType.h -> /castles/nr/projects/d/duanj-ai-in-medical-imaging/.share/conda-env/ml/lib/python3.7/site-packages/torch/include/THC
creating /castles/nr/projects/d/duanj-ai-in-medical-imaging/.share/conda-env/ml/lib/python3.7/site-packages/torch/include/THC/generic
copying build/lib.linux-ppc64le-3.7/torch/include/THC/generic/THCTensor.h -> /castles/nr/projects/d/duanj-ai-in-medical-imaging/.share/conda-env/ml/lib/python3.7/site-packages/torch/include/THC/generic
copying build/lib.linux-ppc64le-3.7/torch/include/THC/generic/THCTensorRandom.h -> /castles/nr/projects/d/duanj-ai-in-medical-imaging/.share/conda-env/ml/lib/python3.7/site-packages/torch/include/THC/generic
copying build/lib.linux-ppc64le-3.7/torch/include/THC/generic/THCTensorTopK.h -> /castles/nr/projects/d/duanj-ai-in-medical-imaging/.share/conda-env/ml/lib/python3.7/site-packages/torch/include/THC/generic
copying build/lib.linux-ppc64le-3.7/torch/include/THC/generic/THCTensorIndex.h -> /castles/nr/projects/d/duanj-ai-in-medical-imaging/.share/conda-env/ml/lib/python3.7/site-packages/torch/include/THC/generic
copying build/lib.linux-ppc64le-3.7/torch/include/THC/generic/THCTensorMathMagma.h -> /castles/nr/projects/d/duanj-ai-in-medical-imaging/.share/conda-env/ml/lib/python3.7/site-packages/torch/include/THC/generic
copying build/lib.linux-ppc64le-3.7/torch/include/THC/generic/THCTensorSort.h -> /castles/nr/projects/d/duanj-ai-in-medical-imaging/.share/conda-env/ml/lib/python3.7/site-packages/torch/include/THC/generic
copying build/lib.linux-ppc64le-3.7/torch/include/THC/generic/THCStorageCopy.h -> /castles/nr/projects/d/duanj-ai-in-medical-imaging/.share/conda-env/ml/lib/python3.7/site-packages/torch/include/THC/generic
copying build/lib.linux-ppc64le-3.7/torch/include/THC/generic/THCTensorMasked.h -> /castles/nr/projects/d/duanj-ai-in-medical-imaging/.share/conda-env/ml/lib/python3.7/site-packages/torch/include/THC/generic
copying build/lib.linux-ppc64le-3.7/torch/include/THC/generic/THCTensorMath.h -> /castles/nr/projects/d/duanj-ai-in-medical-imaging/.share/conda-env/ml/lib/python3.7/site-packages/torch/include/THC/generic
copying build/lib.linux-ppc64le-3.7/torch/include/THC/generic/THCTensorMathPairwise.h -> /castles/nr/projects/d/duanj-ai-in-medical-imaging/.share/conda-env/ml/lib/python3.7/site-packages/torch/include/THC/generic
copying build/lib.linux-ppc64le-3.7/torch/include/THC/generic/THCTensorMode.h -> /castles/nr/projects/d/duanj-ai-in-medical-imaging/.share/conda-env/ml/lib/python3.7/site-packages/torch/include/THC/generic
copying build/lib.linux-ppc64le-3.7/torch/include/THC/generic/THCTensorCopy.h -> /castles/nr/projects/d/duanj-ai-in-medical-imaging/.share/conda-env/ml/lib/python3.7/site-packages/torch/include/THC/generic
copying build/lib.linux-ppc64le-3.7/torch/include/THC/generic/THCTensorScatterGather.h -> /castles/nr/projects/d/duanj-ai-in-medical-imaging/.share/conda-env/ml/lib/python3.7/site-packages/torch/include/THC/generic
copying build/lib.linux-ppc64le-3.7/torch/include/THC/generic/THCTensorMathBlas.h -> /castles/nr/projects/d/duanj-ai-in-medical-imaging/.share/conda-env/ml/lib/python3.7/site-packages/torch/include/THC/generic
copying build/lib.linux-ppc64le-3.7/torch/include/THC/generic/THCTensorMathReduce.h -> /castles/nr/projects/d/duanj-ai-in-medical-imaging/.share/conda-env/ml/lib/python3.7/site-packages/torch/include/THC/generic
copying build/lib.linux-ppc64le-3.7/torch/include/THC/generic/THCTensorMathPointwise.h -> /castles/nr/projects/d/duanj-ai-in-medical-imaging/.share/conda-env/ml/lib/python3.7/site-packages/torch/include/THC/generic
copying build/lib.linux-ppc64le-3.7/torch/include/THC/generic/THCStorage.h -> /castles/nr/projects/d/duanj-ai-in-medical-imaging/.share/conda-env/ml/lib/python3.7/site-packages/torch/include/THC/generic
copying build/lib.linux-ppc64le-3.7/torch/include/THC/THCCachingHostAllocator.h -> /castles/nr/projects/d/duanj-ai-in-medical-imaging/.share/conda-env/ml/lib/python3.7/site-packages/torch/include/THC
copying build/lib.linux-ppc64le-3.7/torch/include/THC/THCGenerateDoubleType.h -> /castles/nr/projects/d/duanj-ai-in-medical-imaging/.share/conda-env/ml/lib/python3.7/site-packages/torch/include/THC
copying build/lib.linux-ppc64le-3.7/torch/include/THC/THCThrustAllocator.cuh -> /castles/nr/projects/d/duanj-ai-in-medical-imaging/.share/conda-env/ml/lib/python3.7/site-packages/torch/include/THC
copying build/lib.linux-ppc64le-3.7/torch/include/THC/THCTensorMath.h -> /castles/nr/projects/d/duanj-ai-in-medical-imaging/.share/conda-env/ml/lib/python3.7/site-packages/torch/include/THC
copying build/lib.linux-ppc64le-3.7/torch/include/THC/THCDeviceTensorUtils.cuh -> /castles/nr/projects/d/duanj-ai-in-medical-imaging/.share/conda-env/ml/lib/python3.7/site-packages/torch/include/THC
copying build/lib.linux-ppc64le-3.7/torch/include/THC/THCTensorInfo.cuh -> /castles/nr/projects/d/duanj-ai-in-medical-imaging/.share/conda-env/ml/lib/python3.7/site-packages/torch/include/THC
copying build/lib.linux-ppc64le-3.7/torch/include/THC/THCGenerateCharType.h -> /castles/nr/projects/d/duanj-ai-in-medical-imaging/.share/conda-env/ml/lib/python3.7/site-packages/torch/include/THC
copying build/lib.linux-ppc64le-3.7/torch/include/THC/THCGenerateComplexDoubleType.h -> /castles/nr/projects/d/duanj-ai-in-medical-imaging/.share/conda-env/ml/lib/python3.7/site-packages/torch/include/THC
copying build/lib.linux-ppc64le-3.7/torch/include/THC/THCTensorMathMagma.cuh -> /castles/nr/projects/d/duanj-ai-in-medical-imaging/.share/conda-env/ml/lib/python3.7/site-packages/torch/include/THC
copying build/lib.linux-ppc64le-3.7/torch/include/THC/THCAllocator.h -> /castles/nr/projects/d/duanj-ai-in-medical-imaging/.share/conda-env/ml/lib/python3.7/site-packages/torch/include/THC
copying build/lib.linux-ppc64le-3.7/torch/include/THC/THCGenerateBoolType.h -> /castles/nr/projects/d/duanj-ai-in-medical-imaging/.share/conda-env/ml/lib/python3.7/site-packages/torch/include/THC
copying build/lib.linux-ppc64le-3.7/torch/include/THC/THCIntegerDivider.cuh -> /castles/nr/projects/d/duanj-ai-in-medical-imaging/.share/conda-env/ml/lib/python3.7/site-packages/torch/include/THC
copying build/lib.linux-ppc64le-3.7/torch/include/THC/THCGenerateBFloat16Type.h -> /castles/nr/projects/d/duanj-ai-in-medical-imaging/.share/conda-env/ml/lib/python3.7/site-packages/torch/include/THC
copying build/lib.linux-ppc64le-3.7/torch/include/THC/THCGenerateLongType.h -> /castles/nr/projects/d/duanj-ai-in-medical-imaging/.share/conda-env/ml/lib/python3.7/site-packages/torch/include/THC
copying build/lib.linux-ppc64le-3.7/torch/include/THC/THCNumerics.cuh -> /castles/nr/projects/d/duanj-ai-in-medical-imaging/.share/conda-env/ml/lib/python3.7/site-packages/torch/include/THC
copying build/lib.linux-ppc64le-3.7/torch/include/THC/THCGenerateHalfType.h -> /castles/nr/projects/d/duanj-ai-in-medical-imaging/.share/conda-env/ml/lib/python3.7/site-packages/torch/include/THC
copying build/lib.linux-ppc64le-3.7/torch/include/THC/THCSortUtils.cuh -> /castles/nr/projects/d/duanj-ai-in-medical-imaging/.share/conda-env/ml/lib/python3.7/site-packages/torch/include/THC
copying build/lib.linux-ppc64le-3.7/torch/include/THC/THCGenerateIntType.h -> /castles/nr/projects/d/duanj-ai-in-medical-imaging/.share/conda-env/ml/lib/python3.7/site-packages/torch/include/THC
copying build/lib.linux-ppc64le-3.7/torch/include/THC/THCAtomics.cuh -> /castles/nr/projects/d/duanj-ai-in-medical-imaging/.share/conda-env/ml/lib/python3.7/site-packages/torch/include/THC
copying build/lib.linux-ppc64le-3.7/torch/include/THC/THCTensorCopy.h -> /castles/nr/projects/d/duanj-ai-in-medical-imaging/.share/conda-env/ml/lib/python3.7/site-packages/torch/include/THC
copying build/lib.linux-ppc64le-3.7/torch/include/THC/THCTensor.hpp -> /castles/nr/projects/d/duanj-ai-in-medical-imaging/.share/conda-env/ml/lib/python3.7/site-packages/torch/include/THC
copying build/lib.linux-ppc64le-3.7/torch/include/THC/THCGenerateByteType.h -> /castles/nr/projects/d/duanj-ai-in-medical-imaging/.share/conda-env/ml/lib/python3.7/site-packages/torch/include/THC
copying build/lib.linux-ppc64le-3.7/torch/include/THC/THCBlas.h -> /castles/nr/projects/d/duanj-ai-in-medical-imaging/.share/conda-env/ml/lib/python3.7/site-packages/torch/include/THC
copying build/lib.linux-ppc64le-3.7/torch/include/THC/THCGenerateFloatTypes.h -> /castles/nr/projects/d/duanj-ai-in-medical-imaging/.share/conda-env/ml/lib/python3.7/site-packages/torch/include/THC
copying build/lib.linux-ppc64le-3.7/torch/include/THC/THC.h -> /castles/nr/projects/d/duanj-ai-in-medical-imaging/.share/conda-env/ml/lib/python3.7/site-packages/torch/include/THC
copying build/lib.linux-ppc64le-3.7/torch/include/THC/THCReduceAll.cuh -> /castles/nr/projects/d/duanj-ai-in-medical-imaging/.share/conda-env/ml/lib/python3.7/site-packages/torch/include/THC
copying build/lib.linux-ppc64le-3.7/torch/include/THC/THCStorage.h -> /castles/nr/projects/d/duanj-ai-in-medical-imaging/.share/conda-env/ml/lib/python3.7/site-packages/torch/include/THC
copying build/lib.linux-ppc64le-3.7/torch/include/THC/THCReduceApplyUtils.cuh -> /castles/nr/projects/d/duanj-ai-in-medical-imaging/.share/conda-env/ml/lib/python3.7/site-packages/torch/include/THC
creating /castles/nr/projects/d/duanj-ai-in-medical-imaging/.share/conda-env/ml/lib/python3.7/site-packages/torch/include/pybind11
copying build/lib.linux-ppc64le-3.7/torch/include/pybind11/eval.h -> /castles/nr/projects/d/duanj-ai-in-medical-imaging/.share/conda-env/ml/lib/python3.7/site-packages/torch/include/pybind11
copying build/lib.linux-ppc64le-3.7/torch/include/pybind11/buffer_info.h -> /castles/nr/projects/d/duanj-ai-in-medical-imaging/.share/conda-env/ml/lib/python3.7/site-packages/torch/include/pybind11
copying build/lib.linux-ppc64le-3.7/torch/include/pybind11/attr.h -> /castles/nr/projects/d/duanj-ai-in-medical-imaging/.share/conda-env/ml/lib/python3.7/site-packages/torch/include/pybind11
copying build/lib.linux-ppc64le-3.7/torch/include/pybind11/cast.h -> /castles/nr/projects/d/duanj-ai-in-medical-imaging/.share/conda-env/ml/lib/python3.7/site-packages/torch/include/pybind11
copying build/lib.linux-ppc64le-3.7/torch/include/pybind11/operators.h -> /castles/nr/projects/d/duanj-ai-in-medical-imaging/.share/conda-env/ml/lib/python3.7/site-packages/torch/include/pybind11
copying build/lib.linux-ppc64le-3.7/torch/include/pybind11/iostream.h -> /castles/nr/projects/d/duanj-ai-in-medical-imaging/.share/conda-env/ml/lib/python3.7/site-packages/torch/include/pybind11
creating /castles/nr/projects/d/duanj-ai-in-medical-imaging/.share/conda-env/ml/lib/python3.7/site-packages/torch/include/pybind11/detail
copying build/lib.linux-ppc64le-3.7/torch/include/pybind11/detail/common.h -> /castles/nr/projects/d/duanj-ai-in-medical-imaging/.share/conda-env/ml/lib/python3.7/site-packages/torch/include/pybind11/detail
copying build/lib.linux-ppc64le-3.7/torch/include/pybind11/detail/descr.h -> /castles/nr/projects/d/duanj-ai-in-medical-imaging/.share/conda-env/ml/lib/python3.7/site-packages/torch/include/pybind11/detail
copying build/lib.linux-ppc64le-3.7/torch/include/pybind11/detail/class.h -> /castles/nr/projects/d/duanj-ai-in-medical-imaging/.share/conda-env/ml/lib/python3.7/site-packages/torch/include/pybind11/detail
copying build/lib.linux-ppc64le-3.7/torch/include/pybind11/detail/typeid.h -> /castles/nr/projects/d/duanj-ai-in-medical-imaging/.share/conda-env/ml/lib/python3.7/site-packages/torch/include/pybind11/detail
copying build/lib.linux-ppc64le-3.7/torch/include/pybind11/detail/internals.h -> /castles/nr/projects/d/duanj-ai-in-medical-imaging/.share/conda-env/ml/lib/python3.7/site-packages/torch/include/pybind11/detail
copying build/lib.linux-ppc64le-3.7/torch/include/pybind11/detail/init.h -> /castles/nr/projects/d/duanj-ai-in-medical-imaging/.share/conda-env/ml/lib/python3.7/site-packages/torch/include/pybind11/detail
copying build/lib.linux-ppc64le-3.7/torch/include/pybind11/eigen.h -> /castles/nr/projects/d/duanj-ai-in-medical-imaging/.share/conda-env/ml/lib/python3.7/site-packages/torch/include/pybind11
copying build/lib.linux-ppc64le-3.7/torch/include/pybind11/common.h -> /castles/nr/projects/d/duanj-ai-in-medical-imaging/.share/conda-env/ml/lib/python3.7/site-packages/torch/include/pybind11
copying build/lib.linux-ppc64le-3.7/torch/include/pybind11/pybind11.h -> /castles/nr/projects/d/duanj-ai-in-medical-imaging/.share/conda-env/ml/lib/python3.7/site-packages/torch/include/pybind11
copying build/lib.linux-ppc64le-3.7/torch/include/pybind11/stl.h -> /castles/nr/projects/d/duanj-ai-in-medical-imaging/.share/conda-env/ml/lib/python3.7/site-packages/torch/include/pybind11
copying build/lib.linux-ppc64le-3.7/torch/include/pybind11/functional.h -> /castles/nr/projects/d/duanj-ai-in-medical-imaging/.share/conda-env/ml/lib/python3.7/site-packages/torch/include/pybind11
copying build/lib.linux-ppc64le-3.7/torch/include/pybind11/pytypes.h -> /castles/nr/projects/d/duanj-ai-in-medical-imaging/.share/conda-env/ml/lib/python3.7/site-packages/torch/include/pybind11
copying build/lib.linux-ppc64le-3.7/torch/include/pybind11/chrono.h -> /castles/nr/projects/d/duanj-ai-in-medical-imaging/.share/conda-env/ml/lib/python3.7/site-packages/torch/include/pybind11
copying build/lib.linux-ppc64le-3.7/torch/include/pybind11/stl_bind.h -> /castles/nr/projects/d/duanj-ai-in-medical-imaging/.share/conda-env/ml/lib/python3.7/site-packages/torch/include/pybind11
copying build/lib.linux-ppc64le-3.7/torch/include/pybind11/complex.h -> /castles/nr/projects/d/duanj-ai-in-medical-imaging/.share/conda-env/ml/lib/python3.7/site-packages/torch/include/pybind11
copying build/lib.linux-ppc64le-3.7/torch/include/pybind11/options.h -> /castles/nr/projects/d/duanj-ai-in-medical-imaging/.share/conda-env/ml/lib/python3.7/site-packages/torch/include/pybind11
copying build/lib.linux-ppc64le-3.7/torch/include/pybind11/numpy.h -> /castles/nr/projects/d/duanj-ai-in-medical-imaging/.share/conda-env/ml/lib/python3.7/site-packages/torch/include/pybind11
copying build/lib.linux-ppc64le-3.7/torch/include/pybind11/embed.h -> /castles/nr/projects/d/duanj-ai-in-medical-imaging/.share/conda-env/ml/lib/python3.7/site-packages/torch/include/pybind11
creating /castles/nr/projects/d/duanj-ai-in-medical-imaging/.share/conda-env/ml/lib/python3.7/site-packages/torch/include/caffe2
creating /castles/nr/projects/d/duanj-ai-in-medical-imaging/.share/conda-env/ml/lib/python3.7/site-packages/torch/include/caffe2/observers
copying build/lib.linux-ppc64le-3.7/torch/include/caffe2/observers/profile_observer.h -> /castles/nr/projects/d/duanj-ai-in-medical-imaging/.share/conda-env/ml/lib/python3.7/site-packages/torch/include/caffe2/observers
copying build/lib.linux-ppc64le-3.7/torch/include/caffe2/observers/operator_attaching_net_observer.h -> /castles/nr/projects/d/duanj-ai-in-medical-imaging/.share/conda-env/ml/lib/python3.7/site-packages/torch/include/caffe2/observers
copying build/lib.linux-ppc64le-3.7/torch/include/caffe2/observers/time_observer.h -> /castles/nr/projects/d/duanj-ai-in-medical-imaging/.share/conda-env/ml/lib/python3.7/site-packages/torch/include/caffe2/observers
copying build/lib.linux-ppc64le-3.7/torch/include/caffe2/observers/runcnt_observer.h -> /castles/nr/projects/d/duanj-ai-in-medical-imaging/.share/conda-env/ml/lib/python3.7/site-packages/torch/include/caffe2/observers
creating /castles/nr/projects/d/duanj-ai-in-medical-imaging/.share/conda-env/ml/lib/python3.7/site-packages/torch/include/caffe2/cuda_rtc
copying build/lib.linux-ppc64le-3.7/torch/include/caffe2/cuda_rtc/common_rtc.h -> /castles/nr/projects/d/duanj-ai-in-medical-imaging/.share/conda-env/ml/lib/python3.7/site-packages/torch/include/caffe2/cuda_rtc
creating /castles/nr/projects/d/duanj-ai-in-medical-imaging/.share/conda-env/ml/lib/python3.7/site-packages/torch/include/caffe2/ideep
copying build/lib.linux-ppc64le-3.7/torch/include/caffe2/ideep/ideep_utils.h -> /castles/nr/projects/d/duanj-ai-in-medical-imaging/.share/conda-env/ml/lib/python3.7/site-packages/torch/include/caffe2/ideep
creating /castles/nr/projects/d/duanj-ai-in-medical-imaging/.share/conda-env/ml/lib/python3.7/site-packages/torch/include/caffe2/sgd
copying build/lib.linux-ppc64le-3.7/torch/include/caffe2/sgd/gftrl_op.h -> /castles/nr/projects/d/duanj-ai-in-medical-imaging/.share/conda-env/ml/lib/python3.7/site-packages/torch/include/caffe2/sgd
copying build/lib.linux-ppc64le-3.7/torch/include/caffe2/sgd/math_lp.h -> /castles/nr/projects/d/duanj-ai-in-medical-imaging/.share/conda-env/ml/lib/python3.7/site-packages/torch/include/caffe2/sgd
copying build/lib.linux-ppc64le-3.7/torch/include/caffe2/sgd/learning_rate_functors.h -> /castles/nr/projects/d/duanj-ai-in-medical-imaging/.share/conda-env/ml/lib/python3.7/site-packages/torch/include/caffe2/sgd
copying build/lib.linux-ppc64le-3.7/torch/include/caffe2/sgd/fp16_momentum_sgd_op.h -> /castles/nr/projects/d/duanj-ai-in-medical-imaging/.share/conda-env/ml/lib/python3.7/site-packages/torch/include/caffe2/sgd
copying build/lib.linux-ppc64le-3.7/torch/include/caffe2/sgd/rowwise_adagrad_fused.h -> /castles/nr/projects/d/duanj-ai-in-medical-imaging/.share/conda-env/ml/lib/python3.7/site-packages/torch/include/caffe2/sgd
copying build/lib.linux-ppc64le-3.7/torch/include/caffe2/sgd/adagrad_fused.h -> /castles/nr/projects/d/duanj-ai-in-medical-imaging/.share/conda-env/ml/lib/python3.7/site-packages/torch/include/caffe2/sgd
copying build/lib.linux-ppc64le-3.7/torch/include/caffe2/sgd/adam_op.h -> /castles/nr/projects/d/duanj-ai-in-medical-imaging/.share/conda-env/ml/lib/python3.7/site-packages/torch/include/caffe2/sgd
copying build/lib.linux-ppc64le-3.7/torch/include/caffe2/sgd/momentum_sgd_op.h -> /castles/nr/projects/d/duanj-ai-in-medical-imaging/.share/conda-env/ml/lib/python3.7/site-packages/torch/include/caffe2/sgd
copying build/lib.linux-ppc64le-3.7/torch/include/caffe2/sgd/wngrad_op.h -> /castles/nr/projects/d/duanj-ai-in-medical-imaging/.share/conda-env/ml/lib/python3.7/site-packages/torch/include/caffe2/sgd
copying build/lib.linux-ppc64le-3.7/torch/include/caffe2/sgd/fp32_momentum_sgd_op.h -> /castles/nr/projects/d/duanj-ai-in-medical-imaging/.share/conda-env/ml/lib/python3.7/site-packages/torch/include/caffe2/sgd
copying build/lib.linux-ppc64le-3.7/torch/include/caffe2/sgd/learning_rate_adaption_op.h -> /castles/nr/projects/d/duanj-ai-in-medical-imaging/.share/conda-env/ml/lib/python3.7/site-packages/torch/include/caffe2/sgd
copying build/lib.linux-ppc64le-3.7/torch/include/caffe2/sgd/storm_op.h -> /castles/nr/projects/d/duanj-ai-in-medical-imaging/.share/conda-env/ml/lib/python3.7/site-packages/torch/include/caffe2/sgd
copying build/lib.linux-ppc64le-3.7/torch/include/caffe2/sgd/adadelta_op.h -> /castles/nr/projects/d/duanj-ai-in-medical-imaging/.share/conda-env/ml/lib/python3.7/site-packages/torch/include/caffe2/sgd
copying build/lib.linux-ppc64le-3.7/torch/include/caffe2/sgd/ftrl_op.h -> /castles/nr/projects/d/duanj-ai-in-medical-imaging/.share/conda-env/ml/lib/python3.7/site-packages/torch/include/caffe2/sgd
copying build/lib.linux-ppc64le-3.7/torch/include/caffe2/sgd/weight_scale_op.h -> /castles/nr/projects/d/duanj-ai-in-medical-imaging/.share/conda-env/ml/lib/python3.7/site-packages/torch/include/caffe2/sgd
copying build/lib.linux-ppc64le-3.7/torch/include/caffe2/sgd/rowwise_counter.h -> /castles/nr/projects/d/duanj-ai-in-medical-imaging/.share/conda-env/ml/lib/python3.7/site-packages/torch/include/caffe2/sgd
copying build/lib.linux-ppc64le-3.7/torch/include/caffe2/sgd/learning_rate_op.h -> /castles/nr/projects/d/duanj-ai-in-medical-imaging/.share/conda-env/ml/lib/python3.7/site-packages/torch/include/caffe2/sgd
copying build/lib.linux-ppc64le-3.7/torch/include/caffe2/sgd/rmsprop_op.h -> /castles/nr/projects/d/duanj-ai-in-medical-imaging/.share/conda-env/ml/lib/python3.7/site-packages/torch/include/caffe2/sgd
copying build/lib.linux-ppc64le-3.7/torch/include/caffe2/sgd/adagrad_op.h -> /castles/nr/projects/d/duanj-ai-in-medical-imaging/.share/conda-env/ml/lib/python3.7/site-packages/torch/include/caffe2/sgd
copying build/lib.linux-ppc64le-3.7/torch/include/caffe2/sgd/yellowfin_op.h -> /castles/nr/projects/d/duanj-ai-in-medical-imaging/.share/conda-env/ml/lib/python3.7/site-packages/torch/include/caffe2/sgd
copying build/lib.linux-ppc64le-3.7/torch/include/caffe2/sgd/clip_tensor_op.h -> /castles/nr/projects/d/duanj-ai-in-medical-imaging/.share/conda-env/ml/lib/python3.7/site-packages/torch/include/caffe2/sgd
copying build/lib.linux-ppc64le-3.7/torch/include/caffe2/sgd/lars_op.h -> /castles/nr/projects/d/duanj-ai-in-medical-imaging/.share/conda-env/ml/lib/python3.7/site-packages/torch/include/caffe2/sgd
copying build/lib.linux-ppc64le-3.7/torch/include/caffe2/sgd/iter_op.h -> /castles/nr/projects/d/duanj-ai-in-medical-imaging/.share/conda-env/ml/lib/python3.7/site-packages/torch/include/caffe2/sgd
creating /castles/nr/projects/d/duanj-ai-in-medical-imaging/.share/conda-env/ml/lib/python3.7/site-packages/torch/include/caffe2/core
copying build/lib.linux-ppc64le-3.7/torch/include/caffe2/core/blob.h -> /castles/nr/projects/d/duanj-ai-in-medical-imaging/.share/conda-env/ml/lib/python3.7/site-packages/torch/include/caffe2/core
copying build/lib.linux-ppc64le-3.7/torch/include/caffe2/core/graph.h -> /castles/nr/projects/d/duanj-ai-in-medical-imaging/.share/conda-env/ml/lib/python3.7/site-packages/torch/include/caffe2/core
copying build/lib.linux-ppc64le-3.7/torch/include/caffe2/core/tensor_impl.h -> /castles/nr/projects/d/duanj-ai-in-medical-imaging/.share/conda-env/ml/lib/python3.7/site-packages/torch/include/caffe2/core
copying build/lib.linux-ppc64le-3.7/torch/include/caffe2/core/qtensor.h -> /castles/nr/projects/d/duanj-ai-in-medical-imaging/.share/conda-env/ml/lib/python3.7/site-packages/torch/include/caffe2/core
copying build/lib.linux-ppc64le-3.7/torch/include/caffe2/core/allocator.h -> /castles/nr/projects/d/duanj-ai-in-medical-imaging/.share/conda-env/ml/lib/python3.7/site-packages/torch/include/caffe2/core
copying build/lib.linux-ppc64le-3.7/torch/include/caffe2/core/export_caffe2_op_to_c10.h -> /castles/nr/projects/d/duanj-ai-in-medical-imaging/.share/conda-env/ml/lib/python3.7/site-packages/torch/include/caffe2/core
copying build/lib.linux-ppc64le-3.7/torch/include/caffe2/core/storage.h -> /castles/nr/projects/d/duanj-ai-in-medical-imaging/.share/conda-env/ml/lib/python3.7/site-packages/torch/include/caffe2/core
copying build/lib.linux-ppc64le-3.7/torch/include/caffe2/core/timer.h -> /castles/nr/projects/d/duanj-ai-in-medical-imaging/.share/conda-env/ml/lib/python3.7/site-packages/torch/include/caffe2/core
copying build/lib.linux-ppc64le-3.7/torch/include/caffe2/core/event.h -> /castles/nr/projects/d/duanj-ai-in-medical-imaging/.share/conda-env/ml/lib/python3.7/site-packages/torch/include/caffe2/core
copying build/lib.linux-ppc64le-3.7/torch/include/caffe2/core/common_cudnn.h -> /castles/nr/projects/d/duanj-ai-in-medical-imaging/.share/conda-env/ml/lib/python3.7/site-packages/torch/include/caffe2/core
copying build/lib.linux-ppc64le-3.7/torch/include/caffe2/core/tensor.h -> /castles/nr/projects/d/duanj-ai-in-medical-imaging/.share/conda-env/ml/lib/python3.7/site-packages/torch/include/caffe2/core
copying build/lib.linux-ppc64le-3.7/torch/include/caffe2/core/common.h -> /castles/nr/projects/d/duanj-ai-in-medical-imaging/.share/conda-env/ml/lib/python3.7/site-packages/torch/include/caffe2/core
copying build/lib.linux-ppc64le-3.7/torch/include/caffe2/core/plan_executor.h -> /castles/nr/projects/d/duanj-ai-in-medical-imaging/.share/conda-env/ml/lib/python3.7/site-packages/torch/include/caffe2/core
copying build/lib.linux-ppc64le-3.7/torch/include/caffe2/core/net_async_task_future.h -> /castles/nr/projects/d/duanj-ai-in-medical-imaging/.share/conda-env/ml/lib/python3.7/site-packages/torch/include/caffe2/core
copying build/lib.linux-ppc64le-3.7/torch/include/caffe2/core/operator.h -> /castles/nr/projects/d/duanj-ai-in-medical-imaging/.share/conda-env/ml/lib/python3.7/site-packages/torch/include/caffe2/core
copying build/lib.linux-ppc64le-3.7/torch/include/caffe2/core/transform.h -> /castles/nr/projects/d/duanj-ai-in-medical-imaging/.share/conda-env/ml/lib/python3.7/site-packages/torch/include/caffe2/core
copying build/lib.linux-ppc64le-3.7/torch/include/caffe2/core/blob_stats.h -> /castles/nr/projects/d/duanj-ai-in-medical-imaging/.share/conda-env/ml/lib/python3.7/site-packages/torch/include/caffe2/core
copying build/lib.linux-ppc64le-3.7/torch/include/caffe2/core/module.h -> /castles/nr/projects/d/duanj-ai-in-medical-imaging/.share/conda-env/ml/lib/python3.7/site-packages/torch/include/caffe2/core
copying build/lib.linux-ppc64le-3.7/torch/include/caffe2/core/observer.h -> /castles/nr/projects/d/duanj-ai-in-medical-imaging/.share/conda-env/ml/lib/python3.7/site-packages/torch/include/caffe2/core
copying build/lib.linux-ppc64le-3.7/torch/include/caffe2/core/stats.h -> /castles/nr/projects/d/duanj-ai-in-medical-imaging/.share/conda-env/ml/lib/python3.7/site-packages/torch/include/caffe2/core
copying build/lib.linux-ppc64le-3.7/torch/include/caffe2/core/net_async_scheduling.h -> /castles/nr/projects/d/duanj-ai-in-medical-imaging/.share/conda-env/ml/lib/python3.7/site-packages/torch/include/caffe2/core
copying build/lib.linux-ppc64le-3.7/torch/include/caffe2/core/operator_schema.h -> /castles/nr/projects/d/duanj-ai-in-medical-imaging/.share/conda-env/ml/lib/python3.7/site-packages/torch/include/caffe2/core
copying build/lib.linux-ppc64le-3.7/torch/include/caffe2/core/context_gpu.h -> /castles/nr/projects/d/duanj-ai-in-medical-imaging/.share/conda-env/ml/lib/python3.7/site-packages/torch/include/caffe2/core
copying build/lib.linux-ppc64le-3.7/torch/include/caffe2/core/memonger.h -> /castles/nr/projects/d/duanj-ai-in-medical-imaging/.share/conda-env/ml/lib/python3.7/site-packages/torch/include/caffe2/core
copying build/lib.linux-ppc64le-3.7/torch/include/caffe2/core/blob_serialization.h -> /castles/nr/projects/d/duanj-ai-in-medical-imaging/.share/conda-env/ml/lib/python3.7/site-packages/torch/include/caffe2/core
copying build/lib.linux-ppc64le-3.7/torch/include/caffe2/core/common_gpu.h -> /castles/nr/projects/d/duanj-ai-in-medical-imaging/.share/conda-env/ml/lib/python3.7/site-packages/torch/include/caffe2/core
copying build/lib.linux-ppc64le-3.7/torch/include/caffe2/core/context.h -> /castles/nr/projects/d/duanj-ai-in-medical-imaging/.share/conda-env/ml/lib/python3.7/site-packages/torch/include/caffe2/core
copying build/lib.linux-ppc64le-3.7/torch/include/caffe2/core/db.h -> /castles/nr/projects/d/duanj-ai-in-medical-imaging/.share/conda-env/ml/lib/python3.7/site-packages/torch/include/caffe2/core
copying build/lib.linux-ppc64le-3.7/torch/include/caffe2/core/tensor_int8.h -> /castles/nr/projects/d/duanj-ai-in-medical-imaging/.share/conda-env/ml/lib/python3.7/site-packages/torch/include/caffe2/core
copying build/lib.linux-ppc64le-3.7/torch/include/caffe2/core/logging.h -> /castles/nr/projects/d/duanj-ai-in-medical-imaging/.share/conda-env/ml/lib/python3.7/site-packages/torch/include/caffe2/core
copying build/lib.linux-ppc64le-3.7/torch/include/caffe2/core/net_async_tracing.h -> /castles/nr/projects/d/duanj-ai-in-medical-imaging/.share/conda-env/ml/lib/python3.7/site-packages/torch/include/caffe2/core
copying build/lib.linux-ppc64le-3.7/torch/include/caffe2/core/init.h -> /castles/nr/projects/d/duanj-ai-in-medical-imaging/.share/conda-env/ml/lib/python3.7/site-packages/torch/include/caffe2/core
copying build/lib.linux-ppc64le-3.7/torch/include/caffe2/core/operator_gradient.h -> /castles/nr/projects/d/duanj-ai-in-medical-imaging/.share/conda-env/ml/lib/python3.7/site-packages/torch/include/caffe2/core
copying build/lib.linux-ppc64le-3.7/torch/include/caffe2/core/export_c10_op_to_caffe2.h -> /castles/nr/projects/d/duanj-ai-in-medical-imaging/.share/conda-env/ml/lib/python3.7/site-packages/torch/include/caffe2/core
copying build/lib.linux-ppc64le-3.7/torch/include/caffe2/core/test_utils.h -> /castles/nr/projects/d/duanj-ai-in-medical-imaging/.share/conda-env/ml/lib/python3.7/site-packages/torch/include/caffe2/core
copying build/lib.linux-ppc64le-3.7/torch/include/caffe2/core/macros.h -> /castles/nr/projects/d/duanj-ai-in-medical-imaging/.share/conda-env/ml/lib/python3.7/site-packages/torch/include/caffe2/core
copying build/lib.linux-ppc64le-3.7/torch/include/caffe2/core/scope_guard.h -> /castles/nr/projects/d/duanj-ai-in-medical-imaging/.share/conda-env/ml/lib/python3.7/site-packages/torch/include/caffe2/core
copying build/lib.linux-ppc64le-3.7/torch/include/caffe2/core/net_async_task_graph.h -> /castles/nr/projects/d/duanj-ai-in-medical-imaging/.share/conda-env/ml/lib/python3.7/site-packages/torch/include/caffe2/core
copying build/lib.linux-ppc64le-3.7/torch/include/caffe2/core/net_simple_refcount.h -> /castles/nr/projects/d/duanj-ai-in-medical-imaging/.share/conda-env/ml/lib/python3.7/site-packages/torch/include/caffe2/core
copying build/lib.linux-ppc64le-3.7/torch/include/caffe2/core/net_async_task.h -> /castles/nr/projects/d/duanj-ai-in-medical-imaging/.share/conda-env/ml/lib/python3.7/site-packages/torch/include/caffe2/core
copying build/lib.linux-ppc64le-3.7/torch/include/caffe2/core/net_dag_utils.h -> /castles/nr/projects/d/duanj-ai-in-medical-imaging/.share/conda-env/ml/lib/python3.7/site-packages/torch/include/caffe2/core
copying build/lib.linux-ppc64le-3.7/torch/include/caffe2/core/prof_dag_counters.h -> /castles/nr/projects/d/duanj-ai-in-medical-imaging/.share/conda-env/ml/lib/python3.7/site-packages/torch/include/caffe2/core
copying build/lib.linux-ppc64le-3.7/torch/include/caffe2/core/types.h -> /castles/nr/projects/d/duanj-ai-in-medical-imaging/.share/conda-env/ml/lib/python3.7/site-packages/torch/include/caffe2/core
copying build/lib.linux-ppc64le-3.7/torch/include/caffe2/core/net_parallel.h -> /castles/nr/projects/d/duanj-ai-in-medical-imaging/.share/conda-env/ml/lib/python3.7/site-packages/torch/include/caffe2/core
copying build/lib.linux-ppc64le-3.7/torch/include/caffe2/core/common_omp.h -> /castles/nr/projects/d/duanj-ai-in-medical-imaging/.share/conda-env/ml/lib/python3.7/site-packages/torch/include/caffe2/core
copying build/lib.linux-ppc64le-3.7/torch/include/caffe2/core/event_cpu.h -> /castles/nr/projects/d/duanj-ai-in-medical-imaging/.share/conda-env/ml/lib/python3.7/site-packages/torch/include/caffe2/core
copying build/lib.linux-ppc64le-3.7/torch/include/caffe2/core/blob_serializer_base.h -> /castles/nr/projects/d/duanj-ai-in-medical-imaging/.share/conda-env/ml/lib/python3.7/site-packages/torch/include/caffe2/core
copying build/lib.linux-ppc64le-3.7/torch/include/caffe2/core/cudnn_wrappers.h -> /castles/nr/projects/d/duanj-ai-in-medical-imaging/.share/conda-env/ml/lib/python3.7/site-packages/torch/include/caffe2/core
copying build/lib.linux-ppc64le-3.7/torch/include/caffe2/core/numa.h -> /castles/nr/projects/d/duanj-ai-in-medical-imaging/.share/conda-env/ml/lib/python3.7/site-packages/torch/include/caffe2/core
copying build/lib.linux-ppc64le-3.7/torch/include/caffe2/core/flags.h -> /castles/nr/projects/d/duanj-ai-in-medical-imaging/.share/conda-env/ml/lib/python3.7/site-packages/torch/include/caffe2/core
copying build/lib.linux-ppc64le-3.7/torch/include/caffe2/core/net_async_base.h -> /castles/nr/projects/d/duanj-ai-in-medical-imaging/.share/conda-env/ml/lib/python3.7/site-packages/torch/include/caffe2/core
copying build/lib.linux-ppc64le-3.7/torch/include/caffe2/core/qtensor_serialization.h -> /castles/nr/projects/d/duanj-ai-in-medical-imaging/.share/conda-env/ml/lib/python3.7/site-packages/torch/include/caffe2/core
copying build/lib.linux-ppc64le-3.7/torch/include/caffe2/core/static_tracepoint.h -> /castles/nr/projects/d/duanj-ai-in-medical-imaging/.share/conda-env/ml/lib/python3.7/site-packages/torch/include/caffe2/core
copying build/lib.linux-ppc64le-3.7/torch/include/caffe2/core/static_tracepoint_elfx86.h -> /castles/nr/projects/d/duanj-ai-in-medical-imaging/.share/conda-env/ml/lib/python3.7/site-packages/torch/include/caffe2/core
copying build/lib.linux-ppc64le-3.7/torch/include/caffe2/core/workspace.h -> /castles/nr/projects/d/duanj-ai-in-medical-imaging/.share/conda-env/ml/lib/python3.7/site-packages/torch/include/caffe2/core
copying build/lib.linux-ppc64le-3.7/torch/include/caffe2/core/net.h -> /castles/nr/projects/d/duanj-ai-in-medical-imaging/.share/conda-env/ml/lib/python3.7/site-packages/torch/include/caffe2/core
copying build/lib.linux-ppc64le-3.7/torch/include/caffe2/core/asan.h -> /castles/nr/projects/d/duanj-ai-in-medical-imaging/.share/conda-env/ml/lib/python3.7/site-packages/torch/include/caffe2/core
copying build/lib.linux-ppc64le-3.7/torch/include/caffe2/core/context_base.h -> /castles/nr/projects/d/duanj-ai-in-medical-imaging/.share/conda-env/ml/lib/python3.7/site-packages/torch/include/caffe2/core
copying build/lib.linux-ppc64le-3.7/torch/include/caffe2/core/net_simple.h -> /castles/nr/projects/d/duanj-ai-in-medical-imaging/.share/conda-env/ml/lib/python3.7/site-packages/torch/include/caffe2/core
creating /castles/nr/projects/d/duanj-ai-in-medical-imaging/.share/conda-env/ml/lib/python3.7/site-packages/torch/include/caffe2/proto
copying build/lib.linux-ppc64le-3.7/torch/include/caffe2/proto/caffe2_legacy.pb.h -> /castles/nr/projects/d/duanj-ai-in-medical-imaging/.share/conda-env/ml/lib/python3.7/site-packages/torch/include/caffe2/proto
copying build/lib.linux-ppc64le-3.7/torch/include/caffe2/proto/predictor_consts.pb.h -> /castles/nr/projects/d/duanj-ai-in-medical-imaging/.share/conda-env/ml/lib/python3.7/site-packages/torch/include/caffe2/proto
copying build/lib.linux-ppc64le-3.7/torch/include/caffe2/proto/prof_dag.pb.h -> /castles/nr/projects/d/duanj-ai-in-medical-imaging/.share/conda-env/ml/lib/python3.7/site-packages/torch/include/caffe2/proto
copying build/lib.linux-ppc64le-3.7/torch/include/caffe2/proto/caffe2.pb.h -> /castles/nr/projects/d/duanj-ai-in-medical-imaging/.share/conda-env/ml/lib/python3.7/site-packages/torch/include/caffe2/proto
copying build/lib.linux-ppc64le-3.7/torch/include/caffe2/proto/hsm.pb.h -> /castles/nr/projects/d/duanj-ai-in-medical-imaging/.share/conda-env/ml/lib/python3.7/site-packages/torch/include/caffe2/proto
copying build/lib.linux-ppc64le-3.7/torch/include/caffe2/proto/caffe2_pb.h -> /castles/nr/projects/d/duanj-ai-in-medical-imaging/.share/conda-env/ml/lib/python3.7/site-packages/torch/include/caffe2/proto
copying build/lib.linux-ppc64le-3.7/torch/include/caffe2/proto/metanet.pb.h -> /castles/nr/projects/d/duanj-ai-in-medical-imaging/.share/conda-env/ml/lib/python3.7/site-packages/torch/include/caffe2/proto
copying build/lib.linux-ppc64le-3.7/torch/include/caffe2/proto/torch_pb.h -> /castles/nr/projects/d/duanj-ai-in-medical-imaging/.share/conda-env/ml/lib/python3.7/site-packages/torch/include/caffe2/proto
copying build/lib.linux-ppc64le-3.7/torch/include/caffe2/proto/torch.pb.h -> /castles/nr/projects/d/duanj-ai-in-medical-imaging/.share/conda-env/ml/lib/python3.7/site-packages/torch/include/caffe2/proto
creating /castles/nr/projects/d/duanj-ai-in-medical-imaging/.share/conda-env/ml/lib/python3.7/site-packages/torch/include/caffe2/transforms
copying build/lib.linux-ppc64le-3.7/torch/include/caffe2/transforms/conv_to_nnpack_transform.h -> /castles/nr/projects/d/duanj-ai-in-medical-imaging/.share/conda-env/ml/lib/python3.7/site-packages/torch/include/caffe2/transforms
copying build/lib.linux-ppc64le-3.7/torch/include/caffe2/transforms/pattern_net_transform.h -> /castles/nr/projects/d/duanj-ai-in-medical-imaging/.share/conda-env/ml/lib/python3.7/site-packages/torch/include/caffe2/transforms
copying build/lib.linux-ppc64le-3.7/torch/include/caffe2/transforms/single_op_transform.h -> /castles/nr/projects/d/duanj-ai-in-medical-imaging/.share/conda-env/ml/lib/python3.7/site-packages/torch/include/caffe2/transforms
copying build/lib.linux-ppc64le-3.7/torch/include/caffe2/transforms/common_subexpression_elimination.h -> /castles/nr/projects/d/duanj-ai-in-medical-imaging/.share/conda-env/ml/lib/python3.7/site-packages/torch/include/caffe2/transforms
creating /castles/nr/projects/d/duanj-ai-in-medical-imaging/.share/conda-env/ml/lib/python3.7/site-packages/torch/include/caffe2/predictor
copying build/lib.linux-ppc64le-3.7/torch/include/caffe2/predictor/ThreadLocalPtr.h -> /castles/nr/projects/d/duanj-ai-in-medical-imaging/.share/conda-env/ml/lib/python3.7/site-packages/torch/include/caffe2/predictor
copying build/lib.linux-ppc64le-3.7/torch/include/caffe2/predictor/InferenceGraph.h -> /castles/nr/projects/d/duanj-ai-in-medical-imaging/.share/conda-env/ml/lib/python3.7/site-packages/torch/include/caffe2/predictor
copying build/lib.linux-ppc64le-3.7/torch/include/caffe2/predictor/predictor_config.h -> /castles/nr/projects/d/duanj-ai-in-medical-imaging/.share/conda-env/ml/lib/python3.7/site-packages/torch/include/caffe2/predictor
copying build/lib.linux-ppc64le-3.7/torch/include/caffe2/predictor/transforms.h -> /castles/nr/projects/d/duanj-ai-in-medical-imaging/.share/conda-env/ml/lib/python3.7/site-packages/torch/include/caffe2/predictor
copying build/lib.linux-ppc64le-3.7/torch/include/caffe2/predictor/predictor.h -> /castles/nr/projects/d/duanj-ai-in-medical-imaging/.share/conda-env/ml/lib/python3.7/site-packages/torch/include/caffe2/predictor
copying build/lib.linux-ppc64le-3.7/torch/include/caffe2/predictor/predictor_utils.h -> /castles/nr/projects/d/duanj-ai-in-medical-imaging/.share/conda-env/ml/lib/python3.7/site-packages/torch/include/caffe2/predictor
creating /castles/nr/projects/d/duanj-ai-in-medical-imaging/.share/conda-env/ml/lib/python3.7/site-packages/torch/include/caffe2/onnx
copying build/lib.linux-ppc64le-3.7/torch/include/caffe2/onnx/onnxifi_graph_info.h -> /castles/nr/projects/d/duanj-ai-in-medical-imaging/.share/conda-env/ml/lib/python3.7/site-packages/torch/include/caffe2/onnx
copying build/lib.linux-ppc64le-3.7/torch/include/caffe2/onnx/offline_tensor.h -> /castles/nr/projects/d/duanj-ai-in-medical-imaging/.share/conda-env/ml/lib/python3.7/site-packages/torch/include/caffe2/onnx
copying build/lib.linux-ppc64le-3.7/torch/include/caffe2/onnx/backend_rep.h -> /castles/nr/projects/d/duanj-ai-in-medical-imaging/.share/conda-env/ml/lib/python3.7/site-packages/torch/include/caffe2/onnx
copying build/lib.linux-ppc64le-3.7/torch/include/caffe2/onnx/helper.h -> /castles/nr/projects/d/duanj-ai-in-medical-imaging/.share/conda-env/ml/lib/python3.7/site-packages/torch/include/caffe2/onnx
copying build/lib.linux-ppc64le-3.7/torch/include/caffe2/onnx/device.h -> /castles/nr/projects/d/duanj-ai-in-medical-imaging/.share/conda-env/ml/lib/python3.7/site-packages/torch/include/caffe2/onnx
copying build/lib.linux-ppc64le-3.7/torch/include/caffe2/onnx/onnxifi_init.h -> /castles/nr/projects/d/duanj-ai-in-medical-imaging/.share/conda-env/ml/lib/python3.7/site-packages/torch/include/caffe2/onnx
copying build/lib.linux-ppc64le-3.7/torch/include/caffe2/onnx/backend.h -> /castles/nr/projects/d/duanj-ai-in-medical-imaging/.share/conda-env/ml/lib/python3.7/site-packages/torch/include/caffe2/onnx
copying build/lib.linux-ppc64le-3.7/torch/include/caffe2/onnx/onnx_exporter.h -> /castles/nr/projects/d/duanj-ai-in-medical-imaging/.share/conda-env/ml/lib/python3.7/site-packages/torch/include/caffe2/onnx
creating /castles/nr/projects/d/duanj-ai-in-medical-imaging/.share/conda-env/ml/lib/python3.7/site-packages/torch/include/caffe2/mpi
copying build/lib.linux-ppc64le-3.7/torch/include/caffe2/mpi/mpi_ops.h -> /castles/nr/projects/d/duanj-ai-in-medical-imaging/.share/conda-env/ml/lib/python3.7/site-packages/torch/include/caffe2/mpi
copying build/lib.linux-ppc64le-3.7/torch/include/caffe2/mpi/mpi_common.h -> /castles/nr/projects/d/duanj-ai-in-medical-imaging/.share/conda-env/ml/lib/python3.7/site-packages/torch/include/caffe2/mpi
creating /castles/nr/projects/d/duanj-ai-in-medical-imaging/.share/conda-env/ml/lib/python3.7/site-packages/torch/include/caffe2/python
copying build/lib.linux-ppc64le-3.7/torch/include/caffe2/python/pybind_state_dlpack.h -> /castles/nr/projects/d/duanj-ai-in-medical-imaging/.share/conda-env/ml/lib/python3.7/site-packages/torch/include/caffe2/python
copying build/lib.linux-ppc64le-3.7/torch/include/caffe2/python/dlpack.h -> /castles/nr/projects/d/duanj-ai-in-medical-imaging/.share/conda-env/ml/lib/python3.7/site-packages/torch/include/caffe2/python
copying build/lib.linux-ppc64le-3.7/torch/include/caffe2/python/pybind_state_registry.h -> /castles/nr/projects/d/duanj-ai-in-medical-imaging/.share/conda-env/ml/lib/python3.7/site-packages/torch/include/caffe2/python
copying build/lib.linux-ppc64le-3.7/torch/include/caffe2/python/pybind_state.h -> /castles/nr/projects/d/duanj-ai-in-medical-imaging/.share/conda-env/ml/lib/python3.7/site-packages/torch/include/caffe2/python
creating /castles/nr/projects/d/duanj-ai-in-medical-imaging/.share/conda-env/ml/lib/python3.7/site-packages/torch/include/caffe2/operators
copying build/lib.linux-ppc64le-3.7/torch/include/caffe2/operators/affine_channel_op.h -> /castles/nr/projects/d/duanj-ai-in-medical-imaging/.share/conda-env/ml/lib/python3.7/site-packages/torch/include/caffe2/operators
copying build/lib.linux-ppc64le-3.7/torch/include/caffe2/operators/cosh_op.h -> /castles/nr/projects/d/duanj-ai-in-medical-imaging/.share/conda-env/ml/lib/python3.7/site-packages/torch/include/caffe2/operators
copying build/lib.linux-ppc64le-3.7/torch/include/caffe2/operators/normalize_l1_op.h -> /castles/nr/projects/d/duanj-ai-in-medical-imaging/.share/conda-env/ml/lib/python3.7/site-packages/torch/include/caffe2/operators
copying build/lib.linux-ppc64le-3.7/torch/include/caffe2/operators/gather_ranges_to_dense_op.h -> /castles/nr/projects/d/duanj-ai-in-medical-imaging/.share/conda-env/ml/lib/python3.7/site-packages/torch/include/caffe2/operators
copying build/lib.linux-ppc64le-3.7/torch/include/caffe2/operators/lengths_tile_op.h -> /castles/nr/projects/d/duanj-ai-in-medical-imaging/.share/conda-env/ml/lib/python3.7/site-packages/torch/include/caffe2/operators
copying build/lib.linux-ppc64le-3.7/torch/include/caffe2/operators/cube_op.h -> /castles/nr/projects/d/duanj-ai-in-medical-imaging/.share/conda-env/ml/lib/python3.7/site-packages/torch/include/caffe2/operators
copying build/lib.linux-ppc64le-3.7/torch/include/caffe2/operators/rmac_regions_op.h -> /castles/nr/projects/d/duanj-ai-in-medical-imaging/.share/conda-env/ml/lib/python3.7/site-packages/torch/include/caffe2/operators
copying build/lib.linux-ppc64le-3.7/torch/include/caffe2/operators/numpy_tile_op.h -> /castles/nr/projects/d/duanj-ai-in-medical-imaging/.share/conda-env/ml/lib/python3.7/site-packages/torch/include/caffe2/operators
copying build/lib.linux-ppc64le-3.7/torch/include/caffe2/operators/rank_loss_op.h -> /castles/nr/projects/d/duanj-ai-in-medical-imaging/.share/conda-env/ml/lib/python3.7/site-packages/torch/include/caffe2/operators
copying build/lib.linux-ppc64le-3.7/torch/include/caffe2/operators/load_save_op.h -> /castles/nr/projects/d/duanj-ai-in-medical-imaging/.share/conda-env/ml/lib/python3.7/site-packages/torch/include/caffe2/operators
copying build/lib.linux-ppc64le-3.7/torch/include/caffe2/operators/softsign_op.h -> /castles/nr/projects/d/duanj-ai-in-medical-imaging/.share/conda-env/ml/lib/python3.7/site-packages/torch/include/caffe2/operators
copying build/lib.linux-ppc64le-3.7/torch/include/caffe2/operators/arg_ops.h -> /castles/nr/projects/d/duanj-ai-in-medical-imaging/.share/conda-env/ml/lib/python3.7/site-packages/torch/include/caffe2/operators
copying build/lib.linux-ppc64le-3.7/torch/include/caffe2/operators/slice_op.h -> /castles/nr/projects/d/duanj-ai-in-medical-imaging/.share/conda-env/ml/lib/python3.7/site-packages/torch/include/caffe2/operators
copying build/lib.linux-ppc64le-3.7/torch/include/caffe2/operators/tan_op.h -> /castles/nr/projects/d/duanj-ai-in-medical-imaging/.share/conda-env/ml/lib/python3.7/site-packages/torch/include/caffe2/operators
copying build/lib.linux-ppc64le-3.7/torch/include/caffe2/operators/conditional_op.h -> /castles/nr/projects/d/duanj-ai-in-medical-imaging/.share/conda-env/ml/lib/python3.7/site-packages/torch/include/caffe2/operators
copying build/lib.linux-ppc64le-3.7/torch/include/caffe2/operators/pack_segments.h -> /castles/nr/projects/d/duanj-ai-in-medical-imaging/.share/conda-env/ml/lib/python3.7/site-packages/torch/include/caffe2/operators
copying build/lib.linux-ppc64le-3.7/torch/include/caffe2/operators/tile_op.h -> /castles/nr/projects/d/duanj-ai-in-medical-imaging/.share/conda-env/ml/lib/python3.7/site-packages/torch/include/caffe2/operators
copying build/lib.linux-ppc64le-3.7/torch/include/caffe2/operators/matmul_op.h -> /castles/nr/projects/d/duanj-ai-in-medical-imaging/.share/conda-env/ml/lib/python3.7/site-packages/torch/include/caffe2/operators
copying build/lib.linux-ppc64le-3.7/torch/include/caffe2/operators/transpose_op.h -> /castles/nr/projects/d/duanj-ai-in-medical-imaging/.share/conda-env/ml/lib/python3.7/site-packages/torch/include/caffe2/operators
copying build/lib.linux-ppc64le-3.7/torch/include/caffe2/operators/batch_gather_ops.h -> /castles/nr/projects/d/duanj-ai-in-medical-imaging/.share/conda-env/ml/lib/python3.7/site-packages/torch/include/caffe2/operators
copying build/lib.linux-ppc64le-3.7/torch/include/caffe2/operators/expand_squeeze_dims_op.h -> /castles/nr/projects/d/duanj-ai-in-medical-imaging/.share/conda-env/ml/lib/python3.7/site-packages/torch/include/caffe2/operators
copying build/lib.linux-ppc64le-3.7/torch/include/caffe2/operators/batch_matmul_op.h -> /castles/nr/projects/d/duanj-ai-in-medical-imaging/.share/conda-env/ml/lib/python3.7/site-packages/torch/include/caffe2/operators
copying build/lib.linux-ppc64le-3.7/torch/include/caffe2/operators/lstm_unit_op.h -> /castles/nr/projects/d/duanj-ai-in-medical-imaging/.share/conda-env/ml/lib/python3.7/site-packages/torch/include/caffe2/operators
copying build/lib.linux-ppc64le-3.7/torch/include/caffe2/operators/fused_rowwise_nbit_conversion_ops.h -> /castles/nr/projects/d/duanj-ai-in-medical-imaging/.share/conda-env/ml/lib/python3.7/site-packages/torch/include/caffe2/operators
copying build/lib.linux-ppc64le-3.7/torch/include/caffe2/operators/relu_n_op.h -> /castles/nr/projects/d/duanj-ai-in-medical-imaging/.share/conda-env/ml/lib/python3.7/site-packages/torch/include/caffe2/operators
copying build/lib.linux-ppc64le-3.7/torch/include/caffe2/operators/sqr_op.h -> /castles/nr/projects/d/duanj-ai-in-medical-imaging/.share/conda-env/ml/lib/python3.7/site-packages/torch/include/caffe2/operators
copying build/lib.linux-ppc64le-3.7/torch/include/caffe2/operators/reverse_packed_segs_op.h -> /castles/nr/projects/d/duanj-ai-in-medical-imaging/.share/conda-env/ml/lib/python3.7/site-packages/torch/include/caffe2/operators
copying build/lib.linux-ppc64le-3.7/torch/include/caffe2/operators/perplexity_op.h -> /castles/nr/projects/d/duanj-ai-in-medical-imaging/.share/conda-env/ml/lib/python3.7/site-packages/torch/include/caffe2/operators
copying build/lib.linux-ppc64le-3.7/torch/include/caffe2/operators/self_binning_histogram_op.h -> /castles/nr/projects/d/duanj-ai-in-medical-imaging/.share/conda-env/ml/lib/python3.7/site-packages/torch/include/caffe2/operators
copying build/lib.linux-ppc64le-3.7/torch/include/caffe2/operators/elementwise_add_op.h -> /castles/nr/projects/d/duanj-ai-in-medical-imaging/.share/conda-env/ml/lib/python3.7/site-packages/torch/include/caffe2/operators
copying build/lib.linux-ppc64le-3.7/torch/include/caffe2/operators/acos_op.h -> /castles/nr/projects/d/duanj-ai-in-medical-imaging/.share/conda-env/ml/lib/python3.7/site-packages/torch/include/caffe2/operators
copying build/lib.linux-ppc64le-3.7/torch/include/caffe2/operators/lpnorm_op.h -> /castles/nr/projects/d/duanj-ai-in-medical-imaging/.share/conda-env/ml/lib/python3.7/site-packages/torch/include/caffe2/operators
copying build/lib.linux-ppc64le-3.7/torch/include/caffe2/operators/enforce_finite_op.h -> /castles/nr/projects/d/duanj-ai-in-medical-imaging/.share/conda-env/ml/lib/python3.7/site-packages/torch/include/caffe2/operators
copying build/lib.linux-ppc64le-3.7/torch/include/caffe2/operators/group_norm_op.h -> /castles/nr/projects/d/duanj-ai-in-medical-imaging/.share/conda-env/ml/lib/python3.7/site-packages/torch/include/caffe2/operators
copying build/lib.linux-ppc64le-3.7/torch/include/caffe2/operators/layer_norm_op.h -> /castles/nr/projects/d/duanj-ai-in-medical-imaging/.share/conda-env/ml/lib/python3.7/site-packages/torch/include/caffe2/operators
copying build/lib.linux-ppc64le-3.7/torch/include/caffe2/operators/sparse_to_dense_mask_op.h -> /castles/nr/projects/d/duanj-ai-in-medical-imaging/.share/conda-env/ml/lib/python3.7/site-packages/torch/include/caffe2/operators
copying build/lib.linux-ppc64le-3.7/torch/include/caffe2/operators/generate_proposals_op_util_nms.h -> /castles/nr/projects/d/duanj-ai-in-medical-imaging/.share/conda-env/ml/lib/python3.7/site-packages/torch/include/caffe2/operators
copying build/lib.linux-ppc64le-3.7/torch/include/caffe2/operators/generate_proposals_op_util_boxes.h -> /castles/nr/projects/d/duanj-ai-in-medical-imaging/.share/conda-env/ml/lib/python3.7/site-packages/torch/include/caffe2/operators
copying build/lib.linux-ppc64le-3.7/torch/include/caffe2/operators/locally_connected_op_impl.h -> /castles/nr/projects/d/duanj-ai-in-medical-imaging/.share/conda-env/ml/lib/python3.7/site-packages/torch/include/caffe2/operators
copying build/lib.linux-ppc64le-3.7/torch/include/caffe2/operators/softmax_op.h -> /castles/nr/projects/d/duanj-ai-in-medical-imaging/.share/conda-env/ml/lib/python3.7/site-packages/torch/include/caffe2/operators
copying build/lib.linux-ppc64le-3.7/torch/include/caffe2/operators/counter_ops.h -> /castles/nr/projects/d/duanj-ai-in-medical-imaging/.share/conda-env/ml/lib/python3.7/site-packages/torch/include/caffe2/operators
copying build/lib.linux-ppc64le-3.7/torch/include/caffe2/operators/local_response_normalization_op.h -> /castles/nr/projects/d/duanj-ai-in-medical-imaging/.share/conda-env/ml/lib/python3.7/site-packages/torch/include/caffe2/operators
copying build/lib.linux-ppc64le-3.7/torch/include/caffe2/operators/erf_op.h -> /castles/nr/projects/d/duanj-ai-in-medical-imaging/.share/conda-env/ml/lib/python3.7/site-packages/torch/include/caffe2/operators
copying build/lib.linux-ppc64le-3.7/torch/include/caffe2/operators/accumulate_op.h -> /castles/nr/projects/d/duanj-ai-in-medical-imaging/.share/conda-env/ml/lib/python3.7/site-packages/torch/include/caffe2/operators
copying build/lib.linux-ppc64le-3.7/torch/include/caffe2/operators/lengths_reducer_ops.h -> /castles/nr/projects/d/duanj-ai-in-medical-imaging/.share/conda-env/ml/lib/python3.7/site-packages/torch/include/caffe2/operators
copying build/lib.linux-ppc64le-3.7/torch/include/caffe2/operators/stop_gradient.h -> /castles/nr/projects/d/duanj-ai-in-medical-imaging/.share/conda-env/ml/lib/python3.7/site-packages/torch/include/caffe2/operators
copying build/lib.linux-ppc64le-3.7/torch/include/caffe2/operators/floor_op.h -> /castles/nr/projects/d/duanj-ai-in-medical-imaging/.share/conda-env/ml/lib/python3.7/site-packages/torch/include/caffe2/operators
copying build/lib.linux-ppc64le-3.7/torch/include/caffe2/operators/loss_op.h -> /castles/nr/projects/d/duanj-ai-in-medical-imaging/.share/conda-env/ml/lib/python3.7/site-packages/torch/include/caffe2/operators
copying build/lib.linux-ppc64le-3.7/torch/include/caffe2/operators/selu_op.h -> /castles/nr/projects/d/duanj-ai-in-medical-imaging/.share/conda-env/ml/lib/python3.7/site-packages/torch/include/caffe2/operators
copying build/lib.linux-ppc64le-3.7/torch/include/caffe2/operators/apmeter_op.h -> /castles/nr/projects/d/duanj-ai-in-medical-imaging/.share/conda-env/ml/lib/python3.7/site-packages/torch/include/caffe2/operators
copying build/lib.linux-ppc64le-3.7/torch/include/caffe2/operators/abs_op.h -> /castles/nr/projects/d/duanj-ai-in-medical-imaging/.share/conda-env/ml/lib/python3.7/site-packages/torch/include/caffe2/operators
copying build/lib.linux-ppc64le-3.7/torch/include/caffe2/operators/dropout_op.h -> /castles/nr/projects/d/duanj-ai-in-medical-imaging/.share/conda-env/ml/lib/python3.7/site-packages/torch/include/caffe2/operators
copying build/lib.linux-ppc64le-3.7/torch/include/caffe2/operators/fused_rowwise_nbitfake_conversion_ops.h -> /castles/nr/projects/d/duanj-ai-in-medical-imaging/.share/conda-env/ml/lib/python3.7/site-packages/torch/include/caffe2/operators
copying build/lib.linux-ppc64le-3.7/torch/include/caffe2/operators/reduce_front_back_max_ops.h -> /castles/nr/projects/d/duanj-ai-in-medical-imaging/.share/conda-env/ml/lib/python3.7/site-packages/torch/include/caffe2/operators
copying build/lib.linux-ppc64le-3.7/torch/include/caffe2/operators/piecewise_linear_transform_op.h -> /castles/nr/projects/d/duanj-ai-in-medical-imaging/.share/conda-env/ml/lib/python3.7/site-packages/torch/include/caffe2/operators
copying build/lib.linux-ppc64le-3.7/torch/include/caffe2/operators/channel_backprop_stats_op.h -> /castles/nr/projects/d/duanj-ai-in-medical-imaging/.share/conda-env/ml/lib/python3.7/site-packages/torch/include/caffe2/operators
copying build/lib.linux-ppc64le-3.7/torch/include/caffe2/operators/sqrt_op.h -> /castles/nr/projects/d/duanj-ai-in-medical-imaging/.share/conda-env/ml/lib/python3.7/site-packages/torch/include/caffe2/operators
copying build/lib.linux-ppc64le-3.7/torch/include/caffe2/operators/space_batch_op.h -> /castles/nr/projects/d/duanj-ai-in-medical-imaging/.share/conda-env/ml/lib/python3.7/site-packages/torch/include/caffe2/operators
copying build/lib.linux-ppc64le-3.7/torch/include/caffe2/operators/log_op.h -> /castles/nr/projects/d/duanj-ai-in-medical-imaging/.share/conda-env/ml/lib/python3.7/site-packages/torch/include/caffe2/operators
copying build/lib.linux-ppc64le-3.7/torch/include/caffe2/operators/clip_op.h -> /castles/nr/projects/d/duanj-ai-in-medical-imaging/.share/conda-env/ml/lib/python3.7/site-packages/torch/include/caffe2/operators
copying build/lib.linux-ppc64le-3.7/torch/include/caffe2/operators/prepend_dim_op.h -> /castles/nr/projects/d/duanj-ai-in-medical-imaging/.share/conda-env/ml/lib/python3.7/site-packages/torch/include/caffe2/operators
copying build/lib.linux-ppc64le-3.7/torch/include/caffe2/operators/scale_op.h -> /castles/nr/projects/d/duanj-ai-in-medical-imaging/.share/conda-env/ml/lib/python3.7/site-packages/torch/include/caffe2/operators
copying build/lib.linux-ppc64le-3.7/torch/include/caffe2/operators/conv_op.h -> /castles/nr/projects/d/duanj-ai-in-medical-imaging/.share/conda-env/ml/lib/python3.7/site-packages/torch/include/caffe2/operators
copying build/lib.linux-ppc64le-3.7/torch/include/caffe2/operators/roi_align_op.h -> /castles/nr/projects/d/duanj-ai-in-medical-imaging/.share/conda-env/ml/lib/python3.7/site-packages/torch/include/caffe2/operators
copying build/lib.linux-ppc64le-3.7/torch/include/caffe2/operators/lengths_pad_op.h -> /castles/nr/projects/d/duanj-ai-in-medical-imaging/.share/conda-env/ml/lib/python3.7/site-packages/torch/include/caffe2/operators
copying build/lib.linux-ppc64le-3.7/torch/include/caffe2/operators/gru_unit_op.h -> /castles/nr/projects/d/duanj-ai-in-medical-imaging/.share/conda-env/ml/lib/python3.7/site-packages/torch/include/caffe2/operators
copying build/lib.linux-ppc64le-3.7/torch/include/caffe2/operators/ensure_clipped_op.h -> /castles/nr/projects/d/duanj-ai-in-medical-imaging/.share/conda-env/ml/lib/python3.7/site-packages/torch/include/caffe2/operators
copying build/lib.linux-ppc64le-3.7/torch/include/caffe2/operators/prefetch_op.h -> /castles/nr/projects/d/duanj-ai-in-medical-imaging/.share/conda-env/ml/lib/python3.7/site-packages/torch/include/caffe2/operators
copying build/lib.linux-ppc64le-3.7/torch/include/caffe2/operators/ctc_greedy_decoder_op.h -> /castles/nr/projects/d/duanj-ai-in-medical-imaging/.share/conda-env/ml/lib/python3.7/site-packages/torch/include/caffe2/operators
copying build/lib.linux-ppc64le-3.7/torch/include/caffe2/operators/utility_ops.h -> /castles/nr/projects/d/duanj-ai-in-medical-imaging/.share/conda-env/ml/lib/python3.7/site-packages/torch/include/caffe2/operators
copying build/lib.linux-ppc64le-3.7/torch/include/caffe2/operators/glu_op.h -> /castles/nr/projects/d/duanj-ai-in-medical-imaging/.share/conda-env/ml/lib/python3.7/site-packages/torch/include/caffe2/operators
copying build/lib.linux-ppc64le-3.7/torch/include/caffe2/operators/concat_split_op.h -> /castles/nr/projects/d/duanj-ai-in-medical-imaging/.share/conda-env/ml/lib/python3.7/site-packages/torch/include/caffe2/operators
copying build/lib.linux-ppc64le-3.7/torch/include/caffe2/operators/conv_transpose_op_mobile.h -> /castles/nr/projects/d/duanj-ai-in-medical-imaging/.share/conda-env/ml/lib/python3.7/site-packages/torch/include/caffe2/operators
copying build/lib.linux-ppc64le-3.7/torch/include/caffe2/operators/tanh_op.h -> /castles/nr/projects/d/duanj-ai-in-medical-imaging/.share/conda-env/ml/lib/python3.7/site-packages/torch/include/caffe2/operators
copying build/lib.linux-ppc64le-3.7/torch/include/caffe2/operators/activation_ops_cudnn.h -> /castles/nr/projects/d/duanj-ai-in-medical-imaging/.share/conda-env/ml/lib/python3.7/site-packages/torch/include/caffe2/operators
copying build/lib.linux-ppc64le-3.7/torch/include/caffe2/operators/operator_fallback_gpu.h -> /castles/nr/projects/d/duanj-ai-in-medical-imaging/.share/conda-env/ml/lib/python3.7/site-packages/torch/include/caffe2/operators
copying build/lib.linux-ppc64le-3.7/torch/include/caffe2/operators/negate_gradient_op.h -> /castles/nr/projects/d/duanj-ai-in-medical-imaging/.share/conda-env/ml/lib/python3.7/site-packages/torch/include/caffe2/operators
copying build/lib.linux-ppc64le-3.7/torch/include/caffe2/operators/one_hot_ops.h -> /castles/nr/projects/d/duanj-ai-in-medical-imaging/.share/conda-env/ml/lib/python3.7/site-packages/torch/include/caffe2/operators
copying build/lib.linux-ppc64le-3.7/torch/include/caffe2/operators/ceil_op.h -> /castles/nr/projects/d/duanj-ai-in-medical-imaging/.share/conda-env/ml/lib/python3.7/site-packages/torch/include/caffe2/operators
copying build/lib.linux-ppc64le-3.7/torch/include/caffe2/operators/sinh_op.h -> /castles/nr/projects/d/duanj-ai-in-medical-imaging/.share/conda-env/ml/lib/python3.7/site-packages/torch/include/caffe2/operators
copying build/lib.linux-ppc64le-3.7/torch/include/caffe2/operators/histogram_op.h -> /castles/nr/projects/d/duanj-ai-in-medical-imaging/.share/conda-env/ml/lib/python3.7/site-packages/torch/include/caffe2/operators
copying build/lib.linux-ppc64le-3.7/torch/include/caffe2/operators/do_op.h -> /castles/nr/projects/d/duanj-ai-in-medical-imaging/.share/conda-env/ml/lib/python3.7/site-packages/torch/include/caffe2/operators
copying build/lib.linux-ppc64le-3.7/torch/include/caffe2/operators/string_ops.h -> /castles/nr/projects/d/duanj-ai-in-medical-imaging/.share/conda-env/ml/lib/python3.7/site-packages/torch/include/caffe2/operators
copying build/lib.linux-ppc64le-3.7/torch/include/caffe2/operators/flexible_top_k.h -> /castles/nr/projects/d/duanj-ai-in-medical-imaging/.share/conda-env/ml/lib/python3.7/site-packages/torch/include/caffe2/operators
copying build/lib.linux-ppc64le-3.7/torch/include/caffe2/operators/generate_proposals_op.h -> /castles/nr/projects/d/duanj-ai-in-medical-imaging/.share/conda-env/ml/lib/python3.7/site-packages/torch/include/caffe2/operators
copying build/lib.linux-ppc64le-3.7/torch/include/caffe2/operators/feature_maps_ops.h -> /castles/nr/projects/d/duanj-ai-in-medical-imaging/.share/conda-env/ml/lib/python3.7/site-packages/torch/include/caffe2/operators
copying build/lib.linux-ppc64le-3.7/torch/include/caffe2/operators/cos_op.h -> /castles/nr/projects/d/duanj-ai-in-medical-imaging/.share/conda-env/ml/lib/python3.7/site-packages/torch/include/caffe2/operators
copying build/lib.linux-ppc64le-3.7/torch/include/caffe2/operators/reduce_front_back_sum_mean_ops.h -> /castles/nr/projects/d/duanj-ai-in-medical-imaging/.share/conda-env/ml/lib/python3.7/site-packages/torch/include/caffe2/operators
copying build/lib.linux-ppc64le-3.7/torch/include/caffe2/operators/assert_op.h -> /castles/nr/projects/d/duanj-ai-in-medical-imaging/.share/conda-env/ml/lib/python3.7/site-packages/torch/include/caffe2/operators
copying build/lib.linux-ppc64le-3.7/torch/include/caffe2/operators/cbrt_op.h -> /castles/nr/projects/d/duanj-ai-in-medical-imaging/.share/conda-env/ml/lib/python3.7/site-packages/torch/include/caffe2/operators
copying build/lib.linux-ppc64le-3.7/torch/include/caffe2/operators/swish_op.h -> /castles/nr/projects/d/duanj-ai-in-medical-imaging/.share/conda-env/ml/lib/python3.7/site-packages/torch/include/caffe2/operators
copying build/lib.linux-ppc64le-3.7/torch/include/caffe2/operators/reciprocal_op.h -> /castles/nr/projects/d/duanj-ai-in-medical-imaging/.share/conda-env/ml/lib/python3.7/site-packages/torch/include/caffe2/operators
copying build/lib.linux-ppc64le-3.7/torch/include/caffe2/operators/tensor_protos_db_input.h -> /castles/nr/projects/d/duanj-ai-in-medical-imaging/.share/conda-env/ml/lib/python3.7/site-packages/torch/include/caffe2/operators
copying build/lib.linux-ppc64le-3.7/torch/include/caffe2/operators/key_split_ops.h -> /castles/nr/projects/d/duanj-ai-in-medical-imaging/.share/conda-env/ml/lib/python3.7/site-packages/torch/include/caffe2/operators
copying build/lib.linux-ppc64le-3.7/torch/include/caffe2/operators/no_default_engine_op.h -> /castles/nr/projects/d/duanj-ai-in-medical-imaging/.share/conda-env/ml/lib/python3.7/site-packages/torch/include/caffe2/operators
copying build/lib.linux-ppc64le-3.7/torch/include/caffe2/operators/stats_put_ops.h -> /castles/nr/projects/d/duanj-ai-in-medical-imaging/.share/conda-env/ml/lib/python3.7/site-packages/torch/include/caffe2/operators
copying build/lib.linux-ppc64le-3.7/torch/include/caffe2/operators/exp_op.h -> /castles/nr/projects/d/duanj-ai-in-medical-imaging/.share/conda-env/ml/lib/python3.7/site-packages/torch/include/caffe2/operators
copying build/lib.linux-ppc64le-3.7/torch/include/caffe2/operators/deform_conv_op_impl.h -> /castles/nr/projects/d/duanj-ai-in-medical-imaging/.share/conda-env/ml/lib/python3.7/site-packages/torch/include/caffe2/operators
copying build/lib.linux-ppc64le-3.7/torch/include/caffe2/operators/pool_op.h -> /castles/nr/projects/d/duanj-ai-in-medical-imaging/.share/conda-env/ml/lib/python3.7/site-packages/torch/include/caffe2/operators
copying build/lib.linux-ppc64le-3.7/torch/include/caffe2/operators/gelu_op.h -> /castles/nr/projects/d/duanj-ai-in-medical-imaging/.share/conda-env/ml/lib/python3.7/site-packages/torch/include/caffe2/operators
copying build/lib.linux-ppc64le-3.7/torch/include/caffe2/operators/index_hash_ops.h -> /castles/nr/projects/d/duanj-ai-in-medical-imaging/.share/conda-env/ml/lib/python3.7/site-packages/torch/include/caffe2/operators
copying build/lib.linux-ppc64le-3.7/torch/include/caffe2/operators/bucketize_op.h -> /castles/nr/projects/d/duanj-ai-in-medical-imaging/.share/conda-env/ml/lib/python3.7/site-packages/torch/include/caffe2/operators
copying build/lib.linux-ppc64le-3.7/torch/include/caffe2/operators/unique_ops.h -> /castles/nr/projects/d/duanj-ai-in-medical-imaging/.share/conda-env/ml/lib/python3.7/site-packages/torch/include/caffe2/operators
copying build/lib.linux-ppc64le-3.7/torch/include/caffe2/operators/sin_op.h -> /castles/nr/projects/d/duanj-ai-in-medical-imaging/.share/conda-env/ml/lib/python3.7/site-packages/torch/include/caffe2/operators
copying build/lib.linux-ppc64le-3.7/torch/include/caffe2/operators/softplus_op.h -> /castles/nr/projects/d/duanj-ai-in-medical-imaging/.share/conda-env/ml/lib/python3.7/site-packages/torch/include/caffe2/operators
copying build/lib.linux-ppc64le-3.7/torch/include/caffe2/operators/asin_op.h -> /castles/nr/projects/d/duanj-ai-in-medical-imaging/.share/conda-env/ml/lib/python3.7/site-packages/torch/include/caffe2/operators
copying build/lib.linux-ppc64le-3.7/torch/include/caffe2/operators/roi_align_gradient_op.h -> /castles/nr/projects/d/duanj-ai-in-medical-imaging/.share/conda-env/ml/lib/python3.7/site-packages/torch/include/caffe2/operators
copying build/lib.linux-ppc64le-3.7/torch/include/caffe2/operators/pad_op.h -> /castles/nr/projects/d/duanj-ai-in-medical-imaging/.share/conda-env/ml/lib/python3.7/site-packages/torch/include/caffe2/operators
copying build/lib.linux-ppc64le-3.7/torch/include/caffe2/operators/ensure_cpu_output_op.h -> /castles/nr/projects/d/duanj-ai-in-medical-imaging/.share/conda-env/ml/lib/python3.7/site-packages/torch/include/caffe2/operators
copying build/lib.linux-ppc64le-3.7/torch/include/caffe2/operators/load_save_op_util.h -> /castles/nr/projects/d/duanj-ai-in-medical-imaging/.share/conda-env/ml/lib/python3.7/site-packages/torch/include/caffe2/operators
copying build/lib.linux-ppc64le-3.7/torch/include/caffe2/operators/data_couple.h -> /castles/nr/projects/d/duanj-ai-in-medical-imaging/.share/conda-env/ml/lib/python3.7/site-packages/torch/include/caffe2/operators
copying build/lib.linux-ppc64le-3.7/torch/include/caffe2/operators/mish_op.h -> /castles/nr/projects/d/duanj-ai-in-medical-imaging/.share/conda-env/ml/lib/python3.7/site-packages/torch/include/caffe2/operators
copying build/lib.linux-ppc64le-3.7/torch/include/caffe2/operators/elementwise_ops.h -> /castles/nr/projects/d/duanj-ai-in-medical-imaging/.share/conda-env/ml/lib/python3.7/site-packages/torch/include/caffe2/operators
copying build/lib.linux-ppc64le-3.7/torch/include/caffe2/operators/softmax_with_loss_op.h -> /castles/nr/projects/d/duanj-ai-in-medical-imaging/.share/conda-env/ml/lib/python3.7/site-packages/torch/include/caffe2/operators
copying build/lib.linux-ppc64le-3.7/torch/include/caffe2/operators/cast_op.h -> /castles/nr/projects/d/duanj-ai-in-medical-imaging/.share/conda-env/ml/lib/python3.7/site-packages/torch/include/caffe2/operators
copying build/lib.linux-ppc64le-3.7/torch/include/caffe2/operators/lstm_utils.h -> /castles/nr/projects/d/duanj-ai-in-medical-imaging/.share/conda-env/ml/lib/python3.7/site-packages/torch/include/caffe2/operators
copying build/lib.linux-ppc64le-3.7/torch/include/caffe2/operators/im2col_op.h -> /castles/nr/projects/d/duanj-ai-in-medical-imaging/.share/conda-env/ml/lib/python3.7/site-packages/torch/include/caffe2/operators
copying build/lib.linux-ppc64le-3.7/torch/include/caffe2/operators/index_ops.h -> /castles/nr/projects/d/duanj-ai-in-medical-imaging/.share/conda-env/ml/lib/python3.7/site-packages/torch/include/caffe2/operators
copying build/lib.linux-ppc64le-3.7/torch/include/caffe2/operators/elementwise_div_op.h -> /castles/nr/projects/d/duanj-ai-in-medical-imaging/.share/conda-env/ml/lib/python3.7/site-packages/torch/include/caffe2/operators
copying build/lib.linux-ppc64le-3.7/torch/include/caffe2/operators/moments_op.h -> /castles/nr/projects/d/duanj-ai-in-medical-imaging/.share/conda-env/ml/lib/python3.7/site-packages/torch/include/caffe2/operators
copying build/lib.linux-ppc64le-3.7/torch/include/caffe2/operators/lengths_reducer_rowwise_8bit_ops.h -> /castles/nr/projects/d/duanj-ai-in-medical-imaging/.share/conda-env/ml/lib/python3.7/site-packages/torch/include/caffe2/operators
copying build/lib.linux-ppc64le-3.7/torch/include/caffe2/operators/roi_align_rotated_gradient_op.h -> /castles/nr/projects/d/duanj-ai-in-medical-imaging/.share/conda-env/ml/lib/python3.7/site-packages/torch/include/caffe2/operators
copying build/lib.linux-ppc64le-3.7/torch/include/caffe2/operators/conv_op_impl.h -> /castles/nr/projects/d/duanj-ai-in-medical-imaging/.share/conda-env/ml/lib/python3.7/site-packages/torch/include/caffe2/operators
copying build/lib.linux-ppc64le-3.7/torch/include/caffe2/operators/half_float_ops.h -> /castles/nr/projects/d/duanj-ai-in-medical-imaging/.share/conda-env/ml/lib/python3.7/site-packages/torch/include/caffe2/operators
copying build/lib.linux-ppc64le-3.7/torch/include/caffe2/operators/batch_sparse_to_dense_op.h -> /castles/nr/projects/d/duanj-ai-in-medical-imaging/.share/conda-env/ml/lib/python3.7/site-packages/torch/include/caffe2/operators
copying build/lib.linux-ppc64le-3.7/torch/include/caffe2/operators/fused_rowwise_8bit_conversion_ops.h -> /castles/nr/projects/d/duanj-ai-in-medical-imaging/.share/conda-env/ml/lib/python3.7/site-packages/torch/include/caffe2/operators
copying build/lib.linux-ppc64le-3.7/torch/include/caffe2/operators/dense_vector_to_id_list_op.h -> /castles/nr/projects/d/duanj-ai-in-medical-imaging/.share/conda-env/ml/lib/python3.7/site-packages/torch/include/caffe2/operators
copying build/lib.linux-ppc64le-3.7/torch/include/caffe2/operators/leaky_relu_op.h -> /castles/nr/projects/d/duanj-ai-in-medical-imaging/.share/conda-env/ml/lib/python3.7/site-packages/torch/include/caffe2/operators
copying build/lib.linux-ppc64le-3.7/torch/include/caffe2/operators/sequence_ops.h -> /castles/nr/projects/d/duanj-ai-in-medical-imaging/.share/conda-env/ml/lib/python3.7/site-packages/torch/include/caffe2/operators
copying build/lib.linux-ppc64le-3.7/torch/include/caffe2/operators/conv_pool_op_base.h -> /castles/nr/projects/d/duanj-ai-in-medical-imaging/.share/conda-env/ml/lib/python3.7/site-packages/torch/include/caffe2/operators
copying build/lib.linux-ppc64le-3.7/torch/include/caffe2/operators/fully_connected_op.h -> /castles/nr/projects/d/duanj-ai-in-medical-imaging/.share/conda-env/ml/lib/python3.7/site-packages/torch/include/caffe2/operators
copying build/lib.linux-ppc64le-3.7/torch/include/caffe2/operators/hard_sigmoid_op.h -> /castles/nr/projects/d/duanj-ai-in-medical-imaging/.share/conda-env/ml/lib/python3.7/site-packages/torch/include/caffe2/operators
copying build/lib.linux-ppc64le-3.7/torch/include/caffe2/operators/channel_stats_op.h -> /castles/nr/projects/d/duanj-ai-in-medical-imaging/.share/conda-env/ml/lib/python3.7/site-packages/torch/include/caffe2/operators
copying build/lib.linux-ppc64le-3.7/torch/include/caffe2/operators/batch_box_cox_op.h -> /castles/nr/projects/d/duanj-ai-in-medical-imaging/.share/conda-env/ml/lib/python3.7/site-packages/torch/include/caffe2/operators
copying build/lib.linux-ppc64le-3.7/torch/include/caffe2/operators/while_op.h -> /castles/nr/projects/d/duanj-ai-in-medical-imaging/.share/conda-env/ml/lib/python3.7/site-packages/torch/include/caffe2/operators
copying build/lib.linux-ppc64le-3.7/torch/include/caffe2/operators/partition_ops.h -> /castles/nr/projects/d/duanj-ai-in-medical-imaging/.share/conda-env/ml/lib/python3.7/site-packages/torch/include/caffe2/operators
copying build/lib.linux-ppc64le-3.7/torch/include/caffe2/operators/order_switch_ops.h -> /castles/nr/projects/d/duanj-ai-in-medical-imaging/.share/conda-env/ml/lib/python3.7/site-packages/torch/include/caffe2/operators
copying build/lib.linux-ppc64le-3.7/torch/include/caffe2/operators/gather_fused_8bit_rowwise_op.h -> /castles/nr/projects/d/duanj-ai-in-medical-imaging/.share/conda-env/ml/lib/python3.7/site-packages/torch/include/caffe2/operators
copying build/lib.linux-ppc64le-3.7/torch/include/caffe2/operators/margin_ranking_criterion_op.h -> /castles/nr/projects/d/duanj-ai-in-medical-imaging/.share/conda-env/ml/lib/python3.7/site-packages/torch/include/caffe2/operators
copying build/lib.linux-ppc64le-3.7/torch/include/caffe2/operators/elementwise_mul_op.h -> /castles/nr/projects/d/duanj-ai-in-medical-imaging/.share/conda-env/ml/lib/python3.7/site-packages/torch/include/caffe2/operators
copying build/lib.linux-ppc64le-3.7/torch/include/caffe2/operators/sparse_lp_regularizer_op.h -> /castles/nr/projects/d/duanj-ai-in-medical-imaging/.share/conda-env/ml/lib/python3.7/site-packages/torch/include/caffe2/operators
copying build/lib.linux-ppc64le-3.7/torch/include/caffe2/operators/gather_op.h -> /castles/nr/projects/d/duanj-ai-in-medical-imaging/.share/conda-env/ml/lib/python3.7/site-packages/torch/include/caffe2/operators
copying build/lib.linux-ppc64le-3.7/torch/include/caffe2/operators/op_utils_cudnn.h -> /castles/nr/projects/d/duanj-ai-in-medical-imaging/.share/conda-env/ml/lib/python3.7/site-packages/torch/include/caffe2/operators
copying build/lib.linux-ppc64le-3.7/torch/include/caffe2/operators/boolean_mask_ops.h -> /castles/nr/projects/d/duanj-ai-in-medical-imaging/.share/conda-env/ml/lib/python3.7/site-packages/torch/include/caffe2/operators
copying build/lib.linux-ppc64le-3.7/torch/include/caffe2/operators/reshape_op.h -> /castles/nr/projects/d/duanj-ai-in-medical-imaging/.share/conda-env/ml/lib/python3.7/site-packages/torch/include/caffe2/operators
copying build/lib.linux-ppc64le-3.7/torch/include/caffe2/operators/text_file_reader_utils.h -> /castles/nr/projects/d/duanj-ai-in-medical-imaging/.share/conda-env/ml/lib/python3.7/site-packages/torch/include/caffe2/operators
copying build/lib.linux-ppc64le-3.7/torch/include/caffe2/operators/merge_id_lists_op.h -> /castles/nr/projects/d/duanj-ai-in-medical-imaging/.share/conda-env/ml/lib/python3.7/site-packages/torch/include/caffe2/operators
copying build/lib.linux-ppc64le-3.7/torch/include/caffe2/operators/tt_linear_op.h -> /castles/nr/projects/d/duanj-ai-in-medical-imaging/.share/conda-env/ml/lib/python3.7/site-packages/torch/include/caffe2/operators
copying build/lib.linux-ppc64le-3.7/torch/include/caffe2/operators/accuracy_op.h -> /castles/nr/projects/d/duanj-ai-in-medical-imaging/.share/conda-env/ml/lib/python3.7/site-packages/torch/include/caffe2/operators
copying build/lib.linux-ppc64le-3.7/torch/include/caffe2/operators/conv_op_cache_cudnn.h -> /castles/nr/projects/d/duanj-ai-in-medical-imaging/.share/conda-env/ml/lib/python3.7/site-packages/torch/include/caffe2/operators
copying build/lib.linux-ppc64le-3.7/torch/include/caffe2/operators/dataset_ops.h -> /castles/nr/projects/d/duanj-ai-in-medical-imaging/.share/conda-env/ml/lib/python3.7/site-packages/torch/include/caffe2/operators
copying build/lib.linux-ppc64le-3.7/torch/include/caffe2/operators/max_pool_with_index_gpu.h -> /castles/nr/projects/d/duanj-ai-in-medical-imaging/.share/conda-env/ml/lib/python3.7/site-packages/torch/include/caffe2/operators
copying build/lib.linux-ppc64le-3.7/torch/include/caffe2/operators/quantile_op.h -> /castles/nr/projects/d/duanj-ai-in-medical-imaging/.share/conda-env/ml/lib/python3.7/site-packages/torch/include/caffe2/operators
copying build/lib.linux-ppc64le-3.7/torch/include/caffe2/operators/elementwise_ops_utils.h -> /castles/nr/projects/d/duanj-ai-in-medical-imaging/.share/conda-env/ml/lib/python3.7/site-packages/torch/include/caffe2/operators
copying build/lib.linux-ppc64le-3.7/torch/include/caffe2/operators/find_op.h -> /castles/nr/projects/d/duanj-ai-in-medical-imaging/.share/conda-env/ml/lib/python3.7/site-packages/torch/include/caffe2/operators
copying build/lib.linux-ppc64le-3.7/torch/include/caffe2/operators/mean_op.h -> /castles/nr/projects/d/duanj-ai-in-medical-imaging/.share/conda-env/ml/lib/python3.7/site-packages/torch/include/caffe2/operators
copying build/lib.linux-ppc64le-3.7/torch/include/caffe2/operators/elementwise_logical_ops.h -> /castles/nr/projects/d/duanj-ai-in-medical-imaging/.share/conda-env/ml/lib/python3.7/site-packages/torch/include/caffe2/operators
copying build/lib.linux-ppc64le-3.7/torch/include/caffe2/operators/channel_shuffle_op.h -> /castles/nr/projects/d/duanj-ai-in-medical-imaging/.share/conda-env/ml/lib/python3.7/site-packages/torch/include/caffe2/operators
copying build/lib.linux-ppc64le-3.7/torch/include/caffe2/operators/elementwise_linear_op.h -> /castles/nr/projects/d/duanj-ai-in-medical-imaging/.share/conda-env/ml/lib/python3.7/site-packages/torch/include/caffe2/operators
copying build/lib.linux-ppc64le-3.7/torch/include/caffe2/operators/conv_transpose_op.h -> /castles/nr/projects/d/duanj-ai-in-medical-imaging/.share/conda-env/ml/lib/python3.7/site-packages/torch/include/caffe2/operators
copying build/lib.linux-ppc64le-3.7/torch/include/caffe2/operators/conv_transpose_unpool_op_base.h -> /castles/nr/projects/d/duanj-ai-in-medical-imaging/.share/conda-env/ml/lib/python3.7/site-packages/torch/include/caffe2/operators
copying build/lib.linux-ppc64le-3.7/torch/include/caffe2/operators/scale_blobs_op.h -> /castles/nr/projects/d/duanj-ai-in-medical-imaging/.share/conda-env/ml/lib/python3.7/site-packages/torch/include/caffe2/operators
copying build/lib.linux-ppc64le-3.7/torch/include/caffe2/operators/atan_op.h -> /castles/nr/projects/d/duanj-ai-in-medical-imaging/.share/conda-env/ml/lib/python3.7/site-packages/torch/include/caffe2/operators
copying build/lib.linux-ppc64le-3.7/torch/include/caffe2/operators/alias_with_name.h -> /castles/nr/projects/d/duanj-ai-in-medical-imaging/.share/conda-env/ml/lib/python3.7/site-packages/torch/include/caffe2/operators
copying build/lib.linux-ppc64le-3.7/torch/include/caffe2/operators/given_tensor_fill_op.h -> /castles/nr/projects/d/duanj-ai-in-medical-imaging/.share/conda-env/ml/lib/python3.7/site-packages/torch/include/caffe2/operators
copying build/lib.linux-ppc64le-3.7/torch/include/caffe2/operators/collect_and_distribute_fpn_rpn_proposals_op.h -> /castles/nr/projects/d/duanj-ai-in-medical-imaging/.share/conda-env/ml/lib/python3.7/site-packages/torch/include/caffe2/operators
copying build/lib.linux-ppc64le-3.7/torch/include/caffe2/operators/segment_reduction_op.h -> /castles/nr/projects/d/duanj-ai-in-medical-imaging/.share/conda-env/ml/lib/python3.7/site-packages/torch/include/caffe2/operators
copying build/lib.linux-ppc64le-3.7/torch/include/caffe2/operators/pack_rnn_sequence_op.h -> /castles/nr/projects/d/duanj-ai-in-medical-imaging/.share/conda-env/ml/lib/python3.7/site-packages/torch/include/caffe2/operators
copying build/lib.linux-ppc64le-3.7/torch/include/caffe2/operators/weighted_multi_sampling_op.h -> /castles/nr/projects/d/duanj-ai-in-medical-imaging/.share/conda-env/ml/lib/python3.7/site-packages/torch/include/caffe2/operators
copying build/lib.linux-ppc64le-3.7/torch/include/caffe2/operators/instance_norm_op.h -> /castles/nr/projects/d/duanj-ai-in-medical-imaging/.share/conda-env/ml/lib/python3.7/site-packages/torch/include/caffe2/operators
copying build/lib.linux-ppc64le-3.7/torch/include/caffe2/operators/conv_op_shared.h -> /castles/nr/projects/d/duanj-ai-in-medical-imaging/.share/conda-env/ml/lib/python3.7/site-packages/torch/include/caffe2/operators
copying build/lib.linux-ppc64le-3.7/torch/include/caffe2/operators/feed_blob_op.h -> /castles/nr/projects/d/duanj-ai-in-medical-imaging/.share/conda-env/ml/lib/python3.7/site-packages/torch/include/caffe2/operators
copying build/lib.linux-ppc64le-3.7/torch/include/caffe2/operators/softmax_utils.h -> /castles/nr/projects/d/duanj-ai-in-medical-imaging/.share/conda-env/ml/lib/python3.7/site-packages/torch/include/caffe2/operators
copying build/lib.linux-ppc64le-3.7/torch/include/caffe2/operators/elementwise_sub_op.h -> /castles/nr/projects/d/duanj-ai-in-medical-imaging/.share/conda-env/ml/lib/python3.7/site-packages/torch/include/caffe2/operators
copying build/lib.linux-ppc64le-3.7/torch/include/caffe2/operators/is_empty_op.h -> /castles/nr/projects/d/duanj-ai-in-medical-imaging/.share/conda-env/ml/lib/python3.7/site-packages/torch/include/caffe2/operators
copying build/lib.linux-ppc64le-3.7/torch/include/caffe2/operators/expand_op.h -> /castles/nr/projects/d/duanj-ai-in-medical-imaging/.share/conda-env/ml/lib/python3.7/site-packages/torch/include/caffe2/operators
copying build/lib.linux-ppc64le-3.7/torch/include/caffe2/operators/quant_decode_op.h -> /castles/nr/projects/d/duanj-ai-in-medical-imaging/.share/conda-env/ml/lib/python3.7/site-packages/torch/include/caffe2/operators
copying build/lib.linux-ppc64le-3.7/torch/include/caffe2/operators/shape_op.h -> /castles/nr/projects/d/duanj-ai-in-medical-imaging/.share/conda-env/ml/lib/python3.7/site-packages/torch/include/caffe2/operators
copying build/lib.linux-ppc64le-3.7/torch/include/caffe2/operators/normalize_op.h -> /castles/nr/projects/d/duanj-ai-in-medical-imaging/.share/conda-env/ml/lib/python3.7/site-packages/torch/include/caffe2/operators
copying build/lib.linux-ppc64le-3.7/torch/include/caffe2/operators/conv_transpose_op_mobile_impl.h -> /castles/nr/projects/d/duanj-ai-in-medical-imaging/.share/conda-env/ml/lib/python3.7/site-packages/torch/include/caffe2/operators
copying build/lib.linux-ppc64le-3.7/torch/include/caffe2/operators/ctc_beam_search_decoder_op.h -> /castles/nr/projects/d/duanj-ai-in-medical-imaging/.share/conda-env/ml/lib/python3.7/site-packages/torch/include/caffe2/operators
copying build/lib.linux-ppc64le-3.7/torch/include/caffe2/operators/multi_class_accuracy_op.h -> /castles/nr/projects/d/duanj-ai-in-medical-imaging/.share/conda-env/ml/lib/python3.7/site-packages/torch/include/caffe2/operators
copying build/lib.linux-ppc64le-3.7/torch/include/caffe2/operators/create_scope_op.h -> /castles/nr/projects/d/duanj-ai-in-medical-imaging/.share/conda-env/ml/lib/python3.7/site-packages/torch/include/caffe2/operators
copying build/lib.linux-ppc64le-3.7/torch/include/caffe2/operators/thresholded_relu_op.h -> /castles/nr/projects/d/duanj-ai-in-medical-imaging/.share/conda-env/ml/lib/python3.7/site-packages/torch/include/caffe2/operators
copying build/lib.linux-ppc64le-3.7/torch/include/caffe2/operators/rsqrt_op.h -> /castles/nr/projects/d/duanj-ai-in-medical-imaging/.share/conda-env/ml/lib/python3.7/site-packages/torch/include/caffe2/operators
copying build/lib.linux-ppc64le-3.7/torch/include/caffe2/operators/spatial_softmax_with_loss_op.h -> /castles/nr/projects/d/duanj-ai-in-medical-imaging/.share/conda-env/ml/lib/python3.7/site-packages/torch/include/caffe2/operators
copying build/lib.linux-ppc64le-3.7/torch/include/caffe2/operators/summarize_op.h -> /castles/nr/projects/d/duanj-ai-in-medical-imaging/.share/conda-env/ml/lib/python3.7/site-packages/torch/include/caffe2/operators
copying build/lib.linux-ppc64le-3.7/torch/include/caffe2/operators/h_softmax_op.h -> /castles/nr/projects/d/duanj-ai-in-medical-imaging/.share/conda-env/ml/lib/python3.7/site-packages/torch/include/caffe2/operators
copying build/lib.linux-ppc64le-3.7/torch/include/caffe2/operators/logit_op.h -> /castles/nr/projects/d/duanj-ai-in-medical-imaging/.share/conda-env/ml/lib/python3.7/site-packages/torch/include/caffe2/operators
copying build/lib.linux-ppc64le-3.7/torch/include/caffe2/operators/flatten_op.h -> /castles/nr/projects/d/duanj-ai-in-medical-imaging/.share/conda-env/ml/lib/python3.7/site-packages/torch/include/caffe2/operators
copying build/lib.linux-ppc64le-3.7/torch/include/caffe2/operators/resize_3d_op.h -> /castles/nr/projects/d/duanj-ai-in-medical-imaging/.share/conda-env/ml/lib/python3.7/site-packages/torch/include/caffe2/operators
copying build/lib.linux-ppc64le-3.7/torch/include/caffe2/operators/boolean_unmask_ops.h -> /castles/nr/projects/d/duanj-ai-in-medical-imaging/.share/conda-env/ml/lib/python3.7/site-packages/torch/include/caffe2/operators
copying build/lib.linux-ppc64le-3.7/torch/include/caffe2/operators/free_op.h -> /castles/nr/projects/d/duanj-ai-in-medical-imaging/.share/conda-env/ml/lib/python3.7/site-packages/torch/include/caffe2/operators
copying build/lib.linux-ppc64le-3.7/torch/include/caffe2/operators/locally_connected_op.h -> /castles/nr/projects/d/duanj-ai-in-medical-imaging/.share/conda-env/ml/lib/python3.7/site-packages/torch/include/caffe2/operators
copying build/lib.linux-ppc64le-3.7/torch/include/caffe2/operators/batch_permutation_op.h -> /castles/nr/projects/d/duanj-ai-in-medical-imaging/.share/conda-env/ml/lib/python3.7/site-packages/torch/include/caffe2/operators
copying build/lib.linux-ppc64le-3.7/torch/include/caffe2/operators/onnx_while_op.h -> /castles/nr/projects/d/duanj-ai-in-medical-imaging/.share/conda-env/ml/lib/python3.7/site-packages/torch/include/caffe2/operators
copying build/lib.linux-ppc64le-3.7/torch/include/caffe2/operators/spatial_batch_norm_op.h -> /castles/nr/projects/d/duanj-ai-in-medical-imaging/.share/conda-env/ml/lib/python3.7/site-packages/torch/include/caffe2/operators
copying build/lib.linux-ppc64le-3.7/torch/include/caffe2/operators/bbox_transform_op.h -> /castles/nr/projects/d/duanj-ai-in-medical-imaging/.share/conda-env/ml/lib/python3.7/site-packages/torch/include/caffe2/operators
copying build/lib.linux-ppc64le-3.7/torch/include/caffe2/operators/percentile_op.h -> /castles/nr/projects/d/duanj-ai-in-medical-imaging/.share/conda-env/ml/lib/python3.7/site-packages/torch/include/caffe2/operators
copying build/lib.linux-ppc64le-3.7/torch/include/caffe2/operators/jsd_op.h -> /castles/nr/projects/d/duanj-ai-in-medical-imaging/.share/conda-env/ml/lib/python3.7/site-packages/torch/include/caffe2/operators
copying build/lib.linux-ppc64le-3.7/torch/include/caffe2/operators/given_tensor_byte_string_to_uint8_fill_op.h -> /castles/nr/projects/d/duanj-ai-in-medical-imaging/.share/conda-env/ml/lib/python3.7/site-packages/torch/include/caffe2/operators
copying build/lib.linux-ppc64le-3.7/torch/include/caffe2/operators/top_k.h -> /castles/nr/projects/d/duanj-ai-in-medical-imaging/.share/conda-env/ml/lib/python3.7/site-packages/torch/include/caffe2/operators
copying build/lib.linux-ppc64le-3.7/torch/include/caffe2/operators/reducer_functors.h -> /castles/nr/projects/d/duanj-ai-in-medical-imaging/.share/conda-env/ml/lib/python3.7/site-packages/torch/include/caffe2/operators
copying build/lib.linux-ppc64le-3.7/torch/include/caffe2/operators/reduction_ops.h -> /castles/nr/projects/d/duanj-ai-in-medical-imaging/.share/conda-env/ml/lib/python3.7/site-packages/torch/include/caffe2/operators
copying build/lib.linux-ppc64le-3.7/torch/include/caffe2/operators/sparse_dropout_with_replacement_op.h -> /castles/nr/projects/d/duanj-ai-in-medical-imaging/.share/conda-env/ml/lib/python3.7/site-packages/torch/include/caffe2/operators
copying build/lib.linux-ppc64le-3.7/torch/include/caffe2/operators/integral_image_op.h -> /castles/nr/projects/d/duanj-ai-in-medical-imaging/.share/conda-env/ml/lib/python3.7/site-packages/torch/include/caffe2/operators
copying build/lib.linux-ppc64le-3.7/torch/include/caffe2/operators/copy_rows_to_tensor_op.h -> /castles/nr/projects/d/duanj-ai-in-medical-imaging/.share/conda-env/ml/lib/python3.7/site-packages/torch/include/caffe2/operators
copying build/lib.linux-ppc64le-3.7/torch/include/caffe2/operators/elementwise_op_test.h -> /castles/nr/projects/d/duanj-ai-in-medical-imaging/.share/conda-env/ml/lib/python3.7/site-packages/torch/include/caffe2/operators
copying build/lib.linux-ppc64le-3.7/torch/include/caffe2/operators/sigmoid_op.h -> /castles/nr/projects/d/duanj-ai-in-medical-imaging/.share/conda-env/ml/lib/python3.7/site-packages/torch/include/caffe2/operators
copying build/lib.linux-ppc64le-3.7/torch/include/caffe2/operators/batch_bucketize_op.h -> /castles/nr/projects/d/duanj-ai-in-medical-imaging/.share/conda-env/ml/lib/python3.7/site-packages/torch/include/caffe2/operators
copying build/lib.linux-ppc64le-3.7/torch/include/caffe2/operators/elu_op.h -> /castles/nr/projects/d/duanj-ai-in-medical-imaging/.share/conda-env/ml/lib/python3.7/site-packages/torch/include/caffe2/operators
copying build/lib.linux-ppc64le-3.7/torch/include/caffe2/operators/roi_align_rotated_op.h -> /castles/nr/projects/d/duanj-ai-in-medical-imaging/.share/conda-env/ml/lib/python3.7/site-packages/torch/include/caffe2/operators
copying build/lib.linux-ppc64le-3.7/torch/include/caffe2/operators/ngram_ops.h -> /castles/nr/projects/d/duanj-ai-in-medical-imaging/.share/conda-env/ml/lib/python3.7/site-packages/torch/include/caffe2/operators
copying build/lib.linux-ppc64le-3.7/torch/include/caffe2/operators/cross_entropy_op.h -> /castles/nr/projects/d/duanj-ai-in-medical-imaging/.share/conda-env/ml/lib/python3.7/site-packages/torch/include/caffe2/operators
copying build/lib.linux-ppc64le-3.7/torch/include/caffe2/operators/fused_rowwise_random_quantization_ops.h -> /castles/nr/projects/d/duanj-ai-in-medical-imaging/.share/conda-env/ml/lib/python3.7/site-packages/torch/include/caffe2/operators
copying build/lib.linux-ppc64le-3.7/torch/include/caffe2/operators/distance_op.h -> /castles/nr/projects/d/duanj-ai-in-medical-imaging/.share/conda-env/ml/lib/python3.7/site-packages/torch/include/caffe2/operators
copying build/lib.linux-ppc64le-3.7/torch/include/caffe2/operators/resize_op.h -> /castles/nr/projects/d/duanj-ai-in-medical-imaging/.share/conda-env/ml/lib/python3.7/site-packages/torch/include/caffe2/operators
copying build/lib.linux-ppc64le-3.7/torch/include/caffe2/operators/heatmap_max_keypoint_op.h -> /castles/nr/projects/d/duanj-ai-in-medical-imaging/.share/conda-env/ml/lib/python3.7/site-packages/torch/include/caffe2/operators
copying build/lib.linux-ppc64le-3.7/torch/include/caffe2/operators/relu_op.h -> /castles/nr/projects/d/duanj-ai-in-medical-imaging/.share/conda-env/ml/lib/python3.7/site-packages/torch/include/caffe2/operators
copying build/lib.linux-ppc64le-3.7/torch/include/caffe2/operators/upsample_op.h -> /castles/nr/projects/d/duanj-ai-in-medical-imaging/.share/conda-env/ml/lib/python3.7/site-packages/torch/include/caffe2/operators
copying build/lib.linux-ppc64le-3.7/torch/include/caffe2/operators/remove_data_blocks_op.h -> /castles/nr/projects/d/duanj-ai-in-medical-imaging/.share/conda-env/ml/lib/python3.7/site-packages/torch/include/caffe2/operators
copying build/lib.linux-ppc64le-3.7/torch/include/caffe2/operators/fc_inference.h -> /castles/nr/projects/d/duanj-ai-in-medical-imaging/.share/conda-env/ml/lib/python3.7/site-packages/torch/include/caffe2/operators
copying build/lib.linux-ppc64le-3.7/torch/include/caffe2/operators/locally_connected_op_util.h -> /castles/nr/projects/d/duanj-ai-in-medical-imaging/.share/conda-env/ml/lib/python3.7/site-packages/torch/include/caffe2/operators
copying build/lib.linux-ppc64le-3.7/torch/include/caffe2/operators/cosine_embedding_criterion_op.h -> /castles/nr/projects/d/duanj-ai-in-medical-imaging/.share/conda-env/ml/lib/python3.7/site-packages/torch/include/caffe2/operators
copying build/lib.linux-ppc64le-3.7/torch/include/caffe2/operators/rowmul_op.h -> /castles/nr/projects/d/duanj-ai-in-medical-imaging/.share/conda-env/ml/lib/python3.7/site-packages/torch/include/caffe2/operators
copying build/lib.linux-ppc64le-3.7/torch/include/caffe2/operators/sparse_to_dense_op.h -> /castles/nr/projects/d/duanj-ai-in-medical-imaging/.share/conda-env/ml/lib/python3.7/site-packages/torch/include/caffe2/operators
copying build/lib.linux-ppc64le-3.7/torch/include/caffe2/operators/sparse_normalize_op.h -> /castles/nr/projects/d/duanj-ai-in-medical-imaging/.share/conda-env/ml/lib/python3.7/site-packages/torch/include/caffe2/operators
copying build/lib.linux-ppc64le-3.7/torch/include/caffe2/operators/replace_nan_op.h -> /castles/nr/projects/d/duanj-ai-in-medical-imaging/.share/conda-env/ml/lib/python3.7/site-packages/torch/include/caffe2/operators
copying build/lib.linux-ppc64le-3.7/torch/include/caffe2/operators/byte_weight_dequant_op.h -> /castles/nr/projects/d/duanj-ai-in-medical-imaging/.share/conda-env/ml/lib/python3.7/site-packages/torch/include/caffe2/operators
copying build/lib.linux-ppc64le-3.7/torch/include/caffe2/operators/deform_conv_op.h -> /castles/nr/projects/d/duanj-ai-in-medical-imaging/.share/conda-env/ml/lib/python3.7/site-packages/torch/include/caffe2/operators
copying build/lib.linux-ppc64le-3.7/torch/include/caffe2/operators/conv_transpose_op_impl.h -> /castles/nr/projects/d/duanj-ai-in-medical-imaging/.share/conda-env/ml/lib/python3.7/site-packages/torch/include/caffe2/operators
copying build/lib.linux-ppc64le-3.7/torch/include/caffe2/operators/reduce_ops.h -> /castles/nr/projects/d/duanj-ai-in-medical-imaging/.share/conda-env/ml/lib/python3.7/site-packages/torch/include/caffe2/operators
copying build/lib.linux-ppc64le-3.7/torch/include/caffe2/operators/pool_op_util.h -> /castles/nr/projects/d/duanj-ai-in-medical-imaging/.share/conda-env/ml/lib/python3.7/site-packages/torch/include/caffe2/operators
copying build/lib.linux-ppc64le-3.7/torch/include/caffe2/operators/box_with_nms_limit_op.h -> /castles/nr/projects/d/duanj-ai-in-medical-imaging/.share/conda-env/ml/lib/python3.7/site-packages/torch/include/caffe2/operators
copying build/lib.linux-ppc64le-3.7/torch/include/caffe2/operators/variable_length_sequence_padding.h -> /castles/nr/projects/d/duanj-ai-in-medical-imaging/.share/conda-env/ml/lib/python3.7/site-packages/torch/include/caffe2/operators
copying build/lib.linux-ppc64le-3.7/torch/include/caffe2/operators/sinusoid_position_encoding_op.h -> /castles/nr/projects/d/duanj-ai-in-medical-imaging/.share/conda-env/ml/lib/python3.7/site-packages/torch/include/caffe2/operators
copying build/lib.linux-ppc64le-3.7/torch/include/caffe2/operators/if_op.h -> /castles/nr/projects/d/duanj-ai-in-medical-imaging/.share/conda-env/ml/lib/python3.7/site-packages/torch/include/caffe2/operators
copying build/lib.linux-ppc64le-3.7/torch/include/caffe2/operators/negative_op.h -> /castles/nr/projects/d/duanj-ai-in-medical-imaging/.share/conda-env/ml/lib/python3.7/site-packages/torch/include/caffe2/operators
copying build/lib.linux-ppc64le-3.7/torch/include/caffe2/operators/stump_func_op.h -> /castles/nr/projects/d/duanj-ai-in-medical-imaging/.share/conda-env/ml/lib/python3.7/site-packages/torch/include/caffe2/operators
copying build/lib.linux-ppc64le-3.7/torch/include/caffe2/operators/find_duplicate_elements_op.h -> /castles/nr/projects/d/duanj-ai-in-medical-imaging/.share/conda-env/ml/lib/python3.7/site-packages/torch/include/caffe2/operators
copying build/lib.linux-ppc64le-3.7/torch/include/caffe2/operators/filler_op.h -> /castles/nr/projects/d/duanj-ai-in-medical-imaging/.share/conda-env/ml/lib/python3.7/site-packages/torch/include/caffe2/operators
copying build/lib.linux-ppc64le-3.7/torch/include/caffe2/operators/batch_moments_op.h -> /castles/nr/projects/d/duanj-ai-in-medical-imaging/.share/conda-env/ml/lib/python3.7/site-packages/torch/include/caffe2/operators
copying build/lib.linux-ppc64le-3.7/torch/include/caffe2/operators/bisect_percentile_op.h -> /castles/nr/projects/d/duanj-ai-in-medical-imaging/.share/conda-env/ml/lib/python3.7/site-packages/torch/include/caffe2/operators
copying build/lib.linux-ppc64le-3.7/torch/include/caffe2/operators/inference_lstm_op.h -> /castles/nr/projects/d/duanj-ai-in-medical-imaging/.share/conda-env/ml/lib/python3.7/site-packages/torch/include/caffe2/operators
copying build/lib.linux-ppc64le-3.7/torch/include/caffe2/operators/map_ops.h -> /castles/nr/projects/d/duanj-ai-in-medical-imaging/.share/conda-env/ml/lib/python3.7/site-packages/torch/include/caffe2/operators
copying build/lib.linux-ppc64le-3.7/torch/include/caffe2/operators/weighted_sample_op.h -> /castles/nr/projects/d/duanj-ai-in-medical-imaging/.share/conda-env/ml/lib/python3.7/site-packages/torch/include/caffe2/operators
copying build/lib.linux-ppc64le-3.7/torch/include/caffe2/operators/prelu_op.h -> /castles/nr/projects/d/duanj-ai-in-medical-imaging/.share/conda-env/ml/lib/python3.7/site-packages/torch/include/caffe2/operators
copying build/lib.linux-ppc64le-3.7/torch/include/caffe2/operators/pow_op.h -> /castles/nr/projects/d/duanj-ai-in-medical-imaging/.share/conda-env/ml/lib/python3.7/site-packages/torch/include/caffe2/operators
copying build/lib.linux-ppc64le-3.7/torch/include/caffe2/operators/mod_op.h -> /castles/nr/projects/d/duanj-ai-in-medical-imaging/.share/conda-env/ml/lib/python3.7/site-packages/torch/include/caffe2/operators
copying build/lib.linux-ppc64le-3.7/torch/include/caffe2/operators/lengths_reducer_fused_8bit_rowwise_ops.h -> /castles/nr/projects/d/duanj-ai-in-medical-imaging/.share/conda-env/ml/lib/python3.7/site-packages/torch/include/caffe2/operators
copying build/lib.linux-ppc64le-3.7/torch/include/caffe2/operators/generate_proposals_op_util_nms_gpu.h -> /castles/nr/projects/d/duanj-ai-in-medical-imaging/.share/conda-env/ml/lib/python3.7/site-packages/torch/include/caffe2/operators
copying build/lib.linux-ppc64le-3.7/torch/include/caffe2/operators/lengths_top_k_op.h -> /castles/nr/projects/d/duanj-ai-in-medical-imaging/.share/conda-env/ml/lib/python3.7/site-packages/torch/include/caffe2/operators
copying build/lib.linux-ppc64le-3.7/torch/include/caffe2/operators/roi_pool_op.h -> /castles/nr/projects/d/duanj-ai-in-medical-imaging/.share/conda-env/ml/lib/python3.7/site-packages/torch/include/caffe2/operators
copying build/lib.linux-ppc64le-3.7/torch/include/caffe2/operators/cc_bmm_bg_op.h -> /castles/nr/projects/d/duanj-ai-in-medical-imaging/.share/conda-env/ml/lib/python3.7/site-packages/torch/include/caffe2/operators
copying build/lib.linux-ppc64le-3.7/torch/include/caffe2/operators/square_root_divide_op.h -> /castles/nr/projects/d/duanj-ai-in-medical-imaging/.share/conda-env/ml/lib/python3.7/site-packages/torch/include/caffe2/operators
copying build/lib.linux-ppc64le-3.7/torch/include/caffe2/operators/lengths_reducer_fused_nbit_rowwise_ops.h -> /castles/nr/projects/d/duanj-ai-in-medical-imaging/.share/conda-env/ml/lib/python3.7/site-packages/torch/include/caffe2/operators
copying build/lib.linux-ppc64le-3.7/torch/include/caffe2/operators/minmax_ops.h -> /castles/nr/projects/d/duanj-ai-in-medical-imaging/.share/conda-env/ml/lib/python3.7/site-packages/torch/include/caffe2/operators
copying build/lib.linux-ppc64le-3.7/torch/include/caffe2/operators/copy_op.h -> /castles/nr/projects/d/duanj-ai-in-medical-imaging/.share/conda-env/ml/lib/python3.7/site-packages/torch/include/caffe2/operators
copying build/lib.linux-ppc64le-3.7/torch/include/caffe2/operators/zero_gradient_op.h -> /castles/nr/projects/d/duanj-ai-in-medical-imaging/.share/conda-env/ml/lib/python3.7/site-packages/torch/include/caffe2/operators
copying build/lib.linux-ppc64le-3.7/torch/include/caffe2/operators/listwise_l2r_op.h -> /castles/nr/projects/d/duanj-ai-in-medical-imaging/.share/conda-env/ml/lib/python3.7/site-packages/torch/include/caffe2/operators
copying build/lib.linux-ppc64le-3.7/torch/include/caffe2/operators/length_split_op.h -> /castles/nr/projects/d/duanj-ai-in-medical-imaging/.share/conda-env/ml/lib/python3.7/site-packages/torch/include/caffe2/operators
creating /castles/nr/projects/d/duanj-ai-in-medical-imaging/.share/conda-env/ml/lib/python3.7/site-packages/torch/include/caffe2/utils
copying build/lib.linux-ppc64le-3.7/torch/include/caffe2/utils/filler.h -> /castles/nr/projects/d/duanj-ai-in-medical-imaging/.share/conda-env/ml/lib/python3.7/site-packages/torch/include/caffe2/utils
copying build/lib.linux-ppc64le-3.7/torch/include/caffe2/utils/math-detail.h -> /castles/nr/projects/d/duanj-ai-in-medical-imaging/.share/conda-env/ml/lib/python3.7/site-packages/torch/include/caffe2/utils
copying build/lib.linux-ppc64le-3.7/torch/include/caffe2/utils/cast.h -> /castles/nr/projects/d/duanj-ai-in-medical-imaging/.share/conda-env/ml/lib/python3.7/site-packages/torch/include/caffe2/utils
copying build/lib.linux-ppc64le-3.7/torch/include/caffe2/utils/string_utils.h -> /castles/nr/projects/d/duanj-ai-in-medical-imaging/.share/conda-env/ml/lib/python3.7/site-packages/torch/include/caffe2/utils
copying build/lib.linux-ppc64le-3.7/torch/include/caffe2/utils/murmur_hash3.h -> /castles/nr/projects/d/duanj-ai-in-medical-imaging/.share/conda-env/ml/lib/python3.7/site-packages/torch/include/caffe2/utils
copying build/lib.linux-ppc64le-3.7/torch/include/caffe2/utils/proto_wrap.h -> /castles/nr/projects/d/duanj-ai-in-medical-imaging/.share/conda-env/ml/lib/python3.7/site-packages/torch/include/caffe2/utils
copying build/lib.linux-ppc64le-3.7/torch/include/caffe2/utils/fixed_divisor.h -> /castles/nr/projects/d/duanj-ai-in-medical-imaging/.share/conda-env/ml/lib/python3.7/site-packages/torch/include/caffe2/utils
copying build/lib.linux-ppc64le-3.7/torch/include/caffe2/utils/bench_utils.h -> /castles/nr/projects/d/duanj-ai-in-medical-imaging/.share/conda-env/ml/lib/python3.7/site-packages/torch/include/caffe2/utils
copying build/lib.linux-ppc64le-3.7/torch/include/caffe2/utils/signal_handler.h -> /castles/nr/projects/d/duanj-ai-in-medical-imaging/.share/conda-env/ml/lib/python3.7/site-packages/torch/include/caffe2/utils
copying build/lib.linux-ppc64le-3.7/torch/include/caffe2/utils/cblas.h -> /castles/nr/projects/d/duanj-ai-in-medical-imaging/.share/conda-env/ml/lib/python3.7/site-packages/torch/include/caffe2/utils
creating /castles/nr/projects/d/duanj-ai-in-medical-imaging/.share/conda-env/ml/lib/python3.7/site-packages/torch/include/caffe2/utils/threadpool
copying build/lib.linux-ppc64le-3.7/torch/include/caffe2/utils/threadpool/pthreadpool.h -> /castles/nr/projects/d/duanj-ai-in-medical-imaging/.share/conda-env/ml/lib/python3.7/site-packages/torch/include/caffe2/utils/threadpool
copying build/lib.linux-ppc64le-3.7/torch/include/caffe2/utils/threadpool/ThreadPoolCommon.h -> /castles/nr/projects/d/duanj-ai-in-medical-imaging/.share/conda-env/ml/lib/python3.7/site-packages/torch/include/caffe2/utils/threadpool
copying build/lib.linux-ppc64le-3.7/torch/include/caffe2/utils/threadpool/WorkersPool.h -> /castles/nr/projects/d/duanj-ai-in-medical-imaging/.share/conda-env/ml/lib/python3.7/site-packages/torch/include/caffe2/utils/threadpool
copying build/lib.linux-ppc64le-3.7/torch/include/caffe2/utils/threadpool/ThreadPool.h -> /castles/nr/projects/d/duanj-ai-in-medical-imaging/.share/conda-env/ml/lib/python3.7/site-packages/torch/include/caffe2/utils/threadpool
copying build/lib.linux-ppc64le-3.7/torch/include/caffe2/utils/threadpool/pthreadpool-cpp.h -> /castles/nr/projects/d/duanj-ai-in-medical-imaging/.share/conda-env/ml/lib/python3.7/site-packages/torch/include/caffe2/utils/threadpool
copying build/lib.linux-ppc64le-3.7/torch/include/caffe2/utils/conversions.h -> /castles/nr/projects/d/duanj-ai-in-medical-imaging/.share/conda-env/ml/lib/python3.7/site-packages/torch/include/caffe2/utils
copying build/lib.linux-ppc64le-3.7/torch/include/caffe2/utils/cpu_neon.h -> /castles/nr/projects/d/duanj-ai-in-medical-imaging/.share/conda-env/ml/lib/python3.7/site-packages/torch/include/caffe2/utils
copying build/lib.linux-ppc64le-3.7/torch/include/caffe2/utils/proto_convert.h -> /castles/nr/projects/d/duanj-ai-in-medical-imaging/.share/conda-env/ml/lib/python3.7/site-packages/torch/include/caffe2/utils
creating /castles/nr/projects/d/duanj-ai-in-medical-imaging/.share/conda-env/ml/lib/python3.7/site-packages/torch/include/caffe2/utils/math
copying build/lib.linux-ppc64le-3.7/torch/include/caffe2/utils/math/broadcast.h -> /castles/nr/projects/d/duanj-ai-in-medical-imaging/.share/conda-env/ml/lib/python3.7/site-packages/torch/include/caffe2/utils/math
copying build/lib.linux-ppc64le-3.7/torch/include/caffe2/utils/math/elementwise.h -> /castles/nr/projects/d/duanj-ai-in-medical-imaging/.share/conda-env/ml/lib/python3.7/site-packages/torch/include/caffe2/utils/math
copying build/lib.linux-ppc64le-3.7/torch/include/caffe2/utils/math/transpose.h -> /castles/nr/projects/d/duanj-ai-in-medical-imaging/.share/conda-env/ml/lib/python3.7/site-packages/torch/include/caffe2/utils/math
copying build/lib.linux-ppc64le-3.7/torch/include/caffe2/utils/math/reduce.h -> /castles/nr/projects/d/duanj-ai-in-medical-imaging/.share/conda-env/ml/lib/python3.7/site-packages/torch/include/caffe2/utils/math
copying build/lib.linux-ppc64le-3.7/torch/include/caffe2/utils/math/half_utils.h -> /castles/nr/projects/d/duanj-ai-in-medical-imaging/.share/conda-env/ml/lib/python3.7/site-packages/torch/include/caffe2/utils/math
copying build/lib.linux-ppc64le-3.7/torch/include/caffe2/utils/math/utils.h -> /castles/nr/projects/d/duanj-ai-in-medical-imaging/.share/conda-env/ml/lib/python3.7/site-packages/torch/include/caffe2/utils/math
copying build/lib.linux-ppc64le-3.7/torch/include/caffe2/utils/proto_utils.h -> /castles/nr/projects/d/duanj-ai-in-medical-imaging/.share/conda-env/ml/lib/python3.7/site-packages/torch/include/caffe2/utils
copying build/lib.linux-ppc64le-3.7/torch/include/caffe2/utils/cpuid.h -> /castles/nr/projects/d/duanj-ai-in-medical-imaging/.share/conda-env/ml/lib/python3.7/site-packages/torch/include/caffe2/utils
copying build/lib.linux-ppc64le-3.7/torch/include/caffe2/utils/map_utils.h -> /castles/nr/projects/d/duanj-ai-in-medical-imaging/.share/conda-env/ml/lib/python3.7/site-packages/torch/include/caffe2/utils
copying build/lib.linux-ppc64le-3.7/torch/include/caffe2/utils/math.h -> /castles/nr/projects/d/duanj-ai-in-medical-imaging/.share/conda-env/ml/lib/python3.7/site-packages/torch/include/caffe2/utils
copying build/lib.linux-ppc64le-3.7/torch/include/caffe2/utils/zmq_helper.h -> /castles/nr/projects/d/duanj-ai-in-medical-imaging/.share/conda-env/ml/lib/python3.7/site-packages/torch/include/caffe2/utils
copying build/lib.linux-ppc64le-3.7/torch/include/caffe2/utils/simple_queue.h -> /castles/nr/projects/d/duanj-ai-in-medical-imaging/.share/conda-env/ml/lib/python3.7/site-packages/torch/include/caffe2/utils
copying build/lib.linux-ppc64le-3.7/torch/include/caffe2/utils/smart_tensor_printer.h -> /castles/nr/projects/d/duanj-ai-in-medical-imaging/.share/conda-env/ml/lib/python3.7/site-packages/torch/include/caffe2/utils
copying build/lib.linux-ppc64le-3.7/torch/include/caffe2/utils/eigen_utils.h -> /castles/nr/projects/d/duanj-ai-in-medical-imaging/.share/conda-env/ml/lib/python3.7/site-packages/torch/include/caffe2/utils
creating /castles/nr/projects/d/duanj-ai-in-medical-imaging/.share/conda-env/ml/lib/python3.7/site-packages/torch/include/caffe2/opt
copying build/lib.linux-ppc64le-3.7/torch/include/caffe2/opt/onnxifi_op.h -> /castles/nr/projects/d/duanj-ai-in-medical-imaging/.share/conda-env/ml/lib/python3.7/site-packages/torch/include/caffe2/opt
copying build/lib.linux-ppc64le-3.7/torch/include/caffe2/opt/onnx_convert.h -> /castles/nr/projects/d/duanj-ai-in-medical-imaging/.share/conda-env/ml/lib/python3.7/site-packages/torch/include/caffe2/opt
copying build/lib.linux-ppc64le-3.7/torch/include/caffe2/opt/tvm_transformer.h -> /castles/nr/projects/d/duanj-ai-in-medical-imaging/.share/conda-env/ml/lib/python3.7/site-packages/torch/include/caffe2/opt
copying build/lib.linux-ppc64le-3.7/torch/include/caffe2/opt/optimize_ideep.h -> /castles/nr/projects/d/duanj-ai-in-medical-imaging/.share/conda-env/ml/lib/python3.7/site-packages/torch/include/caffe2/opt
copying build/lib.linux-ppc64le-3.7/torch/include/caffe2/opt/mobile.h -> /castles/nr/projects/d/duanj-ai-in-medical-imaging/.share/conda-env/ml/lib/python3.7/site-packages/torch/include/caffe2/opt
copying build/lib.linux-ppc64le-3.7/torch/include/caffe2/opt/backend_cutting.h -> /castles/nr/projects/d/duanj-ai-in-medical-imaging/.share/conda-env/ml/lib/python3.7/site-packages/torch/include/caffe2/opt
copying build/lib.linux-ppc64le-3.7/torch/include/caffe2/opt/optimizer.h -> /castles/nr/projects/d/duanj-ai-in-medical-imaging/.share/conda-env/ml/lib/python3.7/site-packages/torch/include/caffe2/opt
copying build/lib.linux-ppc64le-3.7/torch/include/caffe2/opt/annotations.h -> /castles/nr/projects/d/duanj-ai-in-medical-imaging/.share/conda-env/ml/lib/python3.7/site-packages/torch/include/caffe2/opt
copying build/lib.linux-ppc64le-3.7/torch/include/caffe2/opt/passes.h -> /castles/nr/projects/d/duanj-ai-in-medical-imaging/.share/conda-env/ml/lib/python3.7/site-packages/torch/include/caffe2/opt
copying build/lib.linux-ppc64le-3.7/torch/include/caffe2/opt/device.h -> /castles/nr/projects/d/duanj-ai-in-medical-imaging/.share/conda-env/ml/lib/python3.7/site-packages/torch/include/caffe2/opt
copying build/lib.linux-ppc64le-3.7/torch/include/caffe2/opt/distributed.h -> /castles/nr/projects/d/duanj-ai-in-medical-imaging/.share/conda-env/ml/lib/python3.7/site-packages/torch/include/caffe2/opt
copying build/lib.linux-ppc64le-3.7/torch/include/caffe2/opt/onnxifi_transformer.h -> /castles/nr/projects/d/duanj-ai-in-medical-imaging/.share/conda-env/ml/lib/python3.7/site-packages/torch/include/caffe2/opt
copying build/lib.linux-ppc64le-3.7/torch/include/caffe2/opt/fusion.h -> /castles/nr/projects/d/duanj-ai-in-medical-imaging/.share/conda-env/ml/lib/python3.7/site-packages/torch/include/caffe2/opt
copying build/lib.linux-ppc64le-3.7/torch/include/caffe2/opt/shape_info.h -> /castles/nr/projects/d/duanj-ai-in-medical-imaging/.share/conda-env/ml/lib/python3.7/site-packages/torch/include/caffe2/opt
copying build/lib.linux-ppc64le-3.7/torch/include/caffe2/opt/bound_shape_inferencer.h -> /castles/nr/projects/d/duanj-ai-in-medical-imaging/.share/conda-env/ml/lib/python3.7/site-packages/torch/include/caffe2/opt
copying build/lib.linux-ppc64le-3.7/torch/include/caffe2/opt/converter.h -> /castles/nr/projects/d/duanj-ai-in-medical-imaging/.share/conda-env/ml/lib/python3.7/site-packages/torch/include/caffe2/opt
copying build/lib.linux-ppc64le-3.7/torch/include/caffe2/opt/backend_transformer_base.h -> /castles/nr/projects/d/duanj-ai-in-medical-imaging/.share/conda-env/ml/lib/python3.7/site-packages/torch/include/caffe2/opt
creating /castles/nr/projects/d/duanj-ai-in-medical-imaging/.share/conda-env/ml/lib/python3.7/site-packages/torch/include/caffe2/serialize
copying build/lib.linux-ppc64le-3.7/torch/include/caffe2/serialize/read_adapter_interface.h -> /castles/nr/projects/d/duanj-ai-in-medical-imaging/.share/conda-env/ml/lib/python3.7/site-packages/torch/include/caffe2/serialize
copying build/lib.linux-ppc64le-3.7/torch/include/caffe2/serialize/file_adapter.h -> /castles/nr/projects/d/duanj-ai-in-medical-imaging/.share/conda-env/ml/lib/python3.7/site-packages/torch/include/caffe2/serialize
copying build/lib.linux-ppc64le-3.7/torch/include/caffe2/serialize/crc_alt.h -> /castles/nr/projects/d/duanj-ai-in-medical-imaging/.share/conda-env/ml/lib/python3.7/site-packages/torch/include/caffe2/serialize
copying build/lib.linux-ppc64le-3.7/torch/include/caffe2/serialize/inline_container.h -> /castles/nr/projects/d/duanj-ai-in-medical-imaging/.share/conda-env/ml/lib/python3.7/site-packages/torch/include/caffe2/serialize
copying build/lib.linux-ppc64le-3.7/torch/include/caffe2/serialize/istream_adapter.h -> /castles/nr/projects/d/duanj-ai-in-medical-imaging/.share/conda-env/ml/lib/python3.7/site-packages/torch/include/caffe2/serialize
creating /castles/nr/projects/d/duanj-ai-in-medical-imaging/.share/conda-env/ml/lib/python3.7/site-packages/torch/include/caffe2/image
copying build/lib.linux-ppc64le-3.7/torch/include/caffe2/image/image_input_op.h -> /castles/nr/projects/d/duanj-ai-in-medical-imaging/.share/conda-env/ml/lib/python3.7/site-packages/torch/include/caffe2/image
copying build/lib.linux-ppc64le-3.7/torch/include/caffe2/image/transform_gpu.h -> /castles/nr/projects/d/duanj-ai-in-medical-imaging/.share/conda-env/ml/lib/python3.7/site-packages/torch/include/caffe2/image
creating /castles/nr/projects/d/duanj-ai-in-medical-imaging/.share/conda-env/ml/lib/python3.7/site-packages/torch/include/caffe2/video
copying build/lib.linux-ppc64le-3.7/torch/include/caffe2/video/video_input_op.h -> /castles/nr/projects/d/duanj-ai-in-medical-imaging/.share/conda-env/ml/lib/python3.7/site-packages/torch/include/caffe2/video
copying build/lib.linux-ppc64le-3.7/torch/include/caffe2/video/video_decoder.h -> /castles/nr/projects/d/duanj-ai-in-medical-imaging/.share/conda-env/ml/lib/python3.7/site-packages/torch/include/caffe2/video
copying build/lib.linux-ppc64le-3.7/torch/include/caffe2/video/video_io.h -> /castles/nr/projects/d/duanj-ai-in-medical-imaging/.share/conda-env/ml/lib/python3.7/site-packages/torch/include/caffe2/video
copying build/lib.linux-ppc64le-3.7/torch/include/caffe2/video/optical_flow.h -> /castles/nr/projects/d/duanj-ai-in-medical-imaging/.share/conda-env/ml/lib/python3.7/site-packages/torch/include/caffe2/video
creating /castles/nr/projects/d/duanj-ai-in-medical-imaging/.share/conda-env/ml/lib/python3.7/site-packages/torch/include/caffe2/queue
copying build/lib.linux-ppc64le-3.7/torch/include/caffe2/queue/rebatching_queue.h -> /castles/nr/projects/d/duanj-ai-in-medical-imaging/.share/conda-env/ml/lib/python3.7/site-packages/torch/include/caffe2/queue
copying build/lib.linux-ppc64le-3.7/torch/include/caffe2/queue/rebatching_queue_ops.h -> /castles/nr/projects/d/duanj-ai-in-medical-imaging/.share/conda-env/ml/lib/python3.7/site-packages/torch/include/caffe2/queue
copying build/lib.linux-ppc64le-3.7/torch/include/caffe2/queue/blobs_queue_db.h -> /castles/nr/projects/d/duanj-ai-in-medical-imaging/.share/conda-env/ml/lib/python3.7/site-packages/torch/include/caffe2/queue
copying build/lib.linux-ppc64le-3.7/torch/include/caffe2/queue/queue_ops.h -> /castles/nr/projects/d/duanj-ai-in-medical-imaging/.share/conda-env/ml/lib/python3.7/site-packages/torch/include/caffe2/queue
copying build/lib.linux-ppc64le-3.7/torch/include/caffe2/queue/blobs_queue.h -> /castles/nr/projects/d/duanj-ai-in-medical-imaging/.share/conda-env/ml/lib/python3.7/site-packages/torch/include/caffe2/queue
creating /castles/nr/projects/d/duanj-ai-in-medical-imaging/.share/conda-env/ml/lib/python3.7/site-packages/torch/include/caffe2/perfkernels
copying build/lib.linux-ppc64le-3.7/torch/include/caffe2/perfkernels/embedding_lookup.h -> /castles/nr/projects/d/duanj-ai-in-medical-imaging/.share/conda-env/ml/lib/python3.7/site-packages/torch/include/caffe2/perfkernels
copying build/lib.linux-ppc64le-3.7/torch/include/caffe2/perfkernels/lstm_unit_cpu_common.h -> /castles/nr/projects/d/duanj-ai-in-medical-imaging/.share/conda-env/ml/lib/python3.7/site-packages/torch/include/caffe2/perfkernels
copying build/lib.linux-ppc64le-3.7/torch/include/caffe2/perfkernels/embedding_lookup_idx.h -> /castles/nr/projects/d/duanj-ai-in-medical-imaging/.share/conda-env/ml/lib/python3.7/site-packages/torch/include/caffe2/perfkernels
copying build/lib.linux-ppc64le-3.7/torch/include/caffe2/perfkernels/common.h -> /castles/nr/projects/d/duanj-ai-in-medical-imaging/.share/conda-env/ml/lib/python3.7/site-packages/torch/include/caffe2/perfkernels
copying build/lib.linux-ppc64le-3.7/torch/include/caffe2/perfkernels/lstm_unit_cpu.h -> /castles/nr/projects/d/duanj-ai-in-medical-imaging/.share/conda-env/ml/lib/python3.7/site-packages/torch/include/caffe2/perfkernels
copying build/lib.linux-ppc64le-3.7/torch/include/caffe2/perfkernels/lstm_unit_cpu-impl.h -> /castles/nr/projects/d/duanj-ai-in-medical-imaging/.share/conda-env/ml/lib/python3.7/site-packages/torch/include/caffe2/perfkernels
copying build/lib.linux-ppc64le-3.7/torch/include/caffe2/perfkernels/fused_8bit_rowwise_embedding_lookup.h -> /castles/nr/projects/d/duanj-ai-in-medical-imaging/.share/conda-env/ml/lib/python3.7/site-packages/torch/include/caffe2/perfkernels
copying build/lib.linux-ppc64le-3.7/torch/include/caffe2/perfkernels/cvtsh_ss_bugfix.h -> /castles/nr/projects/d/duanj-ai-in-medical-imaging/.share/conda-env/ml/lib/python3.7/site-packages/torch/include/caffe2/perfkernels
copying build/lib.linux-ppc64le-3.7/torch/include/caffe2/perfkernels/math.h -> /castles/nr/projects/d/duanj-ai-in-medical-imaging/.share/conda-env/ml/lib/python3.7/site-packages/torch/include/caffe2/perfkernels
copying build/lib.linux-ppc64le-3.7/torch/include/caffe2/perfkernels/typed_axpy.h -> /castles/nr/projects/d/duanj-ai-in-medical-imaging/.share/conda-env/ml/lib/python3.7/site-packages/torch/include/caffe2/perfkernels
copying build/lib.linux-ppc64le-3.7/torch/include/caffe2/perfkernels/adagrad.h -> /castles/nr/projects/d/duanj-ai-in-medical-imaging/.share/conda-env/ml/lib/python3.7/site-packages/torch/include/caffe2/perfkernels
copying build/lib.linux-ppc64le-3.7/torch/include/caffe2/perfkernels/fused_nbit_rowwise_conversion.h -> /castles/nr/projects/d/duanj-ai-in-medical-imaging/.share/conda-env/ml/lib/python3.7/site-packages/torch/include/caffe2/perfkernels
copying build/lib.linux-ppc64le-3.7/torch/include/caffe2/perfkernels/fused_8bit_rowwise_embedding_lookup_idx.h -> /castles/nr/projects/d/duanj-ai-in-medical-imaging/.share/conda-env/ml/lib/python3.7/site-packages/torch/include/caffe2/perfkernels
creating /castles/nr/projects/d/duanj-ai-in-medical-imaging/.share/conda-env/ml/lib/python3.7/site-packages/torch/include/caffe2/db
copying build/lib.linux-ppc64le-3.7/torch/include/caffe2/db/create_db_op.h -> /castles/nr/projects/d/duanj-ai-in-medical-imaging/.share/conda-env/ml/lib/python3.7/site-packages/torch/include/caffe2/db
creating /castles/nr/projects/d/duanj-ai-in-medical-imaging/.share/conda-env/ml/lib/python3.7/site-packages/torch/include/caffe2/distributed
copying build/lib.linux-ppc64le-3.7/torch/include/caffe2/distributed/redis_store_handler_op.h -> /castles/nr/projects/d/duanj-ai-in-medical-imaging/.share/conda-env/ml/lib/python3.7/site-packages/torch/include/caffe2/distributed
copying build/lib.linux-ppc64le-3.7/torch/include/caffe2/distributed/file_store_handler.h -> /castles/nr/projects/d/duanj-ai-in-medical-imaging/.share/conda-env/ml/lib/python3.7/site-packages/torch/include/caffe2/distributed
copying build/lib.linux-ppc64le-3.7/torch/include/caffe2/distributed/file_store_handler_op.h -> /castles/nr/projects/d/duanj-ai-in-medical-imaging/.share/conda-env/ml/lib/python3.7/site-packages/torch/include/caffe2/distributed
copying build/lib.linux-ppc64le-3.7/torch/include/caffe2/distributed/store_ops.h -> /castles/nr/projects/d/duanj-ai-in-medical-imaging/.share/conda-env/ml/lib/python3.7/site-packages/torch/include/caffe2/distributed
copying build/lib.linux-ppc64le-3.7/torch/include/caffe2/distributed/redis_store_handler.h -> /castles/nr/projects/d/duanj-ai-in-medical-imaging/.share/conda-env/ml/lib/python3.7/site-packages/torch/include/caffe2/distributed
copying build/lib.linux-ppc64le-3.7/torch/include/caffe2/distributed/store_handler.h -> /castles/nr/projects/d/duanj-ai-in-medical-imaging/.share/conda-env/ml/lib/python3.7/site-packages/torch/include/caffe2/distributed
creating /castles/nr/projects/d/duanj-ai-in-medical-imaging/.share/conda-env/ml/lib/python3.7/site-packages/torch/include/c10d
copying build/lib.linux-ppc64le-3.7/torch/include/c10d/HashStore.hpp -> /castles/nr/projects/d/duanj-ai-in-medical-imaging/.share/conda-env/ml/lib/python3.7/site-packages/torch/include/c10d
copying build/lib.linux-ppc64le-3.7/torch/include/c10d/Utils.hpp -> /castles/nr/projects/d/duanj-ai-in-medical-imaging/.share/conda-env/ml/lib/python3.7/site-packages/torch/include/c10d
copying build/lib.linux-ppc64le-3.7/torch/include/c10d/ProcessGroupNCCL.hpp -> /castles/nr/projects/d/duanj-ai-in-medical-imaging/.share/conda-env/ml/lib/python3.7/site-packages/torch/include/c10d
copying build/lib.linux-ppc64le-3.7/torch/include/c10d/PrefixStore.hpp -> /castles/nr/projects/d/duanj-ai-in-medical-imaging/.share/conda-env/ml/lib/python3.7/site-packages/torch/include/c10d
copying build/lib.linux-ppc64le-3.7/torch/include/c10d/Types.hpp -> /castles/nr/projects/d/duanj-ai-in-medical-imaging/.share/conda-env/ml/lib/python3.7/site-packages/torch/include/c10d
copying build/lib.linux-ppc64le-3.7/torch/include/c10d/NCCLUtils.hpp -> /castles/nr/projects/d/duanj-ai-in-medical-imaging/.share/conda-env/ml/lib/python3.7/site-packages/torch/include/c10d
copying build/lib.linux-ppc64le-3.7/torch/include/c10d/FileStore.hpp -> /castles/nr/projects/d/duanj-ai-in-medical-imaging/.share/conda-env/ml/lib/python3.7/site-packages/torch/include/c10d
copying build/lib.linux-ppc64le-3.7/torch/include/c10d/ProcessGroupMPI.hpp -> /castles/nr/projects/d/duanj-ai-in-medical-imaging/.share/conda-env/ml/lib/python3.7/site-packages/torch/include/c10d
copying build/lib.linux-ppc64le-3.7/torch/include/c10d/GlooDeviceFactory.hpp -> /castles/nr/projects/d/duanj-ai-in-medical-imaging/.share/conda-env/ml/lib/python3.7/site-packages/torch/include/c10d
copying build/lib.linux-ppc64le-3.7/torch/include/c10d/ProcessGroup.hpp -> /castles/nr/projects/d/duanj-ai-in-medical-imaging/.share/conda-env/ml/lib/python3.7/site-packages/torch/include/c10d
copying build/lib.linux-ppc64le-3.7/torch/include/c10d/TCPStore.hpp -> /castles/nr/projects/d/duanj-ai-in-medical-imaging/.share/conda-env/ml/lib/python3.7/site-packages/torch/include/c10d
copying build/lib.linux-ppc64le-3.7/torch/include/c10d/Store.hpp -> /castles/nr/projects/d/duanj-ai-in-medical-imaging/.share/conda-env/ml/lib/python3.7/site-packages/torch/include/c10d
copying build/lib.linux-ppc64le-3.7/torch/include/c10d/ProcessGroupGloo.hpp -> /castles/nr/projects/d/duanj-ai-in-medical-imaging/.share/conda-env/ml/lib/python3.7/site-packages/torch/include/c10d
creating /castles/nr/projects/d/duanj-ai-in-medical-imaging/.share/conda-env/ml/lib/python3.7/site-packages/torch/include/THCUNN
creating /castles/nr/projects/d/duanj-ai-in-medical-imaging/.share/conda-env/ml/lib/python3.7/site-packages/torch/include/THCUNN/generic
copying build/lib.linux-ppc64le-3.7/torch/include/THCUNN/generic/THCUNN.h -> /castles/nr/projects/d/duanj-ai-in-medical-imaging/.share/conda-env/ml/lib/python3.7/site-packages/torch/include/THCUNN/generic
copying build/lib.linux-ppc64le-3.7/torch/include/THCUNN/THCHalfAutoNumerics.cuh -> /castles/nr/projects/d/duanj-ai-in-medical-imaging/.share/conda-env/ml/lib/python3.7/site-packages/torch/include/THCUNN
copying build/lib.linux-ppc64le-3.7/torch/include/THCUNN/SharedMem.cuh -> /castles/nr/projects/d/duanj-ai-in-medical-imaging/.share/conda-env/ml/lib/python3.7/site-packages/torch/include/THCUNN
creating /castles/nr/projects/d/duanj-ai-in-medical-imaging/.share/conda-env/ml/lib/python3.7/site-packages/torch/include/TH
copying build/lib.linux-ppc64le-3.7/torch/include/TH/THGenerateComplexFloatType.h -> /castles/nr/projects/d/duanj-ai-in-medical-imaging/.share/conda-env/ml/lib/python3.7/site-packages/torch/include/TH
copying build/lib.linux-ppc64le-3.7/torch/include/TH/THGenerateFloatType.h -> /castles/nr/projects/d/duanj-ai-in-medical-imaging/.share/conda-env/ml/lib/python3.7/site-packages/torch/include/TH
copying build/lib.linux-ppc64le-3.7/torch/include/TH/THStorage.h -> /castles/nr/projects/d/duanj-ai-in-medical-imaging/.share/conda-env/ml/lib/python3.7/site-packages/torch/include/TH
copying build/lib.linux-ppc64le-3.7/torch/include/TH/THGenerateByteType.h -> /castles/nr/projects/d/duanj-ai-in-medical-imaging/.share/conda-env/ml/lib/python3.7/site-packages/torch/include/TH
copying build/lib.linux-ppc64le-3.7/torch/include/TH/THVector.h -> /castles/nr/projects/d/duanj-ai-in-medical-imaging/.share/conda-env/ml/lib/python3.7/site-packages/torch/include/TH
copying build/lib.linux-ppc64le-3.7/torch/include/TH/THGenerateQTypes.h -> /castles/nr/projects/d/duanj-ai-in-medical-imaging/.share/conda-env/ml/lib/python3.7/site-packages/torch/include/TH
copying build/lib.linux-ppc64le-3.7/torch/include/TH/THLapack.h -> /castles/nr/projects/d/duanj-ai-in-medical-imaging/.share/conda-env/ml/lib/python3.7/site-packages/torch/include/TH
copying build/lib.linux-ppc64le-3.7/torch/include/TH/THTensor.hpp -> /castles/nr/projects/d/duanj-ai-in-medical-imaging/.share/conda-env/ml/lib/python3.7/site-packages/torch/include/TH
copying build/lib.linux-ppc64le-3.7/torch/include/TH/THGenerateIntTypes.h -> /castles/nr/projects/d/duanj-ai-in-medical-imaging/.share/conda-env/ml/lib/python3.7/site-packages/torch/include/TH
copying build/lib.linux-ppc64le-3.7/torch/include/TH/THGenerateComplexTypes.h -> /castles/nr/projects/d/duanj-ai-in-medical-imaging/.share/conda-env/ml/lib/python3.7/site-packages/torch/include/TH
copying build/lib.linux-ppc64le-3.7/torch/include/TH/THGenerateQInt8Type.h -> /castles/nr/projects/d/duanj-ai-in-medical-imaging/.share/conda-env/ml/lib/python3.7/site-packages/torch/include/TH
copying build/lib.linux-ppc64le-3.7/torch/include/TH/THGenerateFloatTypes.h -> /castles/nr/projects/d/duanj-ai-in-medical-imaging/.share/conda-env/ml/lib/python3.7/site-packages/torch/include/TH
copying build/lib.linux-ppc64le-3.7/torch/include/TH/THGenerateBoolType.h -> /castles/nr/projects/d/duanj-ai-in-medical-imaging/.share/conda-env/ml/lib/python3.7/site-packages/torch/include/TH
copying build/lib.linux-ppc64le-3.7/torch/include/TH/THTensor.h -> /castles/nr/projects/d/duanj-ai-in-medical-imaging/.share/conda-env/ml/lib/python3.7/site-packages/torch/include/TH
copying build/lib.linux-ppc64le-3.7/torch/include/TH/THHalf.h -> /castles/nr/projects/d/duanj-ai-in-medical-imaging/.share/conda-env/ml/lib/python3.7/site-packages/torch/include/TH
copying build/lib.linux-ppc64le-3.7/torch/include/TH/THTensorDimApply.h -> /castles/nr/projects/d/duanj-ai-in-medical-imaging/.share/conda-env/ml/lib/python3.7/site-packages/torch/include/TH
copying build/lib.linux-ppc64le-3.7/torch/include/TH/THGenerateAllTypes.h -> /castles/nr/projects/d/duanj-ai-in-medical-imaging/.share/conda-env/ml/lib/python3.7/site-packages/torch/include/TH
copying build/lib.linux-ppc64le-3.7/torch/include/TH/THGenerateHalfType.h -> /castles/nr/projects/d/duanj-ai-in-medical-imaging/.share/conda-env/ml/lib/python3.7/site-packages/torch/include/TH
copying build/lib.linux-ppc64le-3.7/torch/include/TH/THGenerateComplexDoubleType.h -> /castles/nr/projects/d/duanj-ai-in-medical-imaging/.share/conda-env/ml/lib/python3.7/site-packages/torch/include/TH
copying build/lib.linux-ppc64le-3.7/torch/include/TH/THGenerateQInt32Type.h -> /castles/nr/projects/d/duanj-ai-in-medical-imaging/.share/conda-env/ml/lib/python3.7/site-packages/torch/include/TH
creating /castles/nr/projects/d/duanj-ai-in-medical-imaging/.share/conda-env/ml/lib/python3.7/site-packages/torch/include/TH/generic
copying build/lib.linux-ppc64le-3.7/torch/include/TH/generic/THStorage.h -> /castles/nr/projects/d/duanj-ai-in-medical-imaging/.share/conda-env/ml/lib/python3.7/site-packages/torch/include/TH/generic
copying build/lib.linux-ppc64le-3.7/torch/include/TH/generic/THVector.h -> /castles/nr/projects/d/duanj-ai-in-medical-imaging/.share/conda-env/ml/lib/python3.7/site-packages/torch/include/TH/generic
copying build/lib.linux-ppc64le-3.7/torch/include/TH/generic/THLapack.h -> /castles/nr/projects/d/duanj-ai-in-medical-imaging/.share/conda-env/ml/lib/python3.7/site-packages/torch/include/TH/generic
copying build/lib.linux-ppc64le-3.7/torch/include/TH/generic/THTensor.hpp -> /castles/nr/projects/d/duanj-ai-in-medical-imaging/.share/conda-env/ml/lib/python3.7/site-packages/torch/include/TH/generic
copying build/lib.linux-ppc64le-3.7/torch/include/TH/generic/THStorageCopy.h -> /castles/nr/projects/d/duanj-ai-in-medical-imaging/.share/conda-env/ml/lib/python3.7/site-packages/torch/include/TH/generic
copying build/lib.linux-ppc64le-3.7/torch/include/TH/generic/THTensor.h -> /castles/nr/projects/d/duanj-ai-in-medical-imaging/.share/conda-env/ml/lib/python3.7/site-packages/torch/include/TH/generic
copying build/lib.linux-ppc64le-3.7/torch/include/TH/generic/THTensorLapack.h -> /castles/nr/projects/d/duanj-ai-in-medical-imaging/.share/conda-env/ml/lib/python3.7/site-packages/torch/include/TH/generic
copying build/lib.linux-ppc64le-3.7/torch/include/TH/generic/THBlas.h -> /castles/nr/projects/d/duanj-ai-in-medical-imaging/.share/conda-env/ml/lib/python3.7/site-packages/torch/include/TH/generic
copying build/lib.linux-ppc64le-3.7/torch/include/TH/generic/THTensorFastGetSet.hpp -> /castles/nr/projects/d/duanj-ai-in-medical-imaging/.share/conda-env/ml/lib/python3.7/site-packages/torch/include/TH/generic
copying build/lib.linux-ppc64le-3.7/torch/include/TH/generic/THTensorMath.h -> /castles/nr/projects/d/duanj-ai-in-medical-imaging/.share/conda-env/ml/lib/python3.7/site-packages/torch/include/TH/generic
copying build/lib.linux-ppc64le-3.7/torch/include/TH/generic/THTensorRandom.h -> /castles/nr/projects/d/duanj-ai-in-medical-imaging/.share/conda-env/ml/lib/python3.7/site-packages/torch/include/TH/generic
copying build/lib.linux-ppc64le-3.7/torch/include/TH/THTensorApply.h -> /castles/nr/projects/d/duanj-ai-in-medical-imaging/.share/conda-env/ml/lib/python3.7/site-packages/torch/include/TH
copying build/lib.linux-ppc64le-3.7/torch/include/TH/THStorageFunctions.h -> /castles/nr/projects/d/duanj-ai-in-medical-imaging/.share/conda-env/ml/lib/python3.7/site-packages/torch/include/TH
copying build/lib.linux-ppc64le-3.7/torch/include/TH/THStorageFunctions.hpp -> /castles/nr/projects/d/duanj-ai-in-medical-imaging/.share/conda-env/ml/lib/python3.7/site-packages/torch/include/TH
copying build/lib.linux-ppc64le-3.7/torch/include/TH/THGenerateDoubleType.h -> /castles/nr/projects/d/duanj-ai-in-medical-imaging/.share/conda-env/ml/lib/python3.7/site-packages/torch/include/TH
copying build/lib.linux-ppc64le-3.7/torch/include/TH/THGenerateIntType.h -> /castles/nr/projects/d/duanj-ai-in-medical-imaging/.share/conda-env/ml/lib/python3.7/site-packages/torch/include/TH
copying build/lib.linux-ppc64le-3.7/torch/include/TH/THGenerateCharType.h -> /castles/nr/projects/d/duanj-ai-in-medical-imaging/.share/conda-env/ml/lib/python3.7/site-packages/torch/include/TH
copying build/lib.linux-ppc64le-3.7/torch/include/TH/THGenerateQUInt8Type.h -> /castles/nr/projects/d/duanj-ai-in-medical-imaging/.share/conda-env/ml/lib/python3.7/site-packages/torch/include/TH
copying build/lib.linux-ppc64le-3.7/torch/include/TH/THBlas.h -> /castles/nr/projects/d/duanj-ai-in-medical-imaging/.share/conda-env/ml/lib/python3.7/site-packages/torch/include/TH
copying build/lib.linux-ppc64le-3.7/torch/include/TH/THGeneral.h -> /castles/nr/projects/d/duanj-ai-in-medical-imaging/.share/conda-env/ml/lib/python3.7/site-packages/torch/include/TH
copying build/lib.linux-ppc64le-3.7/torch/include/TH/THGenerator.hpp -> /castles/nr/projects/d/duanj-ai-in-medical-imaging/.share/conda-env/ml/lib/python3.7/site-packages/torch/include/TH
copying build/lib.linux-ppc64le-3.7/torch/include/TH/TH.h -> /castles/nr/projects/d/duanj-ai-in-medical-imaging/.share/conda-env/ml/lib/python3.7/site-packages/torch/include/TH
copying build/lib.linux-ppc64le-3.7/torch/include/TH/THGenerateBFloat16Type.h -> /castles/nr/projects/d/duanj-ai-in-medical-imaging/.share/conda-env/ml/lib/python3.7/site-packages/torch/include/TH
copying build/lib.linux-ppc64le-3.7/torch/include/TH/THAllocator.h -> /castles/nr/projects/d/duanj-ai-in-medical-imaging/.share/conda-env/ml/lib/python3.7/site-packages/torch/include/TH
copying build/lib.linux-ppc64le-3.7/torch/include/TH/THGenerateShortType.h -> /castles/nr/projects/d/duanj-ai-in-medical-imaging/.share/conda-env/ml/lib/python3.7/site-packages/torch/include/TH
copying build/lib.linux-ppc64le-3.7/torch/include/TH/THGenerateLongType.h -> /castles/nr/projects/d/duanj-ai-in-medical-imaging/.share/conda-env/ml/lib/python3.7/site-packages/torch/include/TH
creating /castles/nr/projects/d/duanj-ai-in-medical-imaging/.share/conda-env/ml/lib/python3.7/site-packages/torch/include/c10
creating /castles/nr/projects/d/duanj-ai-in-medical-imaging/.share/conda-env/ml/lib/python3.7/site-packages/torch/include/c10/util
copying build/lib.linux-ppc64le-3.7/torch/include/c10/util/Bitset.h -> /castles/nr/projects/d/duanj-ai-in-medical-imaging/.share/conda-env/ml/lib/python3.7/site-packages/torch/include/c10/util
copying build/lib.linux-ppc64le-3.7/torch/include/c10/util/math_compat.h -> /castles/nr/projects/d/duanj-ai-in-medical-imaging/.share/conda-env/ml/lib/python3.7/site-packages/torch/include/c10/util
copying build/lib.linux-ppc64le-3.7/torch/include/c10/util/thread_name.h -> /castles/nr/projects/d/duanj-ai-in-medical-imaging/.share/conda-env/ml/lib/python3.7/site-packages/torch/include/c10/util
copying build/lib.linux-ppc64le-3.7/torch/include/c10/util/complex_math.h -> /castles/nr/projects/d/duanj-ai-in-medical-imaging/.share/conda-env/ml/lib/python3.7/site-packages/torch/include/c10/util
copying build/lib.linux-ppc64le-3.7/torch/include/c10/util/complex_utils.h -> /castles/nr/projects/d/duanj-ai-in-medical-imaging/.share/conda-env/ml/lib/python3.7/site-packages/torch/include/c10/util
copying build/lib.linux-ppc64le-3.7/torch/include/c10/util/C++17.h -> /castles/nr/projects/d/duanj-ai-in-medical-imaging/.share/conda-env/ml/lib/python3.7/site-packages/torch/include/c10/util
copying build/lib.linux-ppc64le-3.7/torch/include/c10/util/StringUtil.h -> /castles/nr/projects/d/duanj-ai-in-medical-imaging/.share/conda-env/ml/lib/python3.7/site-packages/torch/include/c10/util
copying build/lib.linux-ppc64le-3.7/torch/include/c10/util/Exception.h -> /castles/nr/projects/d/duanj-ai-in-medical-imaging/.share/conda-env/ml/lib/python3.7/site-packages/torch/include/c10/util
copying build/lib.linux-ppc64le-3.7/torch/include/c10/util/intrusive_ptr.h -> /castles/nr/projects/d/duanj-ai-in-medical-imaging/.share/conda-env/ml/lib/python3.7/site-packages/torch/include/c10/util
copying build/lib.linux-ppc64le-3.7/torch/include/c10/util/qint8.h -> /castles/nr/projects/d/duanj-ai-in-medical-imaging/.share/conda-env/ml/lib/python3.7/site-packages/torch/include/c10/util
copying build/lib.linux-ppc64le-3.7/torch/include/c10/util/string_utils.h -> /castles/nr/projects/d/duanj-ai-in-medical-imaging/.share/conda-env/ml/lib/python3.7/site-packages/torch/include/c10/util
copying build/lib.linux-ppc64le-3.7/torch/include/c10/util/SmallVector.h -> /castles/nr/projects/d/duanj-ai-in-medical-imaging/.share/conda-env/ml/lib/python3.7/site-packages/torch/include/c10/util
copying build/lib.linux-ppc64le-3.7/torch/include/c10/util/BFloat16-inl.h -> /castles/nr/projects/d/duanj-ai-in-medical-imaging/.share/conda-env/ml/lib/python3.7/site-packages/torch/include/c10/util
copying build/lib.linux-ppc64le-3.7/torch/include/c10/util/TypeIndex.h -> /castles/nr/projects/d/duanj-ai-in-medical-imaging/.share/conda-env/ml/lib/python3.7/site-packages/torch/include/c10/util
copying build/lib.linux-ppc64le-3.7/torch/include/c10/util/Half-inl.h -> /castles/nr/projects/d/duanj-ai-in-medical-imaging/.share/conda-env/ml/lib/python3.7/site-packages/torch/include/c10/util
copying build/lib.linux-ppc64le-3.7/torch/include/c10/util/Deprecated.h -> /castles/nr/projects/d/duanj-ai-in-medical-imaging/.share/conda-env/ml/lib/python3.7/site-packages/torch/include/c10/util
copying build/lib.linux-ppc64le-3.7/torch/include/c10/util/TypeTraits.h -> /castles/nr/projects/d/duanj-ai-in-medical-imaging/.share/conda-env/ml/lib/python3.7/site-packages/torch/include/c10/util
copying build/lib.linux-ppc64le-3.7/torch/include/c10/util/llvmMathExtras.h -> /castles/nr/projects/d/duanj-ai-in-medical-imaging/.share/conda-env/ml/lib/python3.7/site-packages/torch/include/c10/util
copying build/lib.linux-ppc64le-3.7/torch/include/c10/util/Registry.h -> /castles/nr/projects/d/duanj-ai-in-medical-imaging/.share/conda-env/ml/lib/python3.7/site-packages/torch/include/c10/util
copying build/lib.linux-ppc64le-3.7/torch/include/c10/util/sparse_bitset.h -> /castles/nr/projects/d/duanj-ai-in-medical-imaging/.share/conda-env/ml/lib/python3.7/site-packages/torch/include/c10/util
copying build/lib.linux-ppc64le-3.7/torch/include/c10/util/Array.h -> /castles/nr/projects/d/duanj-ai-in-medical-imaging/.share/conda-env/ml/lib/python3.7/site-packages/torch/include/c10/util
copying build/lib.linux-ppc64le-3.7/torch/include/c10/util/Half.h -> /castles/nr/projects/d/duanj-ai-in-medical-imaging/.share/conda-env/ml/lib/python3.7/site-packages/torch/include/c10/util
copying build/lib.linux-ppc64le-3.7/torch/include/c10/util/either.h -> /castles/nr/projects/d/duanj-ai-in-medical-imaging/.share/conda-env/ml/lib/python3.7/site-packages/torch/include/c10/util
copying build/lib.linux-ppc64le-3.7/torch/include/c10/util/UniqueVoidPtr.h -> /castles/nr/projects/d/duanj-ai-in-medical-imaging/.share/conda-env/ml/lib/python3.7/site-packages/torch/include/c10/util
copying build/lib.linux-ppc64le-3.7/torch/include/c10/util/TypeCast.h -> /castles/nr/projects/d/duanj-ai-in-medical-imaging/.share/conda-env/ml/lib/python3.7/site-packages/torch/include/c10/util
copying build/lib.linux-ppc64le-3.7/torch/include/c10/util/Type.h -> /castles/nr/projects/d/duanj-ai-in-medical-imaging/.share/conda-env/ml/lib/python3.7/site-packages/torch/include/c10/util
copying build/lib.linux-ppc64le-3.7/torch/include/c10/util/typeid.h -> /castles/nr/projects/d/duanj-ai-in-medical-imaging/.share/conda-env/ml/lib/python3.7/site-packages/torch/include/c10/util
copying build/lib.linux-ppc64le-3.7/torch/include/c10/util/Logging.h -> /castles/nr/projects/d/duanj-ai-in-medical-imaging/.share/conda-env/ml/lib/python3.7/site-packages/torch/include/c10/util
copying build/lib.linux-ppc64le-3.7/torch/include/c10/util/BFloat16-math.h -> /castles/nr/projects/d/duanj-ai-in-medical-imaging/.share/conda-env/ml/lib/python3.7/site-packages/torch/include/c10/util
copying build/lib.linux-ppc64le-3.7/torch/include/c10/util/LeftRight.h -> /castles/nr/projects/d/duanj-ai-in-medical-imaging/.share/conda-env/ml/lib/python3.7/site-packages/torch/include/c10/util
copying build/lib.linux-ppc64le-3.7/torch/include/c10/util/complex.h -> /castles/nr/projects/d/duanj-ai-in-medical-imaging/.share/conda-env/ml/lib/python3.7/site-packages/torch/include/c10/util
copying build/lib.linux-ppc64le-3.7/torch/include/c10/util/logging_is_not_google_glog.h -> /castles/nr/projects/d/duanj-ai-in-medical-imaging/.share/conda-env/ml/lib/python3.7/site-packages/torch/include/c10/util
copying build/lib.linux-ppc64le-3.7/torch/include/c10/util/Backtrace.h -> /castles/nr/projects/d/duanj-ai-in-medical-imaging/.share/conda-env/ml/lib/python3.7/site-packages/torch/include/c10/util
copying build/lib.linux-ppc64le-3.7/torch/include/c10/util/TypeList.h -> /castles/nr/projects/d/duanj-ai-in-medical-imaging/.share/conda-env/ml/lib/python3.7/site-packages/torch/include/c10/util
copying build/lib.linux-ppc64le-3.7/torch/include/c10/util/FunctionRef.h -> /castles/nr/projects/d/duanj-ai-in-medical-imaging/.share/conda-env/ml/lib/python3.7/site-packages/torch/include/c10/util
copying build/lib.linux-ppc64le-3.7/torch/include/c10/util/in_place.h -> /castles/nr/projects/d/duanj-ai-in-medical-imaging/.share/conda-env/ml/lib/python3.7/site-packages/torch/include/c10/util
copying build/lib.linux-ppc64le-3.7/torch/include/c10/util/BFloat16.h -> /castles/nr/projects/d/duanj-ai-in-medical-imaging/.share/conda-env/ml/lib/python3.7/site-packages/torch/include/c10/util
copying build/lib.linux-ppc64le-3.7/torch/include/c10/util/Metaprogramming.h -> /castles/nr/projects/d/duanj-ai-in-medical-imaging/.share/conda-env/ml/lib/python3.7/site-packages/torch/include/c10/util
copying build/lib.linux-ppc64le-3.7/torch/include/c10/util/flat_hash_map.h -> /castles/nr/projects/d/duanj-ai-in-medical-imaging/.share/conda-env/ml/lib/python3.7/site-packages/torch/include/c10/util
copying build/lib.linux-ppc64le-3.7/torch/include/c10/util/tempfile.h -> /castles/nr/projects/d/duanj-ai-in-medical-imaging/.share/conda-env/ml/lib/python3.7/site-packages/torch/include/c10/util
copying build/lib.linux-ppc64le-3.7/torch/include/c10/util/quint8.h -> /castles/nr/projects/d/duanj-ai-in-medical-imaging/.share/conda-env/ml/lib/python3.7/site-packages/torch/include/c10/util
copying build/lib.linux-ppc64le-3.7/torch/include/c10/util/logging_is_google_glog.h -> /castles/nr/projects/d/duanj-ai-in-medical-imaging/.share/conda-env/ml/lib/python3.7/site-packages/torch/include/c10/util
copying build/lib.linux-ppc64le-3.7/torch/include/c10/util/IdWrapper.h -> /castles/nr/projects/d/duanj-ai-in-medical-imaging/.share/conda-env/ml/lib/python3.7/site-packages/torch/include/c10/util
copying build/lib.linux-ppc64le-3.7/torch/include/c10/util/python_stub.h -> /castles/nr/projects/d/duanj-ai-in-medical-imaging/.share/conda-env/ml/lib/python3.7/site-packages/torch/include/c10/util
copying build/lib.linux-ppc64le-3.7/torch/include/c10/util/qint32.h -> /castles/nr/projects/d/duanj-ai-in-medical-imaging/.share/conda-env/ml/lib/python3.7/site-packages/torch/include/c10/util
copying build/lib.linux-ppc64le-3.7/torch/include/c10/util/order_preserving_flat_hash_map.h -> /castles/nr/projects/d/duanj-ai-in-medical-imaging/.share/conda-env/ml/lib/python3.7/site-packages/torch/include/c10/util
copying build/lib.linux-ppc64le-3.7/torch/include/c10/util/Optional.h -> /castles/nr/projects/d/duanj-ai-in-medical-imaging/.share/conda-env/ml/lib/python3.7/site-packages/torch/include/c10/util
copying build/lib.linux-ppc64le-3.7/torch/include/c10/util/ConstexprCrc.h -> /castles/nr/projects/d/duanj-ai-in-medical-imaging/.share/conda-env/ml/lib/python3.7/site-packages/torch/include/c10/util
copying build/lib.linux-ppc64le-3.7/torch/include/c10/util/string_view.h -> /castles/nr/projects/d/duanj-ai-in-medical-imaging/.share/conda-env/ml/lib/python3.7/site-packages/torch/include/c10/util
copying build/lib.linux-ppc64le-3.7/torch/include/c10/util/numa.h -> /castles/nr/projects/d/duanj-ai-in-medical-imaging/.share/conda-env/ml/lib/python3.7/site-packages/torch/include/c10/util
copying build/lib.linux-ppc64le-3.7/torch/include/c10/util/AlignOf.h -> /castles/nr/projects/d/duanj-ai-in-medical-imaging/.share/conda-env/ml/lib/python3.7/site-packages/torch/include/c10/util
copying build/lib.linux-ppc64le-3.7/torch/include/c10/util/Flags.h -> /castles/nr/projects/d/duanj-ai-in-medical-imaging/.share/conda-env/ml/lib/python3.7/site-packages/torch/include/c10/util
copying build/lib.linux-ppc64le-3.7/torch/include/c10/util/variant.h -> /castles/nr/projects/d/duanj-ai-in-medical-imaging/.share/conda-env/ml/lib/python3.7/site-packages/torch/include/c10/util
copying build/lib.linux-ppc64le-3.7/torch/include/c10/util/ArrayRef.h -> /castles/nr/projects/d/duanj-ai-in-medical-imaging/.share/conda-env/ml/lib/python3.7/site-packages/torch/include/c10/util
copying build/lib.linux-ppc64le-3.7/torch/include/c10/util/ThreadLocalDebugInfo.h -> /castles/nr/projects/d/duanj-ai-in-medical-imaging/.share/conda-env/ml/lib/python3.7/site-packages/torch/include/c10/util
copying build/lib.linux-ppc64le-3.7/torch/include/c10/util/reverse_iterator.h -> /castles/nr/projects/d/duanj-ai-in-medical-imaging/.share/conda-env/ml/lib/python3.7/site-packages/torch/include/c10/util
creating /castles/nr/projects/d/duanj-ai-in-medical-imaging/.share/conda-env/ml/lib/python3.7/site-packages/torch/include/c10/cuda
copying build/lib.linux-ppc64le-3.7/torch/include/c10/cuda/CUDAMathCompat.h -> /castles/nr/projects/d/duanj-ai-in-medical-imaging/.share/conda-env/ml/lib/python3.7/site-packages/torch/include/c10/cuda
creating /castles/nr/projects/d/duanj-ai-in-medical-imaging/.share/conda-env/ml/lib/python3.7/site-packages/torch/include/c10/cuda/impl
copying build/lib.linux-ppc64le-3.7/torch/include/c10/cuda/impl/CUDATest.h -> /castles/nr/projects/d/duanj-ai-in-medical-imaging/.share/conda-env/ml/lib/python3.7/site-packages/torch/include/c10/cuda/impl
copying build/lib.linux-ppc64le-3.7/torch/include/c10/cuda/impl/CUDAGuardImpl.h -> /castles/nr/projects/d/duanj-ai-in-medical-imaging/.share/conda-env/ml/lib/python3.7/site-packages/torch/include/c10/cuda/impl
copying build/lib.linux-ppc64le-3.7/torch/include/c10/cuda/impl/cuda_cmake_macros.h -> /castles/nr/projects/d/duanj-ai-in-medical-imaging/.share/conda-env/ml/lib/python3.7/site-packages/torch/include/c10/cuda/impl
copying build/lib.linux-ppc64le-3.7/torch/include/c10/cuda/CUDAStream.h -> /castles/nr/projects/d/duanj-ai-in-medical-imaging/.share/conda-env/ml/lib/python3.7/site-packages/torch/include/c10/cuda
copying build/lib.linux-ppc64le-3.7/torch/include/c10/cuda/CUDAMacros.h -> /castles/nr/projects/d/duanj-ai-in-medical-imaging/.share/conda-env/ml/lib/python3.7/site-packages/torch/include/c10/cuda
copying build/lib.linux-ppc64le-3.7/torch/include/c10/cuda/CUDACachingAllocator.h -> /castles/nr/projects/d/duanj-ai-in-medical-imaging/.share/conda-env/ml/lib/python3.7/site-packages/torch/include/c10/cuda
copying build/lib.linux-ppc64le-3.7/torch/include/c10/cuda/CUDAException.h -> /castles/nr/projects/d/duanj-ai-in-medical-imaging/.share/conda-env/ml/lib/python3.7/site-packages/torch/include/c10/cuda
copying build/lib.linux-ppc64le-3.7/torch/include/c10/cuda/CUDAFunctions.h -> /castles/nr/projects/d/duanj-ai-in-medical-imaging/.share/conda-env/ml/lib/python3.7/site-packages/torch/include/c10/cuda
copying build/lib.linux-ppc64le-3.7/torch/include/c10/cuda/CUDAGuard.h -> /castles/nr/projects/d/duanj-ai-in-medical-imaging/.share/conda-env/ml/lib/python3.7/site-packages/torch/include/c10/cuda
creating /castles/nr/projects/d/duanj-ai-in-medical-imaging/.share/conda-env/ml/lib/python3.7/site-packages/torch/include/c10/core
copying build/lib.linux-ppc64le-3.7/torch/include/c10/core/Allocator.h -> /castles/nr/projects/d/duanj-ai-in-medical-imaging/.share/conda-env/ml/lib/python3.7/site-packages/torch/include/c10/core
copying build/lib.linux-ppc64le-3.7/torch/include/c10/core/TensorOptions.h -> /castles/nr/projects/d/duanj-ai-in-medical-imaging/.share/conda-env/ml/lib/python3.7/site-packages/torch/include/c10/core
copying build/lib.linux-ppc64le-3.7/torch/include/c10/core/Storage.h -> /castles/nr/projects/d/duanj-ai-in-medical-imaging/.share/conda-env/ml/lib/python3.7/site-packages/torch/include/c10/core
copying build/lib.linux-ppc64le-3.7/torch/include/c10/core/Event.h -> /castles/nr/projects/d/duanj-ai-in-medical-imaging/.share/conda-env/ml/lib/python3.7/site-packages/torch/include/c10/core
copying build/lib.linux-ppc64le-3.7/torch/include/c10/core/QScheme.h -> /castles/nr/projects/d/duanj-ai-in-medical-imaging/.share/conda-env/ml/lib/python3.7/site-packages/torch/include/c10/core
copying build/lib.linux-ppc64le-3.7/torch/include/c10/core/CPUAllocator.h -> /castles/nr/projects/d/duanj-ai-in-medical-imaging/.share/conda-env/ml/lib/python3.7/site-packages/torch/include/c10/core
copying build/lib.linux-ppc64le-3.7/torch/include/c10/core/CopyBytes.h -> /castles/nr/projects/d/duanj-ai-in-medical-imaging/.share/conda-env/ml/lib/python3.7/site-packages/torch/include/c10/core
creating /castles/nr/projects/d/duanj-ai-in-medical-imaging/.share/conda-env/ml/lib/python3.7/site-packages/torch/include/c10/core/impl
copying build/lib.linux-ppc64le-3.7/torch/include/c10/core/impl/InlineDeviceGuard.h -> /castles/nr/projects/d/duanj-ai-in-medical-imaging/.share/conda-env/ml/lib/python3.7/site-packages/torch/include/c10/core/impl
copying build/lib.linux-ppc64le-3.7/torch/include/c10/core/impl/LocalDispatchKeySet.h -> /castles/nr/projects/d/duanj-ai-in-medical-imaging/.share/conda-env/ml/lib/python3.7/site-packages/torch/include/c10/core/impl
copying build/lib.linux-ppc64le-3.7/torch/include/c10/core/impl/InlineEvent.h -> /castles/nr/projects/d/duanj-ai-in-medical-imaging/.share/conda-env/ml/lib/python3.7/site-packages/torch/include/c10/core/impl
copying build/lib.linux-ppc64le-3.7/torch/include/c10/core/impl/InlineStreamGuard.h -> /castles/nr/projects/d/duanj-ai-in-medical-imaging/.share/conda-env/ml/lib/python3.7/site-packages/torch/include/c10/core/impl
copying build/lib.linux-ppc64le-3.7/torch/include/c10/core/impl/DeviceGuardImplInterface.h -> /castles/nr/projects/d/duanj-ai-in-medical-imaging/.share/conda-env/ml/lib/python3.7/site-packages/torch/include/c10/core/impl
copying build/lib.linux-ppc64le-3.7/torch/include/c10/core/impl/FakeGuardImpl.h -> /castles/nr/projects/d/duanj-ai-in-medical-imaging/.share/conda-env/ml/lib/python3.7/site-packages/torch/include/c10/core/impl
copying build/lib.linux-ppc64le-3.7/torch/include/c10/core/impl/VirtualGuardImpl.h -> /castles/nr/projects/d/duanj-ai-in-medical-imaging/.share/conda-env/ml/lib/python3.7/site-packages/torch/include/c10/core/impl
copying build/lib.linux-ppc64le-3.7/torch/include/c10/core/DeviceType.h -> /castles/nr/projects/d/duanj-ai-in-medical-imaging/.share/conda-env/ml/lib/python3.7/site-packages/torch/include/c10/core
copying build/lib.linux-ppc64le-3.7/torch/include/c10/core/ScalarType.h -> /castles/nr/projects/d/duanj-ai-in-medical-imaging/.share/conda-env/ml/lib/python3.7/site-packages/torch/include/c10/core
copying build/lib.linux-ppc64le-3.7/torch/include/c10/core/QEngine.h -> /castles/nr/projects/d/duanj-ai-in-medical-imaging/.share/conda-env/ml/lib/python3.7/site-packages/torch/include/c10/core
copying build/lib.linux-ppc64le-3.7/torch/include/c10/core/DefaultDtype.h -> /castles/nr/projects/d/duanj-ai-in-medical-imaging/.share/conda-env/ml/lib/python3.7/site-packages/torch/include/c10/core
copying build/lib.linux-ppc64le-3.7/torch/include/c10/core/thread_pool.h -> /castles/nr/projects/d/duanj-ai-in-medical-imaging/.share/conda-env/ml/lib/python3.7/site-packages/torch/include/c10/core
copying build/lib.linux-ppc64le-3.7/torch/include/c10/core/StorageImpl.h -> /castles/nr/projects/d/duanj-ai-in-medical-imaging/.share/conda-env/ml/lib/python3.7/site-packages/torch/include/c10/core
copying build/lib.linux-ppc64le-3.7/torch/include/c10/core/DefaultTensorOptions.h -> /castles/nr/projects/d/duanj-ai-in-medical-imaging/.share/conda-env/ml/lib/python3.7/site-packages/torch/include/c10/core
copying build/lib.linux-ppc64le-3.7/torch/include/c10/core/StreamGuard.h -> /castles/nr/projects/d/duanj-ai-in-medical-imaging/.share/conda-env/ml/lib/python3.7/site-packages/torch/include/c10/core
copying build/lib.linux-ppc64le-3.7/torch/include/c10/core/DeviceGuard.h -> /castles/nr/projects/d/duanj-ai-in-medical-imaging/.share/conda-env/ml/lib/python3.7/site-packages/torch/include/c10/core
copying build/lib.linux-ppc64le-3.7/torch/include/c10/core/WrapDimMinimal.h -> /castles/nr/projects/d/duanj-ai-in-medical-imaging/.share/conda-env/ml/lib/python3.7/site-packages/torch/include/c10/core
copying build/lib.linux-ppc64le-3.7/torch/include/c10/core/TensorImpl.h -> /castles/nr/projects/d/duanj-ai-in-medical-imaging/.share/conda-env/ml/lib/python3.7/site-packages/torch/include/c10/core
copying build/lib.linux-ppc64le-3.7/torch/include/c10/core/Layout.h -> /castles/nr/projects/d/duanj-ai-in-medical-imaging/.share/conda-env/ml/lib/python3.7/site-packages/torch/include/c10/core
copying build/lib.linux-ppc64le-3.7/torch/include/c10/core/MemoryFormat.h -> /castles/nr/projects/d/duanj-ai-in-medical-imaging/.share/conda-env/ml/lib/python3.7/site-packages/torch/include/c10/core
copying build/lib.linux-ppc64le-3.7/torch/include/c10/core/UndefinedTensorImpl.h -> /castles/nr/projects/d/duanj-ai-in-medical-imaging/.share/conda-env/ml/lib/python3.7/site-packages/torch/include/c10/core
copying build/lib.linux-ppc64le-3.7/torch/include/c10/core/Device.h -> /castles/nr/projects/d/duanj-ai-in-medical-imaging/.share/conda-env/ml/lib/python3.7/site-packages/torch/include/c10/core
copying build/lib.linux-ppc64le-3.7/torch/include/c10/core/Scalar.h -> /castles/nr/projects/d/duanj-ai-in-medical-imaging/.share/conda-env/ml/lib/python3.7/site-packages/torch/include/c10/core
copying build/lib.linux-ppc64le-3.7/torch/include/c10/core/CompileTimeFunctionPointer.h -> /castles/nr/projects/d/duanj-ai-in-medical-imaging/.share/conda-env/ml/lib/python3.7/site-packages/torch/include/c10/core
copying build/lib.linux-ppc64le-3.7/torch/include/c10/core/Backend.h -> /castles/nr/projects/d/duanj-ai-in-medical-imaging/.share/conda-env/ml/lib/python3.7/site-packages/torch/include/c10/core
copying build/lib.linux-ppc64le-3.7/torch/include/c10/core/DispatchKey.h -> /castles/nr/projects/d/duanj-ai-in-medical-imaging/.share/conda-env/ml/lib/python3.7/site-packages/torch/include/c10/core
copying build/lib.linux-ppc64le-3.7/torch/include/c10/core/GeneratorImpl.h -> /castles/nr/projects/d/duanj-ai-in-medical-imaging/.share/conda-env/ml/lib/python3.7/site-packages/torch/include/c10/core
copying build/lib.linux-ppc64le-3.7/torch/include/c10/core/Stream.h -> /castles/nr/projects/d/duanj-ai-in-medical-imaging/.share/conda-env/ml/lib/python3.7/site-packages/torch/include/c10/core
copying build/lib.linux-ppc64le-3.7/torch/include/c10/core/DispatchKeySet.h -> /castles/nr/projects/d/duanj-ai-in-medical-imaging/.share/conda-env/ml/lib/python3.7/site-packages/torch/include/c10/core
creating /castles/nr/projects/d/duanj-ai-in-medical-imaging/.share/conda-env/ml/lib/python3.7/site-packages/torch/include/c10/macros
copying build/lib.linux-ppc64le-3.7/torch/include/c10/macros/Export.h -> /castles/nr/projects/d/duanj-ai-in-medical-imaging/.share/conda-env/ml/lib/python3.7/site-packages/torch/include/c10/macros
copying build/lib.linux-ppc64le-3.7/torch/include/c10/macros/cmake_macros.h -> /castles/nr/projects/d/duanj-ai-in-medical-imaging/.share/conda-env/ml/lib/python3.7/site-packages/torch/include/c10/macros
copying build/lib.linux-ppc64le-3.7/torch/include/c10/macros/Macros.h -> /castles/nr/projects/d/duanj-ai-in-medical-imaging/.share/conda-env/ml/lib/python3.7/site-packages/torch/include/c10/macros
creating /castles/nr/projects/d/duanj-ai-in-medical-imaging/.share/conda-env/ml/lib/python3.7/site-packages/torch/futures
copying build/lib.linux-ppc64le-3.7/torch/futures/__init__.py -> /castles/nr/projects/d/duanj-ai-in-medical-imaging/.share/conda-env/ml/lib/python3.7/site-packages/torch/futures
copying build/lib.linux-ppc64le-3.7/torch/serialization.py -> /castles/nr/projects/d/duanj-ai-in-medical-imaging/.share/conda-env/ml/lib/python3.7/site-packages/torch
creating /castles/nr/projects/d/duanj-ai-in-medical-imaging/.share/conda-env/ml/lib/python3.7/site-packages/torch/cuda
copying build/lib.linux-ppc64le-3.7/torch/cuda/comm.py -> /castles/nr/projects/d/duanj-ai-in-medical-imaging/.share/conda-env/ml/lib/python3.7/site-packages/torch/cuda
copying build/lib.linux-ppc64le-3.7/torch/cuda/_utils.py -> /castles/nr/projects/d/duanj-ai-in-medical-imaging/.share/conda-env/ml/lib/python3.7/site-packages/torch/cuda
copying build/lib.linux-ppc64le-3.7/torch/cuda/memory.py -> /castles/nr/projects/d/duanj-ai-in-medical-imaging/.share/conda-env/ml/lib/python3.7/site-packages/torch/cuda
copying build/lib.linux-ppc64le-3.7/torch/cuda/sparse.py -> /castles/nr/projects/d/duanj-ai-in-medical-imaging/.share/conda-env/ml/lib/python3.7/site-packages/torch/cuda
creating /castles/nr/projects/d/duanj-ai-in-medical-imaging/.share/conda-env/ml/lib/python3.7/site-packages/torch/cuda/amp
copying build/lib.linux-ppc64le-3.7/torch/cuda/amp/grad_scaler.py -> /castles/nr/projects/d/duanj-ai-in-medical-imaging/.share/conda-env/ml/lib/python3.7/site-packages/torch/cuda/amp
copying build/lib.linux-ppc64le-3.7/torch/cuda/amp/__init__.py -> /castles/nr/projects/d/duanj-ai-in-medical-imaging/.share/conda-env/ml/lib/python3.7/site-packages/torch/cuda/amp
copying build/lib.linux-ppc64le-3.7/torch/cuda/amp/autocast_mode.py -> /castles/nr/projects/d/duanj-ai-in-medical-imaging/.share/conda-env/ml/lib/python3.7/site-packages/torch/cuda/amp
copying build/lib.linux-ppc64le-3.7/torch/cuda/nccl.py -> /castles/nr/projects/d/duanj-ai-in-medical-imaging/.share/conda-env/ml/lib/python3.7/site-packages/torch/cuda
copying build/lib.linux-ppc64le-3.7/torch/cuda/__init__.py -> /castles/nr/projects/d/duanj-ai-in-medical-imaging/.share/conda-env/ml/lib/python3.7/site-packages/torch/cuda
copying build/lib.linux-ppc64le-3.7/torch/cuda/streams.py -> /castles/nr/projects/d/duanj-ai-in-medical-imaging/.share/conda-env/ml/lib/python3.7/site-packages/torch/cuda
copying build/lib.linux-ppc64le-3.7/torch/cuda/random.py -> /castles/nr/projects/d/duanj-ai-in-medical-imaging/.share/conda-env/ml/lib/python3.7/site-packages/torch/cuda
copying build/lib.linux-ppc64le-3.7/torch/cuda/profiler.py -> /castles/nr/projects/d/duanj-ai-in-medical-imaging/.share/conda-env/ml/lib/python3.7/site-packages/torch/cuda
copying build/lib.linux-ppc64le-3.7/torch/cuda/error.py -> /castles/nr/projects/d/duanj-ai-in-medical-imaging/.share/conda-env/ml/lib/python3.7/site-packages/torch/cuda
copying build/lib.linux-ppc64le-3.7/torch/cuda/nvtx.py -> /castles/nr/projects/d/duanj-ai-in-medical-imaging/.share/conda-env/ml/lib/python3.7/site-packages/torch/cuda
copying build/lib.linux-ppc64le-3.7/torch/_utils.py -> /castles/nr/projects/d/duanj-ai-in-medical-imaging/.share/conda-env/ml/lib/python3.7/site-packages/torch
copying build/lib.linux-ppc64le-3.7/torch/__future__.py -> /castles/nr/projects/d/duanj-ai-in-medical-imaging/.share/conda-env/ml/lib/python3.7/site-packages/torch
copying build/lib.linux-ppc64le-3.7/torch/_namedtensor_internals.py -> /castles/nr/projects/d/duanj-ai-in-medical-imaging/.share/conda-env/ml/lib/python3.7/site-packages/torch
copying build/lib.linux-ppc64le-3.7/torch/_torch_docs.py -> /castles/nr/projects/d/duanj-ai-in-medical-imaging/.share/conda-env/ml/lib/python3.7/site-packages/torch
copying build/lib.linux-ppc64le-3.7/torch/tensor.py -> /castles/nr/projects/d/duanj-ai-in-medical-imaging/.share/conda-env/ml/lib/python3.7/site-packages/torch
copying build/lib.linux-ppc64le-3.7/torch/_classes.py -> /castles/nr/projects/d/duanj-ai-in-medical-imaging/.share/conda-env/ml/lib/python3.7/site-packages/torch
copying build/lib.linux-ppc64le-3.7/torch/_ops.py -> /castles/nr/projects/d/duanj-ai-in-medical-imaging/.share/conda-env/ml/lib/python3.7/site-packages/torch
creating /castles/nr/projects/d/duanj-ai-in-medical-imaging/.share/conda-env/ml/lib/python3.7/site-packages/torch/bin
copying build/lib.linux-ppc64le-3.7/torch/bin/test_tensorexpr -> /castles/nr/projects/d/duanj-ai-in-medical-imaging/.share/conda-env/ml/lib/python3.7/site-packages/torch/bin
copying build/lib.linux-ppc64le-3.7/torch/bin/torch_shm_manager -> /castles/nr/projects/d/duanj-ai-in-medical-imaging/.share/conda-env/ml/lib/python3.7/site-packages/torch/bin
copying build/lib.linux-ppc64le-3.7/torch/bin/test_cpp_rpc -> /castles/nr/projects/d/duanj-ai-in-medical-imaging/.share/conda-env/ml/lib/python3.7/site-packages/torch/bin
copying build/lib.linux-ppc64le-3.7/torch/bin/protoc -> /castles/nr/projects/d/duanj-ai-in-medical-imaging/.share/conda-env/ml/lib/python3.7/site-packages/torch/bin
copying build/lib.linux-ppc64le-3.7/torch/bin/protoc-3.11.4.0 -> /castles/nr/projects/d/duanj-ai-in-medical-imaging/.share/conda-env/ml/lib/python3.7/site-packages/torch/bin
copying build/lib.linux-ppc64le-3.7/torch/bin/test_dist_autograd -> /castles/nr/projects/d/duanj-ai-in-medical-imaging/.share/conda-env/ml/lib/python3.7/site-packages/torch/bin
copying build/lib.linux-ppc64le-3.7/torch/bin/test_api -> /castles/nr/projects/d/duanj-ai-in-medical-imaging/.share/conda-env/ml/lib/python3.7/site-packages/torch/bin
copying build/lib.linux-ppc64le-3.7/torch/bin/test_jit -> /castles/nr/projects/d/duanj-ai-in-medical-imaging/.share/conda-env/ml/lib/python3.7/site-packages/torch/bin
copying build/lib.linux-ppc64le-3.7/torch/_C.cpython-37m-powerpc64le-linux-gnu.so -> /castles/nr/projects/d/duanj-ai-in-medical-imaging/.share/conda-env/ml/lib/python3.7/site-packages/torch
creating /castles/nr/projects/d/duanj-ai-in-medical-imaging/.share/conda-env/ml/lib/python3.7/site-packages/torch/optim
copying build/lib.linux-ppc64le-3.7/torch/optim/sparse_adam.pyi -> /castles/nr/projects/d/duanj-ai-in-medical-imaging/.share/conda-env/ml/lib/python3.7/site-packages/torch/optim
copying build/lib.linux-ppc64le-3.7/torch/optim/rmsprop.pyi -> /castles/nr/projects/d/duanj-ai-in-medical-imaging/.share/conda-env/ml/lib/python3.7/site-packages/torch/optim
copying build/lib.linux-ppc64le-3.7/torch/optim/lbfgs.py -> /castles/nr/projects/d/duanj-ai-in-medical-imaging/.share/conda-env/ml/lib/python3.7/site-packages/torch/optim
copying build/lib.linux-ppc64le-3.7/torch/optim/asgd.py -> /castles/nr/projects/d/duanj-ai-in-medical-imaging/.share/conda-env/ml/lib/python3.7/site-packages/torch/optim
copying build/lib.linux-ppc64le-3.7/torch/optim/swa_utils.pyi -> /castles/nr/projects/d/duanj-ai-in-medical-imaging/.share/conda-env/ml/lib/python3.7/site-packages/torch/optim
copying build/lib.linux-ppc64le-3.7/torch/optim/lr_scheduler.pyi -> /castles/nr/projects/d/duanj-ai-in-medical-imaging/.share/conda-env/ml/lib/python3.7/site-packages/torch/optim
copying build/lib.linux-ppc64le-3.7/torch/optim/adadelta.py -> /castles/nr/projects/d/duanj-ai-in-medical-imaging/.share/conda-env/ml/lib/python3.7/site-packages/torch/optim
copying build/lib.linux-ppc64le-3.7/torch/optim/adamw.py -> /castles/nr/projects/d/duanj-ai-in-medical-imaging/.share/conda-env/ml/lib/python3.7/site-packages/torch/optim
copying build/lib.linux-ppc64le-3.7/torch/optim/asgd.pyi -> /castles/nr/projects/d/duanj-ai-in-medical-imaging/.share/conda-env/ml/lib/python3.7/site-packages/torch/optim
copying build/lib.linux-ppc64le-3.7/torch/optim/swa_utils.py -> /castles/nr/projects/d/duanj-ai-in-medical-imaging/.share/conda-env/ml/lib/python3.7/site-packages/torch/optim
copying build/lib.linux-ppc64le-3.7/torch/optim/adagrad.py -> /castles/nr/projects/d/duanj-ai-in-medical-imaging/.share/conda-env/ml/lib/python3.7/site-packages/torch/optim
copying build/lib.linux-ppc64le-3.7/torch/optim/__init__.py -> /castles/nr/projects/d/duanj-ai-in-medical-imaging/.share/conda-env/ml/lib/python3.7/site-packages/torch/optim
copying build/lib.linux-ppc64le-3.7/torch/optim/optimizer.py -> /castles/nr/projects/d/duanj-ai-in-medical-imaging/.share/conda-env/ml/lib/python3.7/site-packages/torch/optim
copying build/lib.linux-ppc64le-3.7/torch/optim/__init__.pyi -> /castles/nr/projects/d/duanj-ai-in-medical-imaging/.share/conda-env/ml/lib/python3.7/site-packages/torch/optim
copying build/lib.linux-ppc64le-3.7/torch/optim/adamax.py -> /castles/nr/projects/d/duanj-ai-in-medical-imaging/.share/conda-env/ml/lib/python3.7/site-packages/torch/optim
copying build/lib.linux-ppc64le-3.7/torch/optim/adadelta.pyi -> /castles/nr/projects/d/duanj-ai-in-medical-imaging/.share/conda-env/ml/lib/python3.7/site-packages/torch/optim
copying build/lib.linux-ppc64le-3.7/torch/optim/rmsprop.py -> /castles/nr/projects/d/duanj-ai-in-medical-imaging/.share/conda-env/ml/lib/python3.7/site-packages/torch/optim
copying build/lib.linux-ppc64le-3.7/torch/optim/adamax.pyi -> /castles/nr/projects/d/duanj-ai-in-medical-imaging/.share/conda-env/ml/lib/python3.7/site-packages/torch/optim
copying build/lib.linux-ppc64le-3.7/torch/optim/lbfgs.pyi -> /castles/nr/projects/d/duanj-ai-in-medical-imaging/.share/conda-env/ml/lib/python3.7/site-packages/torch/optim
copying build/lib.linux-ppc64le-3.7/torch/optim/adamw.pyi -> /castles/nr/projects/d/duanj-ai-in-medical-imaging/.share/conda-env/ml/lib/python3.7/site-packages/torch/optim
copying build/lib.linux-ppc64le-3.7/torch/optim/adagrad.pyi -> /castles/nr/projects/d/duanj-ai-in-medical-imaging/.share/conda-env/ml/lib/python3.7/site-packages/torch/optim
copying build/lib.linux-ppc64le-3.7/torch/optim/sparse_adam.py -> /castles/nr/projects/d/duanj-ai-in-medical-imaging/.share/conda-env/ml/lib/python3.7/site-packages/torch/optim
copying build/lib.linux-ppc64le-3.7/torch/optim/adam.pyi -> /castles/nr/projects/d/duanj-ai-in-medical-imaging/.share/conda-env/ml/lib/python3.7/site-packages/torch/optim
copying build/lib.linux-ppc64le-3.7/torch/optim/optimizer.pyi -> /castles/nr/projects/d/duanj-ai-in-medical-imaging/.share/conda-env/ml/lib/python3.7/site-packages/torch/optim
copying build/lib.linux-ppc64le-3.7/torch/optim/rprop.pyi -> /castles/nr/projects/d/duanj-ai-in-medical-imaging/.share/conda-env/ml/lib/python3.7/site-packages/torch/optim
copying build/lib.linux-ppc64le-3.7/torch/optim/rprop.py -> /castles/nr/projects/d/duanj-ai-in-medical-imaging/.share/conda-env/ml/lib/python3.7/site-packages/torch/optim
copying build/lib.linux-ppc64le-3.7/torch/optim/adam.py -> /castles/nr/projects/d/duanj-ai-in-medical-imaging/.share/conda-env/ml/lib/python3.7/site-packages/torch/optim
copying build/lib.linux-ppc64le-3.7/torch/optim/lr_scheduler.py -> /castles/nr/projects/d/duanj-ai-in-medical-imaging/.share/conda-env/ml/lib/python3.7/site-packages/torch/optim
copying build/lib.linux-ppc64le-3.7/torch/optim/sgd.pyi -> /castles/nr/projects/d/duanj-ai-in-medical-imaging/.share/conda-env/ml/lib/python3.7/site-packages/torch/optim
copying build/lib.linux-ppc64le-3.7/torch/optim/sgd.py -> /castles/nr/projects/d/duanj-ai-in-medical-imaging/.share/conda-env/ml/lib/python3.7/site-packages/torch/optim
copying build/lib.linux-ppc64le-3.7/torch/_VF.py -> /castles/nr/projects/d/duanj-ai-in-medical-imaging/.share/conda-env/ml/lib/python3.7/site-packages/torch
copying build/lib.linux-ppc64le-3.7/torch/_vmap_internals.py -> /castles/nr/projects/d/duanj-ai-in-medical-imaging/.share/conda-env/ml/lib/python3.7/site-packages/torch
creating /castles/nr/projects/d/duanj-ai-in-medical-imaging/.share/conda-env/ml/lib/python3.7/site-packages/torch/contrib
copying build/lib.linux-ppc64le-3.7/torch/contrib/_tensorboard_vis.py -> /castles/nr/projects/d/duanj-ai-in-medical-imaging/.share/conda-env/ml/lib/python3.7/site-packages/torch/contrib
copying build/lib.linux-ppc64le-3.7/torch/contrib/__init__.py -> /castles/nr/projects/d/duanj-ai-in-medical-imaging/.share/conda-env/ml/lib/python3.7/site-packages/torch/contrib
creating /castles/nr/projects/d/duanj-ai-in-medical-imaging/.share/conda-env/ml/lib/python3.7/site-packages/torch/_C
copying build/lib.linux-ppc64le-3.7/torch/_C/_VariableFunctions.pyi -> /castles/nr/projects/d/duanj-ai-in-medical-imaging/.share/conda-env/ml/lib/python3.7/site-packages/torch/_C
copying build/lib.linux-ppc64le-3.7/torch/_C/_cudnn.pyi -> /castles/nr/projects/d/duanj-ai-in-medical-imaging/.share/conda-env/ml/lib/python3.7/site-packages/torch/_C
copying build/lib.linux-ppc64le-3.7/torch/_C/__init__.pyi -> /castles/nr/projects/d/duanj-ai-in-medical-imaging/.share/conda-env/ml/lib/python3.7/site-packages/torch/_C
copying build/lib.linux-ppc64le-3.7/torch/_C/_onnx.pyi -> /castles/nr/projects/d/duanj-ai-in-medical-imaging/.share/conda-env/ml/lib/python3.7/site-packages/torch/_C
copying build/lib.linux-ppc64le-3.7/torch/_C/_nn.pyi -> /castles/nr/projects/d/duanj-ai-in-medical-imaging/.share/conda-env/ml/lib/python3.7/site-packages/torch/_C
copying build/lib.linux-ppc64le-3.7/torch/_linalg_utils.py -> /castles/nr/projects/d/duanj-ai-in-medical-imaging/.share/conda-env/ml/lib/python3.7/site-packages/torch
copying build/lib.linux-ppc64le-3.7/torch/_jit_internal.py -> /castles/nr/projects/d/duanj-ai-in-medical-imaging/.share/conda-env/ml/lib/python3.7/site-packages/torch
copying build/lib.linux-ppc64le-3.7/torch/_appdirs.py -> /castles/nr/projects/d/duanj-ai-in-medical-imaging/.share/conda-env/ml/lib/python3.7/site-packages/torch
creating /castles/nr/projects/d/duanj-ai-in-medical-imaging/.share/conda-env/ml/lib/python3.7/site-packages/torch/onnx
copying build/lib.linux-ppc64le-3.7/torch/onnx/symbolic_opset11.py -> /castles/nr/projects/d/duanj-ai-in-medical-imaging/.share/conda-env/ml/lib/python3.7/site-packages/torch/onnx
copying build/lib.linux-ppc64le-3.7/torch/onnx/symbolic_opset7.py -> /castles/nr/projects/d/duanj-ai-in-medical-imaging/.share/conda-env/ml/lib/python3.7/site-packages/torch/onnx
copying build/lib.linux-ppc64le-3.7/torch/onnx/operators.py -> /castles/nr/projects/d/duanj-ai-in-medical-imaging/.share/conda-env/ml/lib/python3.7/site-packages/torch/onnx
copying build/lib.linux-ppc64le-3.7/torch/onnx/symbolic_registry.py -> /castles/nr/projects/d/duanj-ai-in-medical-imaging/.share/conda-env/ml/lib/python3.7/site-packages/torch/onnx
copying build/lib.linux-ppc64le-3.7/torch/onnx/__init__.py -> /castles/nr/projects/d/duanj-ai-in-medical-imaging/.share/conda-env/ml/lib/python3.7/site-packages/torch/onnx
copying build/lib.linux-ppc64le-3.7/torch/onnx/symbolic_opset12.py -> /castles/nr/projects/d/duanj-ai-in-medical-imaging/.share/conda-env/ml/lib/python3.7/site-packages/torch/onnx
copying build/lib.linux-ppc64le-3.7/torch/onnx/utils.py -> /castles/nr/projects/d/duanj-ai-in-medical-imaging/.share/conda-env/ml/lib/python3.7/site-packages/torch/onnx
copying build/lib.linux-ppc64le-3.7/torch/onnx/symbolic_caffe2.py -> /castles/nr/projects/d/duanj-ai-in-medical-imaging/.share/conda-env/ml/lib/python3.7/site-packages/torch/onnx
copying build/lib.linux-ppc64le-3.7/torch/onnx/symbolic_opset8.py -> /castles/nr/projects/d/duanj-ai-in-medical-imaging/.share/conda-env/ml/lib/python3.7/site-packages/torch/onnx
copying build/lib.linux-ppc64le-3.7/torch/onnx/symbolic_helper.py -> /castles/nr/projects/d/duanj-ai-in-medical-imaging/.share/conda-env/ml/lib/python3.7/site-packages/torch/onnx
copying build/lib.linux-ppc64le-3.7/torch/onnx/symbolic_opset10.py -> /castles/nr/projects/d/duanj-ai-in-medical-imaging/.share/conda-env/ml/lib/python3.7/site-packages/torch/onnx
copying build/lib.linux-ppc64le-3.7/torch/onnx/symbolic_opset9.py -> /castles/nr/projects/d/duanj-ai-in-medical-imaging/.share/conda-env/ml/lib/python3.7/site-packages/torch/onnx
copying build/lib.linux-ppc64le-3.7/torch/_dl.cpython-37m-powerpc64le-linux-gnu.so -> /castles/nr/projects/d/duanj-ai-in-medical-imaging/.share/conda-env/ml/lib/python3.7/site-packages/torch
copying build/lib.linux-ppc64le-3.7/torch/py.typed -> /castles/nr/projects/d/duanj-ai-in-medical-imaging/.share/conda-env/ml/lib/python3.7/site-packages/torch
creating /castles/nr/projects/d/duanj-ai-in-medical-imaging/.share/conda-env/ml/lib/python3.7/site-packages/torch/autograd
copying build/lib.linux-ppc64le-3.7/torch/autograd/anomaly_mode.py -> /castles/nr/projects/d/duanj-ai-in-medical-imaging/.share/conda-env/ml/lib/python3.7/site-packages/torch/autograd
copying build/lib.linux-ppc64le-3.7/torch/autograd/function.py -> /castles/nr/projects/d/duanj-ai-in-medical-imaging/.share/conda-env/ml/lib/python3.7/site-packages/torch/autograd
copying build/lib.linux-ppc64le-3.7/torch/autograd/grad_mode.py -> /castles/nr/projects/d/duanj-ai-in-medical-imaging/.share/conda-env/ml/lib/python3.7/site-packages/torch/autograd
copying build/lib.linux-ppc64le-3.7/torch/autograd/__init__.py -> /castles/nr/projects/d/duanj-ai-in-medical-imaging/.share/conda-env/ml/lib/python3.7/site-packages/torch/autograd
creating /castles/nr/projects/d/duanj-ai-in-medical-imaging/.share/conda-env/ml/lib/python3.7/site-packages/torch/autograd/_functions
copying build/lib.linux-ppc64le-3.7/torch/autograd/_functions/tensor.py -> /castles/nr/projects/d/duanj-ai-in-medical-imaging/.share/conda-env/ml/lib/python3.7/site-packages/torch/autograd/_functions
copying build/lib.linux-ppc64le-3.7/torch/autograd/_functions/__init__.py -> /castles/nr/projects/d/duanj-ai-in-medical-imaging/.share/conda-env/ml/lib/python3.7/site-packages/torch/autograd/_functions
copying build/lib.linux-ppc64le-3.7/torch/autograd/_functions/utils.py -> /castles/nr/projects/d/duanj-ai-in-medical-imaging/.share/conda-env/ml/lib/python3.7/site-packages/torch/autograd/_functions
copying build/lib.linux-ppc64le-3.7/torch/autograd/variable.py -> /castles/nr/projects/d/duanj-ai-in-medical-imaging/.share/conda-env/ml/lib/python3.7/site-packages/torch/autograd
copying build/lib.linux-ppc64le-3.7/torch/autograd/gradcheck.py -> /castles/nr/projects/d/duanj-ai-in-medical-imaging/.share/conda-env/ml/lib/python3.7/site-packages/torch/autograd
copying build/lib.linux-ppc64le-3.7/torch/autograd/grad_mode.pyi -> /castles/nr/projects/d/duanj-ai-in-medical-imaging/.share/conda-env/ml/lib/python3.7/site-packages/torch/autograd
copying build/lib.linux-ppc64le-3.7/torch/autograd/functional.py -> /castles/nr/projects/d/duanj-ai-in-medical-imaging/.share/conda-env/ml/lib/python3.7/site-packages/torch/autograd
copying build/lib.linux-ppc64le-3.7/torch/autograd/profiler.py -> /castles/nr/projects/d/duanj-ai-in-medical-imaging/.share/conda-env/ml/lib/python3.7/site-packages/torch/autograd
creating /castles/nr/projects/d/duanj-ai-in-medical-imaging/.share/conda-env/ml/lib/python3.7/site-packages/torch/nn
copying build/lib.linux-ppc64le-3.7/torch/nn/functional.pyi -> /castles/nr/projects/d/duanj-ai-in-medical-imaging/.share/conda-env/ml/lib/python3.7/site-packages/torch/nn
creating /castles/nr/projects/d/duanj-ai-in-medical-imaging/.share/conda-env/ml/lib/python3.7/site-packages/torch/nn/quantized
copying build/lib.linux-ppc64le-3.7/torch/nn/quantized/__init__.py -> /castles/nr/projects/d/duanj-ai-in-medical-imaging/.share/conda-env/ml/lib/python3.7/site-packages/torch/nn/quantized
creating /castles/nr/projects/d/duanj-ai-in-medical-imaging/.share/conda-env/ml/lib/python3.7/site-packages/torch/nn/quantized/dynamic
copying build/lib.linux-ppc64le-3.7/torch/nn/quantized/dynamic/__init__.py -> /castles/nr/projects/d/duanj-ai-in-medical-imaging/.share/conda-env/ml/lib/python3.7/site-packages/torch/nn/quantized/dynamic
creating /castles/nr/projects/d/duanj-ai-in-medical-imaging/.share/conda-env/ml/lib/python3.7/site-packages/torch/nn/quantized/dynamic/modules
copying build/lib.linux-ppc64le-3.7/torch/nn/quantized/dynamic/modules/__init__.py -> /castles/nr/projects/d/duanj-ai-in-medical-imaging/.share/conda-env/ml/lib/python3.7/site-packages/torch/nn/quantized/dynamic/modules
copying build/lib.linux-ppc64le-3.7/torch/nn/quantized/dynamic/modules/linear.py -> /castles/nr/projects/d/duanj-ai-in-medical-imaging/.share/conda-env/ml/lib/python3.7/site-packages/torch/nn/quantized/dynamic/modules
copying build/lib.linux-ppc64le-3.7/torch/nn/quantized/dynamic/modules/rnn.py -> /castles/nr/projects/d/duanj-ai-in-medical-imaging/.share/conda-env/ml/lib/python3.7/site-packages/torch/nn/quantized/dynamic/modules
creating /castles/nr/projects/d/duanj-ai-in-medical-imaging/.share/conda-env/ml/lib/python3.7/site-packages/torch/nn/quantized/modules
copying build/lib.linux-ppc64le-3.7/torch/nn/quantized/modules/activation.py -> /castles/nr/projects/d/duanj-ai-in-medical-imaging/.share/conda-env/ml/lib/python3.7/site-packages/torch/nn/quantized/modules
copying build/lib.linux-ppc64le-3.7/torch/nn/quantized/modules/__init__.py -> /castles/nr/projects/d/duanj-ai-in-medical-imaging/.share/conda-env/ml/lib/python3.7/site-packages/torch/nn/quantized/modules
copying build/lib.linux-ppc64le-3.7/torch/nn/quantized/modules/linear.py -> /castles/nr/projects/d/duanj-ai-in-medical-imaging/.share/conda-env/ml/lib/python3.7/site-packages/torch/nn/quantized/modules
copying build/lib.linux-ppc64le-3.7/torch/nn/quantized/modules/utils.py -> /castles/nr/projects/d/duanj-ai-in-medical-imaging/.share/conda-env/ml/lib/python3.7/site-packages/torch/nn/quantized/modules
copying build/lib.linux-ppc64le-3.7/torch/nn/quantized/modules/batchnorm.py -> /castles/nr/projects/d/duanj-ai-in-medical-imaging/.share/conda-env/ml/lib/python3.7/site-packages/torch/nn/quantized/modules
copying build/lib.linux-ppc64le-3.7/torch/nn/quantized/modules/functional_modules.py -> /castles/nr/projects/d/duanj-ai-in-medical-imaging/.share/conda-env/ml/lib/python3.7/site-packages/torch/nn/quantized/modules
copying build/lib.linux-ppc64le-3.7/torch/nn/quantized/modules/conv.py -> /castles/nr/projects/d/duanj-ai-in-medical-imaging/.share/conda-env/ml/lib/python3.7/site-packages/torch/nn/quantized/modules
copying build/lib.linux-ppc64le-3.7/torch/nn/quantized/modules/normalization.py -> /castles/nr/projects/d/duanj-ai-in-medical-imaging/.share/conda-env/ml/lib/python3.7/site-packages/torch/nn/quantized/modules
copying build/lib.linux-ppc64le-3.7/torch/nn/quantized/functional.py -> /castles/nr/projects/d/duanj-ai-in-medical-imaging/.share/conda-env/ml/lib/python3.7/site-packages/torch/nn/quantized
creating /castles/nr/projects/d/duanj-ai-in-medical-imaging/.share/conda-env/ml/lib/python3.7/site-packages/torch/nn/intrinsic
creating /castles/nr/projects/d/duanj-ai-in-medical-imaging/.share/conda-env/ml/lib/python3.7/site-packages/torch/nn/intrinsic/quantized
copying build/lib.linux-ppc64le-3.7/torch/nn/intrinsic/quantized/__init__.py -> /castles/nr/projects/d/duanj-ai-in-medical-imaging/.share/conda-env/ml/lib/python3.7/site-packages/torch/nn/intrinsic/quantized
creating /castles/nr/projects/d/duanj-ai-in-medical-imaging/.share/conda-env/ml/lib/python3.7/site-packages/torch/nn/intrinsic/quantized/modules
copying build/lib.linux-ppc64le-3.7/torch/nn/intrinsic/quantized/modules/__init__.py -> /castles/nr/projects/d/duanj-ai-in-medical-imaging/.share/conda-env/ml/lib/python3.7/site-packages/torch/nn/intrinsic/quantized/modules
copying build/lib.linux-ppc64le-3.7/torch/nn/intrinsic/quantized/modules/bn_relu.py -> /castles/nr/projects/d/duanj-ai-in-medical-imaging/.share/conda-env/ml/lib/python3.7/site-packages/torch/nn/intrinsic/quantized/modules
copying build/lib.linux-ppc64le-3.7/torch/nn/intrinsic/quantized/modules/conv_relu.py -> /castles/nr/projects/d/duanj-ai-in-medical-imaging/.share/conda-env/ml/lib/python3.7/site-packages/torch/nn/intrinsic/quantized/modules
copying build/lib.linux-ppc64le-3.7/torch/nn/intrinsic/quantized/modules/linear_relu.py -> /castles/nr/projects/d/duanj-ai-in-medical-imaging/.share/conda-env/ml/lib/python3.7/site-packages/torch/nn/intrinsic/quantized/modules
copying build/lib.linux-ppc64le-3.7/torch/nn/intrinsic/__init__.py -> /castles/nr/projects/d/duanj-ai-in-medical-imaging/.share/conda-env/ml/lib/python3.7/site-packages/torch/nn/intrinsic
creating /castles/nr/projects/d/duanj-ai-in-medical-imaging/.share/conda-env/ml/lib/python3.7/site-packages/torch/nn/intrinsic/modules
copying build/lib.linux-ppc64le-3.7/torch/nn/intrinsic/modules/fused.py -> /castles/nr/projects/d/duanj-ai-in-medical-imaging/.share/conda-env/ml/lib/python3.7/site-packages/torch/nn/intrinsic/modules
copying build/lib.linux-ppc64le-3.7/torch/nn/intrinsic/modules/__init__.py -> /castles/nr/projects/d/duanj-ai-in-medical-imaging/.share/conda-env/ml/lib/python3.7/site-packages/torch/nn/intrinsic/modules
creating /castles/nr/projects/d/duanj-ai-in-medical-imaging/.share/conda-env/ml/lib/python3.7/site-packages/torch/nn/intrinsic/qat
copying build/lib.linux-ppc64le-3.7/torch/nn/intrinsic/qat/__init__.py -> /castles/nr/projects/d/duanj-ai-in-medical-imaging/.share/conda-env/ml/lib/python3.7/site-packages/torch/nn/intrinsic/qat
creating /castles/nr/projects/d/duanj-ai-in-medical-imaging/.share/conda-env/ml/lib/python3.7/site-packages/torch/nn/intrinsic/qat/modules
copying build/lib.linux-ppc64le-3.7/torch/nn/intrinsic/qat/modules/__init__.py -> /castles/nr/projects/d/duanj-ai-in-medical-imaging/.share/conda-env/ml/lib/python3.7/site-packages/torch/nn/intrinsic/qat/modules
copying build/lib.linux-ppc64le-3.7/torch/nn/intrinsic/qat/modules/conv_fused.py -> /castles/nr/projects/d/duanj-ai-in-medical-imaging/.share/conda-env/ml/lib/python3.7/site-packages/torch/nn/intrinsic/qat/modules
copying build/lib.linux-ppc64le-3.7/torch/nn/intrinsic/qat/modules/linear_relu.py -> /castles/nr/projects/d/duanj-ai-in-medical-imaging/.share/conda-env/ml/lib/python3.7/site-packages/torch/nn/intrinsic/qat/modules
copying build/lib.linux-ppc64le-3.7/torch/nn/__init__.py -> /castles/nr/projects/d/duanj-ai-in-medical-imaging/.share/conda-env/ml/lib/python3.7/site-packages/torch/nn
creating /castles/nr/projects/d/duanj-ai-in-medical-imaging/.share/conda-env/ml/lib/python3.7/site-packages/torch/nn/utils
copying build/lib.linux-ppc64le-3.7/torch/nn/utils/prune.py -> /castles/nr/projects/d/duanj-ai-in-medical-imaging/.share/conda-env/ml/lib/python3.7/site-packages/torch/nn/utils
copying build/lib.linux-ppc64le-3.7/torch/nn/utils/convert_parameters.py -> /castles/nr/projects/d/duanj-ai-in-medical-imaging/.share/conda-env/ml/lib/python3.7/site-packages/torch/nn/utils
copying build/lib.linux-ppc64le-3.7/torch/nn/utils/__init__.py -> /castles/nr/projects/d/duanj-ai-in-medical-imaging/.share/conda-env/ml/lib/python3.7/site-packages/torch/nn/utils
copying build/lib.linux-ppc64le-3.7/torch/nn/utils/rnn.py -> /castles/nr/projects/d/duanj-ai-in-medical-imaging/.share/conda-env/ml/lib/python3.7/site-packages/torch/nn/utils
copying build/lib.linux-ppc64le-3.7/torch/nn/utils/clip_grad.py -> /castles/nr/projects/d/duanj-ai-in-medical-imaging/.share/conda-env/ml/lib/python3.7/site-packages/torch/nn/utils
copying build/lib.linux-ppc64le-3.7/torch/nn/utils/weight_norm.py -> /castles/nr/projects/d/duanj-ai-in-medical-imaging/.share/conda-env/ml/lib/python3.7/site-packages/torch/nn/utils
copying build/lib.linux-ppc64le-3.7/torch/nn/utils/fusion.py -> /castles/nr/projects/d/duanj-ai-in-medical-imaging/.share/conda-env/ml/lib/python3.7/site-packages/torch/nn/utils
copying build/lib.linux-ppc64le-3.7/torch/nn/utils/spectral_norm.py -> /castles/nr/projects/d/duanj-ai-in-medical-imaging/.share/conda-env/ml/lib/python3.7/site-packages/torch/nn/utils
copying build/lib.linux-ppc64le-3.7/torch/nn/utils/memory_format.py -> /castles/nr/projects/d/duanj-ai-in-medical-imaging/.share/conda-env/ml/lib/python3.7/site-packages/torch/nn/utils
copying build/lib.linux-ppc64le-3.7/torch/nn/common_types.py -> /castles/nr/projects/d/duanj-ai-in-medical-imaging/.share/conda-env/ml/lib/python3.7/site-packages/torch/nn
copying build/lib.linux-ppc64le-3.7/torch/nn/__init__.pyi -> /castles/nr/projects/d/duanj-ai-in-medical-imaging/.share/conda-env/ml/lib/python3.7/site-packages/torch/nn
creating /castles/nr/projects/d/duanj-ai-in-medical-imaging/.share/conda-env/ml/lib/python3.7/site-packages/torch/nn/backends
copying build/lib.linux-ppc64le-3.7/torch/nn/backends/__init__.py -> /castles/nr/projects/d/duanj-ai-in-medical-imaging/.share/conda-env/ml/lib/python3.7/site-packages/torch/nn/backends
copying build/lib.linux-ppc64le-3.7/torch/nn/backends/thnn.py -> /castles/nr/projects/d/duanj-ai-in-medical-imaging/.share/conda-env/ml/lib/python3.7/site-packages/torch/nn/backends
copying build/lib.linux-ppc64le-3.7/torch/nn/parameter.pyi -> /castles/nr/projects/d/duanj-ai-in-medical-imaging/.share/conda-env/ml/lib/python3.7/site-packages/torch/nn
copying build/lib.linux-ppc64le-3.7/torch/nn/cpp.py -> /castles/nr/projects/d/duanj-ai-in-medical-imaging/.share/conda-env/ml/lib/python3.7/site-packages/torch/nn
copying build/lib.linux-ppc64le-3.7/torch/nn/grad.py -> /castles/nr/projects/d/duanj-ai-in-medical-imaging/.share/conda-env/ml/lib/python3.7/site-packages/torch/nn
copying build/lib.linux-ppc64le-3.7/torch/nn/parameter.py -> /castles/nr/projects/d/duanj-ai-in-medical-imaging/.share/conda-env/ml/lib/python3.7/site-packages/torch/nn
copying build/lib.linux-ppc64le-3.7/torch/nn/_reduction.py -> /castles/nr/projects/d/duanj-ai-in-medical-imaging/.share/conda-env/ml/lib/python3.7/site-packages/torch/nn
creating /castles/nr/projects/d/duanj-ai-in-medical-imaging/.share/conda-env/ml/lib/python3.7/site-packages/torch/nn/parallel
copying build/lib.linux-ppc64le-3.7/torch/nn/parallel/comm.py -> /castles/nr/projects/d/duanj-ai-in-medical-imaging/.share/conda-env/ml/lib/python3.7/site-packages/torch/nn/parallel
copying build/lib.linux-ppc64le-3.7/torch/nn/parallel/data_parallel.pyi -> /castles/nr/projects/d/duanj-ai-in-medical-imaging/.share/conda-env/ml/lib/python3.7/site-packages/torch/nn/parallel
copying build/lib.linux-ppc64le-3.7/torch/nn/parallel/scatter_gather.pyi -> /castles/nr/projects/d/duanj-ai-in-medical-imaging/.share/conda-env/ml/lib/python3.7/site-packages/torch/nn/parallel
copying build/lib.linux-ppc64le-3.7/torch/nn/parallel/common_types.pyi -> /castles/nr/projects/d/duanj-ai-in-medical-imaging/.share/conda-env/ml/lib/python3.7/site-packages/torch/nn/parallel
copying build/lib.linux-ppc64le-3.7/torch/nn/parallel/parallel_apply.pyi -> /castles/nr/projects/d/duanj-ai-in-medical-imaging/.share/conda-env/ml/lib/python3.7/site-packages/torch/nn/parallel
copying build/lib.linux-ppc64le-3.7/torch/nn/parallel/__init__.py -> /castles/nr/projects/d/duanj-ai-in-medical-imaging/.share/conda-env/ml/lib/python3.7/site-packages/torch/nn/parallel
copying build/lib.linux-ppc64le-3.7/torch/nn/parallel/__init__.pyi -> /castles/nr/projects/d/duanj-ai-in-medical-imaging/.share/conda-env/ml/lib/python3.7/site-packages/torch/nn/parallel
copying build/lib.linux-ppc64le-3.7/torch/nn/parallel/_functions.py -> /castles/nr/projects/d/duanj-ai-in-medical-imaging/.share/conda-env/ml/lib/python3.7/site-packages/torch/nn/parallel
copying build/lib.linux-ppc64le-3.7/torch/nn/parallel/replicate.pyi -> /castles/nr/projects/d/duanj-ai-in-medical-imaging/.share/conda-env/ml/lib/python3.7/site-packages/torch/nn/parallel
copying build/lib.linux-ppc64le-3.7/torch/nn/parallel/replicate.py -> /castles/nr/projects/d/duanj-ai-in-medical-imaging/.share/conda-env/ml/lib/python3.7/site-packages/torch/nn/parallel
copying build/lib.linux-ppc64le-3.7/torch/nn/parallel/distributed.pyi -> /castles/nr/projects/d/duanj-ai-in-medical-imaging/.share/conda-env/ml/lib/python3.7/site-packages/torch/nn/parallel
copying build/lib.linux-ppc64le-3.7/torch/nn/parallel/distributed.py -> /castles/nr/projects/d/duanj-ai-in-medical-imaging/.share/conda-env/ml/lib/python3.7/site-packages/torch/nn/parallel
copying build/lib.linux-ppc64le-3.7/torch/nn/parallel/data_parallel.py -> /castles/nr/projects/d/duanj-ai-in-medical-imaging/.share/conda-env/ml/lib/python3.7/site-packages/torch/nn/parallel
copying build/lib.linux-ppc64le-3.7/torch/nn/parallel/parallel_apply.py -> /castles/nr/projects/d/duanj-ai-in-medical-imaging/.share/conda-env/ml/lib/python3.7/site-packages/torch/nn/parallel
copying build/lib.linux-ppc64le-3.7/torch/nn/parallel/scatter_gather.py -> /castles/nr/projects/d/duanj-ai-in-medical-imaging/.share/conda-env/ml/lib/python3.7/site-packages/torch/nn/parallel
copying build/lib.linux-ppc64le-3.7/torch/nn/init.py -> /castles/nr/projects/d/duanj-ai-in-medical-imaging/.share/conda-env/ml/lib/python3.7/site-packages/torch/nn
creating /castles/nr/projects/d/duanj-ai-in-medical-imaging/.share/conda-env/ml/lib/python3.7/site-packages/torch/nn/modules
copying build/lib.linux-ppc64le-3.7/torch/nn/modules/sparse.py -> /castles/nr/projects/d/duanj-ai-in-medical-imaging/.share/conda-env/ml/lib/python3.7/site-packages/torch/nn/modules
copying build/lib.linux-ppc64le-3.7/torch/nn/modules/instancenorm.py -> /castles/nr/projects/d/duanj-ai-in-medical-imaging/.share/conda-env/ml/lib/python3.7/site-packages/torch/nn/modules
copying build/lib.linux-ppc64le-3.7/torch/nn/modules/module.py -> /castles/nr/projects/d/duanj-ai-in-medical-imaging/.share/conda-env/ml/lib/python3.7/site-packages/torch/nn/modules
copying build/lib.linux-ppc64le-3.7/torch/nn/modules/activation.py -> /castles/nr/projects/d/duanj-ai-in-medical-imaging/.share/conda-env/ml/lib/python3.7/site-packages/torch/nn/modules
copying build/lib.linux-ppc64le-3.7/torch/nn/modules/__init__.py -> /castles/nr/projects/d/duanj-ai-in-medical-imaging/.share/conda-env/ml/lib/python3.7/site-packages/torch/nn/modules
copying build/lib.linux-ppc64le-3.7/torch/nn/modules/linear.py -> /castles/nr/projects/d/duanj-ai-in-medical-imaging/.share/conda-env/ml/lib/python3.7/site-packages/torch/nn/modules
copying build/lib.linux-ppc64le-3.7/torch/nn/modules/fold.py -> /castles/nr/projects/d/duanj-ai-in-medical-imaging/.share/conda-env/ml/lib/python3.7/site-packages/torch/nn/modules
copying build/lib.linux-ppc64le-3.7/torch/nn/modules/utils.py -> /castles/nr/projects/d/duanj-ai-in-medical-imaging/.share/conda-env/ml/lib/python3.7/site-packages/torch/nn/modules
copying build/lib.linux-ppc64le-3.7/torch/nn/modules/channelshuffle.py -> /castles/nr/projects/d/duanj-ai-in-medical-imaging/.share/conda-env/ml/lib/python3.7/site-packages/torch/nn/modules
copying build/lib.linux-ppc64le-3.7/torch/nn/modules/batchnorm.py -> /castles/nr/projects/d/duanj-ai-in-medical-imaging/.share/conda-env/ml/lib/python3.7/site-packages/torch/nn/modules
copying build/lib.linux-ppc64le-3.7/torch/nn/modules/padding.py -> /castles/nr/projects/d/duanj-ai-in-medical-imaging/.share/conda-env/ml/lib/python3.7/site-packages/torch/nn/modules
copying build/lib.linux-ppc64le-3.7/torch/nn/modules/loss.py -> /castles/nr/projects/d/duanj-ai-in-medical-imaging/.share/conda-env/ml/lib/python3.7/site-packages/torch/nn/modules
copying build/lib.linux-ppc64le-3.7/torch/nn/modules/_functions.py -> /castles/nr/projects/d/duanj-ai-in-medical-imaging/.share/conda-env/ml/lib/python3.7/site-packages/torch/nn/modules
copying build/lib.linux-ppc64le-3.7/torch/nn/modules/pixelshuffle.py -> /castles/nr/projects/d/duanj-ai-in-medical-imaging/.share/conda-env/ml/lib/python3.7/site-packages/torch/nn/modules
copying build/lib.linux-ppc64le-3.7/torch/nn/modules/transformer.py -> /castles/nr/projects/d/duanj-ai-in-medical-imaging/.share/conda-env/ml/lib/python3.7/site-packages/torch/nn/modules
copying build/lib.linux-ppc64le-3.7/torch/nn/modules/conv.py -> /castles/nr/projects/d/duanj-ai-in-medical-imaging/.share/conda-env/ml/lib/python3.7/site-packages/torch/nn/modules
copying build/lib.linux-ppc64le-3.7/torch/nn/modules/rnn.py -> /castles/nr/projects/d/duanj-ai-in-medical-imaging/.share/conda-env/ml/lib/python3.7/site-packages/torch/nn/modules
copying build/lib.linux-ppc64le-3.7/torch/nn/modules/container.py -> /castles/nr/projects/d/duanj-ai-in-medical-imaging/.share/conda-env/ml/lib/python3.7/site-packages/torch/nn/modules
copying build/lib.linux-ppc64le-3.7/torch/nn/modules/distance.py -> /castles/nr/projects/d/duanj-ai-in-medical-imaging/.share/conda-env/ml/lib/python3.7/site-packages/torch/nn/modules
copying build/lib.linux-ppc64le-3.7/torch/nn/modules/dropout.py -> /castles/nr/projects/d/duanj-ai-in-medical-imaging/.share/conda-env/ml/lib/python3.7/site-packages/torch/nn/modules
copying build/lib.linux-ppc64le-3.7/torch/nn/modules/pooling.py -> /castles/nr/projects/d/duanj-ai-in-medical-imaging/.share/conda-env/ml/lib/python3.7/site-packages/torch/nn/modules
copying build/lib.linux-ppc64le-3.7/torch/nn/modules/adaptive.py -> /castles/nr/projects/d/duanj-ai-in-medical-imaging/.share/conda-env/ml/lib/python3.7/site-packages/torch/nn/modules
copying build/lib.linux-ppc64le-3.7/torch/nn/modules/upsampling.py -> /castles/nr/projects/d/duanj-ai-in-medical-imaging/.share/conda-env/ml/lib/python3.7/site-packages/torch/nn/modules
copying build/lib.linux-ppc64le-3.7/torch/nn/modules/normalization.py -> /castles/nr/projects/d/duanj-ai-in-medical-imaging/.share/conda-env/ml/lib/python3.7/site-packages/torch/nn/modules
copying build/lib.linux-ppc64le-3.7/torch/nn/modules/flatten.py -> /castles/nr/projects/d/duanj-ai-in-medical-imaging/.share/conda-env/ml/lib/python3.7/site-packages/torch/nn/modules
creating /castles/nr/projects/d/duanj-ai-in-medical-imaging/.share/conda-env/ml/lib/python3.7/site-packages/torch/nn/qat
copying build/lib.linux-ppc64le-3.7/torch/nn/qat/__init__.py -> /castles/nr/projects/d/duanj-ai-in-medical-imaging/.share/conda-env/ml/lib/python3.7/site-packages/torch/nn/qat
creating /castles/nr/projects/d/duanj-ai-in-medical-imaging/.share/conda-env/ml/lib/python3.7/site-packages/torch/nn/qat/modules
copying build/lib.linux-ppc64le-3.7/torch/nn/qat/modules/__init__.py -> /castles/nr/projects/d/duanj-ai-in-medical-imaging/.share/conda-env/ml/lib/python3.7/site-packages/torch/nn/qat/modules
copying build/lib.linux-ppc64le-3.7/torch/nn/qat/modules/linear.py -> /castles/nr/projects/d/duanj-ai-in-medical-imaging/.share/conda-env/ml/lib/python3.7/site-packages/torch/nn/qat/modules
copying build/lib.linux-ppc64le-3.7/torch/nn/qat/modules/conv.py -> /castles/nr/projects/d/duanj-ai-in-medical-imaging/.share/conda-env/ml/lib/python3.7/site-packages/torch/nn/qat/modules
copying build/lib.linux-ppc64le-3.7/torch/nn/functional.py -> /castles/nr/projects/d/duanj-ai-in-medical-imaging/.share/conda-env/ml/lib/python3.7/site-packages/torch/nn
creating /castles/nr/projects/d/duanj-ai-in-medical-imaging/.share/conda-env/ml/lib/python3.7/site-packages/torch/quantization
copying build/lib.linux-ppc64le-3.7/torch/quantization/_learnable_fake_quantize.py -> /castles/nr/projects/d/duanj-ai-in-medical-imaging/.share/conda-env/ml/lib/python3.7/site-packages/torch/quantization
copying build/lib.linux-ppc64le-3.7/torch/quantization/qconfig.py -> /castles/nr/projects/d/duanj-ai-in-medical-imaging/.share/conda-env/ml/lib/python3.7/site-packages/torch/quantization
copying build/lib.linux-ppc64le-3.7/torch/quantization/quantize.py -> /castles/nr/projects/d/duanj-ai-in-medical-imaging/.share/conda-env/ml/lib/python3.7/site-packages/torch/quantization
copying build/lib.linux-ppc64le-3.7/torch/quantization/default_mappings.py -> /castles/nr/projects/d/duanj-ai-in-medical-imaging/.share/conda-env/ml/lib/python3.7/site-packages/torch/quantization
copying build/lib.linux-ppc64le-3.7/torch/quantization/__init__.py -> /castles/nr/projects/d/duanj-ai-in-medical-imaging/.share/conda-env/ml/lib/python3.7/site-packages/torch/quantization
copying build/lib.linux-ppc64le-3.7/torch/quantization/_equalize.py -> /castles/nr/projects/d/duanj-ai-in-medical-imaging/.share/conda-env/ml/lib/python3.7/site-packages/torch/quantization
copying build/lib.linux-ppc64le-3.7/torch/quantization/_numeric_suite.py -> /castles/nr/projects/d/duanj-ai-in-medical-imaging/.share/conda-env/ml/lib/python3.7/site-packages/torch/quantization
copying build/lib.linux-ppc64le-3.7/torch/quantization/stubs.py -> /castles/nr/projects/d/duanj-ai-in-medical-imaging/.share/conda-env/ml/lib/python3.7/site-packages/torch/quantization
copying build/lib.linux-ppc64le-3.7/torch/quantization/fuse_modules.py -> /castles/nr/projects/d/duanj-ai-in-medical-imaging/.share/conda-env/ml/lib/python3.7/site-packages/torch/quantization
copying build/lib.linux-ppc64le-3.7/torch/quantization/observer.py -> /castles/nr/projects/d/duanj-ai-in-medical-imaging/.share/conda-env/ml/lib/python3.7/site-packages/torch/quantization
copying build/lib.linux-ppc64le-3.7/torch/quantization/quantize_jit.py -> /castles/nr/projects/d/duanj-ai-in-medical-imaging/.share/conda-env/ml/lib/python3.7/site-packages/torch/quantization
copying build/lib.linux-ppc64le-3.7/torch/quantization/fake_quantize.py -> /castles/nr/projects/d/duanj-ai-in-medical-imaging/.share/conda-env/ml/lib/python3.7/site-packages/torch/quantization
copying build/lib.linux-ppc64le-3.7/torch/__init__.py -> /castles/nr/projects/d/duanj-ai-in-medical-imaging/.share/conda-env/ml/lib/python3.7/site-packages/torch
creating /castles/nr/projects/d/duanj-ai-in-medical-imaging/.share/conda-env/ml/lib/python3.7/site-packages/torch/utils
creating /castles/nr/projects/d/duanj-ai-in-medical-imaging/.share/conda-env/ml/lib/python3.7/site-packages/torch/utils/backcompat
copying build/lib.linux-ppc64le-3.7/torch/utils/backcompat/__init__.py -> /castles/nr/projects/d/duanj-ai-in-medical-imaging/.share/conda-env/ml/lib/python3.7/site-packages/torch/utils/backcompat
copying build/lib.linux-ppc64le-3.7/torch/utils/mkldnn.py -> /castles/nr/projects/d/duanj-ai-in-medical-imaging/.share/conda-env/ml/lib/python3.7/site-packages/torch/utils
copying build/lib.linux-ppc64le-3.7/torch/utils/model_zoo.py -> /castles/nr/projects/d/duanj-ai-in-medical-imaging/.share/conda-env/ml/lib/python3.7/site-packages/torch/utils
copying build/lib.linux-ppc64le-3.7/torch/utils/bundled_inputs.py -> /castles/nr/projects/d/duanj-ai-in-medical-imaging/.share/conda-env/ml/lib/python3.7/site-packages/torch/utils
creating /castles/nr/projects/d/duanj-ai-in-medical-imaging/.share/conda-env/ml/lib/python3.7/site-packages/torch/utils/_benchmark
copying build/lib.linux-ppc64le-3.7/torch/utils/_benchmark/__init__.py -> /castles/nr/projects/d/duanj-ai-in-medical-imaging/.share/conda-env/ml/lib/python3.7/site-packages/torch/utils/_benchmark
creating /castles/nr/projects/d/duanj-ai-in-medical-imaging/.share/conda-env/ml/lib/python3.7/site-packages/torch/utils/_benchmark/utils
copying build/lib.linux-ppc64le-3.7/torch/utils/_benchmark/utils/fuzzer.py -> /castles/nr/projects/d/duanj-ai-in-medical-imaging/.share/conda-env/ml/lib/python3.7/site-packages/torch/utils/_benchmark/utils
copying build/lib.linux-ppc64le-3.7/torch/utils/_benchmark/utils/__init__.py -> /castles/nr/projects/d/duanj-ai-in-medical-imaging/.share/conda-env/ml/lib/python3.7/site-packages/torch/utils/_benchmark/utils
copying build/lib.linux-ppc64le-3.7/torch/utils/_benchmark/utils/timer.py -> /castles/nr/projects/d/duanj-ai-in-medical-imaging/.share/conda-env/ml/lib/python3.7/site-packages/torch/utils/_benchmark/utils
copying build/lib.linux-ppc64le-3.7/torch/utils/_benchmark/utils/common.py -> /castles/nr/projects/d/duanj-ai-in-medical-imaging/.share/conda-env/ml/lib/python3.7/site-packages/torch/utils/_benchmark/utils
copying build/lib.linux-ppc64le-3.7/torch/utils/_benchmark/utils/compare.py -> /castles/nr/projects/d/duanj-ai-in-medical-imaging/.share/conda-env/ml/lib/python3.7/site-packages/torch/utils/_benchmark/utils
creating /castles/nr/projects/d/duanj-ai-in-medical-imaging/.share/conda-env/ml/lib/python3.7/site-packages/torch/utils/_benchmark/op_fuzzers
copying build/lib.linux-ppc64le-3.7/torch/utils/_benchmark/op_fuzzers/unary.py -> /castles/nr/projects/d/duanj-ai-in-medical-imaging/.share/conda-env/ml/lib/python3.7/site-packages/torch/utils/_benchmark/op_fuzzers
copying build/lib.linux-ppc64le-3.7/torch/utils/_benchmark/op_fuzzers/__init__.py -> /castles/nr/projects/d/duanj-ai-in-medical-imaging/.share/conda-env/ml/lib/python3.7/site-packages/torch/utils/_benchmark/op_fuzzers
copying build/lib.linux-ppc64le-3.7/torch/utils/_benchmark/op_fuzzers/binary.py -> /castles/nr/projects/d/duanj-ai-in-medical-imaging/.share/conda-env/ml/lib/python3.7/site-packages/torch/utils/_benchmark/op_fuzzers
copying build/lib.linux-ppc64le-3.7/torch/utils/file_baton.py -> /castles/nr/projects/d/duanj-ai-in-medical-imaging/.share/conda-env/ml/lib/python3.7/site-packages/torch/utils
copying build/lib.linux-ppc64le-3.7/torch/utils/cpp_extension.py -> /castles/nr/projects/d/duanj-ai-in-medical-imaging/.share/conda-env/ml/lib/python3.7/site-packages/torch/utils
copying build/lib.linux-ppc64le-3.7/torch/utils/__init__.py -> /castles/nr/projects/d/duanj-ai-in-medical-imaging/.share/conda-env/ml/lib/python3.7/site-packages/torch/utils
copying build/lib.linux-ppc64le-3.7/torch/utils/checkpoint.py -> /castles/nr/projects/d/duanj-ai-in-medical-imaging/.share/conda-env/ml/lib/python3.7/site-packages/torch/utils
creating /castles/nr/projects/d/duanj-ai-in-medical-imaging/.share/conda-env/ml/lib/python3.7/site-packages/torch/utils/bottleneck
copying build/lib.linux-ppc64le-3.7/torch/utils/bottleneck/__init__.py -> /castles/nr/projects/d/duanj-ai-in-medical-imaging/.share/conda-env/ml/lib/python3.7/site-packages/torch/utils/bottleneck
copying build/lib.linux-ppc64le-3.7/torch/utils/bottleneck/__main__.py -> /castles/nr/projects/d/duanj-ai-in-medical-imaging/.share/conda-env/ml/lib/python3.7/site-packages/torch/utils/bottleneck
creating /castles/nr/projects/d/duanj-ai-in-medical-imaging/.share/conda-env/ml/lib/python3.7/site-packages/torch/utils/hipify
copying build/lib.linux-ppc64le-3.7/torch/utils/hipify/cuda_to_hip_mappings.py -> /castles/nr/projects/d/duanj-ai-in-medical-imaging/.share/conda-env/ml/lib/python3.7/site-packages/torch/utils/hipify
copying build/lib.linux-ppc64le-3.7/torch/utils/hipify/hipify_python.py -> /castles/nr/projects/d/duanj-ai-in-medical-imaging/.share/conda-env/ml/lib/python3.7/site-packages/torch/utils/hipify
copying build/lib.linux-ppc64le-3.7/torch/utils/hipify/__init__.py -> /castles/nr/projects/d/duanj-ai-in-medical-imaging/.share/conda-env/ml/lib/python3.7/site-packages/torch/utils/hipify
copying build/lib.linux-ppc64le-3.7/torch/utils/hipify/constants.py -> /castles/nr/projects/d/duanj-ai-in-medical-imaging/.share/conda-env/ml/lib/python3.7/site-packages/torch/utils/hipify
copying build/lib.linux-ppc64le-3.7/torch/utils/_cpp_extension_versioner.py -> /castles/nr/projects/d/duanj-ai-in-medical-imaging/.share/conda-env/ml/lib/python3.7/site-packages/torch/utils
copying build/lib.linux-ppc64le-3.7/torch/utils/collect_env.py -> /castles/nr/projects/d/duanj-ai-in-medical-imaging/.share/conda-env/ml/lib/python3.7/site-packages/torch/utils
creating /castles/nr/projects/d/duanj-ai-in-medical-imaging/.share/conda-env/ml/lib/python3.7/site-packages/torch/utils/tensorboard
copying build/lib.linux-ppc64le-3.7/torch/utils/tensorboard/_onnx_graph.py -> /castles/nr/projects/d/duanj-ai-in-medical-imaging/.share/conda-env/ml/lib/python3.7/site-packages/torch/utils/tensorboard
copying build/lib.linux-ppc64le-3.7/torch/utils/tensorboard/_utils.py -> /castles/nr/projects/d/duanj-ai-in-medical-imaging/.share/conda-env/ml/lib/python3.7/site-packages/torch/utils/tensorboard
copying build/lib.linux-ppc64le-3.7/torch/utils/tensorboard/_proto_graph.py -> /castles/nr/projects/d/duanj-ai-in-medical-imaging/.share/conda-env/ml/lib/python3.7/site-packages/torch/utils/tensorboard
copying build/lib.linux-ppc64le-3.7/torch/utils/tensorboard/__init__.py -> /castles/nr/projects/d/duanj-ai-in-medical-imaging/.share/conda-env/ml/lib/python3.7/site-packages/torch/utils/tensorboard
copying build/lib.linux-ppc64le-3.7/torch/utils/tensorboard/_embedding.py -> /castles/nr/projects/d/duanj-ai-in-medical-imaging/.share/conda-env/ml/lib/python3.7/site-packages/torch/utils/tensorboard
copying build/lib.linux-ppc64le-3.7/torch/utils/tensorboard/_convert_np.py -> /castles/nr/projects/d/duanj-ai-in-medical-imaging/.share/conda-env/ml/lib/python3.7/site-packages/torch/utils/tensorboard
copying build/lib.linux-ppc64le-3.7/torch/utils/tensorboard/_caffe2_graph.py -> /castles/nr/projects/d/duanj-ai-in-medical-imaging/.share/conda-env/ml/lib/python3.7/site-packages/torch/utils/tensorboard
copying build/lib.linux-ppc64le-3.7/torch/utils/tensorboard/summary.py -> /castles/nr/projects/d/duanj-ai-in-medical-imaging/.share/conda-env/ml/lib/python3.7/site-packages/torch/utils/tensorboard
copying build/lib.linux-ppc64le-3.7/torch/utils/tensorboard/_pytorch_graph.py -> /castles/nr/projects/d/duanj-ai-in-medical-imaging/.share/conda-env/ml/lib/python3.7/site-packages/torch/utils/tensorboard
copying build/lib.linux-ppc64le-3.7/torch/utils/tensorboard/writer.py -> /castles/nr/projects/d/duanj-ai-in-medical-imaging/.share/conda-env/ml/lib/python3.7/site-packages/torch/utils/tensorboard
copying build/lib.linux-ppc64le-3.7/torch/utils/show_pickle.py -> /castles/nr/projects/d/duanj-ai-in-medical-imaging/.share/conda-env/ml/lib/python3.7/site-packages/torch/utils
creating /castles/nr/projects/d/duanj-ai-in-medical-imaging/.share/conda-env/ml/lib/python3.7/site-packages/torch/utils/data
copying build/lib.linux-ppc64le-3.7/torch/utils/data/dataloader.py -> /castles/nr/projects/d/duanj-ai-in-medical-imaging/.share/conda-env/ml/lib/python3.7/site-packages/torch/utils/data
copying build/lib.linux-ppc64le-3.7/torch/utils/data/__init__.py -> /castles/nr/projects/d/duanj-ai-in-medical-imaging/.share/conda-env/ml/lib/python3.7/site-packages/torch/utils/data
copying build/lib.linux-ppc64le-3.7/torch/utils/data/__init__.pyi -> /castles/nr/projects/d/duanj-ai-in-medical-imaging/.share/conda-env/ml/lib/python3.7/site-packages/torch/utils/data
copying build/lib.linux-ppc64le-3.7/torch/utils/data/sampler.py -> /castles/nr/projects/d/duanj-ai-in-medical-imaging/.share/conda-env/ml/lib/python3.7/site-packages/torch/utils/data
copying build/lib.linux-ppc64le-3.7/torch/utils/data/distributed.pyi -> /castles/nr/projects/d/duanj-ai-in-medical-imaging/.share/conda-env/ml/lib/python3.7/site-packages/torch/utils/data
copying build/lib.linux-ppc64le-3.7/torch/utils/data/distributed.py -> /castles/nr/projects/d/duanj-ai-in-medical-imaging/.share/conda-env/ml/lib/python3.7/site-packages/torch/utils/data
creating /castles/nr/projects/d/duanj-ai-in-medical-imaging/.share/conda-env/ml/lib/python3.7/site-packages/torch/utils/data/_utils
copying build/lib.linux-ppc64le-3.7/torch/utils/data/_utils/signal_handling.py -> /castles/nr/projects/d/duanj-ai-in-medical-imaging/.share/conda-env/ml/lib/python3.7/site-packages/torch/utils/data/_utils
copying build/lib.linux-ppc64le-3.7/torch/utils/data/_utils/worker.py -> /castles/nr/projects/d/duanj-ai-in-medical-imaging/.share/conda-env/ml/lib/python3.7/site-packages/torch/utils/data/_utils
copying build/lib.linux-ppc64le-3.7/torch/utils/data/_utils/__init__.py -> /castles/nr/projects/d/duanj-ai-in-medical-imaging/.share/conda-env/ml/lib/python3.7/site-packages/torch/utils/data/_utils
copying build/lib.linux-ppc64le-3.7/torch/utils/data/_utils/pin_memory.py -> /castles/nr/projects/d/duanj-ai-in-medical-imaging/.share/conda-env/ml/lib/python3.7/site-packages/torch/utils/data/_utils
copying build/lib.linux-ppc64le-3.7/torch/utils/data/_utils/fetch.py -> /castles/nr/projects/d/duanj-ai-in-medical-imaging/.share/conda-env/ml/lib/python3.7/site-packages/torch/utils/data/_utils
copying build/lib.linux-ppc64le-3.7/torch/utils/data/_utils/collate.py -> /castles/nr/projects/d/duanj-ai-in-medical-imaging/.share/conda-env/ml/lib/python3.7/site-packages/torch/utils/data/_utils
copying build/lib.linux-ppc64le-3.7/torch/utils/data/dataset.py -> /castles/nr/projects/d/duanj-ai-in-medical-imaging/.share/conda-env/ml/lib/python3.7/site-packages/torch/utils/data
copying build/lib.linux-ppc64le-3.7/torch/utils/mobile_optimizer.py -> /castles/nr/projects/d/duanj-ai-in-medical-imaging/.share/conda-env/ml/lib/python3.7/site-packages/torch/utils
creating /castles/nr/projects/d/duanj-ai-in-medical-imaging/.share/conda-env/ml/lib/python3.7/site-packages/torch/utils/ffi
copying build/lib.linux-ppc64le-3.7/torch/utils/ffi/__init__.py -> /castles/nr/projects/d/duanj-ai-in-medical-imaging/.share/conda-env/ml/lib/python3.7/site-packages/torch/utils/ffi
copying build/lib.linux-ppc64le-3.7/torch/utils/throughput_benchmark.py -> /castles/nr/projects/d/duanj-ai-in-medical-imaging/.share/conda-env/ml/lib/python3.7/site-packages/torch/utils
copying build/lib.linux-ppc64le-3.7/torch/utils/dlpack.py -> /castles/nr/projects/d/duanj-ai-in-medical-imaging/.share/conda-env/ml/lib/python3.7/site-packages/torch/utils
copying build/lib.linux-ppc64le-3.7/torch/utils/hooks.py -> /castles/nr/projects/d/duanj-ai-in-medical-imaging/.share/conda-env/ml/lib/python3.7/site-packages/torch/utils
copying build/lib.linux-ppc64le-3.7/torch/hub.py -> /castles/nr/projects/d/duanj-ai-in-medical-imaging/.share/conda-env/ml/lib/python3.7/site-packages/torch
creating /castles/nr/projects/d/duanj-ai-in-medical-imaging/.share/conda-env/ml/lib/python3.7/site-packages/torch/jit
copying build/lib.linux-ppc64le-3.7/torch/jit/_recursive.py -> /castles/nr/projects/d/duanj-ai-in-medical-imaging/.share/conda-env/ml/lib/python3.7/site-packages/torch/jit
copying build/lib.linux-ppc64le-3.7/torch/jit/supported_ops.py -> /castles/nr/projects/d/duanj-ai-in-medical-imaging/.share/conda-env/ml/lib/python3.7/site-packages/torch/jit
copying build/lib.linux-ppc64le-3.7/torch/jit/quantized.py -> /castles/nr/projects/d/duanj-ai-in-medical-imaging/.share/conda-env/ml/lib/python3.7/site-packages/torch/jit
copying build/lib.linux-ppc64le-3.7/torch/jit/_logging.py -> /castles/nr/projects/d/duanj-ai-in-medical-imaging/.share/conda-env/ml/lib/python3.7/site-packages/torch/jit
copying build/lib.linux-ppc64le-3.7/torch/jit/_state.py -> /castles/nr/projects/d/duanj-ai-in-medical-imaging/.share/conda-env/ml/lib/python3.7/site-packages/torch/jit
copying build/lib.linux-ppc64le-3.7/torch/jit/__init__.py -> /castles/nr/projects/d/duanj-ai-in-medical-imaging/.share/conda-env/ml/lib/python3.7/site-packages/torch/jit
copying build/lib.linux-ppc64le-3.7/torch/jit/unsupported_tensor_ops.py -> /castles/nr/projects/d/duanj-ai-in-medical-imaging/.share/conda-env/ml/lib/python3.7/site-packages/torch/jit
copying build/lib.linux-ppc64le-3.7/torch/jit/_trace.py -> /castles/nr/projects/d/duanj-ai-in-medical-imaging/.share/conda-env/ml/lib/python3.7/site-packages/torch/jit
creating /castles/nr/projects/d/duanj-ai-in-medical-imaging/.share/conda-env/ml/lib/python3.7/site-packages/torch/jit/mobile
copying build/lib.linux-ppc64le-3.7/torch/jit/mobile/__init__.py -> /castles/nr/projects/d/duanj-ai-in-medical-imaging/.share/conda-env/ml/lib/python3.7/site-packages/torch/jit/mobile
copying build/lib.linux-ppc64le-3.7/torch/jit/_script.py -> /castles/nr/projects/d/duanj-ai-in-medical-imaging/.share/conda-env/ml/lib/python3.7/site-packages/torch/jit
copying build/lib.linux-ppc64le-3.7/torch/jit/_async.py -> /castles/nr/projects/d/duanj-ai-in-medical-imaging/.share/conda-env/ml/lib/python3.7/site-packages/torch/jit
copying build/lib.linux-ppc64le-3.7/torch/jit/_pickle.py -> /castles/nr/projects/d/duanj-ai-in-medical-imaging/.share/conda-env/ml/lib/python3.7/site-packages/torch/jit
copying build/lib.linux-ppc64le-3.7/torch/jit/annotations.py -> /castles/nr/projects/d/duanj-ai-in-medical-imaging/.share/conda-env/ml/lib/python3.7/site-packages/torch/jit
copying build/lib.linux-ppc64le-3.7/torch/jit/frontend.py -> /castles/nr/projects/d/duanj-ai-in-medical-imaging/.share/conda-env/ml/lib/python3.7/site-packages/torch/jit
copying build/lib.linux-ppc64le-3.7/torch/jit/_freeze.py -> /castles/nr/projects/d/duanj-ai-in-medical-imaging/.share/conda-env/ml/lib/python3.7/site-packages/torch/jit
copying build/lib.linux-ppc64le-3.7/torch/jit/_fuser.py -> /castles/nr/projects/d/duanj-ai-in-medical-imaging/.share/conda-env/ml/lib/python3.7/site-packages/torch/jit
copying build/lib.linux-ppc64le-3.7/torch/jit/_serialization.py -> /castles/nr/projects/d/duanj-ai-in-medical-imaging/.share/conda-env/ml/lib/python3.7/site-packages/torch/jit
copying build/lib.linux-ppc64le-3.7/torch/jit/_builtins.py -> /castles/nr/projects/d/duanj-ai-in-medical-imaging/.share/conda-env/ml/lib/python3.7/site-packages/torch/jit
copying build/lib.linux-ppc64le-3.7/torch/_overrides.py -> /castles/nr/projects/d/duanj-ai-in-medical-imaging/.share/conda-env/ml/lib/python3.7/site-packages/torch
creating /castles/nr/projects/d/duanj-ai-in-medical-imaging/.share/conda-env/ml/lib/python3.7/site-packages/torch/backends
creating /castles/nr/projects/d/duanj-ai-in-medical-imaging/.share/conda-env/ml/lib/python3.7/site-packages/torch/backends/cuda
copying build/lib.linux-ppc64le-3.7/torch/backends/cuda/__init__.py -> /castles/nr/projects/d/duanj-ai-in-medical-imaging/.share/conda-env/ml/lib/python3.7/site-packages/torch/backends/cuda
creating /castles/nr/projects/d/duanj-ai-in-medical-imaging/.share/conda-env/ml/lib/python3.7/site-packages/torch/backends/mkldnn
copying build/lib.linux-ppc64le-3.7/torch/backends/mkldnn/__init__.py -> /castles/nr/projects/d/duanj-ai-in-medical-imaging/.share/conda-env/ml/lib/python3.7/site-packages/torch/backends/mkldnn
creating /castles/nr/projects/d/duanj-ai-in-medical-imaging/.share/conda-env/ml/lib/python3.7/site-packages/torch/backends/cudnn
copying build/lib.linux-ppc64le-3.7/torch/backends/cudnn/__init__.py -> /castles/nr/projects/d/duanj-ai-in-medical-imaging/.share/conda-env/ml/lib/python3.7/site-packages/torch/backends/cudnn
copying build/lib.linux-ppc64le-3.7/torch/backends/cudnn/rnn.py -> /castles/nr/projects/d/duanj-ai-in-medical-imaging/.share/conda-env/ml/lib/python3.7/site-packages/torch/backends/cudnn
creating /castles/nr/projects/d/duanj-ai-in-medical-imaging/.share/conda-env/ml/lib/python3.7/site-packages/torch/backends/openmp
copying build/lib.linux-ppc64le-3.7/torch/backends/openmp/__init__.py -> /castles/nr/projects/d/duanj-ai-in-medical-imaging/.share/conda-env/ml/lib/python3.7/site-packages/torch/backends/openmp
creating /castles/nr/projects/d/duanj-ai-in-medical-imaging/.share/conda-env/ml/lib/python3.7/site-packages/torch/backends/quantized
copying build/lib.linux-ppc64le-3.7/torch/backends/quantized/__init__.py -> /castles/nr/projects/d/duanj-ai-in-medical-imaging/.share/conda-env/ml/lib/python3.7/site-packages/torch/backends/quantized
creating /castles/nr/projects/d/duanj-ai-in-medical-imaging/.share/conda-env/ml/lib/python3.7/site-packages/torch/backends/xnnpack
copying build/lib.linux-ppc64le-3.7/torch/backends/xnnpack/__init__.py -> /castles/nr/projects/d/duanj-ai-in-medical-imaging/.share/conda-env/ml/lib/python3.7/site-packages/torch/backends/xnnpack
copying build/lib.linux-ppc64le-3.7/torch/backends/__init__.py -> /castles/nr/projects/d/duanj-ai-in-medical-imaging/.share/conda-env/ml/lib/python3.7/site-packages/torch/backends
creating /castles/nr/projects/d/duanj-ai-in-medical-imaging/.share/conda-env/ml/lib/python3.7/site-packages/torch/backends/mkl
copying build/lib.linux-ppc64le-3.7/torch/backends/mkl/__init__.py -> /castles/nr/projects/d/duanj-ai-in-medical-imaging/.share/conda-env/ml/lib/python3.7/site-packages/torch/backends/mkl
copying build/lib.linux-ppc64le-3.7/torch/__config__.py -> /castles/nr/projects/d/duanj-ai-in-medical-imaging/.share/conda-env/ml/lib/python3.7/site-packages/torch
copying build/lib.linux-ppc64le-3.7/torch/_six.py -> /castles/nr/projects/d/duanj-ai-in-medical-imaging/.share/conda-env/ml/lib/python3.7/site-packages/torch
copying build/lib.linux-ppc64le-3.7/torch/types.py -> /castles/nr/projects/d/duanj-ai-in-medical-imaging/.share/conda-env/ml/lib/python3.7/site-packages/torch
creating /castles/nr/projects/d/duanj-ai-in-medical-imaging/.share/conda-env/ml/lib/python3.7/site-packages/torch/testing
creating /castles/nr/projects/d/duanj-ai-in-medical-imaging/.share/conda-env/ml/lib/python3.7/site-packages/torch/testing/_internal
copying build/lib.linux-ppc64le-3.7/torch/testing/_internal/autocast_test_lists.py -> /castles/nr/projects/d/duanj-ai-in-medical-imaging/.share/conda-env/ml/lib/python3.7/site-packages/torch/testing/_internal
copying build/lib.linux-ppc64le-3.7/torch/testing/_internal/expecttest.py -> /castles/nr/projects/d/duanj-ai-in-medical-imaging/.share/conda-env/ml/lib/python3.7/site-packages/torch/testing/_internal
copying build/lib.linux-ppc64le-3.7/torch/testing/_internal/common_distributed.py -> /castles/nr/projects/d/duanj-ai-in-medical-imaging/.share/conda-env/ml/lib/python3.7/site-packages/torch/testing/_internal
creating /castles/nr/projects/d/duanj-ai-in-medical-imaging/.share/conda-env/ml/lib/python3.7/site-packages/torch/testing/_internal/test_module
copying build/lib.linux-ppc64le-3.7/torch/testing/_internal/test_module/__init__.py -> /castles/nr/projects/d/duanj-ai-in-medical-imaging/.share/conda-env/ml/lib/python3.7/site-packages/torch/testing/_internal/test_module
copying build/lib.linux-ppc64le-3.7/torch/testing/_internal/test_module/no_future_div.py -> /castles/nr/projects/d/duanj-ai-in-medical-imaging/.share/conda-env/ml/lib/python3.7/site-packages/torch/testing/_internal/test_module
copying build/lib.linux-ppc64le-3.7/torch/testing/_internal/test_module/future_div.py -> /castles/nr/projects/d/duanj-ai-in-medical-imaging/.share/conda-env/ml/lib/python3.7/site-packages/torch/testing/_internal/test_module
creating /castles/nr/projects/d/duanj-ai-in-medical-imaging/.share/conda-env/ml/lib/python3.7/site-packages/torch/testing/_internal/codegen
copying build/lib.linux-ppc64le-3.7/torch/testing/_internal/codegen/__init__.py -> /castles/nr/projects/d/duanj-ai-in-medical-imaging/.share/conda-env/ml/lib/python3.7/site-packages/torch/testing/_internal/codegen
copying build/lib.linux-ppc64le-3.7/torch/testing/_internal/codegen/random_topo_test.py -> /castles/nr/projects/d/duanj-ai-in-medical-imaging/.share/conda-env/ml/lib/python3.7/site-packages/torch/testing/_internal/codegen
copying build/lib.linux-ppc64le-3.7/torch/testing/_internal/jit_metaprogramming_utils.py -> /castles/nr/projects/d/duanj-ai-in-medical-imaging/.share/conda-env/ml/lib/python3.7/site-packages/torch/testing/_internal
copying build/lib.linux-ppc64le-3.7/torch/testing/_internal/hypothesis_utils.py -> /castles/nr/projects/d/duanj-ai-in-medical-imaging/.share/conda-env/ml/lib/python3.7/site-packages/torch/testing/_internal
copying build/lib.linux-ppc64le-3.7/torch/testing/_internal/common_utils.py -> /castles/nr/projects/d/duanj-ai-in-medical-imaging/.share/conda-env/ml/lib/python3.7/site-packages/torch/testing/_internal
copying build/lib.linux-ppc64le-3.7/torch/testing/_internal/__init__.py -> /castles/nr/projects/d/duanj-ai-in-medical-imaging/.share/conda-env/ml/lib/python3.7/site-packages/torch/testing/_internal
copying build/lib.linux-ppc64le-3.7/torch/testing/_internal/common_nn.py -> /castles/nr/projects/d/duanj-ai-in-medical-imaging/.share/conda-env/ml/lib/python3.7/site-packages/torch/testing/_internal
copying build/lib.linux-ppc64le-3.7/torch/testing/_internal/common_quantized.py -> /castles/nr/projects/d/duanj-ai-in-medical-imaging/.share/conda-env/ml/lib/python3.7/site-packages/torch/testing/_internal
copying build/lib.linux-ppc64le-3.7/torch/testing/_internal/jit_utils.py -> /castles/nr/projects/d/duanj-ai-in-medical-imaging/.share/conda-env/ml/lib/python3.7/site-packages/torch/testing/_internal
copying build/lib.linux-ppc64le-3.7/torch/testing/_internal/common_quantization.py -> /castles/nr/projects/d/duanj-ai-in-medical-imaging/.share/conda-env/ml/lib/python3.7/site-packages/torch/testing/_internal
creating /castles/nr/projects/d/duanj-ai-in-medical-imaging/.share/conda-env/ml/lib/python3.7/site-packages/torch/testing/_internal/generated
copying build/lib.linux-ppc64le-3.7/torch/testing/_internal/generated/__init__.py -> /castles/nr/projects/d/duanj-ai-in-medical-imaging/.share/conda-env/ml/lib/python3.7/site-packages/torch/testing/_internal/generated
copying build/lib.linux-ppc64le-3.7/torch/testing/_internal/generated/annotated_fn_args.py -> /castles/nr/projects/d/duanj-ai-in-medical-imaging/.share/conda-env/ml/lib/python3.7/site-packages/torch/testing/_internal/generated
copying build/lib.linux-ppc64le-3.7/torch/testing/_internal/common_cuda.py -> /castles/nr/projects/d/duanj-ai-in-medical-imaging/.share/conda-env/ml/lib/python3.7/site-packages/torch/testing/_internal
copying build/lib.linux-ppc64le-3.7/torch/testing/_internal/common_methods_invocations.py -> /castles/nr/projects/d/duanj-ai-in-medical-imaging/.share/conda-env/ml/lib/python3.7/site-packages/torch/testing/_internal
creating /castles/nr/projects/d/duanj-ai-in-medical-imaging/.share/conda-env/ml/lib/python3.7/site-packages/torch/testing/_internal/data
copying build/lib.linux-ppc64le-3.7/torch/testing/_internal/data/network2.py -> /castles/nr/projects/d/duanj-ai-in-medical-imaging/.share/conda-env/ml/lib/python3.7/site-packages/torch/testing/_internal/data
copying build/lib.linux-ppc64le-3.7/torch/testing/_internal/data/network1.py -> /castles/nr/projects/d/duanj-ai-in-medical-imaging/.share/conda-env/ml/lib/python3.7/site-packages/torch/testing/_internal/data
copying build/lib.linux-ppc64le-3.7/torch/testing/_internal/data/__init__.py -> /castles/nr/projects/d/duanj-ai-in-medical-imaging/.share/conda-env/ml/lib/python3.7/site-packages/torch/testing/_internal/data
copying build/lib.linux-ppc64le-3.7/torch/testing/_internal/common_device_type.py -> /castles/nr/projects/d/duanj-ai-in-medical-imaging/.share/conda-env/ml/lib/python3.7/site-packages/torch/testing/_internal
creating /castles/nr/projects/d/duanj-ai-in-medical-imaging/.share/conda-env/ml/lib/python3.7/site-packages/torch/testing/_internal/distributed
creating /castles/nr/projects/d/duanj-ai-in-medical-imaging/.share/conda-env/ml/lib/python3.7/site-packages/torch/testing/_internal/distributed/nn
copying build/lib.linux-ppc64le-3.7/torch/testing/_internal/distributed/nn/__init__.py -> /castles/nr/projects/d/duanj-ai-in-medical-imaging/.share/conda-env/ml/lib/python3.7/site-packages/torch/testing/_internal/distributed/nn
creating /castles/nr/projects/d/duanj-ai-in-medical-imaging/.share/conda-env/ml/lib/python3.7/site-packages/torch/testing/_internal/distributed/nn/api
copying build/lib.linux-ppc64le-3.7/torch/testing/_internal/distributed/nn/api/remote_module_test.py -> /castles/nr/projects/d/duanj-ai-in-medical-imaging/.share/conda-env/ml/lib/python3.7/site-packages/torch/testing/_internal/distributed/nn/api
copying build/lib.linux-ppc64le-3.7/torch/testing/_internal/distributed/nn/api/__init__.py -> /castles/nr/projects/d/duanj-ai-in-medical-imaging/.share/conda-env/ml/lib/python3.7/site-packages/torch/testing/_internal/distributed/nn/api
copying build/lib.linux-ppc64le-3.7/torch/testing/_internal/distributed/__init__.py -> /castles/nr/projects/d/duanj-ai-in-medical-imaging/.share/conda-env/ml/lib/python3.7/site-packages/torch/testing/_internal/distributed
creating /castles/nr/projects/d/duanj-ai-in-medical-imaging/.share/conda-env/ml/lib/python3.7/site-packages/torch/testing/_internal/distributed/rpc
copying build/lib.linux-ppc64le-3.7/torch/testing/_internal/distributed/rpc/dist_optimizer_test.py -> /castles/nr/projects/d/duanj-ai-in-medical-imaging/.share/conda-env/ml/lib/python3.7/site-packages/torch/testing/_internal/distributed/rpc
copying build/lib.linux-ppc64le-3.7/torch/testing/_internal/distributed/rpc/rpc_test.py -> /castles/nr/projects/d/duanj-ai-in-medical-imaging/.share/conda-env/ml/lib/python3.7/site-packages/torch/testing/_internal/distributed/rpc
copying build/lib.linux-ppc64le-3.7/torch/testing/_internal/distributed/rpc/rpc_agent_test_fixture.py -> /castles/nr/projects/d/duanj-ai-in-medical-imaging/.share/conda-env/ml/lib/python3.7/site-packages/torch/testing/_internal/distributed/rpc
copying build/lib.linux-ppc64le-3.7/torch/testing/_internal/distributed/rpc/tensorpipe_rpc_agent_test_fixture.py -> /castles/nr/projects/d/duanj-ai-in-medical-imaging/.share/conda-env/ml/lib/python3.7/site-packages/torch/testing/_internal/distributed/rpc
copying build/lib.linux-ppc64le-3.7/torch/testing/_internal/distributed/rpc/__init__.py -> /castles/nr/projects/d/duanj-ai-in-medical-imaging/.share/conda-env/ml/lib/python3.7/site-packages/torch/testing/_internal/distributed/rpc
creating /castles/nr/projects/d/duanj-ai-in-medical-imaging/.share/conda-env/ml/lib/python3.7/site-packages/torch/testing/_internal/distributed/rpc/jit
copying build/lib.linux-ppc64le-3.7/torch/testing/_internal/distributed/rpc/jit/rpc_test.py -> /castles/nr/projects/d/duanj-ai-in-medical-imaging/.share/conda-env/ml/lib/python3.7/site-packages/torch/testing/_internal/distributed/rpc/jit
copying build/lib.linux-ppc64le-3.7/torch/testing/_internal/distributed/rpc/jit/__init__.py -> /castles/nr/projects/d/duanj-ai-in-medical-imaging/.share/conda-env/ml/lib/python3.7/site-packages/torch/testing/_internal/distributed/rpc/jit
copying build/lib.linux-ppc64le-3.7/torch/testing/_internal/distributed/rpc/jit/dist_autograd_test.py -> /castles/nr/projects/d/duanj-ai-in-medical-imaging/.share/conda-env/ml/lib/python3.7/site-packages/torch/testing/_internal/distributed/rpc/jit
copying build/lib.linux-ppc64le-3.7/torch/testing/_internal/distributed/rpc/jit/rpc_test_faulty.py -> /castles/nr/projects/d/duanj-ai-in-medical-imaging/.share/conda-env/ml/lib/python3.7/site-packages/torch/testing/_internal/distributed/rpc/jit
copying build/lib.linux-ppc64le-3.7/torch/testing/_internal/distributed/rpc/dist_autograd_test.py -> /castles/nr/projects/d/duanj-ai-in-medical-imaging/.share/conda-env/ml/lib/python3.7/site-packages/torch/testing/_internal/distributed/rpc
copying build/lib.linux-ppc64le-3.7/torch/testing/_internal/distributed/rpc/faulty_rpc_agent_test_fixture.py -> /castles/nr/projects/d/duanj-ai-in-medical-imaging/.share/conda-env/ml/lib/python3.7/site-packages/torch/testing/_internal/distributed/rpc
copying build/lib.linux-ppc64le-3.7/torch/testing/_internal/distributed/ddp_under_dist_autograd_test.py -> /castles/nr/projects/d/duanj-ai-in-medical-imaging/.share/conda-env/ml/lib/python3.7/site-packages/torch/testing/_internal/distributed
copying build/lib.linux-ppc64le-3.7/torch/testing/_internal/dist_utils.py -> /castles/nr/projects/d/duanj-ai-in-medical-imaging/.share/conda-env/ml/lib/python3.7/site-packages/torch/testing/_internal
copying build/lib.linux-ppc64le-3.7/torch/testing/__init__.py -> /castles/nr/projects/d/duanj-ai-in-medical-imaging/.share/conda-env/ml/lib/python3.7/site-packages/torch/testing
copying build/lib.linux-ppc64le-3.7/torch/random.py -> /castles/nr/projects/d/duanj-ai-in-medical-imaging/.share/conda-env/ml/lib/python3.7/site-packages/torch
copying build/lib.linux-ppc64le-3.7/torch/_storage_docs.py -> /castles/nr/projects/d/duanj-ai-in-medical-imaging/.share/conda-env/ml/lib/python3.7/site-packages/torch
copying build/lib.linux-ppc64le-3.7/torch/version.py -> /castles/nr/projects/d/duanj-ai-in-medical-imaging/.share/conda-env/ml/lib/python3.7/site-packages/torch
copying build/lib.linux-ppc64le-3.7/torch/_tensor_docs.py -> /castles/nr/projects/d/duanj-ai-in-medical-imaging/.share/conda-env/ml/lib/python3.7/site-packages/torch
creating /castles/nr/projects/d/duanj-ai-in-medical-imaging/.share/conda-env/ml/lib/python3.7/site-packages/torch/lib
copying build/lib.linux-ppc64le-3.7/torch/lib/libc10_cuda.so -> /castles/nr/projects/d/duanj-ai-in-medical-imaging/.share/conda-env/ml/lib/python3.7/site-packages/torch/lib
copying build/lib.linux-ppc64le-3.7/torch/lib/libtorch_cuda.so -> /castles/nr/projects/d/duanj-ai-in-medical-imaging/.share/conda-env/ml/lib/python3.7/site-packages/torch/lib
copying build/lib.linux-ppc64le-3.7/torch/lib/libtorch_cpu.so -> /castles/nr/projects/d/duanj-ai-in-medical-imaging/.share/conda-env/ml/lib/python3.7/site-packages/torch/lib
copying build/lib.linux-ppc64le-3.7/torch/lib/libcaffe2_detectron_ops_gpu.so -> /castles/nr/projects/d/duanj-ai-in-medical-imaging/.share/conda-env/ml/lib/python3.7/site-packages/torch/lib
copying build/lib.linux-ppc64le-3.7/torch/lib/libtorch.so -> /castles/nr/projects/d/duanj-ai-in-medical-imaging/.share/conda-env/ml/lib/python3.7/site-packages/torch/lib
copying build/lib.linux-ppc64le-3.7/torch/lib/libtensorpipe.so -> /castles/nr/projects/d/duanj-ai-in-medical-imaging/.share/conda-env/ml/lib/python3.7/site-packages/torch/lib
copying build/lib.linux-ppc64le-3.7/torch/lib/libcaffe2_module_test_dynamic.so -> /castles/nr/projects/d/duanj-ai-in-medical-imaging/.share/conda-env/ml/lib/python3.7/site-packages/torch/lib
copying build/lib.linux-ppc64le-3.7/torch/lib/libtorch_python.so -> /castles/nr/projects/d/duanj-ai-in-medical-imaging/.share/conda-env/ml/lib/python3.7/site-packages/torch/lib
copying build/lib.linux-ppc64le-3.7/torch/lib/libcaffe2_nvrtc.so -> /castles/nr/projects/d/duanj-ai-in-medical-imaging/.share/conda-env/ml/lib/python3.7/site-packages/torch/lib
copying build/lib.linux-ppc64le-3.7/torch/lib/libc10.so -> /castles/nr/projects/d/duanj-ai-in-medical-imaging/.share/conda-env/ml/lib/python3.7/site-packages/torch/lib
copying build/lib.linux-ppc64le-3.7/torch/lib/libshm.so -> /castles/nr/projects/d/duanj-ai-in-medical-imaging/.share/conda-env/ml/lib/python3.7/site-packages/torch/lib
copying build/lib.linux-ppc64le-3.7/torch/lib/libcaffe2_observers.so -> /castles/nr/projects/d/duanj-ai-in-medical-imaging/.share/conda-env/ml/lib/python3.7/site-packages/torch/lib
copying build/lib.linux-ppc64le-3.7/torch/lib/libtorch_global_deps.so -> /castles/nr/projects/d/duanj-ai-in-medical-imaging/.share/conda-env/ml/lib/python3.7/site-packages/torch/lib
creating /castles/nr/projects/d/duanj-ai-in-medical-imaging/.share/conda-env/ml/lib/python3.7/site-packages/torch/test
copying build/lib.linux-ppc64le-3.7/torch/test/generate_proposals_op_test -> /castles/nr/projects/d/duanj-ai-in-medical-imaging/.share/conda-env/ml/lib/python3.7/site-packages/torch/test
copying build/lib.linux-ppc64le-3.7/torch/test/cuda_packedtensoraccessor_test -> /castles/nr/projects/d/duanj-ai-in-medical-imaging/.share/conda-env/ml/lib/python3.7/site-packages/torch/test
copying build/lib.linux-ppc64le-3.7/torch/test/kernel_stackbased_test -> /castles/nr/projects/d/duanj-ai-in-medical-imaging/.share/conda-env/ml/lib/python3.7/site-packages/torch/test
copying build/lib.linux-ppc64le-3.7/torch/test/NamedTensor_test -> /castles/nr/projects/d/duanj-ai-in-medical-imaging/.share/conda-env/ml/lib/python3.7/site-packages/torch/test
copying build/lib.linux-ppc64le-3.7/torch/test/common_test -> /castles/nr/projects/d/duanj-ai-in-medical-imaging/.share/conda-env/ml/lib/python3.7/site-packages/torch/test
copying build/lib.linux-ppc64le-3.7/torch/test/wrapdim_test -> /castles/nr/projects/d/duanj-ai-in-medical-imaging/.share/conda-env/ml/lib/python3.7/site-packages/torch/test
copying build/lib.linux-ppc64le-3.7/torch/test/memory_overlapping_test -> /castles/nr/projects/d/duanj-ai-in-medical-imaging/.share/conda-env/ml/lib/python3.7/site-packages/torch/test
copying build/lib.linux-ppc64le-3.7/torch/test/converter_nomigraph_test -> /castles/nr/projects/d/duanj-ai-in-medical-imaging/.share/conda-env/ml/lib/python3.7/site-packages/torch/test
copying build/lib.linux-ppc64le-3.7/torch/test/c10_logging_test -> /castles/nr/projects/d/duanj-ai-in-medical-imaging/.share/conda-env/ml/lib/python3.7/site-packages/torch/test
copying build/lib.linux-ppc64le-3.7/torch/test/cuda_vectorized_test -> /castles/nr/projects/d/duanj-ai-in-medical-imaging/.share/conda-env/ml/lib/python3.7/site-packages/torch/test
copying build/lib.linux-ppc64le-3.7/torch/test/cpu_generator_test -> /castles/nr/projects/d/duanj-ai-in-medical-imaging/.share/conda-env/ml/lib/python3.7/site-packages/torch/test
copying build/lib.linux-ppc64le-3.7/torch/test/c10_string_view_test -> /castles/nr/projects/d/duanj-ai-in-medical-imaging/.share/conda-env/ml/lib/python3.7/site-packages/torch/test
copying build/lib.linux-ppc64le-3.7/torch/test/math_gpu_test -> /castles/nr/projects/d/duanj-ai-in-medical-imaging/.share/conda-env/ml/lib/python3.7/site-packages/torch/test
copying build/lib.linux-ppc64le-3.7/torch/test/c10_TypeList_test -> /castles/nr/projects/d/duanj-ai-in-medical-imaging/.share/conda-env/ml/lib/python3.7/site-packages/torch/test
copying build/lib.linux-ppc64le-3.7/torch/test/generate_proposals_op_util_nms_gpu_test -> /castles/nr/projects/d/duanj-ai-in-medical-imaging/.share/conda-env/ml/lib/python3.7/site-packages/torch/test
copying build/lib.linux-ppc64le-3.7/torch/test/proto_utils_test -> /castles/nr/projects/d/duanj-ai-in-medical-imaging/.share/conda-env/ml/lib/python3.7/site-packages/torch/test
copying build/lib.linux-ppc64le-3.7/torch/test/net_dag_utils_test -> /castles/nr/projects/d/duanj-ai-in-medical-imaging/.share/conda-env/ml/lib/python3.7/site-packages/torch/test
copying build/lib.linux-ppc64le-3.7/torch/test/time_observer_test -> /castles/nr/projects/d/duanj-ai-in-medical-imaging/.share/conda-env/ml/lib/python3.7/site-packages/torch/test
copying build/lib.linux-ppc64le-3.7/torch/test/net_gpu_test -> /castles/nr/projects/d/duanj-ai-in-medical-imaging/.share/conda-env/ml/lib/python3.7/site-packages/torch/test
copying build/lib.linux-ppc64le-3.7/torch/test/operator_gpu_test -> /castles/nr/projects/d/duanj-ai-in-medical-imaging/.share/conda-env/ml/lib/python3.7/site-packages/torch/test
copying build/lib.linux-ppc64le-3.7/torch/test/split_slss_test -> /castles/nr/projects/d/duanj-ai-in-medical-imaging/.share/conda-env/ml/lib/python3.7/site-packages/torch/test
copying build/lib.linux-ppc64le-3.7/torch/test/pow_test -> /castles/nr/projects/d/duanj-ai-in-medical-imaging/.share/conda-env/ml/lib/python3.7/site-packages/torch/test
copying build/lib.linux-ppc64le-3.7/torch/test/CppSignature_test -> /castles/nr/projects/d/duanj-ai-in-medical-imaging/.share/conda-env/ml/lib/python3.7/site-packages/torch/test
copying build/lib.linux-ppc64le-3.7/torch/test/cuda_optional_test -> /castles/nr/projects/d/duanj-ai-in-medical-imaging/.share/conda-env/ml/lib/python3.7/site-packages/torch/test
copying build/lib.linux-ppc64le-3.7/torch/test/utility_ops_test -> /castles/nr/projects/d/duanj-ai-in-medical-imaging/.share/conda-env/ml/lib/python3.7/site-packages/torch/test
copying build/lib.linux-ppc64le-3.7/torch/test/c10_ConstexprCrc_test -> /castles/nr/projects/d/duanj-ai-in-medical-imaging/.share/conda-env/ml/lib/python3.7/site-packages/torch/test
copying build/lib.linux-ppc64le-3.7/torch/test/observer_test -> /castles/nr/projects/d/duanj-ai-in-medical-imaging/.share/conda-env/ml/lib/python3.7/site-packages/torch/test
copying build/lib.linux-ppc64le-3.7/torch/test/c10_Bitset_test -> /castles/nr/projects/d/duanj-ai-in-medical-imaging/.share/conda-env/ml/lib/python3.7/site-packages/torch/test
copying build/lib.linux-ppc64le-3.7/torch/test/backend_cutting_test -> /castles/nr/projects/d/duanj-ai-in-medical-imaging/.share/conda-env/ml/lib/python3.7/site-packages/torch/test
copying build/lib.linux-ppc64le-3.7/torch/test/quantized_test -> /castles/nr/projects/d/duanj-ai-in-medical-imaging/.share/conda-env/ml/lib/python3.7/site-packages/torch/test
copying build/lib.linux-ppc64le-3.7/torch/test/TensorImpl_test -> /castles/nr/projects/d/duanj-ai-in-medical-imaging/.share/conda-env/ml/lib/python3.7/site-packages/torch/test
copying build/lib.linux-ppc64le-3.7/torch/test/atest -> /castles/nr/projects/d/duanj-ai-in-medical-imaging/.share/conda-env/ml/lib/python3.7/site-packages/torch/test
copying build/lib.linux-ppc64le-3.7/torch/test/conv_to_nnpack_transform_test -> /castles/nr/projects/d/duanj-ai-in-medical-imaging/.share/conda-env/ml/lib/python3.7/site-packages/torch/test
copying build/lib.linux-ppc64le-3.7/torch/test/cuda_integer_divider_test -> /castles/nr/projects/d/duanj-ai-in-medical-imaging/.share/conda-env/ml/lib/python3.7/site-packages/torch/test
copying build/lib.linux-ppc64le-3.7/torch/test/native_test -> /castles/nr/projects/d/duanj-ai-in-medical-imaging/.share/conda-env/ml/lib/python3.7/site-packages/torch/test
copying build/lib.linux-ppc64le-3.7/torch/test/Dimname_test -> /castles/nr/projects/d/duanj-ai-in-medical-imaging/.share/conda-env/ml/lib/python3.7/site-packages/torch/test
copying build/lib.linux-ppc64le-3.7/torch/test/c10_tempfile_test -> /castles/nr/projects/d/duanj-ai-in-medical-imaging/.share/conda-env/ml/lib/python3.7/site-packages/torch/test
copying build/lib.linux-ppc64le-3.7/torch/test/bound_shape_inference_test -> /castles/nr/projects/d/duanj-ai-in-medical-imaging/.share/conda-env/ml/lib/python3.7/site-packages/torch/test
copying build/lib.linux-ppc64le-3.7/torch/test/context_gpu_test -> /castles/nr/projects/d/duanj-ai-in-medical-imaging/.share/conda-env/ml/lib/python3.7/site-packages/torch/test
copying build/lib.linux-ppc64le-3.7/torch/test/vmap_test -> /castles/nr/projects/d/duanj-ai-in-medical-imaging/.share/conda-env/ml/lib/python3.7/site-packages/torch/test
copying build/lib.linux-ppc64le-3.7/torch/test/c10_either_test -> /castles/nr/projects/d/duanj-ai-in-medical-imaging/.share/conda-env/ml/lib/python3.7/site-packages/torch/test
copying build/lib.linux-ppc64le-3.7/torch/test/c10_TypeIndex_test -> /castles/nr/projects/d/duanj-ai-in-medical-imaging/.share/conda-env/ml/lib/python3.7/site-packages/torch/test
copying build/lib.linux-ppc64le-3.7/torch/test/weakref_test -> /castles/nr/projects/d/duanj-ai-in-medical-imaging/.share/conda-env/ml/lib/python3.7/site-packages/torch/test
copying build/lib.linux-ppc64le-3.7/torch/test/inline_container_test -> /castles/nr/projects/d/duanj-ai-in-medical-imaging/.share/conda-env/ml/lib/python3.7/site-packages/torch/test
copying build/lib.linux-ppc64le-3.7/torch/test/init_test -> /castles/nr/projects/d/duanj-ai-in-medical-imaging/.share/conda-env/ml/lib/python3.7/site-packages/torch/test
copying build/lib.linux-ppc64le-3.7/torch/test/c10_registry_test -> /castles/nr/projects/d/duanj-ai-in-medical-imaging/.share/conda-env/ml/lib/python3.7/site-packages/torch/test
copying build/lib.linux-ppc64le-3.7/torch/test/depthwise3x3_conv_op_test -> /castles/nr/projects/d/duanj-ai-in-medical-imaging/.share/conda-env/ml/lib/python3.7/site-packages/torch/test
copying build/lib.linux-ppc64le-3.7/torch/test/memory_format_test -> /castles/nr/projects/d/duanj-ai-in-medical-imaging/.share/conda-env/ml/lib/python3.7/site-packages/torch/test
copying build/lib.linux-ppc64le-3.7/torch/test/TopoSortTest -> /castles/nr/projects/d/duanj-ai-in-medical-imaging/.share/conda-env/ml/lib/python3.7/site-packages/torch/test
copying build/lib.linux-ppc64le-3.7/torch/test/conv_transpose_op_mobile_test -> /castles/nr/projects/d/duanj-ai-in-medical-imaging/.share/conda-env/ml/lib/python3.7/site-packages/torch/test
copying build/lib.linux-ppc64le-3.7/torch/test/c10_InlineDeviceGuard_test -> /castles/nr/projects/d/duanj-ai-in-medical-imaging/.share/conda-env/ml/lib/python3.7/site-packages/torch/test
copying build/lib.linux-ppc64le-3.7/torch/test/kernel_lambda_legacy_test -> /castles/nr/projects/d/duanj-ai-in-medical-imaging/.share/conda-env/ml/lib/python3.7/site-packages/torch/test
copying build/lib.linux-ppc64le-3.7/torch/test/utility_ops_gpu_test -> /castles/nr/projects/d/duanj-ai-in-medical-imaging/.share/conda-env/ml/lib/python3.7/site-packages/torch/test
copying build/lib.linux-ppc64le-3.7/torch/test/operator_test -> /castles/nr/projects/d/duanj-ai-in-medical-imaging/.share/conda-env/ml/lib/python3.7/site-packages/torch/test
copying build/lib.linux-ppc64le-3.7/torch/test/c10_LeftRight_test -> /castles/nr/projects/d/duanj-ai-in-medical-imaging/.share/conda-env/ml/lib/python3.7/site-packages/torch/test
copying build/lib.linux-ppc64le-3.7/torch/test/cuda_apply_test -> /castles/nr/projects/d/duanj-ai-in-medical-imaging/.share/conda-env/ml/lib/python3.7/site-packages/torch/test
copying build/lib.linux-ppc64le-3.7/torch/test/basic -> /castles/nr/projects/d/duanj-ai-in-medical-imaging/.share/conda-env/ml/lib/python3.7/site-packages/torch/test
copying build/lib.linux-ppc64le-3.7/torch/test/fatal_signal_asan_no_sig_test -> /castles/nr/projects/d/duanj-ai-in-medical-imaging/.share/conda-env/ml/lib/python3.7/site-packages/torch/test
copying build/lib.linux-ppc64le-3.7/torch/test/graph_test -> /castles/nr/projects/d/duanj-ai-in-medical-imaging/.share/conda-env/ml/lib/python3.7/site-packages/torch/test
copying build/lib.linux-ppc64le-3.7/torch/test/elementwise_op_gpu_test -> /castles/nr/projects/d/duanj-ai-in-medical-imaging/.share/conda-env/ml/lib/python3.7/site-packages/torch/test
copying build/lib.linux-ppc64le-3.7/torch/test/device_test -> /castles/nr/projects/d/duanj-ai-in-medical-imaging/.share/conda-env/ml/lib/python3.7/site-packages/torch/test
copying build/lib.linux-ppc64le-3.7/torch/test/common_subexpression_elimination_test -> /castles/nr/projects/d/duanj-ai-in-medical-imaging/.share/conda-env/ml/lib/python3.7/site-packages/torch/test
copying build/lib.linux-ppc64le-3.7/torch/test/operator_fallback_gpu_test -> /castles/nr/projects/d/duanj-ai-in-medical-imaging/.share/conda-env/ml/lib/python3.7/site-packages/torch/test
copying build/lib.linux-ppc64le-3.7/torch/test/verify_api_visibility -> /castles/nr/projects/d/duanj-ai-in-medical-imaging/.share/conda-env/ml/lib/python3.7/site-packages/torch/test
copying build/lib.linux-ppc64le-3.7/torch/test/boolean_unmask_ops_test -> /castles/nr/projects/d/duanj-ai-in-medical-imaging/.share/conda-env/ml/lib/python3.7/site-packages/torch/test
copying build/lib.linux-ppc64le-3.7/torch/test/cpuid_test -> /castles/nr/projects/d/duanj-ai-in-medical-imaging/.share/conda-env/ml/lib/python3.7/site-packages/torch/test
copying build/lib.linux-ppc64le-3.7/torch/test/test_parallel -> /castles/nr/projects/d/duanj-ai-in-medical-imaging/.share/conda-env/ml/lib/python3.7/site-packages/torch/test
copying build/lib.linux-ppc64le-3.7/torch/test/scalar_tensor_test -> /castles/nr/projects/d/duanj-ai-in-medical-imaging/.share/conda-env/ml/lib/python3.7/site-packages/torch/test
copying build/lib.linux-ppc64le-3.7/torch/test/event_gpu_test -> /castles/nr/projects/d/duanj-ai-in-medical-imaging/.share/conda-env/ml/lib/python3.7/site-packages/torch/test
copying build/lib.linux-ppc64le-3.7/torch/test/c10_Array_test -> /castles/nr/projects/d/duanj-ai-in-medical-imaging/.share/conda-env/ml/lib/python3.7/site-packages/torch/test
copying build/lib.linux-ppc64le-3.7/torch/test/pattern_net_transform_test -> /castles/nr/projects/d/duanj-ai-in-medical-imaging/.share/conda-env/ml/lib/python3.7/site-packages/torch/test
copying build/lib.linux-ppc64le-3.7/torch/test/batch_permutation_op_gpu_test -> /castles/nr/projects/d/duanj-ai-in-medical-imaging/.share/conda-env/ml/lib/python3.7/site-packages/torch/test
copying build/lib.linux-ppc64le-3.7/torch/test/cuda_stream_test -> /castles/nr/projects/d/duanj-ai-in-medical-imaging/.share/conda-env/ml/lib/python3.7/site-packages/torch/test
copying build/lib.linux-ppc64le-3.7/torch/test/BinaryMatchImplTest -> /castles/nr/projects/d/duanj-ai-in-medical-imaging/.share/conda-env/ml/lib/python3.7/site-packages/torch/test
copying build/lib.linux-ppc64le-3.7/torch/test/cuda_distributions_test -> /castles/nr/projects/d/duanj-ai-in-medical-imaging/.share/conda-env/ml/lib/python3.7/site-packages/torch/test
copying build/lib.linux-ppc64le-3.7/torch/test/c10_bfloat16_test -> /castles/nr/projects/d/duanj-ai-in-medical-imaging/.share/conda-env/ml/lib/python3.7/site-packages/torch/test
copying build/lib.linux-ppc64le-3.7/torch/test/net_test -> /castles/nr/projects/d/duanj-ai-in-medical-imaging/.share/conda-env/ml/lib/python3.7/site-packages/torch/test
copying build/lib.linux-ppc64le-3.7/torch/test/generate_proposals_op_util_boxes_test -> /castles/nr/projects/d/duanj-ai-in-medical-imaging/.share/conda-env/ml/lib/python3.7/site-packages/torch/test
copying build/lib.linux-ppc64le-3.7/torch/test/op_registration_test -> /castles/nr/projects/d/duanj-ai-in-medical-imaging/.share/conda-env/ml/lib/python3.7/site-packages/torch/test
copying build/lib.linux-ppc64le-3.7/torch/test/SubgraphMatcherTest -> /castles/nr/projects/d/duanj-ai-in-medical-imaging/.share/conda-env/ml/lib/python3.7/site-packages/torch/test
copying build/lib.linux-ppc64le-3.7/torch/test/cuda_tensor_interop_test -> /castles/nr/projects/d/duanj-ai-in-medical-imaging/.share/conda-env/ml/lib/python3.7/site-packages/torch/test
copying build/lib.linux-ppc64le-3.7/torch/test/cuda_dlconvertor_test -> /castles/nr/projects/d/duanj-ai-in-medical-imaging/.share/conda-env/ml/lib/python3.7/site-packages/torch/test
copying build/lib.linux-ppc64le-3.7/torch/test/NeuralNetTest -> /castles/nr/projects/d/duanj-ai-in-medical-imaging/.share/conda-env/ml/lib/python3.7/site-packages/torch/test
copying build/lib.linux-ppc64le-3.7/torch/test/elementwise_op_test -> /castles/nr/projects/d/duanj-ai-in-medical-imaging/.share/conda-env/ml/lib/python3.7/site-packages/torch/test
copying build/lib.linux-ppc64le-3.7/torch/test/generate_proposals_op_util_nms_test -> /castles/nr/projects/d/duanj-ai-in-medical-imaging/.share/conda-env/ml/lib/python3.7/site-packages/torch/test
copying build/lib.linux-ppc64le-3.7/torch/test/c10_complex_math_test -> /castles/nr/projects/d/duanj-ai-in-medical-imaging/.share/conda-env/ml/lib/python3.7/site-packages/torch/test
copying build/lib.linux-ppc64le-3.7/torch/test/plan_executor_test -> /castles/nr/projects/d/duanj-ai-in-medical-imaging/.share/conda-env/ml/lib/python3.7/site-packages/torch/test
copying build/lib.linux-ppc64le-3.7/torch/test/string_ops_test -> /castles/nr/projects/d/duanj-ai-in-medical-imaging/.share/conda-env/ml/lib/python3.7/site-packages/torch/test
copying build/lib.linux-ppc64le-3.7/torch/test/batch_matmul_op_test -> /castles/nr/projects/d/duanj-ai-in-medical-imaging/.share/conda-env/ml/lib/python3.7/site-packages/torch/test
copying build/lib.linux-ppc64le-3.7/torch/test/parallel_net_test -> /castles/nr/projects/d/duanj-ai-in-medical-imaging/.share/conda-env/ml/lib/python3.7/site-packages/torch/test
copying build/lib.linux-ppc64le-3.7/torch/test/cuda_complex_math_test -> /castles/nr/projects/d/duanj-ai-in-medical-imaging/.share/conda-env/ml/lib/python3.7/site-packages/torch/test
copying build/lib.linux-ppc64le-3.7/torch/test/GraphTest -> /castles/nr/projects/d/duanj-ai-in-medical-imaging/.share/conda-env/ml/lib/python3.7/site-packages/torch/test
copying build/lib.linux-ppc64le-3.7/torch/test/blob_test -> /castles/nr/projects/d/duanj-ai-in-medical-imaging/.share/conda-env/ml/lib/python3.7/site-packages/torch/test
copying build/lib.linux-ppc64le-3.7/torch/test/cpu_rng_test -> /castles/nr/projects/d/duanj-ai-in-medical-imaging/.share/conda-env/ml/lib/python3.7/site-packages/torch/test
copying build/lib.linux-ppc64le-3.7/torch/test/c10_intrusive_ptr_test -> /castles/nr/projects/d/duanj-ai-in-medical-imaging/.share/conda-env/ml/lib/python3.7/site-packages/torch/test
copying build/lib.linux-ppc64le-3.7/torch/test/predictor_test -> /castles/nr/projects/d/duanj-ai-in-medical-imaging/.share/conda-env/ml/lib/python3.7/site-packages/torch/test
copying build/lib.linux-ppc64le-3.7/torch/test/fixed_divisor_test -> /castles/nr/projects/d/duanj-ai-in-medical-imaging/.share/conda-env/ml/lib/python3.7/site-packages/torch/test
copying build/lib.linux-ppc64le-3.7/torch/test/c10_DeviceGuard_test -> /castles/nr/projects/d/duanj-ai-in-medical-imaging/.share/conda-env/ml/lib/python3.7/site-packages/torch/test
copying build/lib.linux-ppc64le-3.7/torch/test/extension_backend_test -> /castles/nr/projects/d/duanj-ai-in-medical-imaging/.share/conda-env/ml/lib/python3.7/site-packages/torch/test
copying build/lib.linux-ppc64le-3.7/torch/test/c10_flags_test -> /castles/nr/projects/d/duanj-ai-in-medical-imaging/.share/conda-env/ml/lib/python3.7/site-packages/torch/test
copying build/lib.linux-ppc64le-3.7/torch/test/net_async_tracing_test -> /castles/nr/projects/d/duanj-ai-in-medical-imaging/.share/conda-env/ml/lib/python3.7/site-packages/torch/test
copying build/lib.linux-ppc64le-3.7/torch/test/kernel_function_legacy_test -> /castles/nr/projects/d/duanj-ai-in-medical-imaging/.share/conda-env/ml/lib/python3.7/site-packages/torch/test
copying build/lib.linux-ppc64le-3.7/torch/test/AlgorithmsTest -> /castles/nr/projects/d/duanj-ai-in-medical-imaging/.share/conda-env/ml/lib/python3.7/site-packages/torch/test
copying build/lib.linux-ppc64le-3.7/torch/test/cuda_generator_test -> /castles/nr/projects/d/duanj-ai-in-medical-imaging/.share/conda-env/ml/lib/python3.7/site-packages/torch/test
copying build/lib.linux-ppc64le-3.7/torch/test/c10_Half_test -> /castles/nr/projects/d/duanj-ai-in-medical-imaging/.share/conda-env/ml/lib/python3.7/site-packages/torch/test
copying build/lib.linux-ppc64le-3.7/torch/test/scalar_test -> /castles/nr/projects/d/duanj-ai-in-medical-imaging/.share/conda-env/ml/lib/python3.7/site-packages/torch/test
copying build/lib.linux-ppc64le-3.7/torch/test/cuda_cudnn_test -> /castles/nr/projects/d/duanj-ai-in-medical-imaging/.share/conda-env/ml/lib/python3.7/site-packages/torch/test
copying build/lib.linux-ppc64le-3.7/torch/test/c10_DispatchKeySet_test -> /castles/nr/projects/d/duanj-ai-in-medical-imaging/.share/conda-env/ml/lib/python3.7/site-packages/torch/test
copying build/lib.linux-ppc64le-3.7/torch/test/apply_utils_test -> /castles/nr/projects/d/duanj-ai-in-medical-imaging/.share/conda-env/ml/lib/python3.7/site-packages/torch/test
copying build/lib.linux-ppc64le-3.7/torch/test/tensor_interop_test -> /castles/nr/projects/d/duanj-ai-in-medical-imaging/.share/conda-env/ml/lib/python3.7/site-packages/torch/test
copying build/lib.linux-ppc64le-3.7/torch/test/c10_intrusive_ptr_benchmark -> /castles/nr/projects/d/duanj-ai-in-medical-imaging/.share/conda-env/ml/lib/python3.7/site-packages/torch/test
copying build/lib.linux-ppc64le-3.7/torch/test/cuda_half_test -> /castles/nr/projects/d/duanj-ai-in-medical-imaging/.share/conda-env/ml/lib/python3.7/site-packages/torch/test
copying build/lib.linux-ppc64le-3.7/torch/test/data_filler_test -> /castles/nr/projects/d/duanj-ai-in-medical-imaging/.share/conda-env/ml/lib/python3.7/site-packages/torch/test
copying build/lib.linux-ppc64le-3.7/torch/test/backend_fallback_test -> /castles/nr/projects/d/duanj-ai-in-medical-imaging/.share/conda-env/ml/lib/python3.7/site-packages/torch/test
copying build/lib.linux-ppc64le-3.7/torch/test/timer_test -> /castles/nr/projects/d/duanj-ai-in-medical-imaging/.share/conda-env/ml/lib/python3.7/site-packages/torch/test
copying build/lib.linux-ppc64le-3.7/torch/test/TarjansImplTest -> /castles/nr/projects/d/duanj-ai-in-medical-imaging/.share/conda-env/ml/lib/python3.7/site-packages/torch/test
copying build/lib.linux-ppc64le-3.7/torch/test/variant_test -> /castles/nr/projects/d/duanj-ai-in-medical-imaging/.share/conda-env/ml/lib/python3.7/site-packages/torch/test
copying build/lib.linux-ppc64le-3.7/torch/test/ivalue_test -> /castles/nr/projects/d/duanj-ai-in-medical-imaging/.share/conda-env/ml/lib/python3.7/site-packages/torch/test
copying build/lib.linux-ppc64le-3.7/torch/test/c10_CompileTimeFunctionPointer_test -> /castles/nr/projects/d/duanj-ai-in-medical-imaging/.share/conda-env/ml/lib/python3.7/site-packages/torch/test
copying build/lib.linux-ppc64le-3.7/torch/test/text_file_reader_utils_test -> /castles/nr/projects/d/duanj-ai-in-medical-imaging/.share/conda-env/ml/lib/python3.7/site-packages/torch/test
copying build/lib.linux-ppc64le-3.7/torch/test/generate_proposals_op_gpu_test -> /castles/nr/projects/d/duanj-ai-in-medical-imaging/.share/conda-env/ml/lib/python3.7/site-packages/torch/test
copying build/lib.linux-ppc64le-3.7/torch/test/mpi_test -> /castles/nr/projects/d/duanj-ai-in-medical-imaging/.share/conda-env/ml/lib/python3.7/site-packages/torch/test
copying build/lib.linux-ppc64le-3.7/torch/test/c10_complex_test -> /castles/nr/projects/d/duanj-ai-in-medical-imaging/.share/conda-env/ml/lib/python3.7/site-packages/torch/test
copying build/lib.linux-ppc64le-3.7/torch/test/c10_typeid_test -> /castles/nr/projects/d/duanj-ai-in-medical-imaging/.share/conda-env/ml/lib/python3.7/site-packages/torch/test
copying build/lib.linux-ppc64le-3.7/torch/test/kernel_function_test -> /castles/nr/projects/d/duanj-ai-in-medical-imaging/.share/conda-env/ml/lib/python3.7/site-packages/torch/test
copying build/lib.linux-ppc64le-3.7/torch/test/c10_Metaprogramming_test -> /castles/nr/projects/d/duanj-ai-in-medical-imaging/.share/conda-env/ml/lib/python3.7/site-packages/torch/test
copying build/lib.linux-ppc64le-3.7/torch/test/cuda_complex_test -> /castles/nr/projects/d/duanj-ai-in-medical-imaging/.share/conda-env/ml/lib/python3.7/site-packages/torch/test
copying build/lib.linux-ppc64le-3.7/torch/test/broadcast_test -> /castles/nr/projects/d/duanj-ai-in-medical-imaging/.share/conda-env/ml/lib/python3.7/site-packages/torch/test
copying build/lib.linux-ppc64le-3.7/torch/test/c10_InlineStreamGuard_test -> /castles/nr/projects/d/duanj-ai-in-medical-imaging/.share/conda-env/ml/lib/python3.7/site-packages/torch/test
copying build/lib.linux-ppc64le-3.7/torch/test/thread_init_test -> /castles/nr/projects/d/duanj-ai-in-medical-imaging/.share/conda-env/ml/lib/python3.7/site-packages/torch/test
copying build/lib.linux-ppc64le-3.7/torch/test/conv_op_cache_cudnn_test -> /castles/nr/projects/d/duanj-ai-in-medical-imaging/.share/conda-env/ml/lib/python3.7/site-packages/torch/test
copying build/lib.linux-ppc64le-3.7/torch/test/distributed_test -> /castles/nr/projects/d/duanj-ai-in-medical-imaging/.share/conda-env/ml/lib/python3.7/site-packages/torch/test
copying build/lib.linux-ppc64le-3.7/torch/test/context_test -> /castles/nr/projects/d/duanj-ai-in-medical-imaging/.share/conda-env/ml/lib/python3.7/site-packages/torch/test
copying build/lib.linux-ppc64le-3.7/torch/test/module_test -> /castles/nr/projects/d/duanj-ai-in-medical-imaging/.share/conda-env/ml/lib/python3.7/site-packages/torch/test
copying build/lib.linux-ppc64le-3.7/torch/test/c10_TypeTraits_test -> /castles/nr/projects/d/duanj-ai-in-medical-imaging/.share/conda-env/ml/lib/python3.7/site-packages/torch/test
copying build/lib.linux-ppc64le-3.7/torch/test/blob_gpu_test -> /castles/nr/projects/d/duanj-ai-in-medical-imaging/.share/conda-env/ml/lib/python3.7/site-packages/torch/test
copying build/lib.linux-ppc64le-3.7/torch/test/operator_schema_test -> /castles/nr/projects/d/duanj-ai-in-medical-imaging/.share/conda-env/ml/lib/python3.7/site-packages/torch/test
copying build/lib.linux-ppc64le-3.7/torch/test/math_test -> /castles/nr/projects/d/duanj-ai-in-medical-imaging/.share/conda-env/ml/lib/python3.7/site-packages/torch/test
copying build/lib.linux-ppc64le-3.7/torch/test/MatchTest -> /castles/nr/projects/d/duanj-ai-in-medical-imaging/.share/conda-env/ml/lib/python3.7/site-packages/torch/test
copying build/lib.linux-ppc64le-3.7/torch/test/c10_ordered_preserving_dict_test -> /castles/nr/projects/d/duanj-ai-in-medical-imaging/.share/conda-env/ml/lib/python3.7/site-packages/torch/test
copying build/lib.linux-ppc64le-3.7/torch/test/make_boxed_from_unboxed_functor_test -> /castles/nr/projects/d/duanj-ai-in-medical-imaging/.share/conda-env/ml/lib/python3.7/site-packages/torch/test
copying build/lib.linux-ppc64le-3.7/torch/test/transform_test -> /castles/nr/projects/d/duanj-ai-in-medical-imaging/.share/conda-env/ml/lib/python3.7/site-packages/torch/test
copying build/lib.linux-ppc64le-3.7/torch/test/ssa_test -> /castles/nr/projects/d/duanj-ai-in-medical-imaging/.share/conda-env/ml/lib/python3.7/site-packages/torch/test
copying build/lib.linux-ppc64le-3.7/torch/test/mobile_test -> /castles/nr/projects/d/duanj-ai-in-medical-imaging/.share/conda-env/ml/lib/python3.7/site-packages/torch/test
copying build/lib.linux-ppc64le-3.7/torch/test/tensor_iterator_test -> /castles/nr/projects/d/duanj-ai-in-medical-imaging/.share/conda-env/ml/lib/python3.7/site-packages/torch/test
copying build/lib.linux-ppc64le-3.7/torch/test/type_test -> /castles/nr/projects/d/duanj-ai-in-medical-imaging/.share/conda-env/ml/lib/python3.7/site-packages/torch/test
copying build/lib.linux-ppc64le-3.7/torch/test/xla_tensor_test -> /castles/nr/projects/d/duanj-ai-in-medical-imaging/.share/conda-env/ml/lib/python3.7/site-packages/torch/test
copying build/lib.linux-ppc64le-3.7/torch/test/half_test -> /castles/nr/projects/d/duanj-ai-in-medical-imaging/.share/conda-env/ml/lib/python3.7/site-packages/torch/test
copying build/lib.linux-ppc64le-3.7/torch/test/List_test -> /castles/nr/projects/d/duanj-ai-in-medical-imaging/.share/conda-env/ml/lib/python3.7/site-packages/torch/test
copying build/lib.linux-ppc64le-3.7/torch/test/cast_test -> /castles/nr/projects/d/duanj-ai-in-medical-imaging/.share/conda-env/ml/lib/python3.7/site-packages/torch/test
copying build/lib.linux-ppc64le-3.7/torch/test/c10_StreamGuard_test -> /castles/nr/projects/d/duanj-ai-in-medical-imaging/.share/conda-env/ml/lib/python3.7/site-packages/torch/test
copying build/lib.linux-ppc64le-3.7/torch/test/smart_tensor_printer_test -> /castles/nr/projects/d/duanj-ai-in-medical-imaging/.share/conda-env/ml/lib/python3.7/site-packages/torch/test
copying build/lib.linux-ppc64le-3.7/torch/test/roi_align_op_gpu_test -> /castles/nr/projects/d/duanj-ai-in-medical-imaging/.share/conda-env/ml/lib/python3.7/site-packages/torch/test
copying build/lib.linux-ppc64le-3.7/torch/test/kernel_lambda_test -> /castles/nr/projects/d/duanj-ai-in-medical-imaging/.share/conda-env/ml/lib/python3.7/site-packages/torch/test
copying build/lib.linux-ppc64le-3.7/torch/test/simple_queue_test -> /castles/nr/projects/d/duanj-ai-in-medical-imaging/.share/conda-env/ml/lib/python3.7/site-packages/torch/test
copying build/lib.linux-ppc64le-3.7/torch/test/mpi_gpu_test -> /castles/nr/projects/d/duanj-ai-in-medical-imaging/.share/conda-env/ml/lib/python3.7/site-packages/torch/test
copying build/lib.linux-ppc64le-3.7/torch/test/event_test -> /castles/nr/projects/d/duanj-ai-in-medical-imaging/.share/conda-env/ml/lib/python3.7/site-packages/torch/test
copying build/lib.linux-ppc64le-3.7/torch/test/KernelFunction_test -> /castles/nr/projects/d/duanj-ai-in-medical-imaging/.share/conda-env/ml/lib/python3.7/site-packages/torch/test
copying build/lib.linux-ppc64le-3.7/torch/test/batch_matmul_op_gpu_test -> /castles/nr/projects/d/duanj-ai-in-medical-imaging/.share/conda-env/ml/lib/python3.7/site-packages/torch/test
copying build/lib.linux-ppc64le-3.7/torch/test/net_simple_refcount_test -> /castles/nr/projects/d/duanj-ai-in-medical-imaging/.share/conda-env/ml/lib/python3.7/site-packages/torch/test
copying build/lib.linux-ppc64le-3.7/torch/test/Dict_test -> /castles/nr/projects/d/duanj-ai-in-medical-imaging/.share/conda-env/ml/lib/python3.7/site-packages/torch/test
copying build/lib.linux-ppc64le-3.7/torch/test/reshape_op_gpu_test -> /castles/nr/projects/d/duanj-ai-in-medical-imaging/.share/conda-env/ml/lib/python3.7/site-packages/torch/test
copying build/lib.linux-ppc64le-3.7/torch/test/workspace_test -> /castles/nr/projects/d/duanj-ai-in-medical-imaging/.share/conda-env/ml/lib/python3.7/site-packages/torch/test
copying build/lib.linux-ppc64le-3.7/torch/test/half_float_ops_test -> /castles/nr/projects/d/duanj-ai-in-medical-imaging/.share/conda-env/ml/lib/python3.7/site-packages/torch/test
copying build/lib.linux-ppc64le-3.7/torch/test/undefined_tensor_test -> /castles/nr/projects/d/duanj-ai-in-medical-imaging/.share/conda-env/ml/lib/python3.7/site-packages/torch/test
copying build/lib.linux-ppc64le-3.7/torch/test/dead_code_elim_test -> /castles/nr/projects/d/duanj-ai-in-medical-imaging/.share/conda-env/ml/lib/python3.7/site-packages/torch/test
copying build/lib.linux-ppc64le-3.7/torch/test/reduce_ops_test -> /castles/nr/projects/d/duanj-ai-in-medical-imaging/.share/conda-env/ml/lib/python3.7/site-packages/torch/test
copying build/lib.linux-ppc64le-3.7/torch/test/c10_exception_test -> /castles/nr/projects/d/duanj-ai-in-medical-imaging/.share/conda-env/ml/lib/python3.7/site-packages/torch/test
copying build/lib.linux-ppc64le-3.7/torch/test/dlconvertor_test -> /castles/nr/projects/d/duanj-ai-in-medical-imaging/.share/conda-env/ml/lib/python3.7/site-packages/torch/test
copying build/lib.linux-ppc64le-3.7/torch/test/c10_cuda_CUDATest -> /castles/nr/projects/d/duanj-ai-in-medical-imaging/.share/conda-env/ml/lib/python3.7/site-packages/torch/test
copying build/lib.linux-ppc64le-3.7/torch/test/c10_C++17_test -> /castles/nr/projects/d/duanj-ai-in-medical-imaging/.share/conda-env/ml/lib/python3.7/site-packages/torch/test
copying build/lib.linux-ppc64le-3.7/torch/test/stats_test -> /castles/nr/projects/d/duanj-ai-in-medical-imaging/.share/conda-env/ml/lib/python3.7/site-packages/torch/test
creating /castles/nr/projects/d/duanj-ai-in-medical-imaging/.share/conda-env/ml/lib/python3.7/site-packages/torch/multiprocessing
copying build/lib.linux-ppc64le-3.7/torch/multiprocessing/__init__.py -> /castles/nr/projects/d/duanj-ai-in-medical-imaging/.share/conda-env/ml/lib/python3.7/site-packages/torch/multiprocessing
copying build/lib.linux-ppc64le-3.7/torch/multiprocessing/_atfork.py -> /castles/nr/projects/d/duanj-ai-in-medical-imaging/.share/conda-env/ml/lib/python3.7/site-packages/torch/multiprocessing
copying build/lib.linux-ppc64le-3.7/torch/multiprocessing/spawn.py -> /castles/nr/projects/d/duanj-ai-in-medical-imaging/.share/conda-env/ml/lib/python3.7/site-packages/torch/multiprocessing
copying build/lib.linux-ppc64le-3.7/torch/multiprocessing/reductions.py -> /castles/nr/projects/d/duanj-ai-in-medical-imaging/.share/conda-env/ml/lib/python3.7/site-packages/torch/multiprocessing
copying build/lib.linux-ppc64le-3.7/torch/multiprocessing/pool.py -> /castles/nr/projects/d/duanj-ai-in-medical-imaging/.share/conda-env/ml/lib/python3.7/site-packages/torch/multiprocessing
copying build/lib.linux-ppc64le-3.7/torch/multiprocessing/queue.py -> /castles/nr/projects/d/duanj-ai-in-medical-imaging/.share/conda-env/ml/lib/python3.7/site-packages/torch/multiprocessing
copying build/lib.linux-ppc64le-3.7/torch/_tensor_str.py -> /castles/nr/projects/d/duanj-ai-in-medical-imaging/.share/conda-env/ml/lib/python3.7/site-packages/torch
creating /castles/nr/projects/d/duanj-ai-in-medical-imaging/.share/conda-env/ml/lib/python3.7/site-packages/torch/distributions
copying build/lib.linux-ppc64le-3.7/torch/distributions/kl.py -> /castles/nr/projects/d/duanj-ai-in-medical-imaging/.share/conda-env/ml/lib/python3.7/site-packages/torch/distributions
copying build/lib.linux-ppc64le-3.7/torch/distributions/geometric.py -> /castles/nr/projects/d/duanj-ai-in-medical-imaging/.share/conda-env/ml/lib/python3.7/site-packages/torch/distributions
copying build/lib.linux-ppc64le-3.7/torch/distributions/poisson.py -> /castles/nr/projects/d/duanj-ai-in-medical-imaging/.share/conda-env/ml/lib/python3.7/site-packages/torch/distributions
copying build/lib.linux-ppc64le-3.7/torch/distributions/lowrank_multivariate_normal.py -> /castles/nr/projects/d/duanj-ai-in-medical-imaging/.share/conda-env/ml/lib/python3.7/site-packages/torch/distributions
copying build/lib.linux-ppc64le-3.7/torch/distributions/fishersnedecor.py -> /castles/nr/projects/d/duanj-ai-in-medical-imaging/.share/conda-env/ml/lib/python3.7/site-packages/torch/distributions
copying build/lib.linux-ppc64le-3.7/torch/distributions/multinomial.py -> /castles/nr/projects/d/duanj-ai-in-medical-imaging/.share/conda-env/ml/lib/python3.7/site-packages/torch/distributions
copying build/lib.linux-ppc64le-3.7/torch/distributions/transforms.py -> /castles/nr/projects/d/duanj-ai-in-medical-imaging/.share/conda-env/ml/lib/python3.7/site-packages/torch/distributions
copying build/lib.linux-ppc64le-3.7/torch/distributions/continuous_bernoulli.py -> /castles/nr/projects/d/duanj-ai-in-medical-imaging/.share/conda-env/ml/lib/python3.7/site-packages/torch/distributions
copying build/lib.linux-ppc64le-3.7/torch/distributions/normal.py -> /castles/nr/projects/d/duanj-ai-in-medical-imaging/.share/conda-env/ml/lib/python3.7/site-packages/torch/distributions
copying build/lib.linux-ppc64le-3.7/torch/distributions/multivariate_normal.py -> /castles/nr/projects/d/duanj-ai-in-medical-imaging/.share/conda-env/ml/lib/python3.7/site-packages/torch/distributions
copying build/lib.linux-ppc64le-3.7/torch/distributions/negative_binomial.py -> /castles/nr/projects/d/duanj-ai-in-medical-imaging/.share/conda-env/ml/lib/python3.7/site-packages/torch/distributions
copying build/lib.linux-ppc64le-3.7/torch/distributions/exp_family.py -> /castles/nr/projects/d/duanj-ai-in-medical-imaging/.share/conda-env/ml/lib/python3.7/site-packages/torch/distributions
copying build/lib.linux-ppc64le-3.7/torch/distributions/binomial.py -> /castles/nr/projects/d/duanj-ai-in-medical-imaging/.share/conda-env/ml/lib/python3.7/site-packages/torch/distributions
copying build/lib.linux-ppc64le-3.7/torch/distributions/gumbel.py -> /castles/nr/projects/d/duanj-ai-in-medical-imaging/.share/conda-env/ml/lib/python3.7/site-packages/torch/distributions
copying build/lib.linux-ppc64le-3.7/torch/distributions/__init__.py -> /castles/nr/projects/d/duanj-ai-in-medical-imaging/.share/conda-env/ml/lib/python3.7/site-packages/torch/distributions
copying build/lib.linux-ppc64le-3.7/torch/distributions/constraint_registry.py -> /castles/nr/projects/d/duanj-ai-in-medical-imaging/.share/conda-env/ml/lib/python3.7/site-packages/torch/distributions
copying build/lib.linux-ppc64le-3.7/torch/distributions/transformed_distribution.py -> /castles/nr/projects/d/duanj-ai-in-medical-imaging/.share/conda-env/ml/lib/python3.7/site-packages/torch/distributions
copying build/lib.linux-ppc64le-3.7/torch/distributions/utils.py -> /castles/nr/projects/d/duanj-ai-in-medical-imaging/.share/conda-env/ml/lib/python3.7/site-packages/torch/distributions
copying build/lib.linux-ppc64le-3.7/torch/distributions/bernoulli.py -> /castles/nr/projects/d/duanj-ai-in-medical-imaging/.share/conda-env/ml/lib/python3.7/site-packages/torch/distributions
copying build/lib.linux-ppc64le-3.7/torch/distributions/uniform.py -> /castles/nr/projects/d/duanj-ai-in-medical-imaging/.share/conda-env/ml/lib/python3.7/site-packages/torch/distributions
copying build/lib.linux-ppc64le-3.7/torch/distributions/relaxed_categorical.py -> /castles/nr/projects/d/duanj-ai-in-medical-imaging/.share/conda-env/ml/lib/python3.7/site-packages/torch/distributions
copying build/lib.linux-ppc64le-3.7/torch/distributions/categorical.py -> /castles/nr/projects/d/duanj-ai-in-medical-imaging/.share/conda-env/ml/lib/python3.7/site-packages/torch/distributions
copying build/lib.linux-ppc64le-3.7/torch/distributions/exponential.py -> /castles/nr/projects/d/duanj-ai-in-medical-imaging/.share/conda-env/ml/lib/python3.7/site-packages/torch/distributions
copying build/lib.linux-ppc64le-3.7/torch/distributions/logistic_normal.py -> /castles/nr/projects/d/duanj-ai-in-medical-imaging/.share/conda-env/ml/lib/python3.7/site-packages/torch/distributions
copying build/lib.linux-ppc64le-3.7/torch/distributions/chi2.py -> /castles/nr/projects/d/duanj-ai-in-medical-imaging/.share/conda-env/ml/lib/python3.7/site-packages/torch/distributions
copying build/lib.linux-ppc64le-3.7/torch/distributions/relaxed_bernoulli.py -> /castles/nr/projects/d/duanj-ai-in-medical-imaging/.share/conda-env/ml/lib/python3.7/site-packages/torch/distributions
copying build/lib.linux-ppc64le-3.7/torch/distributions/independent.py -> /castles/nr/projects/d/duanj-ai-in-medical-imaging/.share/conda-env/ml/lib/python3.7/site-packages/torch/distributions
copying build/lib.linux-ppc64le-3.7/torch/distributions/constraints.py -> /castles/nr/projects/d/duanj-ai-in-medical-imaging/.share/conda-env/ml/lib/python3.7/site-packages/torch/distributions
copying build/lib.linux-ppc64le-3.7/torch/distributions/weibull.py -> /castles/nr/projects/d/duanj-ai-in-medical-imaging/.share/conda-env/ml/lib/python3.7/site-packages/torch/distributions
copying build/lib.linux-ppc64le-3.7/torch/distributions/pareto.py -> /castles/nr/projects/d/duanj-ai-in-medical-imaging/.share/conda-env/ml/lib/python3.7/site-packages/torch/distributions
copying build/lib.linux-ppc64le-3.7/torch/distributions/mixture_same_family.py -> /castles/nr/projects/d/duanj-ai-in-medical-imaging/.share/conda-env/ml/lib/python3.7/site-packages/torch/distributions
copying build/lib.linux-ppc64le-3.7/torch/distributions/cauchy.py -> /castles/nr/projects/d/duanj-ai-in-medical-imaging/.share/conda-env/ml/lib/python3.7/site-packages/torch/distributions
copying build/lib.linux-ppc64le-3.7/torch/distributions/von_mises.py -> /castles/nr/projects/d/duanj-ai-in-medical-imaging/.share/conda-env/ml/lib/python3.7/site-packages/torch/distributions
copying build/lib.linux-ppc64le-3.7/torch/distributions/studentT.py -> /castles/nr/projects/d/duanj-ai-in-medical-imaging/.share/conda-env/ml/lib/python3.7/site-packages/torch/distributions
copying build/lib.linux-ppc64le-3.7/torch/distributions/half_cauchy.py -> /castles/nr/projects/d/duanj-ai-in-medical-imaging/.share/conda-env/ml/lib/python3.7/site-packages/torch/distributions
copying build/lib.linux-ppc64le-3.7/torch/distributions/log_normal.py -> /castles/nr/projects/d/duanj-ai-in-medical-imaging/.share/conda-env/ml/lib/python3.7/site-packages/torch/distributions
copying build/lib.linux-ppc64le-3.7/torch/distributions/distribution.py -> /castles/nr/projects/d/duanj-ai-in-medical-imaging/.share/conda-env/ml/lib/python3.7/site-packages/torch/distributions
copying build/lib.linux-ppc64le-3.7/torch/distributions/one_hot_categorical.py -> /castles/nr/projects/d/duanj-ai-in-medical-imaging/.share/conda-env/ml/lib/python3.7/site-packages/torch/distributions
copying build/lib.linux-ppc64le-3.7/torch/distributions/gamma.py -> /castles/nr/projects/d/duanj-ai-in-medical-imaging/.share/conda-env/ml/lib/python3.7/site-packages/torch/distributions
copying build/lib.linux-ppc64le-3.7/torch/distributions/laplace.py -> /castles/nr/projects/d/duanj-ai-in-medical-imaging/.share/conda-env/ml/lib/python3.7/site-packages/torch/distributions
copying build/lib.linux-ppc64le-3.7/torch/distributions/half_normal.py -> /castles/nr/projects/d/duanj-ai-in-medical-imaging/.share/conda-env/ml/lib/python3.7/site-packages/torch/distributions
copying build/lib.linux-ppc64le-3.7/torch/distributions/dirichlet.py -> /castles/nr/projects/d/duanj-ai-in-medical-imaging/.share/conda-env/ml/lib/python3.7/site-packages/torch/distributions
copying build/lib.linux-ppc64le-3.7/torch/distributions/beta.py -> /castles/nr/projects/d/duanj-ai-in-medical-imaging/.share/conda-env/ml/lib/python3.7/site-packages/torch/distributions
copying build/lib.linux-ppc64le-3.7/torch/_lobpcg.py -> /castles/nr/projects/d/duanj-ai-in-medical-imaging/.share/conda-env/ml/lib/python3.7/site-packages/torch
creating /castles/nr/projects/d/duanj-ai-in-medical-imaging/.share/conda-env/ml/lib/python3.7/site-packages/torch/share
creating /castles/nr/projects/d/duanj-ai-in-medical-imaging/.share/conda-env/ml/lib/python3.7/site-packages/torch/share/cmake
creating /castles/nr/projects/d/duanj-ai-in-medical-imaging/.share/conda-env/ml/lib/python3.7/site-packages/torch/share/cmake/Torch
copying build/lib.linux-ppc64le-3.7/torch/share/cmake/Torch/TorchConfigVersion.cmake -> /castles/nr/projects/d/duanj-ai-in-medical-imaging/.share/conda-env/ml/lib/python3.7/site-packages/torch/share/cmake/Torch
copying build/lib.linux-ppc64le-3.7/torch/share/cmake/Torch/TorchConfig.cmake -> /castles/nr/projects/d/duanj-ai-in-medical-imaging/.share/conda-env/ml/lib/python3.7/site-packages/torch/share/cmake/Torch
creating /castles/nr/projects/d/duanj-ai-in-medical-imaging/.share/conda-env/ml/lib/python3.7/site-packages/torch/share/cmake/ATen
copying build/lib.linux-ppc64le-3.7/torch/share/cmake/ATen/ATenConfig.cmake -> /castles/nr/projects/d/duanj-ai-in-medical-imaging/.share/conda-env/ml/lib/python3.7/site-packages/torch/share/cmake/ATen
creating /castles/nr/projects/d/duanj-ai-in-medical-imaging/.share/conda-env/ml/lib/python3.7/site-packages/torch/share/cmake/Caffe2
copying build/lib.linux-ppc64le-3.7/torch/share/cmake/Caffe2/Caffe2ConfigVersion.cmake -> /castles/nr/projects/d/duanj-ai-in-medical-imaging/.share/conda-env/ml/lib/python3.7/site-packages/torch/share/cmake/Caffe2
copying build/lib.linux-ppc64le-3.7/torch/share/cmake/Caffe2/Caffe2Targets-release.cmake -> /castles/nr/projects/d/duanj-ai-in-medical-imaging/.share/conda-env/ml/lib/python3.7/site-packages/torch/share/cmake/Caffe2
creating /castles/nr/projects/d/duanj-ai-in-medical-imaging/.share/conda-env/ml/lib/python3.7/site-packages/torch/share/cmake/Caffe2/public
copying build/lib.linux-ppc64le-3.7/torch/share/cmake/Caffe2/public/gflags.cmake -> /castles/nr/projects/d/duanj-ai-in-medical-imaging/.share/conda-env/ml/lib/python3.7/site-packages/torch/share/cmake/Caffe2/public
copying build/lib.linux-ppc64le-3.7/torch/share/cmake/Caffe2/public/threads.cmake -> /castles/nr/projects/d/duanj-ai-in-medical-imaging/.share/conda-env/ml/lib/python3.7/site-packages/torch/share/cmake/Caffe2/public
copying build/lib.linux-ppc64le-3.7/torch/share/cmake/Caffe2/public/utils.cmake -> /castles/nr/projects/d/duanj-ai-in-medical-imaging/.share/conda-env/ml/lib/python3.7/site-packages/torch/share/cmake/Caffe2/public
copying build/lib.linux-ppc64le-3.7/torch/share/cmake/Caffe2/public/glog.cmake -> /castles/nr/projects/d/duanj-ai-in-medical-imaging/.share/conda-env/ml/lib/python3.7/site-packages/torch/share/cmake/Caffe2/public
copying build/lib.linux-ppc64le-3.7/torch/share/cmake/Caffe2/public/mkldnn.cmake -> /castles/nr/projects/d/duanj-ai-in-medical-imaging/.share/conda-env/ml/lib/python3.7/site-packages/torch/share/cmake/Caffe2/public
copying build/lib.linux-ppc64le-3.7/torch/share/cmake/Caffe2/public/cuda.cmake -> /castles/nr/projects/d/duanj-ai-in-medical-imaging/.share/conda-env/ml/lib/python3.7/site-packages/torch/share/cmake/Caffe2/public
copying build/lib.linux-ppc64le-3.7/torch/share/cmake/Caffe2/public/protobuf.cmake -> /castles/nr/projects/d/duanj-ai-in-medical-imaging/.share/conda-env/ml/lib/python3.7/site-packages/torch/share/cmake/Caffe2/public
copying build/lib.linux-ppc64le-3.7/torch/share/cmake/Caffe2/public/mkl.cmake -> /castles/nr/projects/d/duanj-ai-in-medical-imaging/.share/conda-env/ml/lib/python3.7/site-packages/torch/share/cmake/Caffe2/public
copying build/lib.linux-ppc64le-3.7/torch/share/cmake/Caffe2/Caffe2Targets.cmake -> /castles/nr/projects/d/duanj-ai-in-medical-imaging/.share/conda-env/ml/lib/python3.7/site-packages/torch/share/cmake/Caffe2
creating /castles/nr/projects/d/duanj-ai-in-medical-imaging/.share/conda-env/ml/lib/python3.7/site-packages/torch/share/cmake/Caffe2/Modules_CUDA_fix
copying build/lib.linux-ppc64le-3.7/torch/share/cmake/Caffe2/Modules_CUDA_fix/FindCUDA.cmake -> /castles/nr/projects/d/duanj-ai-in-medical-imaging/.share/conda-env/ml/lib/python3.7/site-packages/torch/share/cmake/Caffe2/Modules_CUDA_fix
creating /castles/nr/projects/d/duanj-ai-in-medical-imaging/.share/conda-env/ml/lib/python3.7/site-packages/torch/share/cmake/Caffe2/Modules_CUDA_fix/upstream
copying build/lib.linux-ppc64le-3.7/torch/share/cmake/Caffe2/Modules_CUDA_fix/upstream/FindPackageMessage.cmake -> /castles/nr/projects/d/duanj-ai-in-medical-imaging/.share/conda-env/ml/lib/python3.7/site-packages/torch/share/cmake/Caffe2/Modules_CUDA_fix/upstream
copying build/lib.linux-ppc64le-3.7/torch/share/cmake/Caffe2/Modules_CUDA_fix/upstream/FindCUDA.cmake -> /castles/nr/projects/d/duanj-ai-in-medical-imaging/.share/conda-env/ml/lib/python3.7/site-packages/torch/share/cmake/Caffe2/Modules_CUDA_fix/upstream
copying build/lib.linux-ppc64le-3.7/torch/share/cmake/Caffe2/Modules_CUDA_fix/upstream/FindPackageHandleStandardArgs.cmake -> /castles/nr/projects/d/duanj-ai-in-medical-imaging/.share/conda-env/ml/lib/python3.7/site-packages/torch/share/cmake/Caffe2/Modules_CUDA_fix/upstream
copying build/lib.linux-ppc64le-3.7/torch/share/cmake/Caffe2/Modules_CUDA_fix/upstream/CMakeInitializeConfigs.cmake -> /castles/nr/projects/d/duanj-ai-in-medical-imaging/.share/conda-env/ml/lib/python3.7/site-packages/torch/share/cmake/Caffe2/Modules_CUDA_fix/upstream
creating /castles/nr/projects/d/duanj-ai-in-medical-imaging/.share/conda-env/ml/lib/python3.7/site-packages/torch/share/cmake/Caffe2/Modules_CUDA_fix/upstream/FindCUDA
copying build/lib.linux-ppc64le-3.7/torch/share/cmake/Caffe2/Modules_CUDA_fix/upstream/FindCUDA/select_compute_arch.cmake -> /castles/nr/projects/d/duanj-ai-in-medical-imaging/.share/conda-env/ml/lib/python3.7/site-packages/torch/share/cmake/Caffe2/Modules_CUDA_fix/upstream/FindCUDA
copying build/lib.linux-ppc64le-3.7/torch/share/cmake/Caffe2/Modules_CUDA_fix/upstream/FindCUDA/make2cmake.cmake -> /castles/nr/projects/d/duanj-ai-in-medical-imaging/.share/conda-env/ml/lib/python3.7/site-packages/torch/share/cmake/Caffe2/Modules_CUDA_fix/upstream/FindCUDA
copying build/lib.linux-ppc64le-3.7/torch/share/cmake/Caffe2/Modules_CUDA_fix/upstream/FindCUDA/run_nvcc.cmake -> /castles/nr/projects/d/duanj-ai-in-medical-imaging/.share/conda-env/ml/lib/python3.7/site-packages/torch/share/cmake/Caffe2/Modules_CUDA_fix/upstream/FindCUDA
copying build/lib.linux-ppc64le-3.7/torch/share/cmake/Caffe2/Modules_CUDA_fix/upstream/FindCUDA/parse_cubin.cmake -> /castles/nr/projects/d/duanj-ai-in-medical-imaging/.share/conda-env/ml/lib/python3.7/site-packages/torch/share/cmake/Caffe2/Modules_CUDA_fix/upstream/FindCUDA
copying build/lib.linux-ppc64le-3.7/torch/share/cmake/Caffe2/Modules_CUDA_fix/FindCUDNN.cmake -> /castles/nr/projects/d/duanj-ai-in-medical-imaging/.share/conda-env/ml/lib/python3.7/site-packages/torch/share/cmake/Caffe2/Modules_CUDA_fix
copying build/lib.linux-ppc64le-3.7/torch/share/cmake/Caffe2/Caffe2Config.cmake -> /castles/nr/projects/d/duanj-ai-in-medical-imaging/.share/conda-env/ml/lib/python3.7/site-packages/torch/share/cmake/Caffe2
creating /castles/nr/projects/d/duanj-ai-in-medical-imaging/.share/conda-env/ml/lib/python3.7/site-packages/torch/share/cmake/Gloo
copying build/lib.linux-ppc64le-3.7/torch/share/cmake/Gloo/GlooTargets.cmake -> /castles/nr/projects/d/duanj-ai-in-medical-imaging/.share/conda-env/ml/lib/python3.7/site-packages/torch/share/cmake/Gloo
copying build/lib.linux-ppc64le-3.7/torch/share/cmake/Gloo/GlooConfig.cmake -> /castles/nr/projects/d/duanj-ai-in-medical-imaging/.share/conda-env/ml/lib/python3.7/site-packages/torch/share/cmake/Gloo
copying build/lib.linux-ppc64le-3.7/torch/share/cmake/Gloo/GlooTargets-release.cmake -> /castles/nr/projects/d/duanj-ai-in-medical-imaging/.share/conda-env/ml/lib/python3.7/site-packages/torch/share/cmake/Gloo
copying build/lib.linux-ppc64le-3.7/torch/share/cmake/Gloo/GlooConfigVersion.cmake -> /castles/nr/projects/d/duanj-ai-in-medical-imaging/.share/conda-env/ml/lib/python3.7/site-packages/torch/share/cmake/Gloo
copying build/lib.linux-ppc64le-3.7/torch/_utils_internal.py -> /castles/nr/projects/d/duanj-ai-in-medical-imaging/.share/conda-env/ml/lib/python3.7/site-packages/torch
creating /castles/nr/projects/d/duanj-ai-in-medical-imaging/.share/conda-env/ml/lib/python3.7/site-packages/torch/for_onnx
copying build/lib.linux-ppc64le-3.7/torch/for_onnx/__init__.py -> /castles/nr/projects/d/duanj-ai-in-medical-imaging/.share/conda-env/ml/lib/python3.7/site-packages/torch/for_onnx
creating /castles/nr/projects/d/duanj-ai-in-medical-imaging/.share/conda-env/ml/lib/python3.7/site-packages/torch/sparse
copying build/lib.linux-ppc64le-3.7/torch/sparse/__init__.py -> /castles/nr/projects/d/duanj-ai-in-medical-imaging/.share/conda-env/ml/lib/python3.7/site-packages/torch/sparse
copying build/lib.linux-ppc64le-3.7/torch/quasirandom.py -> /castles/nr/projects/d/duanj-ai-in-medical-imaging/.share/conda-env/ml/lib/python3.7/site-packages/torch
copying build/lib.linux-ppc64le-3.7/torch/storage.py -> /castles/nr/projects/d/duanj-ai-in-medical-imaging/.share/conda-env/ml/lib/python3.7/site-packages/torch
copying build/lib.linux-ppc64le-3.7/torch/_lowrank.py -> /castles/nr/projects/d/duanj-ai-in-medical-imaging/.share/conda-env/ml/lib/python3.7/site-packages/torch
copying build/lib.linux-ppc64le-3.7/torch/functional.py -> /castles/nr/projects/d/duanj-ai-in-medical-imaging/.share/conda-env/ml/lib/python3.7/site-packages/torch
creating /castles/nr/projects/d/duanj-ai-in-medical-imaging/.share/conda-env/ml/lib/python3.7/site-packages/torch/distributed
creating /castles/nr/projects/d/duanj-ai-in-medical-imaging/.share/conda-env/ml/lib/python3.7/site-packages/torch/distributed/optim
copying build/lib.linux-ppc64le-3.7/torch/distributed/optim/__init__.py -> /castles/nr/projects/d/duanj-ai-in-medical-imaging/.share/conda-env/ml/lib/python3.7/site-packages/torch/distributed/optim
copying build/lib.linux-ppc64le-3.7/torch/distributed/optim/optimizer.py -> /castles/nr/projects/d/duanj-ai-in-medical-imaging/.share/conda-env/ml/lib/python3.7/site-packages/torch/distributed/optim
copying build/lib.linux-ppc64le-3.7/torch/distributed/rendezvous.py -> /castles/nr/projects/d/duanj-ai-in-medical-imaging/.share/conda-env/ml/lib/python3.7/site-packages/torch/distributed
creating /castles/nr/projects/d/duanj-ai-in-medical-imaging/.share/conda-env/ml/lib/python3.7/site-packages/torch/distributed/autograd
copying build/lib.linux-ppc64le-3.7/torch/distributed/autograd/__init__.py -> /castles/nr/projects/d/duanj-ai-in-medical-imaging/.share/conda-env/ml/lib/python3.7/site-packages/torch/distributed/autograd
copying build/lib.linux-ppc64le-3.7/torch/distributed/launch.py -> /castles/nr/projects/d/duanj-ai-in-medical-imaging/.share/conda-env/ml/lib/python3.7/site-packages/torch/distributed
creating /castles/nr/projects/d/duanj-ai-in-medical-imaging/.share/conda-env/ml/lib/python3.7/site-packages/torch/distributed/nn
copying build/lib.linux-ppc64le-3.7/torch/distributed/nn/__init__.py -> /castles/nr/projects/d/duanj-ai-in-medical-imaging/.share/conda-env/ml/lib/python3.7/site-packages/torch/distributed/nn
creating /castles/nr/projects/d/duanj-ai-in-medical-imaging/.share/conda-env/ml/lib/python3.7/site-packages/torch/distributed/nn/jit
copying build/lib.linux-ppc64le-3.7/torch/distributed/nn/jit/instantiator.py -> /castles/nr/projects/d/duanj-ai-in-medical-imaging/.share/conda-env/ml/lib/python3.7/site-packages/torch/distributed/nn/jit
creating /castles/nr/projects/d/duanj-ai-in-medical-imaging/.share/conda-env/ml/lib/python3.7/site-packages/torch/distributed/nn/jit/templates
copying build/lib.linux-ppc64le-3.7/torch/distributed/nn/jit/templates/__init__.py -> /castles/nr/projects/d/duanj-ai-in-medical-imaging/.share/conda-env/ml/lib/python3.7/site-packages/torch/distributed/nn/jit/templates
copying build/lib.linux-ppc64le-3.7/torch/distributed/nn/jit/templates/remote_module_template.py -> /castles/nr/projects/d/duanj-ai-in-medical-imaging/.share/conda-env/ml/lib/python3.7/site-packages/torch/distributed/nn/jit/templates
copying build/lib.linux-ppc64le-3.7/torch/distributed/nn/jit/__init__.py -> /castles/nr/projects/d/duanj-ai-in-medical-imaging/.share/conda-env/ml/lib/python3.7/site-packages/torch/distributed/nn/jit
creating /castles/nr/projects/d/duanj-ai-in-medical-imaging/.share/conda-env/ml/lib/python3.7/site-packages/torch/distributed/nn/api
copying build/lib.linux-ppc64le-3.7/torch/distributed/nn/api/remote_module.py -> /castles/nr/projects/d/duanj-ai-in-medical-imaging/.share/conda-env/ml/lib/python3.7/site-packages/torch/distributed/nn/api
copying build/lib.linux-ppc64le-3.7/torch/distributed/nn/api/__init__.py -> /castles/nr/projects/d/duanj-ai-in-medical-imaging/.share/conda-env/ml/lib/python3.7/site-packages/torch/distributed/nn/api
copying build/lib.linux-ppc64le-3.7/torch/distributed/__init__.py -> /castles/nr/projects/d/duanj-ai-in-medical-imaging/.share/conda-env/ml/lib/python3.7/site-packages/torch/distributed
copying build/lib.linux-ppc64le-3.7/torch/distributed/constants.py -> /castles/nr/projects/d/duanj-ai-in-medical-imaging/.share/conda-env/ml/lib/python3.7/site-packages/torch/distributed
copying build/lib.linux-ppc64le-3.7/torch/distributed/distributed_c10d.py -> /castles/nr/projects/d/duanj-ai-in-medical-imaging/.share/conda-env/ml/lib/python3.7/site-packages/torch/distributed
creating /castles/nr/projects/d/duanj-ai-in-medical-imaging/.share/conda-env/ml/lib/python3.7/site-packages/torch/distributed/rpc
copying build/lib.linux-ppc64le-3.7/torch/distributed/rpc/backend_registry.py -> /castles/nr/projects/d/duanj-ai-in-medical-imaging/.share/conda-env/ml/lib/python3.7/site-packages/torch/distributed/rpc
copying build/lib.linux-ppc64le-3.7/torch/distributed/rpc/internal.py -> /castles/nr/projects/d/duanj-ai-in-medical-imaging/.share/conda-env/ml/lib/python3.7/site-packages/torch/distributed/rpc
copying build/lib.linux-ppc64le-3.7/torch/distributed/rpc/rref_proxy.py -> /castles/nr/projects/d/duanj-ai-in-medical-imaging/.share/conda-env/ml/lib/python3.7/site-packages/torch/distributed/rpc
copying build/lib.linux-ppc64le-3.7/torch/distributed/rpc/__init__.py -> /castles/nr/projects/d/duanj-ai-in-medical-imaging/.share/conda-env/ml/lib/python3.7/site-packages/torch/distributed/rpc
copying build/lib.linux-ppc64le-3.7/torch/distributed/rpc/server_process_global_profiler.py -> /castles/nr/projects/d/duanj-ai-in-medical-imaging/.share/conda-env/ml/lib/python3.7/site-packages/torch/distributed/rpc
copying build/lib.linux-ppc64le-3.7/torch/distributed/rpc/constants.py -> /castles/nr/projects/d/duanj-ai-in-medical-imaging/.share/conda-env/ml/lib/python3.7/site-packages/torch/distributed/rpc
copying build/lib.linux-ppc64le-3.7/torch/distributed/rpc/api.py -> /castles/nr/projects/d/duanj-ai-in-medical-imaging/.share/conda-env/ml/lib/python3.7/site-packages/torch/distributed/rpc
copying build/lib.linux-ppc64le-3.7/torch/distributed/rpc/functions.py -> /castles/nr/projects/d/duanj-ai-in-medical-imaging/.share/conda-env/ml/lib/python3.7/site-packages/torch/distributed/rpc
creating /castles/nr/projects/d/duanj-ai-in-medical-imaging/.share/conda-env/ml/lib/python3.7/site-packages/torch/distributed/rpc/_testing
copying build/lib.linux-ppc64le-3.7/torch/distributed/rpc/_testing/faulty_agent_backend_registry.py -> /castles/nr/projects/d/duanj-ai-in-medical-imaging/.share/conda-env/ml/lib/python3.7/site-packages/torch/distributed/rpc/_testing
copying build/lib.linux-ppc64le-3.7/torch/distributed/rpc/_testing/__init__.py -> /castles/nr/projects/d/duanj-ai-in-medical-imaging/.share/conda-env/ml/lib/python3.7/site-packages/torch/distributed/rpc/_testing
copying build/lib.linux-ppc64le-3.7/caffe2/core/__init__.py -> /castles/nr/projects/d/duanj-ai-in-medical-imaging/.share/conda-env/ml/lib/python3.7/site-packages/caffe2/core
copying build/lib.linux-ppc64le-3.7/caffe2/core/nomnigraph/__init__.py -> /castles/nr/projects/d/duanj-ai-in-medical-imaging/.share/conda-env/ml/lib/python3.7/site-packages/caffe2/core/nomnigraph
copying build/lib.linux-ppc64le-3.7/caffe2/core/nomnigraph/op_gen.py -> /castles/nr/projects/d/duanj-ai-in-medical-imaging/.share/conda-env/ml/lib/python3.7/site-packages/caffe2/core/nomnigraph
copying build/lib.linux-ppc64le-3.7/caffe2/proto/metanet_pb2.py -> /castles/nr/projects/d/duanj-ai-in-medical-imaging/.share/conda-env/ml/lib/python3.7/site-packages/caffe2/proto
copying build/lib.linux-ppc64le-3.7/caffe2/proto/torch_pb2.py -> /castles/nr/projects/d/duanj-ai-in-medical-imaging/.share/conda-env/ml/lib/python3.7/site-packages/caffe2/proto
copying build/lib.linux-ppc64le-3.7/caffe2/proto/predictor_consts_pb2.py -> /castles/nr/projects/d/duanj-ai-in-medical-imaging/.share/conda-env/ml/lib/python3.7/site-packages/caffe2/proto
copying build/lib.linux-ppc64le-3.7/caffe2/proto/caffe2_pb2.py -> /castles/nr/projects/d/duanj-ai-in-medical-imaging/.share/conda-env/ml/lib/python3.7/site-packages/caffe2/proto
copying build/lib.linux-ppc64le-3.7/caffe2/proto/__init__.py -> /castles/nr/projects/d/duanj-ai-in-medical-imaging/.share/conda-env/ml/lib/python3.7/site-packages/caffe2/proto
copying build/lib.linux-ppc64le-3.7/caffe2/proto/caffe2_legacy_pb2.py -> /castles/nr/projects/d/duanj-ai-in-medical-imaging/.share/conda-env/ml/lib/python3.7/site-packages/caffe2/proto
copying build/lib.linux-ppc64le-3.7/caffe2/proto/hsm_pb2.py -> /castles/nr/projects/d/duanj-ai-in-medical-imaging/.share/conda-env/ml/lib/python3.7/site-packages/caffe2/proto
copying build/lib.linux-ppc64le-3.7/caffe2/proto/prof_dag_pb2.py -> /castles/nr/projects/d/duanj-ai-in-medical-imaging/.share/conda-env/ml/lib/python3.7/site-packages/caffe2/proto
copying build/lib.linux-ppc64le-3.7/caffe2/contrib/script/__init__.py -> /castles/nr/projects/d/duanj-ai-in-medical-imaging/.share/conda-env/ml/lib/python3.7/site-packages/caffe2/contrib/script
copying build/lib.linux-ppc64le-3.7/caffe2/contrib/script/examples/__init__.py -> /castles/nr/projects/d/duanj-ai-in-medical-imaging/.share/conda-env/ml/lib/python3.7/site-packages/caffe2/contrib/script/examples
copying build/lib.linux-ppc64le-3.7/caffe2/contrib/prof/cuda_profile_ops_test.py -> /castles/nr/projects/d/duanj-ai-in-medical-imaging/.share/conda-env/ml/lib/python3.7/site-packages/caffe2/contrib/prof
copying build/lib.linux-ppc64le-3.7/caffe2/contrib/prof/__init__.py -> /castles/nr/projects/d/duanj-ai-in-medical-imaging/.share/conda-env/ml/lib/python3.7/site-packages/caffe2/contrib/prof
copying build/lib.linux-ppc64le-3.7/caffe2/contrib/aten/docs/__init__.py -> /castles/nr/projects/d/duanj-ai-in-medical-imaging/.share/conda-env/ml/lib/python3.7/site-packages/caffe2/contrib/aten/docs
copying build/lib.linux-ppc64le-3.7/caffe2/contrib/aten/docs/sample.py -> /castles/nr/projects/d/duanj-ai-in-medical-imaging/.share/conda-env/ml/lib/python3.7/site-packages/caffe2/contrib/aten/docs
copying build/lib.linux-ppc64le-3.7/caffe2/contrib/aten/aten_test.py -> /castles/nr/projects/d/duanj-ai-in-medical-imaging/.share/conda-env/ml/lib/python3.7/site-packages/caffe2/contrib/aten
copying build/lib.linux-ppc64le-3.7/caffe2/contrib/aten/__init__.py -> /castles/nr/projects/d/duanj-ai-in-medical-imaging/.share/conda-env/ml/lib/python3.7/site-packages/caffe2/contrib/aten
copying build/lib.linux-ppc64le-3.7/caffe2/contrib/aten/gen_op.py -> /castles/nr/projects/d/duanj-ai-in-medical-imaging/.share/conda-env/ml/lib/python3.7/site-packages/caffe2/contrib/aten
copying build/lib.linux-ppc64le-3.7/caffe2/contrib/playground/AnyExp.py -> /castles/nr/projects/d/duanj-ai-in-medical-imaging/.share/conda-env/ml/lib/python3.7/site-packages/caffe2/contrib/playground
copying build/lib.linux-ppc64le-3.7/caffe2/contrib/playground/ModuleRegister.py -> /castles/nr/projects/d/duanj-ai-in-medical-imaging/.share/conda-env/ml/lib/python3.7/site-packages/caffe2/contrib/playground
copying build/lib.linux-ppc64le-3.7/caffe2/contrib/playground/resnetdemo/caffe2_resnet50_default_forward.py -> /castles/nr/projects/d/duanj-ai-in-medical-imaging/.share/conda-env/ml/lib/python3.7/site-packages/caffe2/contrib/playground/resnetdemo
copying build/lib.linux-ppc64le-3.7/caffe2/contrib/playground/resnetdemo/IN1k_resnet_no_test_model.py -> /castles/nr/projects/d/duanj-ai-in-medical-imaging/.share/conda-env/ml/lib/python3.7/site-packages/caffe2/contrib/playground/resnetdemo
copying build/lib.linux-ppc64le-3.7/caffe2/contrib/playground/resnetdemo/explicit_resnet_forward.py -> /castles/nr/projects/d/duanj-ai-in-medical-imaging/.share/conda-env/ml/lib/python3.7/site-packages/caffe2/contrib/playground/resnetdemo
copying build/lib.linux-ppc64le-3.7/caffe2/contrib/playground/resnetdemo/explicit_resnet_param_update.py -> /castles/nr/projects/d/duanj-ai-in-medical-imaging/.share/conda-env/ml/lib/python3.7/site-packages/caffe2/contrib/playground/resnetdemo
copying build/lib.linux-ppc64le-3.7/caffe2/contrib/playground/resnetdemo/override_no_test_model_no_checkpoint.py -> /castles/nr/projects/d/duanj-ai-in-medical-imaging/.share/conda-env/ml/lib/python3.7/site-packages/caffe2/contrib/playground/resnetdemo
copying build/lib.linux-ppc64le-3.7/caffe2/contrib/playground/resnetdemo/__init__.py -> /castles/nr/projects/d/duanj-ai-in-medical-imaging/.share/conda-env/ml/lib/python3.7/site-packages/caffe2/contrib/playground/resnetdemo
copying build/lib.linux-ppc64le-3.7/caffe2/contrib/playground/resnetdemo/gfs_IN1k.py -> /castles/nr/projects/d/duanj-ai-in-medical-imaging/.share/conda-env/ml/lib/python3.7/site-packages/caffe2/contrib/playground/resnetdemo
copying build/lib.linux-ppc64le-3.7/caffe2/contrib/playground/resnetdemo/IN1k_resnet.py -> /castles/nr/projects/d/duanj-ai-in-medical-imaging/.share/conda-env/ml/lib/python3.7/site-packages/caffe2/contrib/playground/resnetdemo
copying build/lib.linux-ppc64le-3.7/caffe2/contrib/playground/resnetdemo/rendezvous_filestore.py -> /castles/nr/projects/d/duanj-ai-in-medical-imaging/.share/conda-env/ml/lib/python3.7/site-packages/caffe2/contrib/playground/resnetdemo
copying build/lib.linux-ppc64le-3.7/caffe2/contrib/playground/resnetdemo/caffe2_resnet50_default_param_update.py -> /castles/nr/projects/d/duanj-ai-in-medical-imaging/.share/conda-env/ml/lib/python3.7/site-packages/caffe2/contrib/playground/resnetdemo
copying build/lib.linux-ppc64le-3.7/caffe2/contrib/playground/meter.py -> /castles/nr/projects/d/duanj-ai-in-medical-imaging/.share/conda-env/ml/lib/python3.7/site-packages/caffe2/contrib/playground
copying build/lib.linux-ppc64le-3.7/caffe2/contrib/playground/compute_topk_accuracy.py -> /castles/nr/projects/d/duanj-ai-in-medical-imaging/.share/conda-env/ml/lib/python3.7/site-packages/caffe2/contrib/playground
copying build/lib.linux-ppc64le-3.7/caffe2/contrib/playground/__init__.py -> /castles/nr/projects/d/duanj-ai-in-medical-imaging/.share/conda-env/ml/lib/python3.7/site-packages/caffe2/contrib/playground
copying build/lib.linux-ppc64le-3.7/caffe2/contrib/playground/checkpoint.py -> /castles/nr/projects/d/duanj-ai-in-medical-imaging/.share/conda-env/ml/lib/python3.7/site-packages/caffe2/contrib/playground
copying build/lib.linux-ppc64le-3.7/caffe2/contrib/playground/output_generator.py -> /castles/nr/projects/d/duanj-ai-in-medical-imaging/.share/conda-env/ml/lib/python3.7/site-packages/caffe2/contrib/playground
copying build/lib.linux-ppc64le-3.7/caffe2/contrib/playground/AnyExpOnTerm.py -> /castles/nr/projects/d/duanj-ai-in-medical-imaging/.share/conda-env/ml/lib/python3.7/site-packages/caffe2/contrib/playground
copying build/lib.linux-ppc64le-3.7/caffe2/contrib/playground/module_map.py -> /castles/nr/projects/d/duanj-ai-in-medical-imaging/.share/conda-env/ml/lib/python3.7/site-packages/caffe2/contrib/playground
copying build/lib.linux-ppc64le-3.7/caffe2/contrib/playground/compute_loss.py -> /castles/nr/projects/d/duanj-ai-in-medical-imaging/.share/conda-env/ml/lib/python3.7/site-packages/caffe2/contrib/playground
copying build/lib.linux-ppc64le-3.7/caffe2/contrib/__init__.py -> /castles/nr/projects/d/duanj-ai-in-medical-imaging/.share/conda-env/ml/lib/python3.7/site-packages/caffe2/contrib
copying build/lib.linux-ppc64le-3.7/caffe2/contrib/tensorboard/__init__.py -> /castles/nr/projects/d/duanj-ai-in-medical-imaging/.share/conda-env/ml/lib/python3.7/site-packages/caffe2/contrib/tensorboard
copying build/lib.linux-ppc64le-3.7/caffe2/contrib/tensorboard/tensorboard_exporter.py -> /castles/nr/projects/d/duanj-ai-in-medical-imaging/.share/conda-env/ml/lib/python3.7/site-packages/caffe2/contrib/tensorboard
copying build/lib.linux-ppc64le-3.7/caffe2/contrib/tensorboard/tensorboard_exporter_test.py -> /castles/nr/projects/d/duanj-ai-in-medical-imaging/.share/conda-env/ml/lib/python3.7/site-packages/caffe2/contrib/tensorboard
copying build/lib.linux-ppc64le-3.7/caffe2/contrib/tensorboard/tensorboard.py -> /castles/nr/projects/d/duanj-ai-in-medical-imaging/.share/conda-env/ml/lib/python3.7/site-packages/caffe2/contrib/tensorboard
copying build/lib.linux-ppc64le-3.7/caffe2/contrib/tensorboard/tensorboard_test.py -> /castles/nr/projects/d/duanj-ai-in-medical-imaging/.share/conda-env/ml/lib/python3.7/site-packages/caffe2/contrib/tensorboard
copying build/lib.linux-ppc64le-3.7/caffe2/contrib/warpctc/ctc_ops_test.py -> /castles/nr/projects/d/duanj-ai-in-medical-imaging/.share/conda-env/ml/lib/python3.7/site-packages/caffe2/contrib/warpctc
copying build/lib.linux-ppc64le-3.7/caffe2/contrib/warpctc/__init__.py -> /castles/nr/projects/d/duanj-ai-in-medical-imaging/.share/conda-env/ml/lib/python3.7/site-packages/caffe2/contrib/warpctc
copying build/lib.linux-ppc64le-3.7/caffe2/contrib/gloo/__init__.py -> /castles/nr/projects/d/duanj-ai-in-medical-imaging/.share/conda-env/ml/lib/python3.7/site-packages/caffe2/contrib/gloo
copying build/lib.linux-ppc64le-3.7/caffe2/contrib/gloo/gloo_test.py -> /castles/nr/projects/d/duanj-ai-in-medical-imaging/.share/conda-env/ml/lib/python3.7/site-packages/caffe2/contrib/gloo
copying build/lib.linux-ppc64le-3.7/caffe2/contrib/nnpack/__init__.py -> /castles/nr/projects/d/duanj-ai-in-medical-imaging/.share/conda-env/ml/lib/python3.7/site-packages/caffe2/contrib/nnpack
copying build/lib.linux-ppc64le-3.7/caffe2/contrib/nnpack/nnpack_ops_test.py -> /castles/nr/projects/d/duanj-ai-in-medical-imaging/.share/conda-env/ml/lib/python3.7/site-packages/caffe2/contrib/nnpack
copying build/lib.linux-ppc64le-3.7/caffe2/contrib/nccl/__init__.py -> /castles/nr/projects/d/duanj-ai-in-medical-imaging/.share/conda-env/ml/lib/python3.7/site-packages/caffe2/contrib/nccl
copying build/lib.linux-ppc64le-3.7/caffe2/contrib/nccl/nccl_ops_test.py -> /castles/nr/projects/d/duanj-ai-in-medical-imaging/.share/conda-env/ml/lib/python3.7/site-packages/caffe2/contrib/nccl
copying build/lib.linux-ppc64le-3.7/caffe2/python/dyndep.py -> /castles/nr/projects/d/duanj-ai-in-medical-imaging/.share/conda-env/ml/lib/python3.7/site-packages/caffe2/python
copying build/lib.linux-ppc64le-3.7/caffe2/python/workspace.py -> /castles/nr/projects/d/duanj-ai-in-medical-imaging/.share/conda-env/ml/lib/python3.7/site-packages/caffe2/python
copying build/lib.linux-ppc64le-3.7/caffe2/python/regularizer.py -> /castles/nr/projects/d/duanj-ai-in-medical-imaging/.share/conda-env/ml/lib/python3.7/site-packages/caffe2/python
copying build/lib.linux-ppc64le-3.7/caffe2/python/cached_reader.py -> /castles/nr/projects/d/duanj-ai-in-medical-imaging/.share/conda-env/ml/lib/python3.7/site-packages/caffe2/python
copying build/lib.linux-ppc64le-3.7/caffe2/python/control_test.py -> /castles/nr/projects/d/duanj-ai-in-medical-imaging/.share/conda-env/ml/lib/python3.7/site-packages/caffe2/python
copying build/lib.linux-ppc64le-3.7/caffe2/python/data_parallel_model_test.py -> /castles/nr/projects/d/duanj-ai-in-medical-imaging/.share/conda-env/ml/lib/python3.7/site-packages/caffe2/python
copying build/lib.linux-ppc64le-3.7/caffe2/python/ideep/spatial_bn_op_test.py -> /castles/nr/projects/d/duanj-ai-in-medical-imaging/.share/conda-env/ml/lib/python3.7/site-packages/caffe2/python/ideep
copying build/lib.linux-ppc64le-3.7/caffe2/python/ideep/sigmoid_op_test.py -> /castles/nr/projects/d/duanj-ai-in-medical-imaging/.share/conda-env/ml/lib/python3.7/site-packages/caffe2/python/ideep
copying build/lib.linux-ppc64le-3.7/caffe2/python/ideep/relu_op_test.py -> /castles/nr/projects/d/duanj-ai-in-medical-imaging/.share/conda-env/ml/lib/python3.7/site-packages/caffe2/python/ideep
copying build/lib.linux-ppc64le-3.7/caffe2/python/ideep/order_switch_op_test.py -> /castles/nr/projects/d/duanj-ai-in-medical-imaging/.share/conda-env/ml/lib/python3.7/site-packages/caffe2/python/ideep
copying build/lib.linux-ppc64le-3.7/caffe2/python/ideep/shape_op_test.py -> /castles/nr/projects/d/duanj-ai-in-medical-imaging/.share/conda-env/ml/lib/python3.7/site-packages/caffe2/python/ideep
copying build/lib.linux-ppc64le-3.7/caffe2/python/ideep/expanddims_squeeze_op_test.py -> /castles/nr/projects/d/duanj-ai-in-medical-imaging/.share/conda-env/ml/lib/python3.7/site-packages/caffe2/python/ideep
copying build/lib.linux-ppc64le-3.7/caffe2/python/ideep/test_ideep_net.py -> /castles/nr/projects/d/duanj-ai-in-medical-imaging/.share/conda-env/ml/lib/python3.7/site-packages/caffe2/python/ideep
copying build/lib.linux-ppc64le-3.7/caffe2/python/ideep/copy_op_test.py -> /castles/nr/projects/d/duanj-ai-in-medical-imaging/.share/conda-env/ml/lib/python3.7/site-packages/caffe2/python/ideep
copying build/lib.linux-ppc64le-3.7/caffe2/python/ideep/blobs_queue_db_test.py -> /castles/nr/projects/d/duanj-ai-in-medical-imaging/.share/conda-env/ml/lib/python3.7/site-packages/caffe2/python/ideep
copying build/lib.linux-ppc64le-3.7/caffe2/python/ideep/concat_split_op_test.py -> /castles/nr/projects/d/duanj-ai-in-medical-imaging/.share/conda-env/ml/lib/python3.7/site-packages/caffe2/python/ideep
copying build/lib.linux-ppc64le-3.7/caffe2/python/ideep/__init__.py -> /castles/nr/projects/d/duanj-ai-in-medical-imaging/.share/conda-env/ml/lib/python3.7/site-packages/caffe2/python/ideep
copying build/lib.linux-ppc64le-3.7/caffe2/python/ideep/moment_sgd_op_test.py -> /castles/nr/projects/d/duanj-ai-in-medical-imaging/.share/conda-env/ml/lib/python3.7/site-packages/caffe2/python/ideep
copying build/lib.linux-ppc64le-3.7/caffe2/python/ideep/fc_op_test.py -> /castles/nr/projects/d/duanj-ai-in-medical-imaging/.share/conda-env/ml/lib/python3.7/site-packages/caffe2/python/ideep
copying build/lib.linux-ppc64le-3.7/caffe2/python/ideep/channel_shuffle_op_test.py -> /castles/nr/projects/d/duanj-ai-in-medical-imaging/.share/conda-env/ml/lib/python3.7/site-packages/caffe2/python/ideep
copying build/lib.linux-ppc64le-3.7/caffe2/python/ideep/leaky_relu_op_test.py -> /castles/nr/projects/d/duanj-ai-in-medical-imaging/.share/conda-env/ml/lib/python3.7/site-packages/caffe2/python/ideep
copying build/lib.linux-ppc64le-3.7/caffe2/python/ideep/LRN_op_test.py -> /castles/nr/projects/d/duanj-ai-in-medical-imaging/.share/conda-env/ml/lib/python3.7/site-packages/caffe2/python/ideep
copying build/lib.linux-ppc64le-3.7/caffe2/python/ideep/softmax_op_test.py -> /castles/nr/projects/d/duanj-ai-in-medical-imaging/.share/conda-env/ml/lib/python3.7/site-packages/caffe2/python/ideep
copying build/lib.linux-ppc64le-3.7/caffe2/python/ideep/transpose_op_test.py -> /castles/nr/projects/d/duanj-ai-in-medical-imaging/.share/conda-env/ml/lib/python3.7/site-packages/caffe2/python/ideep
copying build/lib.linux-ppc64le-3.7/caffe2/python/ideep/conv_transpose_test.py -> /castles/nr/projects/d/duanj-ai-in-medical-imaging/.share/conda-env/ml/lib/python3.7/site-packages/caffe2/python/ideep
copying build/lib.linux-ppc64le-3.7/caffe2/python/ideep/pre_convert_test.py -> /castles/nr/projects/d/duanj-ai-in-medical-imaging/.share/conda-env/ml/lib/python3.7/site-packages/caffe2/python/ideep
copying build/lib.linux-ppc64le-3.7/caffe2/python/ideep/pool_op_test.py -> /castles/nr/projects/d/duanj-ai-in-medical-imaging/.share/conda-env/ml/lib/python3.7/site-packages/caffe2/python/ideep
copying build/lib.linux-ppc64le-3.7/caffe2/python/ideep/convfusion_op_test.py -> /castles/nr/projects/d/duanj-ai-in-medical-imaging/.share/conda-env/ml/lib/python3.7/site-packages/caffe2/python/ideep
copying build/lib.linux-ppc64le-3.7/caffe2/python/ideep/operator_fallback_op_test.py -> /castles/nr/projects/d/duanj-ai-in-medical-imaging/.share/conda-env/ml/lib/python3.7/site-packages/caffe2/python/ideep
copying build/lib.linux-ppc64le-3.7/caffe2/python/ideep/weightedsum_op_test.py -> /castles/nr/projects/d/duanj-ai-in-medical-imaging/.share/conda-env/ml/lib/python3.7/site-packages/caffe2/python/ideep
copying build/lib.linux-ppc64le-3.7/caffe2/python/ideep/adam_op_test.py -> /castles/nr/projects/d/duanj-ai-in-medical-imaging/.share/conda-env/ml/lib/python3.7/site-packages/caffe2/python/ideep
copying build/lib.linux-ppc64le-3.7/caffe2/python/ideep/transform_ideep_net.py -> /castles/nr/projects/d/duanj-ai-in-medical-imaging/.share/conda-env/ml/lib/python3.7/site-packages/caffe2/python/ideep
copying build/lib.linux-ppc64le-3.7/caffe2/python/ideep/reshape_op_test.py -> /castles/nr/projects/d/duanj-ai-in-medical-imaging/.share/conda-env/ml/lib/python3.7/site-packages/caffe2/python/ideep
copying build/lib.linux-ppc64le-3.7/caffe2/python/ideep/conv_op_test.py -> /castles/nr/projects/d/duanj-ai-in-medical-imaging/.share/conda-env/ml/lib/python3.7/site-packages/caffe2/python/ideep
copying build/lib.linux-ppc64le-3.7/caffe2/python/ideep/dropout_op_test.py -> /castles/nr/projects/d/duanj-ai-in-medical-imaging/.share/conda-env/ml/lib/python3.7/site-packages/caffe2/python/ideep
copying build/lib.linux-ppc64le-3.7/caffe2/python/ideep/elementwise_sum_op_test.py -> /castles/nr/projects/d/duanj-ai-in-medical-imaging/.share/conda-env/ml/lib/python3.7/site-packages/caffe2/python/ideep
copying build/lib.linux-ppc64le-3.7/caffe2/python/record_queue.py -> /castles/nr/projects/d/duanj-ai-in-medical-imaging/.share/conda-env/ml/lib/python3.7/site-packages/caffe2/python
copying build/lib.linux-ppc64le-3.7/caffe2/python/session_test.py -> /castles/nr/projects/d/duanj-ai-in-medical-imaging/.share/conda-env/ml/lib/python3.7/site-packages/caffe2/python
copying build/lib.linux-ppc64le-3.7/caffe2/python/optimizer_test.py -> /castles/nr/projects/d/duanj-ai-in-medical-imaging/.share/conda-env/ml/lib/python3.7/site-packages/caffe2/python
copying build/lib.linux-ppc64le-3.7/caffe2/python/filler_test.py -> /castles/nr/projects/d/duanj-ai-in-medical-imaging/.share/conda-env/ml/lib/python3.7/site-packages/caffe2/python
copying build/lib.linux-ppc64le-3.7/caffe2/python/pipeline.py -> /castles/nr/projects/d/duanj-ai-in-medical-imaging/.share/conda-env/ml/lib/python3.7/site-packages/caffe2/python
copying build/lib.linux-ppc64le-3.7/caffe2/python/docs/github.py -> /castles/nr/projects/d/duanj-ai-in-medical-imaging/.share/conda-env/ml/lib/python3.7/site-packages/caffe2/python/docs
copying build/lib.linux-ppc64le-3.7/caffe2/python/docs/generator.py -> /castles/nr/projects/d/duanj-ai-in-medical-imaging/.share/conda-env/ml/lib/python3.7/site-packages/caffe2/python/docs
copying build/lib.linux-ppc64le-3.7/caffe2/python/docs/parser.py -> /castles/nr/projects/d/duanj-ai-in-medical-imaging/.share/conda-env/ml/lib/python3.7/site-packages/caffe2/python/docs
copying build/lib.linux-ppc64le-3.7/caffe2/python/docs/formatter.py -> /castles/nr/projects/d/duanj-ai-in-medical-imaging/.share/conda-env/ml/lib/python3.7/site-packages/caffe2/python/docs
copying build/lib.linux-ppc64le-3.7/caffe2/python/docs/__init__.py -> /castles/nr/projects/d/duanj-ai-in-medical-imaging/.share/conda-env/ml/lib/python3.7/site-packages/caffe2/python/docs
copying build/lib.linux-ppc64le-3.7/caffe2/python/caffe_translator_test.py -> /castles/nr/projects/d/duanj-ai-in-medical-imaging/.share/conda-env/ml/lib/python3.7/site-packages/caffe2/python
copying build/lib.linux-ppc64le-3.7/caffe2/python/db_file_reader.py -> /castles/nr/projects/d/duanj-ai-in-medical-imaging/.share/conda-env/ml/lib/python3.7/site-packages/caffe2/python
copying build/lib.linux-ppc64le-3.7/caffe2/python/functional_test.py -> /castles/nr/projects/d/duanj-ai-in-medical-imaging/.share/conda-env/ml/lib/python3.7/site-packages/caffe2/python
copying build/lib.linux-ppc64le-3.7/caffe2/python/device_checker.py -> /castles/nr/projects/d/duanj-ai-in-medical-imaging/.share/conda-env/ml/lib/python3.7/site-packages/caffe2/python
copying build/lib.linux-ppc64le-3.7/caffe2/python/experiment_util.py -> /castles/nr/projects/d/duanj-ai-in-medical-imaging/.share/conda-env/ml/lib/python3.7/site-packages/caffe2/python
copying build/lib.linux-ppc64le-3.7/caffe2/python/checkpoint_test.py -> /castles/nr/projects/d/duanj-ai-in-medical-imaging/.share/conda-env/ml/lib/python3.7/site-packages/caffe2/python
copying build/lib.linux-ppc64le-3.7/caffe2/python/caffe_translator.py -> /castles/nr/projects/d/duanj-ai-in-medical-imaging/.share/conda-env/ml/lib/python3.7/site-packages/caffe2/python
copying build/lib.linux-ppc64le-3.7/caffe2/python/control_ops_grad.py -> /castles/nr/projects/d/duanj-ai-in-medical-imaging/.share/conda-env/ml/lib/python3.7/site-packages/caffe2/python
copying build/lib.linux-ppc64le-3.7/caffe2/python/task.py -> /castles/nr/projects/d/duanj-ai-in-medical-imaging/.share/conda-env/ml/lib/python3.7/site-packages/caffe2/python
copying build/lib.linux-ppc64le-3.7/caffe2/python/nomnigraph.py -> /castles/nr/projects/d/duanj-ai-in-medical-imaging/.share/conda-env/ml/lib/python3.7/site-packages/caffe2/python
copying build/lib.linux-ppc64le-3.7/caffe2/python/lazy.py -> /castles/nr/projects/d/duanj-ai-in-medical-imaging/.share/conda-env/ml/lib/python3.7/site-packages/caffe2/python
copying build/lib.linux-ppc64le-3.7/caffe2/python/visualize.py -> /castles/nr/projects/d/duanj-ai-in-medical-imaging/.share/conda-env/ml/lib/python3.7/site-packages/caffe2/python
copying build/lib.linux-ppc64le-3.7/caffe2/python/parallel_workers_test.py -> /castles/nr/projects/d/duanj-ai-in-medical-imaging/.share/conda-env/ml/lib/python3.7/site-packages/caffe2/python
copying build/lib.linux-ppc64le-3.7/caffe2/python/layer_parameter_sharing_test.py -> /castles/nr/projects/d/duanj-ai-in-medical-imaging/.share/conda-env/ml/lib/python3.7/site-packages/caffe2/python
copying build/lib.linux-ppc64le-3.7/caffe2/python/serialized_test/serialized_test_util.py -> /castles/nr/projects/d/duanj-ai-in-medical-imaging/.share/conda-env/ml/lib/python3.7/site-packages/caffe2/python/serialized_test
copying build/lib.linux-ppc64le-3.7/caffe2/python/serialized_test/coverage.py -> /castles/nr/projects/d/duanj-ai-in-medical-imaging/.share/conda-env/ml/lib/python3.7/site-packages/caffe2/python/serialized_test
copying build/lib.linux-ppc64le-3.7/caffe2/python/serialized_test/__init__.py -> /castles/nr/projects/d/duanj-ai-in-medical-imaging/.share/conda-env/ml/lib/python3.7/site-packages/caffe2/python/serialized_test
copying build/lib.linux-ppc64le-3.7/caffe2/python/serialized_test/data/operator_test/unique_ops_test.test_unique_op.zip -> /castles/nr/projects/d/duanj-ai-in-medical-imaging/.share/conda-env/ml/lib/python3.7/site-packages/caffe2/python/serialized_test/data/operator_test
copying build/lib.linux-ppc64le-3.7/caffe2/python/serialized_test/data/operator_test/reduce_ops_test.test_reduce_mean.zip -> /castles/nr/projects/d/duanj-ai-in-medical-imaging/.share/conda-env/ml/lib/python3.7/site-packages/caffe2/python/serialized_test/data/operator_test
copying build/lib.linux-ppc64le-3.7/caffe2/python/serialized_test/data/operator_test/margin_ranking_criterion_op_test.test_margin_ranking_criterion.zip -> /castles/nr/projects/d/duanj-ai-in-medical-imaging/.share/conda-env/ml/lib/python3.7/site-packages/caffe2/python/serialized_test/data/operator_test
copying build/lib.linux-ppc64le-3.7/caffe2/python/serialized_test/data/operator_test/utility_ops_test.test_sum.zip -> /castles/nr/projects/d/duanj-ai-in-medical-imaging/.share/conda-env/ml/lib/python3.7/site-packages/caffe2/python/serialized_test/data/operator_test
copying build/lib.linux-ppc64le-3.7/caffe2/python/serialized_test/data/operator_test/selu_op_test.test_selu_1.zip -> /castles/nr/projects/d/duanj-ai-in-medical-imaging/.share/conda-env/ml/lib/python3.7/site-packages/caffe2/python/serialized_test/data/operator_test
copying build/lib.linux-ppc64le-3.7/caffe2/python/serialized_test/data/operator_test/elementwise_logical_ops_test.test_where.zip -> /castles/nr/projects/d/duanj-ai-in-medical-imaging/.share/conda-env/ml/lib/python3.7/site-packages/caffe2/python/serialized_test/data/operator_test
copying build/lib.linux-ppc64le-3.7/caffe2/python/serialized_test/data/operator_test/gather_ops_test.test_gather_ops.zip -> /castles/nr/projects/d/duanj-ai-in-medical-imaging/.share/conda-env/ml/lib/python3.7/site-packages/caffe2/python/serialized_test/data/operator_test
copying build/lib.linux-ppc64le-3.7/caffe2/python/serialized_test/data/operator_test/reduction_ops_test.test_elementwise_sum.zip -> /castles/nr/projects/d/duanj-ai-in-medical-imaging/.share/conda-env/ml/lib/python3.7/site-packages/caffe2/python/serialized_test/data/operator_test
copying build/lib.linux-ppc64le-3.7/caffe2/python/serialized_test/data/operator_test/sparse_ops_test.testScatterWeightedSum.zip -> /castles/nr/projects/d/duanj-ai-in-medical-imaging/.share/conda-env/ml/lib/python3.7/site-packages/caffe2/python/serialized_test/data/operator_test
copying build/lib.linux-ppc64le-3.7/caffe2/python/serialized_test/data/operator_test/activation_ops_test.test_relu_n.zip -> /castles/nr/projects/d/duanj-ai-in-medical-imaging/.share/conda-env/ml/lib/python3.7/site-packages/caffe2/python/serialized_test/data/operator_test
copying build/lib.linux-ppc64le-3.7/caffe2/python/serialized_test/data/operator_test/reduce_ops_test.test_reduce_back_max.zip -> /castles/nr/projects/d/duanj-ai-in-medical-imaging/.share/conda-env/ml/lib/python3.7/site-packages/caffe2/python/serialized_test/data/operator_test
copying build/lib.linux-ppc64le-3.7/caffe2/python/serialized_test/data/operator_test/upsample_op_test.test_upsample.zip -> /castles/nr/projects/d/duanj-ai-in-medical-imaging/.share/conda-env/ml/lib/python3.7/site-packages/caffe2/python/serialized_test/data/operator_test
copying build/lib.linux-ppc64le-3.7/caffe2/python/serialized_test/data/operator_test/adagrad_test.test_adagrad.zip -> /castles/nr/projects/d/duanj-ai-in-medical-imaging/.share/conda-env/ml/lib/python3.7/site-packages/caffe2/python/serialized_test/data/operator_test
copying build/lib.linux-ppc64le-3.7/caffe2/python/serialized_test/data/operator_test/mean_op_test.test_mean.zip -> /castles/nr/projects/d/duanj-ai-in-medical-imaging/.share/conda-env/ml/lib/python3.7/site-packages/caffe2/python/serialized_test/data/operator_test
copying build/lib.linux-ppc64le-3.7/caffe2/python/serialized_test/data/operator_test/elementwise_logical_ops_test.test_is_member_of.zip -> /castles/nr/projects/d/duanj-ai-in-medical-imaging/.share/conda-env/ml/lib/python3.7/site-packages/caffe2/python/serialized_test/data/operator_test
copying build/lib.linux-ppc64le-3.7/caffe2/python/serialized_test/data/operator_test/lengths_pad_op_test.test_lengths_pad.zip -> /castles/nr/projects/d/duanj-ai-in-medical-imaging/.share/conda-env/ml/lib/python3.7/site-packages/caffe2/python/serialized_test/data/operator_test
copying build/lib.linux-ppc64le-3.7/caffe2/python/serialized_test/data/operator_test/trigonometric_op_test.test_asin.zip -> /castles/nr/projects/d/duanj-ai-in-medical-imaging/.share/conda-env/ml/lib/python3.7/site-packages/caffe2/python/serialized_test/data/operator_test
copying build/lib.linux-ppc64le-3.7/caffe2/python/serialized_test/data/operator_test/sinusoid_position_encoding_op_test.test_sinusoid_embedding.zip -> /castles/nr/projects/d/duanj-ai-in-medical-imaging/.share/conda-env/ml/lib/python3.7/site-packages/caffe2/python/serialized_test/data/operator_test
copying build/lib.linux-ppc64le-3.7/caffe2/python/serialized_test/data/operator_test/upsample_op_test.test_upsample_grad.zip -> /castles/nr/projects/d/duanj-ai-in-medical-imaging/.share/conda-env/ml/lib/python3.7/site-packages/caffe2/python/serialized_test/data/operator_test
copying build/lib.linux-ppc64le-3.7/caffe2/python/serialized_test/data/operator_test/utility_ops_test.test_elementwise_min.zip -> /castles/nr/projects/d/duanj-ai-in-medical-imaging/.share/conda-env/ml/lib/python3.7/site-packages/caffe2/python/serialized_test/data/operator_test
copying build/lib.linux-ppc64le-3.7/caffe2/python/serialized_test/data/operator_test/utility_ops_test.test_lengths_gather.zip -> /castles/nr/projects/d/duanj-ai-in-medical-imaging/.share/conda-env/ml/lib/python3.7/site-packages/caffe2/python/serialized_test/data/operator_test
copying build/lib.linux-ppc64le-3.7/caffe2/python/serialized_test/data/operator_test/wngrad_test.test_wngrad_dense_base.zip -> /castles/nr/projects/d/duanj-ai-in-medical-imaging/.share/conda-env/ml/lib/python3.7/site-packages/caffe2/python/serialized_test/data/operator_test
copying build/lib.linux-ppc64le-3.7/caffe2/python/serialized_test/data/operator_test/activation_ops_test.test_relu.zip -> /castles/nr/projects/d/duanj-ai-in-medical-imaging/.share/conda-env/ml/lib/python3.7/site-packages/caffe2/python/serialized_test/data/operator_test
copying build/lib.linux-ppc64le-3.7/caffe2/python/serialized_test/data/operator_test/utility_ops_test.test_elementwise_min_grad.zip -> /castles/nr/projects/d/duanj-ai-in-medical-imaging/.share/conda-env/ml/lib/python3.7/site-packages/caffe2/python/serialized_test/data/operator_test
copying build/lib.linux-ppc64le-3.7/caffe2/python/serialized_test/data/operator_test/piecewise_linear_transform_test.test_multi_predictions_params_from_arg.zip -> /castles/nr/projects/d/duanj-ai-in-medical-imaging/.share/conda-env/ml/lib/python3.7/site-packages/caffe2/python/serialized_test/data/operator_test
copying build/lib.linux-ppc64le-3.7/caffe2/python/serialized_test/data/operator_test/utility_ops_test.test_elementwise_max.zip -> /castles/nr/projects/d/duanj-ai-in-medical-imaging/.share/conda-env/ml/lib/python3.7/site-packages/caffe2/python/serialized_test/data/operator_test
copying build/lib.linux-ppc64le-3.7/caffe2/python/serialized_test/data/operator_test/hyperbolic_ops_test.test_cosh.zip -> /castles/nr/projects/d/duanj-ai-in-medical-imaging/.share/conda-env/ml/lib/python3.7/site-packages/caffe2/python/serialized_test/data/operator_test
copying build/lib.linux-ppc64le-3.7/caffe2/python/serialized_test/data/operator_test/learning_rate_adaption_op_test.test_learning_rate_adaption_op_normalization.zip -> /castles/nr/projects/d/duanj-ai-in-medical-imaging/.share/conda-env/ml/lib/python3.7/site-packages/caffe2/python/serialized_test/data/operator_test
copying build/lib.linux-ppc64le-3.7/caffe2/python/serialized_test/data/operator_test/collect_and_distribute_fpn_rpn_proposals_op_test.test_collect_and_dist.zip -> /castles/nr/projects/d/duanj-ai-in-medical-imaging/.share/conda-env/ml/lib/python3.7/site-packages/caffe2/python/serialized_test/data/operator_test
copying build/lib.linux-ppc64le-3.7/caffe2/python/serialized_test/data/operator_test/sequence_ops_test.test_reverse_packed_segs.zip -> /castles/nr/projects/d/duanj-ai-in-medical-imaging/.share/conda-env/ml/lib/python3.7/site-packages/caffe2/python/serialized_test/data/operator_test
copying build/lib.linux-ppc64le-3.7/caffe2/python/serialized_test/data/operator_test/gather_ranges_op_test.test_gather_ranges.zip -> /castles/nr/projects/d/duanj-ai-in-medical-imaging/.share/conda-env/ml/lib/python3.7/site-packages/caffe2/python/serialized_test/data/operator_test
copying build/lib.linux-ppc64le-3.7/caffe2/python/serialized_test/data/operator_test/one_hot_ops_test.test_batch_bucketized_one_hot.zip -> /castles/nr/projects/d/duanj-ai-in-medical-imaging/.share/conda-env/ml/lib/python3.7/site-packages/caffe2/python/serialized_test/data/operator_test
copying build/lib.linux-ppc64le-3.7/caffe2/python/serialized_test/data/operator_test/thresholded_relu_op_test.test_thresholded_relu_1.zip -> /castles/nr/projects/d/duanj-ai-in-medical-imaging/.share/conda-env/ml/lib/python3.7/site-packages/caffe2/python/serialized_test/data/operator_test
copying build/lib.linux-ppc64le-3.7/caffe2/python/serialized_test/data/operator_test/sequence_ops_test.test_remove_data_blocks.zip -> /castles/nr/projects/d/duanj-ai-in-medical-imaging/.share/conda-env/ml/lib/python3.7/site-packages/caffe2/python/serialized_test/data/operator_test
copying build/lib.linux-ppc64le-3.7/caffe2/python/serialized_test/data/operator_test/pack_ops_test.test_pack_with_max_length_ops.zip -> /castles/nr/projects/d/duanj-ai-in-medical-imaging/.share/conda-env/ml/lib/python3.7/site-packages/caffe2/python/serialized_test/data/operator_test
copying build/lib.linux-ppc64le-3.7/caffe2/python/serialized_test/data/operator_test/one_hot_ops_test.test_one_hot.zip -> /castles/nr/projects/d/duanj-ai-in-medical-imaging/.share/conda-env/ml/lib/python3.7/site-packages/caffe2/python/serialized_test/data/operator_test
copying build/lib.linux-ppc64le-3.7/caffe2/python/serialized_test/data/operator_test/find_op_test.test_find.zip -> /castles/nr/projects/d/duanj-ai-in-medical-imaging/.share/conda-env/ml/lib/python3.7/site-packages/caffe2/python/serialized_test/data/operator_test
copying build/lib.linux-ppc64le-3.7/caffe2/python/serialized_test/data/operator_test/erf_op_test.test_erf.zip -> /castles/nr/projects/d/duanj-ai-in-medical-imaging/.share/conda-env/ml/lib/python3.7/site-packages/caffe2/python/serialized_test/data/operator_test
copying build/lib.linux-ppc64le-3.7/caffe2/python/serialized_test/data/operator_test/numpy_tile_op_test.test_numpy_tile.zip -> /castles/nr/projects/d/duanj-ai-in-medical-imaging/.share/conda-env/ml/lib/python3.7/site-packages/caffe2/python/serialized_test/data/operator_test
copying build/lib.linux-ppc64le-3.7/caffe2/python/serialized_test/data/operator_test/sequence_ops_test.test_add_padding.zip -> /castles/nr/projects/d/duanj-ai-in-medical-imaging/.share/conda-env/ml/lib/python3.7/site-packages/caffe2/python/serialized_test/data/operator_test
copying build/lib.linux-ppc64le-3.7/caffe2/python/serialized_test/data/operator_test/reduce_ops_test.test_reduce_min.zip -> /castles/nr/projects/d/duanj-ai-in-medical-imaging/.share/conda-env/ml/lib/python3.7/site-packages/caffe2/python/serialized_test/data/operator_test
copying build/lib.linux-ppc64le-3.7/caffe2/python/serialized_test/data/operator_test/string_ops_test.test_string_ends_with.zip -> /castles/nr/projects/d/duanj-ai-in-medical-imaging/.share/conda-env/ml/lib/python3.7/site-packages/caffe2/python/serialized_test/data/operator_test
copying build/lib.linux-ppc64le-3.7/caffe2/python/serialized_test/data/operator_test/reduction_ops_test.test_elementwise_int_sum.zip -> /castles/nr/projects/d/duanj-ai-in-medical-imaging/.share/conda-env/ml/lib/python3.7/site-packages/caffe2/python/serialized_test/data/operator_test
copying build/lib.linux-ppc64le-3.7/caffe2/python/serialized_test/data/operator_test/adadelta_test.test_adadelta.zip -> /castles/nr/projects/d/duanj-ai-in-medical-imaging/.share/conda-env/ml/lib/python3.7/site-packages/caffe2/python/serialized_test/data/operator_test
copying build/lib.linux-ppc64le-3.7/caffe2/python/serialized_test/data/operator_test/filler_ops_test.test_lengths_range_fill.zip -> /castles/nr/projects/d/duanj-ai-in-medical-imaging/.share/conda-env/ml/lib/python3.7/site-packages/caffe2/python/serialized_test/data/operator_test
copying build/lib.linux-ppc64le-3.7/caffe2/python/serialized_test/data/operator_test/batch_box_cox_test.test_batch_box_cox.zip -> /castles/nr/projects/d/duanj-ai-in-medical-imaging/.share/conda-env/ml/lib/python3.7/site-packages/caffe2/python/serialized_test/data/operator_test
copying build/lib.linux-ppc64le-3.7/caffe2/python/serialized_test/data/operator_test/concat_split_op_test.test_concat.zip -> /castles/nr/projects/d/duanj-ai-in-medical-imaging/.share/conda-env/ml/lib/python3.7/site-packages/caffe2/python/serialized_test/data/operator_test
copying build/lib.linux-ppc64le-3.7/caffe2/python/serialized_test/data/operator_test/affine_channel_op_test.test_affine_channel_2d.zip -> /castles/nr/projects/d/duanj-ai-in-medical-imaging/.share/conda-env/ml/lib/python3.7/site-packages/caffe2/python/serialized_test/data/operator_test
copying build/lib.linux-ppc64le-3.7/caffe2/python/serialized_test/data/operator_test/reduction_ops_test.test_elementwise_sqrsum.zip -> /castles/nr/projects/d/duanj-ai-in-medical-imaging/.share/conda-env/ml/lib/python3.7/site-packages/caffe2/python/serialized_test/data/operator_test
copying build/lib.linux-ppc64le-3.7/caffe2/python/serialized_test/data/operator_test/locally_connected_op_test.test_lc_2d.zip -> /castles/nr/projects/d/duanj-ai-in-medical-imaging/.share/conda-env/ml/lib/python3.7/site-packages/caffe2/python/serialized_test/data/operator_test
copying build/lib.linux-ppc64le-3.7/caffe2/python/serialized_test/data/operator_test/learning_rate_op_test.test_alter_learning_rate_op.zip -> /castles/nr/projects/d/duanj-ai-in-medical-imaging/.share/conda-env/ml/lib/python3.7/site-packages/caffe2/python/serialized_test/data/operator_test
copying build/lib.linux-ppc64le-3.7/caffe2/python/serialized_test/data/operator_test/box_with_nms_limit_op_test.test_simple.zip -> /castles/nr/projects/d/duanj-ai-in-medical-imaging/.share/conda-env/ml/lib/python3.7/site-packages/caffe2/python/serialized_test/data/operator_test
copying build/lib.linux-ppc64le-3.7/caffe2/python/serialized_test/data/operator_test/utility_ops_test.test_elementwise_max_grad.zip -> /castles/nr/projects/d/duanj-ai-in-medical-imaging/.share/conda-env/ml/lib/python3.7/site-packages/caffe2/python/serialized_test/data/operator_test
copying build/lib.linux-ppc64le-3.7/caffe2/python/serialized_test/data/operator_test/channel_shuffle_test.test_channel_shuffle.zip -> /castles/nr/projects/d/duanj-ai-in-medical-imaging/.share/conda-env/ml/lib/python3.7/site-packages/caffe2/python/serialized_test/data/operator_test
copying build/lib.linux-ppc64le-3.7/caffe2/python/serialized_test/data/operator_test/matmul_op_test.test_batch_matmul.zip -> /castles/nr/projects/d/duanj-ai-in-medical-imaging/.share/conda-env/ml/lib/python3.7/site-packages/caffe2/python/serialized_test/data/operator_test
copying build/lib.linux-ppc64le-3.7/caffe2/python/serialized_test/data/operator_test/integral_image_ops_test.test_integral_image_gradient_ops.zip -> /castles/nr/projects/d/duanj-ai-in-medical-imaging/.share/conda-env/ml/lib/python3.7/site-packages/caffe2/python/serialized_test/data/operator_test
copying build/lib.linux-ppc64le-3.7/caffe2/python/serialized_test/data/operator_test/reduce_ops_test.test_reduce_l2.zip -> /castles/nr/projects/d/duanj-ai-in-medical-imaging/.share/conda-env/ml/lib/python3.7/site-packages/caffe2/python/serialized_test/data/operator_test
copying build/lib.linux-ppc64le-3.7/caffe2/python/serialized_test/data/operator_test/recurrent_network_test.test_mul.zip -> /castles/nr/projects/d/duanj-ai-in-medical-imaging/.share/conda-env/ml/lib/python3.7/site-packages/caffe2/python/serialized_test/data/operator_test
copying build/lib.linux-ppc64le-3.7/caffe2/python/serialized_test/data/operator_test/reduce_ops_test.test_reduce_back_mean.zip -> /castles/nr/projects/d/duanj-ai-in-medical-imaging/.share/conda-env/ml/lib/python3.7/site-packages/caffe2/python/serialized_test/data/operator_test
copying build/lib.linux-ppc64le-3.7/caffe2/python/serialized_test/data/operator_test/math_ops_test.test_sign.zip -> /castles/nr/projects/d/duanj-ai-in-medical-imaging/.share/conda-env/ml/lib/python3.7/site-packages/caffe2/python/serialized_test/data/operator_test
copying build/lib.linux-ppc64le-3.7/caffe2/python/serialized_test/data/operator_test/trigonometric_op_test.test_acos.zip -> /castles/nr/projects/d/duanj-ai-in-medical-imaging/.share/conda-env/ml/lib/python3.7/site-packages/caffe2/python/serialized_test/data/operator_test
copying build/lib.linux-ppc64le-3.7/caffe2/python/serialized_test/data/operator_test/gru_test.test_gru_unit_op.zip -> /castles/nr/projects/d/duanj-ai-in-medical-imaging/.share/conda-env/ml/lib/python3.7/site-packages/caffe2/python/serialized_test/data/operator_test
copying build/lib.linux-ppc64le-3.7/caffe2/python/serialized_test/data/operator_test/channel_stats_op_test.test_channel_stats_3d.zip -> /castles/nr/projects/d/duanj-ai-in-medical-imaging/.share/conda-env/ml/lib/python3.7/site-packages/caffe2/python/serialized_test/data/operator_test
copying build/lib.linux-ppc64le-3.7/caffe2/python/serialized_test/data/operator_test/distance_op_test.test_dot_product.zip -> /castles/nr/projects/d/duanj-ai-in-medical-imaging/.share/conda-env/ml/lib/python3.7/site-packages/caffe2/python/serialized_test/data/operator_test
copying build/lib.linux-ppc64le-3.7/caffe2/python/serialized_test/data/operator_test/length_split_op_test.test_length_split_edge.zip -> /castles/nr/projects/d/duanj-ai-in-medical-imaging/.share/conda-env/ml/lib/python3.7/site-packages/caffe2/python/serialized_test/data/operator_test
copying build/lib.linux-ppc64le-3.7/caffe2/python/serialized_test/data/operator_test/negate_gradient_op_test.test_forward.zip -> /castles/nr/projects/d/duanj-ai-in-medical-imaging/.share/conda-env/ml/lib/python3.7/site-packages/caffe2/python/serialized_test/data/operator_test
copying build/lib.linux-ppc64le-3.7/caffe2/python/serialized_test/data/operator_test/sparse_ops_test.testScatterAssign.zip -> /castles/nr/projects/d/duanj-ai-in-medical-imaging/.share/conda-env/ml/lib/python3.7/site-packages/caffe2/python/serialized_test/data/operator_test
copying build/lib.linux-ppc64le-3.7/caffe2/python/serialized_test/data/operator_test/trigonometric_op_test.test_atan.zip -> /castles/nr/projects/d/duanj-ai-in-medical-imaging/.share/conda-env/ml/lib/python3.7/site-packages/caffe2/python/serialized_test/data/operator_test
copying build/lib.linux-ppc64le-3.7/caffe2/python/serialized_test/data/operator_test/floor_op_test.test_floor.zip -> /castles/nr/projects/d/duanj-ai-in-medical-imaging/.share/conda-env/ml/lib/python3.7/site-packages/caffe2/python/serialized_test/data/operator_test
copying build/lib.linux-ppc64le-3.7/caffe2/python/serialized_test/data/operator_test/flexible_top_k_test.test_flexible_top_k.zip -> /castles/nr/projects/d/duanj-ai-in-medical-imaging/.share/conda-env/ml/lib/python3.7/site-packages/caffe2/python/serialized_test/data/operator_test
copying build/lib.linux-ppc64le-3.7/caffe2/python/serialized_test/data/operator_test/sequence_ops_test.test_find_duplicate_elements.zip -> /castles/nr/projects/d/duanj-ai-in-medical-imaging/.share/conda-env/ml/lib/python3.7/site-packages/caffe2/python/serialized_test/data/operator_test
copying build/lib.linux-ppc64le-3.7/caffe2/python/serialized_test/data/operator_test/conv_test.test_1x1_conv.zip -> /castles/nr/projects/d/duanj-ai-in-medical-imaging/.share/conda-env/ml/lib/python3.7/site-packages/caffe2/python/serialized_test/data/operator_test
copying build/lib.linux-ppc64le-3.7/caffe2/python/serialized_test/data/operator_test/one_hot_ops_test.test_batch_one_hot.zip -> /castles/nr/projects/d/duanj-ai-in-medical-imaging/.share/conda-env/ml/lib/python3.7/site-packages/caffe2/python/serialized_test/data/operator_test
copying build/lib.linux-ppc64le-3.7/caffe2/python/serialized_test/data/operator_test/filler_ops_test.test_diagonal_fill_op_float.zip -> /castles/nr/projects/d/duanj-ai-in-medical-imaging/.share/conda-env/ml/lib/python3.7/site-packages/caffe2/python/serialized_test/data/operator_test
copying build/lib.linux-ppc64le-3.7/caffe2/python/serialized_test/data/operator_test/channel_stats_op_test.testChannelStats.zip -> /castles/nr/projects/d/duanj-ai-in-medical-imaging/.share/conda-env/ml/lib/python3.7/site-packages/caffe2/python/serialized_test/data/operator_test
copying build/lib.linux-ppc64le-3.7/caffe2/python/serialized_test/data/operator_test/boolean_mask_test.test_boolean_mask.zip -> /castles/nr/projects/d/duanj-ai-in-medical-imaging/.share/conda-env/ml/lib/python3.7/site-packages/caffe2/python/serialized_test/data/operator_test
copying build/lib.linux-ppc64le-3.7/caffe2/python/serialized_test/data/operator_test/integral_image_ops_test.test_integral_image_ops.zip -> /castles/nr/projects/d/duanj-ai-in-medical-imaging/.share/conda-env/ml/lib/python3.7/site-packages/caffe2/python/serialized_test/data/operator_test
copying build/lib.linux-ppc64le-3.7/caffe2/python/serialized_test/data/operator_test/expand_op_test.test_expand_rand_shape.zip -> /castles/nr/projects/d/duanj-ai-in-medical-imaging/.share/conda-env/ml/lib/python3.7/site-packages/caffe2/python/serialized_test/data/operator_test
copying build/lib.linux-ppc64le-3.7/caffe2/python/serialized_test/data/operator_test/pack_rnn_sequence_op_test.test_unpack_rnn_seqence.zip -> /castles/nr/projects/d/duanj-ai-in-medical-imaging/.share/conda-env/ml/lib/python3.7/site-packages/caffe2/python/serialized_test/data/operator_test
copying build/lib.linux-ppc64le-3.7/caffe2/python/serialized_test/data/operator_test/top_k_test.test_top_k.zip -> /castles/nr/projects/d/duanj-ai-in-medical-imaging/.share/conda-env/ml/lib/python3.7/site-packages/caffe2/python/serialized_test/data/operator_test
copying build/lib.linux-ppc64le-3.7/caffe2/python/serialized_test/data/operator_test/utility_ops_test.test_transpose.zip -> /castles/nr/projects/d/duanj-ai-in-medical-imaging/.share/conda-env/ml/lib/python3.7/site-packages/caffe2/python/serialized_test/data/operator_test
copying build/lib.linux-ppc64le-3.7/caffe2/python/serialized_test/data/operator_test/utility_ops_test.test_nan_check.zip -> /castles/nr/projects/d/duanj-ai-in-medical-imaging/.share/conda-env/ml/lib/python3.7/site-packages/caffe2/python/serialized_test/data/operator_test
copying build/lib.linux-ppc64le-3.7/caffe2/python/serialized_test/data/operator_test/batch_bucketize_op_test.test_batch_bucketize_example.zip -> /castles/nr/projects/d/duanj-ai-in-medical-imaging/.share/conda-env/ml/lib/python3.7/site-packages/caffe2/python/serialized_test/data/operator_test
copying build/lib.linux-ppc64le-3.7/caffe2/python/serialized_test/data/operator_test/elementwise_linear_op_test.test.zip -> /castles/nr/projects/d/duanj-ai-in-medical-imaging/.share/conda-env/ml/lib/python3.7/site-packages/caffe2/python/serialized_test/data/operator_test
copying build/lib.linux-ppc64le-3.7/caffe2/python/serialized_test/data/operator_test/adagrad_test.test_sparse_adagrad_empty.zip -> /castles/nr/projects/d/duanj-ai-in-medical-imaging/.share/conda-env/ml/lib/python3.7/site-packages/caffe2/python/serialized_test/data/operator_test
copying build/lib.linux-ppc64le-3.7/caffe2/python/serialized_test/data/operator_test/softmax_ops_test.test_softmax_with_loss.zip -> /castles/nr/projects/d/duanj-ai-in-medical-imaging/.share/conda-env/ml/lib/python3.7/site-packages/caffe2/python/serialized_test/data/operator_test
copying build/lib.linux-ppc64le-3.7/caffe2/python/serialized_test/data/operator_test/tile_op_test.test_tile.zip -> /castles/nr/projects/d/duanj-ai-in-medical-imaging/.share/conda-env/ml/lib/python3.7/site-packages/caffe2/python/serialized_test/data/operator_test
copying build/lib.linux-ppc64le-3.7/caffe2/python/serialized_test/data/operator_test/weighted_sum_test.test_weighted_sum.zip -> /castles/nr/projects/d/duanj-ai-in-medical-imaging/.share/conda-env/ml/lib/python3.7/site-packages/caffe2/python/serialized_test/data/operator_test
copying build/lib.linux-ppc64le-3.7/caffe2/python/serialized_test/data/operator_test/boolean_unmask_test.test.zip -> /castles/nr/projects/d/duanj-ai-in-medical-imaging/.share/conda-env/ml/lib/python3.7/site-packages/caffe2/python/serialized_test/data/operator_test
copying build/lib.linux-ppc64le-3.7/caffe2/python/serialized_test/data/operator_test/string_ops_test.test_string_starts_with.zip -> /castles/nr/projects/d/duanj-ai-in-medical-imaging/.share/conda-env/ml/lib/python3.7/site-packages/caffe2/python/serialized_test/data/operator_test
copying build/lib.linux-ppc64le-3.7/caffe2/python/serialized_test/data/operator_test/activation_ops_test.test_elu.zip -> /castles/nr/projects/d/duanj-ai-in-medical-imaging/.share/conda-env/ml/lib/python3.7/site-packages/caffe2/python/serialized_test/data/operator_test
copying build/lib.linux-ppc64le-3.7/caffe2/python/serialized_test/data/operator_test/moments_op_test.test_moments.zip -> /castles/nr/projects/d/duanj-ai-in-medical-imaging/.share/conda-env/ml/lib/python3.7/site-packages/caffe2/python/serialized_test/data/operator_test
copying build/lib.linux-ppc64le-3.7/caffe2/python/serialized_test/data/operator_test/arg_ops_test.test_argmin.zip -> /castles/nr/projects/d/duanj-ai-in-medical-imaging/.share/conda-env/ml/lib/python3.7/site-packages/caffe2/python/serialized_test/data/operator_test
copying build/lib.linux-ppc64le-3.7/caffe2/python/serialized_test/data/operator_test/softmax_ops_test.test_softmax_grad.zip -> /castles/nr/projects/d/duanj-ai-in-medical-imaging/.share/conda-env/ml/lib/python3.7/site-packages/caffe2/python/serialized_test/data/operator_test
copying build/lib.linux-ppc64le-3.7/caffe2/python/serialized_test/data/operator_test/reduce_ops_test.test_reduce_max.zip -> /castles/nr/projects/d/duanj-ai-in-medical-imaging/.share/conda-env/ml/lib/python3.7/site-packages/caffe2/python/serialized_test/data/operator_test
copying build/lib.linux-ppc64le-3.7/caffe2/python/serialized_test/data/operator_test/gather_ops_test.test_batch_gather_ops.zip -> /castles/nr/projects/d/duanj-ai-in-medical-imaging/.share/conda-env/ml/lib/python3.7/site-packages/caffe2/python/serialized_test/data/operator_test
copying build/lib.linux-ppc64le-3.7/caffe2/python/serialized_test/data/operator_test/reduce_ops_test.test_reduce_front_sum.zip -> /castles/nr/projects/d/duanj-ai-in-medical-imaging/.share/conda-env/ml/lib/python3.7/site-packages/caffe2/python/serialized_test/data/operator_test
copying build/lib.linux-ppc64le-3.7/caffe2/python/serialized_test/data/operator_test/clip_tensor_op_test.test_clip_tensor_by_scaling.zip -> /castles/nr/projects/d/duanj-ai-in-medical-imaging/.share/conda-env/ml/lib/python3.7/site-packages/caffe2/python/serialized_test/data/operator_test
copying build/lib.linux-ppc64le-3.7/caffe2/python/serialized_test/data/operator_test/ctc_beam_search_decoder_op_test.test_ctc_beam_search_decoder.zip -> /castles/nr/projects/d/duanj-ai-in-medical-imaging/.share/conda-env/ml/lib/python3.7/site-packages/caffe2/python/serialized_test/data/operator_test
copying build/lib.linux-ppc64le-3.7/caffe2/python/serialized_test/data/operator_test/glu_op_test.test_glu_old.zip -> /castles/nr/projects/d/duanj-ai-in-medical-imaging/.share/conda-env/ml/lib/python3.7/site-packages/caffe2/python/serialized_test/data/operator_test
copying build/lib.linux-ppc64le-3.7/caffe2/python/serialized_test/data/operator_test/reduce_ops_test.test_reduce_front_max.zip -> /castles/nr/projects/d/duanj-ai-in-medical-imaging/.share/conda-env/ml/lib/python3.7/site-packages/caffe2/python/serialized_test/data/operator_test
copying build/lib.linux-ppc64le-3.7/caffe2/python/serialized_test/data/operator_test/instance_norm_test.test_instance_norm_reference_check.zip -> /castles/nr/projects/d/duanj-ai-in-medical-imaging/.share/conda-env/ml/lib/python3.7/site-packages/caffe2/python/serialized_test/data/operator_test
copying build/lib.linux-ppc64le-3.7/caffe2/python/serialized_test/data/operator_test/adadelta_test.test_sparse_adadelta_empty.zip -> /castles/nr/projects/d/duanj-ai-in-medical-imaging/.share/conda-env/ml/lib/python3.7/site-packages/caffe2/python/serialized_test/data/operator_test
copying build/lib.linux-ppc64le-3.7/caffe2/python/serialized_test/data/operator_test/onnx_while_test.test_onnx_while_fibb.zip -> /castles/nr/projects/d/duanj-ai-in-medical-imaging/.share/conda-env/ml/lib/python3.7/site-packages/caffe2/python/serialized_test/data/operator_test
copying build/lib.linux-ppc64le-3.7/caffe2/python/serialized_test/data/operator_test/hyperbolic_ops_test.test_sinh.zip -> /castles/nr/projects/d/duanj-ai-in-medical-imaging/.share/conda-env/ml/lib/python3.7/site-packages/caffe2/python/serialized_test/data/operator_test
copying build/lib.linux-ppc64le-3.7/caffe2/python/serialized_test/data/operator_test/channel_backprop_stats_op_test.testChannelBackpropStats.zip -> /castles/nr/projects/d/duanj-ai-in-medical-imaging/.share/conda-env/ml/lib/python3.7/site-packages/caffe2/python/serialized_test/data/operator_test
copying build/lib.linux-ppc64le-3.7/caffe2/python/serialized_test/data/operator_test/utility_ops_test.test_slice.zip -> /castles/nr/projects/d/duanj-ai-in-medical-imaging/.share/conda-env/ml/lib/python3.7/site-packages/caffe2/python/serialized_test/data/operator_test
copying build/lib.linux-ppc64le-3.7/caffe2/python/serialized_test/data/operator_test/reduction_ops_test.test_rowwise_max.zip -> /castles/nr/projects/d/duanj-ai-in-medical-imaging/.share/conda-env/ml/lib/python3.7/site-packages/caffe2/python/serialized_test/data/operator_test
copying build/lib.linux-ppc64le-3.7/caffe2/python/serialized_test/data/operator_test/sequence_ops_test.test_gather_padding.zip -> /castles/nr/projects/d/duanj-ai-in-medical-imaging/.share/conda-env/ml/lib/python3.7/site-packages/caffe2/python/serialized_test/data/operator_test
copying build/lib.linux-ppc64le-3.7/caffe2/python/serialized_test/data/operator_test/one_hot_ops_test.test_segment_one_hot.zip -> /castles/nr/projects/d/duanj-ai-in-medical-imaging/.share/conda-env/ml/lib/python3.7/site-packages/caffe2/python/serialized_test/data/operator_test
copying build/lib.linux-ppc64le-3.7/caffe2/python/serialized_test/data/operator_test/index_hash_ops_test.test_index_hash_ops.zip -> /castles/nr/projects/d/duanj-ai-in-medical-imaging/.share/conda-env/ml/lib/python3.7/site-packages/caffe2/python/serialized_test/data/operator_test
copying build/lib.linux-ppc64le-3.7/caffe2/python/serialized_test/data/operator_test/trigonometric_op_test.test_tan.zip -> /castles/nr/projects/d/duanj-ai-in-medical-imaging/.share/conda-env/ml/lib/python3.7/site-packages/caffe2/python/serialized_test/data/operator_test
copying build/lib.linux-ppc64le-3.7/caffe2/python/serialized_test/data/operator_test/square_root_divide_op_test.test_square_root_divide.zip -> /castles/nr/projects/d/duanj-ai-in-medical-imaging/.share/conda-env/ml/lib/python3.7/site-packages/caffe2/python/serialized_test/data/operator_test
copying build/lib.linux-ppc64le-3.7/caffe2/python/serialized_test/data/operator_test/transpose_op_test.test_transpose.zip -> /castles/nr/projects/d/duanj-ai-in-medical-imaging/.share/conda-env/ml/lib/python3.7/site-packages/caffe2/python/serialized_test/data/operator_test
copying build/lib.linux-ppc64le-3.7/caffe2/python/serialized_test/data/operator_test/elementwise_op_broadcast_test.test_broadcast_powt.zip -> /castles/nr/projects/d/duanj-ai-in-medical-imaging/.share/conda-env/ml/lib/python3.7/site-packages/caffe2/python/serialized_test/data/operator_test
copying build/lib.linux-ppc64le-3.7/caffe2/python/serialized_test/data/operator_test/arg_ops_test.test_argmax.zip -> /castles/nr/projects/d/duanj-ai-in-medical-imaging/.share/conda-env/ml/lib/python3.7/site-packages/caffe2/python/serialized_test/data/operator_test
copying build/lib.linux-ppc64le-3.7/caffe2/python/serialized_test/data/operator_test/batch_moments_op_test.test_batch_moments_2d.zip -> /castles/nr/projects/d/duanj-ai-in-medical-imaging/.share/conda-env/ml/lib/python3.7/site-packages/caffe2/python/serialized_test/data/operator_test
copying build/lib.linux-ppc64le-3.7/caffe2/python/serialized_test/data/operator_test/conditional_test.test_conditional.zip -> /castles/nr/projects/d/duanj-ai-in-medical-imaging/.share/conda-env/ml/lib/python3.7/site-packages/caffe2/python/serialized_test/data/operator_test
copying build/lib.linux-ppc64le-3.7/caffe2/python/serialized_test/data/operator_test/utility_ops_test.test_size_op.zip -> /castles/nr/projects/d/duanj-ai-in-medical-imaging/.share/conda-env/ml/lib/python3.7/site-packages/caffe2/python/serialized_test/data/operator_test
copying build/lib.linux-ppc64le-3.7/caffe2/python/serialized_test/data/operator_test/group_norm_op_test.test_group_norm_2d.zip -> /castles/nr/projects/d/duanj-ai-in-medical-imaging/.share/conda-env/ml/lib/python3.7/site-packages/caffe2/python/serialized_test/data/operator_test
copying build/lib.linux-ppc64le-3.7/caffe2/python/serialized_test/data/operator_test/channel_stats_op_test.test_channel_stats_2d.zip -> /castles/nr/projects/d/duanj-ai-in-medical-imaging/.share/conda-env/ml/lib/python3.7/site-packages/caffe2/python/serialized_test/data/operator_test
copying build/lib.linux-ppc64le-3.7/caffe2/python/serialized_test/data/operator_test/ceil_op_test.test_ceil.zip -> /castles/nr/projects/d/duanj-ai-in-medical-imaging/.share/conda-env/ml/lib/python3.7/site-packages/caffe2/python/serialized_test/data/operator_test
copying build/lib.linux-ppc64le-3.7/caffe2/python/serialized_test/data/operator_test/layer_norm_op_test.test_layer_norm_grad_op.zip -> /castles/nr/projects/d/duanj-ai-in-medical-imaging/.share/conda-env/ml/lib/python3.7/site-packages/caffe2/python/serialized_test/data/operator_test
copying build/lib.linux-ppc64le-3.7/caffe2/python/serialized_test/data/operator_test/jsd_ops_test.test_bernoulli_jsd.zip -> /castles/nr/projects/d/duanj-ai-in-medical-imaging/.share/conda-env/ml/lib/python3.7/site-packages/caffe2/python/serialized_test/data/operator_test
copying build/lib.linux-ppc64le-3.7/caffe2/python/serialized_test/data/operator_test/momentum_sgd_test.test_momentum_sgd.zip -> /castles/nr/projects/d/duanj-ai-in-medical-imaging/.share/conda-env/ml/lib/python3.7/site-packages/caffe2/python/serialized_test/data/operator_test
copying build/lib.linux-ppc64le-3.7/caffe2/python/serialized_test/data/operator_test/concat_split_op_test.test_split.zip -> /castles/nr/projects/d/duanj-ai-in-medical-imaging/.share/conda-env/ml/lib/python3.7/site-packages/caffe2/python/serialized_test/data/operator_test
copying build/lib.linux-ppc64le-3.7/caffe2/python/serialized_test/data/operator_test/ctc_greedy_decoder_op_test.test_ctc_greedy_decoder.zip -> /castles/nr/projects/d/duanj-ai-in-medical-imaging/.share/conda-env/ml/lib/python3.7/site-packages/caffe2/python/serialized_test/data/operator_test
copying build/lib.linux-ppc64le-3.7/caffe2/python/serialized_test/data/operator_test/reduction_ops_test.test_columnwise_max.zip -> /castles/nr/projects/d/duanj-ai-in-medical-imaging/.share/conda-env/ml/lib/python3.7/site-packages/caffe2/python/serialized_test/data/operator_test
copying build/lib.linux-ppc64le-3.7/caffe2/python/serialized_test/data/operator_test/bbox_transform_test.test_bbox_transform.zip -> /castles/nr/projects/d/duanj-ai-in-medical-imaging/.share/conda-env/ml/lib/python3.7/site-packages/caffe2/python/serialized_test/data/operator_test
copying build/lib.linux-ppc64le-3.7/caffe2/python/serialized_test/data/operator_test/clip_op_test.test_clip.zip -> /castles/nr/projects/d/duanj-ai-in-medical-imaging/.share/conda-env/ml/lib/python3.7/site-packages/caffe2/python/serialized_test/data/operator_test
copying build/lib.linux-ppc64le-3.7/caffe2/python/serialized_test/data/operator_test/hyperbolic_ops_test.test_tanh.zip -> /castles/nr/projects/d/duanj-ai-in-medical-imaging/.share/conda-env/ml/lib/python3.7/site-packages/caffe2/python/serialized_test/data/operator_test
copying build/lib.linux-ppc64le-3.7/caffe2/python/serialized_test/data/operator_test/boolean_mask_test.test_sequence_mask_with_lengths.zip -> /castles/nr/projects/d/duanj-ai-in-medical-imaging/.share/conda-env/ml/lib/python3.7/site-packages/caffe2/python/serialized_test/data/operator_test
copying build/lib.linux-ppc64le-3.7/caffe2/python/serialized_test/data/operator_test/matmul_op_test.test_numpy_batch_matmul.zip -> /castles/nr/projects/d/duanj-ai-in-medical-imaging/.share/conda-env/ml/lib/python3.7/site-packages/caffe2/python/serialized_test/data/operator_test
copying build/lib.linux-ppc64le-3.7/caffe2/python/serialized_test/data/operator_test/reduce_ops_test.test_reduce_front_mean.zip -> /castles/nr/projects/d/duanj-ai-in-medical-imaging/.share/conda-env/ml/lib/python3.7/site-packages/caffe2/python/serialized_test/data/operator_test
copying build/lib.linux-ppc64le-3.7/caffe2/python/serialized_test/data/operator_test/concat_split_op_test.test_split_by_lengths.zip -> /castles/nr/projects/d/duanj-ai-in-medical-imaging/.share/conda-env/ml/lib/python3.7/site-packages/caffe2/python/serialized_test/data/operator_test
copying build/lib.linux-ppc64le-3.7/caffe2/python/serialized_test/data/operator_test/dropout_op_test.test_dropout_is_test.zip -> /castles/nr/projects/d/duanj-ai-in-medical-imaging/.share/conda-env/ml/lib/python3.7/site-packages/caffe2/python/serialized_test/data/operator_test
copying build/lib.linux-ppc64le-3.7/caffe2/python/serialized_test/data/operator_test/lengths_top_k_ops_test.test_lengths_top_k_op.zip -> /castles/nr/projects/d/duanj-ai-in-medical-imaging/.share/conda-env/ml/lib/python3.7/site-packages/caffe2/python/serialized_test/data/operator_test
copying build/lib.linux-ppc64le-3.7/caffe2/python/serialized_test/data/operator_test/momentum_sgd_test.test_sparse_momentum_sgd.zip -> /castles/nr/projects/d/duanj-ai-in-medical-imaging/.share/conda-env/ml/lib/python3.7/site-packages/caffe2/python/serialized_test/data/operator_test
copying build/lib.linux-ppc64le-3.7/caffe2/python/serialized_test/data/operator_test/merge_id_lists_op_test.test_merge_id_lists_op.zip -> /castles/nr/projects/d/duanj-ai-in-medical-imaging/.share/conda-env/ml/lib/python3.7/site-packages/caffe2/python/serialized_test/data/operator_test
copying build/lib.linux-ppc64le-3.7/caffe2/python/serialized_test/data/operator_test/rank_loss_operator_test.test_pair_wise_loss_batch.zip -> /castles/nr/projects/d/duanj-ai-in-medical-imaging/.share/conda-env/ml/lib/python3.7/site-packages/caffe2/python/serialized_test/data/operator_test
copying build/lib.linux-ppc64le-3.7/caffe2/python/serialized_test/data/operator_test/gather_ranges_op_test.test_gather_ranges_split.zip -> /castles/nr/projects/d/duanj-ai-in-medical-imaging/.share/conda-env/ml/lib/python3.7/site-packages/caffe2/python/serialized_test/data/operator_test
copying build/lib.linux-ppc64le-3.7/caffe2/python/serialized_test/data/operator_test/softmax_ops_test.test_softmax.zip -> /castles/nr/projects/d/duanj-ai-in-medical-imaging/.share/conda-env/ml/lib/python3.7/site-packages/caffe2/python/serialized_test/data/operator_test
copying build/lib.linux-ppc64le-3.7/caffe2/python/serialized_test/data/operator_test/loss_ops_test.test_averaged_loss.zip -> /castles/nr/projects/d/duanj-ai-in-medical-imaging/.share/conda-env/ml/lib/python3.7/site-packages/caffe2/python/serialized_test/data/operator_test
copying build/lib.linux-ppc64le-3.7/caffe2/python/serialized_test/data/operator_test/fc_operator_test.test_fc.zip -> /castles/nr/projects/d/duanj-ai-in-medical-imaging/.share/conda-env/ml/lib/python3.7/site-packages/caffe2/python/serialized_test/data/operator_test
copying build/lib.linux-ppc64le-3.7/caffe2/python/serialized_test/data/operator_test/spatial_bn_op_test.test_spatialbn_test_mode_3d.zip -> /castles/nr/projects/d/duanj-ai-in-medical-imaging/.share/conda-env/ml/lib/python3.7/site-packages/caffe2/python/serialized_test/data/operator_test
copying build/lib.linux-ppc64le-3.7/caffe2/python/serialized_test/data/operator_test/cosine_embedding_criterion_op_test.test_cosine_embedding_criterion.zip -> /castles/nr/projects/d/duanj-ai-in-medical-imaging/.share/conda-env/ml/lib/python3.7/site-packages/caffe2/python/serialized_test/data/operator_test
copying build/lib.linux-ppc64le-3.7/caffe2/python/serialized_test/data/operator_test/batch_sparse_to_dense_op_test.test_batch_sparse_to_dense.zip -> /castles/nr/projects/d/duanj-ai-in-medical-imaging/.share/conda-env/ml/lib/python3.7/site-packages/caffe2/python/serialized_test/data/operator_test
copying build/lib.linux-ppc64le-3.7/caffe2/python/serialized_test/data/operator_test/matmul_op_test.test_matmul.zip -> /castles/nr/projects/d/duanj-ai-in-medical-imaging/.share/conda-env/ml/lib/python3.7/site-packages/caffe2/python/serialized_test/data/operator_test
copying build/lib.linux-ppc64le-3.7/caffe2/python/serialized_test/data/operator_test/utility_ops_test.test_lengths_to_ranges.zip -> /castles/nr/projects/d/duanj-ai-in-medical-imaging/.share/conda-env/ml/lib/python3.7/site-packages/caffe2/python/serialized_test/data/operator_test
copying build/lib.linux-ppc64le-3.7/caffe2/python/serialized_test/data/operator_test/adagrad_test.test_row_wise_sparse_adagrad_empty.zip -> /castles/nr/projects/d/duanj-ai-in-medical-imaging/.share/conda-env/ml/lib/python3.7/site-packages/caffe2/python/serialized_test/data/operator_test
copying build/lib.linux-ppc64le-3.7/caffe2/python/serialized_test/data/operator_test/activation_ops_test.test_leaky_relu.zip -> /castles/nr/projects/d/duanj-ai-in-medical-imaging/.share/conda-env/ml/lib/python3.7/site-packages/caffe2/python/serialized_test/data/operator_test
copying build/lib.linux-ppc64le-3.7/caffe2/python/serialized_test/data/operator_test/lengths_tile_op_test.test_lengths_tile.zip -> /castles/nr/projects/d/duanj-ai-in-medical-imaging/.share/conda-env/ml/lib/python3.7/site-packages/caffe2/python/serialized_test/data/operator_test
copying build/lib.linux-ppc64le-3.7/caffe2/python/serialized_test/data/operator_test/wngrad_test.test_sparse_wngrad_empty.zip -> /castles/nr/projects/d/duanj-ai-in-medical-imaging/.share/conda-env/ml/lib/python3.7/site-packages/caffe2/python/serialized_test/data/operator_test
copying build/lib.linux-ppc64le-3.7/caffe2/python/serialized_test/data/operator_test/pack_rnn_sequence_op_test.test_pack_rnn_seqence.zip -> /castles/nr/projects/d/duanj-ai-in-medical-imaging/.share/conda-env/ml/lib/python3.7/site-packages/caffe2/python/serialized_test/data/operator_test
copying build/lib.linux-ppc64le-3.7/caffe2/python/serialized_test/data/operator_test/pad_test.test_crop.zip -> /castles/nr/projects/d/duanj-ai-in-medical-imaging/.share/conda-env/ml/lib/python3.7/site-packages/caffe2/python/serialized_test/data/operator_test
copying build/lib.linux-ppc64le-3.7/caffe2/python/serialized_test/data/operator_test/softmax_ops_test.test_spatial_softmax_with_loss.zip -> /castles/nr/projects/d/duanj-ai-in-medical-imaging/.share/conda-env/ml/lib/python3.7/site-packages/caffe2/python/serialized_test/data/operator_test
copying build/lib.linux-ppc64le-3.7/caffe2/python/convnet_benchmarks_test.py -> /castles/nr/projects/d/duanj-ai-in-medical-imaging/.share/conda-env/ml/lib/python3.7/site-packages/caffe2/python
copying build/lib.linux-ppc64le-3.7/caffe2/python/data_workers_test.py -> /castles/nr/projects/d/duanj-ai-in-medical-imaging/.share/conda-env/ml/lib/python3.7/site-packages/caffe2/python
copying build/lib.linux-ppc64le-3.7/caffe2/python/benchmark_generator.py -> /castles/nr/projects/d/duanj-ai-in-medical-imaging/.share/conda-env/ml/lib/python3.7/site-packages/caffe2/python
copying build/lib.linux-ppc64le-3.7/caffe2/python/memonger.py -> /castles/nr/projects/d/duanj-ai-in-medical-imaging/.share/conda-env/ml/lib/python3.7/site-packages/caffe2/python
copying build/lib.linux-ppc64le-3.7/caffe2/python/predictor/predictor_py_utils.py -> /castles/nr/projects/d/duanj-ai-in-medical-imaging/.share/conda-env/ml/lib/python3.7/site-packages/caffe2/python/predictor
copying build/lib.linux-ppc64le-3.7/caffe2/python/predictor/predictor_exporter_test.py -> /castles/nr/projects/d/duanj-ai-in-medical-imaging/.share/conda-env/ml/lib/python3.7/site-packages/caffe2/python/predictor
copying build/lib.linux-ppc64le-3.7/caffe2/python/predictor/serde.py -> /castles/nr/projects/d/duanj-ai-in-medical-imaging/.share/conda-env/ml/lib/python3.7/site-packages/caffe2/python/predictor
copying build/lib.linux-ppc64le-3.7/caffe2/python/predictor/predictor_exporter.py -> /castles/nr/projects/d/duanj-ai-in-medical-imaging/.share/conda-env/ml/lib/python3.7/site-packages/caffe2/python/predictor
copying build/lib.linux-ppc64le-3.7/caffe2/python/predictor/mobile_exporter.py -> /castles/nr/projects/d/duanj-ai-in-medical-imaging/.share/conda-env/ml/lib/python3.7/site-packages/caffe2/python/predictor
copying build/lib.linux-ppc64le-3.7/caffe2/python/predictor/__init__.py -> /castles/nr/projects/d/duanj-ai-in-medical-imaging/.share/conda-env/ml/lib/python3.7/site-packages/caffe2/python/predictor
copying build/lib.linux-ppc64le-3.7/caffe2/python/predictor/mobile_exporter_test.py -> /castles/nr/projects/d/duanj-ai-in-medical-imaging/.share/conda-env/ml/lib/python3.7/site-packages/caffe2/python/predictor
copying build/lib.linux-ppc64le-3.7/caffe2/python/predictor/predictor_test.py -> /castles/nr/projects/d/duanj-ai-in-medical-imaging/.share/conda-env/ml/lib/python3.7/site-packages/caffe2/python/predictor
copying build/lib.linux-ppc64le-3.7/caffe2/python/trt/__init__.py -> /castles/nr/projects/d/duanj-ai-in-medical-imaging/.share/conda-env/ml/lib/python3.7/site-packages/caffe2/python/trt
copying build/lib.linux-ppc64le-3.7/caffe2/python/trt/test_pt_onnx_trt.py -> /castles/nr/projects/d/duanj-ai-in-medical-imaging/.share/conda-env/ml/lib/python3.7/site-packages/caffe2/python/trt
copying build/lib.linux-ppc64le-3.7/caffe2/python/trt/test_trt.py -> /castles/nr/projects/d/duanj-ai-in-medical-imaging/.share/conda-env/ml/lib/python3.7/site-packages/caffe2/python/trt
copying build/lib.linux-ppc64le-3.7/caffe2/python/trt/transform.py -> /castles/nr/projects/d/duanj-ai-in-medical-imaging/.share/conda-env/ml/lib/python3.7/site-packages/caffe2/python/trt
copying build/lib.linux-ppc64le-3.7/caffe2/python/scope_test.py -> /castles/nr/projects/d/duanj-ai-in-medical-imaging/.share/conda-env/ml/lib/python3.7/site-packages/caffe2/python
copying build/lib.linux-ppc64le-3.7/caffe2/python/build.py -> /castles/nr/projects/d/duanj-ai-in-medical-imaging/.share/conda-env/ml/lib/python3.7/site-packages/caffe2/python
copying build/lib.linux-ppc64le-3.7/caffe2/python/sparse_to_dense_test.py -> /castles/nr/projects/d/duanj-ai-in-medical-imaging/.share/conda-env/ml/lib/python3.7/site-packages/caffe2/python
copying build/lib.linux-ppc64le-3.7/caffe2/python/brew.py -> /castles/nr/projects/d/duanj-ai-in-medical-imaging/.share/conda-env/ml/lib/python3.7/site-packages/caffe2/python
copying build/lib.linux-ppc64le-3.7/caffe2/python/operator_test/fc_operator_test.py -> /castles/nr/projects/d/duanj-ai-in-medical-imaging/.share/conda-env/ml/lib/python3.7/site-packages/caffe2/python/operator_test
copying build/lib.linux-ppc64le-3.7/caffe2/python/operator_test/spatial_bn_op_test.py -> /castles/nr/projects/d/duanj-ai-in-medical-imaging/.share/conda-env/ml/lib/python3.7/site-packages/caffe2/python/operator_test
copying build/lib.linux-ppc64le-3.7/caffe2/python/operator_test/moments_op_test.py -> /castles/nr/projects/d/duanj-ai-in-medical-imaging/.share/conda-env/ml/lib/python3.7/site-packages/caffe2/python/operator_test
copying build/lib.linux-ppc64le-3.7/caffe2/python/operator_test/sparse_gradient_checker_test.py -> /castles/nr/projects/d/duanj-ai-in-medical-imaging/.share/conda-env/ml/lib/python3.7/site-packages/caffe2/python/operator_test
copying build/lib.linux-ppc64le-3.7/caffe2/python/operator_test/cross_entropy_ops_test.py -> /castles/nr/projects/d/duanj-ai-in-medical-imaging/.share/conda-env/ml/lib/python3.7/site-packages/caffe2/python/operator_test
copying build/lib.linux-ppc64le-3.7/caffe2/python/operator_test/sequence_ops_test.py -> /castles/nr/projects/d/duanj-ai-in-medical-imaging/.share/conda-env/ml/lib/python3.7/site-packages/caffe2/python/operator_test
copying build/lib.linux-ppc64le-3.7/caffe2/python/operator_test/normalize_op_test.py -> /castles/nr/projects/d/duanj-ai-in-medical-imaging/.share/conda-env/ml/lib/python3.7/site-packages/caffe2/python/operator_test
copying build/lib.linux-ppc64le-3.7/caffe2/python/operator_test/upsample_op_test.py -> /castles/nr/projects/d/duanj-ai-in-medical-imaging/.share/conda-env/ml/lib/python3.7/site-packages/caffe2/python/operator_test
copying build/lib.linux-ppc64le-3.7/caffe2/python/operator_test/record_queue_test.py -> /castles/nr/projects/d/duanj-ai-in-medical-imaging/.share/conda-env/ml/lib/python3.7/site-packages/caffe2/python/operator_test
copying build/lib.linux-ppc64le-3.7/caffe2/python/operator_test/arg_ops_test.py -> /castles/nr/projects/d/duanj-ai-in-medical-imaging/.share/conda-env/ml/lib/python3.7/site-packages/caffe2/python/operator_test
copying build/lib.linux-ppc64le-3.7/caffe2/python/operator_test/assert_test.py -> /castles/nr/projects/d/duanj-ai-in-medical-imaging/.share/conda-env/ml/lib/python3.7/site-packages/caffe2/python/operator_test
copying build/lib.linux-ppc64le-3.7/caffe2/python/operator_test/index_hash_ops_test.py -> /castles/nr/projects/d/duanj-ai-in-medical-imaging/.share/conda-env/ml/lib/python3.7/site-packages/caffe2/python/operator_test
copying build/lib.linux-ppc64le-3.7/caffe2/python/operator_test/map_ops_test.py -> /castles/nr/projects/d/duanj-ai-in-medical-imaging/.share/conda-env/ml/lib/python3.7/site-packages/caffe2/python/operator_test
copying build/lib.linux-ppc64le-3.7/caffe2/python/operator_test/lpnorm_op_test.py -> /castles/nr/projects/d/duanj-ai-in-medical-imaging/.share/conda-env/ml/lib/python3.7/site-packages/caffe2/python/operator_test
copying build/lib.linux-ppc64le-3.7/caffe2/python/operator_test/fused_nbit_rowwise_test_helper.py -> /castles/nr/projects/d/duanj-ai-in-medical-imaging/.share/conda-env/ml/lib/python3.7/site-packages/caffe2/python/operator_test
copying build/lib.linux-ppc64le-3.7/caffe2/python/operator_test/bisect_percentile_op_test.py -> /castles/nr/projects/d/duanj-ai-in-medical-imaging/.share/conda-env/ml/lib/python3.7/site-packages/caffe2/python/operator_test
copying build/lib.linux-ppc64le-3.7/caffe2/python/operator_test/leaky_relu_test.py -> /castles/nr/projects/d/duanj-ai-in-medical-imaging/.share/conda-env/ml/lib/python3.7/site-packages/caffe2/python/operator_test
copying build/lib.linux-ppc64le-3.7/caffe2/python/operator_test/scale_op_test.py -> /castles/nr/projects/d/duanj-ai-in-medical-imaging/.share/conda-env/ml/lib/python3.7/site-packages/caffe2/python/operator_test
copying build/lib.linux-ppc64le-3.7/caffe2/python/operator_test/rmac_regions_op_test.py -> /castles/nr/projects/d/duanj-ai-in-medical-imaging/.share/conda-env/ml/lib/python3.7/site-packages/caffe2/python/operator_test
copying build/lib.linux-ppc64le-3.7/caffe2/python/operator_test/given_tensor_fill_op_test.py -> /castles/nr/projects/d/duanj-ai-in-medical-imaging/.share/conda-env/ml/lib/python3.7/site-packages/caffe2/python/operator_test
copying build/lib.linux-ppc64le-3.7/caffe2/python/operator_test/lengths_pad_op_test.py -> /castles/nr/projects/d/duanj-ai-in-medical-imaging/.share/conda-env/ml/lib/python3.7/site-packages/caffe2/python/operator_test
copying build/lib.linux-ppc64le-3.7/caffe2/python/operator_test/selu_op_test.py -> /castles/nr/projects/d/duanj-ai-in-medical-imaging/.share/conda-env/ml/lib/python3.7/site-packages/caffe2/python/operator_test
copying build/lib.linux-ppc64le-3.7/caffe2/python/operator_test/mkl_conv_op_test.py -> /castles/nr/projects/d/duanj-ai-in-medical-imaging/.share/conda-env/ml/lib/python3.7/site-packages/caffe2/python/operator_test
copying build/lib.linux-ppc64le-3.7/caffe2/python/operator_test/elementwise_logical_ops_test.py -> /castles/nr/projects/d/duanj-ai-in-medical-imaging/.share/conda-env/ml/lib/python3.7/site-packages/caffe2/python/operator_test
copying build/lib.linux-ppc64le-3.7/caffe2/python/operator_test/instance_norm_test.py -> /castles/nr/projects/d/duanj-ai-in-medical-imaging/.share/conda-env/ml/lib/python3.7/site-packages/caffe2/python/operator_test
copying build/lib.linux-ppc64le-3.7/caffe2/python/operator_test/batch_moments_op_test.py -> /castles/nr/projects/d/duanj-ai-in-medical-imaging/.share/conda-env/ml/lib/python3.7/site-packages/caffe2/python/operator_test
copying build/lib.linux-ppc64le-3.7/caffe2/python/operator_test/pack_rnn_sequence_op_test.py -> /castles/nr/projects/d/duanj-ai-in-medical-imaging/.share/conda-env/ml/lib/python3.7/site-packages/caffe2/python/operator_test
copying build/lib.linux-ppc64le-3.7/caffe2/python/operator_test/given_tensor_byte_string_to_uint8_fill_op_test.py -> /castles/nr/projects/d/duanj-ai-in-medical-imaging/.share/conda-env/ml/lib/python3.7/site-packages/caffe2/python/operator_test
copying build/lib.linux-ppc64le-3.7/caffe2/python/operator_test/checkpoint_test.py -> /castles/nr/projects/d/duanj-ai-in-medical-imaging/.share/conda-env/ml/lib/python3.7/site-packages/caffe2/python/operator_test
copying build/lib.linux-ppc64le-3.7/caffe2/python/operator_test/thresholded_relu_op_test.py -> /castles/nr/projects/d/duanj-ai-in-medical-imaging/.share/conda-env/ml/lib/python3.7/site-packages/caffe2/python/operator_test
copying build/lib.linux-ppc64le-3.7/caffe2/python/operator_test/jsd_ops_test.py -> /castles/nr/projects/d/duanj-ai-in-medical-imaging/.share/conda-env/ml/lib/python3.7/site-packages/caffe2/python/operator_test
copying build/lib.linux-ppc64le-3.7/caffe2/python/operator_test/atomic_ops_test.py -> /castles/nr/projects/d/duanj-ai-in-medical-imaging/.share/conda-env/ml/lib/python3.7/site-packages/caffe2/python/operator_test
copying build/lib.linux-ppc64le-3.7/caffe2/python/operator_test/fused_nbit_rowwise_conversion_ops_test.py -> /castles/nr/projects/d/duanj-ai-in-medical-imaging/.share/conda-env/ml/lib/python3.7/site-packages/caffe2/python/operator_test
copying build/lib.linux-ppc64le-3.7/caffe2/python/operator_test/pooling_test.py -> /castles/nr/projects/d/duanj-ai-in-medical-imaging/.share/conda-env/ml/lib/python3.7/site-packages/caffe2/python/operator_test
copying build/lib.linux-ppc64le-3.7/caffe2/python/operator_test/gather_ops_test.py -> /castles/nr/projects/d/duanj-ai-in-medical-imaging/.share/conda-env/ml/lib/python3.7/site-packages/caffe2/python/operator_test
copying build/lib.linux-ppc64le-3.7/caffe2/python/operator_test/weight_scale_test.py -> /castles/nr/projects/d/duanj-ai-in-medical-imaging/.share/conda-env/ml/lib/python3.7/site-packages/caffe2/python/operator_test
copying build/lib.linux-ppc64le-3.7/caffe2/python/operator_test/listwise_l2r_operator_test.py -> /castles/nr/projects/d/duanj-ai-in-medical-imaging/.share/conda-env/ml/lib/python3.7/site-packages/caffe2/python/operator_test
copying build/lib.linux-ppc64le-3.7/caffe2/python/operator_test/elementwise_op_broadcast_test.py -> /castles/nr/projects/d/duanj-ai-in-medical-imaging/.share/conda-env/ml/lib/python3.7/site-packages/caffe2/python/operator_test
copying build/lib.linux-ppc64le-3.7/caffe2/python/operator_test/softplus_op_test.py -> /castles/nr/projects/d/duanj-ai-in-medical-imaging/.share/conda-env/ml/lib/python3.7/site-packages/caffe2/python/operator_test
copying build/lib.linux-ppc64le-3.7/caffe2/python/operator_test/layer_norm_op_test.py -> /castles/nr/projects/d/duanj-ai-in-medical-imaging/.share/conda-env/ml/lib/python3.7/site-packages/caffe2/python/operator_test
copying build/lib.linux-ppc64le-3.7/caffe2/python/operator_test/copy_ops_test.py -> /castles/nr/projects/d/duanj-ai-in-medical-imaging/.share/conda-env/ml/lib/python3.7/site-packages/caffe2/python/operator_test
copying build/lib.linux-ppc64le-3.7/caffe2/python/operator_test/weighted_multi_sample_test.py -> /castles/nr/projects/d/duanj-ai-in-medical-imaging/.share/conda-env/ml/lib/python3.7/site-packages/caffe2/python/operator_test
copying build/lib.linux-ppc64le-3.7/caffe2/python/operator_test/mul_gradient_benchmark.py -> /castles/nr/projects/d/duanj-ai-in-medical-imaging/.share/conda-env/ml/lib/python3.7/site-packages/caffe2/python/operator_test
copying build/lib.linux-ppc64le-3.7/caffe2/python/operator_test/merge_id_lists_op_test.py -> /castles/nr/projects/d/duanj-ai-in-medical-imaging/.share/conda-env/ml/lib/python3.7/site-packages/caffe2/python/operator_test
copying build/lib.linux-ppc64le-3.7/caffe2/python/operator_test/image_input_op_test.py -> /castles/nr/projects/d/duanj-ai-in-medical-imaging/.share/conda-env/ml/lib/python3.7/site-packages/caffe2/python/operator_test
copying build/lib.linux-ppc64le-3.7/caffe2/python/operator_test/partition_ops_test.py -> /castles/nr/projects/d/duanj-ai-in-medical-imaging/.share/conda-env/ml/lib/python3.7/site-packages/caffe2/python/operator_test
copying build/lib.linux-ppc64le-3.7/caffe2/python/operator_test/rank_loss_operator_test.py -> /castles/nr/projects/d/duanj-ai-in-medical-imaging/.share/conda-env/ml/lib/python3.7/site-packages/caffe2/python/operator_test
copying build/lib.linux-ppc64le-3.7/caffe2/python/operator_test/filler_ops_test.py -> /castles/nr/projects/d/duanj-ai-in-medical-imaging/.share/conda-env/ml/lib/python3.7/site-packages/caffe2/python/operator_test
copying build/lib.linux-ppc64le-3.7/caffe2/python/operator_test/elementwise_ops_test.py -> /castles/nr/projects/d/duanj-ai-in-medical-imaging/.share/conda-env/ml/lib/python3.7/site-packages/caffe2/python/operator_test
copying build/lib.linux-ppc64le-3.7/caffe2/python/operator_test/resize_op_test.py -> /castles/nr/projects/d/duanj-ai-in-medical-imaging/.share/conda-env/ml/lib/python3.7/site-packages/caffe2/python/operator_test
copying build/lib.linux-ppc64le-3.7/caffe2/python/operator_test/stats_put_ops_test.py -> /castles/nr/projects/d/duanj-ai-in-medical-imaging/.share/conda-env/ml/lib/python3.7/site-packages/caffe2/python/operator_test
copying build/lib.linux-ppc64le-3.7/caffe2/python/operator_test/tile_op_test.py -> /castles/nr/projects/d/duanj-ai-in-medical-imaging/.share/conda-env/ml/lib/python3.7/site-packages/caffe2/python/operator_test
copying build/lib.linux-ppc64le-3.7/caffe2/python/operator_test/sinusoid_position_encoding_op_test.py -> /castles/nr/projects/d/duanj-ai-in-medical-imaging/.share/conda-env/ml/lib/python3.7/site-packages/caffe2/python/operator_test
copying build/lib.linux-ppc64le-3.7/caffe2/python/operator_test/enforce_finite_op_test.py -> /castles/nr/projects/d/duanj-ai-in-medical-imaging/.share/conda-env/ml/lib/python3.7/site-packages/caffe2/python/operator_test
copying build/lib.linux-ppc64le-3.7/caffe2/python/operator_test/lengths_tile_op_test.py -> /castles/nr/projects/d/duanj-ai-in-medical-imaging/.share/conda-env/ml/lib/python3.7/site-packages/caffe2/python/operator_test
copying build/lib.linux-ppc64le-3.7/caffe2/python/operator_test/ctc_beam_search_decoder_op_test.py -> /castles/nr/projects/d/duanj-ai-in-medical-imaging/.share/conda-env/ml/lib/python3.7/site-packages/caffe2/python/operator_test
copying build/lib.linux-ppc64le-3.7/caffe2/python/operator_test/onnx_while_test.py -> /castles/nr/projects/d/duanj-ai-in-medical-imaging/.share/conda-env/ml/lib/python3.7/site-packages/caffe2/python/operator_test
copying build/lib.linux-ppc64le-3.7/caffe2/python/operator_test/load_save_test.py -> /castles/nr/projects/d/duanj-ai-in-medical-imaging/.share/conda-env/ml/lib/python3.7/site-packages/caffe2/python/operator_test
copying build/lib.linux-ppc64le-3.7/caffe2/python/operator_test/locally_connected_op_test.py -> /castles/nr/projects/d/duanj-ai-in-medical-imaging/.share/conda-env/ml/lib/python3.7/site-packages/caffe2/python/operator_test
copying build/lib.linux-ppc64le-3.7/caffe2/python/operator_test/quantile_test.py -> /castles/nr/projects/d/duanj-ai-in-medical-imaging/.share/conda-env/ml/lib/python3.7/site-packages/caffe2/python/operator_test
copying build/lib.linux-ppc64le-3.7/caffe2/python/operator_test/group_conv_test.py -> /castles/nr/projects/d/duanj-ai-in-medical-imaging/.share/conda-env/ml/lib/python3.7/site-packages/caffe2/python/operator_test
copying build/lib.linux-ppc64le-3.7/caffe2/python/operator_test/flatten_op_test.py -> /castles/nr/projects/d/duanj-ai-in-medical-imaging/.share/conda-env/ml/lib/python3.7/site-packages/caffe2/python/operator_test
copying build/lib.linux-ppc64le-3.7/caffe2/python/operator_test/blobs_queue_db_test.py -> /castles/nr/projects/d/duanj-ai-in-medical-imaging/.share/conda-env/ml/lib/python3.7/site-packages/caffe2/python/operator_test
copying build/lib.linux-ppc64le-3.7/caffe2/python/operator_test/top_k_test.py -> /castles/nr/projects/d/duanj-ai-in-medical-imaging/.share/conda-env/ml/lib/python3.7/site-packages/caffe2/python/operator_test
copying build/lib.linux-ppc64le-3.7/caffe2/python/operator_test/batch_bucketize_op_test.py -> /castles/nr/projects/d/duanj-ai-in-medical-imaging/.share/conda-env/ml/lib/python3.7/site-packages/caffe2/python/operator_test
copying build/lib.linux-ppc64le-3.7/caffe2/python/operator_test/roi_align_rotated_op_test.py -> /castles/nr/projects/d/duanj-ai-in-medical-imaging/.share/conda-env/ml/lib/python3.7/site-packages/caffe2/python/operator_test
copying build/lib.linux-ppc64le-3.7/caffe2/python/operator_test/concat_split_op_test.py -> /castles/nr/projects/d/duanj-ai-in-medical-imaging/.share/conda-env/ml/lib/python3.7/site-packages/caffe2/python/operator_test
copying build/lib.linux-ppc64le-3.7/caffe2/python/operator_test/recurrent_net_executor_test.py -> /castles/nr/projects/d/duanj-ai-in-medical-imaging/.share/conda-env/ml/lib/python3.7/site-packages/caffe2/python/operator_test
copying build/lib.linux-ppc64le-3.7/caffe2/python/operator_test/sparse_ops_test.py -> /castles/nr/projects/d/duanj-ai-in-medical-imaging/.share/conda-env/ml/lib/python3.7/site-packages/caffe2/python/operator_test
copying build/lib.linux-ppc64le-3.7/caffe2/python/operator_test/rnn_cell_test.py -> /castles/nr/projects/d/duanj-ai-in-medical-imaging/.share/conda-env/ml/lib/python3.7/site-packages/caffe2/python/operator_test
copying build/lib.linux-ppc64le-3.7/caffe2/python/operator_test/affine_channel_op_test.py -> /castles/nr/projects/d/duanj-ai-in-medical-imaging/.share/conda-env/ml/lib/python3.7/site-packages/caffe2/python/operator_test
copying build/lib.linux-ppc64le-3.7/caffe2/python/operator_test/unique_ops_test.py -> /castles/nr/projects/d/duanj-ai-in-medical-imaging/.share/conda-env/ml/lib/python3.7/site-packages/caffe2/python/operator_test
copying build/lib.linux-ppc64le-3.7/caffe2/python/operator_test/find_op_test.py -> /castles/nr/projects/d/duanj-ai-in-medical-imaging/.share/conda-env/ml/lib/python3.7/site-packages/caffe2/python/operator_test
copying build/lib.linux-ppc64le-3.7/caffe2/python/operator_test/channel_stats_op_test.py -> /castles/nr/projects/d/duanj-ai-in-medical-imaging/.share/conda-env/ml/lib/python3.7/site-packages/caffe2/python/operator_test
copying build/lib.linux-ppc64le-3.7/caffe2/python/operator_test/__init__.py -> /castles/nr/projects/d/duanj-ai-in-medical-imaging/.share/conda-env/ml/lib/python3.7/site-packages/caffe2/python/operator_test
copying build/lib.linux-ppc64le-3.7/caffe2/python/operator_test/clip_op_test.py -> /castles/nr/projects/d/duanj-ai-in-medical-imaging/.share/conda-env/ml/lib/python3.7/site-packages/caffe2/python/operator_test
copying build/lib.linux-ppc64le-3.7/caffe2/python/operator_test/box_with_nms_limit_op_test.py -> /castles/nr/projects/d/duanj-ai-in-medical-imaging/.share/conda-env/ml/lib/python3.7/site-packages/caffe2/python/operator_test
copying build/lib.linux-ppc64le-3.7/caffe2/python/operator_test/margin_ranking_criterion_op_test.py -> /castles/nr/projects/d/duanj-ai-in-medical-imaging/.share/conda-env/ml/lib/python3.7/site-packages/caffe2/python/operator_test
copying build/lib.linux-ppc64le-3.7/caffe2/python/operator_test/mkl_packed_fc_op_test.py -> /castles/nr/projects/d/duanj-ai-in-medical-imaging/.share/conda-env/ml/lib/python3.7/site-packages/caffe2/python/operator_test
copying build/lib.linux-ppc64le-3.7/caffe2/python/operator_test/sparse_normalize_test.py -> /castles/nr/projects/d/duanj-ai-in-medical-imaging/.share/conda-env/ml/lib/python3.7/site-packages/caffe2/python/operator_test
copying build/lib.linux-ppc64le-3.7/caffe2/python/operator_test/conftest.py -> /castles/nr/projects/d/duanj-ai-in-medical-imaging/.share/conda-env/ml/lib/python3.7/site-packages/caffe2/python/operator_test
copying build/lib.linux-ppc64le-3.7/caffe2/python/operator_test/adadelta_test.py -> /castles/nr/projects/d/duanj-ai-in-medical-imaging/.share/conda-env/ml/lib/python3.7/site-packages/caffe2/python/operator_test
copying build/lib.linux-ppc64le-3.7/caffe2/python/operator_test/floor_op_test.py -> /castles/nr/projects/d/duanj-ai-in-medical-imaging/.share/conda-env/ml/lib/python3.7/site-packages/caffe2/python/operator_test
copying build/lib.linux-ppc64le-3.7/caffe2/python/operator_test/sparse_lp_regularizer_test.py -> /castles/nr/projects/d/duanj-ai-in-medical-imaging/.share/conda-env/ml/lib/python3.7/site-packages/caffe2/python/operator_test
copying build/lib.linux-ppc64le-3.7/caffe2/python/operator_test/alias_with_name_test.py -> /castles/nr/projects/d/duanj-ai-in-medical-imaging/.share/conda-env/ml/lib/python3.7/site-packages/caffe2/python/operator_test
copying build/lib.linux-ppc64le-3.7/caffe2/python/operator_test/torch_integration_test.py -> /castles/nr/projects/d/duanj-ai-in-medical-imaging/.share/conda-env/ml/lib/python3.7/site-packages/caffe2/python/operator_test
copying build/lib.linux-ppc64le-3.7/caffe2/python/operator_test/reduce_ops_test.py -> /castles/nr/projects/d/duanj-ai-in-medical-imaging/.share/conda-env/ml/lib/python3.7/site-packages/caffe2/python/operator_test
copying build/lib.linux-ppc64le-3.7/caffe2/python/operator_test/group_norm_op_test.py -> /castles/nr/projects/d/duanj-ai-in-medical-imaging/.share/conda-env/ml/lib/python3.7/site-packages/caffe2/python/operator_test
copying build/lib.linux-ppc64le-3.7/caffe2/python/operator_test/heatmap_max_keypoint_op_test.py -> /castles/nr/projects/d/duanj-ai-in-medical-imaging/.share/conda-env/ml/lib/python3.7/site-packages/caffe2/python/operator_test
copying build/lib.linux-ppc64le-3.7/caffe2/python/operator_test/utility_ops_test.py -> /castles/nr/projects/d/duanj-ai-in-medical-imaging/.share/conda-env/ml/lib/python3.7/site-packages/caffe2/python/operator_test
copying build/lib.linux-ppc64le-3.7/caffe2/python/operator_test/clip_tensor_op_test.py -> /castles/nr/projects/d/duanj-ai-in-medical-imaging/.share/conda-env/ml/lib/python3.7/site-packages/caffe2/python/operator_test
copying build/lib.linux-ppc64le-3.7/caffe2/python/operator_test/deform_conv_test.py -> /castles/nr/projects/d/duanj-ai-in-medical-imaging/.share/conda-env/ml/lib/python3.7/site-packages/caffe2/python/operator_test
copying build/lib.linux-ppc64le-3.7/caffe2/python/operator_test/data_couple_op_test.py -> /castles/nr/projects/d/duanj-ai-in-medical-imaging/.share/conda-env/ml/lib/python3.7/site-packages/caffe2/python/operator_test
copying build/lib.linux-ppc64le-3.7/caffe2/python/operator_test/percentile_op_test.py -> /castles/nr/projects/d/duanj-ai-in-medical-imaging/.share/conda-env/ml/lib/python3.7/site-packages/caffe2/python/operator_test
copying build/lib.linux-ppc64le-3.7/caffe2/python/operator_test/negate_gradient_op_test.py -> /castles/nr/projects/d/duanj-ai-in-medical-imaging/.share/conda-env/ml/lib/python3.7/site-packages/caffe2/python/operator_test
copying build/lib.linux-ppc64le-3.7/caffe2/python/operator_test/cast_op_test.py -> /castles/nr/projects/d/duanj-ai-in-medical-imaging/.share/conda-env/ml/lib/python3.7/site-packages/caffe2/python/operator_test
copying build/lib.linux-ppc64le-3.7/caffe2/python/operator_test/trigonometric_op_test.py -> /castles/nr/projects/d/duanj-ai-in-medical-imaging/.share/conda-env/ml/lib/python3.7/site-packages/caffe2/python/operator_test
copying build/lib.linux-ppc64le-3.7/caffe2/python/operator_test/length_split_op_test.py -> /castles/nr/projects/d/duanj-ai-in-medical-imaging/.share/conda-env/ml/lib/python3.7/site-packages/caffe2/python/operator_test
copying build/lib.linux-ppc64le-3.7/caffe2/python/operator_test/matmul_op_test.py -> /castles/nr/projects/d/duanj-ai-in-medical-imaging/.share/conda-env/ml/lib/python3.7/site-packages/caffe2/python/operator_test
copying build/lib.linux-ppc64le-3.7/caffe2/python/operator_test/im2col_col2im_test.py -> /castles/nr/projects/d/duanj-ai-in-medical-imaging/.share/conda-env/ml/lib/python3.7/site-packages/caffe2/python/operator_test
copying build/lib.linux-ppc64le-3.7/caffe2/python/operator_test/text_file_reader_test.py -> /castles/nr/projects/d/duanj-ai-in-medical-imaging/.share/conda-env/ml/lib/python3.7/site-packages/caffe2/python/operator_test
copying build/lib.linux-ppc64le-3.7/caffe2/python/operator_test/transpose_op_test.py -> /castles/nr/projects/d/duanj-ai-in-medical-imaging/.share/conda-env/ml/lib/python3.7/site-packages/caffe2/python/operator_test
copying build/lib.linux-ppc64le-3.7/caffe2/python/operator_test/one_hot_ops_test.py -> /castles/nr/projects/d/duanj-ai-in-medical-imaging/.share/conda-env/ml/lib/python3.7/site-packages/caffe2/python/operator_test
copying build/lib.linux-ppc64le-3.7/caffe2/python/operator_test/gru_test.py -> /castles/nr/projects/d/duanj-ai-in-medical-imaging/.share/conda-env/ml/lib/python3.7/site-packages/caffe2/python/operator_test
copying build/lib.linux-ppc64le-3.7/caffe2/python/operator_test/glu_op_test.py -> /castles/nr/projects/d/duanj-ai-in-medical-imaging/.share/conda-env/ml/lib/python3.7/site-packages/caffe2/python/operator_test
copying build/lib.linux-ppc64le-3.7/caffe2/python/operator_test/conv_transpose_test.py -> /castles/nr/projects/d/duanj-ai-in-medical-imaging/.share/conda-env/ml/lib/python3.7/site-packages/caffe2/python/operator_test
copying build/lib.linux-ppc64le-3.7/caffe2/python/operator_test/ctc_greedy_decoder_op_test.py -> /castles/nr/projects/d/duanj-ai-in-medical-imaging/.share/conda-env/ml/lib/python3.7/site-packages/caffe2/python/operator_test
copying build/lib.linux-ppc64le-3.7/caffe2/python/operator_test/softmax_ops_test.py -> /castles/nr/projects/d/duanj-ai-in-medical-imaging/.share/conda-env/ml/lib/python3.7/site-packages/caffe2/python/operator_test
copying build/lib.linux-ppc64le-3.7/caffe2/python/operator_test/reshape_ops_test.py -> /castles/nr/projects/d/duanj-ai-in-medical-imaging/.share/conda-env/ml/lib/python3.7/site-packages/caffe2/python/operator_test
copying build/lib.linux-ppc64le-3.7/caffe2/python/operator_test/reduction_ops_test.py -> /castles/nr/projects/d/duanj-ai-in-medical-imaging/.share/conda-env/ml/lib/python3.7/site-packages/caffe2/python/operator_test
copying build/lib.linux-ppc64le-3.7/caffe2/python/operator_test/lars_test.py -> /castles/nr/projects/d/duanj-ai-in-medical-imaging/.share/conda-env/ml/lib/python3.7/site-packages/caffe2/python/operator_test
copying build/lib.linux-ppc64le-3.7/caffe2/python/operator_test/counter_ops_test.py -> /castles/nr/projects/d/duanj-ai-in-medical-imaging/.share/conda-env/ml/lib/python3.7/site-packages/caffe2/python/operator_test
copying build/lib.linux-ppc64le-3.7/caffe2/python/operator_test/bbox_transform_test.py -> /castles/nr/projects/d/duanj-ai-in-medical-imaging/.share/conda-env/ml/lib/python3.7/site-packages/caffe2/python/operator_test
copying build/lib.linux-ppc64le-3.7/caffe2/python/operator_test/cudnn_recurrent_test.py -> /castles/nr/projects/d/duanj-ai-in-medical-imaging/.share/conda-env/ml/lib/python3.7/site-packages/caffe2/python/operator_test
copying build/lib.linux-ppc64le-3.7/caffe2/python/operator_test/boolean_unmask_test.py -> /castles/nr/projects/d/duanj-ai-in-medical-imaging/.share/conda-env/ml/lib/python3.7/site-packages/caffe2/python/operator_test
copying build/lib.linux-ppc64le-3.7/caffe2/python/operator_test/prepend_dim_test.py -> /castles/nr/projects/d/duanj-ai-in-medical-imaging/.share/conda-env/ml/lib/python3.7/site-packages/caffe2/python/operator_test
copying build/lib.linux-ppc64le-3.7/caffe2/python/operator_test/mod_op_test.py -> /castles/nr/projects/d/duanj-ai-in-medical-imaging/.share/conda-env/ml/lib/python3.7/site-packages/caffe2/python/operator_test
copying build/lib.linux-ppc64le-3.7/caffe2/python/operator_test/detectron_keypoints.py -> /castles/nr/projects/d/duanj-ai-in-medical-imaging/.share/conda-env/ml/lib/python3.7/site-packages/caffe2/python/operator_test
copying build/lib.linux-ppc64le-3.7/caffe2/python/operator_test/erf_op_test.py -> /castles/nr/projects/d/duanj-ai-in-medical-imaging/.share/conda-env/ml/lib/python3.7/site-packages/caffe2/python/operator_test
copying build/lib.linux-ppc64le-3.7/caffe2/python/operator_test/square_root_divide_op_test.py -> /castles/nr/projects/d/duanj-ai-in-medical-imaging/.share/conda-env/ml/lib/python3.7/site-packages/caffe2/python/operator_test
copying build/lib.linux-ppc64le-3.7/caffe2/python/operator_test/batch_sparse_to_dense_op_test.py -> /castles/nr/projects/d/duanj-ai-in-medical-imaging/.share/conda-env/ml/lib/python3.7/site-packages/caffe2/python/operator_test
copying build/lib.linux-ppc64le-3.7/caffe2/python/operator_test/weighted_sum_test.py -> /castles/nr/projects/d/duanj-ai-in-medical-imaging/.share/conda-env/ml/lib/python3.7/site-packages/caffe2/python/operator_test
copying build/lib.linux-ppc64le-3.7/caffe2/python/operator_test/lengths_reducer_fused_nbit_rowwise_ops_test.py -> /castles/nr/projects/d/duanj-ai-in-medical-imaging/.share/conda-env/ml/lib/python3.7/site-packages/caffe2/python/operator_test
copying build/lib.linux-ppc64le-3.7/caffe2/python/operator_test/copy_rows_to_tensor_op_test.py -> /castles/nr/projects/d/duanj-ai-in-medical-imaging/.share/conda-env/ml/lib/python3.7/site-packages/caffe2/python/operator_test
copying build/lib.linux-ppc64le-3.7/caffe2/python/operator_test/learning_rate_op_test.py -> /castles/nr/projects/d/duanj-ai-in-medical-imaging/.share/conda-env/ml/lib/python3.7/site-packages/caffe2/python/operator_test
copying build/lib.linux-ppc64le-3.7/caffe2/python/operator_test/learning_rate_adaption_op_test.py -> /castles/nr/projects/d/duanj-ai-in-medical-imaging/.share/conda-env/ml/lib/python3.7/site-packages/caffe2/python/operator_test
copying build/lib.linux-ppc64le-3.7/caffe2/python/operator_test/crf_test.py -> /castles/nr/projects/d/duanj-ai-in-medical-imaging/.share/conda-env/ml/lib/python3.7/site-packages/caffe2/python/operator_test
copying build/lib.linux-ppc64le-3.7/caffe2/python/operator_test/feature_maps_ops_test.py -> /castles/nr/projects/d/duanj-ai-in-medical-imaging/.share/conda-env/ml/lib/python3.7/site-packages/caffe2/python/operator_test
copying build/lib.linux-ppc64le-3.7/caffe2/python/operator_test/hyperbolic_ops_test.py -> /castles/nr/projects/d/duanj-ai-in-medical-imaging/.share/conda-env/ml/lib/python3.7/site-packages/caffe2/python/operator_test
copying build/lib.linux-ppc64le-3.7/caffe2/python/operator_test/basic_rnn_test.py -> /castles/nr/projects/d/duanj-ai-in-medical-imaging/.share/conda-env/ml/lib/python3.7/site-packages/caffe2/python/operator_test
copying build/lib.linux-ppc64le-3.7/caffe2/python/operator_test/wngrad_test.py -> /castles/nr/projects/d/duanj-ai-in-medical-imaging/.share/conda-env/ml/lib/python3.7/site-packages/caffe2/python/operator_test
copying build/lib.linux-ppc64le-3.7/caffe2/python/operator_test/expand_op_test.py -> /castles/nr/projects/d/duanj-ai-in-medical-imaging/.share/conda-env/ml/lib/python3.7/site-packages/caffe2/python/operator_test
copying build/lib.linux-ppc64le-3.7/caffe2/python/operator_test/sparse_dropout_with_replacement_op_test.py -> /castles/nr/projects/d/duanj-ai-in-medical-imaging/.share/conda-env/ml/lib/python3.7/site-packages/caffe2/python/operator_test
copying build/lib.linux-ppc64le-3.7/caffe2/python/operator_test/shape_inference_test.py -> /castles/nr/projects/d/duanj-ai-in-medical-imaging/.share/conda-env/ml/lib/python3.7/site-packages/caffe2/python/operator_test
copying build/lib.linux-ppc64le-3.7/caffe2/python/operator_test/lengths_top_k_ops_test.py -> /castles/nr/projects/d/duanj-ai-in-medical-imaging/.share/conda-env/ml/lib/python3.7/site-packages/caffe2/python/operator_test
copying build/lib.linux-ppc64le-3.7/caffe2/python/operator_test/python_op_test.py -> /castles/nr/projects/d/duanj-ai-in-medical-imaging/.share/conda-env/ml/lib/python3.7/site-packages/caffe2/python/operator_test
copying build/lib.linux-ppc64le-3.7/caffe2/python/operator_test/channel_backprop_stats_op_test.py -> /castles/nr/projects/d/duanj-ai-in-medical-imaging/.share/conda-env/ml/lib/python3.7/site-packages/caffe2/python/operator_test
copying build/lib.linux-ppc64le-3.7/caffe2/python/operator_test/dataset_ops_test.py -> /castles/nr/projects/d/duanj-ai-in-medical-imaging/.share/conda-env/ml/lib/python3.7/site-packages/caffe2/python/operator_test
copying build/lib.linux-ppc64le-3.7/caffe2/python/operator_test/pack_ops_test.py -> /castles/nr/projects/d/duanj-ai-in-medical-imaging/.share/conda-env/ml/lib/python3.7/site-packages/caffe2/python/operator_test
copying build/lib.linux-ppc64le-3.7/caffe2/python/operator_test/cosine_embedding_criterion_op_test.py -> /castles/nr/projects/d/duanj-ai-in-medical-imaging/.share/conda-env/ml/lib/python3.7/site-packages/caffe2/python/operator_test
copying build/lib.linux-ppc64le-3.7/caffe2/python/operator_test/adagrad_test.py -> /castles/nr/projects/d/duanj-ai-in-medical-imaging/.share/conda-env/ml/lib/python3.7/site-packages/caffe2/python/operator_test
copying build/lib.linux-ppc64le-3.7/caffe2/python/operator_test/duplicate_operands_test.py -> /castles/nr/projects/d/duanj-ai-in-medical-imaging/.share/conda-env/ml/lib/python3.7/site-packages/caffe2/python/operator_test
copying build/lib.linux-ppc64le-3.7/caffe2/python/operator_test/bucketize_op_test.py -> /castles/nr/projects/d/duanj-ai-in-medical-imaging/.share/conda-env/ml/lib/python3.7/site-packages/caffe2/python/operator_test
copying build/lib.linux-ppc64le-3.7/caffe2/python/operator_test/dense_vector_to_id_list_op_test.py -> /castles/nr/projects/d/duanj-ai-in-medical-imaging/.share/conda-env/ml/lib/python3.7/site-packages/caffe2/python/operator_test
copying build/lib.linux-ppc64le-3.7/caffe2/python/operator_test/collect_and_distribute_fpn_rpn_proposals_op_test.py -> /castles/nr/projects/d/duanj-ai-in-medical-imaging/.share/conda-env/ml/lib/python3.7/site-packages/caffe2/python/operator_test
copying build/lib.linux-ppc64le-3.7/caffe2/python/operator_test/ensure_cpu_output_op_test.py -> /castles/nr/projects/d/duanj-ai-in-medical-imaging/.share/conda-env/ml/lib/python3.7/site-packages/caffe2/python/operator_test
copying build/lib.linux-ppc64le-3.7/caffe2/python/operator_test/key_split_ops_test.py -> /castles/nr/projects/d/duanj-ai-in-medical-imaging/.share/conda-env/ml/lib/python3.7/site-packages/caffe2/python/operator_test
copying build/lib.linux-ppc64le-3.7/caffe2/python/operator_test/emptysample_ops_test.py -> /castles/nr/projects/d/duanj-ai-in-medical-imaging/.share/conda-env/ml/lib/python3.7/site-packages/caffe2/python/operator_test
copying build/lib.linux-ppc64le-3.7/caffe2/python/operator_test/ensure_clipped_test.py -> /castles/nr/projects/d/duanj-ai-in-medical-imaging/.share/conda-env/ml/lib/python3.7/site-packages/caffe2/python/operator_test
copying build/lib.linux-ppc64le-3.7/caffe2/python/operator_test/loss_ops_test.py -> /castles/nr/projects/d/duanj-ai-in-medical-imaging/.share/conda-env/ml/lib/python3.7/site-packages/caffe2/python/operator_test
copying build/lib.linux-ppc64le-3.7/caffe2/python/operator_test/weighted_sample_test.py -> /castles/nr/projects/d/duanj-ai-in-medical-imaging/.share/conda-env/ml/lib/python3.7/site-packages/caffe2/python/operator_test
copying build/lib.linux-ppc64le-3.7/caffe2/python/operator_test/activation_ops_test.py -> /castles/nr/projects/d/duanj-ai-in-medical-imaging/.share/conda-env/ml/lib/python3.7/site-packages/caffe2/python/operator_test
copying build/lib.linux-ppc64le-3.7/caffe2/python/operator_test/storm_test.py -> /castles/nr/projects/d/duanj-ai-in-medical-imaging/.share/conda-env/ml/lib/python3.7/site-packages/caffe2/python/operator_test
copying build/lib.linux-ppc64le-3.7/caffe2/python/operator_test/mean_op_test.py -> /castles/nr/projects/d/duanj-ai-in-medical-imaging/.share/conda-env/ml/lib/python3.7/site-packages/caffe2/python/operator_test
copying build/lib.linux-ppc64le-3.7/caffe2/python/operator_test/distance_op_test.py -> /castles/nr/projects/d/duanj-ai-in-medical-imaging/.share/conda-env/ml/lib/python3.7/site-packages/caffe2/python/operator_test
copying build/lib.linux-ppc64le-3.7/caffe2/python/operator_test/numpy_tile_op_test.py -> /castles/nr/projects/d/duanj-ai-in-medical-imaging/.share/conda-env/ml/lib/python3.7/site-packages/caffe2/python/operator_test
copying build/lib.linux-ppc64le-3.7/caffe2/python/operator_test/ngram_ops_test.py -> /castles/nr/projects/d/duanj-ai-in-medical-imaging/.share/conda-env/ml/lib/python3.7/site-packages/caffe2/python/operator_test
copying build/lib.linux-ppc64le-3.7/caffe2/python/operator_test/pad_test.py -> /castles/nr/projects/d/duanj-ai-in-medical-imaging/.share/conda-env/ml/lib/python3.7/site-packages/caffe2/python/operator_test
copying build/lib.linux-ppc64le-3.7/caffe2/python/operator_test/rebatching_queue_test.py -> /castles/nr/projects/d/duanj-ai-in-medical-imaging/.share/conda-env/ml/lib/python3.7/site-packages/caffe2/python/operator_test
copying build/lib.linux-ppc64le-3.7/caffe2/python/operator_test/rand_quantization_op_test.py -> /castles/nr/projects/d/duanj-ai-in-medical-imaging/.share/conda-env/ml/lib/python3.7/site-packages/caffe2/python/operator_test
copying build/lib.linux-ppc64le-3.7/caffe2/python/operator_test/sparse_lengths_sum_benchmark.py -> /castles/nr/projects/d/duanj-ai-in-medical-imaging/.share/conda-env/ml/lib/python3.7/site-packages/caffe2/python/operator_test
copying build/lib.linux-ppc64le-3.7/caffe2/python/operator_test/histogram_test.py -> /castles/nr/projects/d/duanj-ai-in-medical-imaging/.share/conda-env/ml/lib/python3.7/site-packages/caffe2/python/operator_test
copying build/lib.linux-ppc64le-3.7/caffe2/python/operator_test/self_binning_histogram_test.py -> /castles/nr/projects/d/duanj-ai-in-medical-imaging/.share/conda-env/ml/lib/python3.7/site-packages/caffe2/python/operator_test
copying build/lib.linux-ppc64le-3.7/caffe2/python/operator_test/rand_quantization_op_speed_test.py -> /castles/nr/projects/d/duanj-ai-in-medical-imaging/.share/conda-env/ml/lib/python3.7/site-packages/caffe2/python/operator_test
copying build/lib.linux-ppc64le-3.7/caffe2/python/operator_test/adagrad_test_helper.py -> /castles/nr/projects/d/duanj-ai-in-medical-imaging/.share/conda-env/ml/lib/python3.7/site-packages/caffe2/python/operator_test
copying build/lib.linux-ppc64le-3.7/caffe2/python/operator_test/hsm_test.py -> /castles/nr/projects/d/duanj-ai-in-medical-imaging/.share/conda-env/ml/lib/python3.7/site-packages/caffe2/python/operator_test
copying build/lib.linux-ppc64le-3.7/caffe2/python/operator_test/video_input_op_test.py -> /castles/nr/projects/d/duanj-ai-in-medical-imaging/.share/conda-env/ml/lib/python3.7/site-packages/caffe2/python/operator_test
copying build/lib.linux-ppc64le-3.7/caffe2/python/operator_test/unique_uniform_fill_op_test.py -> /castles/nr/projects/d/duanj-ai-in-medical-imaging/.share/conda-env/ml/lib/python3.7/site-packages/caffe2/python/operator_test
copying build/lib.linux-ppc64le-3.7/caffe2/python/operator_test/stats_ops_test.py -> /castles/nr/projects/d/duanj-ai-in-medical-imaging/.share/conda-env/ml/lib/python3.7/site-packages/caffe2/python/operator_test
copying build/lib.linux-ppc64le-3.7/caffe2/python/operator_test/math_ops_test.py -> /castles/nr/projects/d/duanj-ai-in-medical-imaging/.share/conda-env/ml/lib/python3.7/site-packages/caffe2/python/operator_test
copying build/lib.linux-ppc64le-3.7/caffe2/python/operator_test/order_switch_test.py -> /castles/nr/projects/d/duanj-ai-in-medical-imaging/.share/conda-env/ml/lib/python3.7/site-packages/caffe2/python/operator_test
copying build/lib.linux-ppc64le-3.7/caffe2/python/operator_test/conv_test.py -> /castles/nr/projects/d/duanj-ai-in-medical-imaging/.share/conda-env/ml/lib/python3.7/site-packages/caffe2/python/operator_test
copying build/lib.linux-ppc64le-3.7/caffe2/python/operator_test/recurrent_network_test.py -> /castles/nr/projects/d/duanj-ai-in-medical-imaging/.share/conda-env/ml/lib/python3.7/site-packages/caffe2/python/operator_test
copying build/lib.linux-ppc64le-3.7/caffe2/python/operator_test/conditional_test.py -> /castles/nr/projects/d/duanj-ai-in-medical-imaging/.share/conda-env/ml/lib/python3.7/site-packages/caffe2/python/operator_test
copying build/lib.linux-ppc64le-3.7/caffe2/python/operator_test/adam_test.py -> /castles/nr/projects/d/duanj-ai-in-medical-imaging/.share/conda-env/ml/lib/python3.7/site-packages/caffe2/python/operator_test
copying build/lib.linux-ppc64le-3.7/caffe2/python/operator_test/gather_ranges_op_test.py -> /castles/nr/projects/d/duanj-ai-in-medical-imaging/.share/conda-env/ml/lib/python3.7/site-packages/caffe2/python/operator_test
copying build/lib.linux-ppc64le-3.7/caffe2/python/operator_test/momentum_sgd_test.py -> /castles/nr/projects/d/duanj-ai-in-medical-imaging/.share/conda-env/ml/lib/python3.7/site-packages/caffe2/python/operator_test
copying build/lib.linux-ppc64le-3.7/caffe2/python/operator_test/batch_box_cox_test.py -> /castles/nr/projects/d/duanj-ai-in-medical-imaging/.share/conda-env/ml/lib/python3.7/site-packages/caffe2/python/operator_test
copying build/lib.linux-ppc64le-3.7/caffe2/python/operator_test/rowwise_counter_test.py -> /castles/nr/projects/d/duanj-ai-in-medical-imaging/.share/conda-env/ml/lib/python3.7/site-packages/caffe2/python/operator_test
copying build/lib.linux-ppc64le-3.7/caffe2/python/operator_test/depthwise_3x3_conv_test.py -> /castles/nr/projects/d/duanj-ai-in-medical-imaging/.share/conda-env/ml/lib/python3.7/site-packages/caffe2/python/operator_test
copying build/lib.linux-ppc64le-3.7/caffe2/python/operator_test/index_ops_test.py -> /castles/nr/projects/d/duanj-ai-in-medical-imaging/.share/conda-env/ml/lib/python3.7/site-packages/caffe2/python/operator_test
copying build/lib.linux-ppc64le-3.7/caffe2/python/operator_test/integral_image_ops_test.py -> /castles/nr/projects/d/duanj-ai-in-medical-imaging/.share/conda-env/ml/lib/python3.7/site-packages/caffe2/python/operator_test
copying build/lib.linux-ppc64le-3.7/caffe2/python/operator_test/segment_ops_test.py -> /castles/nr/projects/d/duanj-ai-in-medical-imaging/.share/conda-env/ml/lib/python3.7/site-packages/caffe2/python/operator_test
copying build/lib.linux-ppc64le-3.7/caffe2/python/operator_test/elementwise_linear_op_test.py -> /castles/nr/projects/d/duanj-ai-in-medical-imaging/.share/conda-env/ml/lib/python3.7/site-packages/caffe2/python/operator_test
copying build/lib.linux-ppc64le-3.7/caffe2/python/operator_test/apmeter_test.py -> /castles/nr/projects/d/duanj-ai-in-medical-imaging/.share/conda-env/ml/lib/python3.7/site-packages/caffe2/python/operator_test
copying build/lib.linux-ppc64le-3.7/caffe2/python/operator_test/channel_shuffle_test.py -> /castles/nr/projects/d/duanj-ai-in-medical-imaging/.share/conda-env/ml/lib/python3.7/site-packages/caffe2/python/operator_test
copying build/lib.linux-ppc64le-3.7/caffe2/python/operator_test/string_ops_test.py -> /castles/nr/projects/d/duanj-ai-in-medical-imaging/.share/conda-env/ml/lib/python3.7/site-packages/caffe2/python/operator_test
copying build/lib.linux-ppc64le-3.7/caffe2/python/operator_test/dropout_op_test.py -> /castles/nr/projects/d/duanj-ai-in-medical-imaging/.share/conda-env/ml/lib/python3.7/site-packages/caffe2/python/operator_test
copying build/lib.linux-ppc64le-3.7/caffe2/python/operator_test/mpi_test.py -> /castles/nr/projects/d/duanj-ai-in-medical-imaging/.share/conda-env/ml/lib/python3.7/site-packages/caffe2/python/operator_test
copying build/lib.linux-ppc64le-3.7/caffe2/python/operator_test/piecewise_linear_transform_test.py -> /castles/nr/projects/d/duanj-ai-in-medical-imaging/.share/conda-env/ml/lib/python3.7/site-packages/caffe2/python/operator_test
copying build/lib.linux-ppc64le-3.7/caffe2/python/operator_test/specialized_segment_ops_test.py -> /castles/nr/projects/d/duanj-ai-in-medical-imaging/.share/conda-env/ml/lib/python3.7/site-packages/caffe2/python/operator_test
copying build/lib.linux-ppc64le-3.7/caffe2/python/operator_test/ceil_op_test.py -> /castles/nr/projects/d/duanj-ai-in-medical-imaging/.share/conda-env/ml/lib/python3.7/site-packages/caffe2/python/operator_test
copying build/lib.linux-ppc64le-3.7/caffe2/python/operator_test/sparse_to_dense_mask_op_test.py -> /castles/nr/projects/d/duanj-ai-in-medical-imaging/.share/conda-env/ml/lib/python3.7/site-packages/caffe2/python/operator_test
copying build/lib.linux-ppc64le-3.7/caffe2/python/operator_test/flexible_top_k_test.py -> /castles/nr/projects/d/duanj-ai-in-medical-imaging/.share/conda-env/ml/lib/python3.7/site-packages/caffe2/python/operator_test
copying build/lib.linux-ppc64le-3.7/caffe2/python/operator_test/boolean_mask_test.py -> /castles/nr/projects/d/duanj-ai-in-medical-imaging/.share/conda-env/ml/lib/python3.7/site-packages/caffe2/python/operator_test
copying build/lib.linux-ppc64le-3.7/caffe2/python/core_test.py -> /castles/nr/projects/d/duanj-ai-in-medical-imaging/.share/conda-env/ml/lib/python3.7/site-packages/caffe2/python
copying build/lib.linux-ppc64le-3.7/caffe2/python/lstm_benchmark.py -> /castles/nr/projects/d/duanj-ai-in-medical-imaging/.share/conda-env/ml/lib/python3.7/site-packages/caffe2/python
copying build/lib.linux-ppc64le-3.7/caffe2/python/normalizer_test.py -> /castles/nr/projects/d/duanj-ai-in-medical-imaging/.share/conda-env/ml/lib/python3.7/site-packages/caffe2/python
copying build/lib.linux-ppc64le-3.7/caffe2/python/extension_loader.py -> /castles/nr/projects/d/duanj-ai-in-medical-imaging/.share/conda-env/ml/lib/python3.7/site-packages/caffe2/python
copying build/lib.linux-ppc64le-3.7/caffe2/python/db_test.py -> /castles/nr/projects/d/duanj-ai-in-medical-imaging/.share/conda-env/ml/lib/python3.7/site-packages/caffe2/python
copying build/lib.linux-ppc64le-3.7/caffe2/python/mkl_test_util.py -> /castles/nr/projects/d/duanj-ai-in-medical-imaging/.share/conda-env/ml/lib/python3.7/site-packages/caffe2/python
copying build/lib.linux-ppc64le-3.7/caffe2/python/normalizer_context.py -> /castles/nr/projects/d/duanj-ai-in-medical-imaging/.share/conda-env/ml/lib/python3.7/site-packages/caffe2/python
copying build/lib.linux-ppc64le-3.7/caffe2/python/optimizer_test_util.py -> /castles/nr/projects/d/duanj-ai-in-medical-imaging/.share/conda-env/ml/lib/python3.7/site-packages/caffe2/python
copying build/lib.linux-ppc64le-3.7/caffe2/python/timeout_guard.py -> /castles/nr/projects/d/duanj-ai-in-medical-imaging/.share/conda-env/ml/lib/python3.7/site-packages/caffe2/python
copying build/lib.linux-ppc64le-3.7/caffe2/python/recurrent.py -> /castles/nr/projects/d/duanj-ai-in-medical-imaging/.share/conda-env/ml/lib/python3.7/site-packages/caffe2/python
copying build/lib.linux-ppc64le-3.7/caffe2/python/schema_test.py -> /castles/nr/projects/d/duanj-ai-in-medical-imaging/.share/conda-env/ml/lib/python3.7/site-packages/caffe2/python
copying build/lib.linux-ppc64le-3.7/caffe2/python/onnx/workspace.py -> /castles/nr/projects/d/duanj-ai-in-medical-imaging/.share/conda-env/ml/lib/python3.7/site-packages/caffe2/python/onnx
copying build/lib.linux-ppc64le-3.7/caffe2/python/onnx/tests/onnx_backend_test.py -> /castles/nr/projects/d/duanj-ai-in-medical-imaging/.share/conda-env/ml/lib/python3.7/site-packages/caffe2/python/onnx/tests
copying build/lib.linux-ppc64le-3.7/caffe2/python/onnx/tests/c2_ref_test.py -> /castles/nr/projects/d/duanj-ai-in-medical-imaging/.share/conda-env/ml/lib/python3.7/site-packages/caffe2/python/onnx/tests
copying build/lib.linux-ppc64le-3.7/caffe2/python/onnx/tests/conversion_test.py -> /castles/nr/projects/d/duanj-ai-in-medical-imaging/.share/conda-env/ml/lib/python3.7/site-packages/caffe2/python/onnx/tests
copying build/lib.linux-ppc64le-3.7/caffe2/python/onnx/tests/__init__.py -> /castles/nr/projects/d/duanj-ai-in-medical-imaging/.share/conda-env/ml/lib/python3.7/site-packages/caffe2/python/onnx/tests
copying build/lib.linux-ppc64le-3.7/caffe2/python/onnx/tests/test_utils.py -> /castles/nr/projects/d/duanj-ai-in-medical-imaging/.share/conda-env/ml/lib/python3.7/site-packages/caffe2/python/onnx/tests
copying build/lib.linux-ppc64le-3.7/caffe2/python/onnx/tests/ssa_test.py -> /castles/nr/projects/d/duanj-ai-in-medical-imaging/.share/conda-env/ml/lib/python3.7/site-packages/caffe2/python/onnx/tests
copying build/lib.linux-ppc64le-3.7/caffe2/python/onnx/tests/helper_test.py -> /castles/nr/projects/d/duanj-ai-in-medical-imaging/.share/conda-env/ml/lib/python3.7/site-packages/caffe2/python/onnx/tests
copying build/lib.linux-ppc64le-3.7/caffe2/python/onnx/bin/__init__.py -> /castles/nr/projects/d/duanj-ai-in-medical-imaging/.share/conda-env/ml/lib/python3.7/site-packages/caffe2/python/onnx/bin
copying build/lib.linux-ppc64le-3.7/caffe2/python/onnx/bin/conversion.py -> /castles/nr/projects/d/duanj-ai-in-medical-imaging/.share/conda-env/ml/lib/python3.7/site-packages/caffe2/python/onnx/bin
copying build/lib.linux-ppc64le-3.7/caffe2/python/onnx/__init__.py -> /castles/nr/projects/d/duanj-ai-in-medical-imaging/.share/conda-env/ml/lib/python3.7/site-packages/caffe2/python/onnx
copying build/lib.linux-ppc64le-3.7/caffe2/python/onnx/test_onnxifi.py -> /castles/nr/projects/d/duanj-ai-in-medical-imaging/.share/conda-env/ml/lib/python3.7/site-packages/caffe2/python/onnx
copying build/lib.linux-ppc64le-3.7/caffe2/python/onnx/helper.py -> /castles/nr/projects/d/duanj-ai-in-medical-imaging/.share/conda-env/ml/lib/python3.7/site-packages/caffe2/python/onnx
copying build/lib.linux-ppc64le-3.7/caffe2/python/onnx/backend.py -> /castles/nr/projects/d/duanj-ai-in-medical-imaging/.share/conda-env/ml/lib/python3.7/site-packages/caffe2/python/onnx
copying build/lib.linux-ppc64le-3.7/caffe2/python/onnx/onnxifi.py -> /castles/nr/projects/d/duanj-ai-in-medical-imaging/.share/conda-env/ml/lib/python3.7/site-packages/caffe2/python/onnx
copying build/lib.linux-ppc64le-3.7/caffe2/python/onnx/frontend.py -> /castles/nr/projects/d/duanj-ai-in-medical-imaging/.share/conda-env/ml/lib/python3.7/site-packages/caffe2/python/onnx
copying build/lib.linux-ppc64le-3.7/caffe2/python/onnx/backend_rep.py -> /castles/nr/projects/d/duanj-ai-in-medical-imaging/.share/conda-env/ml/lib/python3.7/site-packages/caffe2/python/onnx
copying build/lib.linux-ppc64le-3.7/caffe2/python/onnx/error.py -> /castles/nr/projects/d/duanj-ai-in-medical-imaging/.share/conda-env/ml/lib/python3.7/site-packages/caffe2/python/onnx
copying build/lib.linux-ppc64le-3.7/caffe2/python/onnx/backend_cpp_rep.py -> /castles/nr/projects/d/duanj-ai-in-medical-imaging/.share/conda-env/ml/lib/python3.7/site-packages/caffe2/python/onnx
copying build/lib.linux-ppc64le-3.7/caffe2/python/utils_test.py -> /castles/nr/projects/d/duanj-ai-in-medical-imaging/.share/conda-env/ml/lib/python3.7/site-packages/caffe2/python
copying build/lib.linux-ppc64le-3.7/caffe2/python/dataio.py -> /castles/nr/projects/d/duanj-ai-in-medical-imaging/.share/conda-env/ml/lib/python3.7/site-packages/caffe2/python
copying build/lib.linux-ppc64le-3.7/caffe2/python/rnn_cell.py -> /castles/nr/projects/d/duanj-ai-in-medical-imaging/.share/conda-env/ml/lib/python3.7/site-packages/caffe2/python
copying build/lib.linux-ppc64le-3.7/caffe2/python/model_helper_test.py -> /castles/nr/projects/d/duanj-ai-in-medical-imaging/.share/conda-env/ml/lib/python3.7/site-packages/caffe2/python
copying build/lib.linux-ppc64le-3.7/caffe2/python/brew_test.py -> /castles/nr/projects/d/duanj-ai-in-medical-imaging/.share/conda-env/ml/lib/python3.7/site-packages/caffe2/python
copying build/lib.linux-ppc64le-3.7/caffe2/python/crf_predict.py -> /castles/nr/projects/d/duanj-ai-in-medical-imaging/.share/conda-env/ml/lib/python3.7/site-packages/caffe2/python
copying build/lib.linux-ppc64le-3.7/caffe2/python/text_file_reader.py -> /castles/nr/projects/d/duanj-ai-in-medical-imaging/.share/conda-env/ml/lib/python3.7/site-packages/caffe2/python
copying build/lib.linux-ppc64le-3.7/caffe2/python/net_printer_test.py -> /castles/nr/projects/d/duanj-ai-in-medical-imaging/.share/conda-env/ml/lib/python3.7/site-packages/caffe2/python
copying build/lib.linux-ppc64le-3.7/caffe2/python/control.py -> /castles/nr/projects/d/duanj-ai-in-medical-imaging/.share/conda-env/ml/lib/python3.7/site-packages/caffe2/python
copying build/lib.linux-ppc64le-3.7/caffe2/python/__init__.py -> /castles/nr/projects/d/duanj-ai-in-medical-imaging/.share/conda-env/ml/lib/python3.7/site-packages/caffe2/python
copying build/lib.linux-ppc64le-3.7/caffe2/python/crf.py -> /castles/nr/projects/d/duanj-ai-in-medical-imaging/.share/conda-env/ml/lib/python3.7/site-packages/caffe2/python
copying build/lib.linux-ppc64le-3.7/caffe2/python/models/imagenet_trainer_test_utils.py -> /castles/nr/projects/d/duanj-ai-in-medical-imaging/.share/conda-env/ml/lib/python3.7/site-packages/caffe2/python/models
copying build/lib.linux-ppc64le-3.7/caffe2/python/models/resnet_test.py -> /castles/nr/projects/d/duanj-ai-in-medical-imaging/.share/conda-env/ml/lib/python3.7/site-packages/caffe2/python/models
copying build/lib.linux-ppc64le-3.7/caffe2/python/models/__sym_init__.py -> /castles/nr/projects/d/duanj-ai-in-medical-imaging/.share/conda-env/ml/lib/python3.7/site-packages/caffe2/python/models
copying build/lib.linux-ppc64le-3.7/caffe2/python/models/shufflenet_test.py -> /castles/nr/projects/d/duanj-ai-in-medical-imaging/.share/conda-env/ml/lib/python3.7/site-packages/caffe2/python/models
copying build/lib.linux-ppc64le-3.7/caffe2/python/models/resnet.py -> /castles/nr/projects/d/duanj-ai-in-medical-imaging/.share/conda-env/ml/lib/python3.7/site-packages/caffe2/python/models
copying build/lib.linux-ppc64le-3.7/caffe2/python/models/__init__.py -> /castles/nr/projects/d/duanj-ai-in-medical-imaging/.share/conda-env/ml/lib/python3.7/site-packages/caffe2/python/models
copying build/lib.linux-ppc64le-3.7/caffe2/python/models/download.py -> /castles/nr/projects/d/duanj-ai-in-medical-imaging/.share/conda-env/ml/lib/python3.7/site-packages/caffe2/python/models
copying build/lib.linux-ppc64le-3.7/caffe2/python/models/shufflenet.py -> /castles/nr/projects/d/duanj-ai-in-medical-imaging/.share/conda-env/ml/lib/python3.7/site-packages/caffe2/python/models
copying build/lib.linux-ppc64le-3.7/caffe2/python/models/seq2seq/translate.py -> /castles/nr/projects/d/duanj-ai-in-medical-imaging/.share/conda-env/ml/lib/python3.7/site-packages/caffe2/python/models/seq2seq
copying build/lib.linux-ppc64le-3.7/caffe2/python/models/seq2seq/seq2seq_model_helper.py -> /castles/nr/projects/d/duanj-ai-in-medical-imaging/.share/conda-env/ml/lib/python3.7/site-packages/caffe2/python/models/seq2seq
copying build/lib.linux-ppc64le-3.7/caffe2/python/models/seq2seq/__init__.py -> /castles/nr/projects/d/duanj-ai-in-medical-imaging/.share/conda-env/ml/lib/python3.7/site-packages/caffe2/python/models/seq2seq
copying build/lib.linux-ppc64le-3.7/caffe2/python/models/seq2seq/beam_search.py -> /castles/nr/projects/d/duanj-ai-in-medical-imaging/.share/conda-env/ml/lib/python3.7/site-packages/caffe2/python/models/seq2seq
copying build/lib.linux-ppc64le-3.7/caffe2/python/models/seq2seq/seq2seq_model_helper_test.py -> /castles/nr/projects/d/duanj-ai-in-medical-imaging/.share/conda-env/ml/lib/python3.7/site-packages/caffe2/python/models/seq2seq
copying build/lib.linux-ppc64le-3.7/caffe2/python/models/seq2seq/train.py -> /castles/nr/projects/d/duanj-ai-in-medical-imaging/.share/conda-env/ml/lib/python3.7/site-packages/caffe2/python/models/seq2seq
copying build/lib.linux-ppc64le-3.7/caffe2/python/models/seq2seq/seq2seq_util.py -> /castles/nr/projects/d/duanj-ai-in-medical-imaging/.share/conda-env/ml/lib/python3.7/site-packages/caffe2/python/models/seq2seq
copying build/lib.linux-ppc64le-3.7/caffe2/python/models/seq2seq/seq2seq_beam_search_test.py -> /castles/nr/projects/d/duanj-ai-in-medical-imaging/.share/conda-env/ml/lib/python3.7/site-packages/caffe2/python/models/seq2seq
copying build/lib.linux-ppc64le-3.7/caffe2/python/fused_8bit_rowwise_conversion_ops_test.py -> /castles/nr/projects/d/duanj-ai-in-medical-imaging/.share/conda-env/ml/lib/python3.7/site-packages/caffe2/python
copying build/lib.linux-ppc64le-3.7/caffe2/python/nomnigraph_transformations_test.py -> /castles/nr/projects/d/duanj-ai-in-medical-imaging/.share/conda-env/ml/lib/python3.7/site-packages/caffe2/python
copying build/lib.linux-ppc64le-3.7/caffe2/python/fakelowp/__init__.py -> /castles/nr/projects/d/duanj-ai-in-medical-imaging/.share/conda-env/ml/lib/python3.7/site-packages/caffe2/python/fakelowp
copying build/lib.linux-ppc64le-3.7/caffe2/python/fakelowp/test_utils.py -> /castles/nr/projects/d/duanj-ai-in-medical-imaging/.share/conda-env/ml/lib/python3.7/site-packages/caffe2/python/fakelowp
copying build/lib.linux-ppc64le-3.7/caffe2/python/fakelowp/init_shared_libs.py -> /castles/nr/projects/d/duanj-ai-in-medical-imaging/.share/conda-env/ml/lib/python3.7/site-packages/caffe2/python/fakelowp
copying build/lib.linux-ppc64le-3.7/caffe2/python/checkpoint.py -> /castles/nr/projects/d/duanj-ai-in-medical-imaging/.share/conda-env/ml/lib/python3.7/site-packages/caffe2/python
copying build/lib.linux-ppc64le-3.7/caffe2/python/model_device_test.py -> /castles/nr/projects/d/duanj-ai-in-medical-imaging/.share/conda-env/ml/lib/python3.7/site-packages/caffe2/python
copying build/lib.linux-ppc64le-3.7/caffe2/python/gradient_checker.py -> /castles/nr/projects/d/duanj-ai-in-medical-imaging/.share/conda-env/ml/lib/python3.7/site-packages/caffe2/python
copying build/lib.linux-ppc64le-3.7/caffe2/python/tt_core_test.py -> /castles/nr/projects/d/duanj-ai-in-medical-imaging/.share/conda-env/ml/lib/python3.7/site-packages/caffe2/python
copying build/lib.linux-ppc64le-3.7/caffe2/python/optimizer.py -> /castles/nr/projects/d/duanj-ai-in-medical-imaging/.share/conda-env/ml/lib/python3.7/site-packages/caffe2/python
copying build/lib.linux-ppc64le-3.7/caffe2/python/transformations_test.py -> /castles/nr/projects/d/duanj-ai-in-medical-imaging/.share/conda-env/ml/lib/python3.7/site-packages/caffe2/python
copying build/lib.linux-ppc64le-3.7/caffe2/python/cnn.py -> /castles/nr/projects/d/duanj-ai-in-medical-imaging/.share/conda-env/ml/lib/python3.7/site-packages/caffe2/python
copying build/lib.linux-ppc64le-3.7/caffe2/python/utils.py -> /castles/nr/projects/d/duanj-ai-in-medical-imaging/.share/conda-env/ml/lib/python3.7/site-packages/caffe2/python
copying build/lib.linux-ppc64le-3.7/caffe2/python/control_ops_util.py -> /castles/nr/projects/d/duanj-ai-in-medical-imaging/.share/conda-env/ml/lib/python3.7/site-packages/caffe2/python
copying build/lib.linux-ppc64le-3.7/caffe2/python/control_ops_grad_test.py -> /castles/nr/projects/d/duanj-ai-in-medical-imaging/.share/conda-env/ml/lib/python3.7/site-packages/caffe2/python
copying build/lib.linux-ppc64le-3.7/caffe2/python/embedding_generation_benchmark.py -> /castles/nr/projects/d/duanj-ai-in-medical-imaging/.share/conda-env/ml/lib/python3.7/site-packages/caffe2/python
copying build/lib.linux-ppc64le-3.7/caffe2/python/modeling/compute_norm_for_blobs.py -> /castles/nr/projects/d/duanj-ai-in-medical-imaging/.share/conda-env/ml/lib/python3.7/site-packages/caffe2/python/modeling
copying build/lib.linux-ppc64le-3.7/caffe2/python/modeling/compute_histogram_for_blobs.py -> /castles/nr/projects/d/duanj-ai-in-medical-imaging/.share/conda-env/ml/lib/python3.7/site-packages/caffe2/python/modeling
copying build/lib.linux-ppc64le-3.7/caffe2/python/modeling/compute_norm_for_blobs_test.py -> /castles/nr/projects/d/duanj-ai-in-medical-imaging/.share/conda-env/ml/lib/python3.7/site-packages/caffe2/python/modeling
copying build/lib.linux-ppc64le-3.7/caffe2/python/modeling/initializers_test.py -> /castles/nr/projects/d/duanj-ai-in-medical-imaging/.share/conda-env/ml/lib/python3.7/site-packages/caffe2/python/modeling
copying build/lib.linux-ppc64le-3.7/caffe2/python/modeling/parameter_info.py -> /castles/nr/projects/d/duanj-ai-in-medical-imaging/.share/conda-env/ml/lib/python3.7/site-packages/caffe2/python/modeling
copying build/lib.linux-ppc64le-3.7/caffe2/python/modeling/parameter_sharing.py -> /castles/nr/projects/d/duanj-ai-in-medical-imaging/.share/conda-env/ml/lib/python3.7/site-packages/caffe2/python/modeling
copying build/lib.linux-ppc64le-3.7/caffe2/python/modeling/__init__.py -> /castles/nr/projects/d/duanj-ai-in-medical-imaging/.share/conda-env/ml/lib/python3.7/site-packages/caffe2/python/modeling
copying build/lib.linux-ppc64le-3.7/caffe2/python/modeling/get_entry_from_blobs_test.py -> /castles/nr/projects/d/duanj-ai-in-medical-imaging/.share/conda-env/ml/lib/python3.7/site-packages/caffe2/python/modeling
copying build/lib.linux-ppc64le-3.7/caffe2/python/modeling/gradient_clipping_test.py -> /castles/nr/projects/d/duanj-ai-in-medical-imaging/.share/conda-env/ml/lib/python3.7/site-packages/caffe2/python/modeling
copying build/lib.linux-ppc64le-3.7/caffe2/python/modeling/net_modifier.py -> /castles/nr/projects/d/duanj-ai-in-medical-imaging/.share/conda-env/ml/lib/python3.7/site-packages/caffe2/python/modeling
copying build/lib.linux-ppc64le-3.7/caffe2/python/modeling/compute_statistics_for_blobs_test.py -> /castles/nr/projects/d/duanj-ai-in-medical-imaging/.share/conda-env/ml/lib/python3.7/site-packages/caffe2/python/modeling
copying build/lib.linux-ppc64le-3.7/caffe2/python/modeling/compute_histogram_for_blobs_test.py -> /castles/nr/projects/d/duanj-ai-in-medical-imaging/.share/conda-env/ml/lib/python3.7/site-packages/caffe2/python/modeling
copying build/lib.linux-ppc64le-3.7/caffe2/python/modeling/initializers.py -> /castles/nr/projects/d/duanj-ai-in-medical-imaging/.share/conda-env/ml/lib/python3.7/site-packages/caffe2/python/modeling
copying build/lib.linux-ppc64le-3.7/caffe2/python/modeling/gradient_clipping.py -> /castles/nr/projects/d/duanj-ai-in-medical-imaging/.share/conda-env/ml/lib/python3.7/site-packages/caffe2/python/modeling
copying build/lib.linux-ppc64le-3.7/caffe2/python/modeling/compute_statistics_for_blobs.py -> /castles/nr/projects/d/duanj-ai-in-medical-imaging/.share/conda-env/ml/lib/python3.7/site-packages/caffe2/python/modeling
copying build/lib.linux-ppc64le-3.7/caffe2/python/modeling/parameter_sharing_test.py -> /castles/nr/projects/d/duanj-ai-in-medical-imaging/.share/conda-env/ml/lib/python3.7/site-packages/caffe2/python/modeling
copying build/lib.linux-ppc64le-3.7/caffe2/python/modeling/get_entry_from_blobs.py -> /castles/nr/projects/d/duanj-ai-in-medical-imaging/.share/conda-env/ml/lib/python3.7/site-packages/caffe2/python/modeling
copying build/lib.linux-ppc64le-3.7/caffe2/python/data_parallel_model.py -> /castles/nr/projects/d/duanj-ai-in-medical-imaging/.share/conda-env/ml/lib/python3.7/site-packages/caffe2/python
copying build/lib.linux-ppc64le-3.7/caffe2/python/net_builder_test.py -> /castles/nr/projects/d/duanj-ai-in-medical-imaging/.share/conda-env/ml/lib/python3.7/site-packages/caffe2/python
copying build/lib.linux-ppc64le-3.7/caffe2/python/convnet_benchmarks.py -> /castles/nr/projects/d/duanj-ai-in-medical-imaging/.share/conda-env/ml/lib/python3.7/site-packages/caffe2/python
copying build/lib.linux-ppc64le-3.7/caffe2/python/ideep_test_util.py -> /castles/nr/projects/d/duanj-ai-in-medical-imaging/.share/conda-env/ml/lib/python3.7/site-packages/caffe2/python
copying build/lib.linux-ppc64le-3.7/caffe2/python/numa_benchmark.py -> /castles/nr/projects/d/duanj-ai-in-medical-imaging/.share/conda-env/ml/lib/python3.7/site-packages/caffe2/python
copying build/lib.linux-ppc64le-3.7/caffe2/python/workspace_test.py -> /castles/nr/projects/d/duanj-ai-in-medical-imaging/.share/conda-env/ml/lib/python3.7/site-packages/caffe2/python
copying build/lib.linux-ppc64le-3.7/caffe2/python/net_builder.py -> /castles/nr/projects/d/duanj-ai-in-medical-imaging/.share/conda-env/ml/lib/python3.7/site-packages/caffe2/python
copying build/lib.linux-ppc64le-3.7/caffe2/python/observer_test.py -> /castles/nr/projects/d/duanj-ai-in-medical-imaging/.share/conda-env/ml/lib/python3.7/site-packages/caffe2/python
copying build/lib.linux-ppc64le-3.7/caffe2/python/allcompare_test.py -> /castles/nr/projects/d/duanj-ai-in-medical-imaging/.share/conda-env/ml/lib/python3.7/site-packages/caffe2/python
copying build/lib.linux-ppc64le-3.7/caffe2/python/convert.py -> /castles/nr/projects/d/duanj-ai-in-medical-imaging/.share/conda-env/ml/lib/python3.7/site-packages/caffe2/python
copying build/lib.linux-ppc64le-3.7/caffe2/python/net_printer.py -> /castles/nr/projects/d/duanj-ai-in-medical-imaging/.share/conda-env/ml/lib/python3.7/site-packages/caffe2/python
copying build/lib.linux-ppc64le-3.7/caffe2/python/caffe2_pybind11_state.cpython-37m-powerpc64le-linux-gnu.so -> /castles/nr/projects/d/duanj-ai-in-medical-imaging/.share/conda-env/ml/lib/python3.7/site-packages/caffe2/python
copying build/lib.linux-ppc64le-3.7/caffe2/python/attention.py -> /castles/nr/projects/d/duanj-ai-in-medical-imaging/.share/conda-env/ml/lib/python3.7/site-packages/caffe2/python
copying build/lib.linux-ppc64le-3.7/caffe2/python/lazy_dyndep_test.py -> /castles/nr/projects/d/duanj-ai-in-medical-imaging/.share/conda-env/ml/lib/python3.7/site-packages/caffe2/python
copying build/lib.linux-ppc64le-3.7/caffe2/python/model_helper.py -> /castles/nr/projects/d/duanj-ai-in-medical-imaging/.share/conda-env/ml/lib/python3.7/site-packages/caffe2/python
copying build/lib.linux-ppc64le-3.7/caffe2/python/binarysize.py -> /castles/nr/projects/d/duanj-ai-in-medical-imaging/.share/conda-env/ml/lib/python3.7/site-packages/caffe2/python
copying build/lib.linux-ppc64le-3.7/caffe2/python/layers/label_smooth.py -> /castles/nr/projects/d/duanj-ai-in-medical-imaging/.share/conda-env/ml/lib/python3.7/site-packages/caffe2/python/layers
copying build/lib.linux-ppc64le-3.7/caffe2/python/layers/bpr_loss.py -> /castles/nr/projects/d/duanj-ai-in-medical-imaging/.share/conda-env/ml/lib/python3.7/site-packages/caffe2/python/layers
copying build/lib.linux-ppc64le-3.7/caffe2/python/layers/batch_sigmoid_cross_entropy_loss.py -> /castles/nr/projects/d/duanj-ai-in-medical-imaging/.share/conda-env/ml/lib/python3.7/site-packages/caffe2/python/layers
copying build/lib.linux-ppc64le-3.7/caffe2/python/layers/tags.py -> /castles/nr/projects/d/duanj-ai-in-medical-imaging/.share/conda-env/ml/lib/python3.7/site-packages/caffe2/python/layers
copying build/lib.linux-ppc64le-3.7/caffe2/python/layers/fc_without_bias.py -> /castles/nr/projects/d/duanj-ai-in-medical-imaging/.share/conda-env/ml/lib/python3.7/site-packages/caffe2/python/layers
copying build/lib.linux-ppc64le-3.7/caffe2/python/layers/select_record_by_context.py -> /castles/nr/projects/d/duanj-ai-in-medical-imaging/.share/conda-env/ml/lib/python3.7/site-packages/caffe2/python/layers
copying build/lib.linux-ppc64le-3.7/caffe2/python/layers/homotopy_weight.py -> /castles/nr/projects/d/duanj-ai-in-medical-imaging/.share/conda-env/ml/lib/python3.7/site-packages/caffe2/python/layers
copying build/lib.linux-ppc64le-3.7/caffe2/python/layers/sparse_dropout_with_replacement.py -> /castles/nr/projects/d/duanj-ai-in-medical-imaging/.share/conda-env/ml/lib/python3.7/site-packages/caffe2/python/layers
copying build/lib.linux-ppc64le-3.7/caffe2/python/layers/pairwise_similarity.py -> /castles/nr/projects/d/duanj-ai-in-medical-imaging/.share/conda-env/ml/lib/python3.7/site-packages/caffe2/python/layers
copying build/lib.linux-ppc64le-3.7/caffe2/python/layers/add_bias.py -> /castles/nr/projects/d/duanj-ai-in-medical-imaging/.share/conda-env/ml/lib/python3.7/site-packages/caffe2/python/layers
copying build/lib.linux-ppc64le-3.7/caffe2/python/layers/build_index.py -> /castles/nr/projects/d/duanj-ai-in-medical-imaging/.share/conda-env/ml/lib/python3.7/site-packages/caffe2/python/layers
copying build/lib.linux-ppc64le-3.7/caffe2/python/layers/bucket_weighted.py -> /castles/nr/projects/d/duanj-ai-in-medical-imaging/.share/conda-env/ml/lib/python3.7/site-packages/caffe2/python/layers
copying build/lib.linux-ppc64le-3.7/caffe2/python/layers/last_n_window_collector.py -> /castles/nr/projects/d/duanj-ai-in-medical-imaging/.share/conda-env/ml/lib/python3.7/site-packages/caffe2/python/layers
copying build/lib.linux-ppc64le-3.7/caffe2/python/layers/sparse_lookup.py -> /castles/nr/projects/d/duanj-ai-in-medical-imaging/.share/conda-env/ml/lib/python3.7/site-packages/caffe2/python/layers
copying build/lib.linux-ppc64le-3.7/caffe2/python/layers/batch_normalization.py -> /castles/nr/projects/d/duanj-ai-in-medical-imaging/.share/conda-env/ml/lib/python3.7/site-packages/caffe2/python/layers
copying build/lib.linux-ppc64le-3.7/caffe2/python/layers/sampling_train.py -> /castles/nr/projects/d/duanj-ai-in-medical-imaging/.share/conda-env/ml/lib/python3.7/site-packages/caffe2/python/layers
copying build/lib.linux-ppc64le-3.7/caffe2/python/layers/adaptive_weight.py -> /castles/nr/projects/d/duanj-ai-in-medical-imaging/.share/conda-env/ml/lib/python3.7/site-packages/caffe2/python/layers
copying build/lib.linux-ppc64le-3.7/caffe2/python/layers/batch_softmax_loss.py -> /castles/nr/projects/d/duanj-ai-in-medical-imaging/.share/conda-env/ml/lib/python3.7/site-packages/caffe2/python/layers
copying build/lib.linux-ppc64le-3.7/caffe2/python/layers/__init__.py -> /castles/nr/projects/d/duanj-ai-in-medical-imaging/.share/conda-env/ml/lib/python3.7/site-packages/caffe2/python/layers
copying build/lib.linux-ppc64le-3.7/caffe2/python/layers/batch_mse_loss.py -> /castles/nr/projects/d/duanj-ai-in-medical-imaging/.share/conda-env/ml/lib/python3.7/site-packages/caffe2/python/layers
copying build/lib.linux-ppc64le-3.7/caffe2/python/layers/batch_huber_loss.py -> /castles/nr/projects/d/duanj-ai-in-medical-imaging/.share/conda-env/ml/lib/python3.7/site-packages/caffe2/python/layers
copying build/lib.linux-ppc64le-3.7/caffe2/python/layers/concat.py -> /castles/nr/projects/d/duanj-ai-in-medical-imaging/.share/conda-env/ml/lib/python3.7/site-packages/caffe2/python/layers
copying build/lib.linux-ppc64le-3.7/caffe2/python/layers/gather_record.py -> /castles/nr/projects/d/duanj-ai-in-medical-imaging/.share/conda-env/ml/lib/python3.7/site-packages/caffe2/python/layers
copying build/lib.linux-ppc64le-3.7/caffe2/python/layers/fc.py -> /castles/nr/projects/d/duanj-ai-in-medical-imaging/.share/conda-env/ml/lib/python3.7/site-packages/caffe2/python/layers
copying build/lib.linux-ppc64le-3.7/caffe2/python/layers/blob_weighted_sum.py -> /castles/nr/projects/d/duanj-ai-in-medical-imaging/.share/conda-env/ml/lib/python3.7/site-packages/caffe2/python/layers
copying build/lib.linux-ppc64le-3.7/caffe2/python/layers/fc_with_bootstrap.py -> /castles/nr/projects/d/duanj-ai-in-medical-imaging/.share/conda-env/ml/lib/python3.7/site-packages/caffe2/python/layers
copying build/lib.linux-ppc64le-3.7/caffe2/python/layers/random_fourier_features.py -> /castles/nr/projects/d/duanj-ai-in-medical-imaging/.share/conda-env/ml/lib/python3.7/site-packages/caffe2/python/layers
copying build/lib.linux-ppc64le-3.7/caffe2/python/layers/position_weighted.py -> /castles/nr/projects/d/duanj-ai-in-medical-imaging/.share/conda-env/ml/lib/python3.7/site-packages/caffe2/python/layers
copying build/lib.linux-ppc64le-3.7/caffe2/python/layers/merge_id_lists.py -> /castles/nr/projects/d/duanj-ai-in-medical-imaging/.share/conda-env/ml/lib/python3.7/site-packages/caffe2/python/layers
copying build/lib.linux-ppc64le-3.7/caffe2/python/layers/conv.py -> /castles/nr/projects/d/duanj-ai-in-medical-imaging/.share/conda-env/ml/lib/python3.7/site-packages/caffe2/python/layers
copying build/lib.linux-ppc64le-3.7/caffe2/python/layers/uniform_sampling.py -> /castles/nr/projects/d/duanj-ai-in-medical-imaging/.share/conda-env/ml/lib/python3.7/site-packages/caffe2/python/layers
copying build/lib.linux-ppc64le-3.7/caffe2/python/layers/batch_lr_loss.py -> /castles/nr/projects/d/duanj-ai-in-medical-imaging/.share/conda-env/ml/lib/python3.7/site-packages/caffe2/python/layers
copying build/lib.linux-ppc64le-3.7/caffe2/python/layers/layers.py -> /castles/nr/projects/d/duanj-ai-in-medical-imaging/.share/conda-env/ml/lib/python3.7/site-packages/caffe2/python/layers
copying build/lib.linux-ppc64le-3.7/caffe2/python/layers/semi_random_features.py -> /castles/nr/projects/d/duanj-ai-in-medical-imaging/.share/conda-env/ml/lib/python3.7/site-packages/caffe2/python/layers
copying build/lib.linux-ppc64le-3.7/caffe2/python/layers/layer_normalization.py -> /castles/nr/projects/d/duanj-ai-in-medical-imaging/.share/conda-env/ml/lib/python3.7/site-packages/caffe2/python/layers
copying build/lib.linux-ppc64le-3.7/caffe2/python/layers/reservoir_sampling.py -> /castles/nr/projects/d/duanj-ai-in-medical-imaging/.share/conda-env/ml/lib/python3.7/site-packages/caffe2/python/layers
copying build/lib.linux-ppc64le-3.7/caffe2/python/layers/split.py -> /castles/nr/projects/d/duanj-ai-in-medical-imaging/.share/conda-env/ml/lib/python3.7/site-packages/caffe2/python/layers
copying build/lib.linux-ppc64le-3.7/caffe2/python/layers/sparse_feature_hash.py -> /castles/nr/projects/d/duanj-ai-in-medical-imaging/.share/conda-env/ml/lib/python3.7/site-packages/caffe2/python/layers
copying build/lib.linux-ppc64le-3.7/caffe2/python/layers/dropout.py -> /castles/nr/projects/d/duanj-ai-in-medical-imaging/.share/conda-env/ml/lib/python3.7/site-packages/caffe2/python/layers
copying build/lib.linux-ppc64le-3.7/caffe2/python/layers/constant_weight.py -> /castles/nr/projects/d/duanj-ai-in-medical-imaging/.share/conda-env/ml/lib/python3.7/site-packages/caffe2/python/layers
copying build/lib.linux-ppc64le-3.7/caffe2/python/layers/functional.py -> /castles/nr/projects/d/duanj-ai-in-medical-imaging/.share/conda-env/ml/lib/python3.7/site-packages/caffe2/python/layers
copying build/lib.linux-ppc64le-3.7/caffe2/python/layers/margin_rank_loss.py -> /castles/nr/projects/d/duanj-ai-in-medical-imaging/.share/conda-env/ml/lib/python3.7/site-packages/caffe2/python/layers
copying build/lib.linux-ppc64le-3.7/caffe2/python/layers/feature_sparse_to_dense.py -> /castles/nr/projects/d/duanj-ai-in-medical-imaging/.share/conda-env/ml/lib/python3.7/site-packages/caffe2/python/layers
copying build/lib.linux-ppc64le-3.7/caffe2/python/layers/arc_cosine_feature_map.py -> /castles/nr/projects/d/duanj-ai-in-medical-imaging/.share/conda-env/ml/lib/python3.7/site-packages/caffe2/python/layers
copying build/lib.linux-ppc64le-3.7/caffe2/python/layers/sampling_trainable_mixin.py -> /castles/nr/projects/d/duanj-ai-in-medical-imaging/.share/conda-env/ml/lib/python3.7/site-packages/caffe2/python/layers
copying build/lib.linux-ppc64le-3.7/caffe2/python/optimizer_context.py -> /castles/nr/projects/d/duanj-ai-in-medical-imaging/.share/conda-env/ml/lib/python3.7/site-packages/caffe2/python
copying build/lib.linux-ppc64le-3.7/caffe2/python/crf_viterbi_test.py -> /castles/nr/projects/d/duanj-ai-in-medical-imaging/.share/conda-env/ml/lib/python3.7/site-packages/caffe2/python
copying build/lib.linux-ppc64le-3.7/caffe2/python/core.py -> /castles/nr/projects/d/duanj-ai-in-medical-imaging/.share/conda-env/ml/lib/python3.7/site-packages/caffe2/python
copying build/lib.linux-ppc64le-3.7/caffe2/python/modifier_context.py -> /castles/nr/projects/d/duanj-ai-in-medical-imaging/.share/conda-env/ml/lib/python3.7/site-packages/caffe2/python
copying build/lib.linux-ppc64le-3.7/caffe2/python/regularizer_test.py -> /castles/nr/projects/d/duanj-ai-in-medical-imaging/.share/conda-env/ml/lib/python3.7/site-packages/caffe2/python
copying build/lib.linux-ppc64le-3.7/caffe2/python/layer_test_util.py -> /castles/nr/projects/d/duanj-ai-in-medical-imaging/.share/conda-env/ml/lib/python3.7/site-packages/caffe2/python
copying build/lib.linux-ppc64le-3.7/caffe2/python/schema.py -> /castles/nr/projects/d/duanj-ai-in-medical-imaging/.share/conda-env/ml/lib/python3.7/site-packages/caffe2/python
copying build/lib.linux-ppc64le-3.7/caffe2/python/gru_cell.py -> /castles/nr/projects/d/duanj-ai-in-medical-imaging/.share/conda-env/ml/lib/python3.7/site-packages/caffe2/python
copying build/lib.linux-ppc64le-3.7/caffe2/python/python_op_test.py -> /castles/nr/projects/d/duanj-ai-in-medical-imaging/.share/conda-env/ml/lib/python3.7/site-packages/caffe2/python
copying build/lib.linux-ppc64le-3.7/caffe2/python/nomnigraph_test.py -> /castles/nr/projects/d/duanj-ai-in-medical-imaging/.share/conda-env/ml/lib/python3.7/site-packages/caffe2/python
copying build/lib.linux-ppc64le-3.7/caffe2/python/lengths_reducer_fused_8bit_rowwise_ops_test.py -> /castles/nr/projects/d/duanj-ai-in-medical-imaging/.share/conda-env/ml/lib/python3.7/site-packages/caffe2/python
copying build/lib.linux-ppc64le-3.7/caffe2/python/test/do_op_test.py -> /castles/nr/projects/d/duanj-ai-in-medical-imaging/.share/conda-env/ml/lib/python3.7/site-packages/caffe2/python/test
copying build/lib.linux-ppc64le-3.7/caffe2/python/test/blob_deallocation_test.py -> /castles/nr/projects/d/duanj-ai-in-medical-imaging/.share/conda-env/ml/lib/python3.7/site-packages/caffe2/python/test
copying build/lib.linux-ppc64le-3.7/caffe2/python/test/python_protobuf_test.py -> /castles/nr/projects/d/duanj-ai-in-medical-imaging/.share/conda-env/ml/lib/python3.7/site-packages/caffe2/python/test
copying build/lib.linux-ppc64le-3.7/caffe2/python/test/__init__.py -> /castles/nr/projects/d/duanj-ai-in-medical-imaging/.share/conda-env/ml/lib/python3.7/site-packages/caffe2/python/test
copying build/lib.linux-ppc64le-3.7/caffe2/python/test/executor_test_util.py -> /castles/nr/projects/d/duanj-ai-in-medical-imaging/.share/conda-env/ml/lib/python3.7/site-packages/caffe2/python/test
copying build/lib.linux-ppc64le-3.7/caffe2/python/test/inference_lstm_op_test.py -> /castles/nr/projects/d/duanj-ai-in-medical-imaging/.share/conda-env/ml/lib/python3.7/site-packages/caffe2/python/test
copying build/lib.linux-ppc64le-3.7/caffe2/python/test/executor_test.py -> /castles/nr/projects/d/duanj-ai-in-medical-imaging/.share/conda-env/ml/lib/python3.7/site-packages/caffe2/python/test
copying build/lib.linux-ppc64le-3.7/caffe2/python/test/gpu_context_test.py -> /castles/nr/projects/d/duanj-ai-in-medical-imaging/.share/conda-env/ml/lib/python3.7/site-packages/caffe2/python/test
copying build/lib.linux-ppc64le-3.7/caffe2/python/queue_util.py -> /castles/nr/projects/d/duanj-ai-in-medical-imaging/.share/conda-env/ml/lib/python3.7/site-packages/caffe2/python
copying build/lib.linux-ppc64le-3.7/caffe2/python/layers_test.py -> /castles/nr/projects/d/duanj-ai-in-medical-imaging/.share/conda-env/ml/lib/python3.7/site-packages/caffe2/python
copying build/lib.linux-ppc64le-3.7/caffe2/python/core_gradients_test.py -> /castles/nr/projects/d/duanj-ai-in-medical-imaging/.share/conda-env/ml/lib/python3.7/site-packages/caffe2/python
copying build/lib.linux-ppc64le-3.7/caffe2/python/muji.py -> /castles/nr/projects/d/duanj-ai-in-medical-imaging/.share/conda-env/ml/lib/python3.7/site-packages/caffe2/python
copying build/lib.linux-ppc64le-3.7/caffe2/python/context.py -> /castles/nr/projects/d/duanj-ai-in-medical-imaging/.share/conda-env/ml/lib/python3.7/site-packages/caffe2/python
copying build/lib.linux-ppc64le-3.7/caffe2/python/examples/resnet50_trainer.py -> /castles/nr/projects/d/duanj-ai-in-medical-imaging/.share/conda-env/ml/lib/python3.7/site-packages/caffe2/python/examples
copying build/lib.linux-ppc64le-3.7/caffe2/python/examples/__init__.py -> /castles/nr/projects/d/duanj-ai-in-medical-imaging/.share/conda-env/ml/lib/python3.7/site-packages/caffe2/python/examples
copying build/lib.linux-ppc64le-3.7/caffe2/python/examples/lmdb_create_example.py -> /castles/nr/projects/d/duanj-ai-in-medical-imaging/.share/conda-env/ml/lib/python3.7/site-packages/caffe2/python/examples
copying build/lib.linux-ppc64le-3.7/caffe2/python/examples/imagenet_trainer.py -> /castles/nr/projects/d/duanj-ai-in-medical-imaging/.share/conda-env/ml/lib/python3.7/site-packages/caffe2/python/examples
copying build/lib.linux-ppc64le-3.7/caffe2/python/examples/char_rnn.py -> /castles/nr/projects/d/duanj-ai-in-medical-imaging/.share/conda-env/ml/lib/python3.7/site-packages/caffe2/python/examples
copying build/lib.linux-ppc64le-3.7/caffe2/python/lengths_reducer_rowwise_8bit_ops_test.py -> /castles/nr/projects/d/duanj-ai-in-medical-imaging/.share/conda-env/ml/lib/python3.7/site-packages/caffe2/python
copying build/lib.linux-ppc64le-3.7/caffe2/python/parallelize_bmuf_distributed_test.py -> /castles/nr/projects/d/duanj-ai-in-medical-imaging/.share/conda-env/ml/lib/python3.7/site-packages/caffe2/python
copying build/lib.linux-ppc64le-3.7/caffe2/python/normalizer.py -> /castles/nr/projects/d/duanj-ai-in-medical-imaging/.share/conda-env/ml/lib/python3.7/site-packages/caffe2/python
copying build/lib.linux-ppc64le-3.7/caffe2/python/hip_test_util.py -> /castles/nr/projects/d/duanj-ai-in-medical-imaging/.share/conda-env/ml/lib/python3.7/site-packages/caffe2/python
copying build/lib.linux-ppc64le-3.7/caffe2/python/operator_fp_exceptions_test.py -> /castles/nr/projects/d/duanj-ai-in-medical-imaging/.share/conda-env/ml/lib/python3.7/site-packages/caffe2/python
copying build/lib.linux-ppc64le-3.7/caffe2/python/mint/__init__.py -> /castles/nr/projects/d/duanj-ai-in-medical-imaging/.share/conda-env/ml/lib/python3.7/site-packages/caffe2/python/mint
copying build/lib.linux-ppc64le-3.7/caffe2/python/mint/app.py -> /castles/nr/projects/d/duanj-ai-in-medical-imaging/.share/conda-env/ml/lib/python3.7/site-packages/caffe2/python/mint
copying build/lib.linux-ppc64le-3.7/caffe2/python/_import_c_extension.py -> /castles/nr/projects/d/duanj-ai-in-medical-imaging/.share/conda-env/ml/lib/python3.7/site-packages/caffe2/python
copying build/lib.linux-ppc64le-3.7/caffe2/python/convert_test.py -> /castles/nr/projects/d/duanj-ai-in-medical-imaging/.share/conda-env/ml/lib/python3.7/site-packages/caffe2/python
copying build/lib.linux-ppc64le-3.7/caffe2/python/layer_model_helper.py -> /castles/nr/projects/d/duanj-ai-in-medical-imaging/.share/conda-env/ml/lib/python3.7/site-packages/caffe2/python
copying build/lib.linux-ppc64le-3.7/caffe2/python/mkl/mkl_speed_test.py -> /castles/nr/projects/d/duanj-ai-in-medical-imaging/.share/conda-env/ml/lib/python3.7/site-packages/caffe2/python/mkl
copying build/lib.linux-ppc64le-3.7/caffe2/python/mkl/mkl_conv_op_test.py -> /castles/nr/projects/d/duanj-ai-in-medical-imaging/.share/conda-env/ml/lib/python3.7/site-packages/caffe2/python/mkl
copying build/lib.linux-ppc64le-3.7/caffe2/python/mkl/mkl_fc_speed_test.py -> /castles/nr/projects/d/duanj-ai-in-medical-imaging/.share/conda-env/ml/lib/python3.7/site-packages/caffe2/python/mkl
copying build/lib.linux-ppc64le-3.7/caffe2/python/mkl/mkl_concat_op_test.py -> /castles/nr/projects/d/duanj-ai-in-medical-imaging/.share/conda-env/ml/lib/python3.7/site-packages/caffe2/python/mkl
copying build/lib.linux-ppc64le-3.7/caffe2/python/mkl/mkl_pool_speed_test.py -> /castles/nr/projects/d/duanj-ai-in-medical-imaging/.share/conda-env/ml/lib/python3.7/site-packages/caffe2/python/mkl
copying build/lib.linux-ppc64le-3.7/caffe2/python/mkl/mkl_LRN_op_test.py -> /castles/nr/projects/d/duanj-ai-in-medical-imaging/.share/conda-env/ml/lib/python3.7/site-packages/caffe2/python/mkl
copying build/lib.linux-ppc64le-3.7/caffe2/python/mkl/mkl_relu_op_test.py -> /castles/nr/projects/d/duanj-ai-in-medical-imaging/.share/conda-env/ml/lib/python3.7/site-packages/caffe2/python/mkl
copying build/lib.linux-ppc64le-3.7/caffe2/python/mkl/__init__.py -> /castles/nr/projects/d/duanj-ai-in-medical-imaging/.share/conda-env/ml/lib/python3.7/site-packages/caffe2/python/mkl
copying build/lib.linux-ppc64le-3.7/caffe2/python/mkl/mkl_sbn_op_test.py -> /castles/nr/projects/d/duanj-ai-in-medical-imaging/.share/conda-env/ml/lib/python3.7/site-packages/caffe2/python/mkl
copying build/lib.linux-ppc64le-3.7/caffe2/python/mkl/mkl_sbn_speed_test.py -> /castles/nr/projects/d/duanj-ai-in-medical-imaging/.share/conda-env/ml/lib/python3.7/site-packages/caffe2/python/mkl
copying build/lib.linux-ppc64le-3.7/caffe2/python/mkl/mkl_squeeze_op_test.py -> /castles/nr/projects/d/duanj-ai-in-medical-imaging/.share/conda-env/ml/lib/python3.7/site-packages/caffe2/python/mkl
copying build/lib.linux-ppc64le-3.7/caffe2/python/mkl/rewrite_graph.py -> /castles/nr/projects/d/duanj-ai-in-medical-imaging/.share/conda-env/ml/lib/python3.7/site-packages/caffe2/python/mkl
copying build/lib.linux-ppc64le-3.7/caffe2/python/mkl/mkl_copy_op_test.py -> /castles/nr/projects/d/duanj-ai-in-medical-imaging/.share/conda-env/ml/lib/python3.7/site-packages/caffe2/python/mkl
copying build/lib.linux-ppc64le-3.7/caffe2/python/mkl/mkl_fill_op_test.py -> /castles/nr/projects/d/duanj-ai-in-medical-imaging/.share/conda-env/ml/lib/python3.7/site-packages/caffe2/python/mkl
copying build/lib.linux-ppc64le-3.7/caffe2/python/mkl/mkl_LRN_speed_test.py -> /castles/nr/projects/d/duanj-ai-in-medical-imaging/.share/conda-env/ml/lib/python3.7/site-packages/caffe2/python/mkl
copying build/lib.linux-ppc64le-3.7/caffe2/python/mkl/mkl_pool_op_test.py -> /castles/nr/projects/d/duanj-ai-in-medical-imaging/.share/conda-env/ml/lib/python3.7/site-packages/caffe2/python/mkl
copying build/lib.linux-ppc64le-3.7/caffe2/python/mkl/rewrite_graph_test.py -> /castles/nr/projects/d/duanj-ai-in-medical-imaging/.share/conda-env/ml/lib/python3.7/site-packages/caffe2/python/mkl
copying build/lib.linux-ppc64le-3.7/caffe2/python/mkl/mkl_sigmoid_op_test.py -> /castles/nr/projects/d/duanj-ai-in-medical-imaging/.share/conda-env/ml/lib/python3.7/site-packages/caffe2/python/mkl
copying build/lib.linux-ppc64le-3.7/caffe2/python/mkl/mkl_elementwise_sum_op_test.py -> /castles/nr/projects/d/duanj-ai-in-medical-imaging/.share/conda-env/ml/lib/python3.7/site-packages/caffe2/python/mkl
copying build/lib.linux-ppc64le-3.7/caffe2/python/mkl/mkl_elementwise_add_op_test.py -> /castles/nr/projects/d/duanj-ai-in-medical-imaging/.share/conda-env/ml/lib/python3.7/site-packages/caffe2/python/mkl
copying build/lib.linux-ppc64le-3.7/caffe2/python/mkl/mkl_fc_op_test.py -> /castles/nr/projects/d/duanj-ai-in-medical-imaging/.share/conda-env/ml/lib/python3.7/site-packages/caffe2/python/mkl
copying build/lib.linux-ppc64le-3.7/caffe2/python/hypothesis_test.py -> /castles/nr/projects/d/duanj-ai-in-medical-imaging/.share/conda-env/ml/lib/python3.7/site-packages/caffe2/python
copying build/lib.linux-ppc64le-3.7/caffe2/python/data_workers.py -> /castles/nr/projects/d/duanj-ai-in-medical-imaging/.share/conda-env/ml/lib/python3.7/site-packages/caffe2/python
copying build/lib.linux-ppc64le-3.7/caffe2/python/layer_model_instantiator.py -> /castles/nr/projects/d/duanj-ai-in-medical-imaging/.share/conda-env/ml/lib/python3.7/site-packages/caffe2/python
copying build/lib.linux-ppc64le-3.7/caffe2/python/toy_regression_test.py -> /castles/nr/projects/d/duanj-ai-in-medical-imaging/.share/conda-env/ml/lib/python3.7/site-packages/caffe2/python
copying build/lib.linux-ppc64le-3.7/caffe2/python/transformations.py -> /castles/nr/projects/d/duanj-ai-in-medical-imaging/.share/conda-env/ml/lib/python3.7/site-packages/caffe2/python
copying build/lib.linux-ppc64le-3.7/caffe2/python/hsm_util.py -> /castles/nr/projects/d/duanj-ai-in-medical-imaging/.share/conda-env/ml/lib/python3.7/site-packages/caffe2/python
copying build/lib.linux-ppc64le-3.7/caffe2/python/task_test.py -> /castles/nr/projects/d/duanj-ai-in-medical-imaging/.share/conda-env/ml/lib/python3.7/site-packages/caffe2/python
copying build/lib.linux-ppc64le-3.7/caffe2/python/regularizer_context.py -> /castles/nr/projects/d/duanj-ai-in-medical-imaging/.share/conda-env/ml/lib/python3.7/site-packages/caffe2/python
copying build/lib.linux-ppc64le-3.7/caffe2/python/lazy_dyndep.py -> /castles/nr/projects/d/duanj-ai-in-medical-imaging/.share/conda-env/ml/lib/python3.7/site-packages/caffe2/python
copying build/lib.linux-ppc64le-3.7/caffe2/python/helpers/tools.py -> /castles/nr/projects/d/duanj-ai-in-medical-imaging/.share/conda-env/ml/lib/python3.7/site-packages/caffe2/python/helpers
copying build/lib.linux-ppc64le-3.7/caffe2/python/helpers/algebra.py -> /castles/nr/projects/d/duanj-ai-in-medical-imaging/.share/conda-env/ml/lib/python3.7/site-packages/caffe2/python/helpers
copying build/lib.linux-ppc64le-3.7/caffe2/python/helpers/db_input.py -> /castles/nr/projects/d/duanj-ai-in-medical-imaging/.share/conda-env/ml/lib/python3.7/site-packages/caffe2/python/helpers
copying build/lib.linux-ppc64le-3.7/caffe2/python/helpers/__init__.py -> /castles/nr/projects/d/duanj-ai-in-medical-imaging/.share/conda-env/ml/lib/python3.7/site-packages/caffe2/python/helpers
copying build/lib.linux-ppc64le-3.7/caffe2/python/helpers/nonlinearity.py -> /castles/nr/projects/d/duanj-ai-in-medical-imaging/.share/conda-env/ml/lib/python3.7/site-packages/caffe2/python/helpers
copying build/lib.linux-ppc64le-3.7/caffe2/python/helpers/control_ops.py -> /castles/nr/projects/d/duanj-ai-in-medical-imaging/.share/conda-env/ml/lib/python3.7/site-packages/caffe2/python/helpers
copying build/lib.linux-ppc64le-3.7/caffe2/python/helpers/fc.py -> /castles/nr/projects/d/duanj-ai-in-medical-imaging/.share/conda-env/ml/lib/python3.7/site-packages/caffe2/python/helpers
copying build/lib.linux-ppc64le-3.7/caffe2/python/helpers/array_helpers.py -> /castles/nr/projects/d/duanj-ai-in-medical-imaging/.share/conda-env/ml/lib/python3.7/site-packages/caffe2/python/helpers
copying build/lib.linux-ppc64le-3.7/caffe2/python/helpers/conv.py -> /castles/nr/projects/d/duanj-ai-in-medical-imaging/.share/conda-env/ml/lib/python3.7/site-packages/caffe2/python/helpers
copying build/lib.linux-ppc64le-3.7/caffe2/python/helpers/elementwise_linear.py -> /castles/nr/projects/d/duanj-ai-in-medical-imaging/.share/conda-env/ml/lib/python3.7/site-packages/caffe2/python/helpers
copying build/lib.linux-ppc64le-3.7/caffe2/python/helpers/train.py -> /castles/nr/projects/d/duanj-ai-in-medical-imaging/.share/conda-env/ml/lib/python3.7/site-packages/caffe2/python/helpers
copying build/lib.linux-ppc64le-3.7/caffe2/python/helpers/arg_scope.py -> /castles/nr/projects/d/duanj-ai-in-medical-imaging/.share/conda-env/ml/lib/python3.7/site-packages/caffe2/python/helpers
copying build/lib.linux-ppc64le-3.7/caffe2/python/helpers/dropout.py -> /castles/nr/projects/d/duanj-ai-in-medical-imaging/.share/conda-env/ml/lib/python3.7/site-packages/caffe2/python/helpers
copying build/lib.linux-ppc64le-3.7/caffe2/python/helpers/pooling.py -> /castles/nr/projects/d/duanj-ai-in-medical-imaging/.share/conda-env/ml/lib/python3.7/site-packages/caffe2/python/helpers
copying build/lib.linux-ppc64le-3.7/caffe2/python/helpers/normalization.py -> /castles/nr/projects/d/duanj-ai-in-medical-imaging/.share/conda-env/ml/lib/python3.7/site-packages/caffe2/python/helpers
copying build/lib.linux-ppc64le-3.7/caffe2/python/caffe2_pybind11_state_gpu.cpython-37m-powerpc64le-linux-gnu.so -> /castles/nr/projects/d/duanj-ai-in-medical-imaging/.share/conda-env/ml/lib/python3.7/site-packages/caffe2/python
copying build/lib.linux-ppc64le-3.7/caffe2/python/rnn/rnn_cell_test_util.py -> /castles/nr/projects/d/duanj-ai-in-medical-imaging/.share/conda-env/ml/lib/python3.7/site-packages/caffe2/python/rnn
copying build/lib.linux-ppc64le-3.7/caffe2/python/rnn/__init__.py -> /castles/nr/projects/d/duanj-ai-in-medical-imaging/.share/conda-env/ml/lib/python3.7/site-packages/caffe2/python/rnn
copying build/lib.linux-ppc64le-3.7/caffe2/python/rnn/lstm_comparison.py -> /castles/nr/projects/d/duanj-ai-in-medical-imaging/.share/conda-env/ml/lib/python3.7/site-packages/caffe2/python/rnn
copying build/lib.linux-ppc64le-3.7/caffe2/python/sparse_to_dense_mask_test.py -> /castles/nr/projects/d/duanj-ai-in-medical-imaging/.share/conda-env/ml/lib/python3.7/site-packages/caffe2/python
copying build/lib.linux-ppc64le-3.7/caffe2/python/compatibility.py -> /castles/nr/projects/d/duanj-ai-in-medical-imaging/.share/conda-env/ml/lib/python3.7/site-packages/caffe2/python
copying build/lib.linux-ppc64le-3.7/caffe2/python/pipeline_test.py -> /castles/nr/projects/d/duanj-ai-in-medical-imaging/.share/conda-env/ml/lib/python3.7/site-packages/caffe2/python
copying build/lib.linux-ppc64le-3.7/caffe2/python/test_util.py -> /castles/nr/projects/d/duanj-ai-in-medical-imaging/.share/conda-env/ml/lib/python3.7/site-packages/caffe2/python
copying build/lib.linux-ppc64le-3.7/caffe2/python/predictor_constants.py -> /castles/nr/projects/d/duanj-ai-in-medical-imaging/.share/conda-env/ml/lib/python3.7/site-packages/caffe2/python
copying build/lib.linux-ppc64le-3.7/caffe2/python/context_test.py -> /castles/nr/projects/d/duanj-ai-in-medical-imaging/.share/conda-env/ml/lib/python3.7/site-packages/caffe2/python
copying build/lib.linux-ppc64le-3.7/caffe2/python/parallel_workers.py -> /castles/nr/projects/d/duanj-ai-in-medical-imaging/.share/conda-env/ml/lib/python3.7/site-packages/caffe2/python
copying build/lib.linux-ppc64le-3.7/caffe2/python/functional.py -> /castles/nr/projects/d/duanj-ai-in-medical-imaging/.share/conda-env/ml/lib/python3.7/site-packages/caffe2/python
copying build/lib.linux-ppc64le-3.7/caffe2/python/hypothesis_test_util.py -> /castles/nr/projects/d/duanj-ai-in-medical-imaging/.share/conda-env/ml/lib/python3.7/site-packages/caffe2/python
copying build/lib.linux-ppc64le-3.7/caffe2/python/dataio_test.py -> /castles/nr/projects/d/duanj-ai-in-medical-imaging/.share/conda-env/ml/lib/python3.7/site-packages/caffe2/python
copying build/lib.linux-ppc64le-3.7/caffe2/python/nomnigraph_transformations.py -> /castles/nr/projects/d/duanj-ai-in-medical-imaging/.share/conda-env/ml/lib/python3.7/site-packages/caffe2/python
copying build/lib.linux-ppc64le-3.7/caffe2/python/memonger_test.py -> /castles/nr/projects/d/duanj-ai-in-medical-imaging/.share/conda-env/ml/lib/python3.7/site-packages/caffe2/python
copying build/lib.linux-ppc64le-3.7/caffe2/python/gradient_check_test.py -> /castles/nr/projects/d/duanj-ai-in-medical-imaging/.share/conda-env/ml/lib/python3.7/site-packages/caffe2/python
copying build/lib.linux-ppc64le-3.7/caffe2/python/session.py -> /castles/nr/projects/d/duanj-ai-in-medical-imaging/.share/conda-env/ml/lib/python3.7/site-packages/caffe2/python
copying build/lib.linux-ppc64le-3.7/caffe2/python/scope.py -> /castles/nr/projects/d/duanj-ai-in-medical-imaging/.share/conda-env/ml/lib/python3.7/site-packages/caffe2/python
copying build/lib.linux-ppc64le-3.7/caffe2/python/dataset.py -> /castles/nr/projects/d/duanj-ai-in-medical-imaging/.share/conda-env/ml/lib/python3.7/site-packages/caffe2/python
copying build/lib.linux-ppc64le-3.7/caffe2/python/numa_test.py -> /castles/nr/projects/d/duanj-ai-in-medical-imaging/.share/conda-env/ml/lib/python3.7/site-packages/caffe2/python
copying build/lib.linux-ppc64le-3.7/caffe2/python/muji_test.py -> /castles/nr/projects/d/duanj-ai-in-medical-imaging/.share/conda-env/ml/lib/python3.7/site-packages/caffe2/python
copying build/lib.linux-ppc64le-3.7/caffe2/python/net_drawer.py -> /castles/nr/projects/d/duanj-ai-in-medical-imaging/.share/conda-env/ml/lib/python3.7/site-packages/caffe2/python
copying build/lib.linux-ppc64le-3.7/caffe2/python/tt_core.py -> /castles/nr/projects/d/duanj-ai-in-medical-imaging/.share/conda-env/ml/lib/python3.7/site-packages/caffe2/python
copying build/lib.linux-ppc64le-3.7/caffe2/quantization/server/conv_groupwise_dnnlowp_op_test.py -> /castles/nr/projects/d/duanj-ai-in-medical-imaging/.share/conda-env/ml/lib/python3.7/site-packages/caffe2/quantization/server
copying build/lib.linux-ppc64le-3.7/caffe2/quantization/server/fully_connected_rowwise_dnnlowp_op_test.py -> /castles/nr/projects/d/duanj-ai-in-medical-imaging/.share/conda-env/ml/lib/python3.7/site-packages/caffe2/quantization/server
copying build/lib.linux-ppc64le-3.7/caffe2/quantization/server/elementwise_add_dnnlowp_op_test.py -> /castles/nr/projects/d/duanj-ai-in-medical-imaging/.share/conda-env/ml/lib/python3.7/site-packages/caffe2/quantization/server
copying build/lib.linux-ppc64le-3.7/caffe2/quantization/server/lstm_unit_dnnlowp_op_test.py -> /castles/nr/projects/d/duanj-ai-in-medical-imaging/.share/conda-env/ml/lib/python3.7/site-packages/caffe2/quantization/server
copying build/lib.linux-ppc64le-3.7/caffe2/quantization/server/conv_depthwise_dnnlowp_op_test.py -> /castles/nr/projects/d/duanj-ai-in-medical-imaging/.share/conda-env/ml/lib/python3.7/site-packages/caffe2/quantization/server
copying build/lib.linux-ppc64le-3.7/caffe2/quantization/server/quantize_dnnlowp_op_test.py -> /castles/nr/projects/d/duanj-ai-in-medical-imaging/.share/conda-env/ml/lib/python3.7/site-packages/caffe2/quantization/server
copying build/lib.linux-ppc64le-3.7/caffe2/quantization/server/channel_shuffle_dnnlowp_op_test.py -> /castles/nr/projects/d/duanj-ai-in-medical-imaging/.share/conda-env/ml/lib/python3.7/site-packages/caffe2/quantization/server
copying build/lib.linux-ppc64le-3.7/caffe2/quantization/server/elementwise_linear_dnnlowp_op_test.py -> /castles/nr/projects/d/duanj-ai-in-medical-imaging/.share/conda-env/ml/lib/python3.7/site-packages/caffe2/quantization/server
copying build/lib.linux-ppc64le-3.7/caffe2/quantization/server/gather_dnnlowp_op_test.py -> /castles/nr/projects/d/duanj-ai-in-medical-imaging/.share/conda-env/ml/lib/python3.7/site-packages/caffe2/quantization/server
copying build/lib.linux-ppc64le-3.7/caffe2/quantization/server/concat_dnnlowp_op_test.py -> /castles/nr/projects/d/duanj-ai-in-medical-imaging/.share/conda-env/ml/lib/python3.7/site-packages/caffe2/quantization/server
copying build/lib.linux-ppc64le-3.7/caffe2/quantization/server/conv_dnnlowp_op_test.py -> /castles/nr/projects/d/duanj-ai-in-medical-imaging/.share/conda-env/ml/lib/python3.7/site-packages/caffe2/quantization/server
copying build/lib.linux-ppc64le-3.7/caffe2/quantization/server/elementwise_sum_dnnlowp_op_test.py -> /castles/nr/projects/d/duanj-ai-in-medical-imaging/.share/conda-env/ml/lib/python3.7/site-packages/caffe2/quantization/server
copying build/lib.linux-ppc64le-3.7/caffe2/quantization/server/spatial_batch_norm_dnnlowp_op_test.py -> /castles/nr/projects/d/duanj-ai-in-medical-imaging/.share/conda-env/ml/lib/python3.7/site-packages/caffe2/quantization/server
copying build/lib.linux-ppc64le-3.7/caffe2/quantization/server/__init__.py -> /castles/nr/projects/d/duanj-ai-in-medical-imaging/.share/conda-env/ml/lib/python3.7/site-packages/caffe2/quantization/server
copying build/lib.linux-ppc64le-3.7/caffe2/quantization/server/int8_quant_scheme_blob_fill_test.py -> /castles/nr/projects/d/duanj-ai-in-medical-imaging/.share/conda-env/ml/lib/python3.7/site-packages/caffe2/quantization/server
copying build/lib.linux-ppc64le-3.7/caffe2/quantization/server/dequantize_dnnlowp_op_test.py -> /castles/nr/projects/d/duanj-ai-in-medical-imaging/.share/conda-env/ml/lib/python3.7/site-packages/caffe2/quantization/server
copying build/lib.linux-ppc64le-3.7/caffe2/quantization/server/pool_dnnlowp_op_test.py -> /castles/nr/projects/d/duanj-ai-in-medical-imaging/.share/conda-env/ml/lib/python3.7/site-packages/caffe2/quantization/server
copying build/lib.linux-ppc64le-3.7/caffe2/quantization/server/utils.py -> /castles/nr/projects/d/duanj-ai-in-medical-imaging/.share/conda-env/ml/lib/python3.7/site-packages/caffe2/quantization/server
copying build/lib.linux-ppc64le-3.7/caffe2/quantization/server/elementwise_mul_dnnlowp_op_test.py -> /castles/nr/projects/d/duanj-ai-in-medical-imaging/.share/conda-env/ml/lib/python3.7/site-packages/caffe2/quantization/server
copying build/lib.linux-ppc64le-3.7/caffe2/quantization/server/dnnlowp_test_utils.py -> /castles/nr/projects/d/duanj-ai-in-medical-imaging/.share/conda-env/ml/lib/python3.7/site-packages/caffe2/quantization/server
copying build/lib.linux-ppc64le-3.7/caffe2/quantization/server/fully_connected_dnnlowp_op_test.py -> /castles/nr/projects/d/duanj-ai-in-medical-imaging/.share/conda-env/ml/lib/python3.7/site-packages/caffe2/quantization/server
copying build/lib.linux-ppc64le-3.7/caffe2/quantization/server/conv_dnnlowp_acc16_op_test.py -> /castles/nr/projects/d/duanj-ai-in-medical-imaging/.share/conda-env/ml/lib/python3.7/site-packages/caffe2/quantization/server
copying build/lib.linux-ppc64le-3.7/caffe2/quantization/server/batch_permutation_dnnlowp_op_test.py -> /castles/nr/projects/d/duanj-ai-in-medical-imaging/.share/conda-env/ml/lib/python3.7/site-packages/caffe2/quantization/server
copying build/lib.linux-ppc64le-3.7/caffe2/quantization/server/fully_connected_dnnlowp_acc16_op_test.py -> /castles/nr/projects/d/duanj-ai-in-medical-imaging/.share/conda-env/ml/lib/python3.7/site-packages/caffe2/quantization/server
copying build/lib.linux-ppc64le-3.7/caffe2/quantization/server/observer_test.py -> /castles/nr/projects/d/duanj-ai-in-medical-imaging/.share/conda-env/ml/lib/python3.7/site-packages/caffe2/quantization/server
copying build/lib.linux-ppc64le-3.7/caffe2/quantization/server/resize_nearest_3d_dnnlowp_op_test.py -> /castles/nr/projects/d/duanj-ai-in-medical-imaging/.share/conda-env/ml/lib/python3.7/site-packages/caffe2/quantization/server
copying build/lib.linux-ppc64le-3.7/caffe2/quantization/server/fully_connected_fp16_test.py -> /castles/nr/projects/d/duanj-ai-in-medical-imaging/.share/conda-env/ml/lib/python3.7/site-packages/caffe2/quantization/server
copying build/lib.linux-ppc64le-3.7/caffe2/quantization/server/sigmoid_dnnlowp_op_test.py -> /castles/nr/projects/d/duanj-ai-in-medical-imaging/.share/conda-env/ml/lib/python3.7/site-packages/caffe2/quantization/server
copying build/lib.linux-ppc64le-3.7/caffe2/quantization/server/resize_nearest_dnnlowp_op_test.py -> /castles/nr/projects/d/duanj-ai-in-medical-imaging/.share/conda-env/ml/lib/python3.7/site-packages/caffe2/quantization/server
copying build/lib.linux-ppc64le-3.7/caffe2/quantization/server/group_norm_dnnlowp_op_test.py -> /castles/nr/projects/d/duanj-ai-in-medical-imaging/.share/conda-env/ml/lib/python3.7/site-packages/caffe2/quantization/server
copying build/lib.linux-ppc64le-3.7/caffe2/quantization/server/batch_matmul_dnnlowp_op_test.py -> /castles/nr/projects/d/duanj-ai-in-medical-imaging/.share/conda-env/ml/lib/python3.7/site-packages/caffe2/quantization/server
copying build/lib.linux-ppc64le-3.7/caffe2/quantization/server/int8_gen_quant_params_test.py -> /castles/nr/projects/d/duanj-ai-in-medical-imaging/.share/conda-env/ml/lib/python3.7/site-packages/caffe2/quantization/server
copying build/lib.linux-ppc64le-3.7/caffe2/quantization/server/conv_groupwise_dnnlowp_acc16_op_test.py -> /castles/nr/projects/d/duanj-ai-in-medical-imaging/.share/conda-env/ml/lib/python3.7/site-packages/caffe2/quantization/server
copying build/lib.linux-ppc64le-3.7/caffe2/quantization/server/tanh_dnnlowp_op_test.py -> /castles/nr/projects/d/duanj-ai-in-medical-imaging/.share/conda-env/ml/lib/python3.7/site-packages/caffe2/quantization/server
copying build/lib.linux-ppc64le-3.7/caffe2/quantization/server/relu_dnnlowp_op_test.py -> /castles/nr/projects/d/duanj-ai-in-medical-imaging/.share/conda-env/ml/lib/python3.7/site-packages/caffe2/quantization/server
copying build/lib.linux-ppc64le-3.7/caffe2/quantization/__init__.py -> /castles/nr/projects/d/duanj-ai-in-medical-imaging/.share/conda-env/ml/lib/python3.7/site-packages/caffe2/quantization
copying build/lib.linux-ppc64le-3.7/caffe2/__init__.py -> /castles/nr/projects/d/duanj-ai-in-medical-imaging/.share/conda-env/ml/lib/python3.7/site-packages/caffe2
copying build/lib.linux-ppc64le-3.7/caffe2/experiments/python/tt_pad_op_test.py -> /castles/nr/projects/d/duanj-ai-in-medical-imaging/.share/conda-env/ml/lib/python3.7/site-packages/caffe2/experiments/python
copying build/lib.linux-ppc64le-3.7/caffe2/experiments/python/device_reduce_sum_bench.py -> /castles/nr/projects/d/duanj-ai-in-medical-imaging/.share/conda-env/ml/lib/python3.7/site-packages/caffe2/experiments/python
copying build/lib.linux-ppc64le-3.7/caffe2/experiments/python/tt_contraction_op_test.py -> /castles/nr/projects/d/duanj-ai-in-medical-imaging/.share/conda-env/ml/lib/python3.7/site-packages/caffe2/experiments/python
copying build/lib.linux-ppc64le-3.7/caffe2/experiments/python/SparseTransformer.py -> /castles/nr/projects/d/duanj-ai-in-medical-imaging/.share/conda-env/ml/lib/python3.7/site-packages/caffe2/experiments/python
copying build/lib.linux-ppc64le-3.7/caffe2/experiments/python/__init__.py -> /castles/nr/projects/d/duanj-ai-in-medical-imaging/.share/conda-env/ml/lib/python3.7/site-packages/caffe2/experiments/python
copying build/lib.linux-ppc64le-3.7/caffe2/experiments/python/convnet_benchmarks.py -> /castles/nr/projects/d/duanj-ai-in-medical-imaging/.share/conda-env/ml/lib/python3.7/site-packages/caffe2/experiments/python
copying build/lib.linux-ppc64le-3.7/caffe2/experiments/python/funhash_op_test.py -> /castles/nr/projects/d/duanj-ai-in-medical-imaging/.share/conda-env/ml/lib/python3.7/site-packages/caffe2/experiments/python
copying build/lib.linux-ppc64le-3.7/caffe2/experiments/python/sparse_reshape_op_test.py -> /castles/nr/projects/d/duanj-ai-in-medical-imaging/.share/conda-env/ml/lib/python3.7/site-packages/caffe2/experiments/python
copying build/lib.linux-ppc64le-3.7/caffe2/experiments/python/sparse_funhash_op_test.py -> /castles/nr/projects/d/duanj-ai-in-medical-imaging/.share/conda-env/ml/lib/python3.7/site-packages/caffe2/experiments/python
copying build/lib.linux-ppc64le-3.7/caffe2/experiments/python/net_construct_bench.py -> /castles/nr/projects/d/duanj-ai-in-medical-imaging/.share/conda-env/ml/lib/python3.7/site-packages/caffe2/experiments/python
copying build/lib.linux-ppc64le-3.7/caffe2/experiments/__init__.py -> /castles/nr/projects/d/duanj-ai-in-medical-imaging/.share/conda-env/ml/lib/python3.7/site-packages/caffe2/experiments
copying build/lib.linux-ppc64le-3.7/caffe2/perfkernels/hp_emblookup_codegen.py -> /castles/nr/projects/d/duanj-ai-in-medical-imaging/.share/conda-env/ml/lib/python3.7/site-packages/caffe2/perfkernels
copying build/lib.linux-ppc64le-3.7/caffe2/perfkernels/__init__.py -> /castles/nr/projects/d/duanj-ai-in-medical-imaging/.share/conda-env/ml/lib/python3.7/site-packages/caffe2/perfkernels
copying build/lib.linux-ppc64le-3.7/caffe2/distributed/__init__.py -> /castles/nr/projects/d/duanj-ai-in-medical-imaging/.share/conda-env/ml/lib/python3.7/site-packages/caffe2/distributed
copying build/lib.linux-ppc64le-3.7/caffe2/distributed/file_store_handler_op_test.py -> /castles/nr/projects/d/duanj-ai-in-medical-imaging/.share/conda-env/ml/lib/python3.7/site-packages/caffe2/distributed
copying build/lib.linux-ppc64le-3.7/caffe2/distributed/store_ops_test_util.py -> /castles/nr/projects/d/duanj-ai-in-medical-imaging/.share/conda-env/ml/lib/python3.7/site-packages/caffe2/distributed
copying build/lib.linux-ppc64le-3.7/caffe2/distributed/redis_store_handler_op_test.py -> /castles/nr/projects/d/duanj-ai-in-medical-imaging/.share/conda-env/ml/lib/python3.7/site-packages/caffe2/distributed
byte-compiling /castles/nr/projects/d/duanj-ai-in-medical-imaging/.share/conda-env/ml/lib/python3.7/site-packages/torch/futures/__init__.py to __init__.cpython-37.pyc
byte-compiling /castles/nr/projects/d/duanj-ai-in-medical-imaging/.share/conda-env/ml/lib/python3.7/site-packages/torch/serialization.py to serialization.cpython-37.pyc
byte-compiling /castles/nr/projects/d/duanj-ai-in-medical-imaging/.share/conda-env/ml/lib/python3.7/site-packages/torch/cuda/comm.py to comm.cpython-37.pyc
byte-compiling /castles/nr/projects/d/duanj-ai-in-medical-imaging/.share/conda-env/ml/lib/python3.7/site-packages/torch/cuda/_utils.py to _utils.cpython-37.pyc
byte-compiling /castles/nr/projects/d/duanj-ai-in-medical-imaging/.share/conda-env/ml/lib/python3.7/site-packages/torch/cuda/memory.py to memory.cpython-37.pyc
byte-compiling /castles/nr/projects/d/duanj-ai-in-medical-imaging/.share/conda-env/ml/lib/python3.7/site-packages/torch/cuda/sparse.py to sparse.cpython-37.pyc
byte-compiling /castles/nr/projects/d/duanj-ai-in-medical-imaging/.share/conda-env/ml/lib/python3.7/site-packages/torch/cuda/amp/grad_scaler.py to grad_scaler.cpython-37.pyc
byte-compiling /castles/nr/projects/d/duanj-ai-in-medical-imaging/.share/conda-env/ml/lib/python3.7/site-packages/torch/cuda/amp/__init__.py to __init__.cpython-37.pyc
byte-compiling /castles/nr/projects/d/duanj-ai-in-medical-imaging/.share/conda-env/ml/lib/python3.7/site-packages/torch/cuda/amp/autocast_mode.py to autocast_mode.cpython-37.pyc
byte-compiling /castles/nr/projects/d/duanj-ai-in-medical-imaging/.share/conda-env/ml/lib/python3.7/site-packages/torch/cuda/nccl.py to nccl.cpython-37.pyc
byte-compiling /castles/nr/projects/d/duanj-ai-in-medical-imaging/.share/conda-env/ml/lib/python3.7/site-packages/torch/cuda/__init__.py to __init__.cpython-37.pyc
byte-compiling /castles/nr/projects/d/duanj-ai-in-medical-imaging/.share/conda-env/ml/lib/python3.7/site-packages/torch/cuda/streams.py to streams.cpython-37.pyc
byte-compiling /castles/nr/projects/d/duanj-ai-in-medical-imaging/.share/conda-env/ml/lib/python3.7/site-packages/torch/cuda/random.py to random.cpython-37.pyc
byte-compiling /castles/nr/projects/d/duanj-ai-in-medical-imaging/.share/conda-env/ml/lib/python3.7/site-packages/torch/cuda/profiler.py to profiler.cpython-37.pyc
byte-compiling /castles/nr/projects/d/duanj-ai-in-medical-imaging/.share/conda-env/ml/lib/python3.7/site-packages/torch/cuda/error.py to error.cpython-37.pyc
byte-compiling /castles/nr/projects/d/duanj-ai-in-medical-imaging/.share/conda-env/ml/lib/python3.7/site-packages/torch/cuda/nvtx.py to nvtx.cpython-37.pyc
byte-compiling /castles/nr/projects/d/duanj-ai-in-medical-imaging/.share/conda-env/ml/lib/python3.7/site-packages/torch/_utils.py to _utils.cpython-37.pyc
byte-compiling /castles/nr/projects/d/duanj-ai-in-medical-imaging/.share/conda-env/ml/lib/python3.7/site-packages/torch/__future__.py to __future__.cpython-37.pyc
byte-compiling /castles/nr/projects/d/duanj-ai-in-medical-imaging/.share/conda-env/ml/lib/python3.7/site-packages/torch/_namedtensor_internals.py to _namedtensor_internals.cpython-37.pyc
byte-compiling /castles/nr/projects/d/duanj-ai-in-medical-imaging/.share/conda-env/ml/lib/python3.7/site-packages/torch/_torch_docs.py to _torch_docs.cpython-37.pyc
byte-compiling /castles/nr/projects/d/duanj-ai-in-medical-imaging/.share/conda-env/ml/lib/python3.7/site-packages/torch/tensor.py to tensor.cpython-37.pyc
byte-compiling /castles/nr/projects/d/duanj-ai-in-medical-imaging/.share/conda-env/ml/lib/python3.7/site-packages/torch/_classes.py to _classes.cpython-37.pyc
byte-compiling /castles/nr/projects/d/duanj-ai-in-medical-imaging/.share/conda-env/ml/lib/python3.7/site-packages/torch/_ops.py to _ops.cpython-37.pyc
byte-compiling /castles/nr/projects/d/duanj-ai-in-medical-imaging/.share/conda-env/ml/lib/python3.7/site-packages/torch/optim/lbfgs.py to lbfgs.cpython-37.pyc
byte-compiling /castles/nr/projects/d/duanj-ai-in-medical-imaging/.share/conda-env/ml/lib/python3.7/site-packages/torch/optim/asgd.py to asgd.cpython-37.pyc
byte-compiling /castles/nr/projects/d/duanj-ai-in-medical-imaging/.share/conda-env/ml/lib/python3.7/site-packages/torch/optim/adadelta.py to adadelta.cpython-37.pyc
byte-compiling /castles/nr/projects/d/duanj-ai-in-medical-imaging/.share/conda-env/ml/lib/python3.7/site-packages/torch/optim/adamw.py to adamw.cpython-37.pyc
byte-compiling /castles/nr/projects/d/duanj-ai-in-medical-imaging/.share/conda-env/ml/lib/python3.7/site-packages/torch/optim/swa_utils.py to swa_utils.cpython-37.pyc
byte-compiling /castles/nr/projects/d/duanj-ai-in-medical-imaging/.share/conda-env/ml/lib/python3.7/site-packages/torch/optim/adagrad.py to adagrad.cpython-37.pyc
byte-compiling /castles/nr/projects/d/duanj-ai-in-medical-imaging/.share/conda-env/ml/lib/python3.7/site-packages/torch/optim/__init__.py to __init__.cpython-37.pyc
byte-compiling /castles/nr/projects/d/duanj-ai-in-medical-imaging/.share/conda-env/ml/lib/python3.7/site-packages/torch/optim/optimizer.py to optimizer.cpython-37.pyc
byte-compiling /castles/nr/projects/d/duanj-ai-in-medical-imaging/.share/conda-env/ml/lib/python3.7/site-packages/torch/optim/adamax.py to adamax.cpython-37.pyc
byte-compiling /castles/nr/projects/d/duanj-ai-in-medical-imaging/.share/conda-env/ml/lib/python3.7/site-packages/torch/optim/rmsprop.py to rmsprop.cpython-37.pyc
byte-compiling /castles/nr/projects/d/duanj-ai-in-medical-imaging/.share/conda-env/ml/lib/python3.7/site-packages/torch/optim/sparse_adam.py to sparse_adam.cpython-37.pyc
byte-compiling /castles/nr/projects/d/duanj-ai-in-medical-imaging/.share/conda-env/ml/lib/python3.7/site-packages/torch/optim/rprop.py to rprop.cpython-37.pyc
byte-compiling /castles/nr/projects/d/duanj-ai-in-medical-imaging/.share/conda-env/ml/lib/python3.7/site-packages/torch/optim/adam.py to adam.cpython-37.pyc
byte-compiling /castles/nr/projects/d/duanj-ai-in-medical-imaging/.share/conda-env/ml/lib/python3.7/site-packages/torch/optim/lr_scheduler.py to lr_scheduler.cpython-37.pyc
byte-compiling /castles/nr/projects/d/duanj-ai-in-medical-imaging/.share/conda-env/ml/lib/python3.7/site-packages/torch/optim/sgd.py to sgd.cpython-37.pyc
byte-compiling /castles/nr/projects/d/duanj-ai-in-medical-imaging/.share/conda-env/ml/lib/python3.7/site-packages/torch/_VF.py to _VF.cpython-37.pyc
byte-compiling /castles/nr/projects/d/duanj-ai-in-medical-imaging/.share/conda-env/ml/lib/python3.7/site-packages/torch/_vmap_internals.py to _vmap_internals.cpython-37.pyc
byte-compiling /castles/nr/projects/d/duanj-ai-in-medical-imaging/.share/conda-env/ml/lib/python3.7/site-packages/torch/contrib/_tensorboard_vis.py to _tensorboard_vis.cpython-37.pyc
byte-compiling /castles/nr/projects/d/duanj-ai-in-medical-imaging/.share/conda-env/ml/lib/python3.7/site-packages/torch/contrib/__init__.py to __init__.cpython-37.pyc
byte-compiling /castles/nr/projects/d/duanj-ai-in-medical-imaging/.share/conda-env/ml/lib/python3.7/site-packages/torch/_linalg_utils.py to _linalg_utils.cpython-37.pyc
byte-compiling /castles/nr/projects/d/duanj-ai-in-medical-imaging/.share/conda-env/ml/lib/python3.7/site-packages/torch/_jit_internal.py to _jit_internal.cpython-37.pyc
byte-compiling /castles/nr/projects/d/duanj-ai-in-medical-imaging/.share/conda-env/ml/lib/python3.7/site-packages/torch/_appdirs.py to _appdirs.cpython-37.pyc
byte-compiling /castles/nr/projects/d/duanj-ai-in-medical-imaging/.share/conda-env/ml/lib/python3.7/site-packages/torch/onnx/symbolic_opset11.py to symbolic_opset11.cpython-37.pyc
byte-compiling /castles/nr/projects/d/duanj-ai-in-medical-imaging/.share/conda-env/ml/lib/python3.7/site-packages/torch/onnx/symbolic_opset7.py to symbolic_opset7.cpython-37.pyc
byte-compiling /castles/nr/projects/d/duanj-ai-in-medical-imaging/.share/conda-env/ml/lib/python3.7/site-packages/torch/onnx/operators.py to operators.cpython-37.pyc
byte-compiling /castles/nr/projects/d/duanj-ai-in-medical-imaging/.share/conda-env/ml/lib/python3.7/site-packages/torch/onnx/symbolic_registry.py to symbolic_registry.cpython-37.pyc
byte-compiling /castles/nr/projects/d/duanj-ai-in-medical-imaging/.share/conda-env/ml/lib/python3.7/site-packages/torch/onnx/__init__.py to __init__.cpython-37.pyc
byte-compiling /castles/nr/projects/d/duanj-ai-in-medical-imaging/.share/conda-env/ml/lib/python3.7/site-packages/torch/onnx/symbolic_opset12.py to symbolic_opset12.cpython-37.pyc
byte-compiling /castles/nr/projects/d/duanj-ai-in-medical-imaging/.share/conda-env/ml/lib/python3.7/site-packages/torch/onnx/utils.py to utils.cpython-37.pyc
byte-compiling /castles/nr/projects/d/duanj-ai-in-medical-imaging/.share/conda-env/ml/lib/python3.7/site-packages/torch/onnx/symbolic_caffe2.py to symbolic_caffe2.cpython-37.pyc
byte-compiling /castles/nr/projects/d/duanj-ai-in-medical-imaging/.share/conda-env/ml/lib/python3.7/site-packages/torch/onnx/symbolic_opset8.py to symbolic_opset8.cpython-37.pyc
byte-compiling /castles/nr/projects/d/duanj-ai-in-medical-imaging/.share/conda-env/ml/lib/python3.7/site-packages/torch/onnx/symbolic_helper.py to symbolic_helper.cpython-37.pyc
byte-compiling /castles/nr/projects/d/duanj-ai-in-medical-imaging/.share/conda-env/ml/lib/python3.7/site-packages/torch/onnx/symbolic_opset10.py to symbolic_opset10.cpython-37.pyc
byte-compiling /castles/nr/projects/d/duanj-ai-in-medical-imaging/.share/conda-env/ml/lib/python3.7/site-packages/torch/onnx/symbolic_opset9.py to symbolic_opset9.cpython-37.pyc
byte-compiling /castles/nr/projects/d/duanj-ai-in-medical-imaging/.share/conda-env/ml/lib/python3.7/site-packages/torch/autograd/anomaly_mode.py to anomaly_mode.cpython-37.pyc
byte-compiling /castles/nr/projects/d/duanj-ai-in-medical-imaging/.share/conda-env/ml/lib/python3.7/site-packages/torch/autograd/function.py to function.cpython-37.pyc
byte-compiling /castles/nr/projects/d/duanj-ai-in-medical-imaging/.share/conda-env/ml/lib/python3.7/site-packages/torch/autograd/grad_mode.py to grad_mode.cpython-37.pyc
byte-compiling /castles/nr/projects/d/duanj-ai-in-medical-imaging/.share/conda-env/ml/lib/python3.7/site-packages/torch/autograd/__init__.py to __init__.cpython-37.pyc
byte-compiling /castles/nr/projects/d/duanj-ai-in-medical-imaging/.share/conda-env/ml/lib/python3.7/site-packages/torch/autograd/_functions/tensor.py to tensor.cpython-37.pyc
byte-compiling /castles/nr/projects/d/duanj-ai-in-medical-imaging/.share/conda-env/ml/lib/python3.7/site-packages/torch/autograd/_functions/__init__.py to __init__.cpython-37.pyc
byte-compiling /castles/nr/projects/d/duanj-ai-in-medical-imaging/.share/conda-env/ml/lib/python3.7/site-packages/torch/autograd/_functions/utils.py to utils.cpython-37.pyc
byte-compiling /castles/nr/projects/d/duanj-ai-in-medical-imaging/.share/conda-env/ml/lib/python3.7/site-packages/torch/autograd/variable.py to variable.cpython-37.pyc
byte-compiling /castles/nr/projects/d/duanj-ai-in-medical-imaging/.share/conda-env/ml/lib/python3.7/site-packages/torch/autograd/gradcheck.py to gradcheck.cpython-37.pyc
byte-compiling /castles/nr/projects/d/duanj-ai-in-medical-imaging/.share/conda-env/ml/lib/python3.7/site-packages/torch/autograd/functional.py to functional.cpython-37.pyc
byte-compiling /castles/nr/projects/d/duanj-ai-in-medical-imaging/.share/conda-env/ml/lib/python3.7/site-packages/torch/autograd/profiler.py to profiler.cpython-37.pyc
byte-compiling /castles/nr/projects/d/duanj-ai-in-medical-imaging/.share/conda-env/ml/lib/python3.7/site-packages/torch/nn/quantized/__init__.py to __init__.cpython-37.pyc
byte-compiling /castles/nr/projects/d/duanj-ai-in-medical-imaging/.share/conda-env/ml/lib/python3.7/site-packages/torch/nn/quantized/dynamic/__init__.py to __init__.cpython-37.pyc
byte-compiling /castles/nr/projects/d/duanj-ai-in-medical-imaging/.share/conda-env/ml/lib/python3.7/site-packages/torch/nn/quantized/dynamic/modules/__init__.py to __init__.cpython-37.pyc
byte-compiling /castles/nr/projects/d/duanj-ai-in-medical-imaging/.share/conda-env/ml/lib/python3.7/site-packages/torch/nn/quantized/dynamic/modules/linear.py to linear.cpython-37.pyc
byte-compiling /castles/nr/projects/d/duanj-ai-in-medical-imaging/.share/conda-env/ml/lib/python3.7/site-packages/torch/nn/quantized/dynamic/modules/rnn.py to rnn.cpython-37.pyc
byte-compiling /castles/nr/projects/d/duanj-ai-in-medical-imaging/.share/conda-env/ml/lib/python3.7/site-packages/torch/nn/quantized/modules/activation.py to activation.cpython-37.pyc
byte-compiling /castles/nr/projects/d/duanj-ai-in-medical-imaging/.share/conda-env/ml/lib/python3.7/site-packages/torch/nn/quantized/modules/__init__.py to __init__.cpython-37.pyc
byte-compiling /castles/nr/projects/d/duanj-ai-in-medical-imaging/.share/conda-env/ml/lib/python3.7/site-packages/torch/nn/quantized/modules/linear.py to linear.cpython-37.pyc
byte-compiling /castles/nr/projects/d/duanj-ai-in-medical-imaging/.share/conda-env/ml/lib/python3.7/site-packages/torch/nn/quantized/modules/utils.py to utils.cpython-37.pyc
byte-compiling /castles/nr/projects/d/duanj-ai-in-medical-imaging/.share/conda-env/ml/lib/python3.7/site-packages/torch/nn/quantized/modules/batchnorm.py to batchnorm.cpython-37.pyc
byte-compiling /castles/nr/projects/d/duanj-ai-in-medical-imaging/.share/conda-env/ml/lib/python3.7/site-packages/torch/nn/quantized/modules/functional_modules.py to functional_modules.cpython-37.pyc
byte-compiling /castles/nr/projects/d/duanj-ai-in-medical-imaging/.share/conda-env/ml/lib/python3.7/site-packages/torch/nn/quantized/modules/conv.py to conv.cpython-37.pyc
byte-compiling /castles/nr/projects/d/duanj-ai-in-medical-imaging/.share/conda-env/ml/lib/python3.7/site-packages/torch/nn/quantized/modules/normalization.py to normalization.cpython-37.pyc
byte-compiling /castles/nr/projects/d/duanj-ai-in-medical-imaging/.share/conda-env/ml/lib/python3.7/site-packages/torch/nn/quantized/functional.py to functional.cpython-37.pyc
byte-compiling /castles/nr/projects/d/duanj-ai-in-medical-imaging/.share/conda-env/ml/lib/python3.7/site-packages/torch/nn/intrinsic/quantized/__init__.py to __init__.cpython-37.pyc
byte-compiling /castles/nr/projects/d/duanj-ai-in-medical-imaging/.share/conda-env/ml/lib/python3.7/site-packages/torch/nn/intrinsic/quantized/modules/__init__.py to __init__.cpython-37.pyc
byte-compiling /castles/nr/projects/d/duanj-ai-in-medical-imaging/.share/conda-env/ml/lib/python3.7/site-packages/torch/nn/intrinsic/quantized/modules/bn_relu.py to bn_relu.cpython-37.pyc
byte-compiling /castles/nr/projects/d/duanj-ai-in-medical-imaging/.share/conda-env/ml/lib/python3.7/site-packages/torch/nn/intrinsic/quantized/modules/conv_relu.py to conv_relu.cpython-37.pyc
byte-compiling /castles/nr/projects/d/duanj-ai-in-medical-imaging/.share/conda-env/ml/lib/python3.7/site-packages/torch/nn/intrinsic/quantized/modules/linear_relu.py to linear_relu.cpython-37.pyc
byte-compiling /castles/nr/projects/d/duanj-ai-in-medical-imaging/.share/conda-env/ml/lib/python3.7/site-packages/torch/nn/intrinsic/__init__.py to __init__.cpython-37.pyc
byte-compiling /castles/nr/projects/d/duanj-ai-in-medical-imaging/.share/conda-env/ml/lib/python3.7/site-packages/torch/nn/intrinsic/modules/fused.py to fused.cpython-37.pyc
byte-compiling /castles/nr/projects/d/duanj-ai-in-medical-imaging/.share/conda-env/ml/lib/python3.7/site-packages/torch/nn/intrinsic/modules/__init__.py to __init__.cpython-37.pyc
byte-compiling /castles/nr/projects/d/duanj-ai-in-medical-imaging/.share/conda-env/ml/lib/python3.7/site-packages/torch/nn/intrinsic/qat/__init__.py to __init__.cpython-37.pyc
byte-compiling /castles/nr/projects/d/duanj-ai-in-medical-imaging/.share/conda-env/ml/lib/python3.7/site-packages/torch/nn/intrinsic/qat/modules/__init__.py to __init__.cpython-37.pyc
byte-compiling /castles/nr/projects/d/duanj-ai-in-medical-imaging/.share/conda-env/ml/lib/python3.7/site-packages/torch/nn/intrinsic/qat/modules/conv_fused.py to conv_fused.cpython-37.pyc
byte-compiling /castles/nr/projects/d/duanj-ai-in-medical-imaging/.share/conda-env/ml/lib/python3.7/site-packages/torch/nn/intrinsic/qat/modules/linear_relu.py to linear_relu.cpython-37.pyc
byte-compiling /castles/nr/projects/d/duanj-ai-in-medical-imaging/.share/conda-env/ml/lib/python3.7/site-packages/torch/nn/__init__.py to __init__.cpython-37.pyc
byte-compiling /castles/nr/projects/d/duanj-ai-in-medical-imaging/.share/conda-env/ml/lib/python3.7/site-packages/torch/nn/utils/prune.py to prune.cpython-37.pyc
byte-compiling /castles/nr/projects/d/duanj-ai-in-medical-imaging/.share/conda-env/ml/lib/python3.7/site-packages/torch/nn/utils/convert_parameters.py to convert_parameters.cpython-37.pyc
byte-compiling /castles/nr/projects/d/duanj-ai-in-medical-imaging/.share/conda-env/ml/lib/python3.7/site-packages/torch/nn/utils/__init__.py to __init__.cpython-37.pyc
byte-compiling /castles/nr/projects/d/duanj-ai-in-medical-imaging/.share/conda-env/ml/lib/python3.7/site-packages/torch/nn/utils/rnn.py to rnn.cpython-37.pyc
byte-compiling /castles/nr/projects/d/duanj-ai-in-medical-imaging/.share/conda-env/ml/lib/python3.7/site-packages/torch/nn/utils/clip_grad.py to clip_grad.cpython-37.pyc
byte-compiling /castles/nr/projects/d/duanj-ai-in-medical-imaging/.share/conda-env/ml/lib/python3.7/site-packages/torch/nn/utils/weight_norm.py to weight_norm.cpython-37.pyc
byte-compiling /castles/nr/projects/d/duanj-ai-in-medical-imaging/.share/conda-env/ml/lib/python3.7/site-packages/torch/nn/utils/fusion.py to fusion.cpython-37.pyc
byte-compiling /castles/nr/projects/d/duanj-ai-in-medical-imaging/.share/conda-env/ml/lib/python3.7/site-packages/torch/nn/utils/spectral_norm.py to spectral_norm.cpython-37.pyc
byte-compiling /castles/nr/projects/d/duanj-ai-in-medical-imaging/.share/conda-env/ml/lib/python3.7/site-packages/torch/nn/utils/memory_format.py to memory_format.cpython-37.pyc
byte-compiling /castles/nr/projects/d/duanj-ai-in-medical-imaging/.share/conda-env/ml/lib/python3.7/site-packages/torch/nn/common_types.py to common_types.cpython-37.pyc
byte-compiling /castles/nr/projects/d/duanj-ai-in-medical-imaging/.share/conda-env/ml/lib/python3.7/site-packages/torch/nn/backends/__init__.py to __init__.cpython-37.pyc
byte-compiling /castles/nr/projects/d/duanj-ai-in-medical-imaging/.share/conda-env/ml/lib/python3.7/site-packages/torch/nn/backends/thnn.py to thnn.cpython-37.pyc
byte-compiling /castles/nr/projects/d/duanj-ai-in-medical-imaging/.share/conda-env/ml/lib/python3.7/site-packages/torch/nn/cpp.py to cpp.cpython-37.pyc
byte-compiling /castles/nr/projects/d/duanj-ai-in-medical-imaging/.share/conda-env/ml/lib/python3.7/site-packages/torch/nn/grad.py to grad.cpython-37.pyc
byte-compiling /castles/nr/projects/d/duanj-ai-in-medical-imaging/.share/conda-env/ml/lib/python3.7/site-packages/torch/nn/parameter.py to parameter.cpython-37.pyc
byte-compiling /castles/nr/projects/d/duanj-ai-in-medical-imaging/.share/conda-env/ml/lib/python3.7/site-packages/torch/nn/_reduction.py to _reduction.cpython-37.pyc
byte-compiling /castles/nr/projects/d/duanj-ai-in-medical-imaging/.share/conda-env/ml/lib/python3.7/site-packages/torch/nn/parallel/comm.py to comm.cpython-37.pyc
byte-compiling /castles/nr/projects/d/duanj-ai-in-medical-imaging/.share/conda-env/ml/lib/python3.7/site-packages/torch/nn/parallel/__init__.py to __init__.cpython-37.pyc
byte-compiling /castles/nr/projects/d/duanj-ai-in-medical-imaging/.share/conda-env/ml/lib/python3.7/site-packages/torch/nn/parallel/_functions.py to _functions.cpython-37.pyc
byte-compiling /castles/nr/projects/d/duanj-ai-in-medical-imaging/.share/conda-env/ml/lib/python3.7/site-packages/torch/nn/parallel/replicate.py to replicate.cpython-37.pyc
byte-compiling /castles/nr/projects/d/duanj-ai-in-medical-imaging/.share/conda-env/ml/lib/python3.7/site-packages/torch/nn/parallel/distributed.py to distributed.cpython-37.pyc
byte-compiling /castles/nr/projects/d/duanj-ai-in-medical-imaging/.share/conda-env/ml/lib/python3.7/site-packages/torch/nn/parallel/data_parallel.py to data_parallel.cpython-37.pyc
byte-compiling /castles/nr/projects/d/duanj-ai-in-medical-imaging/.share/conda-env/ml/lib/python3.7/site-packages/torch/nn/parallel/parallel_apply.py to parallel_apply.cpython-37.pyc
byte-compiling /castles/nr/projects/d/duanj-ai-in-medical-imaging/.share/conda-env/ml/lib/python3.7/site-packages/torch/nn/parallel/scatter_gather.py to scatter_gather.cpython-37.pyc
byte-compiling /castles/nr/projects/d/duanj-ai-in-medical-imaging/.share/conda-env/ml/lib/python3.7/site-packages/torch/nn/init.py to init.cpython-37.pyc
byte-compiling /castles/nr/projects/d/duanj-ai-in-medical-imaging/.share/conda-env/ml/lib/python3.7/site-packages/torch/nn/modules/sparse.py to sparse.cpython-37.pyc
byte-compiling /castles/nr/projects/d/duanj-ai-in-medical-imaging/.share/conda-env/ml/lib/python3.7/site-packages/torch/nn/modules/instancenorm.py to instancenorm.cpython-37.pyc
byte-compiling /castles/nr/projects/d/duanj-ai-in-medical-imaging/.share/conda-env/ml/lib/python3.7/site-packages/torch/nn/modules/module.py to module.cpython-37.pyc
byte-compiling /castles/nr/projects/d/duanj-ai-in-medical-imaging/.share/conda-env/ml/lib/python3.7/site-packages/torch/nn/modules/activation.py to activation.cpython-37.pyc
byte-compiling /castles/nr/projects/d/duanj-ai-in-medical-imaging/.share/conda-env/ml/lib/python3.7/site-packages/torch/nn/modules/__init__.py to __init__.cpython-37.pyc
byte-compiling /castles/nr/projects/d/duanj-ai-in-medical-imaging/.share/conda-env/ml/lib/python3.7/site-packages/torch/nn/modules/linear.py to linear.cpython-37.pyc
byte-compiling /castles/nr/projects/d/duanj-ai-in-medical-imaging/.share/conda-env/ml/lib/python3.7/site-packages/torch/nn/modules/fold.py to fold.cpython-37.pyc
byte-compiling /castles/nr/projects/d/duanj-ai-in-medical-imaging/.share/conda-env/ml/lib/python3.7/site-packages/torch/nn/modules/utils.py to utils.cpython-37.pyc
byte-compiling /castles/nr/projects/d/duanj-ai-in-medical-imaging/.share/conda-env/ml/lib/python3.7/site-packages/torch/nn/modules/channelshuffle.py to channelshuffle.cpython-37.pyc
byte-compiling /castles/nr/projects/d/duanj-ai-in-medical-imaging/.share/conda-env/ml/lib/python3.7/site-packages/torch/nn/modules/batchnorm.py to batchnorm.cpython-37.pyc
byte-compiling /castles/nr/projects/d/duanj-ai-in-medical-imaging/.share/conda-env/ml/lib/python3.7/site-packages/torch/nn/modules/padding.py to padding.cpython-37.pyc
byte-compiling /castles/nr/projects/d/duanj-ai-in-medical-imaging/.share/conda-env/ml/lib/python3.7/site-packages/torch/nn/modules/loss.py to loss.cpython-37.pyc
byte-compiling /castles/nr/projects/d/duanj-ai-in-medical-imaging/.share/conda-env/ml/lib/python3.7/site-packages/torch/nn/modules/_functions.py to _functions.cpython-37.pyc
byte-compiling /castles/nr/projects/d/duanj-ai-in-medical-imaging/.share/conda-env/ml/lib/python3.7/site-packages/torch/nn/modules/pixelshuffle.py to pixelshuffle.cpython-37.pyc
byte-compiling /castles/nr/projects/d/duanj-ai-in-medical-imaging/.share/conda-env/ml/lib/python3.7/site-packages/torch/nn/modules/transformer.py to transformer.cpython-37.pyc
byte-compiling /castles/nr/projects/d/duanj-ai-in-medical-imaging/.share/conda-env/ml/lib/python3.7/site-packages/torch/nn/modules/conv.py to conv.cpython-37.pyc
byte-compiling /castles/nr/projects/d/duanj-ai-in-medical-imaging/.share/conda-env/ml/lib/python3.7/site-packages/torch/nn/modules/rnn.py to rnn.cpython-37.pyc
byte-compiling /castles/nr/projects/d/duanj-ai-in-medical-imaging/.share/conda-env/ml/lib/python3.7/site-packages/torch/nn/modules/container.py to container.cpython-37.pyc
byte-compiling /castles/nr/projects/d/duanj-ai-in-medical-imaging/.share/conda-env/ml/lib/python3.7/site-packages/torch/nn/modules/distance.py to distance.cpython-37.pyc
byte-compiling /castles/nr/projects/d/duanj-ai-in-medical-imaging/.share/conda-env/ml/lib/python3.7/site-packages/torch/nn/modules/dropout.py to dropout.cpython-37.pyc
byte-compiling /castles/nr/projects/d/duanj-ai-in-medical-imaging/.share/conda-env/ml/lib/python3.7/site-packages/torch/nn/modules/pooling.py to pooling.cpython-37.pyc
byte-compiling /castles/nr/projects/d/duanj-ai-in-medical-imaging/.share/conda-env/ml/lib/python3.7/site-packages/torch/nn/modules/adaptive.py to adaptive.cpython-37.pyc
byte-compiling /castles/nr/projects/d/duanj-ai-in-medical-imaging/.share/conda-env/ml/lib/python3.7/site-packages/torch/nn/modules/upsampling.py to upsampling.cpython-37.pyc
byte-compiling /castles/nr/projects/d/duanj-ai-in-medical-imaging/.share/conda-env/ml/lib/python3.7/site-packages/torch/nn/modules/normalization.py to normalization.cpython-37.pyc
byte-compiling /castles/nr/projects/d/duanj-ai-in-medical-imaging/.share/conda-env/ml/lib/python3.7/site-packages/torch/nn/modules/flatten.py to flatten.cpython-37.pyc
byte-compiling /castles/nr/projects/d/duanj-ai-in-medical-imaging/.share/conda-env/ml/lib/python3.7/site-packages/torch/nn/qat/__init__.py to __init__.cpython-37.pyc
byte-compiling /castles/nr/projects/d/duanj-ai-in-medical-imaging/.share/conda-env/ml/lib/python3.7/site-packages/torch/nn/qat/modules/__init__.py to __init__.cpython-37.pyc
byte-compiling /castles/nr/projects/d/duanj-ai-in-medical-imaging/.share/conda-env/ml/lib/python3.7/site-packages/torch/nn/qat/modules/linear.py to linear.cpython-37.pyc
byte-compiling /castles/nr/projects/d/duanj-ai-in-medical-imaging/.share/conda-env/ml/lib/python3.7/site-packages/torch/nn/qat/modules/conv.py to conv.cpython-37.pyc
byte-compiling /castles/nr/projects/d/duanj-ai-in-medical-imaging/.share/conda-env/ml/lib/python3.7/site-packages/torch/nn/functional.py to functional.cpython-37.pyc
byte-compiling /castles/nr/projects/d/duanj-ai-in-medical-imaging/.share/conda-env/ml/lib/python3.7/site-packages/torch/quantization/_learnable_fake_quantize.py to _learnable_fake_quantize.cpython-37.pyc
byte-compiling /castles/nr/projects/d/duanj-ai-in-medical-imaging/.share/conda-env/ml/lib/python3.7/site-packages/torch/quantization/qconfig.py to qconfig.cpython-37.pyc
byte-compiling /castles/nr/projects/d/duanj-ai-in-medical-imaging/.share/conda-env/ml/lib/python3.7/site-packages/torch/quantization/quantize.py to quantize.cpython-37.pyc
byte-compiling /castles/nr/projects/d/duanj-ai-in-medical-imaging/.share/conda-env/ml/lib/python3.7/site-packages/torch/quantization/default_mappings.py to default_mappings.cpython-37.pyc
byte-compiling /castles/nr/projects/d/duanj-ai-in-medical-imaging/.share/conda-env/ml/lib/python3.7/site-packages/torch/quantization/__init__.py to __init__.cpython-37.pyc
byte-compiling /castles/nr/projects/d/duanj-ai-in-medical-imaging/.share/conda-env/ml/lib/python3.7/site-packages/torch/quantization/_equalize.py to _equalize.cpython-37.pyc
byte-compiling /castles/nr/projects/d/duanj-ai-in-medical-imaging/.share/conda-env/ml/lib/python3.7/site-packages/torch/quantization/_numeric_suite.py to _numeric_suite.cpython-37.pyc
byte-compiling /castles/nr/projects/d/duanj-ai-in-medical-imaging/.share/conda-env/ml/lib/python3.7/site-packages/torch/quantization/stubs.py to stubs.cpython-37.pyc
byte-compiling /castles/nr/projects/d/duanj-ai-in-medical-imaging/.share/conda-env/ml/lib/python3.7/site-packages/torch/quantization/fuse_modules.py to fuse_modules.cpython-37.pyc
byte-compiling /castles/nr/projects/d/duanj-ai-in-medical-imaging/.share/conda-env/ml/lib/python3.7/site-packages/torch/quantization/observer.py to observer.cpython-37.pyc
byte-compiling /castles/nr/projects/d/duanj-ai-in-medical-imaging/.share/conda-env/ml/lib/python3.7/site-packages/torch/quantization/quantize_jit.py to quantize_jit.cpython-37.pyc
byte-compiling /castles/nr/projects/d/duanj-ai-in-medical-imaging/.share/conda-env/ml/lib/python3.7/site-packages/torch/quantization/fake_quantize.py to fake_quantize.cpython-37.pyc
byte-compiling /castles/nr/projects/d/duanj-ai-in-medical-imaging/.share/conda-env/ml/lib/python3.7/site-packages/torch/__init__.py to __init__.cpython-37.pyc
byte-compiling /castles/nr/projects/d/duanj-ai-in-medical-imaging/.share/conda-env/ml/lib/python3.7/site-packages/torch/utils/backcompat/__init__.py to __init__.cpython-37.pyc
byte-compiling /castles/nr/projects/d/duanj-ai-in-medical-imaging/.share/conda-env/ml/lib/python3.7/site-packages/torch/utils/mkldnn.py to mkldnn.cpython-37.pyc
byte-compiling /castles/nr/projects/d/duanj-ai-in-medical-imaging/.share/conda-env/ml/lib/python3.7/site-packages/torch/utils/model_zoo.py to model_zoo.cpython-37.pyc
byte-compiling /castles/nr/projects/d/duanj-ai-in-medical-imaging/.share/conda-env/ml/lib/python3.7/site-packages/torch/utils/bundled_inputs.py to bundled_inputs.cpython-37.pyc
byte-compiling /castles/nr/projects/d/duanj-ai-in-medical-imaging/.share/conda-env/ml/lib/python3.7/site-packages/torch/utils/_benchmark/__init__.py to __init__.cpython-37.pyc
byte-compiling /castles/nr/projects/d/duanj-ai-in-medical-imaging/.share/conda-env/ml/lib/python3.7/site-packages/torch/utils/_benchmark/utils/fuzzer.py to fuzzer.cpython-37.pyc
byte-compiling /castles/nr/projects/d/duanj-ai-in-medical-imaging/.share/conda-env/ml/lib/python3.7/site-packages/torch/utils/_benchmark/utils/__init__.py to __init__.cpython-37.pyc
byte-compiling /castles/nr/projects/d/duanj-ai-in-medical-imaging/.share/conda-env/ml/lib/python3.7/site-packages/torch/utils/_benchmark/utils/timer.py to timer.cpython-37.pyc
byte-compiling /castles/nr/projects/d/duanj-ai-in-medical-imaging/.share/conda-env/ml/lib/python3.7/site-packages/torch/utils/_benchmark/utils/common.py to common.cpython-37.pyc
byte-compiling /castles/nr/projects/d/duanj-ai-in-medical-imaging/.share/conda-env/ml/lib/python3.7/site-packages/torch/utils/_benchmark/utils/compare.py to compare.cpython-37.pyc
byte-compiling /castles/nr/projects/d/duanj-ai-in-medical-imaging/.share/conda-env/ml/lib/python3.7/site-packages/torch/utils/_benchmark/op_fuzzers/unary.py to unary.cpython-37.pyc
byte-compiling /castles/nr/projects/d/duanj-ai-in-medical-imaging/.share/conda-env/ml/lib/python3.7/site-packages/torch/utils/_benchmark/op_fuzzers/__init__.py to __init__.cpython-37.pyc
byte-compiling /castles/nr/projects/d/duanj-ai-in-medical-imaging/.share/conda-env/ml/lib/python3.7/site-packages/torch/utils/_benchmark/op_fuzzers/binary.py to binary.cpython-37.pyc
byte-compiling /castles/nr/projects/d/duanj-ai-in-medical-imaging/.share/conda-env/ml/lib/python3.7/site-packages/torch/utils/file_baton.py to file_baton.cpython-37.pyc
byte-compiling /castles/nr/projects/d/duanj-ai-in-medical-imaging/.share/conda-env/ml/lib/python3.7/site-packages/torch/utils/cpp_extension.py to cpp_extension.cpython-37.pyc
byte-compiling /castles/nr/projects/d/duanj-ai-in-medical-imaging/.share/conda-env/ml/lib/python3.7/site-packages/torch/utils/__init__.py to __init__.cpython-37.pyc
byte-compiling /castles/nr/projects/d/duanj-ai-in-medical-imaging/.share/conda-env/ml/lib/python3.7/site-packages/torch/utils/checkpoint.py to checkpoint.cpython-37.pyc
byte-compiling /castles/nr/projects/d/duanj-ai-in-medical-imaging/.share/conda-env/ml/lib/python3.7/site-packages/torch/utils/bottleneck/__init__.py to __init__.cpython-37.pyc
byte-compiling /castles/nr/projects/d/duanj-ai-in-medical-imaging/.share/conda-env/ml/lib/python3.7/site-packages/torch/utils/bottleneck/__main__.py to __main__.cpython-37.pyc
byte-compiling /castles/nr/projects/d/duanj-ai-in-medical-imaging/.share/conda-env/ml/lib/python3.7/site-packages/torch/utils/hipify/cuda_to_hip_mappings.py to cuda_to_hip_mappings.cpython-37.pyc
byte-compiling /castles/nr/projects/d/duanj-ai-in-medical-imaging/.share/conda-env/ml/lib/python3.7/site-packages/torch/utils/hipify/hipify_python.py to hipify_python.cpython-37.pyc
byte-compiling /castles/nr/projects/d/duanj-ai-in-medical-imaging/.share/conda-env/ml/lib/python3.7/site-packages/torch/utils/hipify/__init__.py to __init__.cpython-37.pyc
byte-compiling /castles/nr/projects/d/duanj-ai-in-medical-imaging/.share/conda-env/ml/lib/python3.7/site-packages/torch/utils/hipify/constants.py to constants.cpython-37.pyc
byte-compiling /castles/nr/projects/d/duanj-ai-in-medical-imaging/.share/conda-env/ml/lib/python3.7/site-packages/torch/utils/_cpp_extension_versioner.py to _cpp_extension_versioner.cpython-37.pyc
byte-compiling /castles/nr/projects/d/duanj-ai-in-medical-imaging/.share/conda-env/ml/lib/python3.7/site-packages/torch/utils/collect_env.py to collect_env.cpython-37.pyc
byte-compiling /castles/nr/projects/d/duanj-ai-in-medical-imaging/.share/conda-env/ml/lib/python3.7/site-packages/torch/utils/tensorboard/_onnx_graph.py to _onnx_graph.cpython-37.pyc
byte-compiling /castles/nr/projects/d/duanj-ai-in-medical-imaging/.share/conda-env/ml/lib/python3.7/site-packages/torch/utils/tensorboard/_utils.py to _utils.cpython-37.pyc
byte-compiling /castles/nr/projects/d/duanj-ai-in-medical-imaging/.share/conda-env/ml/lib/python3.7/site-packages/torch/utils/tensorboard/_proto_graph.py to _proto_graph.cpython-37.pyc
byte-compiling /castles/nr/projects/d/duanj-ai-in-medical-imaging/.share/conda-env/ml/lib/python3.7/site-packages/torch/utils/tensorboard/__init__.py to __init__.cpython-37.pyc
byte-compiling /castles/nr/projects/d/duanj-ai-in-medical-imaging/.share/conda-env/ml/lib/python3.7/site-packages/torch/utils/tensorboard/_embedding.py to _embedding.cpython-37.pyc
byte-compiling /castles/nr/projects/d/duanj-ai-in-medical-imaging/.share/conda-env/ml/lib/python3.7/site-packages/torch/utils/tensorboard/_convert_np.py to _convert_np.cpython-37.pyc
byte-compiling /castles/nr/projects/d/duanj-ai-in-medical-imaging/.share/conda-env/ml/lib/python3.7/site-packages/torch/utils/tensorboard/_caffe2_graph.py to _caffe2_graph.cpython-37.pyc
byte-compiling /castles/nr/projects/d/duanj-ai-in-medical-imaging/.share/conda-env/ml/lib/python3.7/site-packages/torch/utils/tensorboard/summary.py to summary.cpython-37.pyc
byte-compiling /castles/nr/projects/d/duanj-ai-in-medical-imaging/.share/conda-env/ml/lib/python3.7/site-packages/torch/utils/tensorboard/_pytorch_graph.py to _pytorch_graph.cpython-37.pyc
byte-compiling /castles/nr/projects/d/duanj-ai-in-medical-imaging/.share/conda-env/ml/lib/python3.7/site-packages/torch/utils/tensorboard/writer.py to writer.cpython-37.pyc
byte-compiling /castles/nr/projects/d/duanj-ai-in-medical-imaging/.share/conda-env/ml/lib/python3.7/site-packages/torch/utils/show_pickle.py to show_pickle.cpython-37.pyc
byte-compiling /castles/nr/projects/d/duanj-ai-in-medical-imaging/.share/conda-env/ml/lib/python3.7/site-packages/torch/utils/data/dataloader.py to dataloader.cpython-37.pyc
byte-compiling /castles/nr/projects/d/duanj-ai-in-medical-imaging/.share/conda-env/ml/lib/python3.7/site-packages/torch/utils/data/__init__.py to __init__.cpython-37.pyc
byte-compiling /castles/nr/projects/d/duanj-ai-in-medical-imaging/.share/conda-env/ml/lib/python3.7/site-packages/torch/utils/data/sampler.py to sampler.cpython-37.pyc
byte-compiling /castles/nr/projects/d/duanj-ai-in-medical-imaging/.share/conda-env/ml/lib/python3.7/site-packages/torch/utils/data/distributed.py to distributed.cpython-37.pyc
byte-compiling /castles/nr/projects/d/duanj-ai-in-medical-imaging/.share/conda-env/ml/lib/python3.7/site-packages/torch/utils/data/_utils/signal_handling.py to signal_handling.cpython-37.pyc
byte-compiling /castles/nr/projects/d/duanj-ai-in-medical-imaging/.share/conda-env/ml/lib/python3.7/site-packages/torch/utils/data/_utils/worker.py to worker.cpython-37.pyc
byte-compiling /castles/nr/projects/d/duanj-ai-in-medical-imaging/.share/conda-env/ml/lib/python3.7/site-packages/torch/utils/data/_utils/__init__.py to __init__.cpython-37.pyc
byte-compiling /castles/nr/projects/d/duanj-ai-in-medical-imaging/.share/conda-env/ml/lib/python3.7/site-packages/torch/utils/data/_utils/pin_memory.py to pin_memory.cpython-37.pyc
byte-compiling /castles/nr/projects/d/duanj-ai-in-medical-imaging/.share/conda-env/ml/lib/python3.7/site-packages/torch/utils/data/_utils/fetch.py to fetch.cpython-37.pyc
byte-compiling /castles/nr/projects/d/duanj-ai-in-medical-imaging/.share/conda-env/ml/lib/python3.7/site-packages/torch/utils/data/_utils/collate.py to collate.cpython-37.pyc
byte-compiling /castles/nr/projects/d/duanj-ai-in-medical-imaging/.share/conda-env/ml/lib/python3.7/site-packages/torch/utils/data/dataset.py to dataset.cpython-37.pyc
byte-compiling /castles/nr/projects/d/duanj-ai-in-medical-imaging/.share/conda-env/ml/lib/python3.7/site-packages/torch/utils/mobile_optimizer.py to mobile_optimizer.cpython-37.pyc
byte-compiling /castles/nr/projects/d/duanj-ai-in-medical-imaging/.share/conda-env/ml/lib/python3.7/site-packages/torch/utils/ffi/__init__.py to __init__.cpython-37.pyc
byte-compiling /castles/nr/projects/d/duanj-ai-in-medical-imaging/.share/conda-env/ml/lib/python3.7/site-packages/torch/utils/throughput_benchmark.py to throughput_benchmark.cpython-37.pyc
byte-compiling /castles/nr/projects/d/duanj-ai-in-medical-imaging/.share/conda-env/ml/lib/python3.7/site-packages/torch/utils/dlpack.py to dlpack.cpython-37.pyc
byte-compiling /castles/nr/projects/d/duanj-ai-in-medical-imaging/.share/conda-env/ml/lib/python3.7/site-packages/torch/utils/hooks.py to hooks.cpython-37.pyc
byte-compiling /castles/nr/projects/d/duanj-ai-in-medical-imaging/.share/conda-env/ml/lib/python3.7/site-packages/torch/hub.py to hub.cpython-37.pyc
byte-compiling /castles/nr/projects/d/duanj-ai-in-medical-imaging/.share/conda-env/ml/lib/python3.7/site-packages/torch/jit/_recursive.py to _recursive.cpython-37.pyc
byte-compiling /castles/nr/projects/d/duanj-ai-in-medical-imaging/.share/conda-env/ml/lib/python3.7/site-packages/torch/jit/supported_ops.py to supported_ops.cpython-37.pyc
byte-compiling /castles/nr/projects/d/duanj-ai-in-medical-imaging/.share/conda-env/ml/lib/python3.7/site-packages/torch/jit/quantized.py to quantized.cpython-37.pyc
byte-compiling /castles/nr/projects/d/duanj-ai-in-medical-imaging/.share/conda-env/ml/lib/python3.7/site-packages/torch/jit/_logging.py to _logging.cpython-37.pyc
byte-compiling /castles/nr/projects/d/duanj-ai-in-medical-imaging/.share/conda-env/ml/lib/python3.7/site-packages/torch/jit/_state.py to _state.cpython-37.pyc
byte-compiling /castles/nr/projects/d/duanj-ai-in-medical-imaging/.share/conda-env/ml/lib/python3.7/site-packages/torch/jit/__init__.py to __init__.cpython-37.pyc
byte-compiling /castles/nr/projects/d/duanj-ai-in-medical-imaging/.share/conda-env/ml/lib/python3.7/site-packages/torch/jit/unsupported_tensor_ops.py to unsupported_tensor_ops.cpython-37.pyc
byte-compiling /castles/nr/projects/d/duanj-ai-in-medical-imaging/.share/conda-env/ml/lib/python3.7/site-packages/torch/jit/_trace.py to _trace.cpython-37.pyc
byte-compiling /castles/nr/projects/d/duanj-ai-in-medical-imaging/.share/conda-env/ml/lib/python3.7/site-packages/torch/jit/mobile/__init__.py to __init__.cpython-37.pyc
byte-compiling /castles/nr/projects/d/duanj-ai-in-medical-imaging/.share/conda-env/ml/lib/python3.7/site-packages/torch/jit/_script.py to _script.cpython-37.pyc
byte-compiling /castles/nr/projects/d/duanj-ai-in-medical-imaging/.share/conda-env/ml/lib/python3.7/site-packages/torch/jit/_async.py to _async.cpython-37.pyc
byte-compiling /castles/nr/projects/d/duanj-ai-in-medical-imaging/.share/conda-env/ml/lib/python3.7/site-packages/torch/jit/_pickle.py to _pickle.cpython-37.pyc
byte-compiling /castles/nr/projects/d/duanj-ai-in-medical-imaging/.share/conda-env/ml/lib/python3.7/site-packages/torch/jit/annotations.py to annotations.cpython-37.pyc
byte-compiling /castles/nr/projects/d/duanj-ai-in-medical-imaging/.share/conda-env/ml/lib/python3.7/site-packages/torch/jit/frontend.py to frontend.cpython-37.pyc
byte-compiling /castles/nr/projects/d/duanj-ai-in-medical-imaging/.share/conda-env/ml/lib/python3.7/site-packages/torch/jit/_freeze.py to _freeze.cpython-37.pyc
byte-compiling /castles/nr/projects/d/duanj-ai-in-medical-imaging/.share/conda-env/ml/lib/python3.7/site-packages/torch/jit/_fuser.py to _fuser.cpython-37.pyc
byte-compiling /castles/nr/projects/d/duanj-ai-in-medical-imaging/.share/conda-env/ml/lib/python3.7/site-packages/torch/jit/_serialization.py to _serialization.cpython-37.pyc
byte-compiling /castles/nr/projects/d/duanj-ai-in-medical-imaging/.share/conda-env/ml/lib/python3.7/site-packages/torch/jit/_builtins.py to _builtins.cpython-37.pyc
byte-compiling /castles/nr/projects/d/duanj-ai-in-medical-imaging/.share/conda-env/ml/lib/python3.7/site-packages/torch/_overrides.py to _overrides.cpython-37.pyc
byte-compiling /castles/nr/projects/d/duanj-ai-in-medical-imaging/.share/conda-env/ml/lib/python3.7/site-packages/torch/backends/cuda/__init__.py to __init__.cpython-37.pyc
byte-compiling /castles/nr/projects/d/duanj-ai-in-medical-imaging/.share/conda-env/ml/lib/python3.7/site-packages/torch/backends/mkldnn/__init__.py to __init__.cpython-37.pyc
byte-compiling /castles/nr/projects/d/duanj-ai-in-medical-imaging/.share/conda-env/ml/lib/python3.7/site-packages/torch/backends/cudnn/__init__.py to __init__.cpython-37.pyc
byte-compiling /castles/nr/projects/d/duanj-ai-in-medical-imaging/.share/conda-env/ml/lib/python3.7/site-packages/torch/backends/cudnn/rnn.py to rnn.cpython-37.pyc
byte-compiling /castles/nr/projects/d/duanj-ai-in-medical-imaging/.share/conda-env/ml/lib/python3.7/site-packages/torch/backends/openmp/__init__.py to __init__.cpython-37.pyc
byte-compiling /castles/nr/projects/d/duanj-ai-in-medical-imaging/.share/conda-env/ml/lib/python3.7/site-packages/torch/backends/quantized/__init__.py to __init__.cpython-37.pyc
byte-compiling /castles/nr/projects/d/duanj-ai-in-medical-imaging/.share/conda-env/ml/lib/python3.7/site-packages/torch/backends/xnnpack/__init__.py to __init__.cpython-37.pyc
byte-compiling /castles/nr/projects/d/duanj-ai-in-medical-imaging/.share/conda-env/ml/lib/python3.7/site-packages/torch/backends/__init__.py to __init__.cpython-37.pyc
byte-compiling /castles/nr/projects/d/duanj-ai-in-medical-imaging/.share/conda-env/ml/lib/python3.7/site-packages/torch/backends/mkl/__init__.py to __init__.cpython-37.pyc
byte-compiling /castles/nr/projects/d/duanj-ai-in-medical-imaging/.share/conda-env/ml/lib/python3.7/site-packages/torch/__config__.py to __config__.cpython-37.pyc
byte-compiling /castles/nr/projects/d/duanj-ai-in-medical-imaging/.share/conda-env/ml/lib/python3.7/site-packages/torch/_six.py to _six.cpython-37.pyc
byte-compiling /castles/nr/projects/d/duanj-ai-in-medical-imaging/.share/conda-env/ml/lib/python3.7/site-packages/torch/types.py to types.cpython-37.pyc
byte-compiling /castles/nr/projects/d/duanj-ai-in-medical-imaging/.share/conda-env/ml/lib/python3.7/site-packages/torch/testing/_internal/autocast_test_lists.py to autocast_test_lists.cpython-37.pyc
byte-compiling /castles/nr/projects/d/duanj-ai-in-medical-imaging/.share/conda-env/ml/lib/python3.7/site-packages/torch/testing/_internal/expecttest.py to expecttest.cpython-37.pyc
byte-compiling /castles/nr/projects/d/duanj-ai-in-medical-imaging/.share/conda-env/ml/lib/python3.7/site-packages/torch/testing/_internal/common_distributed.py to common_distributed.cpython-37.pyc
byte-compiling /castles/nr/projects/d/duanj-ai-in-medical-imaging/.share/conda-env/ml/lib/python3.7/site-packages/torch/testing/_internal/test_module/__init__.py to __init__.cpython-37.pyc
byte-compiling /castles/nr/projects/d/duanj-ai-in-medical-imaging/.share/conda-env/ml/lib/python3.7/site-packages/torch/testing/_internal/test_module/no_future_div.py to no_future_div.cpython-37.pyc
byte-compiling /castles/nr/projects/d/duanj-ai-in-medical-imaging/.share/conda-env/ml/lib/python3.7/site-packages/torch/testing/_internal/test_module/future_div.py to future_div.cpython-37.pyc
byte-compiling /castles/nr/projects/d/duanj-ai-in-medical-imaging/.share/conda-env/ml/lib/python3.7/site-packages/torch/testing/_internal/codegen/__init__.py to __init__.cpython-37.pyc
byte-compiling /castles/nr/projects/d/duanj-ai-in-medical-imaging/.share/conda-env/ml/lib/python3.7/site-packages/torch/testing/_internal/codegen/random_topo_test.py to random_topo_test.cpython-37.pyc
byte-compiling /castles/nr/projects/d/duanj-ai-in-medical-imaging/.share/conda-env/ml/lib/python3.7/site-packages/torch/testing/_internal/jit_metaprogramming_utils.py to jit_metaprogramming_utils.cpython-37.pyc
byte-compiling /castles/nr/projects/d/duanj-ai-in-medical-imaging/.share/conda-env/ml/lib/python3.7/site-packages/torch/testing/_internal/hypothesis_utils.py to hypothesis_utils.cpython-37.pyc
byte-compiling /castles/nr/projects/d/duanj-ai-in-medical-imaging/.share/conda-env/ml/lib/python3.7/site-packages/torch/testing/_internal/common_utils.py to common_utils.cpython-37.pyc
byte-compiling /castles/nr/projects/d/duanj-ai-in-medical-imaging/.share/conda-env/ml/lib/python3.7/site-packages/torch/testing/_internal/__init__.py to __init__.cpython-37.pyc
byte-compiling /castles/nr/projects/d/duanj-ai-in-medical-imaging/.share/conda-env/ml/lib/python3.7/site-packages/torch/testing/_internal/common_nn.py to common_nn.cpython-37.pyc
byte-compiling /castles/nr/projects/d/duanj-ai-in-medical-imaging/.share/conda-env/ml/lib/python3.7/site-packages/torch/testing/_internal/common_quantized.py to common_quantized.cpython-37.pyc
byte-compiling /castles/nr/projects/d/duanj-ai-in-medical-imaging/.share/conda-env/ml/lib/python3.7/site-packages/torch/testing/_internal/jit_utils.py to jit_utils.cpython-37.pyc
byte-compiling /castles/nr/projects/d/duanj-ai-in-medical-imaging/.share/conda-env/ml/lib/python3.7/site-packages/torch/testing/_internal/common_quantization.py to common_quantization.cpython-37.pyc
byte-compiling /castles/nr/projects/d/duanj-ai-in-medical-imaging/.share/conda-env/ml/lib/python3.7/site-packages/torch/testing/_internal/generated/__init__.py to __init__.cpython-37.pyc
byte-compiling /castles/nr/projects/d/duanj-ai-in-medical-imaging/.share/conda-env/ml/lib/python3.7/site-packages/torch/testing/_internal/generated/annotated_fn_args.py to annotated_fn_args.cpython-37.pyc
byte-compiling /castles/nr/projects/d/duanj-ai-in-medical-imaging/.share/conda-env/ml/lib/python3.7/site-packages/torch/testing/_internal/common_cuda.py to common_cuda.cpython-37.pyc
byte-compiling /castles/nr/projects/d/duanj-ai-in-medical-imaging/.share/conda-env/ml/lib/python3.7/site-packages/torch/testing/_internal/common_methods_invocations.py to common_methods_invocations.cpython-37.pyc
byte-compiling /castles/nr/projects/d/duanj-ai-in-medical-imaging/.share/conda-env/ml/lib/python3.7/site-packages/torch/testing/_internal/data/network2.py to network2.cpython-37.pyc
byte-compiling /castles/nr/projects/d/duanj-ai-in-medical-imaging/.share/conda-env/ml/lib/python3.7/site-packages/torch/testing/_internal/data/network1.py to network1.cpython-37.pyc
byte-compiling /castles/nr/projects/d/duanj-ai-in-medical-imaging/.share/conda-env/ml/lib/python3.7/site-packages/torch/testing/_internal/data/__init__.py to __init__.cpython-37.pyc
byte-compiling /castles/nr/projects/d/duanj-ai-in-medical-imaging/.share/conda-env/ml/lib/python3.7/site-packages/torch/testing/_internal/common_device_type.py to common_device_type.cpython-37.pyc
byte-compiling /castles/nr/projects/d/duanj-ai-in-medical-imaging/.share/conda-env/ml/lib/python3.7/site-packages/torch/testing/_internal/distributed/nn/__init__.py to __init__.cpython-37.pyc
byte-compiling /castles/nr/projects/d/duanj-ai-in-medical-imaging/.share/conda-env/ml/lib/python3.7/site-packages/torch/testing/_internal/distributed/nn/api/remote_module_test.py to remote_module_test.cpython-37.pyc
byte-compiling /castles/nr/projects/d/duanj-ai-in-medical-imaging/.share/conda-env/ml/lib/python3.7/site-packages/torch/testing/_internal/distributed/nn/api/__init__.py to __init__.cpython-37.pyc
byte-compiling /castles/nr/projects/d/duanj-ai-in-medical-imaging/.share/conda-env/ml/lib/python3.7/site-packages/torch/testing/_internal/distributed/__init__.py to __init__.cpython-37.pyc
byte-compiling /castles/nr/projects/d/duanj-ai-in-medical-imaging/.share/conda-env/ml/lib/python3.7/site-packages/torch/testing/_internal/distributed/rpc/dist_optimizer_test.py to dist_optimizer_test.cpython-37.pyc
byte-compiling /castles/nr/projects/d/duanj-ai-in-medical-imaging/.share/conda-env/ml/lib/python3.7/site-packages/torch/testing/_internal/distributed/rpc/rpc_test.py to rpc_test.cpython-37.pyc
byte-compiling /castles/nr/projects/d/duanj-ai-in-medical-imaging/.share/conda-env/ml/lib/python3.7/site-packages/torch/testing/_internal/distributed/rpc/rpc_agent_test_fixture.py to rpc_agent_test_fixture.cpython-37.pyc
byte-compiling /castles/nr/projects/d/duanj-ai-in-medical-imaging/.share/conda-env/ml/lib/python3.7/site-packages/torch/testing/_internal/distributed/rpc/tensorpipe_rpc_agent_test_fixture.py to tensorpipe_rpc_agent_test_fixture.cpython-37.pyc
byte-compiling /castles/nr/projects/d/duanj-ai-in-medical-imaging/.share/conda-env/ml/lib/python3.7/site-packages/torch/testing/_internal/distributed/rpc/__init__.py to __init__.cpython-37.pyc
byte-compiling /castles/nr/projects/d/duanj-ai-in-medical-imaging/.share/conda-env/ml/lib/python3.7/site-packages/torch/testing/_internal/distributed/rpc/jit/rpc_test.py to rpc_test.cpython-37.pyc
byte-compiling /castles/nr/projects/d/duanj-ai-in-medical-imaging/.share/conda-env/ml/lib/python3.7/site-packages/torch/testing/_internal/distributed/rpc/jit/__init__.py to __init__.cpython-37.pyc
byte-compiling /castles/nr/projects/d/duanj-ai-in-medical-imaging/.share/conda-env/ml/lib/python3.7/site-packages/torch/testing/_internal/distributed/rpc/jit/dist_autograd_test.py to dist_autograd_test.cpython-37.pyc
byte-compiling /castles/nr/projects/d/duanj-ai-in-medical-imaging/.share/conda-env/ml/lib/python3.7/site-packages/torch/testing/_internal/distributed/rpc/jit/rpc_test_faulty.py to rpc_test_faulty.cpython-37.pyc
byte-compiling /castles/nr/projects/d/duanj-ai-in-medical-imaging/.share/conda-env/ml/lib/python3.7/site-packages/torch/testing/_internal/distributed/rpc/dist_autograd_test.py to dist_autograd_test.cpython-37.pyc
byte-compiling /castles/nr/projects/d/duanj-ai-in-medical-imaging/.share/conda-env/ml/lib/python3.7/site-packages/torch/testing/_internal/distributed/rpc/faulty_rpc_agent_test_fixture.py to faulty_rpc_agent_test_fixture.cpython-37.pyc
byte-compiling /castles/nr/projects/d/duanj-ai-in-medical-imaging/.share/conda-env/ml/lib/python3.7/site-packages/torch/testing/_internal/distributed/ddp_under_dist_autograd_test.py to ddp_under_dist_autograd_test.cpython-37.pyc
byte-compiling /castles/nr/projects/d/duanj-ai-in-medical-imaging/.share/conda-env/ml/lib/python3.7/site-packages/torch/testing/_internal/dist_utils.py to dist_utils.cpython-37.pyc
byte-compiling /castles/nr/projects/d/duanj-ai-in-medical-imaging/.share/conda-env/ml/lib/python3.7/site-packages/torch/testing/__init__.py to __init__.cpython-37.pyc
byte-compiling /castles/nr/projects/d/duanj-ai-in-medical-imaging/.share/conda-env/ml/lib/python3.7/site-packages/torch/random.py to random.cpython-37.pyc
byte-compiling /castles/nr/projects/d/duanj-ai-in-medical-imaging/.share/conda-env/ml/lib/python3.7/site-packages/torch/_storage_docs.py to _storage_docs.cpython-37.pyc
byte-compiling /castles/nr/projects/d/duanj-ai-in-medical-imaging/.share/conda-env/ml/lib/python3.7/site-packages/torch/version.py to version.cpython-37.pyc
byte-compiling /castles/nr/projects/d/duanj-ai-in-medical-imaging/.share/conda-env/ml/lib/python3.7/site-packages/torch/_tensor_docs.py to _tensor_docs.cpython-37.pyc
byte-compiling /castles/nr/projects/d/duanj-ai-in-medical-imaging/.share/conda-env/ml/lib/python3.7/site-packages/torch/multiprocessing/__init__.py to __init__.cpython-37.pyc
byte-compiling /castles/nr/projects/d/duanj-ai-in-medical-imaging/.share/conda-env/ml/lib/python3.7/site-packages/torch/multiprocessing/_atfork.py to _atfork.cpython-37.pyc
byte-compiling /castles/nr/projects/d/duanj-ai-in-medical-imaging/.share/conda-env/ml/lib/python3.7/site-packages/torch/multiprocessing/spawn.py to spawn.cpython-37.pyc
byte-compiling /castles/nr/projects/d/duanj-ai-in-medical-imaging/.share/conda-env/ml/lib/python3.7/site-packages/torch/multiprocessing/reductions.py to reductions.cpython-37.pyc
byte-compiling /castles/nr/projects/d/duanj-ai-in-medical-imaging/.share/conda-env/ml/lib/python3.7/site-packages/torch/multiprocessing/pool.py to pool.cpython-37.pyc
byte-compiling /castles/nr/projects/d/duanj-ai-in-medical-imaging/.share/conda-env/ml/lib/python3.7/site-packages/torch/multiprocessing/queue.py to queue.cpython-37.pyc
byte-compiling /castles/nr/projects/d/duanj-ai-in-medical-imaging/.share/conda-env/ml/lib/python3.7/site-packages/torch/_tensor_str.py to _tensor_str.cpython-37.pyc
byte-compiling /castles/nr/projects/d/duanj-ai-in-medical-imaging/.share/conda-env/ml/lib/python3.7/site-packages/torch/distributions/kl.py to kl.cpython-37.pyc
byte-compiling /castles/nr/projects/d/duanj-ai-in-medical-imaging/.share/conda-env/ml/lib/python3.7/site-packages/torch/distributions/geometric.py to geometric.cpython-37.pyc
byte-compiling /castles/nr/projects/d/duanj-ai-in-medical-imaging/.share/conda-env/ml/lib/python3.7/site-packages/torch/distributions/poisson.py to poisson.cpython-37.pyc
byte-compiling /castles/nr/projects/d/duanj-ai-in-medical-imaging/.share/conda-env/ml/lib/python3.7/site-packages/torch/distributions/lowrank_multivariate_normal.py to lowrank_multivariate_normal.cpython-37.pyc
byte-compiling /castles/nr/projects/d/duanj-ai-in-medical-imaging/.share/conda-env/ml/lib/python3.7/site-packages/torch/distributions/fishersnedecor.py to fishersnedecor.cpython-37.pyc
byte-compiling /castles/nr/projects/d/duanj-ai-in-medical-imaging/.share/conda-env/ml/lib/python3.7/site-packages/torch/distributions/multinomial.py to multinomial.cpython-37.pyc
byte-compiling /castles/nr/projects/d/duanj-ai-in-medical-imaging/.share/conda-env/ml/lib/python3.7/site-packages/torch/distributions/transforms.py to transforms.cpython-37.pyc
byte-compiling /castles/nr/projects/d/duanj-ai-in-medical-imaging/.share/conda-env/ml/lib/python3.7/site-packages/torch/distributions/continuous_bernoulli.py to continuous_bernoulli.cpython-37.pyc
byte-compiling /castles/nr/projects/d/duanj-ai-in-medical-imaging/.share/conda-env/ml/lib/python3.7/site-packages/torch/distributions/normal.py to normal.cpython-37.pyc
byte-compiling /castles/nr/projects/d/duanj-ai-in-medical-imaging/.share/conda-env/ml/lib/python3.7/site-packages/torch/distributions/multivariate_normal.py to multivariate_normal.cpython-37.pyc
byte-compiling /castles/nr/projects/d/duanj-ai-in-medical-imaging/.share/conda-env/ml/lib/python3.7/site-packages/torch/distributions/negative_binomial.py to negative_binomial.cpython-37.pyc
byte-compiling /castles/nr/projects/d/duanj-ai-in-medical-imaging/.share/conda-env/ml/lib/python3.7/site-packages/torch/distributions/exp_family.py to exp_family.cpython-37.pyc
byte-compiling /castles/nr/projects/d/duanj-ai-in-medical-imaging/.share/conda-env/ml/lib/python3.7/site-packages/torch/distributions/binomial.py to binomial.cpython-37.pyc
byte-compiling /castles/nr/projects/d/duanj-ai-in-medical-imaging/.share/conda-env/ml/lib/python3.7/site-packages/torch/distributions/gumbel.py to gumbel.cpython-37.pyc
byte-compiling /castles/nr/projects/d/duanj-ai-in-medical-imaging/.share/conda-env/ml/lib/python3.7/site-packages/torch/distributions/__init__.py to __init__.cpython-37.pyc
byte-compiling /castles/nr/projects/d/duanj-ai-in-medical-imaging/.share/conda-env/ml/lib/python3.7/site-packages/torch/distributions/constraint_registry.py to constraint_registry.cpython-37.pyc
byte-compiling /castles/nr/projects/d/duanj-ai-in-medical-imaging/.share/conda-env/ml/lib/python3.7/site-packages/torch/distributions/transformed_distribution.py to transformed_distribution.cpython-37.pyc
byte-compiling /castles/nr/projects/d/duanj-ai-in-medical-imaging/.share/conda-env/ml/lib/python3.7/site-packages/torch/distributions/utils.py to utils.cpython-37.pyc
byte-compiling /castles/nr/projects/d/duanj-ai-in-medical-imaging/.share/conda-env/ml/lib/python3.7/site-packages/torch/distributions/bernoulli.py to bernoulli.cpython-37.pyc
byte-compiling /castles/nr/projects/d/duanj-ai-in-medical-imaging/.share/conda-env/ml/lib/python3.7/site-packages/torch/distributions/uniform.py to uniform.cpython-37.pyc
byte-compiling /castles/nr/projects/d/duanj-ai-in-medical-imaging/.share/conda-env/ml/lib/python3.7/site-packages/torch/distributions/relaxed_categorical.py to relaxed_categorical.cpython-37.pyc
byte-compiling /castles/nr/projects/d/duanj-ai-in-medical-imaging/.share/conda-env/ml/lib/python3.7/site-packages/torch/distributions/categorical.py to categorical.cpython-37.pyc
byte-compiling /castles/nr/projects/d/duanj-ai-in-medical-imaging/.share/conda-env/ml/lib/python3.7/site-packages/torch/distributions/exponential.py to exponential.cpython-37.pyc
byte-compiling /castles/nr/projects/d/duanj-ai-in-medical-imaging/.share/conda-env/ml/lib/python3.7/site-packages/torch/distributions/logistic_normal.py to logistic_normal.cpython-37.pyc
byte-compiling /castles/nr/projects/d/duanj-ai-in-medical-imaging/.share/conda-env/ml/lib/python3.7/site-packages/torch/distributions/chi2.py to chi2.cpython-37.pyc
byte-compiling /castles/nr/projects/d/duanj-ai-in-medical-imaging/.share/conda-env/ml/lib/python3.7/site-packages/torch/distributions/relaxed_bernoulli.py to relaxed_bernoulli.cpython-37.pyc
byte-compiling /castles/nr/projects/d/duanj-ai-in-medical-imaging/.share/conda-env/ml/lib/python3.7/site-packages/torch/distributions/independent.py to independent.cpython-37.pyc
byte-compiling /castles/nr/projects/d/duanj-ai-in-medical-imaging/.share/conda-env/ml/lib/python3.7/site-packages/torch/distributions/constraints.py to constraints.cpython-37.pyc
byte-compiling /castles/nr/projects/d/duanj-ai-in-medical-imaging/.share/conda-env/ml/lib/python3.7/site-packages/torch/distributions/weibull.py to weibull.cpython-37.pyc
byte-compiling /castles/nr/projects/d/duanj-ai-in-medical-imaging/.share/conda-env/ml/lib/python3.7/site-packages/torch/distributions/pareto.py to pareto.cpython-37.pyc
byte-compiling /castles/nr/projects/d/duanj-ai-in-medical-imaging/.share/conda-env/ml/lib/python3.7/site-packages/torch/distributions/mixture_same_family.py to mixture_same_family.cpython-37.pyc
byte-compiling /castles/nr/projects/d/duanj-ai-in-medical-imaging/.share/conda-env/ml/lib/python3.7/site-packages/torch/distributions/cauchy.py to cauchy.cpython-37.pyc
byte-compiling /castles/nr/projects/d/duanj-ai-in-medical-imaging/.share/conda-env/ml/lib/python3.7/site-packages/torch/distributions/von_mises.py to von_mises.cpython-37.pyc
byte-compiling /castles/nr/projects/d/duanj-ai-in-medical-imaging/.share/conda-env/ml/lib/python3.7/site-packages/torch/distributions/studentT.py to studentT.cpython-37.pyc
byte-compiling /castles/nr/projects/d/duanj-ai-in-medical-imaging/.share/conda-env/ml/lib/python3.7/site-packages/torch/distributions/half_cauchy.py to half_cauchy.cpython-37.pyc
byte-compiling /castles/nr/projects/d/duanj-ai-in-medical-imaging/.share/conda-env/ml/lib/python3.7/site-packages/torch/distributions/log_normal.py to log_normal.cpython-37.pyc
byte-compiling /castles/nr/projects/d/duanj-ai-in-medical-imaging/.share/conda-env/ml/lib/python3.7/site-packages/torch/distributions/distribution.py to distribution.cpython-37.pyc
byte-compiling /castles/nr/projects/d/duanj-ai-in-medical-imaging/.share/conda-env/ml/lib/python3.7/site-packages/torch/distributions/one_hot_categorical.py to one_hot_categorical.cpython-37.pyc
byte-compiling /castles/nr/projects/d/duanj-ai-in-medical-imaging/.share/conda-env/ml/lib/python3.7/site-packages/torch/distributions/gamma.py to gamma.cpython-37.pyc
byte-compiling /castles/nr/projects/d/duanj-ai-in-medical-imaging/.share/conda-env/ml/lib/python3.7/site-packages/torch/distributions/laplace.py to laplace.cpython-37.pyc
byte-compiling /castles/nr/projects/d/duanj-ai-in-medical-imaging/.share/conda-env/ml/lib/python3.7/site-packages/torch/distributions/half_normal.py to half_normal.cpython-37.pyc
byte-compiling /castles/nr/projects/d/duanj-ai-in-medical-imaging/.share/conda-env/ml/lib/python3.7/site-packages/torch/distributions/dirichlet.py to dirichlet.cpython-37.pyc
byte-compiling /castles/nr/projects/d/duanj-ai-in-medical-imaging/.share/conda-env/ml/lib/python3.7/site-packages/torch/distributions/beta.py to beta.cpython-37.pyc
byte-compiling /castles/nr/projects/d/duanj-ai-in-medical-imaging/.share/conda-env/ml/lib/python3.7/site-packages/torch/_lobpcg.py to _lobpcg.cpython-37.pyc
byte-compiling /castles/nr/projects/d/duanj-ai-in-medical-imaging/.share/conda-env/ml/lib/python3.7/site-packages/torch/_utils_internal.py to _utils_internal.cpython-37.pyc
byte-compiling /castles/nr/projects/d/duanj-ai-in-medical-imaging/.share/conda-env/ml/lib/python3.7/site-packages/torch/for_onnx/__init__.py to __init__.cpython-37.pyc
byte-compiling /castles/nr/projects/d/duanj-ai-in-medical-imaging/.share/conda-env/ml/lib/python3.7/site-packages/torch/sparse/__init__.py to __init__.cpython-37.pyc
byte-compiling /castles/nr/projects/d/duanj-ai-in-medical-imaging/.share/conda-env/ml/lib/python3.7/site-packages/torch/quasirandom.py to quasirandom.cpython-37.pyc
byte-compiling /castles/nr/projects/d/duanj-ai-in-medical-imaging/.share/conda-env/ml/lib/python3.7/site-packages/torch/storage.py to storage.cpython-37.pyc
byte-compiling /castles/nr/projects/d/duanj-ai-in-medical-imaging/.share/conda-env/ml/lib/python3.7/site-packages/torch/_lowrank.py to _lowrank.cpython-37.pyc
byte-compiling /castles/nr/projects/d/duanj-ai-in-medical-imaging/.share/conda-env/ml/lib/python3.7/site-packages/torch/functional.py to functional.cpython-37.pyc
byte-compiling /castles/nr/projects/d/duanj-ai-in-medical-imaging/.share/conda-env/ml/lib/python3.7/site-packages/torch/distributed/optim/__init__.py to __init__.cpython-37.pyc
byte-compiling /castles/nr/projects/d/duanj-ai-in-medical-imaging/.share/conda-env/ml/lib/python3.7/site-packages/torch/distributed/optim/optimizer.py to optimizer.cpython-37.pyc
byte-compiling /castles/nr/projects/d/duanj-ai-in-medical-imaging/.share/conda-env/ml/lib/python3.7/site-packages/torch/distributed/rendezvous.py to rendezvous.cpython-37.pyc
byte-compiling /castles/nr/projects/d/duanj-ai-in-medical-imaging/.share/conda-env/ml/lib/python3.7/site-packages/torch/distributed/autograd/__init__.py to __init__.cpython-37.pyc
byte-compiling /castles/nr/projects/d/duanj-ai-in-medical-imaging/.share/conda-env/ml/lib/python3.7/site-packages/torch/distributed/launch.py to launch.cpython-37.pyc
byte-compiling /castles/nr/projects/d/duanj-ai-in-medical-imaging/.share/conda-env/ml/lib/python3.7/site-packages/torch/distributed/nn/__init__.py to __init__.cpython-37.pyc
byte-compiling /castles/nr/projects/d/duanj-ai-in-medical-imaging/.share/conda-env/ml/lib/python3.7/site-packages/torch/distributed/nn/jit/instantiator.py to instantiator.cpython-37.pyc
byte-compiling /castles/nr/projects/d/duanj-ai-in-medical-imaging/.share/conda-env/ml/lib/python3.7/site-packages/torch/distributed/nn/jit/templates/__init__.py to __init__.cpython-37.pyc
byte-compiling /castles/nr/projects/d/duanj-ai-in-medical-imaging/.share/conda-env/ml/lib/python3.7/site-packages/torch/distributed/nn/jit/templates/remote_module_template.py to remote_module_template.cpython-37.pyc
byte-compiling /castles/nr/projects/d/duanj-ai-in-medical-imaging/.share/conda-env/ml/lib/python3.7/site-packages/torch/distributed/nn/jit/__init__.py to __init__.cpython-37.pyc
byte-compiling /castles/nr/projects/d/duanj-ai-in-medical-imaging/.share/conda-env/ml/lib/python3.7/site-packages/torch/distributed/nn/api/remote_module.py to remote_module.cpython-37.pyc
byte-compiling /castles/nr/projects/d/duanj-ai-in-medical-imaging/.share/conda-env/ml/lib/python3.7/site-packages/torch/distributed/nn/api/__init__.py to __init__.cpython-37.pyc
byte-compiling /castles/nr/projects/d/duanj-ai-in-medical-imaging/.share/conda-env/ml/lib/python3.7/site-packages/torch/distributed/__init__.py to __init__.cpython-37.pyc
byte-compiling /castles/nr/projects/d/duanj-ai-in-medical-imaging/.share/conda-env/ml/lib/python3.7/site-packages/torch/distributed/constants.py to constants.cpython-37.pyc
byte-compiling /castles/nr/projects/d/duanj-ai-in-medical-imaging/.share/conda-env/ml/lib/python3.7/site-packages/torch/distributed/distributed_c10d.py to distributed_c10d.cpython-37.pyc
byte-compiling /castles/nr/projects/d/duanj-ai-in-medical-imaging/.share/conda-env/ml/lib/python3.7/site-packages/torch/distributed/rpc/backend_registry.py to backend_registry.cpython-37.pyc
byte-compiling /castles/nr/projects/d/duanj-ai-in-medical-imaging/.share/conda-env/ml/lib/python3.7/site-packages/torch/distributed/rpc/internal.py to internal.cpython-37.pyc
byte-compiling /castles/nr/projects/d/duanj-ai-in-medical-imaging/.share/conda-env/ml/lib/python3.7/site-packages/torch/distributed/rpc/rref_proxy.py to rref_proxy.cpython-37.pyc
byte-compiling /castles/nr/projects/d/duanj-ai-in-medical-imaging/.share/conda-env/ml/lib/python3.7/site-packages/torch/distributed/rpc/__init__.py to __init__.cpython-37.pyc
byte-compiling /castles/nr/projects/d/duanj-ai-in-medical-imaging/.share/conda-env/ml/lib/python3.7/site-packages/torch/distributed/rpc/server_process_global_profiler.py to server_process_global_profiler.cpython-37.pyc
byte-compiling /castles/nr/projects/d/duanj-ai-in-medical-imaging/.share/conda-env/ml/lib/python3.7/site-packages/torch/distributed/rpc/constants.py to constants.cpython-37.pyc
byte-compiling /castles/nr/projects/d/duanj-ai-in-medical-imaging/.share/conda-env/ml/lib/python3.7/site-packages/torch/distributed/rpc/api.py to api.cpython-37.pyc
byte-compiling /castles/nr/projects/d/duanj-ai-in-medical-imaging/.share/conda-env/ml/lib/python3.7/site-packages/torch/distributed/rpc/functions.py to functions.cpython-37.pyc
byte-compiling /castles/nr/projects/d/duanj-ai-in-medical-imaging/.share/conda-env/ml/lib/python3.7/site-packages/torch/distributed/rpc/_testing/faulty_agent_backend_registry.py to faulty_agent_backend_registry.cpython-37.pyc
byte-compiling /castles/nr/projects/d/duanj-ai-in-medical-imaging/.share/conda-env/ml/lib/python3.7/site-packages/torch/distributed/rpc/_testing/__init__.py to __init__.cpython-37.pyc
byte-compiling /castles/nr/projects/d/duanj-ai-in-medical-imaging/.share/conda-env/ml/lib/python3.7/site-packages/caffe2/core/__init__.py to __init__.cpython-37.pyc
byte-compiling /castles/nr/projects/d/duanj-ai-in-medical-imaging/.share/conda-env/ml/lib/python3.7/site-packages/caffe2/core/nomnigraph/__init__.py to __init__.cpython-37.pyc
byte-compiling /castles/nr/projects/d/duanj-ai-in-medical-imaging/.share/conda-env/ml/lib/python3.7/site-packages/caffe2/core/nomnigraph/op_gen.py to op_gen.cpython-37.pyc
byte-compiling /castles/nr/projects/d/duanj-ai-in-medical-imaging/.share/conda-env/ml/lib/python3.7/site-packages/caffe2/proto/metanet_pb2.py to metanet_pb2.cpython-37.pyc
byte-compiling /castles/nr/projects/d/duanj-ai-in-medical-imaging/.share/conda-env/ml/lib/python3.7/site-packages/caffe2/proto/torch_pb2.py to torch_pb2.cpython-37.pyc
byte-compiling /castles/nr/projects/d/duanj-ai-in-medical-imaging/.share/conda-env/ml/lib/python3.7/site-packages/caffe2/proto/predictor_consts_pb2.py to predictor_consts_pb2.cpython-37.pyc
byte-compiling /castles/nr/projects/d/duanj-ai-in-medical-imaging/.share/conda-env/ml/lib/python3.7/site-packages/caffe2/proto/caffe2_pb2.py to caffe2_pb2.cpython-37.pyc
byte-compiling /castles/nr/projects/d/duanj-ai-in-medical-imaging/.share/conda-env/ml/lib/python3.7/site-packages/caffe2/proto/__init__.py to __init__.cpython-37.pyc
byte-compiling /castles/nr/projects/d/duanj-ai-in-medical-imaging/.share/conda-env/ml/lib/python3.7/site-packages/caffe2/proto/caffe2_legacy_pb2.py to caffe2_legacy_pb2.cpython-37.pyc
byte-compiling /castles/nr/projects/d/duanj-ai-in-medical-imaging/.share/conda-env/ml/lib/python3.7/site-packages/caffe2/proto/hsm_pb2.py to hsm_pb2.cpython-37.pyc
byte-compiling /castles/nr/projects/d/duanj-ai-in-medical-imaging/.share/conda-env/ml/lib/python3.7/site-packages/caffe2/proto/prof_dag_pb2.py to prof_dag_pb2.cpython-37.pyc
byte-compiling /castles/nr/projects/d/duanj-ai-in-medical-imaging/.share/conda-env/ml/lib/python3.7/site-packages/caffe2/contrib/script/__init__.py to __init__.cpython-37.pyc
byte-compiling /castles/nr/projects/d/duanj-ai-in-medical-imaging/.share/conda-env/ml/lib/python3.7/site-packages/caffe2/contrib/script/examples/__init__.py to __init__.cpython-37.pyc
byte-compiling /castles/nr/projects/d/duanj-ai-in-medical-imaging/.share/conda-env/ml/lib/python3.7/site-packages/caffe2/contrib/prof/cuda_profile_ops_test.py to cuda_profile_ops_test.cpython-37.pyc
byte-compiling /castles/nr/projects/d/duanj-ai-in-medical-imaging/.share/conda-env/ml/lib/python3.7/site-packages/caffe2/contrib/prof/__init__.py to __init__.cpython-37.pyc
byte-compiling /castles/nr/projects/d/duanj-ai-in-medical-imaging/.share/conda-env/ml/lib/python3.7/site-packages/caffe2/contrib/aten/docs/__init__.py to __init__.cpython-37.pyc
byte-compiling /castles/nr/projects/d/duanj-ai-in-medical-imaging/.share/conda-env/ml/lib/python3.7/site-packages/caffe2/contrib/aten/docs/sample.py to sample.cpython-37.pyc
byte-compiling /castles/nr/projects/d/duanj-ai-in-medical-imaging/.share/conda-env/ml/lib/python3.7/site-packages/caffe2/contrib/aten/aten_test.py to aten_test.cpython-37.pyc
byte-compiling /castles/nr/projects/d/duanj-ai-in-medical-imaging/.share/conda-env/ml/lib/python3.7/site-packages/caffe2/contrib/aten/__init__.py to __init__.cpython-37.pyc
byte-compiling /castles/nr/projects/d/duanj-ai-in-medical-imaging/.share/conda-env/ml/lib/python3.7/site-packages/caffe2/contrib/aten/gen_op.py to gen_op.cpython-37.pyc
byte-compiling /castles/nr/projects/d/duanj-ai-in-medical-imaging/.share/conda-env/ml/lib/python3.7/site-packages/caffe2/contrib/playground/AnyExp.py to AnyExp.cpython-37.pyc
byte-compiling /castles/nr/projects/d/duanj-ai-in-medical-imaging/.share/conda-env/ml/lib/python3.7/site-packages/caffe2/contrib/playground/ModuleRegister.py to ModuleRegister.cpython-37.pyc
byte-compiling /castles/nr/projects/d/duanj-ai-in-medical-imaging/.share/conda-env/ml/lib/python3.7/site-packages/caffe2/contrib/playground/resnetdemo/caffe2_resnet50_default_forward.py to caffe2_resnet50_default_forward.cpython-37.pyc
byte-compiling /castles/nr/projects/d/duanj-ai-in-medical-imaging/.share/conda-env/ml/lib/python3.7/site-packages/caffe2/contrib/playground/resnetdemo/IN1k_resnet_no_test_model.py to IN1k_resnet_no_test_model.cpython-37.pyc
byte-compiling /castles/nr/projects/d/duanj-ai-in-medical-imaging/.share/conda-env/ml/lib/python3.7/site-packages/caffe2/contrib/playground/resnetdemo/explicit_resnet_forward.py to explicit_resnet_forward.cpython-37.pyc
byte-compiling /castles/nr/projects/d/duanj-ai-in-medical-imaging/.share/conda-env/ml/lib/python3.7/site-packages/caffe2/contrib/playground/resnetdemo/explicit_resnet_param_update.py to explicit_resnet_param_update.cpython-37.pyc
byte-compiling /castles/nr/projects/d/duanj-ai-in-medical-imaging/.share/conda-env/ml/lib/python3.7/site-packages/caffe2/contrib/playground/resnetdemo/override_no_test_model_no_checkpoint.py to override_no_test_model_no_checkpoint.cpython-37.pyc
byte-compiling /castles/nr/projects/d/duanj-ai-in-medical-imaging/.share/conda-env/ml/lib/python3.7/site-packages/caffe2/contrib/playground/resnetdemo/__init__.py to __init__.cpython-37.pyc
byte-compiling /castles/nr/projects/d/duanj-ai-in-medical-imaging/.share/conda-env/ml/lib/python3.7/site-packages/caffe2/contrib/playground/resnetdemo/gfs_IN1k.py to gfs_IN1k.cpython-37.pyc
byte-compiling /castles/nr/projects/d/duanj-ai-in-medical-imaging/.share/conda-env/ml/lib/python3.7/site-packages/caffe2/contrib/playground/resnetdemo/IN1k_resnet.py to IN1k_resnet.cpython-37.pyc
byte-compiling /castles/nr/projects/d/duanj-ai-in-medical-imaging/.share/conda-env/ml/lib/python3.7/site-packages/caffe2/contrib/playground/resnetdemo/rendezvous_filestore.py to rendezvous_filestore.cpython-37.pyc
byte-compiling /castles/nr/projects/d/duanj-ai-in-medical-imaging/.share/conda-env/ml/lib/python3.7/site-packages/caffe2/contrib/playground/resnetdemo/caffe2_resnet50_default_param_update.py to caffe2_resnet50_default_param_update.cpython-37.pyc
byte-compiling /castles/nr/projects/d/duanj-ai-in-medical-imaging/.share/conda-env/ml/lib/python3.7/site-packages/caffe2/contrib/playground/meter.py to meter.cpython-37.pyc
byte-compiling /castles/nr/projects/d/duanj-ai-in-medical-imaging/.share/conda-env/ml/lib/python3.7/site-packages/caffe2/contrib/playground/compute_topk_accuracy.py to compute_topk_accuracy.cpython-37.pyc
byte-compiling /castles/nr/projects/d/duanj-ai-in-medical-imaging/.share/conda-env/ml/lib/python3.7/site-packages/caffe2/contrib/playground/__init__.py to __init__.cpython-37.pyc
byte-compiling /castles/nr/projects/d/duanj-ai-in-medical-imaging/.share/conda-env/ml/lib/python3.7/site-packages/caffe2/contrib/playground/checkpoint.py to checkpoint.cpython-37.pyc
byte-compiling /castles/nr/projects/d/duanj-ai-in-medical-imaging/.share/conda-env/ml/lib/python3.7/site-packages/caffe2/contrib/playground/output_generator.py to output_generator.cpython-37.pyc
byte-compiling /castles/nr/projects/d/duanj-ai-in-medical-imaging/.share/conda-env/ml/lib/python3.7/site-packages/caffe2/contrib/playground/AnyExpOnTerm.py to AnyExpOnTerm.cpython-37.pyc
byte-compiling /castles/nr/projects/d/duanj-ai-in-medical-imaging/.share/conda-env/ml/lib/python3.7/site-packages/caffe2/contrib/playground/module_map.py to module_map.cpython-37.pyc
byte-compiling /castles/nr/projects/d/duanj-ai-in-medical-imaging/.share/conda-env/ml/lib/python3.7/site-packages/caffe2/contrib/playground/compute_loss.py to compute_loss.cpython-37.pyc
byte-compiling /castles/nr/projects/d/duanj-ai-in-medical-imaging/.share/conda-env/ml/lib/python3.7/site-packages/caffe2/contrib/__init__.py to __init__.cpython-37.pyc
byte-compiling /castles/nr/projects/d/duanj-ai-in-medical-imaging/.share/conda-env/ml/lib/python3.7/site-packages/caffe2/contrib/tensorboard/__init__.py to __init__.cpython-37.pyc
byte-compiling /castles/nr/projects/d/duanj-ai-in-medical-imaging/.share/conda-env/ml/lib/python3.7/site-packages/caffe2/contrib/tensorboard/tensorboard_exporter.py to tensorboard_exporter.cpython-37.pyc
byte-compiling /castles/nr/projects/d/duanj-ai-in-medical-imaging/.share/conda-env/ml/lib/python3.7/site-packages/caffe2/contrib/tensorboard/tensorboard_exporter_test.py to tensorboard_exporter_test.cpython-37.pyc
byte-compiling /castles/nr/projects/d/duanj-ai-in-medical-imaging/.share/conda-env/ml/lib/python3.7/site-packages/caffe2/contrib/tensorboard/tensorboard.py to tensorboard.cpython-37.pyc
byte-compiling /castles/nr/projects/d/duanj-ai-in-medical-imaging/.share/conda-env/ml/lib/python3.7/site-packages/caffe2/contrib/tensorboard/tensorboard_test.py to tensorboard_test.cpython-37.pyc
byte-compiling /castles/nr/projects/d/duanj-ai-in-medical-imaging/.share/conda-env/ml/lib/python3.7/site-packages/caffe2/contrib/warpctc/ctc_ops_test.py to ctc_ops_test.cpython-37.pyc
byte-compiling /castles/nr/projects/d/duanj-ai-in-medical-imaging/.share/conda-env/ml/lib/python3.7/site-packages/caffe2/contrib/warpctc/__init__.py to __init__.cpython-37.pyc
byte-compiling /castles/nr/projects/d/duanj-ai-in-medical-imaging/.share/conda-env/ml/lib/python3.7/site-packages/caffe2/contrib/gloo/__init__.py to __init__.cpython-37.pyc
byte-compiling /castles/nr/projects/d/duanj-ai-in-medical-imaging/.share/conda-env/ml/lib/python3.7/site-packages/caffe2/contrib/gloo/gloo_test.py to gloo_test.cpython-37.pyc
byte-compiling /castles/nr/projects/d/duanj-ai-in-medical-imaging/.share/conda-env/ml/lib/python3.7/site-packages/caffe2/contrib/nnpack/__init__.py to __init__.cpython-37.pyc
byte-compiling /castles/nr/projects/d/duanj-ai-in-medical-imaging/.share/conda-env/ml/lib/python3.7/site-packages/caffe2/contrib/nnpack/nnpack_ops_test.py to nnpack_ops_test.cpython-37.pyc
byte-compiling /castles/nr/projects/d/duanj-ai-in-medical-imaging/.share/conda-env/ml/lib/python3.7/site-packages/caffe2/contrib/nccl/__init__.py to __init__.cpython-37.pyc
byte-compiling /castles/nr/projects/d/duanj-ai-in-medical-imaging/.share/conda-env/ml/lib/python3.7/site-packages/caffe2/contrib/nccl/nccl_ops_test.py to nccl_ops_test.cpython-37.pyc
byte-compiling /castles/nr/projects/d/duanj-ai-in-medical-imaging/.share/conda-env/ml/lib/python3.7/site-packages/caffe2/python/dyndep.py to dyndep.cpython-37.pyc
byte-compiling /castles/nr/projects/d/duanj-ai-in-medical-imaging/.share/conda-env/ml/lib/python3.7/site-packages/caffe2/python/workspace.py to workspace.cpython-37.pyc
byte-compiling /castles/nr/projects/d/duanj-ai-in-medical-imaging/.share/conda-env/ml/lib/python3.7/site-packages/caffe2/python/regularizer.py to regularizer.cpython-37.pyc
byte-compiling /castles/nr/projects/d/duanj-ai-in-medical-imaging/.share/conda-env/ml/lib/python3.7/site-packages/caffe2/python/cached_reader.py to cached_reader.cpython-37.pyc
byte-compiling /castles/nr/projects/d/duanj-ai-in-medical-imaging/.share/conda-env/ml/lib/python3.7/site-packages/caffe2/python/control_test.py to control_test.cpython-37.pyc
byte-compiling /castles/nr/projects/d/duanj-ai-in-medical-imaging/.share/conda-env/ml/lib/python3.7/site-packages/caffe2/python/data_parallel_model_test.py to data_parallel_model_test.cpython-37.pyc
byte-compiling /castles/nr/projects/d/duanj-ai-in-medical-imaging/.share/conda-env/ml/lib/python3.7/site-packages/caffe2/python/ideep/spatial_bn_op_test.py to spatial_bn_op_test.cpython-37.pyc
byte-compiling /castles/nr/projects/d/duanj-ai-in-medical-imaging/.share/conda-env/ml/lib/python3.7/site-packages/caffe2/python/ideep/sigmoid_op_test.py to sigmoid_op_test.cpython-37.pyc
byte-compiling /castles/nr/projects/d/duanj-ai-in-medical-imaging/.share/conda-env/ml/lib/python3.7/site-packages/caffe2/python/ideep/relu_op_test.py to relu_op_test.cpython-37.pyc
byte-compiling /castles/nr/projects/d/duanj-ai-in-medical-imaging/.share/conda-env/ml/lib/python3.7/site-packages/caffe2/python/ideep/order_switch_op_test.py to order_switch_op_test.cpython-37.pyc
byte-compiling /castles/nr/projects/d/duanj-ai-in-medical-imaging/.share/conda-env/ml/lib/python3.7/site-packages/caffe2/python/ideep/shape_op_test.py to shape_op_test.cpython-37.pyc
byte-compiling /castles/nr/projects/d/duanj-ai-in-medical-imaging/.share/conda-env/ml/lib/python3.7/site-packages/caffe2/python/ideep/expanddims_squeeze_op_test.py to expanddims_squeeze_op_test.cpython-37.pyc
byte-compiling /castles/nr/projects/d/duanj-ai-in-medical-imaging/.share/conda-env/ml/lib/python3.7/site-packages/caffe2/python/ideep/test_ideep_net.py to test_ideep_net.cpython-37.pyc
byte-compiling /castles/nr/projects/d/duanj-ai-in-medical-imaging/.share/conda-env/ml/lib/python3.7/site-packages/caffe2/python/ideep/copy_op_test.py to copy_op_test.cpython-37.pyc
byte-compiling /castles/nr/projects/d/duanj-ai-in-medical-imaging/.share/conda-env/ml/lib/python3.7/site-packages/caffe2/python/ideep/blobs_queue_db_test.py to blobs_queue_db_test.cpython-37.pyc
byte-compiling /castles/nr/projects/d/duanj-ai-in-medical-imaging/.share/conda-env/ml/lib/python3.7/site-packages/caffe2/python/ideep/concat_split_op_test.py to concat_split_op_test.cpython-37.pyc
byte-compiling /castles/nr/projects/d/duanj-ai-in-medical-imaging/.share/conda-env/ml/lib/python3.7/site-packages/caffe2/python/ideep/__init__.py to __init__.cpython-37.pyc
byte-compiling /castles/nr/projects/d/duanj-ai-in-medical-imaging/.share/conda-env/ml/lib/python3.7/site-packages/caffe2/python/ideep/moment_sgd_op_test.py to moment_sgd_op_test.cpython-37.pyc
byte-compiling /castles/nr/projects/d/duanj-ai-in-medical-imaging/.share/conda-env/ml/lib/python3.7/site-packages/caffe2/python/ideep/fc_op_test.py to fc_op_test.cpython-37.pyc
byte-compiling /castles/nr/projects/d/duanj-ai-in-medical-imaging/.share/conda-env/ml/lib/python3.7/site-packages/caffe2/python/ideep/channel_shuffle_op_test.py to channel_shuffle_op_test.cpython-37.pyc
byte-compiling /castles/nr/projects/d/duanj-ai-in-medical-imaging/.share/conda-env/ml/lib/python3.7/site-packages/caffe2/python/ideep/leaky_relu_op_test.py to leaky_relu_op_test.cpython-37.pyc
byte-compiling /castles/nr/projects/d/duanj-ai-in-medical-imaging/.share/conda-env/ml/lib/python3.7/site-packages/caffe2/python/ideep/LRN_op_test.py to LRN_op_test.cpython-37.pyc
byte-compiling /castles/nr/projects/d/duanj-ai-in-medical-imaging/.share/conda-env/ml/lib/python3.7/site-packages/caffe2/python/ideep/softmax_op_test.py to softmax_op_test.cpython-37.pyc
byte-compiling /castles/nr/projects/d/duanj-ai-in-medical-imaging/.share/conda-env/ml/lib/python3.7/site-packages/caffe2/python/ideep/transpose_op_test.py to transpose_op_test.cpython-37.pyc
byte-compiling /castles/nr/projects/d/duanj-ai-in-medical-imaging/.share/conda-env/ml/lib/python3.7/site-packages/caffe2/python/ideep/conv_transpose_test.py to conv_transpose_test.cpython-37.pyc
byte-compiling /castles/nr/projects/d/duanj-ai-in-medical-imaging/.share/conda-env/ml/lib/python3.7/site-packages/caffe2/python/ideep/pre_convert_test.py to pre_convert_test.cpython-37.pyc
byte-compiling /castles/nr/projects/d/duanj-ai-in-medical-imaging/.share/conda-env/ml/lib/python3.7/site-packages/caffe2/python/ideep/pool_op_test.py to pool_op_test.cpython-37.pyc
byte-compiling /castles/nr/projects/d/duanj-ai-in-medical-imaging/.share/conda-env/ml/lib/python3.7/site-packages/caffe2/python/ideep/convfusion_op_test.py to convfusion_op_test.cpython-37.pyc
byte-compiling /castles/nr/projects/d/duanj-ai-in-medical-imaging/.share/conda-env/ml/lib/python3.7/site-packages/caffe2/python/ideep/operator_fallback_op_test.py to operator_fallback_op_test.cpython-37.pyc
byte-compiling /castles/nr/projects/d/duanj-ai-in-medical-imaging/.share/conda-env/ml/lib/python3.7/site-packages/caffe2/python/ideep/weightedsum_op_test.py to weightedsum_op_test.cpython-37.pyc
byte-compiling /castles/nr/projects/d/duanj-ai-in-medical-imaging/.share/conda-env/ml/lib/python3.7/site-packages/caffe2/python/ideep/adam_op_test.py to adam_op_test.cpython-37.pyc
byte-compiling /castles/nr/projects/d/duanj-ai-in-medical-imaging/.share/conda-env/ml/lib/python3.7/site-packages/caffe2/python/ideep/transform_ideep_net.py to transform_ideep_net.cpython-37.pyc
byte-compiling /castles/nr/projects/d/duanj-ai-in-medical-imaging/.share/conda-env/ml/lib/python3.7/site-packages/caffe2/python/ideep/reshape_op_test.py to reshape_op_test.cpython-37.pyc
byte-compiling /castles/nr/projects/d/duanj-ai-in-medical-imaging/.share/conda-env/ml/lib/python3.7/site-packages/caffe2/python/ideep/conv_op_test.py to conv_op_test.cpython-37.pyc
byte-compiling /castles/nr/projects/d/duanj-ai-in-medical-imaging/.share/conda-env/ml/lib/python3.7/site-packages/caffe2/python/ideep/dropout_op_test.py to dropout_op_test.cpython-37.pyc
byte-compiling /castles/nr/projects/d/duanj-ai-in-medical-imaging/.share/conda-env/ml/lib/python3.7/site-packages/caffe2/python/ideep/elementwise_sum_op_test.py to elementwise_sum_op_test.cpython-37.pyc
byte-compiling /castles/nr/projects/d/duanj-ai-in-medical-imaging/.share/conda-env/ml/lib/python3.7/site-packages/caffe2/python/record_queue.py to record_queue.cpython-37.pyc
byte-compiling /castles/nr/projects/d/duanj-ai-in-medical-imaging/.share/conda-env/ml/lib/python3.7/site-packages/caffe2/python/session_test.py to session_test.cpython-37.pyc
byte-compiling /castles/nr/projects/d/duanj-ai-in-medical-imaging/.share/conda-env/ml/lib/python3.7/site-packages/caffe2/python/optimizer_test.py to optimizer_test.cpython-37.pyc
byte-compiling /castles/nr/projects/d/duanj-ai-in-medical-imaging/.share/conda-env/ml/lib/python3.7/site-packages/caffe2/python/filler_test.py to filler_test.cpython-37.pyc
byte-compiling /castles/nr/projects/d/duanj-ai-in-medical-imaging/.share/conda-env/ml/lib/python3.7/site-packages/caffe2/python/pipeline.py to pipeline.cpython-37.pyc
byte-compiling /castles/nr/projects/d/duanj-ai-in-medical-imaging/.share/conda-env/ml/lib/python3.7/site-packages/caffe2/python/docs/github.py to github.cpython-37.pyc
byte-compiling /castles/nr/projects/d/duanj-ai-in-medical-imaging/.share/conda-env/ml/lib/python3.7/site-packages/caffe2/python/docs/generator.py to generator.cpython-37.pyc
byte-compiling /castles/nr/projects/d/duanj-ai-in-medical-imaging/.share/conda-env/ml/lib/python3.7/site-packages/caffe2/python/docs/parser.py to parser.cpython-37.pyc
byte-compiling /castles/nr/projects/d/duanj-ai-in-medical-imaging/.share/conda-env/ml/lib/python3.7/site-packages/caffe2/python/docs/formatter.py to formatter.cpython-37.pyc
byte-compiling /castles/nr/projects/d/duanj-ai-in-medical-imaging/.share/conda-env/ml/lib/python3.7/site-packages/caffe2/python/docs/__init__.py to __init__.cpython-37.pyc
byte-compiling /castles/nr/projects/d/duanj-ai-in-medical-imaging/.share/conda-env/ml/lib/python3.7/site-packages/caffe2/python/caffe_translator_test.py to caffe_translator_test.cpython-37.pyc
byte-compiling /castles/nr/projects/d/duanj-ai-in-medical-imaging/.share/conda-env/ml/lib/python3.7/site-packages/caffe2/python/db_file_reader.py to db_file_reader.cpython-37.pyc
byte-compiling /castles/nr/projects/d/duanj-ai-in-medical-imaging/.share/conda-env/ml/lib/python3.7/site-packages/caffe2/python/functional_test.py to functional_test.cpython-37.pyc
byte-compiling /castles/nr/projects/d/duanj-ai-in-medical-imaging/.share/conda-env/ml/lib/python3.7/site-packages/caffe2/python/device_checker.py to device_checker.cpython-37.pyc
byte-compiling /castles/nr/projects/d/duanj-ai-in-medical-imaging/.share/conda-env/ml/lib/python3.7/site-packages/caffe2/python/experiment_util.py to experiment_util.cpython-37.pyc
byte-compiling /castles/nr/projects/d/duanj-ai-in-medical-imaging/.share/conda-env/ml/lib/python3.7/site-packages/caffe2/python/checkpoint_test.py to checkpoint_test.cpython-37.pyc
byte-compiling /castles/nr/projects/d/duanj-ai-in-medical-imaging/.share/conda-env/ml/lib/python3.7/site-packages/caffe2/python/caffe_translator.py to caffe_translator.cpython-37.pyc
byte-compiling /castles/nr/projects/d/duanj-ai-in-medical-imaging/.share/conda-env/ml/lib/python3.7/site-packages/caffe2/python/control_ops_grad.py to control_ops_grad.cpython-37.pyc
byte-compiling /castles/nr/projects/d/duanj-ai-in-medical-imaging/.share/conda-env/ml/lib/python3.7/site-packages/caffe2/python/task.py to task.cpython-37.pyc
byte-compiling /castles/nr/projects/d/duanj-ai-in-medical-imaging/.share/conda-env/ml/lib/python3.7/site-packages/caffe2/python/nomnigraph.py to nomnigraph.cpython-37.pyc
byte-compiling /castles/nr/projects/d/duanj-ai-in-medical-imaging/.share/conda-env/ml/lib/python3.7/site-packages/caffe2/python/lazy.py to lazy.cpython-37.pyc
byte-compiling /castles/nr/projects/d/duanj-ai-in-medical-imaging/.share/conda-env/ml/lib/python3.7/site-packages/caffe2/python/visualize.py to visualize.cpython-37.pyc
byte-compiling /castles/nr/projects/d/duanj-ai-in-medical-imaging/.share/conda-env/ml/lib/python3.7/site-packages/caffe2/python/parallel_workers_test.py to parallel_workers_test.cpython-37.pyc
byte-compiling /castles/nr/projects/d/duanj-ai-in-medical-imaging/.share/conda-env/ml/lib/python3.7/site-packages/caffe2/python/layer_parameter_sharing_test.py to layer_parameter_sharing_test.cpython-37.pyc
byte-compiling /castles/nr/projects/d/duanj-ai-in-medical-imaging/.share/conda-env/ml/lib/python3.7/site-packages/caffe2/python/serialized_test/serialized_test_util.py to serialized_test_util.cpython-37.pyc
byte-compiling /castles/nr/projects/d/duanj-ai-in-medical-imaging/.share/conda-env/ml/lib/python3.7/site-packages/caffe2/python/serialized_test/coverage.py to coverage.cpython-37.pyc
byte-compiling /castles/nr/projects/d/duanj-ai-in-medical-imaging/.share/conda-env/ml/lib/python3.7/site-packages/caffe2/python/serialized_test/__init__.py to __init__.cpython-37.pyc
byte-compiling /castles/nr/projects/d/duanj-ai-in-medical-imaging/.share/conda-env/ml/lib/python3.7/site-packages/caffe2/python/convnet_benchmarks_test.py to convnet_benchmarks_test.cpython-37.pyc
byte-compiling /castles/nr/projects/d/duanj-ai-in-medical-imaging/.share/conda-env/ml/lib/python3.7/site-packages/caffe2/python/data_workers_test.py to data_workers_test.cpython-37.pyc
byte-compiling /castles/nr/projects/d/duanj-ai-in-medical-imaging/.share/conda-env/ml/lib/python3.7/site-packages/caffe2/python/benchmark_generator.py to benchmark_generator.cpython-37.pyc
byte-compiling /castles/nr/projects/d/duanj-ai-in-medical-imaging/.share/conda-env/ml/lib/python3.7/site-packages/caffe2/python/memonger.py to memonger.cpython-37.pyc
byte-compiling /castles/nr/projects/d/duanj-ai-in-medical-imaging/.share/conda-env/ml/lib/python3.7/site-packages/caffe2/python/predictor/predictor_py_utils.py to predictor_py_utils.cpython-37.pyc
byte-compiling /castles/nr/projects/d/duanj-ai-in-medical-imaging/.share/conda-env/ml/lib/python3.7/site-packages/caffe2/python/predictor/predictor_exporter_test.py to predictor_exporter_test.cpython-37.pyc
byte-compiling /castles/nr/projects/d/duanj-ai-in-medical-imaging/.share/conda-env/ml/lib/python3.7/site-packages/caffe2/python/predictor/serde.py to serde.cpython-37.pyc
byte-compiling /castles/nr/projects/d/duanj-ai-in-medical-imaging/.share/conda-env/ml/lib/python3.7/site-packages/caffe2/python/predictor/predictor_exporter.py to predictor_exporter.cpython-37.pyc
byte-compiling /castles/nr/projects/d/duanj-ai-in-medical-imaging/.share/conda-env/ml/lib/python3.7/site-packages/caffe2/python/predictor/mobile_exporter.py to mobile_exporter.cpython-37.pyc
byte-compiling /castles/nr/projects/d/duanj-ai-in-medical-imaging/.share/conda-env/ml/lib/python3.7/site-packages/caffe2/python/predictor/__init__.py to __init__.cpython-37.pyc
byte-compiling /castles/nr/projects/d/duanj-ai-in-medical-imaging/.share/conda-env/ml/lib/python3.7/site-packages/caffe2/python/predictor/mobile_exporter_test.py to mobile_exporter_test.cpython-37.pyc
byte-compiling /castles/nr/projects/d/duanj-ai-in-medical-imaging/.share/conda-env/ml/lib/python3.7/site-packages/caffe2/python/predictor/predictor_test.py to predictor_test.cpython-37.pyc
byte-compiling /castles/nr/projects/d/duanj-ai-in-medical-imaging/.share/conda-env/ml/lib/python3.7/site-packages/caffe2/python/trt/__init__.py to __init__.cpython-37.pyc
byte-compiling /castles/nr/projects/d/duanj-ai-in-medical-imaging/.share/conda-env/ml/lib/python3.7/site-packages/caffe2/python/trt/test_pt_onnx_trt.py to test_pt_onnx_trt.cpython-37.pyc
byte-compiling /castles/nr/projects/d/duanj-ai-in-medical-imaging/.share/conda-env/ml/lib/python3.7/site-packages/caffe2/python/trt/test_trt.py to test_trt.cpython-37.pyc
byte-compiling /castles/nr/projects/d/duanj-ai-in-medical-imaging/.share/conda-env/ml/lib/python3.7/site-packages/caffe2/python/trt/transform.py to transform.cpython-37.pyc
byte-compiling /castles/nr/projects/d/duanj-ai-in-medical-imaging/.share/conda-env/ml/lib/python3.7/site-packages/caffe2/python/scope_test.py to scope_test.cpython-37.pyc
byte-compiling /castles/nr/projects/d/duanj-ai-in-medical-imaging/.share/conda-env/ml/lib/python3.7/site-packages/caffe2/python/build.py to build.cpython-37.pyc
byte-compiling /castles/nr/projects/d/duanj-ai-in-medical-imaging/.share/conda-env/ml/lib/python3.7/site-packages/caffe2/python/sparse_to_dense_test.py to sparse_to_dense_test.cpython-37.pyc
byte-compiling /castles/nr/projects/d/duanj-ai-in-medical-imaging/.share/conda-env/ml/lib/python3.7/site-packages/caffe2/python/brew.py to brew.cpython-37.pyc
byte-compiling /castles/nr/projects/d/duanj-ai-in-medical-imaging/.share/conda-env/ml/lib/python3.7/site-packages/caffe2/python/operator_test/fc_operator_test.py to fc_operator_test.cpython-37.pyc
byte-compiling /castles/nr/projects/d/duanj-ai-in-medical-imaging/.share/conda-env/ml/lib/python3.7/site-packages/caffe2/python/operator_test/spatial_bn_op_test.py to spatial_bn_op_test.cpython-37.pyc
byte-compiling /castles/nr/projects/d/duanj-ai-in-medical-imaging/.share/conda-env/ml/lib/python3.7/site-packages/caffe2/python/operator_test/moments_op_test.py to moments_op_test.cpython-37.pyc
byte-compiling /castles/nr/projects/d/duanj-ai-in-medical-imaging/.share/conda-env/ml/lib/python3.7/site-packages/caffe2/python/operator_test/sparse_gradient_checker_test.py to sparse_gradient_checker_test.cpython-37.pyc
byte-compiling /castles/nr/projects/d/duanj-ai-in-medical-imaging/.share/conda-env/ml/lib/python3.7/site-packages/caffe2/python/operator_test/cross_entropy_ops_test.py to cross_entropy_ops_test.cpython-37.pyc
byte-compiling /castles/nr/projects/d/duanj-ai-in-medical-imaging/.share/conda-env/ml/lib/python3.7/site-packages/caffe2/python/operator_test/sequence_ops_test.py to sequence_ops_test.cpython-37.pyc
byte-compiling /castles/nr/projects/d/duanj-ai-in-medical-imaging/.share/conda-env/ml/lib/python3.7/site-packages/caffe2/python/operator_test/normalize_op_test.py to normalize_op_test.cpython-37.pyc
byte-compiling /castles/nr/projects/d/duanj-ai-in-medical-imaging/.share/conda-env/ml/lib/python3.7/site-packages/caffe2/python/operator_test/upsample_op_test.py to upsample_op_test.cpython-37.pyc
byte-compiling /castles/nr/projects/d/duanj-ai-in-medical-imaging/.share/conda-env/ml/lib/python3.7/site-packages/caffe2/python/operator_test/record_queue_test.py to record_queue_test.cpython-37.pyc
byte-compiling /castles/nr/projects/d/duanj-ai-in-medical-imaging/.share/conda-env/ml/lib/python3.7/site-packages/caffe2/python/operator_test/arg_ops_test.py to arg_ops_test.cpython-37.pyc
byte-compiling /castles/nr/projects/d/duanj-ai-in-medical-imaging/.share/conda-env/ml/lib/python3.7/site-packages/caffe2/python/operator_test/assert_test.py to assert_test.cpython-37.pyc
byte-compiling /castles/nr/projects/d/duanj-ai-in-medical-imaging/.share/conda-env/ml/lib/python3.7/site-packages/caffe2/python/operator_test/index_hash_ops_test.py to index_hash_ops_test.cpython-37.pyc
byte-compiling /castles/nr/projects/d/duanj-ai-in-medical-imaging/.share/conda-env/ml/lib/python3.7/site-packages/caffe2/python/operator_test/map_ops_test.py to map_ops_test.cpython-37.pyc
byte-compiling /castles/nr/projects/d/duanj-ai-in-medical-imaging/.share/conda-env/ml/lib/python3.7/site-packages/caffe2/python/operator_test/lpnorm_op_test.py to lpnorm_op_test.cpython-37.pyc
byte-compiling /castles/nr/projects/d/duanj-ai-in-medical-imaging/.share/conda-env/ml/lib/python3.7/site-packages/caffe2/python/operator_test/fused_nbit_rowwise_test_helper.py to fused_nbit_rowwise_test_helper.cpython-37.pyc
byte-compiling /castles/nr/projects/d/duanj-ai-in-medical-imaging/.share/conda-env/ml/lib/python3.7/site-packages/caffe2/python/operator_test/bisect_percentile_op_test.py to bisect_percentile_op_test.cpython-37.pyc
byte-compiling /castles/nr/projects/d/duanj-ai-in-medical-imaging/.share/conda-env/ml/lib/python3.7/site-packages/caffe2/python/operator_test/leaky_relu_test.py to leaky_relu_test.cpython-37.pyc
byte-compiling /castles/nr/projects/d/duanj-ai-in-medical-imaging/.share/conda-env/ml/lib/python3.7/site-packages/caffe2/python/operator_test/scale_op_test.py to scale_op_test.cpython-37.pyc
byte-compiling /castles/nr/projects/d/duanj-ai-in-medical-imaging/.share/conda-env/ml/lib/python3.7/site-packages/caffe2/python/operator_test/rmac_regions_op_test.py to rmac_regions_op_test.cpython-37.pyc
byte-compiling /castles/nr/projects/d/duanj-ai-in-medical-imaging/.share/conda-env/ml/lib/python3.7/site-packages/caffe2/python/operator_test/given_tensor_fill_op_test.py to given_tensor_fill_op_test.cpython-37.pyc
byte-compiling /castles/nr/projects/d/duanj-ai-in-medical-imaging/.share/conda-env/ml/lib/python3.7/site-packages/caffe2/python/operator_test/lengths_pad_op_test.py to lengths_pad_op_test.cpython-37.pyc
byte-compiling /castles/nr/projects/d/duanj-ai-in-medical-imaging/.share/conda-env/ml/lib/python3.7/site-packages/caffe2/python/operator_test/selu_op_test.py to selu_op_test.cpython-37.pyc
byte-compiling /castles/nr/projects/d/duanj-ai-in-medical-imaging/.share/conda-env/ml/lib/python3.7/site-packages/caffe2/python/operator_test/mkl_conv_op_test.py to mkl_conv_op_test.cpython-37.pyc
byte-compiling /castles/nr/projects/d/duanj-ai-in-medical-imaging/.share/conda-env/ml/lib/python3.7/site-packages/caffe2/python/operator_test/elementwise_logical_ops_test.py to elementwise_logical_ops_test.cpython-37.pyc
byte-compiling /castles/nr/projects/d/duanj-ai-in-medical-imaging/.share/conda-env/ml/lib/python3.7/site-packages/caffe2/python/operator_test/instance_norm_test.py to instance_norm_test.cpython-37.pyc
byte-compiling /castles/nr/projects/d/duanj-ai-in-medical-imaging/.share/conda-env/ml/lib/python3.7/site-packages/caffe2/python/operator_test/batch_moments_op_test.py to batch_moments_op_test.cpython-37.pyc
byte-compiling /castles/nr/projects/d/duanj-ai-in-medical-imaging/.share/conda-env/ml/lib/python3.7/site-packages/caffe2/python/operator_test/pack_rnn_sequence_op_test.py to pack_rnn_sequence_op_test.cpython-37.pyc
byte-compiling /castles/nr/projects/d/duanj-ai-in-medical-imaging/.share/conda-env/ml/lib/python3.7/site-packages/caffe2/python/operator_test/given_tensor_byte_string_to_uint8_fill_op_test.py to given_tensor_byte_string_to_uint8_fill_op_test.cpython-37.pyc
byte-compiling /castles/nr/projects/d/duanj-ai-in-medical-imaging/.share/conda-env/ml/lib/python3.7/site-packages/caffe2/python/operator_test/checkpoint_test.py to checkpoint_test.cpython-37.pyc
byte-compiling /castles/nr/projects/d/duanj-ai-in-medical-imaging/.share/conda-env/ml/lib/python3.7/site-packages/caffe2/python/operator_test/thresholded_relu_op_test.py to thresholded_relu_op_test.cpython-37.pyc
byte-compiling /castles/nr/projects/d/duanj-ai-in-medical-imaging/.share/conda-env/ml/lib/python3.7/site-packages/caffe2/python/operator_test/jsd_ops_test.py to jsd_ops_test.cpython-37.pyc
byte-compiling /castles/nr/projects/d/duanj-ai-in-medical-imaging/.share/conda-env/ml/lib/python3.7/site-packages/caffe2/python/operator_test/atomic_ops_test.py to atomic_ops_test.cpython-37.pyc
byte-compiling /castles/nr/projects/d/duanj-ai-in-medical-imaging/.share/conda-env/ml/lib/python3.7/site-packages/caffe2/python/operator_test/fused_nbit_rowwise_conversion_ops_test.py to fused_nbit_rowwise_conversion_ops_test.cpython-37.pyc
byte-compiling /castles/nr/projects/d/duanj-ai-in-medical-imaging/.share/conda-env/ml/lib/python3.7/site-packages/caffe2/python/operator_test/pooling_test.py to pooling_test.cpython-37.pyc
byte-compiling /castles/nr/projects/d/duanj-ai-in-medical-imaging/.share/conda-env/ml/lib/python3.7/site-packages/caffe2/python/operator_test/gather_ops_test.py to gather_ops_test.cpython-37.pyc
byte-compiling /castles/nr/projects/d/duanj-ai-in-medical-imaging/.share/conda-env/ml/lib/python3.7/site-packages/caffe2/python/operator_test/weight_scale_test.py to weight_scale_test.cpython-37.pyc
byte-compiling /castles/nr/projects/d/duanj-ai-in-medical-imaging/.share/conda-env/ml/lib/python3.7/site-packages/caffe2/python/operator_test/listwise_l2r_operator_test.py to listwise_l2r_operator_test.cpython-37.pyc
byte-compiling /castles/nr/projects/d/duanj-ai-in-medical-imaging/.share/conda-env/ml/lib/python3.7/site-packages/caffe2/python/operator_test/elementwise_op_broadcast_test.py to elementwise_op_broadcast_test.cpython-37.pyc
byte-compiling /castles/nr/projects/d/duanj-ai-in-medical-imaging/.share/conda-env/ml/lib/python3.7/site-packages/caffe2/python/operator_test/softplus_op_test.py to softplus_op_test.cpython-37.pyc
byte-compiling /castles/nr/projects/d/duanj-ai-in-medical-imaging/.share/conda-env/ml/lib/python3.7/site-packages/caffe2/python/operator_test/layer_norm_op_test.py to layer_norm_op_test.cpython-37.pyc
byte-compiling /castles/nr/projects/d/duanj-ai-in-medical-imaging/.share/conda-env/ml/lib/python3.7/site-packages/caffe2/python/operator_test/copy_ops_test.py to copy_ops_test.cpython-37.pyc
byte-compiling /castles/nr/projects/d/duanj-ai-in-medical-imaging/.share/conda-env/ml/lib/python3.7/site-packages/caffe2/python/operator_test/weighted_multi_sample_test.py to weighted_multi_sample_test.cpython-37.pyc
byte-compiling /castles/nr/projects/d/duanj-ai-in-medical-imaging/.share/conda-env/ml/lib/python3.7/site-packages/caffe2/python/operator_test/mul_gradient_benchmark.py to mul_gradient_benchmark.cpython-37.pyc
byte-compiling /castles/nr/projects/d/duanj-ai-in-medical-imaging/.share/conda-env/ml/lib/python3.7/site-packages/caffe2/python/operator_test/merge_id_lists_op_test.py to merge_id_lists_op_test.cpython-37.pyc
byte-compiling /castles/nr/projects/d/duanj-ai-in-medical-imaging/.share/conda-env/ml/lib/python3.7/site-packages/caffe2/python/operator_test/image_input_op_test.py to image_input_op_test.cpython-37.pyc
byte-compiling /castles/nr/projects/d/duanj-ai-in-medical-imaging/.share/conda-env/ml/lib/python3.7/site-packages/caffe2/python/operator_test/partition_ops_test.py to partition_ops_test.cpython-37.pyc
byte-compiling /castles/nr/projects/d/duanj-ai-in-medical-imaging/.share/conda-env/ml/lib/python3.7/site-packages/caffe2/python/operator_test/rank_loss_operator_test.py to rank_loss_operator_test.cpython-37.pyc
byte-compiling /castles/nr/projects/d/duanj-ai-in-medical-imaging/.share/conda-env/ml/lib/python3.7/site-packages/caffe2/python/operator_test/filler_ops_test.py to filler_ops_test.cpython-37.pyc
byte-compiling /castles/nr/projects/d/duanj-ai-in-medical-imaging/.share/conda-env/ml/lib/python3.7/site-packages/caffe2/python/operator_test/elementwise_ops_test.py to elementwise_ops_test.cpython-37.pyc
byte-compiling /castles/nr/projects/d/duanj-ai-in-medical-imaging/.share/conda-env/ml/lib/python3.7/site-packages/caffe2/python/operator_test/resize_op_test.py to resize_op_test.cpython-37.pyc
byte-compiling /castles/nr/projects/d/duanj-ai-in-medical-imaging/.share/conda-env/ml/lib/python3.7/site-packages/caffe2/python/operator_test/stats_put_ops_test.py to stats_put_ops_test.cpython-37.pyc
byte-compiling /castles/nr/projects/d/duanj-ai-in-medical-imaging/.share/conda-env/ml/lib/python3.7/site-packages/caffe2/python/operator_test/tile_op_test.py to tile_op_test.cpython-37.pyc
byte-compiling /castles/nr/projects/d/duanj-ai-in-medical-imaging/.share/conda-env/ml/lib/python3.7/site-packages/caffe2/python/operator_test/sinusoid_position_encoding_op_test.py to sinusoid_position_encoding_op_test.cpython-37.pyc
byte-compiling /castles/nr/projects/d/duanj-ai-in-medical-imaging/.share/conda-env/ml/lib/python3.7/site-packages/caffe2/python/operator_test/enforce_finite_op_test.py to enforce_finite_op_test.cpython-37.pyc
byte-compiling /castles/nr/projects/d/duanj-ai-in-medical-imaging/.share/conda-env/ml/lib/python3.7/site-packages/caffe2/python/operator_test/lengths_tile_op_test.py to lengths_tile_op_test.cpython-37.pyc
byte-compiling /castles/nr/projects/d/duanj-ai-in-medical-imaging/.share/conda-env/ml/lib/python3.7/site-packages/caffe2/python/operator_test/ctc_beam_search_decoder_op_test.py to ctc_beam_search_decoder_op_test.cpython-37.pyc
byte-compiling /castles/nr/projects/d/duanj-ai-in-medical-imaging/.share/conda-env/ml/lib/python3.7/site-packages/caffe2/python/operator_test/onnx_while_test.py to onnx_while_test.cpython-37.pyc
byte-compiling /castles/nr/projects/d/duanj-ai-in-medical-imaging/.share/conda-env/ml/lib/python3.7/site-packages/caffe2/python/operator_test/load_save_test.py to load_save_test.cpython-37.pyc
byte-compiling /castles/nr/projects/d/duanj-ai-in-medical-imaging/.share/conda-env/ml/lib/python3.7/site-packages/caffe2/python/operator_test/locally_connected_op_test.py to locally_connected_op_test.cpython-37.pyc
byte-compiling /castles/nr/projects/d/duanj-ai-in-medical-imaging/.share/conda-env/ml/lib/python3.7/site-packages/caffe2/python/operator_test/quantile_test.py to quantile_test.cpython-37.pyc
byte-compiling /castles/nr/projects/d/duanj-ai-in-medical-imaging/.share/conda-env/ml/lib/python3.7/site-packages/caffe2/python/operator_test/group_conv_test.py to group_conv_test.cpython-37.pyc
byte-compiling /castles/nr/projects/d/duanj-ai-in-medical-imaging/.share/conda-env/ml/lib/python3.7/site-packages/caffe2/python/operator_test/flatten_op_test.py to flatten_op_test.cpython-37.pyc
byte-compiling /castles/nr/projects/d/duanj-ai-in-medical-imaging/.share/conda-env/ml/lib/python3.7/site-packages/caffe2/python/operator_test/blobs_queue_db_test.py to blobs_queue_db_test.cpython-37.pyc
byte-compiling /castles/nr/projects/d/duanj-ai-in-medical-imaging/.share/conda-env/ml/lib/python3.7/site-packages/caffe2/python/operator_test/top_k_test.py to top_k_test.cpython-37.pyc
byte-compiling /castles/nr/projects/d/duanj-ai-in-medical-imaging/.share/conda-env/ml/lib/python3.7/site-packages/caffe2/python/operator_test/batch_bucketize_op_test.py to batch_bucketize_op_test.cpython-37.pyc
byte-compiling /castles/nr/projects/d/duanj-ai-in-medical-imaging/.share/conda-env/ml/lib/python3.7/site-packages/caffe2/python/operator_test/roi_align_rotated_op_test.py to roi_align_rotated_op_test.cpython-37.pyc
byte-compiling /castles/nr/projects/d/duanj-ai-in-medical-imaging/.share/conda-env/ml/lib/python3.7/site-packages/caffe2/python/operator_test/concat_split_op_test.py to concat_split_op_test.cpython-37.pyc
byte-compiling /castles/nr/projects/d/duanj-ai-in-medical-imaging/.share/conda-env/ml/lib/python3.7/site-packages/caffe2/python/operator_test/recurrent_net_executor_test.py to recurrent_net_executor_test.cpython-37.pyc
byte-compiling /castles/nr/projects/d/duanj-ai-in-medical-imaging/.share/conda-env/ml/lib/python3.7/site-packages/caffe2/python/operator_test/sparse_ops_test.py to sparse_ops_test.cpython-37.pyc
byte-compiling /castles/nr/projects/d/duanj-ai-in-medical-imaging/.share/conda-env/ml/lib/python3.7/site-packages/caffe2/python/operator_test/rnn_cell_test.py to rnn_cell_test.cpython-37.pyc
byte-compiling /castles/nr/projects/d/duanj-ai-in-medical-imaging/.share/conda-env/ml/lib/python3.7/site-packages/caffe2/python/operator_test/affine_channel_op_test.py to affine_channel_op_test.cpython-37.pyc
byte-compiling /castles/nr/projects/d/duanj-ai-in-medical-imaging/.share/conda-env/ml/lib/python3.7/site-packages/caffe2/python/operator_test/unique_ops_test.py to unique_ops_test.cpython-37.pyc
byte-compiling /castles/nr/projects/d/duanj-ai-in-medical-imaging/.share/conda-env/ml/lib/python3.7/site-packages/caffe2/python/operator_test/find_op_test.py to find_op_test.cpython-37.pyc
byte-compiling /castles/nr/projects/d/duanj-ai-in-medical-imaging/.share/conda-env/ml/lib/python3.7/site-packages/caffe2/python/operator_test/channel_stats_op_test.py to channel_stats_op_test.cpython-37.pyc
byte-compiling /castles/nr/projects/d/duanj-ai-in-medical-imaging/.share/conda-env/ml/lib/python3.7/site-packages/caffe2/python/operator_test/__init__.py to __init__.cpython-37.pyc
byte-compiling /castles/nr/projects/d/duanj-ai-in-medical-imaging/.share/conda-env/ml/lib/python3.7/site-packages/caffe2/python/operator_test/clip_op_test.py to clip_op_test.cpython-37.pyc
byte-compiling /castles/nr/projects/d/duanj-ai-in-medical-imaging/.share/conda-env/ml/lib/python3.7/site-packages/caffe2/python/operator_test/box_with_nms_limit_op_test.py to box_with_nms_limit_op_test.cpython-37.pyc
byte-compiling /castles/nr/projects/d/duanj-ai-in-medical-imaging/.share/conda-env/ml/lib/python3.7/site-packages/caffe2/python/operator_test/margin_ranking_criterion_op_test.py to margin_ranking_criterion_op_test.cpython-37.pyc
byte-compiling /castles/nr/projects/d/duanj-ai-in-medical-imaging/.share/conda-env/ml/lib/python3.7/site-packages/caffe2/python/operator_test/mkl_packed_fc_op_test.py to mkl_packed_fc_op_test.cpython-37.pyc
byte-compiling /castles/nr/projects/d/duanj-ai-in-medical-imaging/.share/conda-env/ml/lib/python3.7/site-packages/caffe2/python/operator_test/sparse_normalize_test.py to sparse_normalize_test.cpython-37.pyc
byte-compiling /castles/nr/projects/d/duanj-ai-in-medical-imaging/.share/conda-env/ml/lib/python3.7/site-packages/caffe2/python/operator_test/conftest.py to conftest.cpython-37.pyc
byte-compiling /castles/nr/projects/d/duanj-ai-in-medical-imaging/.share/conda-env/ml/lib/python3.7/site-packages/caffe2/python/operator_test/adadelta_test.py to adadelta_test.cpython-37.pyc
byte-compiling /castles/nr/projects/d/duanj-ai-in-medical-imaging/.share/conda-env/ml/lib/python3.7/site-packages/caffe2/python/operator_test/floor_op_test.py to floor_op_test.cpython-37.pyc
byte-compiling /castles/nr/projects/d/duanj-ai-in-medical-imaging/.share/conda-env/ml/lib/python3.7/site-packages/caffe2/python/operator_test/sparse_lp_regularizer_test.py to sparse_lp_regularizer_test.cpython-37.pyc
byte-compiling /castles/nr/projects/d/duanj-ai-in-medical-imaging/.share/conda-env/ml/lib/python3.7/site-packages/caffe2/python/operator_test/alias_with_name_test.py to alias_with_name_test.cpython-37.pyc
byte-compiling /castles/nr/projects/d/duanj-ai-in-medical-imaging/.share/conda-env/ml/lib/python3.7/site-packages/caffe2/python/operator_test/torch_integration_test.py to torch_integration_test.cpython-37.pyc
byte-compiling /castles/nr/projects/d/duanj-ai-in-medical-imaging/.share/conda-env/ml/lib/python3.7/site-packages/caffe2/python/operator_test/reduce_ops_test.py to reduce_ops_test.cpython-37.pyc
byte-compiling /castles/nr/projects/d/duanj-ai-in-medical-imaging/.share/conda-env/ml/lib/python3.7/site-packages/caffe2/python/operator_test/group_norm_op_test.py to group_norm_op_test.cpython-37.pyc
byte-compiling /castles/nr/projects/d/duanj-ai-in-medical-imaging/.share/conda-env/ml/lib/python3.7/site-packages/caffe2/python/operator_test/heatmap_max_keypoint_op_test.py to heatmap_max_keypoint_op_test.cpython-37.pyc
byte-compiling /castles/nr/projects/d/duanj-ai-in-medical-imaging/.share/conda-env/ml/lib/python3.7/site-packages/caffe2/python/operator_test/utility_ops_test.py to utility_ops_test.cpython-37.pyc
byte-compiling /castles/nr/projects/d/duanj-ai-in-medical-imaging/.share/conda-env/ml/lib/python3.7/site-packages/caffe2/python/operator_test/clip_tensor_op_test.py to clip_tensor_op_test.cpython-37.pyc
byte-compiling /castles/nr/projects/d/duanj-ai-in-medical-imaging/.share/conda-env/ml/lib/python3.7/site-packages/caffe2/python/operator_test/deform_conv_test.py to deform_conv_test.cpython-37.pyc
byte-compiling /castles/nr/projects/d/duanj-ai-in-medical-imaging/.share/conda-env/ml/lib/python3.7/site-packages/caffe2/python/operator_test/data_couple_op_test.py to data_couple_op_test.cpython-37.pyc
byte-compiling /castles/nr/projects/d/duanj-ai-in-medical-imaging/.share/conda-env/ml/lib/python3.7/site-packages/caffe2/python/operator_test/percentile_op_test.py to percentile_op_test.cpython-37.pyc
byte-compiling /castles/nr/projects/d/duanj-ai-in-medical-imaging/.share/conda-env/ml/lib/python3.7/site-packages/caffe2/python/operator_test/negate_gradient_op_test.py to negate_gradient_op_test.cpython-37.pyc
byte-compiling /castles/nr/projects/d/duanj-ai-in-medical-imaging/.share/conda-env/ml/lib/python3.7/site-packages/caffe2/python/operator_test/cast_op_test.py to cast_op_test.cpython-37.pyc
byte-compiling /castles/nr/projects/d/duanj-ai-in-medical-imaging/.share/conda-env/ml/lib/python3.7/site-packages/caffe2/python/operator_test/trigonometric_op_test.py to trigonometric_op_test.cpython-37.pyc
byte-compiling /castles/nr/projects/d/duanj-ai-in-medical-imaging/.share/conda-env/ml/lib/python3.7/site-packages/caffe2/python/operator_test/length_split_op_test.py to length_split_op_test.cpython-37.pyc
byte-compiling /castles/nr/projects/d/duanj-ai-in-medical-imaging/.share/conda-env/ml/lib/python3.7/site-packages/caffe2/python/operator_test/matmul_op_test.py to matmul_op_test.cpython-37.pyc
byte-compiling /castles/nr/projects/d/duanj-ai-in-medical-imaging/.share/conda-env/ml/lib/python3.7/site-packages/caffe2/python/operator_test/im2col_col2im_test.py to im2col_col2im_test.cpython-37.pyc
byte-compiling /castles/nr/projects/d/duanj-ai-in-medical-imaging/.share/conda-env/ml/lib/python3.7/site-packages/caffe2/python/operator_test/text_file_reader_test.py to text_file_reader_test.cpython-37.pyc
byte-compiling /castles/nr/projects/d/duanj-ai-in-medical-imaging/.share/conda-env/ml/lib/python3.7/site-packages/caffe2/python/operator_test/transpose_op_test.py to transpose_op_test.cpython-37.pyc
byte-compiling /castles/nr/projects/d/duanj-ai-in-medical-imaging/.share/conda-env/ml/lib/python3.7/site-packages/caffe2/python/operator_test/one_hot_ops_test.py to one_hot_ops_test.cpython-37.pyc
byte-compiling /castles/nr/projects/d/duanj-ai-in-medical-imaging/.share/conda-env/ml/lib/python3.7/site-packages/caffe2/python/operator_test/gru_test.py to gru_test.cpython-37.pyc
byte-compiling /castles/nr/projects/d/duanj-ai-in-medical-imaging/.share/conda-env/ml/lib/python3.7/site-packages/caffe2/python/operator_test/glu_op_test.py to glu_op_test.cpython-37.pyc
byte-compiling /castles/nr/projects/d/duanj-ai-in-medical-imaging/.share/conda-env/ml/lib/python3.7/site-packages/caffe2/python/operator_test/conv_transpose_test.py to conv_transpose_test.cpython-37.pyc
byte-compiling /castles/nr/projects/d/duanj-ai-in-medical-imaging/.share/conda-env/ml/lib/python3.7/site-packages/caffe2/python/operator_test/ctc_greedy_decoder_op_test.py to ctc_greedy_decoder_op_test.cpython-37.pyc
byte-compiling /castles/nr/projects/d/duanj-ai-in-medical-imaging/.share/conda-env/ml/lib/python3.7/site-packages/caffe2/python/operator_test/softmax_ops_test.py to softmax_ops_test.cpython-37.pyc
byte-compiling /castles/nr/projects/d/duanj-ai-in-medical-imaging/.share/conda-env/ml/lib/python3.7/site-packages/caffe2/python/operator_test/reshape_ops_test.py to reshape_ops_test.cpython-37.pyc
byte-compiling /castles/nr/projects/d/duanj-ai-in-medical-imaging/.share/conda-env/ml/lib/python3.7/site-packages/caffe2/python/operator_test/reduction_ops_test.py to reduction_ops_test.cpython-37.pyc
byte-compiling /castles/nr/projects/d/duanj-ai-in-medical-imaging/.share/conda-env/ml/lib/python3.7/site-packages/caffe2/python/operator_test/lars_test.py to lars_test.cpython-37.pyc
byte-compiling /castles/nr/projects/d/duanj-ai-in-medical-imaging/.share/conda-env/ml/lib/python3.7/site-packages/caffe2/python/operator_test/counter_ops_test.py to counter_ops_test.cpython-37.pyc
byte-compiling /castles/nr/projects/d/duanj-ai-in-medical-imaging/.share/conda-env/ml/lib/python3.7/site-packages/caffe2/python/operator_test/bbox_transform_test.py to bbox_transform_test.cpython-37.pyc
byte-compiling /castles/nr/projects/d/duanj-ai-in-medical-imaging/.share/conda-env/ml/lib/python3.7/site-packages/caffe2/python/operator_test/cudnn_recurrent_test.py to cudnn_recurrent_test.cpython-37.pyc
byte-compiling /castles/nr/projects/d/duanj-ai-in-medical-imaging/.share/conda-env/ml/lib/python3.7/site-packages/caffe2/python/operator_test/boolean_unmask_test.py to boolean_unmask_test.cpython-37.pyc
byte-compiling /castles/nr/projects/d/duanj-ai-in-medical-imaging/.share/conda-env/ml/lib/python3.7/site-packages/caffe2/python/operator_test/prepend_dim_test.py to prepend_dim_test.cpython-37.pyc
byte-compiling /castles/nr/projects/d/duanj-ai-in-medical-imaging/.share/conda-env/ml/lib/python3.7/site-packages/caffe2/python/operator_test/mod_op_test.py to mod_op_test.cpython-37.pyc
byte-compiling /castles/nr/projects/d/duanj-ai-in-medical-imaging/.share/conda-env/ml/lib/python3.7/site-packages/caffe2/python/operator_test/detectron_keypoints.py to detectron_keypoints.cpython-37.pyc
byte-compiling /castles/nr/projects/d/duanj-ai-in-medical-imaging/.share/conda-env/ml/lib/python3.7/site-packages/caffe2/python/operator_test/erf_op_test.py to erf_op_test.cpython-37.pyc
byte-compiling /castles/nr/projects/d/duanj-ai-in-medical-imaging/.share/conda-env/ml/lib/python3.7/site-packages/caffe2/python/operator_test/square_root_divide_op_test.py to square_root_divide_op_test.cpython-37.pyc
byte-compiling /castles/nr/projects/d/duanj-ai-in-medical-imaging/.share/conda-env/ml/lib/python3.7/site-packages/caffe2/python/operator_test/batch_sparse_to_dense_op_test.py to batch_sparse_to_dense_op_test.cpython-37.pyc
byte-compiling /castles/nr/projects/d/duanj-ai-in-medical-imaging/.share/conda-env/ml/lib/python3.7/site-packages/caffe2/python/operator_test/weighted_sum_test.py to weighted_sum_test.cpython-37.pyc
byte-compiling /castles/nr/projects/d/duanj-ai-in-medical-imaging/.share/conda-env/ml/lib/python3.7/site-packages/caffe2/python/operator_test/lengths_reducer_fused_nbit_rowwise_ops_test.py to lengths_reducer_fused_nbit_rowwise_ops_test.cpython-37.pyc
byte-compiling /castles/nr/projects/d/duanj-ai-in-medical-imaging/.share/conda-env/ml/lib/python3.7/site-packages/caffe2/python/operator_test/copy_rows_to_tensor_op_test.py to copy_rows_to_tensor_op_test.cpython-37.pyc
byte-compiling /castles/nr/projects/d/duanj-ai-in-medical-imaging/.share/conda-env/ml/lib/python3.7/site-packages/caffe2/python/operator_test/learning_rate_op_test.py to learning_rate_op_test.cpython-37.pyc
byte-compiling /castles/nr/projects/d/duanj-ai-in-medical-imaging/.share/conda-env/ml/lib/python3.7/site-packages/caffe2/python/operator_test/learning_rate_adaption_op_test.py to learning_rate_adaption_op_test.cpython-37.pyc
byte-compiling /castles/nr/projects/d/duanj-ai-in-medical-imaging/.share/conda-env/ml/lib/python3.7/site-packages/caffe2/python/operator_test/crf_test.py to crf_test.cpython-37.pyc
byte-compiling /castles/nr/projects/d/duanj-ai-in-medical-imaging/.share/conda-env/ml/lib/python3.7/site-packages/caffe2/python/operator_test/feature_maps_ops_test.py to feature_maps_ops_test.cpython-37.pyc
byte-compiling /castles/nr/projects/d/duanj-ai-in-medical-imaging/.share/conda-env/ml/lib/python3.7/site-packages/caffe2/python/operator_test/hyperbolic_ops_test.py to hyperbolic_ops_test.cpython-37.pyc
byte-compiling /castles/nr/projects/d/duanj-ai-in-medical-imaging/.share/conda-env/ml/lib/python3.7/site-packages/caffe2/python/operator_test/basic_rnn_test.py to basic_rnn_test.cpython-37.pyc
byte-compiling /castles/nr/projects/d/duanj-ai-in-medical-imaging/.share/conda-env/ml/lib/python3.7/site-packages/caffe2/python/operator_test/wngrad_test.py to wngrad_test.cpython-37.pyc
byte-compiling /castles/nr/projects/d/duanj-ai-in-medical-imaging/.share/conda-env/ml/lib/python3.7/site-packages/caffe2/python/operator_test/expand_op_test.py to expand_op_test.cpython-37.pyc
byte-compiling /castles/nr/projects/d/duanj-ai-in-medical-imaging/.share/conda-env/ml/lib/python3.7/site-packages/caffe2/python/operator_test/sparse_dropout_with_replacement_op_test.py to sparse_dropout_with_replacement_op_test.cpython-37.pyc
byte-compiling /castles/nr/projects/d/duanj-ai-in-medical-imaging/.share/conda-env/ml/lib/python3.7/site-packages/caffe2/python/operator_test/shape_inference_test.py to shape_inference_test.cpython-37.pyc
byte-compiling /castles/nr/projects/d/duanj-ai-in-medical-imaging/.share/conda-env/ml/lib/python3.7/site-packages/caffe2/python/operator_test/lengths_top_k_ops_test.py to lengths_top_k_ops_test.cpython-37.pyc
byte-compiling /castles/nr/projects/d/duanj-ai-in-medical-imaging/.share/conda-env/ml/lib/python3.7/site-packages/caffe2/python/operator_test/python_op_test.py to python_op_test.cpython-37.pyc
byte-compiling /castles/nr/projects/d/duanj-ai-in-medical-imaging/.share/conda-env/ml/lib/python3.7/site-packages/caffe2/python/operator_test/channel_backprop_stats_op_test.py to channel_backprop_stats_op_test.cpython-37.pyc
byte-compiling /castles/nr/projects/d/duanj-ai-in-medical-imaging/.share/conda-env/ml/lib/python3.7/site-packages/caffe2/python/operator_test/dataset_ops_test.py to dataset_ops_test.cpython-37.pyc
byte-compiling /castles/nr/projects/d/duanj-ai-in-medical-imaging/.share/conda-env/ml/lib/python3.7/site-packages/caffe2/python/operator_test/pack_ops_test.py to pack_ops_test.cpython-37.pyc
byte-compiling /castles/nr/projects/d/duanj-ai-in-medical-imaging/.share/conda-env/ml/lib/python3.7/site-packages/caffe2/python/operator_test/cosine_embedding_criterion_op_test.py to cosine_embedding_criterion_op_test.cpython-37.pyc
byte-compiling /castles/nr/projects/d/duanj-ai-in-medical-imaging/.share/conda-env/ml/lib/python3.7/site-packages/caffe2/python/operator_test/adagrad_test.py to adagrad_test.cpython-37.pyc
byte-compiling /castles/nr/projects/d/duanj-ai-in-medical-imaging/.share/conda-env/ml/lib/python3.7/site-packages/caffe2/python/operator_test/duplicate_operands_test.py to duplicate_operands_test.cpython-37.pyc
byte-compiling /castles/nr/projects/d/duanj-ai-in-medical-imaging/.share/conda-env/ml/lib/python3.7/site-packages/caffe2/python/operator_test/bucketize_op_test.py to bucketize_op_test.cpython-37.pyc
byte-compiling /castles/nr/projects/d/duanj-ai-in-medical-imaging/.share/conda-env/ml/lib/python3.7/site-packages/caffe2/python/operator_test/dense_vector_to_id_list_op_test.py to dense_vector_to_id_list_op_test.cpython-37.pyc
byte-compiling /castles/nr/projects/d/duanj-ai-in-medical-imaging/.share/conda-env/ml/lib/python3.7/site-packages/caffe2/python/operator_test/collect_and_distribute_fpn_rpn_proposals_op_test.py to collect_and_distribute_fpn_rpn_proposals_op_test.cpython-37.pyc
byte-compiling /castles/nr/projects/d/duanj-ai-in-medical-imaging/.share/conda-env/ml/lib/python3.7/site-packages/caffe2/python/operator_test/ensure_cpu_output_op_test.py to ensure_cpu_output_op_test.cpython-37.pyc
byte-compiling /castles/nr/projects/d/duanj-ai-in-medical-imaging/.share/conda-env/ml/lib/python3.7/site-packages/caffe2/python/operator_test/key_split_ops_test.py to key_split_ops_test.cpython-37.pyc
byte-compiling /castles/nr/projects/d/duanj-ai-in-medical-imaging/.share/conda-env/ml/lib/python3.7/site-packages/caffe2/python/operator_test/emptysample_ops_test.py to emptysample_ops_test.cpython-37.pyc
byte-compiling /castles/nr/projects/d/duanj-ai-in-medical-imaging/.share/conda-env/ml/lib/python3.7/site-packages/caffe2/python/operator_test/ensure_clipped_test.py to ensure_clipped_test.cpython-37.pyc
byte-compiling /castles/nr/projects/d/duanj-ai-in-medical-imaging/.share/conda-env/ml/lib/python3.7/site-packages/caffe2/python/operator_test/loss_ops_test.py to loss_ops_test.cpython-37.pyc
byte-compiling /castles/nr/projects/d/duanj-ai-in-medical-imaging/.share/conda-env/ml/lib/python3.7/site-packages/caffe2/python/operator_test/weighted_sample_test.py to weighted_sample_test.cpython-37.pyc
byte-compiling /castles/nr/projects/d/duanj-ai-in-medical-imaging/.share/conda-env/ml/lib/python3.7/site-packages/caffe2/python/operator_test/activation_ops_test.py to activation_ops_test.cpython-37.pyc
byte-compiling /castles/nr/projects/d/duanj-ai-in-medical-imaging/.share/conda-env/ml/lib/python3.7/site-packages/caffe2/python/operator_test/storm_test.py to storm_test.cpython-37.pyc
byte-compiling /castles/nr/projects/d/duanj-ai-in-medical-imaging/.share/conda-env/ml/lib/python3.7/site-packages/caffe2/python/operator_test/mean_op_test.py to mean_op_test.cpython-37.pyc
byte-compiling /castles/nr/projects/d/duanj-ai-in-medical-imaging/.share/conda-env/ml/lib/python3.7/site-packages/caffe2/python/operator_test/distance_op_test.py to distance_op_test.cpython-37.pyc
byte-compiling /castles/nr/projects/d/duanj-ai-in-medical-imaging/.share/conda-env/ml/lib/python3.7/site-packages/caffe2/python/operator_test/numpy_tile_op_test.py to numpy_tile_op_test.cpython-37.pyc
byte-compiling /castles/nr/projects/d/duanj-ai-in-medical-imaging/.share/conda-env/ml/lib/python3.7/site-packages/caffe2/python/operator_test/ngram_ops_test.py to ngram_ops_test.cpython-37.pyc
byte-compiling /castles/nr/projects/d/duanj-ai-in-medical-imaging/.share/conda-env/ml/lib/python3.7/site-packages/caffe2/python/operator_test/pad_test.py to pad_test.cpython-37.pyc
byte-compiling /castles/nr/projects/d/duanj-ai-in-medical-imaging/.share/conda-env/ml/lib/python3.7/site-packages/caffe2/python/operator_test/rebatching_queue_test.py to rebatching_queue_test.cpython-37.pyc
byte-compiling /castles/nr/projects/d/duanj-ai-in-medical-imaging/.share/conda-env/ml/lib/python3.7/site-packages/caffe2/python/operator_test/rand_quantization_op_test.py to rand_quantization_op_test.cpython-37.pyc
byte-compiling /castles/nr/projects/d/duanj-ai-in-medical-imaging/.share/conda-env/ml/lib/python3.7/site-packages/caffe2/python/operator_test/sparse_lengths_sum_benchmark.py to sparse_lengths_sum_benchmark.cpython-37.pyc
byte-compiling /castles/nr/projects/d/duanj-ai-in-medical-imaging/.share/conda-env/ml/lib/python3.7/site-packages/caffe2/python/operator_test/histogram_test.py to histogram_test.cpython-37.pyc
byte-compiling /castles/nr/projects/d/duanj-ai-in-medical-imaging/.share/conda-env/ml/lib/python3.7/site-packages/caffe2/python/operator_test/self_binning_histogram_test.py to self_binning_histogram_test.cpython-37.pyc
byte-compiling /castles/nr/projects/d/duanj-ai-in-medical-imaging/.share/conda-env/ml/lib/python3.7/site-packages/caffe2/python/operator_test/rand_quantization_op_speed_test.py to rand_quantization_op_speed_test.cpython-37.pyc
byte-compiling /castles/nr/projects/d/duanj-ai-in-medical-imaging/.share/conda-env/ml/lib/python3.7/site-packages/caffe2/python/operator_test/adagrad_test_helper.py to adagrad_test_helper.cpython-37.pyc
byte-compiling /castles/nr/projects/d/duanj-ai-in-medical-imaging/.share/conda-env/ml/lib/python3.7/site-packages/caffe2/python/operator_test/hsm_test.py to hsm_test.cpython-37.pyc
byte-compiling /castles/nr/projects/d/duanj-ai-in-medical-imaging/.share/conda-env/ml/lib/python3.7/site-packages/caffe2/python/operator_test/video_input_op_test.py to video_input_op_test.cpython-37.pyc
byte-compiling /castles/nr/projects/d/duanj-ai-in-medical-imaging/.share/conda-env/ml/lib/python3.7/site-packages/caffe2/python/operator_test/unique_uniform_fill_op_test.py to unique_uniform_fill_op_test.cpython-37.pyc
byte-compiling /castles/nr/projects/d/duanj-ai-in-medical-imaging/.share/conda-env/ml/lib/python3.7/site-packages/caffe2/python/operator_test/stats_ops_test.py to stats_ops_test.cpython-37.pyc
byte-compiling /castles/nr/projects/d/duanj-ai-in-medical-imaging/.share/conda-env/ml/lib/python3.7/site-packages/caffe2/python/operator_test/math_ops_test.py to math_ops_test.cpython-37.pyc
byte-compiling /castles/nr/projects/d/duanj-ai-in-medical-imaging/.share/conda-env/ml/lib/python3.7/site-packages/caffe2/python/operator_test/order_switch_test.py to order_switch_test.cpython-37.pyc
byte-compiling /castles/nr/projects/d/duanj-ai-in-medical-imaging/.share/conda-env/ml/lib/python3.7/site-packages/caffe2/python/operator_test/conv_test.py to conv_test.cpython-37.pyc
byte-compiling /castles/nr/projects/d/duanj-ai-in-medical-imaging/.share/conda-env/ml/lib/python3.7/site-packages/caffe2/python/operator_test/recurrent_network_test.py to recurrent_network_test.cpython-37.pyc
byte-compiling /castles/nr/projects/d/duanj-ai-in-medical-imaging/.share/conda-env/ml/lib/python3.7/site-packages/caffe2/python/operator_test/conditional_test.py to conditional_test.cpython-37.pyc
byte-compiling /castles/nr/projects/d/duanj-ai-in-medical-imaging/.share/conda-env/ml/lib/python3.7/site-packages/caffe2/python/operator_test/adam_test.py to adam_test.cpython-37.pyc
byte-compiling /castles/nr/projects/d/duanj-ai-in-medical-imaging/.share/conda-env/ml/lib/python3.7/site-packages/caffe2/python/operator_test/gather_ranges_op_test.py to gather_ranges_op_test.cpython-37.pyc
byte-compiling /castles/nr/projects/d/duanj-ai-in-medical-imaging/.share/conda-env/ml/lib/python3.7/site-packages/caffe2/python/operator_test/momentum_sgd_test.py to momentum_sgd_test.cpython-37.pyc
byte-compiling /castles/nr/projects/d/duanj-ai-in-medical-imaging/.share/conda-env/ml/lib/python3.7/site-packages/caffe2/python/operator_test/batch_box_cox_test.py to batch_box_cox_test.cpython-37.pyc
byte-compiling /castles/nr/projects/d/duanj-ai-in-medical-imaging/.share/conda-env/ml/lib/python3.7/site-packages/caffe2/python/operator_test/rowwise_counter_test.py to rowwise_counter_test.cpython-37.pyc
byte-compiling /castles/nr/projects/d/duanj-ai-in-medical-imaging/.share/conda-env/ml/lib/python3.7/site-packages/caffe2/python/operator_test/depthwise_3x3_conv_test.py to depthwise_3x3_conv_test.cpython-37.pyc
byte-compiling /castles/nr/projects/d/duanj-ai-in-medical-imaging/.share/conda-env/ml/lib/python3.7/site-packages/caffe2/python/operator_test/index_ops_test.py to index_ops_test.cpython-37.pyc
byte-compiling /castles/nr/projects/d/duanj-ai-in-medical-imaging/.share/conda-env/ml/lib/python3.7/site-packages/caffe2/python/operator_test/integral_image_ops_test.py to integral_image_ops_test.cpython-37.pyc
byte-compiling /castles/nr/projects/d/duanj-ai-in-medical-imaging/.share/conda-env/ml/lib/python3.7/site-packages/caffe2/python/operator_test/segment_ops_test.py to segment_ops_test.cpython-37.pyc
byte-compiling /castles/nr/projects/d/duanj-ai-in-medical-imaging/.share/conda-env/ml/lib/python3.7/site-packages/caffe2/python/operator_test/elementwise_linear_op_test.py to elementwise_linear_op_test.cpython-37.pyc
byte-compiling /castles/nr/projects/d/duanj-ai-in-medical-imaging/.share/conda-env/ml/lib/python3.7/site-packages/caffe2/python/operator_test/apmeter_test.py to apmeter_test.cpython-37.pyc
byte-compiling /castles/nr/projects/d/duanj-ai-in-medical-imaging/.share/conda-env/ml/lib/python3.7/site-packages/caffe2/python/operator_test/channel_shuffle_test.py to channel_shuffle_test.cpython-37.pyc
byte-compiling /castles/nr/projects/d/duanj-ai-in-medical-imaging/.share/conda-env/ml/lib/python3.7/site-packages/caffe2/python/operator_test/string_ops_test.py to string_ops_test.cpython-37.pyc
byte-compiling /castles/nr/projects/d/duanj-ai-in-medical-imaging/.share/conda-env/ml/lib/python3.7/site-packages/caffe2/python/operator_test/dropout_op_test.py to dropout_op_test.cpython-37.pyc
byte-compiling /castles/nr/projects/d/duanj-ai-in-medical-imaging/.share/conda-env/ml/lib/python3.7/site-packages/caffe2/python/operator_test/mpi_test.py to mpi_test.cpython-37.pyc
byte-compiling /castles/nr/projects/d/duanj-ai-in-medical-imaging/.share/conda-env/ml/lib/python3.7/site-packages/caffe2/python/operator_test/piecewise_linear_transform_test.py to piecewise_linear_transform_test.cpython-37.pyc
byte-compiling /castles/nr/projects/d/duanj-ai-in-medical-imaging/.share/conda-env/ml/lib/python3.7/site-packages/caffe2/python/operator_test/specialized_segment_ops_test.py to specialized_segment_ops_test.cpython-37.pyc
byte-compiling /castles/nr/projects/d/duanj-ai-in-medical-imaging/.share/conda-env/ml/lib/python3.7/site-packages/caffe2/python/operator_test/ceil_op_test.py to ceil_op_test.cpython-37.pyc
byte-compiling /castles/nr/projects/d/duanj-ai-in-medical-imaging/.share/conda-env/ml/lib/python3.7/site-packages/caffe2/python/operator_test/sparse_to_dense_mask_op_test.py to sparse_to_dense_mask_op_test.cpython-37.pyc
byte-compiling /castles/nr/projects/d/duanj-ai-in-medical-imaging/.share/conda-env/ml/lib/python3.7/site-packages/caffe2/python/operator_test/flexible_top_k_test.py to flexible_top_k_test.cpython-37.pyc
byte-compiling /castles/nr/projects/d/duanj-ai-in-medical-imaging/.share/conda-env/ml/lib/python3.7/site-packages/caffe2/python/operator_test/boolean_mask_test.py to boolean_mask_test.cpython-37.pyc
byte-compiling /castles/nr/projects/d/duanj-ai-in-medical-imaging/.share/conda-env/ml/lib/python3.7/site-packages/caffe2/python/core_test.py to core_test.cpython-37.pyc
byte-compiling /castles/nr/projects/d/duanj-ai-in-medical-imaging/.share/conda-env/ml/lib/python3.7/site-packages/caffe2/python/lstm_benchmark.py to lstm_benchmark.cpython-37.pyc
byte-compiling /castles/nr/projects/d/duanj-ai-in-medical-imaging/.share/conda-env/ml/lib/python3.7/site-packages/caffe2/python/normalizer_test.py to normalizer_test.cpython-37.pyc
byte-compiling /castles/nr/projects/d/duanj-ai-in-medical-imaging/.share/conda-env/ml/lib/python3.7/site-packages/caffe2/python/extension_loader.py to extension_loader.cpython-37.pyc
byte-compiling /castles/nr/projects/d/duanj-ai-in-medical-imaging/.share/conda-env/ml/lib/python3.7/site-packages/caffe2/python/db_test.py to db_test.cpython-37.pyc
byte-compiling /castles/nr/projects/d/duanj-ai-in-medical-imaging/.share/conda-env/ml/lib/python3.7/site-packages/caffe2/python/mkl_test_util.py to mkl_test_util.cpython-37.pyc
byte-compiling /castles/nr/projects/d/duanj-ai-in-medical-imaging/.share/conda-env/ml/lib/python3.7/site-packages/caffe2/python/normalizer_context.py to normalizer_context.cpython-37.pyc
byte-compiling /castles/nr/projects/d/duanj-ai-in-medical-imaging/.share/conda-env/ml/lib/python3.7/site-packages/caffe2/python/optimizer_test_util.py to optimizer_test_util.cpython-37.pyc
byte-compiling /castles/nr/projects/d/duanj-ai-in-medical-imaging/.share/conda-env/ml/lib/python3.7/site-packages/caffe2/python/timeout_guard.py to timeout_guard.cpython-37.pyc
byte-compiling /castles/nr/projects/d/duanj-ai-in-medical-imaging/.share/conda-env/ml/lib/python3.7/site-packages/caffe2/python/recurrent.py to recurrent.cpython-37.pyc
byte-compiling /castles/nr/projects/d/duanj-ai-in-medical-imaging/.share/conda-env/ml/lib/python3.7/site-packages/caffe2/python/schema_test.py to schema_test.cpython-37.pyc
byte-compiling /castles/nr/projects/d/duanj-ai-in-medical-imaging/.share/conda-env/ml/lib/python3.7/site-packages/caffe2/python/onnx/workspace.py to workspace.cpython-37.pyc
byte-compiling /castles/nr/projects/d/duanj-ai-in-medical-imaging/.share/conda-env/ml/lib/python3.7/site-packages/caffe2/python/onnx/tests/onnx_backend_test.py to onnx_backend_test.cpython-37.pyc
byte-compiling /castles/nr/projects/d/duanj-ai-in-medical-imaging/.share/conda-env/ml/lib/python3.7/site-packages/caffe2/python/onnx/tests/c2_ref_test.py to c2_ref_test.cpython-37.pyc
byte-compiling /castles/nr/projects/d/duanj-ai-in-medical-imaging/.share/conda-env/ml/lib/python3.7/site-packages/caffe2/python/onnx/tests/conversion_test.py to conversion_test.cpython-37.pyc
byte-compiling /castles/nr/projects/d/duanj-ai-in-medical-imaging/.share/conda-env/ml/lib/python3.7/site-packages/caffe2/python/onnx/tests/__init__.py to __init__.cpython-37.pyc
byte-compiling /castles/nr/projects/d/duanj-ai-in-medical-imaging/.share/conda-env/ml/lib/python3.7/site-packages/caffe2/python/onnx/tests/test_utils.py to test_utils.cpython-37.pyc
byte-compiling /castles/nr/projects/d/duanj-ai-in-medical-imaging/.share/conda-env/ml/lib/python3.7/site-packages/caffe2/python/onnx/tests/ssa_test.py to ssa_test.cpython-37.pyc
byte-compiling /castles/nr/projects/d/duanj-ai-in-medical-imaging/.share/conda-env/ml/lib/python3.7/site-packages/caffe2/python/onnx/tests/helper_test.py to helper_test.cpython-37.pyc
byte-compiling /castles/nr/projects/d/duanj-ai-in-medical-imaging/.share/conda-env/ml/lib/python3.7/site-packages/caffe2/python/onnx/bin/__init__.py to __init__.cpython-37.pyc
byte-compiling /castles/nr/projects/d/duanj-ai-in-medical-imaging/.share/conda-env/ml/lib/python3.7/site-packages/caffe2/python/onnx/bin/conversion.py to conversion.cpython-37.pyc
byte-compiling /castles/nr/projects/d/duanj-ai-in-medical-imaging/.share/conda-env/ml/lib/python3.7/site-packages/caffe2/python/onnx/__init__.py to __init__.cpython-37.pyc
byte-compiling /castles/nr/projects/d/duanj-ai-in-medical-imaging/.share/conda-env/ml/lib/python3.7/site-packages/caffe2/python/onnx/test_onnxifi.py to test_onnxifi.cpython-37.pyc
byte-compiling /castles/nr/projects/d/duanj-ai-in-medical-imaging/.share/conda-env/ml/lib/python3.7/site-packages/caffe2/python/onnx/helper.py to helper.cpython-37.pyc
byte-compiling /castles/nr/projects/d/duanj-ai-in-medical-imaging/.share/conda-env/ml/lib/python3.7/site-packages/caffe2/python/onnx/backend.py to backend.cpython-37.pyc
byte-compiling /castles/nr/projects/d/duanj-ai-in-medical-imaging/.share/conda-env/ml/lib/python3.7/site-packages/caffe2/python/onnx/onnxifi.py to onnxifi.cpython-37.pyc
byte-compiling /castles/nr/projects/d/duanj-ai-in-medical-imaging/.share/conda-env/ml/lib/python3.7/site-packages/caffe2/python/onnx/frontend.py to frontend.cpython-37.pyc
byte-compiling /castles/nr/projects/d/duanj-ai-in-medical-imaging/.share/conda-env/ml/lib/python3.7/site-packages/caffe2/python/onnx/backend_rep.py to backend_rep.cpython-37.pyc
byte-compiling /castles/nr/projects/d/duanj-ai-in-medical-imaging/.share/conda-env/ml/lib/python3.7/site-packages/caffe2/python/onnx/error.py to error.cpython-37.pyc
byte-compiling /castles/nr/projects/d/duanj-ai-in-medical-imaging/.share/conda-env/ml/lib/python3.7/site-packages/caffe2/python/onnx/backend_cpp_rep.py to backend_cpp_rep.cpython-37.pyc
byte-compiling /castles/nr/projects/d/duanj-ai-in-medical-imaging/.share/conda-env/ml/lib/python3.7/site-packages/caffe2/python/utils_test.py to utils_test.cpython-37.pyc
byte-compiling /castles/nr/projects/d/duanj-ai-in-medical-imaging/.share/conda-env/ml/lib/python3.7/site-packages/caffe2/python/dataio.py to dataio.cpython-37.pyc
byte-compiling /castles/nr/projects/d/duanj-ai-in-medical-imaging/.share/conda-env/ml/lib/python3.7/site-packages/caffe2/python/rnn_cell.py to rnn_cell.cpython-37.pyc
byte-compiling /castles/nr/projects/d/duanj-ai-in-medical-imaging/.share/conda-env/ml/lib/python3.7/site-packages/caffe2/python/model_helper_test.py to model_helper_test.cpython-37.pyc
byte-compiling /castles/nr/projects/d/duanj-ai-in-medical-imaging/.share/conda-env/ml/lib/python3.7/site-packages/caffe2/python/brew_test.py to brew_test.cpython-37.pyc
byte-compiling /castles/nr/projects/d/duanj-ai-in-medical-imaging/.share/conda-env/ml/lib/python3.7/site-packages/caffe2/python/crf_predict.py to crf_predict.cpython-37.pyc
byte-compiling /castles/nr/projects/d/duanj-ai-in-medical-imaging/.share/conda-env/ml/lib/python3.7/site-packages/caffe2/python/text_file_reader.py to text_file_reader.cpython-37.pyc
byte-compiling /castles/nr/projects/d/duanj-ai-in-medical-imaging/.share/conda-env/ml/lib/python3.7/site-packages/caffe2/python/net_printer_test.py to net_printer_test.cpython-37.pyc
byte-compiling /castles/nr/projects/d/duanj-ai-in-medical-imaging/.share/conda-env/ml/lib/python3.7/site-packages/caffe2/python/control.py to control.cpython-37.pyc
byte-compiling /castles/nr/projects/d/duanj-ai-in-medical-imaging/.share/conda-env/ml/lib/python3.7/site-packages/caffe2/python/__init__.py to __init__.cpython-37.pyc
byte-compiling /castles/nr/projects/d/duanj-ai-in-medical-imaging/.share/conda-env/ml/lib/python3.7/site-packages/caffe2/python/crf.py to crf.cpython-37.pyc
byte-compiling /castles/nr/projects/d/duanj-ai-in-medical-imaging/.share/conda-env/ml/lib/python3.7/site-packages/caffe2/python/models/imagenet_trainer_test_utils.py to imagenet_trainer_test_utils.cpython-37.pyc
byte-compiling /castles/nr/projects/d/duanj-ai-in-medical-imaging/.share/conda-env/ml/lib/python3.7/site-packages/caffe2/python/models/resnet_test.py to resnet_test.cpython-37.pyc
byte-compiling /castles/nr/projects/d/duanj-ai-in-medical-imaging/.share/conda-env/ml/lib/python3.7/site-packages/caffe2/python/models/__sym_init__.py to __sym_init__.cpython-37.pyc
byte-compiling /castles/nr/projects/d/duanj-ai-in-medical-imaging/.share/conda-env/ml/lib/python3.7/site-packages/caffe2/python/models/shufflenet_test.py to shufflenet_test.cpython-37.pyc
byte-compiling /castles/nr/projects/d/duanj-ai-in-medical-imaging/.share/conda-env/ml/lib/python3.7/site-packages/caffe2/python/models/resnet.py to resnet.cpython-37.pyc
byte-compiling /castles/nr/projects/d/duanj-ai-in-medical-imaging/.share/conda-env/ml/lib/python3.7/site-packages/caffe2/python/models/__init__.py to __init__.cpython-37.pyc
byte-compiling /castles/nr/projects/d/duanj-ai-in-medical-imaging/.share/conda-env/ml/lib/python3.7/site-packages/caffe2/python/models/download.py to download.cpython-37.pyc
byte-compiling /castles/nr/projects/d/duanj-ai-in-medical-imaging/.share/conda-env/ml/lib/python3.7/site-packages/caffe2/python/models/shufflenet.py to shufflenet.cpython-37.pyc
byte-compiling /castles/nr/projects/d/duanj-ai-in-medical-imaging/.share/conda-env/ml/lib/python3.7/site-packages/caffe2/python/models/seq2seq/translate.py to translate.cpython-37.pyc
byte-compiling /castles/nr/projects/d/duanj-ai-in-medical-imaging/.share/conda-env/ml/lib/python3.7/site-packages/caffe2/python/models/seq2seq/seq2seq_model_helper.py to seq2seq_model_helper.cpython-37.pyc
byte-compiling /castles/nr/projects/d/duanj-ai-in-medical-imaging/.share/conda-env/ml/lib/python3.7/site-packages/caffe2/python/models/seq2seq/__init__.py to __init__.cpython-37.pyc
byte-compiling /castles/nr/projects/d/duanj-ai-in-medical-imaging/.share/conda-env/ml/lib/python3.7/site-packages/caffe2/python/models/seq2seq/beam_search.py to beam_search.cpython-37.pyc
byte-compiling /castles/nr/projects/d/duanj-ai-in-medical-imaging/.share/conda-env/ml/lib/python3.7/site-packages/caffe2/python/models/seq2seq/seq2seq_model_helper_test.py to seq2seq_model_helper_test.cpython-37.pyc
byte-compiling /castles/nr/projects/d/duanj-ai-in-medical-imaging/.share/conda-env/ml/lib/python3.7/site-packages/caffe2/python/models/seq2seq/train.py to train.cpython-37.pyc
byte-compiling /castles/nr/projects/d/duanj-ai-in-medical-imaging/.share/conda-env/ml/lib/python3.7/site-packages/caffe2/python/models/seq2seq/seq2seq_util.py to seq2seq_util.cpython-37.pyc
byte-compiling /castles/nr/projects/d/duanj-ai-in-medical-imaging/.share/conda-env/ml/lib/python3.7/site-packages/caffe2/python/models/seq2seq/seq2seq_beam_search_test.py to seq2seq_beam_search_test.cpython-37.pyc
byte-compiling /castles/nr/projects/d/duanj-ai-in-medical-imaging/.share/conda-env/ml/lib/python3.7/site-packages/caffe2/python/fused_8bit_rowwise_conversion_ops_test.py to fused_8bit_rowwise_conversion_ops_test.cpython-37.pyc
byte-compiling /castles/nr/projects/d/duanj-ai-in-medical-imaging/.share/conda-env/ml/lib/python3.7/site-packages/caffe2/python/nomnigraph_transformations_test.py to nomnigraph_transformations_test.cpython-37.pyc
byte-compiling /castles/nr/projects/d/duanj-ai-in-medical-imaging/.share/conda-env/ml/lib/python3.7/site-packages/caffe2/python/fakelowp/__init__.py to __init__.cpython-37.pyc
byte-compiling /castles/nr/projects/d/duanj-ai-in-medical-imaging/.share/conda-env/ml/lib/python3.7/site-packages/caffe2/python/fakelowp/test_utils.py to test_utils.cpython-37.pyc
byte-compiling /castles/nr/projects/d/duanj-ai-in-medical-imaging/.share/conda-env/ml/lib/python3.7/site-packages/caffe2/python/fakelowp/init_shared_libs.py to init_shared_libs.cpython-37.pyc
byte-compiling /castles/nr/projects/d/duanj-ai-in-medical-imaging/.share/conda-env/ml/lib/python3.7/site-packages/caffe2/python/checkpoint.py to checkpoint.cpython-37.pyc
byte-compiling /castles/nr/projects/d/duanj-ai-in-medical-imaging/.share/conda-env/ml/lib/python3.7/site-packages/caffe2/python/model_device_test.py to model_device_test.cpython-37.pyc
byte-compiling /castles/nr/projects/d/duanj-ai-in-medical-imaging/.share/conda-env/ml/lib/python3.7/site-packages/caffe2/python/gradient_checker.py to gradient_checker.cpython-37.pyc
byte-compiling /castles/nr/projects/d/duanj-ai-in-medical-imaging/.share/conda-env/ml/lib/python3.7/site-packages/caffe2/python/tt_core_test.py to tt_core_test.cpython-37.pyc
byte-compiling /castles/nr/projects/d/duanj-ai-in-medical-imaging/.share/conda-env/ml/lib/python3.7/site-packages/caffe2/python/optimizer.py to optimizer.cpython-37.pyc
byte-compiling /castles/nr/projects/d/duanj-ai-in-medical-imaging/.share/conda-env/ml/lib/python3.7/site-packages/caffe2/python/transformations_test.py to transformations_test.cpython-37.pyc
byte-compiling /castles/nr/projects/d/duanj-ai-in-medical-imaging/.share/conda-env/ml/lib/python3.7/site-packages/caffe2/python/cnn.py to cnn.cpython-37.pyc
byte-compiling /castles/nr/projects/d/duanj-ai-in-medical-imaging/.share/conda-env/ml/lib/python3.7/site-packages/caffe2/python/utils.py to utils.cpython-37.pyc
byte-compiling /castles/nr/projects/d/duanj-ai-in-medical-imaging/.share/conda-env/ml/lib/python3.7/site-packages/caffe2/python/control_ops_util.py to control_ops_util.cpython-37.pyc
byte-compiling /castles/nr/projects/d/duanj-ai-in-medical-imaging/.share/conda-env/ml/lib/python3.7/site-packages/caffe2/python/control_ops_grad_test.py to control_ops_grad_test.cpython-37.pyc
byte-compiling /castles/nr/projects/d/duanj-ai-in-medical-imaging/.share/conda-env/ml/lib/python3.7/site-packages/caffe2/python/embedding_generation_benchmark.py to embedding_generation_benchmark.cpython-37.pyc
byte-compiling /castles/nr/projects/d/duanj-ai-in-medical-imaging/.share/conda-env/ml/lib/python3.7/site-packages/caffe2/python/modeling/compute_norm_for_blobs.py to compute_norm_for_blobs.cpython-37.pyc
byte-compiling /castles/nr/projects/d/duanj-ai-in-medical-imaging/.share/conda-env/ml/lib/python3.7/site-packages/caffe2/python/modeling/compute_histogram_for_blobs.py to compute_histogram_for_blobs.cpython-37.pyc
byte-compiling /castles/nr/projects/d/duanj-ai-in-medical-imaging/.share/conda-env/ml/lib/python3.7/site-packages/caffe2/python/modeling/compute_norm_for_blobs_test.py to compute_norm_for_blobs_test.cpython-37.pyc
byte-compiling /castles/nr/projects/d/duanj-ai-in-medical-imaging/.share/conda-env/ml/lib/python3.7/site-packages/caffe2/python/modeling/initializers_test.py to initializers_test.cpython-37.pyc
byte-compiling /castles/nr/projects/d/duanj-ai-in-medical-imaging/.share/conda-env/ml/lib/python3.7/site-packages/caffe2/python/modeling/parameter_info.py to parameter_info.cpython-37.pyc
byte-compiling /castles/nr/projects/d/duanj-ai-in-medical-imaging/.share/conda-env/ml/lib/python3.7/site-packages/caffe2/python/modeling/parameter_sharing.py to parameter_sharing.cpython-37.pyc
byte-compiling /castles/nr/projects/d/duanj-ai-in-medical-imaging/.share/conda-env/ml/lib/python3.7/site-packages/caffe2/python/modeling/__init__.py to __init__.cpython-37.pyc
byte-compiling /castles/nr/projects/d/duanj-ai-in-medical-imaging/.share/conda-env/ml/lib/python3.7/site-packages/caffe2/python/modeling/get_entry_from_blobs_test.py to get_entry_from_blobs_test.cpython-37.pyc
byte-compiling /castles/nr/projects/d/duanj-ai-in-medical-imaging/.share/conda-env/ml/lib/python3.7/site-packages/caffe2/python/modeling/gradient_clipping_test.py to gradient_clipping_test.cpython-37.pyc
byte-compiling /castles/nr/projects/d/duanj-ai-in-medical-imaging/.share/conda-env/ml/lib/python3.7/site-packages/caffe2/python/modeling/net_modifier.py to net_modifier.cpython-37.pyc
byte-compiling /castles/nr/projects/d/duanj-ai-in-medical-imaging/.share/conda-env/ml/lib/python3.7/site-packages/caffe2/python/modeling/compute_statistics_for_blobs_test.py to compute_statistics_for_blobs_test.cpython-37.pyc
byte-compiling /castles/nr/projects/d/duanj-ai-in-medical-imaging/.share/conda-env/ml/lib/python3.7/site-packages/caffe2/python/modeling/compute_histogram_for_blobs_test.py to compute_histogram_for_blobs_test.cpython-37.pyc
byte-compiling /castles/nr/projects/d/duanj-ai-in-medical-imaging/.share/conda-env/ml/lib/python3.7/site-packages/caffe2/python/modeling/initializers.py to initializers.cpython-37.pyc
byte-compiling /castles/nr/projects/d/duanj-ai-in-medical-imaging/.share/conda-env/ml/lib/python3.7/site-packages/caffe2/python/modeling/gradient_clipping.py to gradient_clipping.cpython-37.pyc
byte-compiling /castles/nr/projects/d/duanj-ai-in-medical-imaging/.share/conda-env/ml/lib/python3.7/site-packages/caffe2/python/modeling/compute_statistics_for_blobs.py to compute_statistics_for_blobs.cpython-37.pyc
byte-compiling /castles/nr/projects/d/duanj-ai-in-medical-imaging/.share/conda-env/ml/lib/python3.7/site-packages/caffe2/python/modeling/parameter_sharing_test.py to parameter_sharing_test.cpython-37.pyc
byte-compiling /castles/nr/projects/d/duanj-ai-in-medical-imaging/.share/conda-env/ml/lib/python3.7/site-packages/caffe2/python/modeling/get_entry_from_blobs.py to get_entry_from_blobs.cpython-37.pyc
byte-compiling /castles/nr/projects/d/duanj-ai-in-medical-imaging/.share/conda-env/ml/lib/python3.7/site-packages/caffe2/python/data_parallel_model.py to data_parallel_model.cpython-37.pyc
byte-compiling /castles/nr/projects/d/duanj-ai-in-medical-imaging/.share/conda-env/ml/lib/python3.7/site-packages/caffe2/python/net_builder_test.py to net_builder_test.cpython-37.pyc
byte-compiling /castles/nr/projects/d/duanj-ai-in-medical-imaging/.share/conda-env/ml/lib/python3.7/site-packages/caffe2/python/convnet_benchmarks.py to convnet_benchmarks.cpython-37.pyc
byte-compiling /castles/nr/projects/d/duanj-ai-in-medical-imaging/.share/conda-env/ml/lib/python3.7/site-packages/caffe2/python/ideep_test_util.py to ideep_test_util.cpython-37.pyc
byte-compiling /castles/nr/projects/d/duanj-ai-in-medical-imaging/.share/conda-env/ml/lib/python3.7/site-packages/caffe2/python/numa_benchmark.py to numa_benchmark.cpython-37.pyc
byte-compiling /castles/nr/projects/d/duanj-ai-in-medical-imaging/.share/conda-env/ml/lib/python3.7/site-packages/caffe2/python/workspace_test.py to workspace_test.cpython-37.pyc
byte-compiling /castles/nr/projects/d/duanj-ai-in-medical-imaging/.share/conda-env/ml/lib/python3.7/site-packages/caffe2/python/net_builder.py to net_builder.cpython-37.pyc
byte-compiling /castles/nr/projects/d/duanj-ai-in-medical-imaging/.share/conda-env/ml/lib/python3.7/site-packages/caffe2/python/observer_test.py to observer_test.cpython-37.pyc
byte-compiling /castles/nr/projects/d/duanj-ai-in-medical-imaging/.share/conda-env/ml/lib/python3.7/site-packages/caffe2/python/allcompare_test.py to allcompare_test.cpython-37.pyc
byte-compiling /castles/nr/projects/d/duanj-ai-in-medical-imaging/.share/conda-env/ml/lib/python3.7/site-packages/caffe2/python/convert.py to convert.cpython-37.pyc
byte-compiling /castles/nr/projects/d/duanj-ai-in-medical-imaging/.share/conda-env/ml/lib/python3.7/site-packages/caffe2/python/net_printer.py to net_printer.cpython-37.pyc
byte-compiling /castles/nr/projects/d/duanj-ai-in-medical-imaging/.share/conda-env/ml/lib/python3.7/site-packages/caffe2/python/attention.py to attention.cpython-37.pyc
byte-compiling /castles/nr/projects/d/duanj-ai-in-medical-imaging/.share/conda-env/ml/lib/python3.7/site-packages/caffe2/python/lazy_dyndep_test.py to lazy_dyndep_test.cpython-37.pyc
byte-compiling /castles/nr/projects/d/duanj-ai-in-medical-imaging/.share/conda-env/ml/lib/python3.7/site-packages/caffe2/python/model_helper.py to model_helper.cpython-37.pyc
byte-compiling /castles/nr/projects/d/duanj-ai-in-medical-imaging/.share/conda-env/ml/lib/python3.7/site-packages/caffe2/python/binarysize.py to binarysize.cpython-37.pyc
byte-compiling /castles/nr/projects/d/duanj-ai-in-medical-imaging/.share/conda-env/ml/lib/python3.7/site-packages/caffe2/python/layers/label_smooth.py to label_smooth.cpython-37.pyc
byte-compiling /castles/nr/projects/d/duanj-ai-in-medical-imaging/.share/conda-env/ml/lib/python3.7/site-packages/caffe2/python/layers/bpr_loss.py to bpr_loss.cpython-37.pyc
byte-compiling /castles/nr/projects/d/duanj-ai-in-medical-imaging/.share/conda-env/ml/lib/python3.7/site-packages/caffe2/python/layers/batch_sigmoid_cross_entropy_loss.py to batch_sigmoid_cross_entropy_loss.cpython-37.pyc
byte-compiling /castles/nr/projects/d/duanj-ai-in-medical-imaging/.share/conda-env/ml/lib/python3.7/site-packages/caffe2/python/layers/tags.py to tags.cpython-37.pyc
byte-compiling /castles/nr/projects/d/duanj-ai-in-medical-imaging/.share/conda-env/ml/lib/python3.7/site-packages/caffe2/python/layers/fc_without_bias.py to fc_without_bias.cpython-37.pyc
byte-compiling /castles/nr/projects/d/duanj-ai-in-medical-imaging/.share/conda-env/ml/lib/python3.7/site-packages/caffe2/python/layers/select_record_by_context.py to select_record_by_context.cpython-37.pyc
byte-compiling /castles/nr/projects/d/duanj-ai-in-medical-imaging/.share/conda-env/ml/lib/python3.7/site-packages/caffe2/python/layers/homotopy_weight.py to homotopy_weight.cpython-37.pyc
byte-compiling /castles/nr/projects/d/duanj-ai-in-medical-imaging/.share/conda-env/ml/lib/python3.7/site-packages/caffe2/python/layers/sparse_dropout_with_replacement.py to sparse_dropout_with_replacement.cpython-37.pyc
byte-compiling /castles/nr/projects/d/duanj-ai-in-medical-imaging/.share/conda-env/ml/lib/python3.7/site-packages/caffe2/python/layers/pairwise_similarity.py to pairwise_similarity.cpython-37.pyc
byte-compiling /castles/nr/projects/d/duanj-ai-in-medical-imaging/.share/conda-env/ml/lib/python3.7/site-packages/caffe2/python/layers/add_bias.py to add_bias.cpython-37.pyc
byte-compiling /castles/nr/projects/d/duanj-ai-in-medical-imaging/.share/conda-env/ml/lib/python3.7/site-packages/caffe2/python/layers/build_index.py to build_index.cpython-37.pyc
byte-compiling /castles/nr/projects/d/duanj-ai-in-medical-imaging/.share/conda-env/ml/lib/python3.7/site-packages/caffe2/python/layers/bucket_weighted.py to bucket_weighted.cpython-37.pyc
byte-compiling /castles/nr/projects/d/duanj-ai-in-medical-imaging/.share/conda-env/ml/lib/python3.7/site-packages/caffe2/python/layers/last_n_window_collector.py to last_n_window_collector.cpython-37.pyc
byte-compiling /castles/nr/projects/d/duanj-ai-in-medical-imaging/.share/conda-env/ml/lib/python3.7/site-packages/caffe2/python/layers/sparse_lookup.py to sparse_lookup.cpython-37.pyc
byte-compiling /castles/nr/projects/d/duanj-ai-in-medical-imaging/.share/conda-env/ml/lib/python3.7/site-packages/caffe2/python/layers/batch_normalization.py to batch_normalization.cpython-37.pyc
byte-compiling /castles/nr/projects/d/duanj-ai-in-medical-imaging/.share/conda-env/ml/lib/python3.7/site-packages/caffe2/python/layers/sampling_train.py to sampling_train.cpython-37.pyc
byte-compiling /castles/nr/projects/d/duanj-ai-in-medical-imaging/.share/conda-env/ml/lib/python3.7/site-packages/caffe2/python/layers/adaptive_weight.py to adaptive_weight.cpython-37.pyc
byte-compiling /castles/nr/projects/d/duanj-ai-in-medical-imaging/.share/conda-env/ml/lib/python3.7/site-packages/caffe2/python/layers/batch_softmax_loss.py to batch_softmax_loss.cpython-37.pyc
byte-compiling /castles/nr/projects/d/duanj-ai-in-medical-imaging/.share/conda-env/ml/lib/python3.7/site-packages/caffe2/python/layers/__init__.py to __init__.cpython-37.pyc
byte-compiling /castles/nr/projects/d/duanj-ai-in-medical-imaging/.share/conda-env/ml/lib/python3.7/site-packages/caffe2/python/layers/batch_mse_loss.py to batch_mse_loss.cpython-37.pyc
byte-compiling /castles/nr/projects/d/duanj-ai-in-medical-imaging/.share/conda-env/ml/lib/python3.7/site-packages/caffe2/python/layers/batch_huber_loss.py to batch_huber_loss.cpython-37.pyc
byte-compiling /castles/nr/projects/d/duanj-ai-in-medical-imaging/.share/conda-env/ml/lib/python3.7/site-packages/caffe2/python/layers/concat.py to concat.cpython-37.pyc
byte-compiling /castles/nr/projects/d/duanj-ai-in-medical-imaging/.share/conda-env/ml/lib/python3.7/site-packages/caffe2/python/layers/gather_record.py to gather_record.cpython-37.pyc
byte-compiling /castles/nr/projects/d/duanj-ai-in-medical-imaging/.share/conda-env/ml/lib/python3.7/site-packages/caffe2/python/layers/fc.py to fc.cpython-37.pyc
byte-compiling /castles/nr/projects/d/duanj-ai-in-medical-imaging/.share/conda-env/ml/lib/python3.7/site-packages/caffe2/python/layers/blob_weighted_sum.py to blob_weighted_sum.cpython-37.pyc
byte-compiling /castles/nr/projects/d/duanj-ai-in-medical-imaging/.share/conda-env/ml/lib/python3.7/site-packages/caffe2/python/layers/fc_with_bootstrap.py to fc_with_bootstrap.cpython-37.pyc
byte-compiling /castles/nr/projects/d/duanj-ai-in-medical-imaging/.share/conda-env/ml/lib/python3.7/site-packages/caffe2/python/layers/random_fourier_features.py to random_fourier_features.cpython-37.pyc
byte-compiling /castles/nr/projects/d/duanj-ai-in-medical-imaging/.share/conda-env/ml/lib/python3.7/site-packages/caffe2/python/layers/position_weighted.py to position_weighted.cpython-37.pyc
byte-compiling /castles/nr/projects/d/duanj-ai-in-medical-imaging/.share/conda-env/ml/lib/python3.7/site-packages/caffe2/python/layers/merge_id_lists.py to merge_id_lists.cpython-37.pyc
byte-compiling /castles/nr/projects/d/duanj-ai-in-medical-imaging/.share/conda-env/ml/lib/python3.7/site-packages/caffe2/python/layers/conv.py to conv.cpython-37.pyc
byte-compiling /castles/nr/projects/d/duanj-ai-in-medical-imaging/.share/conda-env/ml/lib/python3.7/site-packages/caffe2/python/layers/uniform_sampling.py to uniform_sampling.cpython-37.pyc
byte-compiling /castles/nr/projects/d/duanj-ai-in-medical-imaging/.share/conda-env/ml/lib/python3.7/site-packages/caffe2/python/layers/batch_lr_loss.py to batch_lr_loss.cpython-37.pyc
byte-compiling /castles/nr/projects/d/duanj-ai-in-medical-imaging/.share/conda-env/ml/lib/python3.7/site-packages/caffe2/python/layers/layers.py to layers.cpython-37.pyc
byte-compiling /castles/nr/projects/d/duanj-ai-in-medical-imaging/.share/conda-env/ml/lib/python3.7/site-packages/caffe2/python/layers/semi_random_features.py to semi_random_features.cpython-37.pyc
byte-compiling /castles/nr/projects/d/duanj-ai-in-medical-imaging/.share/conda-env/ml/lib/python3.7/site-packages/caffe2/python/layers/layer_normalization.py to layer_normalization.cpython-37.pyc
byte-compiling /castles/nr/projects/d/duanj-ai-in-medical-imaging/.share/conda-env/ml/lib/python3.7/site-packages/caffe2/python/layers/reservoir_sampling.py to reservoir_sampling.cpython-37.pyc
byte-compiling /castles/nr/projects/d/duanj-ai-in-medical-imaging/.share/conda-env/ml/lib/python3.7/site-packages/caffe2/python/layers/split.py to split.cpython-37.pyc
byte-compiling /castles/nr/projects/d/duanj-ai-in-medical-imaging/.share/conda-env/ml/lib/python3.7/site-packages/caffe2/python/layers/sparse_feature_hash.py to sparse_feature_hash.cpython-37.pyc
byte-compiling /castles/nr/projects/d/duanj-ai-in-medical-imaging/.share/conda-env/ml/lib/python3.7/site-packages/caffe2/python/layers/dropout.py to dropout.cpython-37.pyc
byte-compiling /castles/nr/projects/d/duanj-ai-in-medical-imaging/.share/conda-env/ml/lib/python3.7/site-packages/caffe2/python/layers/constant_weight.py to constant_weight.cpython-37.pyc
byte-compiling /castles/nr/projects/d/duanj-ai-in-medical-imaging/.share/conda-env/ml/lib/python3.7/site-packages/caffe2/python/layers/functional.py to functional.cpython-37.pyc
byte-compiling /castles/nr/projects/d/duanj-ai-in-medical-imaging/.share/conda-env/ml/lib/python3.7/site-packages/caffe2/python/layers/margin_rank_loss.py to margin_rank_loss.cpython-37.pyc
byte-compiling /castles/nr/projects/d/duanj-ai-in-medical-imaging/.share/conda-env/ml/lib/python3.7/site-packages/caffe2/python/layers/feature_sparse_to_dense.py to feature_sparse_to_dense.cpython-37.pyc
byte-compiling /castles/nr/projects/d/duanj-ai-in-medical-imaging/.share/conda-env/ml/lib/python3.7/site-packages/caffe2/python/layers/arc_cosine_feature_map.py to arc_cosine_feature_map.cpython-37.pyc
byte-compiling /castles/nr/projects/d/duanj-ai-in-medical-imaging/.share/conda-env/ml/lib/python3.7/site-packages/caffe2/python/layers/sampling_trainable_mixin.py to sampling_trainable_mixin.cpython-37.pyc
byte-compiling /castles/nr/projects/d/duanj-ai-in-medical-imaging/.share/conda-env/ml/lib/python3.7/site-packages/caffe2/python/optimizer_context.py to optimizer_context.cpython-37.pyc
byte-compiling /castles/nr/projects/d/duanj-ai-in-medical-imaging/.share/conda-env/ml/lib/python3.7/site-packages/caffe2/python/crf_viterbi_test.py to crf_viterbi_test.cpython-37.pyc
byte-compiling /castles/nr/projects/d/duanj-ai-in-medical-imaging/.share/conda-env/ml/lib/python3.7/site-packages/caffe2/python/core.py to core.cpython-37.pyc
byte-compiling /castles/nr/projects/d/duanj-ai-in-medical-imaging/.share/conda-env/ml/lib/python3.7/site-packages/caffe2/python/modifier_context.py to modifier_context.cpython-37.pyc
byte-compiling /castles/nr/projects/d/duanj-ai-in-medical-imaging/.share/conda-env/ml/lib/python3.7/site-packages/caffe2/python/regularizer_test.py to regularizer_test.cpython-37.pyc
byte-compiling /castles/nr/projects/d/duanj-ai-in-medical-imaging/.share/conda-env/ml/lib/python3.7/site-packages/caffe2/python/layer_test_util.py to layer_test_util.cpython-37.pyc
byte-compiling /castles/nr/projects/d/duanj-ai-in-medical-imaging/.share/conda-env/ml/lib/python3.7/site-packages/caffe2/python/schema.py to schema.cpython-37.pyc
byte-compiling /castles/nr/projects/d/duanj-ai-in-medical-imaging/.share/conda-env/ml/lib/python3.7/site-packages/caffe2/python/gru_cell.py to gru_cell.cpython-37.pyc
byte-compiling /castles/nr/projects/d/duanj-ai-in-medical-imaging/.share/conda-env/ml/lib/python3.7/site-packages/caffe2/python/python_op_test.py to python_op_test.cpython-37.pyc
byte-compiling /castles/nr/projects/d/duanj-ai-in-medical-imaging/.share/conda-env/ml/lib/python3.7/site-packages/caffe2/python/nomnigraph_test.py to nomnigraph_test.cpython-37.pyc
byte-compiling /castles/nr/projects/d/duanj-ai-in-medical-imaging/.share/conda-env/ml/lib/python3.7/site-packages/caffe2/python/lengths_reducer_fused_8bit_rowwise_ops_test.py to lengths_reducer_fused_8bit_rowwise_ops_test.cpython-37.pyc
byte-compiling /castles/nr/projects/d/duanj-ai-in-medical-imaging/.share/conda-env/ml/lib/python3.7/site-packages/caffe2/python/test/do_op_test.py to do_op_test.cpython-37.pyc
byte-compiling /castles/nr/projects/d/duanj-ai-in-medical-imaging/.share/conda-env/ml/lib/python3.7/site-packages/caffe2/python/test/blob_deallocation_test.py to blob_deallocation_test.cpython-37.pyc
byte-compiling /castles/nr/projects/d/duanj-ai-in-medical-imaging/.share/conda-env/ml/lib/python3.7/site-packages/caffe2/python/test/python_protobuf_test.py to python_protobuf_test.cpython-37.pyc
byte-compiling /castles/nr/projects/d/duanj-ai-in-medical-imaging/.share/conda-env/ml/lib/python3.7/site-packages/caffe2/python/test/__init__.py to __init__.cpython-37.pyc
byte-compiling /castles/nr/projects/d/duanj-ai-in-medical-imaging/.share/conda-env/ml/lib/python3.7/site-packages/caffe2/python/test/executor_test_util.py to executor_test_util.cpython-37.pyc
byte-compiling /castles/nr/projects/d/duanj-ai-in-medical-imaging/.share/conda-env/ml/lib/python3.7/site-packages/caffe2/python/test/inference_lstm_op_test.py to inference_lstm_op_test.cpython-37.pyc
byte-compiling /castles/nr/projects/d/duanj-ai-in-medical-imaging/.share/conda-env/ml/lib/python3.7/site-packages/caffe2/python/test/executor_test.py to executor_test.cpython-37.pyc
byte-compiling /castles/nr/projects/d/duanj-ai-in-medical-imaging/.share/conda-env/ml/lib/python3.7/site-packages/caffe2/python/test/gpu_context_test.py to gpu_context_test.cpython-37.pyc
byte-compiling /castles/nr/projects/d/duanj-ai-in-medical-imaging/.share/conda-env/ml/lib/python3.7/site-packages/caffe2/python/queue_util.py to queue_util.cpython-37.pyc
byte-compiling /castles/nr/projects/d/duanj-ai-in-medical-imaging/.share/conda-env/ml/lib/python3.7/site-packages/caffe2/python/layers_test.py to layers_test.cpython-37.pyc
byte-compiling /castles/nr/projects/d/duanj-ai-in-medical-imaging/.share/conda-env/ml/lib/python3.7/site-packages/caffe2/python/core_gradients_test.py to core_gradients_test.cpython-37.pyc
byte-compiling /castles/nr/projects/d/duanj-ai-in-medical-imaging/.share/conda-env/ml/lib/python3.7/site-packages/caffe2/python/muji.py to muji.cpython-37.pyc
byte-compiling /castles/nr/projects/d/duanj-ai-in-medical-imaging/.share/conda-env/ml/lib/python3.7/site-packages/caffe2/python/context.py to context.cpython-37.pyc
byte-compiling /castles/nr/projects/d/duanj-ai-in-medical-imaging/.share/conda-env/ml/lib/python3.7/site-packages/caffe2/python/examples/resnet50_trainer.py to resnet50_trainer.cpython-37.pyc
byte-compiling /castles/nr/projects/d/duanj-ai-in-medical-imaging/.share/conda-env/ml/lib/python3.7/site-packages/caffe2/python/examples/__init__.py to __init__.cpython-37.pyc
byte-compiling /castles/nr/projects/d/duanj-ai-in-medical-imaging/.share/conda-env/ml/lib/python3.7/site-packages/caffe2/python/examples/lmdb_create_example.py to lmdb_create_example.cpython-37.pyc
byte-compiling /castles/nr/projects/d/duanj-ai-in-medical-imaging/.share/conda-env/ml/lib/python3.7/site-packages/caffe2/python/examples/imagenet_trainer.py to imagenet_trainer.cpython-37.pyc
byte-compiling /castles/nr/projects/d/duanj-ai-in-medical-imaging/.share/conda-env/ml/lib/python3.7/site-packages/caffe2/python/examples/char_rnn.py to char_rnn.cpython-37.pyc
byte-compiling /castles/nr/projects/d/duanj-ai-in-medical-imaging/.share/conda-env/ml/lib/python3.7/site-packages/caffe2/python/lengths_reducer_rowwise_8bit_ops_test.py to lengths_reducer_rowwise_8bit_ops_test.cpython-37.pyc
byte-compiling /castles/nr/projects/d/duanj-ai-in-medical-imaging/.share/conda-env/ml/lib/python3.7/site-packages/caffe2/python/parallelize_bmuf_distributed_test.py to parallelize_bmuf_distributed_test.cpython-37.pyc
byte-compiling /castles/nr/projects/d/duanj-ai-in-medical-imaging/.share/conda-env/ml/lib/python3.7/site-packages/caffe2/python/normalizer.py to normalizer.cpython-37.pyc
byte-compiling /castles/nr/projects/d/duanj-ai-in-medical-imaging/.share/conda-env/ml/lib/python3.7/site-packages/caffe2/python/hip_test_util.py to hip_test_util.cpython-37.pyc
byte-compiling /castles/nr/projects/d/duanj-ai-in-medical-imaging/.share/conda-env/ml/lib/python3.7/site-packages/caffe2/python/operator_fp_exceptions_test.py to operator_fp_exceptions_test.cpython-37.pyc
byte-compiling /castles/nr/projects/d/duanj-ai-in-medical-imaging/.share/conda-env/ml/lib/python3.7/site-packages/caffe2/python/mint/__init__.py to __init__.cpython-37.pyc
byte-compiling /castles/nr/projects/d/duanj-ai-in-medical-imaging/.share/conda-env/ml/lib/python3.7/site-packages/caffe2/python/mint/app.py to app.cpython-37.pyc
byte-compiling /castles/nr/projects/d/duanj-ai-in-medical-imaging/.share/conda-env/ml/lib/python3.7/site-packages/caffe2/python/_import_c_extension.py to _import_c_extension.cpython-37.pyc
byte-compiling /castles/nr/projects/d/duanj-ai-in-medical-imaging/.share/conda-env/ml/lib/python3.7/site-packages/caffe2/python/convert_test.py to convert_test.cpython-37.pyc
byte-compiling /castles/nr/projects/d/duanj-ai-in-medical-imaging/.share/conda-env/ml/lib/python3.7/site-packages/caffe2/python/layer_model_helper.py to layer_model_helper.cpython-37.pyc
byte-compiling /castles/nr/projects/d/duanj-ai-in-medical-imaging/.share/conda-env/ml/lib/python3.7/site-packages/caffe2/python/mkl/mkl_speed_test.py to mkl_speed_test.cpython-37.pyc
byte-compiling /castles/nr/projects/d/duanj-ai-in-medical-imaging/.share/conda-env/ml/lib/python3.7/site-packages/caffe2/python/mkl/mkl_conv_op_test.py to mkl_conv_op_test.cpython-37.pyc
byte-compiling /castles/nr/projects/d/duanj-ai-in-medical-imaging/.share/conda-env/ml/lib/python3.7/site-packages/caffe2/python/mkl/mkl_fc_speed_test.py to mkl_fc_speed_test.cpython-37.pyc
byte-compiling /castles/nr/projects/d/duanj-ai-in-medical-imaging/.share/conda-env/ml/lib/python3.7/site-packages/caffe2/python/mkl/mkl_concat_op_test.py to mkl_concat_op_test.cpython-37.pyc
byte-compiling /castles/nr/projects/d/duanj-ai-in-medical-imaging/.share/conda-env/ml/lib/python3.7/site-packages/caffe2/python/mkl/mkl_pool_speed_test.py to mkl_pool_speed_test.cpython-37.pyc
byte-compiling /castles/nr/projects/d/duanj-ai-in-medical-imaging/.share/conda-env/ml/lib/python3.7/site-packages/caffe2/python/mkl/mkl_LRN_op_test.py to mkl_LRN_op_test.cpython-37.pyc
byte-compiling /castles/nr/projects/d/duanj-ai-in-medical-imaging/.share/conda-env/ml/lib/python3.7/site-packages/caffe2/python/mkl/mkl_relu_op_test.py to mkl_relu_op_test.cpython-37.pyc
byte-compiling /castles/nr/projects/d/duanj-ai-in-medical-imaging/.share/conda-env/ml/lib/python3.7/site-packages/caffe2/python/mkl/__init__.py to __init__.cpython-37.pyc
byte-compiling /castles/nr/projects/d/duanj-ai-in-medical-imaging/.share/conda-env/ml/lib/python3.7/site-packages/caffe2/python/mkl/mkl_sbn_op_test.py to mkl_sbn_op_test.cpython-37.pyc
byte-compiling /castles/nr/projects/d/duanj-ai-in-medical-imaging/.share/conda-env/ml/lib/python3.7/site-packages/caffe2/python/mkl/mkl_sbn_speed_test.py to mkl_sbn_speed_test.cpython-37.pyc
byte-compiling /castles/nr/projects/d/duanj-ai-in-medical-imaging/.share/conda-env/ml/lib/python3.7/site-packages/caffe2/python/mkl/mkl_squeeze_op_test.py to mkl_squeeze_op_test.cpython-37.pyc
byte-compiling /castles/nr/projects/d/duanj-ai-in-medical-imaging/.share/conda-env/ml/lib/python3.7/site-packages/caffe2/python/mkl/rewrite_graph.py to rewrite_graph.cpython-37.pyc
byte-compiling /castles/nr/projects/d/duanj-ai-in-medical-imaging/.share/conda-env/ml/lib/python3.7/site-packages/caffe2/python/mkl/mkl_copy_op_test.py to mkl_copy_op_test.cpython-37.pyc
byte-compiling /castles/nr/projects/d/duanj-ai-in-medical-imaging/.share/conda-env/ml/lib/python3.7/site-packages/caffe2/python/mkl/mkl_fill_op_test.py to mkl_fill_op_test.cpython-37.pyc
byte-compiling /castles/nr/projects/d/duanj-ai-in-medical-imaging/.share/conda-env/ml/lib/python3.7/site-packages/caffe2/python/mkl/mkl_LRN_speed_test.py to mkl_LRN_speed_test.cpython-37.pyc
byte-compiling /castles/nr/projects/d/duanj-ai-in-medical-imaging/.share/conda-env/ml/lib/python3.7/site-packages/caffe2/python/mkl/mkl_pool_op_test.py to mkl_pool_op_test.cpython-37.pyc
byte-compiling /castles/nr/projects/d/duanj-ai-in-medical-imaging/.share/conda-env/ml/lib/python3.7/site-packages/caffe2/python/mkl/rewrite_graph_test.py to rewrite_graph_test.cpython-37.pyc
byte-compiling /castles/nr/projects/d/duanj-ai-in-medical-imaging/.share/conda-env/ml/lib/python3.7/site-packages/caffe2/python/mkl/mkl_sigmoid_op_test.py to mkl_sigmoid_op_test.cpython-37.pyc
byte-compiling /castles/nr/projects/d/duanj-ai-in-medical-imaging/.share/conda-env/ml/lib/python3.7/site-packages/caffe2/python/mkl/mkl_elementwise_sum_op_test.py to mkl_elementwise_sum_op_test.cpython-37.pyc
byte-compiling /castles/nr/projects/d/duanj-ai-in-medical-imaging/.share/conda-env/ml/lib/python3.7/site-packages/caffe2/python/mkl/mkl_elementwise_add_op_test.py to mkl_elementwise_add_op_test.cpython-37.pyc
byte-compiling /castles/nr/projects/d/duanj-ai-in-medical-imaging/.share/conda-env/ml/lib/python3.7/site-packages/caffe2/python/mkl/mkl_fc_op_test.py to mkl_fc_op_test.cpython-37.pyc
byte-compiling /castles/nr/projects/d/duanj-ai-in-medical-imaging/.share/conda-env/ml/lib/python3.7/site-packages/caffe2/python/hypothesis_test.py to hypothesis_test.cpython-37.pyc
byte-compiling /castles/nr/projects/d/duanj-ai-in-medical-imaging/.share/conda-env/ml/lib/python3.7/site-packages/caffe2/python/data_workers.py to data_workers.cpython-37.pyc
byte-compiling /castles/nr/projects/d/duanj-ai-in-medical-imaging/.share/conda-env/ml/lib/python3.7/site-packages/caffe2/python/layer_model_instantiator.py to layer_model_instantiator.cpython-37.pyc
byte-compiling /castles/nr/projects/d/duanj-ai-in-medical-imaging/.share/conda-env/ml/lib/python3.7/site-packages/caffe2/python/toy_regression_test.py to toy_regression_test.cpython-37.pyc
byte-compiling /castles/nr/projects/d/duanj-ai-in-medical-imaging/.share/conda-env/ml/lib/python3.7/site-packages/caffe2/python/transformations.py to transformations.cpython-37.pyc
byte-compiling /castles/nr/projects/d/duanj-ai-in-medical-imaging/.share/conda-env/ml/lib/python3.7/site-packages/caffe2/python/hsm_util.py to hsm_util.cpython-37.pyc
byte-compiling /castles/nr/projects/d/duanj-ai-in-medical-imaging/.share/conda-env/ml/lib/python3.7/site-packages/caffe2/python/task_test.py to task_test.cpython-37.pyc
byte-compiling /castles/nr/projects/d/duanj-ai-in-medical-imaging/.share/conda-env/ml/lib/python3.7/site-packages/caffe2/python/regularizer_context.py to regularizer_context.cpython-37.pyc
byte-compiling /castles/nr/projects/d/duanj-ai-in-medical-imaging/.share/conda-env/ml/lib/python3.7/site-packages/caffe2/python/lazy_dyndep.py to lazy_dyndep.cpython-37.pyc
byte-compiling /castles/nr/projects/d/duanj-ai-in-medical-imaging/.share/conda-env/ml/lib/python3.7/site-packages/caffe2/python/helpers/tools.py to tools.cpython-37.pyc
byte-compiling /castles/nr/projects/d/duanj-ai-in-medical-imaging/.share/conda-env/ml/lib/python3.7/site-packages/caffe2/python/helpers/algebra.py to algebra.cpython-37.pyc
byte-compiling /castles/nr/projects/d/duanj-ai-in-medical-imaging/.share/conda-env/ml/lib/python3.7/site-packages/caffe2/python/helpers/db_input.py to db_input.cpython-37.pyc
byte-compiling /castles/nr/projects/d/duanj-ai-in-medical-imaging/.share/conda-env/ml/lib/python3.7/site-packages/caffe2/python/helpers/__init__.py to __init__.cpython-37.pyc
byte-compiling /castles/nr/projects/d/duanj-ai-in-medical-imaging/.share/conda-env/ml/lib/python3.7/site-packages/caffe2/python/helpers/nonlinearity.py to nonlinearity.cpython-37.pyc
byte-compiling /castles/nr/projects/d/duanj-ai-in-medical-imaging/.share/conda-env/ml/lib/python3.7/site-packages/caffe2/python/helpers/control_ops.py to control_ops.cpython-37.pyc
byte-compiling /castles/nr/projects/d/duanj-ai-in-medical-imaging/.share/conda-env/ml/lib/python3.7/site-packages/caffe2/python/helpers/fc.py to fc.cpython-37.pyc
byte-compiling /castles/nr/projects/d/duanj-ai-in-medical-imaging/.share/conda-env/ml/lib/python3.7/site-packages/caffe2/python/helpers/array_helpers.py to array_helpers.cpython-37.pyc
byte-compiling /castles/nr/projects/d/duanj-ai-in-medical-imaging/.share/conda-env/ml/lib/python3.7/site-packages/caffe2/python/helpers/conv.py to conv.cpython-37.pyc
byte-compiling /castles/nr/projects/d/duanj-ai-in-medical-imaging/.share/conda-env/ml/lib/python3.7/site-packages/caffe2/python/helpers/elementwise_linear.py to elementwise_linear.cpython-37.pyc
byte-compiling /castles/nr/projects/d/duanj-ai-in-medical-imaging/.share/conda-env/ml/lib/python3.7/site-packages/caffe2/python/helpers/train.py to train.cpython-37.pyc
byte-compiling /castles/nr/projects/d/duanj-ai-in-medical-imaging/.share/conda-env/ml/lib/python3.7/site-packages/caffe2/python/helpers/arg_scope.py to arg_scope.cpython-37.pyc
byte-compiling /castles/nr/projects/d/duanj-ai-in-medical-imaging/.share/conda-env/ml/lib/python3.7/site-packages/caffe2/python/helpers/dropout.py to dropout.cpython-37.pyc
byte-compiling /castles/nr/projects/d/duanj-ai-in-medical-imaging/.share/conda-env/ml/lib/python3.7/site-packages/caffe2/python/helpers/pooling.py to pooling.cpython-37.pyc
byte-compiling /castles/nr/projects/d/duanj-ai-in-medical-imaging/.share/conda-env/ml/lib/python3.7/site-packages/caffe2/python/helpers/normalization.py to normalization.cpython-37.pyc
byte-compiling /castles/nr/projects/d/duanj-ai-in-medical-imaging/.share/conda-env/ml/lib/python3.7/site-packages/caffe2/python/rnn/rnn_cell_test_util.py to rnn_cell_test_util.cpython-37.pyc
byte-compiling /castles/nr/projects/d/duanj-ai-in-medical-imaging/.share/conda-env/ml/lib/python3.7/site-packages/caffe2/python/rnn/__init__.py to __init__.cpython-37.pyc
byte-compiling /castles/nr/projects/d/duanj-ai-in-medical-imaging/.share/conda-env/ml/lib/python3.7/site-packages/caffe2/python/rnn/lstm_comparison.py to lstm_comparison.cpython-37.pyc
byte-compiling /castles/nr/projects/d/duanj-ai-in-medical-imaging/.share/conda-env/ml/lib/python3.7/site-packages/caffe2/python/sparse_to_dense_mask_test.py to sparse_to_dense_mask_test.cpython-37.pyc
byte-compiling /castles/nr/projects/d/duanj-ai-in-medical-imaging/.share/conda-env/ml/lib/python3.7/site-packages/caffe2/python/compatibility.py to compatibility.cpython-37.pyc
byte-compiling /castles/nr/projects/d/duanj-ai-in-medical-imaging/.share/conda-env/ml/lib/python3.7/site-packages/caffe2/python/pipeline_test.py to pipeline_test.cpython-37.pyc
byte-compiling /castles/nr/projects/d/duanj-ai-in-medical-imaging/.share/conda-env/ml/lib/python3.7/site-packages/caffe2/python/test_util.py to test_util.cpython-37.pyc
byte-compiling /castles/nr/projects/d/duanj-ai-in-medical-imaging/.share/conda-env/ml/lib/python3.7/site-packages/caffe2/python/predictor_constants.py to predictor_constants.cpython-37.pyc
byte-compiling /castles/nr/projects/d/duanj-ai-in-medical-imaging/.share/conda-env/ml/lib/python3.7/site-packages/caffe2/python/context_test.py to context_test.cpython-37.pyc
byte-compiling /castles/nr/projects/d/duanj-ai-in-medical-imaging/.share/conda-env/ml/lib/python3.7/site-packages/caffe2/python/parallel_workers.py to parallel_workers.cpython-37.pyc
byte-compiling /castles/nr/projects/d/duanj-ai-in-medical-imaging/.share/conda-env/ml/lib/python3.7/site-packages/caffe2/python/functional.py to functional.cpython-37.pyc
byte-compiling /castles/nr/projects/d/duanj-ai-in-medical-imaging/.share/conda-env/ml/lib/python3.7/site-packages/caffe2/python/hypothesis_test_util.py to hypothesis_test_util.cpython-37.pyc
byte-compiling /castles/nr/projects/d/duanj-ai-in-medical-imaging/.share/conda-env/ml/lib/python3.7/site-packages/caffe2/python/dataio_test.py to dataio_test.cpython-37.pyc
byte-compiling /castles/nr/projects/d/duanj-ai-in-medical-imaging/.share/conda-env/ml/lib/python3.7/site-packages/caffe2/python/nomnigraph_transformations.py to nomnigraph_transformations.cpython-37.pyc
byte-compiling /castles/nr/projects/d/duanj-ai-in-medical-imaging/.share/conda-env/ml/lib/python3.7/site-packages/caffe2/python/memonger_test.py to memonger_test.cpython-37.pyc
byte-compiling /castles/nr/projects/d/duanj-ai-in-medical-imaging/.share/conda-env/ml/lib/python3.7/site-packages/caffe2/python/gradient_check_test.py to gradient_check_test.cpython-37.pyc
byte-compiling /castles/nr/projects/d/duanj-ai-in-medical-imaging/.share/conda-env/ml/lib/python3.7/site-packages/caffe2/python/session.py to session.cpython-37.pyc
byte-compiling /castles/nr/projects/d/duanj-ai-in-medical-imaging/.share/conda-env/ml/lib/python3.7/site-packages/caffe2/python/scope.py to scope.cpython-37.pyc
byte-compiling /castles/nr/projects/d/duanj-ai-in-medical-imaging/.share/conda-env/ml/lib/python3.7/site-packages/caffe2/python/dataset.py to dataset.cpython-37.pyc
byte-compiling /castles/nr/projects/d/duanj-ai-in-medical-imaging/.share/conda-env/ml/lib/python3.7/site-packages/caffe2/python/numa_test.py to numa_test.cpython-37.pyc
byte-compiling /castles/nr/projects/d/duanj-ai-in-medical-imaging/.share/conda-env/ml/lib/python3.7/site-packages/caffe2/python/muji_test.py to muji_test.cpython-37.pyc
byte-compiling /castles/nr/projects/d/duanj-ai-in-medical-imaging/.share/conda-env/ml/lib/python3.7/site-packages/caffe2/python/net_drawer.py to net_drawer.cpython-37.pyc
byte-compiling /castles/nr/projects/d/duanj-ai-in-medical-imaging/.share/conda-env/ml/lib/python3.7/site-packages/caffe2/python/tt_core.py to tt_core.cpython-37.pyc
byte-compiling /castles/nr/projects/d/duanj-ai-in-medical-imaging/.share/conda-env/ml/lib/python3.7/site-packages/caffe2/quantization/server/conv_groupwise_dnnlowp_op_test.py to conv_groupwise_dnnlowp_op_test.cpython-37.pyc
byte-compiling /castles/nr/projects/d/duanj-ai-in-medical-imaging/.share/conda-env/ml/lib/python3.7/site-packages/caffe2/quantization/server/fully_connected_rowwise_dnnlowp_op_test.py to fully_connected_rowwise_dnnlowp_op_test.cpython-37.pyc
byte-compiling /castles/nr/projects/d/duanj-ai-in-medical-imaging/.share/conda-env/ml/lib/python3.7/site-packages/caffe2/quantization/server/elementwise_add_dnnlowp_op_test.py to elementwise_add_dnnlowp_op_test.cpython-37.pyc
byte-compiling /castles/nr/projects/d/duanj-ai-in-medical-imaging/.share/conda-env/ml/lib/python3.7/site-packages/caffe2/quantization/server/lstm_unit_dnnlowp_op_test.py to lstm_unit_dnnlowp_op_test.cpython-37.pyc
byte-compiling /castles/nr/projects/d/duanj-ai-in-medical-imaging/.share/conda-env/ml/lib/python3.7/site-packages/caffe2/quantization/server/conv_depthwise_dnnlowp_op_test.py to conv_depthwise_dnnlowp_op_test.cpython-37.pyc
byte-compiling /castles/nr/projects/d/duanj-ai-in-medical-imaging/.share/conda-env/ml/lib/python3.7/site-packages/caffe2/quantization/server/quantize_dnnlowp_op_test.py to quantize_dnnlowp_op_test.cpython-37.pyc
byte-compiling /castles/nr/projects/d/duanj-ai-in-medical-imaging/.share/conda-env/ml/lib/python3.7/site-packages/caffe2/quantization/server/channel_shuffle_dnnlowp_op_test.py to channel_shuffle_dnnlowp_op_test.cpython-37.pyc
byte-compiling /castles/nr/projects/d/duanj-ai-in-medical-imaging/.share/conda-env/ml/lib/python3.7/site-packages/caffe2/quantization/server/elementwise_linear_dnnlowp_op_test.py to elementwise_linear_dnnlowp_op_test.cpython-37.pyc
byte-compiling /castles/nr/projects/d/duanj-ai-in-medical-imaging/.share/conda-env/ml/lib/python3.7/site-packages/caffe2/quantization/server/gather_dnnlowp_op_test.py to gather_dnnlowp_op_test.cpython-37.pyc
byte-compiling /castles/nr/projects/d/duanj-ai-in-medical-imaging/.share/conda-env/ml/lib/python3.7/site-packages/caffe2/quantization/server/concat_dnnlowp_op_test.py to concat_dnnlowp_op_test.cpython-37.pyc
byte-compiling /castles/nr/projects/d/duanj-ai-in-medical-imaging/.share/conda-env/ml/lib/python3.7/site-packages/caffe2/quantization/server/conv_dnnlowp_op_test.py to conv_dnnlowp_op_test.cpython-37.pyc
byte-compiling /castles/nr/projects/d/duanj-ai-in-medical-imaging/.share/conda-env/ml/lib/python3.7/site-packages/caffe2/quantization/server/elementwise_sum_dnnlowp_op_test.py to elementwise_sum_dnnlowp_op_test.cpython-37.pyc
byte-compiling /castles/nr/projects/d/duanj-ai-in-medical-imaging/.share/conda-env/ml/lib/python3.7/site-packages/caffe2/quantization/server/spatial_batch_norm_dnnlowp_op_test.py to spatial_batch_norm_dnnlowp_op_test.cpython-37.pyc
byte-compiling /castles/nr/projects/d/duanj-ai-in-medical-imaging/.share/conda-env/ml/lib/python3.7/site-packages/caffe2/quantization/server/__init__.py to __init__.cpython-37.pyc
byte-compiling /castles/nr/projects/d/duanj-ai-in-medical-imaging/.share/conda-env/ml/lib/python3.7/site-packages/caffe2/quantization/server/int8_quant_scheme_blob_fill_test.py to int8_quant_scheme_blob_fill_test.cpython-37.pyc
byte-compiling /castles/nr/projects/d/duanj-ai-in-medical-imaging/.share/conda-env/ml/lib/python3.7/site-packages/caffe2/quantization/server/dequantize_dnnlowp_op_test.py to dequantize_dnnlowp_op_test.cpython-37.pyc
byte-compiling /castles/nr/projects/d/duanj-ai-in-medical-imaging/.share/conda-env/ml/lib/python3.7/site-packages/caffe2/quantization/server/pool_dnnlowp_op_test.py to pool_dnnlowp_op_test.cpython-37.pyc
byte-compiling /castles/nr/projects/d/duanj-ai-in-medical-imaging/.share/conda-env/ml/lib/python3.7/site-packages/caffe2/quantization/server/utils.py to utils.cpython-37.pyc
byte-compiling /castles/nr/projects/d/duanj-ai-in-medical-imaging/.share/conda-env/ml/lib/python3.7/site-packages/caffe2/quantization/server/elementwise_mul_dnnlowp_op_test.py to elementwise_mul_dnnlowp_op_test.cpython-37.pyc
byte-compiling /castles/nr/projects/d/duanj-ai-in-medical-imaging/.share/conda-env/ml/lib/python3.7/site-packages/caffe2/quantization/server/dnnlowp_test_utils.py to dnnlowp_test_utils.cpython-37.pyc
byte-compiling /castles/nr/projects/d/duanj-ai-in-medical-imaging/.share/conda-env/ml/lib/python3.7/site-packages/caffe2/quantization/server/fully_connected_dnnlowp_op_test.py to fully_connected_dnnlowp_op_test.cpython-37.pyc
byte-compiling /castles/nr/projects/d/duanj-ai-in-medical-imaging/.share/conda-env/ml/lib/python3.7/site-packages/caffe2/quantization/server/conv_dnnlowp_acc16_op_test.py to conv_dnnlowp_acc16_op_test.cpython-37.pyc
byte-compiling /castles/nr/projects/d/duanj-ai-in-medical-imaging/.share/conda-env/ml/lib/python3.7/site-packages/caffe2/quantization/server/batch_permutation_dnnlowp_op_test.py to batch_permutation_dnnlowp_op_test.cpython-37.pyc
byte-compiling /castles/nr/projects/d/duanj-ai-in-medical-imaging/.share/conda-env/ml/lib/python3.7/site-packages/caffe2/quantization/server/fully_connected_dnnlowp_acc16_op_test.py to fully_connected_dnnlowp_acc16_op_test.cpython-37.pyc
byte-compiling /castles/nr/projects/d/duanj-ai-in-medical-imaging/.share/conda-env/ml/lib/python3.7/site-packages/caffe2/quantization/server/observer_test.py to observer_test.cpython-37.pyc
byte-compiling /castles/nr/projects/d/duanj-ai-in-medical-imaging/.share/conda-env/ml/lib/python3.7/site-packages/caffe2/quantization/server/resize_nearest_3d_dnnlowp_op_test.py to resize_nearest_3d_dnnlowp_op_test.cpython-37.pyc
byte-compiling /castles/nr/projects/d/duanj-ai-in-medical-imaging/.share/conda-env/ml/lib/python3.7/site-packages/caffe2/quantization/server/fully_connected_fp16_test.py to fully_connected_fp16_test.cpython-37.pyc
byte-compiling /castles/nr/projects/d/duanj-ai-in-medical-imaging/.share/conda-env/ml/lib/python3.7/site-packages/caffe2/quantization/server/sigmoid_dnnlowp_op_test.py to sigmoid_dnnlowp_op_test.cpython-37.pyc
byte-compiling /castles/nr/projects/d/duanj-ai-in-medical-imaging/.share/conda-env/ml/lib/python3.7/site-packages/caffe2/quantization/server/resize_nearest_dnnlowp_op_test.py to resize_nearest_dnnlowp_op_test.cpython-37.pyc
byte-compiling /castles/nr/projects/d/duanj-ai-in-medical-imaging/.share/conda-env/ml/lib/python3.7/site-packages/caffe2/quantization/server/group_norm_dnnlowp_op_test.py to group_norm_dnnlowp_op_test.cpython-37.pyc
byte-compiling /castles/nr/projects/d/duanj-ai-in-medical-imaging/.share/conda-env/ml/lib/python3.7/site-packages/caffe2/quantization/server/batch_matmul_dnnlowp_op_test.py to batch_matmul_dnnlowp_op_test.cpython-37.pyc
byte-compiling /castles/nr/projects/d/duanj-ai-in-medical-imaging/.share/conda-env/ml/lib/python3.7/site-packages/caffe2/quantization/server/int8_gen_quant_params_test.py to int8_gen_quant_params_test.cpython-37.pyc
byte-compiling /castles/nr/projects/d/duanj-ai-in-medical-imaging/.share/conda-env/ml/lib/python3.7/site-packages/caffe2/quantization/server/conv_groupwise_dnnlowp_acc16_op_test.py to conv_groupwise_dnnlowp_acc16_op_test.cpython-37.pyc
byte-compiling /castles/nr/projects/d/duanj-ai-in-medical-imaging/.share/conda-env/ml/lib/python3.7/site-packages/caffe2/quantization/server/tanh_dnnlowp_op_test.py to tanh_dnnlowp_op_test.cpython-37.pyc
byte-compiling /castles/nr/projects/d/duanj-ai-in-medical-imaging/.share/conda-env/ml/lib/python3.7/site-packages/caffe2/quantization/server/relu_dnnlowp_op_test.py to relu_dnnlowp_op_test.cpython-37.pyc
byte-compiling /castles/nr/projects/d/duanj-ai-in-medical-imaging/.share/conda-env/ml/lib/python3.7/site-packages/caffe2/quantization/__init__.py to __init__.cpython-37.pyc
byte-compiling /castles/nr/projects/d/duanj-ai-in-medical-imaging/.share/conda-env/ml/lib/python3.7/site-packages/caffe2/__init__.py to __init__.cpython-37.pyc
byte-compiling /castles/nr/projects/d/duanj-ai-in-medical-imaging/.share/conda-env/ml/lib/python3.7/site-packages/caffe2/experiments/python/tt_pad_op_test.py to tt_pad_op_test.cpython-37.pyc
byte-compiling /castles/nr/projects/d/duanj-ai-in-medical-imaging/.share/conda-env/ml/lib/python3.7/site-packages/caffe2/experiments/python/device_reduce_sum_bench.py to device_reduce_sum_bench.cpython-37.pyc
byte-compiling /castles/nr/projects/d/duanj-ai-in-medical-imaging/.share/conda-env/ml/lib/python3.7/site-packages/caffe2/experiments/python/tt_contraction_op_test.py to tt_contraction_op_test.cpython-37.pyc
byte-compiling /castles/nr/projects/d/duanj-ai-in-medical-imaging/.share/conda-env/ml/lib/python3.7/site-packages/caffe2/experiments/python/SparseTransformer.py to SparseTransformer.cpython-37.pyc
byte-compiling /castles/nr/projects/d/duanj-ai-in-medical-imaging/.share/conda-env/ml/lib/python3.7/site-packages/caffe2/experiments/python/__init__.py to __init__.cpython-37.pyc
byte-compiling /castles/nr/projects/d/duanj-ai-in-medical-imaging/.share/conda-env/ml/lib/python3.7/site-packages/caffe2/experiments/python/convnet_benchmarks.py to convnet_benchmarks.cpython-37.pyc
byte-compiling /castles/nr/projects/d/duanj-ai-in-medical-imaging/.share/conda-env/ml/lib/python3.7/site-packages/caffe2/experiments/python/funhash_op_test.py to funhash_op_test.cpython-37.pyc
byte-compiling /castles/nr/projects/d/duanj-ai-in-medical-imaging/.share/conda-env/ml/lib/python3.7/site-packages/caffe2/experiments/python/sparse_reshape_op_test.py to sparse_reshape_op_test.cpython-37.pyc
byte-compiling /castles/nr/projects/d/duanj-ai-in-medical-imaging/.share/conda-env/ml/lib/python3.7/site-packages/caffe2/experiments/python/sparse_funhash_op_test.py to sparse_funhash_op_test.cpython-37.pyc
byte-compiling /castles/nr/projects/d/duanj-ai-in-medical-imaging/.share/conda-env/ml/lib/python3.7/site-packages/caffe2/experiments/python/net_construct_bench.py to net_construct_bench.cpython-37.pyc
byte-compiling /castles/nr/projects/d/duanj-ai-in-medical-imaging/.share/conda-env/ml/lib/python3.7/site-packages/caffe2/experiments/__init__.py to __init__.cpython-37.pyc
byte-compiling /castles/nr/projects/d/duanj-ai-in-medical-imaging/.share/conda-env/ml/lib/python3.7/site-packages/caffe2/perfkernels/hp_emblookup_codegen.py to hp_emblookup_codegen.cpython-37.pyc
byte-compiling /castles/nr/projects/d/duanj-ai-in-medical-imaging/.share/conda-env/ml/lib/python3.7/site-packages/caffe2/perfkernels/__init__.py to __init__.cpython-37.pyc
byte-compiling /castles/nr/projects/d/duanj-ai-in-medical-imaging/.share/conda-env/ml/lib/python3.7/site-packages/caffe2/distributed/__init__.py to __init__.cpython-37.pyc
byte-compiling /castles/nr/projects/d/duanj-ai-in-medical-imaging/.share/conda-env/ml/lib/python3.7/site-packages/caffe2/distributed/file_store_handler_op_test.py to file_store_handler_op_test.cpython-37.pyc
byte-compiling /castles/nr/projects/d/duanj-ai-in-medical-imaging/.share/conda-env/ml/lib/python3.7/site-packages/caffe2/distributed/store_ops_test_util.py to store_ops_test_util.cpython-37.pyc
byte-compiling /castles/nr/projects/d/duanj-ai-in-medical-imaging/.share/conda-env/ml/lib/python3.7/site-packages/caffe2/distributed/redis_store_handler_op_test.py to redis_store_handler_op_test.cpython-37.pyc
running install_egg_info
running egg_info
writing torch.egg-info/PKG-INFO
writing dependency_links to torch.egg-info/dependency_links.txt
writing entry points to torch.egg-info/entry_points.txt
writing requirements to torch.egg-info/requires.txt
writing top-level names to torch.egg-info/top_level.txt
writing manifest file 'torch.egg-info/SOURCES.txt'
Copying torch.egg-info to /castles/nr/projects/d/duanj-ai-in-medical-imaging/.share/conda-env/ml/lib/python3.7/site-packages/torch-1.7.0a0+4f72382-py3.7.egg-info
running install_scripts
Installing convert-caffe2-to-onnx script to /castles/nr/projects/d/duanj-ai-in-medical-imaging/.share/conda-env/ml/bin
Installing convert-onnx-to-caffe2 script to /castles/nr/projects/d/duanj-ai-in-medical-imaging/.share/conda-env/ml/bin